test_band (test_deficit.Contracts.test_band) ... FAIL
test_certificate (test_deficit.Contracts.test_certificate) ... FAIL
test_complete (test_deficit.Contracts.test_complete) ... FAIL
test_deficit (test_deficit.Contracts.test_deficit) ... FAIL
test_duplicate_source (test_deficit.Contracts.test_duplicate_source) ... FAIL
test_eligibility (test_deficit.Contracts.test_eligibility) ... FAIL
test_false_exact_tau (test_deficit.Contracts.test_false_exact_tau) ... FAIL
test_fixed_cover (test_deficit.Contracts.test_fixed_cover) ... FAIL
test_fixtures (test_deficit.Contracts.test_fixtures) ... FAIL
test_floor (test_deficit.Contracts.test_floor) ... FAIL
test_map (test_deficit.Contracts.test_map) ... FAIL
test_marker (test_deficit.Contracts.test_marker) ... FAIL
test_missing_goal (test_deficit.Contracts.test_missing_goal) ... FAIL
test_missing_source (test_deficit.Contracts.test_missing_source) ... FAIL
test_observer (test_deficit.Contracts.test_observer) ... FAIL
test_optimality (test_deficit.Contracts.test_optimality) ... FAIL
test_partition (test_deficit.Contracts.test_partition) ... FAIL
test_peak (test_deficit.Contracts.test_peak) ... FAIL
test_plan (test_deficit.Contracts.test_plan) ... FAIL
test_progress (test_deficit.Contracts.test_progress) ... FAIL
test_provenance (test_deficit.Contracts.test_provenance) ... FAIL
test_slice (test_deficit.Contracts.test_slice) ... FAIL
test_substituted_handoff (test_deficit.Contracts.test_substituted_handoff) ... FAIL
test_target (test_deficit.Contracts.test_target) ... FAIL
test_tau (test_deficit.Contracts.test_tau) ... FAIL
test_type (test_deficit.Contracts.test_type) ... FAIL

======================================================================
FAIL: test_band (test_deficit.Contracts.test_band)
----------------------------------------------------------------------
Traceback (most recent call last):
  File "/workspace/scratch/e1b2c832a87f/deficit_handoff/test_deficit.py", line 37, in test_band
    def test_band(self):self.reject(lambda c:c['claims'].__setitem__('band',[3,5]))
                        ^^^^^^^^^^^^^^^^^^^^^^^^^^^^^^^^^^^^^^^^^^^^^^^^^^^^^^^^^^^
  File "/workspace/scratch/e1b2c832a87f/deficit_handoff/test_deficit.py", line 14, in reject
    self.ready();c=copy.deepcopy(self.cert);f(c)
    ^^^^^^^^^^^^
  File "/workspace/scratch/e1b2c832a87f/deficit_handoff/test_deficit.py", line 12, in ready
    def ready(self):self.assertEqual(set(self.mods),{'producer','independent'},'expected RED: implementation absent')
                    ^^^^^^^^^^^^^^^^^^^^^^^^^^^^^^^^^^^^^^^^^^^^^^^^^^^^^^^^^^^^^^^^^^^^^^^^^^^^^^^^^^^^^^^^^^^^^^^^^
AssertionError: Items in the second set but not the first:
'independent'
'producer' : expected RED: implementation absent

======================================================================
FAIL: test_certificate (test_deficit.Contracts.test_certificate)
----------------------------------------------------------------------
Traceback (most recent call last):
  File "/workspace/scratch/e1b2c832a87f/deficit_handoff/test_deficit.py", line 33, in test_certificate
    def test_certificate(self):self.reject(lambda c:c['handoffs'][0].__setitem__('certificate',[]))
                               ^^^^^^^^^^^^^^^^^^^^^^^^^^^^^^^^^^^^^^^^^^^^^^^^^^^^^^^^^^^^^^^^^^^^
  File "/workspace/scratch/e1b2c832a87f/deficit_handoff/test_deficit.py", line 14, in reject
    self.ready();c=copy.deepcopy(self.cert);f(c)
    ^^^^^^^^^^^^
  File "/workspace/scratch/e1b2c832a87f/deficit_handoff/test_deficit.py", line 12, in ready
    def ready(self):self.assertEqual(set(self.mods),{'producer','independent'},'expected RED: implementation absent')
                    ^^^^^^^^^^^^^^^^^^^^^^^^^^^^^^^^^^^^^^^^^^^^^^^^^^^^^^^^^^^^^^^^^^^^^^^^^^^^^^^^^^^^^^^^^^^^^^^^^
AssertionError: Items in the second set but not the first:
'independent'
'producer' : expected RED: implementation absent

======================================================================
FAIL: test_complete (test_deficit.Contracts.test_complete)
----------------------------------------------------------------------
Traceback (most recent call last):
  File "/workspace/scratch/e1b2c832a87f/deficit_handoff/test_deficit.py", line 17, in test_complete
    self.ready();self.mods['independent'].verify(self.cert);self.assertEqual(len(self.cert['sources_a']),4096);self.assertEqual(len(self.cert['sources_b']),18)
    ^^^^^^^^^^^^
  File "/workspace/scratch/e1b2c832a87f/deficit_handoff/test_deficit.py", line 12, in ready
    def ready(self):self.assertEqual(set(self.mods),{'producer','independent'},'expected RED: implementation absent')
                    ^^^^^^^^^^^^^^^^^^^^^^^^^^^^^^^^^^^^^^^^^^^^^^^^^^^^^^^^^^^^^^^^^^^^^^^^^^^^^^^^^^^^^^^^^^^^^^^^^
AssertionError: Items in the second set but not the first:
'independent'
'producer' : expected RED: implementation absent

======================================================================
FAIL: test_deficit (test_deficit.Contracts.test_deficit)
----------------------------------------------------------------------
Traceback (most recent call last):
  File "/workspace/scratch/e1b2c832a87f/deficit_handoff/test_deficit.py", line 35, in test_deficit
    def test_deficit(self):self.reject(lambda c:c['handoffs'][0]['deficit'].pop())
                           ^^^^^^^^^^^^^^^^^^^^^^^^^^^^^^^^^^^^^^^^^^^^^^^^^^^^^^^
  File "/workspace/scratch/e1b2c832a87f/deficit_handoff/test_deficit.py", line 14, in reject
    self.ready();c=copy.deepcopy(self.cert);f(c)
    ^^^^^^^^^^^^
  File "/workspace/scratch/e1b2c832a87f/deficit_handoff/test_deficit.py", line 12, in ready
    def ready(self):self.assertEqual(set(self.mods),{'producer','independent'},'expected RED: implementation absent')
                    ^^^^^^^^^^^^^^^^^^^^^^^^^^^^^^^^^^^^^^^^^^^^^^^^^^^^^^^^^^^^^^^^^^^^^^^^^^^^^^^^^^^^^^^^^^^^^^^^^
AssertionError: Items in the second set but not the first:
'independent'
'producer' : expected RED: implementation absent

======================================================================
FAIL: test_duplicate_source (test_deficit.Contracts.test_duplicate_source)
----------------------------------------------------------------------
Traceback (most recent call last):
  File "/workspace/scratch/e1b2c832a87f/deficit_handoff/test_deficit.py", line 21, in test_duplicate_source
    def test_duplicate_source(self):self.reject(lambda c:c['sources_b'].__setitem__(1,c['sources_b'][0]))
                                    ^^^^^^^^^^^^^^^^^^^^^^^^^^^^^^^^^^^^^^^^^^^^^^^^^^^^^^^^^^^^^^^^^^^^^
  File "/workspace/scratch/e1b2c832a87f/deficit_handoff/test_deficit.py", line 14, in reject
    self.ready();c=copy.deepcopy(self.cert);f(c)
    ^^^^^^^^^^^^
  File "/workspace/scratch/e1b2c832a87f/deficit_handoff/test_deficit.py", line 12, in ready
    def ready(self):self.assertEqual(set(self.mods),{'producer','independent'},'expected RED: implementation absent')
                    ^^^^^^^^^^^^^^^^^^^^^^^^^^^^^^^^^^^^^^^^^^^^^^^^^^^^^^^^^^^^^^^^^^^^^^^^^^^^^^^^^^^^^^^^^^^^^^^^^
AssertionError: Items in the second set but not the first:
'independent'
'producer' : expected RED: implementation absent

======================================================================
FAIL: test_eligibility (test_deficit.Contracts.test_eligibility)
----------------------------------------------------------------------
Traceback (most recent call last):
  File "/workspace/scratch/e1b2c832a87f/deficit_handoff/test_deficit.py", line 25, in test_eligibility
    def test_eligibility(self):self.reject(lambda c:c['sources_a'][0].__setitem__('protected',not c['sources_a'][0]['protected']))
                               ^^^^^^^^^^^^^^^^^^^^^^^^^^^^^^^^^^^^^^^^^^^^^^^^^^^^^^^^^^^^^^^^^^^^^^^^^^^^^^^^^^^^^^^^^^^^^^^^^^^
  File "/workspace/scratch/e1b2c832a87f/deficit_handoff/test_deficit.py", line 14, in reject
    self.ready();c=copy.deepcopy(self.cert);f(c)
    ^^^^^^^^^^^^
  File "/workspace/scratch/e1b2c832a87f/deficit_handoff/test_deficit.py", line 12, in ready
    def ready(self):self.assertEqual(set(self.mods),{'producer','independent'},'expected RED: implementation absent')
                    ^^^^^^^^^^^^^^^^^^^^^^^^^^^^^^^^^^^^^^^^^^^^^^^^^^^^^^^^^^^^^^^^^^^^^^^^^^^^^^^^^^^^^^^^^^^^^^^^^
AssertionError: Items in the second set but not the first:
'independent'
'producer' : expected RED: implementation absent

======================================================================
FAIL: test_false_exact_tau (test_deficit.Contracts.test_false_exact_tau)
----------------------------------------------------------------------
Traceback (most recent call last):
  File "/workspace/scratch/e1b2c832a87f/deficit_handoff/test_deficit.py", line 36, in test_false_exact_tau
    def test_false_exact_tau(self):self.reject(lambda c:c['claims'].__setitem__('exact_tau',True))
                                   ^^^^^^^^^^^^^^^^^^^^^^^^^^^^^^^^^^^^^^^^^^^^^^^^^^^^^^^^^^^^^^^
  File "/workspace/scratch/e1b2c832a87f/deficit_handoff/test_deficit.py", line 14, in reject
    self.ready();c=copy.deepcopy(self.cert);f(c)
    ^^^^^^^^^^^^
  File "/workspace/scratch/e1b2c832a87f/deficit_handoff/test_deficit.py", line 12, in ready
    def ready(self):self.assertEqual(set(self.mods),{'producer','independent'},'expected RED: implementation absent')
                    ^^^^^^^^^^^^^^^^^^^^^^^^^^^^^^^^^^^^^^^^^^^^^^^^^^^^^^^^^^^^^^^^^^^^^^^^^^^^^^^^^^^^^^^^^^^^^^^^^
AssertionError: Items in the second set but not the first:
'independent'
'producer' : expected RED: implementation absent

======================================================================
FAIL: test_fixed_cover (test_deficit.Contracts.test_fixed_cover)
----------------------------------------------------------------------
Traceback (most recent call last):
  File "/workspace/scratch/e1b2c832a87f/deficit_handoff/test_deficit.py", line 43, in test_fixed_cover
    def test_fixed_cover(self):self.reject(lambda c:c['fixtures']['moving'].__setitem__('persistent_cover_tau',4))
                               ^^^^^^^^^^^^^^^^^^^^^^^^^^^^^^^^^^^^^^^^^^^^^^^^^^^^^^^^^^^^^^^^^^^^^^^^^^^^^^^^^^^
  File "/workspace/scratch/e1b2c832a87f/deficit_handoff/test_deficit.py", line 14, in reject
    self.ready();c=copy.deepcopy(self.cert);f(c)
    ^^^^^^^^^^^^
  File "/workspace/scratch/e1b2c832a87f/deficit_handoff/test_deficit.py", line 12, in ready
    def ready(self):self.assertEqual(set(self.mods),{'producer','independent'},'expected RED: implementation absent')
                    ^^^^^^^^^^^^^^^^^^^^^^^^^^^^^^^^^^^^^^^^^^^^^^^^^^^^^^^^^^^^^^^^^^^^^^^^^^^^^^^^^^^^^^^^^^^^^^^^^
AssertionError: Items in the second set but not the first:
'independent'
'producer' : expected RED: implementation absent

======================================================================
FAIL: test_fixtures (test_deficit.Contracts.test_fixtures)
----------------------------------------------------------------------
Traceback (most recent call last):
  File "/workspace/scratch/e1b2c832a87f/deficit_handoff/test_deficit.py", line 19, in test_fixtures
    self.ready();self.assertEqual(self.cert['fixtures']['moving']['peak'],1);self.assertEqual(self.cert['fixtures']['moving']['persistent_cover_tau'],5);self.assertEqual(self.cert['fixtures']['rise']['taus'][0],3);self.assertEqual(self.cert['fixtures']['rise']['taus'][4],4)
    ^^^^^^^^^^^^
  File "/workspace/scratch/e1b2c832a87f/deficit_handoff/test_deficit.py", line 12, in ready
    def ready(self):self.assertEqual(set(self.mods),{'producer','independent'},'expected RED: implementation absent')
                    ^^^^^^^^^^^^^^^^^^^^^^^^^^^^^^^^^^^^^^^^^^^^^^^^^^^^^^^^^^^^^^^^^^^^^^^^^^^^^^^^^^^^^^^^^^^^^^^^^
AssertionError: Items in the second set but not the first:
'independent'
'producer' : expected RED: implementation absent

======================================================================
FAIL: test_floor (test_deficit.Contracts.test_floor)
----------------------------------------------------------------------
Traceback (most recent call last):
  File "/workspace/scratch/e1b2c832a87f/deficit_handoff/test_deficit.py", line 28, in test_floor
    def test_floor(self):self.reject(lambda c:c['handoffs'][0]['minimum_sizes'].__setitem__(0,0))
                         ^^^^^^^^^^^^^^^^^^^^^^^^^^^^^^^^^^^^^^^^^^^^^^^^^^^^^^^^^^^^^^^^^^^^^^^^
  File "/workspace/scratch/e1b2c832a87f/deficit_handoff/test_deficit.py", line 14, in reject
    self.ready();c=copy.deepcopy(self.cert);f(c)
    ^^^^^^^^^^^^
  File "/workspace/scratch/e1b2c832a87f/deficit_handoff/test_deficit.py", line 12, in ready
    def ready(self):self.assertEqual(set(self.mods),{'producer','independent'},'expected RED: implementation absent')
                    ^^^^^^^^^^^^^^^^^^^^^^^^^^^^^^^^^^^^^^^^^^^^^^^^^^^^^^^^^^^^^^^^^^^^^^^^^^^^^^^^^^^^^^^^^^^^^^^^^
AssertionError: Items in the second set but not the first:
'independent'
'producer' : expected RED: implementation absent

======================================================================
FAIL: test_map (test_deficit.Contracts.test_map)
----------------------------------------------------------------------
Traceback (most recent call last):
  File "/workspace/scratch/e1b2c832a87f/deficit_handoff/test_deficit.py", line 27, in test_map
    def test_map(self):self.reject(lambda c:c['handoffs'][0]['maps'][3].__setitem__(3,3))
                       ^^^^^^^^^^^^^^^^^^^^^^^^^^^^^^^^^^^^^^^^^^^^^^^^^^^^^^^^^^^^^^^^^^
  File "/workspace/scratch/e1b2c832a87f/deficit_handoff/test_deficit.py", line 14, in reject
    self.ready();c=copy.deepcopy(self.cert);f(c)
    ^^^^^^^^^^^^
  File "/workspace/scratch/e1b2c832a87f/deficit_handoff/test_deficit.py", line 12, in ready
    def ready(self):self.assertEqual(set(self.mods),{'producer','independent'},'expected RED: implementation absent')
                    ^^^^^^^^^^^^^^^^^^^^^^^^^^^^^^^^^^^^^^^^^^^^^^^^^^^^^^^^^^^^^^^^^^^^^^^^^^^^^^^^^^^^^^^^^^^^^^^^^
AssertionError: Items in the second set but not the first:
'independent'
'producer' : expected RED: implementation absent

======================================================================
FAIL: test_marker (test_deficit.Contracts.test_marker)
----------------------------------------------------------------------
Traceback (most recent call last):
  File "/workspace/scratch/e1b2c832a87f/deficit_handoff/test_deficit.py", line 30, in test_marker
    def test_marker(self):self.reject(lambda c:c['handoffs'][0]['states'][-1].__setitem__(5,c['handoffs'][0]['states'][-1][5]|32))
                          ^^^^^^^^^^^^^^^^^^^^^^^^^^^^^^^^^^^^^^^^^^^^^^^^^^^^^^^^^^^^^^^^^^^^^^^^^^^^^^^^^^^^^^^^^^^^^^^^^^^^^^^^
  File "/workspace/scratch/e1b2c832a87f/deficit_handoff/test_deficit.py", line 14, in reject
    self.ready();c=copy.deepcopy(self.cert);f(c)
    ^^^^^^^^^^^^
  File "/workspace/scratch/e1b2c832a87f/deficit_handoff/test_deficit.py", line 12, in ready
    def ready(self):self.assertEqual(set(self.mods),{'producer','independent'},'expected RED: implementation absent')
                    ^^^^^^^^^^^^^^^^^^^^^^^^^^^^^^^^^^^^^^^^^^^^^^^^^^^^^^^^^^^^^^^^^^^^^^^^^^^^^^^^^^^^^^^^^^^^^^^^^
AssertionError: Items in the second set but not the first:
'independent'
'producer' : expected RED: implementation absent

======================================================================
FAIL: test_missing_goal (test_deficit.Contracts.test_missing_goal)
----------------------------------------------------------------------
Traceback (most recent call last):
  File "/workspace/scratch/e1b2c832a87f/deficit_handoff/test_deficit.py", line 23, in test_missing_goal
    def test_missing_goal(self):self.reject(lambda c:c['goals'].pop())
                                ^^^^^^^^^^^^^^^^^^^^^^^^^^^^^^^^^^^^^^
  File "/workspace/scratch/e1b2c832a87f/deficit_handoff/test_deficit.py", line 14, in reject
    self.ready();c=copy.deepcopy(self.cert);f(c)
    ^^^^^^^^^^^^
  File "/workspace/scratch/e1b2c832a87f/deficit_handoff/test_deficit.py", line 12, in ready
    def ready(self):self.assertEqual(set(self.mods),{'producer','independent'},'expected RED: implementation absent')
                    ^^^^^^^^^^^^^^^^^^^^^^^^^^^^^^^^^^^^^^^^^^^^^^^^^^^^^^^^^^^^^^^^^^^^^^^^^^^^^^^^^^^^^^^^^^^^^^^^^
AssertionError: Items in the second set but not the first:
'independent'
'producer' : expected RED: implementation absent

======================================================================
FAIL: test_missing_source (test_deficit.Contracts.test_missing_source)
----------------------------------------------------------------------
Traceback (most recent call last):
  File "/workspace/scratch/e1b2c832a87f/deficit_handoff/test_deficit.py", line 20, in test_missing_source
    def test_missing_source(self):self.reject(lambda c:c['sources_a'].pop())
                                  ^^^^^^^^^^^^^^^^^^^^^^^^^^^^^^^^^^^^^^^^^^
  File "/workspace/scratch/e1b2c832a87f/deficit_handoff/test_deficit.py", line 14, in reject
    self.ready();c=copy.deepcopy(self.cert);f(c)
    ^^^^^^^^^^^^
  File "/workspace/scratch/e1b2c832a87f/deficit_handoff/test_deficit.py", line 12, in ready
    def ready(self):self.assertEqual(set(self.mods),{'producer','independent'},'expected RED: implementation absent')
                    ^^^^^^^^^^^^^^^^^^^^^^^^^^^^^^^^^^^^^^^^^^^^^^^^^^^^^^^^^^^^^^^^^^^^^^^^^^^^^^^^^^^^^^^^^^^^^^^^^
AssertionError: Items in the second set but not the first:
'independent'
'producer' : expected RED: implementation absent

======================================================================
FAIL: test_observer (test_deficit.Contracts.test_observer)
----------------------------------------------------------------------
Traceback (most recent call last):
  File "/workspace/scratch/e1b2c832a87f/deficit_handoff/test_deficit.py", line 39, in test_observer
    def test_observer(self):self.reject(lambda c:c['claims'].__setitem__('observer_origin',True))
                            ^^^^^^^^^^^^^^^^^^^^^^^^^^^^^^^^^^^^^^^^^^^^^^^^^^^^^^^^^^^^^^^^^^^^^
  File "/workspace/scratch/e1b2c832a87f/deficit_handoff/test_deficit.py", line 14, in reject
    self.ready();c=copy.deepcopy(self.cert);f(c)
    ^^^^^^^^^^^^
  File "/workspace/scratch/e1b2c832a87f/deficit_handoff/test_deficit.py", line 12, in ready
    def ready(self):self.assertEqual(set(self.mods),{'producer','independent'},'expected RED: implementation absent')
                    ^^^^^^^^^^^^^^^^^^^^^^^^^^^^^^^^^^^^^^^^^^^^^^^^^^^^^^^^^^^^^^^^^^^^^^^^^^^^^^^^^^^^^^^^^^^^^^^^^
AssertionError: Items in the second set but not the first:
'independent'
'producer' : expected RED: implementation absent

======================================================================
FAIL: test_optimality (test_deficit.Contracts.test_optimality)
----------------------------------------------------------------------
Traceback (most recent call last):
  File "/workspace/scratch/e1b2c832a87f/deficit_handoff/test_deficit.py", line 40, in test_optimality
    def test_optimality(self):self.reject(lambda c:c['claims'].__setitem__('path_optimal',True))
                              ^^^^^^^^^^^^^^^^^^^^^^^^^^^^^^^^^^^^^^^^^^^^^^^^^^^^^^^^^^^^^^^^^^
  File "/workspace/scratch/e1b2c832a87f/deficit_handoff/test_deficit.py", line 14, in reject
    self.ready();c=copy.deepcopy(self.cert);f(c)
    ^^^^^^^^^^^^
  File "/workspace/scratch/e1b2c832a87f/deficit_handoff/test_deficit.py", line 12, in ready
    def ready(self):self.assertEqual(set(self.mods),{'producer','independent'},'expected RED: implementation absent')
                    ^^^^^^^^^^^^^^^^^^^^^^^^^^^^^^^^^^^^^^^^^^^^^^^^^^^^^^^^^^^^^^^^^^^^^^^^^^^^^^^^^^^^^^^^^^^^^^^^^
AssertionError: Items in the second set but not the first:
'independent'
'producer' : expected RED: implementation absent

======================================================================
FAIL: test_partition (test_deficit.Contracts.test_partition)
----------------------------------------------------------------------
Traceback (most recent call last):
  File "/workspace/scratch/e1b2c832a87f/deficit_handoff/test_deficit.py", line 34, in test_partition
    def test_partition(self):self.reject(lambda c:c['handoffs'][0]['covered'].append(0))
                             ^^^^^^^^^^^^^^^^^^^^^^^^^^^^^^^^^^^^^^^^^^^^^^^^^^^^^^^^^^^
  File "/workspace/scratch/e1b2c832a87f/deficit_handoff/test_deficit.py", line 14, in reject
    self.ready();c=copy.deepcopy(self.cert);f(c)
    ^^^^^^^^^^^^
  File "/workspace/scratch/e1b2c832a87f/deficit_handoff/test_deficit.py", line 12, in ready
    def ready(self):self.assertEqual(set(self.mods),{'producer','independent'},'expected RED: implementation absent')
                    ^^^^^^^^^^^^^^^^^^^^^^^^^^^^^^^^^^^^^^^^^^^^^^^^^^^^^^^^^^^^^^^^^^^^^^^^^^^^^^^^^^^^^^^^^^^^^^^^^
AssertionError: Items in the second set but not the first:
'independent'
'producer' : expected RED: implementation absent

======================================================================
FAIL: test_peak (test_deficit.Contracts.test_peak)
----------------------------------------------------------------------
Traceback (most recent call last):
  File "/workspace/scratch/e1b2c832a87f/deficit_handoff/test_deficit.py", line 32, in test_peak
    def test_peak(self):self.reject(lambda c:c['handoffs'][0].__setitem__('peak',0))
                        ^^^^^^^^^^^^^^^^^^^^^^^^^^^^^^^^^^^^^^^^^^^^^^^^^^^^^^^^^^^^
  File "/workspace/scratch/e1b2c832a87f/deficit_handoff/test_deficit.py", line 14, in reject
    self.ready();c=copy.deepcopy(self.cert);f(c)
    ^^^^^^^^^^^^
  File "/workspace/scratch/e1b2c832a87f/deficit_handoff/test_deficit.py", line 12, in ready
    def ready(self):self.assertEqual(set(self.mods),{'producer','independent'},'expected RED: implementation absent')
                    ^^^^^^^^^^^^^^^^^^^^^^^^^^^^^^^^^^^^^^^^^^^^^^^^^^^^^^^^^^^^^^^^^^^^^^^^^^^^^^^^^^^^^^^^^^^^^^^^^
AssertionError: Items in the second set but not the first:
'independent'
'producer' : expected RED: implementation absent

======================================================================
FAIL: test_plan (test_deficit.Contracts.test_plan)
----------------------------------------------------------------------
Traceback (most recent call last):
  File "/workspace/scratch/e1b2c832a87f/deficit_handoff/test_deficit.py", line 31, in test_plan
    def test_plan(self):self.reject(lambda c:c['goals'][1]['exchanges'].append([0,3]))
                        ^^^^^^^^^^^^^^^^^^^^^^^^^^^^^^^^^^^^^^^^^^^^^^^^^^^^^^^^^^^^^^
  File "/workspace/scratch/e1b2c832a87f/deficit_handoff/test_deficit.py", line 14, in reject
    self.ready();c=copy.deepcopy(self.cert);f(c)
    ^^^^^^^^^^^^
  File "/workspace/scratch/e1b2c832a87f/deficit_handoff/test_deficit.py", line 12, in ready
    def ready(self):self.assertEqual(set(self.mods),{'producer','independent'},'expected RED: implementation absent')
                    ^^^^^^^^^^^^^^^^^^^^^^^^^^^^^^^^^^^^^^^^^^^^^^^^^^^^^^^^^^^^^^^^^^^^^^^^^^^^^^^^^^^^^^^^^^^^^^^^^
AssertionError: Items in the second set but not the first:
'independent'
'producer' : expected RED: implementation absent

======================================================================
FAIL: test_progress (test_deficit.Contracts.test_progress)
----------------------------------------------------------------------
Traceback (most recent call last):
  File "/workspace/scratch/e1b2c832a87f/deficit_handoff/test_deficit.py", line 38, in test_progress
    def test_progress(self):self.reject(lambda c:c['claims'].__setitem__('guaranteed_requests',True))
                            ^^^^^^^^^^^^^^^^^^^^^^^^^^^^^^^^^^^^^^^^^^^^^^^^^^^^^^^^^^^^^^^^^^^^^^^^^
  File "/workspace/scratch/e1b2c832a87f/deficit_handoff/test_deficit.py", line 14, in reject
    self.ready();c=copy.deepcopy(self.cert);f(c)
    ^^^^^^^^^^^^
  File "/workspace/scratch/e1b2c832a87f/deficit_handoff/test_deficit.py", line 12, in ready
    def ready(self):self.assertEqual(set(self.mods),{'producer','independent'},'expected RED: implementation absent')
                    ^^^^^^^^^^^^^^^^^^^^^^^^^^^^^^^^^^^^^^^^^^^^^^^^^^^^^^^^^^^^^^^^^^^^^^^^^^^^^^^^^^^^^^^^^^^^^^^^^
AssertionError: Items in the second set but not the first:
'independent'
'producer' : expected RED: implementation absent

======================================================================
FAIL: test_provenance (test_deficit.Contracts.test_provenance)
----------------------------------------------------------------------
Traceback (most recent call last):
  File "/workspace/scratch/e1b2c832a87f/deficit_handoff/test_deficit.py", line 41, in test_provenance
    def test_provenance(self):self.reject(lambda c:c.__setitem__('scope_commit','0'*40))
                              ^^^^^^^^^^^^^^^^^^^^^^^^^^^^^^^^^^^^^^^^^^^^^^^^^^^^^^^^^^
  File "/workspace/scratch/e1b2c832a87f/deficit_handoff/test_deficit.py", line 14, in reject
    self.ready();c=copy.deepcopy(self.cert);f(c)
    ^^^^^^^^^^^^
  File "/workspace/scratch/e1b2c832a87f/deficit_handoff/test_deficit.py", line 12, in ready
    def ready(self):self.assertEqual(set(self.mods),{'producer','independent'},'expected RED: implementation absent')
                    ^^^^^^^^^^^^^^^^^^^^^^^^^^^^^^^^^^^^^^^^^^^^^^^^^^^^^^^^^^^^^^^^^^^^^^^^^^^^^^^^^^^^^^^^^^^^^^^^^
AssertionError: Items in the second set but not the first:
'independent'
'producer' : expected RED: implementation absent

======================================================================
FAIL: test_slice (test_deficit.Contracts.test_slice)
----------------------------------------------------------------------
Traceback (most recent call last):
  File "/workspace/scratch/e1b2c832a87f/deficit_handoff/test_deficit.py", line 26, in test_slice
    def test_slice(self):self.reject(lambda c:c['handoffs'][0]['states'][2].__setitem__(5,0))
                         ^^^^^^^^^^^^^^^^^^^^^^^^^^^^^^^^^^^^^^^^^^^^^^^^^^^^^^^^^^^^^^^^^^^^
  File "/workspace/scratch/e1b2c832a87f/deficit_handoff/test_deficit.py", line 14, in reject
    self.ready();c=copy.deepcopy(self.cert);f(c)
    ^^^^^^^^^^^^
  File "/workspace/scratch/e1b2c832a87f/deficit_handoff/test_deficit.py", line 12, in ready
    def ready(self):self.assertEqual(set(self.mods),{'producer','independent'},'expected RED: implementation absent')
                    ^^^^^^^^^^^^^^^^^^^^^^^^^^^^^^^^^^^^^^^^^^^^^^^^^^^^^^^^^^^^^^^^^^^^^^^^^^^^^^^^^^^^^^^^^^^^^^^^^
AssertionError: Items in the second set but not the first:
'independent'
'producer' : expected RED: implementation absent

======================================================================
FAIL: test_substituted_handoff (test_deficit.Contracts.test_substituted_handoff)
----------------------------------------------------------------------
Traceback (most recent call last):
  File "/workspace/scratch/e1b2c832a87f/deficit_handoff/test_deficit.py", line 22, in test_substituted_handoff
    def test_substituted_handoff(self):self.reject(lambda c:c['handoffs'].__setitem__(1,c['handoffs'][0]))
                                       ^^^^^^^^^^^^^^^^^^^^^^^^^^^^^^^^^^^^^^^^^^^^^^^^^^^^^^^^^^^^^^^^^^^
  File "/workspace/scratch/e1b2c832a87f/deficit_handoff/test_deficit.py", line 14, in reject
    self.ready();c=copy.deepcopy(self.cert);f(c)
    ^^^^^^^^^^^^
  File "/workspace/scratch/e1b2c832a87f/deficit_handoff/test_deficit.py", line 12, in ready
    def ready(self):self.assertEqual(set(self.mods),{'producer','independent'},'expected RED: implementation absent')
                    ^^^^^^^^^^^^^^^^^^^^^^^^^^^^^^^^^^^^^^^^^^^^^^^^^^^^^^^^^^^^^^^^^^^^^^^^^^^^^^^^^^^^^^^^^^^^^^^^^
AssertionError: Items in the second set but not the first:
'independent'
'producer' : expected RED: implementation absent

======================================================================
FAIL: test_target (test_deficit.Contracts.test_target)
----------------------------------------------------------------------
Traceback (most recent call last):
  File "/workspace/scratch/e1b2c832a87f/deficit_handoff/test_deficit.py", line 29, in test_target
    def test_target(self):self.reject(lambda c:c['goals'][1]['states'][-1].__setitem__(0,0))
                          ^^^^^^^^^^^^^^^^^^^^^^^^^^^^^^^^^^^^^^^^^^^^^^^^^^^^^^^^^^^^^^^^^^
  File "/workspace/scratch/e1b2c832a87f/deficit_handoff/test_deficit.py", line 14, in reject
    self.ready();c=copy.deepcopy(self.cert);f(c)
    ^^^^^^^^^^^^
  File "/workspace/scratch/e1b2c832a87f/deficit_handoff/test_deficit.py", line 12, in ready
    def ready(self):self.assertEqual(set(self.mods),{'producer','independent'},'expected RED: implementation absent')
                    ^^^^^^^^^^^^^^^^^^^^^^^^^^^^^^^^^^^^^^^^^^^^^^^^^^^^^^^^^^^^^^^^^^^^^^^^^^^^^^^^^^^^^^^^^^^^^^^^^
AssertionError: Items in the second set but not the first:
'independent'
'producer' : expected RED: implementation absent

======================================================================
FAIL: test_tau (test_deficit.Contracts.test_tau)
----------------------------------------------------------------------
Traceback (most recent call last):
  File "/workspace/scratch/e1b2c832a87f/deficit_handoff/test_deficit.py", line 24, in test_tau
    def test_tau(self):self.reject(lambda c:c['sources_a'][0].__setitem__('tau',1))
                       ^^^^^^^^^^^^^^^^^^^^^^^^^^^^^^^^^^^^^^^^^^^^^^^^^^^^^^^^^^^^
  File "/workspace/scratch/e1b2c832a87f/deficit_handoff/test_deficit.py", line 14, in reject
    self.ready();c=copy.deepcopy(self.cert);f(c)
    ^^^^^^^^^^^^
  File "/workspace/scratch/e1b2c832a87f/deficit_handoff/test_deficit.py", line 12, in ready
    def ready(self):self.assertEqual(set(self.mods),{'producer','independent'},'expected RED: implementation absent')
                    ^^^^^^^^^^^^^^^^^^^^^^^^^^^^^^^^^^^^^^^^^^^^^^^^^^^^^^^^^^^^^^^^^^^^^^^^^^^^^^^^^^^^^^^^^^^^^^^^^
AssertionError: Items in the second set but not the first:
'independent'
'producer' : expected RED: implementation absent

======================================================================
FAIL: test_type (test_deficit.Contracts.test_type)
----------------------------------------------------------------------
Traceback (most recent call last):
  File "/workspace/scratch/e1b2c832a87f/deficit_handoff/test_deficit.py", line 42, in test_type
    def test_type(self):self.reject(lambda c:c['sources_a'][0]['id'].__setitem__(0,False))
                        ^^^^^^^^^^^^^^^^^^^^^^^^^^^^^^^^^^^^^^^^^^^^^^^^^^^^^^^^^^^^^^^^^^
  File "/workspace/scratch/e1b2c832a87f/deficit_handoff/test_deficit.py", line 14, in reject
    self.ready();c=copy.deepcopy(self.cert);f(c)
    ^^^^^^^^^^^^
  File "/workspace/scratch/e1b2c832a87f/deficit_handoff/test_deficit.py", line 12, in ready
    def ready(self):self.assertEqual(set(self.mods),{'producer','independent'},'expected RED: implementation absent')
                    ^^^^^^^^^^^^^^^^^^^^^^^^^^^^^^^^^^^^^^^^^^^^^^^^^^^^^^^^^^^^^^^^^^^^^^^^^^^^^^^^^^^^^^^^^^^^^^^^^
AssertionError: Items in the second set but not the first:
'independent'
'producer' : expected RED: implementation absent

----------------------------------------------------------------------
Ran 26 tests in 0.004s

FAILED (failures=26)
