test_band (test_deficit.Contracts.test_band) ... ok
test_certificate (test_deficit.Contracts.test_certificate) ... ok
test_complete (test_deficit.Contracts.test_complete) ... ok
test_deficit (test_deficit.Contracts.test_deficit) ... ok
test_duplicate_source (test_deficit.Contracts.test_duplicate_source) ... ok
test_eligibility (test_deficit.Contracts.test_eligibility) ... ok
test_false_exact_tau (test_deficit.Contracts.test_false_exact_tau) ... ok
test_fixed_cover (test_deficit.Contracts.test_fixed_cover) ... ok
test_fixtures (test_deficit.Contracts.test_fixtures) ... ok
test_floor (test_deficit.Contracts.test_floor) ... ok
test_map (test_deficit.Contracts.test_map) ... ok
test_marker (test_deficit.Contracts.test_marker) ... ok
test_missing_goal (test_deficit.Contracts.test_missing_goal) ... ok
test_missing_source (test_deficit.Contracts.test_missing_source) ... ok
test_observer (test_deficit.Contracts.test_observer) ... ok
test_optimality (test_deficit.Contracts.test_optimality) ... ok
test_partition (test_deficit.Contracts.test_partition) ... ok
test_peak (test_deficit.Contracts.test_peak) ... ok
test_plan (test_deficit.Contracts.test_plan) ... ok
test_progress (test_deficit.Contracts.test_progress) ... ok
test_provenance (test_deficit.Contracts.test_provenance) ... ok
test_slice (test_deficit.Contracts.test_slice) ... ok
test_substituted_handoff (test_deficit.Contracts.test_substituted_handoff) ... ok
test_target (test_deficit.Contracts.test_target) ... ok
test_tau (test_deficit.Contracts.test_tau) ... ok
test_type (test_deficit.Contracts.test_type) ... ok

----------------------------------------------------------------------
Ran 26 tests in 49.623s

OK
