test_bool_for_int (test_transfer.TransferContracts.test_bool_for_int) ... ok
test_duplicate_case (test_transfer.TransferContracts.test_duplicate_case) ... ok
test_empty_hidden_protected (test_transfer.TransferContracts.test_empty_hidden_protected) ... ok
test_entire_typed_domain (test_transfer.TransferContracts.test_entire_typed_domain) ... ok
test_every_forward_reverse_exact (test_transfer.TransferContracts.test_every_forward_reverse_exact) ... ok
test_extra_field (test_transfer.TransferContracts.test_extra_field) ... ok
test_floor_forged (test_transfer.TransferContracts.test_floor_forged) ... ok
test_forged_control (test_transfer.TransferContracts.test_forged_control) ... ok
test_forged_counts (test_transfer.TransferContracts.test_forged_counts) ... ok
test_hidden_change (test_transfer.TransferContracts.test_hidden_change) ... ok
test_missing_case (test_transfer.TransferContracts.test_missing_case) ... ok
test_missing_hidden (test_transfer.TransferContracts.test_missing_hidden) ... ok
test_missing_isolation (test_transfer.TransferContracts.test_missing_isolation) ... ok
test_missing_partition (test_transfer.TransferContracts.test_missing_partition) ... ok
test_missing_toggle (test_transfer.TransferContracts.test_missing_toggle) ... ok
test_native_rejecting_controls (test_transfer.TransferContracts.test_native_rejecting_controls) ... ok
test_one_block_isolation (test_transfer.TransferContracts.test_one_block_isolation) ... ok
test_private_cleanup_omitted (test_transfer.TransferContracts.test_private_cleanup_omitted) ... ok
test_wrong_donor (test_transfer.TransferContracts.test_wrong_donor) ... ok
test_wrong_hitting (test_transfer.TransferContracts.test_wrong_hitting) ... ok
test_wrong_reserve (test_transfer.TransferContracts.test_wrong_reserve) ... ok
test_wrong_reverse (test_transfer.TransferContracts.test_wrong_reverse) ... ok

----------------------------------------------------------------------
Ran 22 tests in 13.958s

OK
