test_all_categories (test_fixed_family.Contracts.test_all_categories) ... ok
test_category (test_fixed_family.Contracts.test_category) ... ok
test_complement_tau (test_fixed_family.Contracts.test_complement_tau) ... ok
test_complete (test_fixed_family.Contracts.test_complete) ... ok
test_core_intersection (test_fixed_family.Contracts.test_core_intersection) ... ok
test_duplicate_completion (test_fixed_family.Contracts.test_duplicate_completion) ... ok
test_duplicate_state (test_fixed_family.Contracts.test_duplicate_state) ... ok
test_false_floor_extension (test_fixed_family.Contracts.test_false_floor_extension) ... ok
test_false_hidden_control (test_fixed_family.Contracts.test_false_hidden_control) ... ok
test_false_native_access (test_fixed_family.Contracts.test_false_native_access) ... ok
test_false_retarget (test_fixed_family.Contracts.test_false_retarget) ... ok
test_floor (test_fixed_family.Contracts.test_floor) ... ok
test_full_partition (test_fixed_family.Contracts.test_full_partition) ... ok
test_missing_completion (test_fixed_family.Contracts.test_missing_completion) ... ok
test_missing_false_member (test_fixed_family.Contracts.test_missing_false_member) ... ok
test_missing_fiber (test_fixed_family.Contracts.test_missing_fiber) ... ok
test_missing_state (test_fixed_family.Contracts.test_missing_state) ... ok
test_preparation (test_fixed_family.Contracts.test_preparation) ... ok
test_protected (test_fixed_family.Contracts.test_protected) ... ok
test_scope (test_fixed_family.Contracts.test_scope) ... ok
test_sharp_preparation (test_fixed_family.Contracts.test_sharp_preparation) ... ok
test_state (test_fixed_family.Contracts.test_state) ... ok
test_substitute_fiber (test_fixed_family.Contracts.test_substitute_fiber) ... ok
test_substituted_truth (test_fixed_family.Contracts.test_substituted_truth) ... ok
test_tau (test_fixed_family.Contracts.test_tau) ... ok
test_type (test_fixed_family.Contracts.test_type) ... ok
test_witness_protected (test_fixed_family.Contracts.test_witness_protected) ... ok
test_witness_tau (test_fixed_family.Contracts.test_witness_tau) ... ok

----------------------------------------------------------------------
Ran 28 tests in 4.476s

OK
