2026-10-10T01:11:50.4243452Z Current runner version: '2.337.0'
2026-10-10T01:11:50.4265463Z ##[group]Runner Image Provisioner
2026-10-10T01:11:50.4266220Z Hosted Compute Agent
2026-10-10T01:11:50.4266767Z Version: 20261002.596
2026-10-10T01:11:50.4267411Z Commit: c3d12f3313a95f25162a1503be624f3b0617f8c0
2026-10-10T01:11:50.4268266Z Build Date: 2026-10-02T22:28:27Z
2026-10-10T01:11:50.4269162Z Worker ID: {0df31b8c-2ad6-4734-8a32-8aed4f7be437}
2026-10-10T01:11:50.4270089Z Region: westcentralus
2026-10-10T01:11:50.4270931Z Cloud: Azure
2026-10-10T01:11:50.4271610Z ##[endgroup]
2026-10-10T01:11:50.4273113Z ##[group]Operating System
2026-10-10T01:11:50.4274162Z Ubuntu
2026-10-10T01:11:50.4274837Z 24.04.5
2026-10-10T01:11:50.4275405Z LTS
2026-10-10T01:11:50.4276120Z ##[endgroup]
2026-10-10T01:11:50.4276827Z ##[group]Runner Image
2026-10-10T01:11:50.4278076Z Image: ubuntu-24.04
2026-10-10T01:11:50.4278874Z Version: 20261004.327.1
2026-10-10T01:11:50.4280441Z Included Software: https://github.com/actions/runner-images/blob/ubuntu24/20261004.327/images/ubuntu/Ubuntu2404-Readme.md
2026-10-10T01:11:50.4282343Z Image Release: https://github.com/actions/runner-images/releases/tag/ubuntu24%2F20261004.327
2026-10-10T01:11:50.4283581Z ##[endgroup]
2026-10-10T01:11:50.4285125Z ##[group]GITHUB_TOKEN Permissions
2026-10-10T01:11:50.4287345Z Contents: read
2026-10-10T01:11:50.4288119Z Metadata: read
2026-10-10T01:11:50.4288878Z ##[endgroup]
2026-10-10T01:11:50.4291037Z Secret source: Actions
2026-10-10T01:11:50.4292274Z Cache mode: write
2026-10-10T01:11:50.4293132Z Prepare workflow directory
2026-10-10T01:11:50.4728112Z Prepare all required actions
2026-10-10T01:11:50.4770517Z Getting action download info
2026-10-10T01:11:50.7508929Z Download action repository 'actions/checkout@v4' (SHA:11d5960a326750d5838078e36cf38b85af677262)
2026-10-10T01:11:51.4156743Z Download action repository 'actions/download-artifact@v4' (SHA:d3f86a106a0bac45b974a628896c90dbdf5c8093)
2026-10-10T01:11:52.5770528Z Download action repository 'actions/upload-artifact@v4' (SHA:ea165f8d65b6e75b540449e92b4886f43607fa02)
2026-10-10T01:11:52.8121406Z Complete job name: mathematical-review
2026-10-10T01:11:52.8730680Z ##[group]Run actions/checkout@v4
2026-10-10T01:11:52.8731174Z with:
2026-10-10T01:11:52.8731403Z   path: research_snapshot
2026-10-10T01:11:52.8731678Z   persist-credentials: false
2026-10-10T01:11:52.8732124Z   sparse-checkout: ResearchHistory/UQCF-GEM/research/physical-bridge
.github/scripts

2026-10-10T01:11:52.8732558Z   repository: proteinfoldingengine/WetLabEngine
2026-10-10T01:11:52.8734805Z   token: ***
2026-10-10T01:11:52.8735028Z   ssh-strict: true
2026-10-10T01:11:52.8735259Z   ssh-user: git
2026-10-10T01:11:52.8735464Z   clean: true
2026-10-10T01:11:52.8735703Z   sparse-checkout-cone-mode: true
2026-10-10T01:11:52.8735971Z   fetch-depth: 1
2026-10-10T01:11:52.8736201Z   fetch-tags: false
2026-10-10T01:11:52.8736426Z   show-progress: true
2026-10-10T01:11:52.8736655Z   lfs: false
2026-10-10T01:11:52.8736865Z   submodules: false
2026-10-10T01:11:52.8737088Z   set-safe-directory: true
2026-10-10T01:11:52.8737364Z   allow-unsafe-pr-checkout: false
2026-10-10T01:11:52.8737834Z ##[endgroup]
2026-10-10T01:11:52.9520429Z Syncing repository: proteinfoldingengine/WetLabEngine
2026-10-10T01:11:52.9522051Z ##[group]Getting Git version info
2026-10-10T01:11:52.9522715Z Working directory is '/home/runner/work/WetLabEngine/WetLabEngine/research_snapshot'
2026-10-10T01:11:52.9523628Z [command]/usr/bin/git version
2026-10-10T01:11:52.9593092Z git version 2.55.0
2026-10-10T01:11:52.9607943Z ##[endgroup]
2026-10-10T01:11:52.9618810Z Temporarily overriding HOME='/home/runner/work/_temp/a153e29c-256c-4f10-bc93-cbee48dc1e16' before making global git config changes
2026-10-10T01:11:52.9619913Z Adding repository directory to the temporary git global config as a safe directory
2026-10-10T01:11:52.9622617Z [command]/usr/bin/git config --global --add safe.directory /home/runner/work/WetLabEngine/WetLabEngine/research_snapshot
2026-10-10T01:11:52.9685094Z ##[group]Initializing the repository
2026-10-10T01:11:52.9685941Z [command]/usr/bin/git init /home/runner/work/WetLabEngine/WetLabEngine/research_snapshot
2026-10-10T01:11:52.9775907Z hint: Using 'master' as the name for the initial branch. This default branch name
2026-10-10T01:11:52.9776691Z hint: will change to "main" in Git 3.0. To configure the initial branch name
2026-10-10T01:11:52.9777393Z hint: to use in all of your new repositories, which will suppress this warning,
2026-10-10T01:11:52.9777759Z hint: call:
2026-10-10T01:11:52.9777965Z hint:
2026-10-10T01:11:52.9778281Z hint: 	git config --global init.defaultBranch <name>
2026-10-10T01:11:52.9778595Z hint:
2026-10-10T01:11:52.9778888Z hint: Names commonly chosen instead of 'master' are 'main', 'trunk' and
2026-10-10T01:11:52.9779341Z hint: 'development'. The just-created branch can be renamed via this command:
2026-10-10T01:11:52.9779685Z hint:
2026-10-10T01:11:52.9779906Z hint: 	git branch -m <name>
2026-10-10T01:11:52.9780174Z hint:
2026-10-10T01:11:52.9780482Z hint: Disable this message with "git config set advice.defaultBranchName false"
2026-10-10T01:11:52.9781832Z Initialized empty Git repository in /home/runner/work/WetLabEngine/WetLabEngine/research_snapshot/.git/
2026-10-10T01:11:52.9791727Z [command]/usr/bin/git remote add origin https://github.com/proteinfoldingengine/WetLabEngine
2026-10-10T01:11:52.9837790Z ##[endgroup]
2026-10-10T01:11:52.9838428Z ##[group]Disabling automatic garbage collection
2026-10-10T01:11:52.9840933Z [command]/usr/bin/git config --local gc.auto 0
2026-10-10T01:11:52.9867394Z ##[endgroup]
2026-10-10T01:11:52.9867973Z ##[group]Setting up auth
2026-10-10T01:11:52.9872894Z [command]/usr/bin/git config --local --name-only --get-regexp core\.sshCommand
2026-10-10T01:11:52.9899139Z [command]/usr/bin/git submodule foreach --recursive sh -c "git config --local --name-only --get-regexp 'core\.sshCommand' && git config --local --unset-all 'core.sshCommand' || :"
2026-10-10T01:11:53.0305192Z [command]/usr/bin/git config --local --name-only --get-regexp http\.https\:\/\/github\.com\/\.extraheader
2026-10-10T01:11:53.0335960Z [command]/usr/bin/git submodule foreach --recursive sh -c "git config --local --name-only --get-regexp 'http\.https\:\/\/github\.com\/\.extraheader' && git config --local --unset-all 'http.https://github.com/.extraheader' || :"
2026-10-10T01:11:53.0525805Z [command]/usr/bin/git config --local --name-only --get-regexp ^includeIf\.gitdir:
2026-10-10T01:11:53.0555668Z [command]/usr/bin/git submodule foreach --recursive git config --local --show-origin --name-only --get-regexp remote.origin.url
2026-10-10T01:11:53.0745244Z [command]/usr/bin/git config --local http.https://github.com/.extraheader AUTHORIZATION: basic ***
2026-10-10T01:11:53.0780028Z ##[endgroup]
2026-10-10T01:11:53.0780672Z ##[group]Fetching the repository
2026-10-10T01:11:53.0788064Z [command]/usr/bin/git -c protocol.version=2 fetch --no-tags --prune --no-recurse-submodules --filter=blob:none --depth=1 origin +d1b8cbe3dbe122bd4b929d3ed5484ef214bad9d5:refs/remotes/origin/research/uqcf-overlapping-guard-exchange
2026-10-10T01:11:53.6689648Z From https://github.com/proteinfoldingengine/WetLabEngine
2026-10-10T01:11:53.6690263Z  * [new ref]         d1b8cbe3dbe122bd4b929d3ed5484ef214bad9d5 -> origin/research/uqcf-overlapping-guard-exchange
2026-10-10T01:11:53.6693130Z ##[endgroup]
2026-10-10T01:11:53.6693508Z ##[group]Determining the checkout info
2026-10-10T01:11:53.6695788Z ##[endgroup]
2026-10-10T01:11:53.6696108Z ##[group]Setting up sparse checkout
2026-10-10T01:11:53.6701252Z [command]/usr/bin/git sparse-checkout set ResearchHistory/UQCF-GEM/research/physical-bridge .github/scripts
2026-10-10T01:11:53.6744152Z ##[endgroup]
2026-10-10T01:11:53.6744668Z ##[group]Checking out the ref
2026-10-10T01:11:53.6748325Z [command]/usr/bin/git checkout --progress --force -B research/uqcf-overlapping-guard-exchange refs/remotes/origin/research/uqcf-overlapping-guard-exchange
2026-10-10T01:11:54.9129393Z Updating files:   0% (1/803)
2026-10-10T01:11:54.9132352Z Updating files:   1% (9/803)
2026-10-10T01:11:54.9137331Z Updating files:   2% (17/803)
2026-10-10T01:11:54.9140884Z Updating files:   3% (25/803)
2026-10-10T01:11:54.9143900Z Updating files:   4% (33/803)
2026-10-10T01:11:54.9149201Z Updating files:   5% (41/803)
2026-10-10T01:11:54.9152787Z Updating files:   6% (49/803)
2026-10-10T01:11:54.9158050Z Updating files:   7% (57/803)
2026-10-10T01:11:54.9162162Z Updating files:   8% (65/803)
2026-10-10T01:11:54.9166264Z Updating files:   9% (73/803)
2026-10-10T01:11:54.9169063Z Updating files:  10% (81/803)
2026-10-10T01:11:54.9175265Z Updating files:  11% (89/803)
2026-10-10T01:11:54.9179587Z Updating files:  12% (97/803)
2026-10-10T01:11:54.9183991Z Updating files:  13% (105/803)
2026-10-10T01:11:54.9187252Z Updating files:  14% (113/803)
2026-10-10T01:11:54.9190812Z Updating files:  15% (121/803)
2026-10-10T01:11:54.9196288Z Updating files:  16% (129/803)
2026-10-10T01:11:54.9201668Z Updating files:  17% (137/803)
2026-10-10T01:11:54.9205905Z Updating files:  18% (145/803)
2026-10-10T01:11:54.9209651Z Updating files:  19% (153/803)
2026-10-10T01:11:54.9214019Z Updating files:  20% (161/803)
2026-10-10T01:11:54.9225123Z Updating files:  21% (169/803)
2026-10-10T01:11:54.9225593Z Updating files:  22% (177/803)
2026-10-10T01:11:54.9227994Z Updating files:  23% (185/803)
2026-10-10T01:11:54.9232366Z Updating files:  24% (193/803)
2026-10-10T01:11:54.9236574Z Updating files:  25% (201/803)
2026-10-10T01:11:54.9241074Z Updating files:  26% (209/803)
2026-10-10T01:11:54.9245598Z Updating files:  27% (217/803)
2026-10-10T01:11:54.9249428Z Updating files:  28% (225/803)
2026-10-10T01:11:54.9254420Z Updating files:  29% (233/803)
2026-10-10T01:11:54.9259713Z Updating files:  30% (241/803)
2026-10-10T01:11:54.9265091Z Updating files:  31% (249/803)
2026-10-10T01:11:54.9269058Z Updating files:  32% (257/803)
2026-10-10T01:11:54.9273892Z Updating files:  33% (265/803)
2026-10-10T01:11:54.9279803Z Updating files:  34% (274/803)
2026-10-10T01:11:54.9283544Z Updating files:  35% (282/803)
2026-10-10T01:11:54.9288458Z Updating files:  36% (290/803)
2026-10-10T01:11:54.9293397Z Updating files:  37% (298/803)
2026-10-10T01:11:54.9298724Z Updating files:  38% (306/803)
2026-10-10T01:11:54.9303066Z Updating files:  39% (314/803)
2026-10-10T01:11:54.9309513Z Updating files:  40% (322/803)
2026-10-10T01:11:54.9315157Z Updating files:  41% (330/803)
2026-10-10T01:11:54.9322012Z Updating files:  42% (338/803)
2026-10-10T01:11:54.9326804Z Updating files:  43% (346/803)
2026-10-10T01:11:54.9335857Z Updating files:  44% (354/803)
2026-10-10T01:11:54.9339043Z Updating files:  45% (362/803)
2026-10-10T01:11:54.9342184Z Updating files:  46% (370/803)
2026-10-10T01:11:54.9345970Z Updating files:  47% (378/803)
2026-10-10T01:11:54.9353832Z Updating files:  48% (386/803)
2026-10-10T01:11:54.9359744Z Updating files:  49% (394/803)
2026-10-10T01:11:54.9367066Z Updating files:  50% (402/803)
2026-10-10T01:11:54.9377794Z Updating files:  51% (410/803)
2026-10-10T01:11:54.9384585Z Updating files:  52% (418/803)
2026-10-10T01:11:54.9389208Z Updating files:  53% (426/803)
2026-10-10T01:11:54.9394242Z Updating files:  54% (434/803)
2026-10-10T01:11:54.9402176Z Updating files:  55% (442/803)
2026-10-10T01:11:54.9409415Z Updating files:  56% (450/803)
2026-10-10T01:11:54.9422620Z Updating files:  57% (458/803)
2026-10-10T01:11:54.9423244Z Updating files:  58% (466/803)
2026-10-10T01:11:54.9425037Z Updating files:  59% (474/803)
2026-10-10T01:11:54.9452003Z Updating files:  60% (482/803)
2026-10-10T01:11:54.9454547Z Updating files:  61% (490/803)
2026-10-10T01:11:54.9460850Z Updating files:  62% (498/803)
2026-10-10T01:11:54.9464239Z Updating files:  63% (506/803)
2026-10-10T01:11:54.9468057Z Updating files:  64% (514/803)
2026-10-10T01:11:54.9473958Z Updating files:  65% (522/803)
2026-10-10T01:11:54.9477270Z Updating files:  66% (530/803)
2026-10-10T01:11:54.9483643Z Updating files:  67% (539/803)
2026-10-10T01:11:54.9491276Z Updating files:  68% (547/803)
2026-10-10T01:11:54.9493398Z Updating files:  69% (555/803)
2026-10-10T01:11:54.9501485Z Updating files:  70% (563/803)
2026-10-10T01:11:54.9505299Z Updating files:  71% (571/803)
2026-10-10T01:11:54.9509849Z Updating files:  72% (579/803)
2026-10-10T01:11:54.9513064Z Updating files:  73% (587/803)
2026-10-10T01:11:54.9517320Z Updating files:  74% (595/803)
2026-10-10T01:11:54.9521720Z Updating files:  75% (603/803)
2026-10-10T01:11:54.9528737Z Updating files:  76% (611/803)
2026-10-10T01:11:54.9532927Z Updating files:  77% (619/803)
2026-10-10T01:11:54.9537734Z Updating files:  78% (627/803)
2026-10-10T01:11:54.9540745Z Updating files:  79% (635/803)
2026-10-10T01:11:54.9548736Z Updating files:  80% (643/803)
2026-10-10T01:11:54.9552843Z Updating files:  81% (651/803)
2026-10-10T01:11:54.9555927Z Updating files:  82% (659/803)
2026-10-10T01:11:54.9560974Z Updating files:  83% (667/803)
2026-10-10T01:11:54.9587090Z Updating files:  84% (675/803)
2026-10-10T01:11:54.9590307Z Updating files:  85% (683/803)
2026-10-10T01:11:54.9593085Z Updating files:  86% (691/803)
2026-10-10T01:11:54.9610997Z Updating files:  87% (699/803)
2026-10-10T01:11:54.9616917Z Updating files:  88% (707/803)
2026-10-10T01:11:54.9619650Z Updating files:  89% (715/803)
2026-10-10T01:11:54.9624127Z Updating files:  90% (723/803)
2026-10-10T01:11:54.9627808Z Updating files:  91% (731/803)
2026-10-10T01:11:54.9631717Z Updating files:  92% (739/803)
2026-10-10T01:11:54.9635741Z Updating files:  93% (747/803)
2026-10-10T01:11:54.9640959Z Updating files:  94% (755/803)
2026-10-10T01:11:54.9646183Z Updating files:  95% (763/803)
2026-10-10T01:11:54.9650938Z Updating files:  96% (771/803)
2026-10-10T01:11:54.9655110Z Updating files:  97% (779/803)
2026-10-10T01:11:54.9659453Z Updating files:  98% (787/803)
2026-10-10T01:11:54.9664061Z Updating files:  99% (795/803)
2026-10-10T01:11:54.9664559Z Updating files: 100% (803/803)
2026-10-10T01:11:54.9664838Z Updating files: 100% (803/803), done.
2026-10-10T01:11:54.9761081Z Switched to a new branch 'research/uqcf-overlapping-guard-exchange'
2026-10-10T01:11:54.9766208Z branch 'research/uqcf-overlapping-guard-exchange' set up to track 'origin/research/uqcf-overlapping-guard-exchange'.
2026-10-10T01:11:54.9775619Z ##[endgroup]
2026-10-10T01:11:54.9817846Z [command]/usr/bin/git log -1 --format=%H
2026-10-10T01:11:54.9877823Z d1b8cbe3dbe122bd4b929d3ed5484ef214bad9d5
2026-10-10T01:11:54.9883330Z ##[group]Removing auth
2026-10-10T01:11:54.9884013Z [command]/usr/bin/git config --local --name-only --get-regexp core\.sshCommand
2026-10-10T01:11:54.9914249Z [command]/usr/bin/git submodule foreach --recursive sh -c "git config --local --name-only --get-regexp 'core\.sshCommand' && git config --local --unset-all 'core.sshCommand' || :"
2026-10-10T01:11:55.0120935Z [command]/usr/bin/git config --local --name-only --get-regexp http\.https\:\/\/github\.com\/\.extraheader
2026-10-10T01:11:55.0145222Z http.https://github.com/.extraheader
2026-10-10T01:11:55.0152560Z [command]/usr/bin/git config --local --unset-all http.https://github.com/.extraheader
2026-10-10T01:11:55.0181145Z [command]/usr/bin/git submodule foreach --recursive sh -c "git config --local --name-only --get-regexp 'http\.https\:\/\/github\.com\/\.extraheader' && git config --local --unset-all 'http.https://github.com/.extraheader' || :"
2026-10-10T01:11:55.0380142Z [command]/usr/bin/git config --local --name-only --get-regexp ^includeIf\.gitdir:
2026-10-10T01:11:55.0408224Z [command]/usr/bin/git submodule foreach --recursive git config --local --show-origin --name-only --get-regexp remote.origin.url
2026-10-10T01:11:55.0606199Z ##[endgroup]
2026-10-10T01:11:55.0788661Z ##[group]Run actions/download-artifact@v4
2026-10-10T01:11:55.0788931Z with:
2026-10-10T01:11:55.0789119Z   name: c3-saturated_transfer-verification
2026-10-10T01:11:55.0789374Z   path: saturated_transfer_verification
2026-10-10T01:11:55.0789604Z   merge-multiple: false
2026-10-10T01:11:55.0789850Z   repository: proteinfoldingengine/WetLabEngine
2026-10-10T01:11:55.0790126Z   run-id: 38012134114
2026-10-10T01:11:55.0790311Z ##[endgroup]
2026-10-10T01:11:55.1976404Z Downloading single artifact
2026-10-10T01:11:55.2088921Z (node:2227) [DEP0040] DeprecationWarning: The `punycode` module is deprecated. Please use a userland alternative instead.
2026-10-10T01:11:55.2089557Z (Use `node --trace-deprecation ...` to show where the warning was created)
2026-10-10T01:11:55.4259357Z Preparing to download the following artifacts:
2026-10-10T01:11:55.4260418Z - c3-saturated_transfer-verification (ID: 11654590427, Size: 27191, Expected Digest: sha256:fc590b072367488e25285d14899b4d03c335d0975d09062a2886e22fc459c5b3)
2026-10-10T01:11:55.6334138Z Redirecting to blob download url: https://productionresultssa3.blob.core.windows.net/actions-results/7849e7d2-3ec1-8e6a-b421-1de568c78e56/workflow-job-run-39bd1a60-cb89-511b-aceb-1d6627854ab6/artifacts/b12237186d74184861a44c4429edd6d0ef4b1989dc32370219e7d2f8cfa52ee9.zip
2026-10-10T01:11:55.6335281Z Starting download of artifact to: /home/runner/work/WetLabEngine/WetLabEngine/saturated_transfer_verification
2026-10-10T01:11:55.8440611Z (node:2227) [DEP0005] DeprecationWarning: Buffer() is deprecated due to security and usability issues. Please use the Buffer.alloc(), Buffer.allocUnsafe(), or Buffer.from() methods instead.
2026-10-10T01:11:55.8945954Z SHA256 digest of downloaded artifact is fc590b072367488e25285d14899b4d03c335d0975d09062a2886e22fc459c5b3
2026-10-10T01:11:55.8946679Z Artifact download completed successfully.
2026-10-10T01:11:55.8947071Z Total of 1 artifact(s) downloaded
2026-10-10T01:11:55.8951172Z Download artifact has finished successfully
2026-10-10T01:11:55.9144968Z ##[group]Run python3 research_snapshot/.github/scripts/c3_saturated_transfer_review.py
2026-10-10T01:11:55.9145531Z [36;1mpython3 research_snapshot/.github/scripts/c3_saturated_transfer_review.py[0m
2026-10-10T01:11:55.9354566Z shell: /usr/bin/bash -e {0}
2026-10-10T01:11:55.9354798Z env:
2026-10-10T01:11:55.9355187Z   GEMINI_API_KEY: ***
2026-10-10T01:11:55.9355386Z ##[endgroup]
2026-10-10T01:12:56.4761321Z Handoff independent verdict: ACCEPTED
2026-10-10T01:12:56.4761754Z Missing assumptions: 0
2026-10-10T01:12:56.4762074Z Counterexamples: 0
2026-10-10T01:12:56.4762497Z Response SHA256: 132341c7ccb047212e41210bb2107aa0c23c112858749a726ea0b649dd367892
2026-10-10T01:12:56.4763000Z This is not scientific certification.
2026-10-10T01:12:56.4898757Z ##[group]Run actions/upload-artifact@v4
2026-10-10T01:12:56.4898997Z with:
2026-10-10T01:12:56.4899181Z   name: c3-saturated_transfer-review
2026-10-10T01:12:56.4899419Z   path: saturated_transfer_review/
2026-10-10T01:12:56.4899647Z   if-no-files-found: warn
2026-10-10T01:12:56.4899847Z   compression-level: 6
2026-10-10T01:12:56.4900034Z   overwrite: false
2026-10-10T01:12:56.4900222Z   include-hidden-files: false
2026-10-10T01:12:56.4900427Z ##[endgroup]
2026-10-10T01:12:56.6197849Z (node:2253) [DEP0040] DeprecationWarning: The `punycode` module is deprecated. Please use a userland alternative instead.
2026-10-10T01:12:56.6198580Z (Use `node --trace-deprecation ...` to show where the warning was created)
2026-10-10T01:12:56.6241005Z With the provided path, there will be 2 files uploaded
2026-10-10T01:12:56.6264251Z Artifact name is valid!
2026-10-10T01:12:56.6264593Z Root directory input is valid!
2026-10-10T01:12:56.9339923Z Beginning upload of artifact content to blob storage
2026-10-10T01:12:56.9486247Z (node:2253) [DEP0169] DeprecationWarning: `url.parse()` behavior is not standardized and prone to errors that have security implications. Use the WHATWG URL API instead. CVEs are not issued for `url.parse()` vulnerabilities.
2026-10-10T01:12:57.1566736Z Uploaded bytes 2468
2026-10-10T01:12:57.2161561Z Finished uploading artifact content to blob storage!
2026-10-10T01:12:57.2162337Z SHA256 digest of uploaded artifact zip is 9b872493adeeb23705e13679799164b7f310377db5801878858ccb1d882b600f
2026-10-10T01:12:57.2163461Z Finalizing artifact upload
2026-10-10T01:12:57.4477290Z Artifact c3-saturated_transfer-review.zip successfully finalized. Artifact ID 11654455585
2026-10-10T01:12:57.4478247Z Artifact c3-saturated_transfer-review has been successfully uploaded! Final size is 2468 bytes. Artifact ID is 11654455585
2026-10-10T01:12:57.4482499Z Artifact download URL: https://github.com/proteinfoldingengine/WetLabEngine/actions/runs/38012134114/artifacts/11654455585
2026-10-10T01:12:57.4639926Z Post job cleanup.
2026-10-10T01:12:57.5331582Z [command]/usr/bin/git version
2026-10-10T01:12:57.5366958Z git version 2.55.0
2026-10-10T01:12:57.5398759Z Temporarily overriding HOME='/home/runner/work/_temp/89b0df97-5631-415e-8f90-49c278e426c0' before making global git config changes
2026-10-10T01:12:57.5399483Z Adding repository directory to the temporary git global config as a safe directory
2026-10-10T01:12:57.5403079Z [command]/usr/bin/git config --global --add safe.directory /home/runner/work/WetLabEngine/WetLabEngine/research_snapshot
2026-10-10T01:12:57.5435409Z [command]/usr/bin/git config --local --name-only --get-regexp core\.sshCommand
2026-10-10T01:12:57.5464435Z [command]/usr/bin/git submodule foreach --recursive sh -c "git config --local --name-only --get-regexp 'core\.sshCommand' && git config --local --unset-all 'core.sshCommand' || :"
2026-10-10T01:12:57.5690959Z [command]/usr/bin/git config --local --name-only --get-regexp http\.https\:\/\/github\.com\/\.extraheader
2026-10-10T01:12:57.5721222Z [command]/usr/bin/git submodule foreach --recursive sh -c "git config --local --name-only --get-regexp 'http\.https\:\/\/github\.com\/\.extraheader' && git config --local --unset-all 'http.https://github.com/.extraheader' || :"
2026-10-10T01:12:57.5947366Z [command]/usr/bin/git config --local --name-only --get-regexp ^includeIf\.gitdir:
2026-10-10T01:12:57.5979320Z [command]/usr/bin/git submodule foreach --recursive git config --local --show-origin --name-only --get-regexp remote.origin.url
2026-10-10T01:12:57.6315919Z Cleaning up orphan processes
2026-10-10T01:12:57.6585527Z ##[warning]Node.js 20 is deprecated. The following actions target Node.js 20 but are being forced to run on Node.js 24: actions/checkout@v4, actions/download-artifact@v4, actions/upload-artifact@v4. For more information see: https://github.blog/changelog/2025-09-19-deprecation-of-node-20-on-github-actions-runners/

