test_actual_relabeling_and_view_storage (__main__.Tests.test_actual_relabeling_and_view_storage) ... ok
test_boolean_profile (__main__.Tests.test_boolean_profile) ... ok
test_complete_small_universe (__main__.Tests.test_complete_small_universe) ... ok
test_cross_parent_edge (__main__.Tests.test_cross_parent_edge) ... ok
test_duplicate_endpoint (__main__.Tests.test_duplicate_endpoint) ... ok
test_fabricated_cartesian_count (__main__.Tests.test_fabricated_cartesian_count) ... ok
test_false_profile (__main__.Tests.test_false_profile) ... ok
test_false_relabeling (__main__.Tests.test_false_relabeling) ... ok
test_foreign_origin (__main__.Tests.test_foreign_origin) ... ok
test_identity (__main__.Tests.test_identity) ... ok
test_invalid_endpoint_inputs (__main__.Tests.test_invalid_endpoint_inputs) ... ok
test_missing_actual_edge (__main__.Tests.test_missing_actual_edge) ... ok
test_missing_document_sections (__main__.Tests.test_missing_document_sections) ... ok
test_missing_endpoint (__main__.Tests.test_missing_endpoint) ... ok
test_missing_local_table (__main__.Tests.test_missing_local_table) ... ok
test_missing_shape (__main__.Tests.test_missing_shape) ... ok
test_missing_state (__main__.Tests.test_missing_state) ... ok
test_noncartesian_nonconstant_chain (__main__.Tests.test_noncartesian_nonconstant_chain) ... ok
test_retained_third_order (__main__.Tests.test_retained_third_order) ... ok
test_synthetic_cubic_all_background_not_baseline (__main__.Tests.test_synthetic_cubic_all_background_not_baseline) ... ok
test_synthetic_separate_components (__main__.Tests.test_synthetic_separate_components) ... ok
test_valid_reversed_records (__main__.Tests.test_valid_reversed_records) ... ok
test_verifier_no_producer_import (__main__.Tests.test_verifier_no_producer_import) ... ok
test_wrong_component_values (__main__.Tests.test_wrong_component_values) ... ok
test_wrong_cube_shape (__main__.Tests.test_wrong_cube_shape) ... ok
test_wrong_mobius (__main__.Tests.test_wrong_mobius) ... ok
test_wrong_parent_prelude (__main__.Tests.test_wrong_parent_prelude) ... ok
test_wrong_predecessor (__main__.Tests.test_wrong_predecessor) ... ok

----------------------------------------------------------------------
Ran 28 tests in 0.073s

OK
