2026-10-02T00:08:29.2277518Z Current runner version: '2.337.0'
2026-10-02T00:08:29.2304802Z ##[group]Runner Image Provisioner
2026-10-02T00:08:29.2305753Z Hosted Compute Agent
2026-10-02T00:08:29.2306359Z Version: 20260901.588
2026-10-02T00:08:29.2307108Z Commit: f88ec8081b781fac6c440065ac7ff9e710ce3d0b
2026-10-02T00:08:29.2307949Z Build Date: 2026-09-01T19:56:44Z
2026-10-02T00:08:29.2309094Z Worker ID: {f1ab37f6-22e8-4a09-8c67-13a4f92d03cf}
2026-10-02T00:08:29.2309968Z Azure Region: northcentralus
2026-10-02T00:08:29.2310594Z ##[endgroup]
2026-10-02T00:08:29.2312171Z ##[group]Operating System
2026-10-02T00:08:29.2312833Z Ubuntu
2026-10-02T00:08:29.2313439Z 24.04.5
2026-10-02T00:08:29.2314037Z LTS
2026-10-02T00:08:29.2314581Z ##[endgroup]
2026-10-02T00:08:29.2315218Z ##[group]Runner Image
2026-10-02T00:08:29.2315881Z Image: ubuntu-24.04
2026-10-02T00:08:29.2316555Z Version: 20260927.320.1
2026-10-02T00:08:29.2317901Z Included Software: https://github.com/actions/runner-images/blob/ubuntu24/20260927.320/images/ubuntu/Ubuntu2404-Readme.md
2026-10-02T00:08:29.2320257Z Image Release: https://github.com/actions/runner-images/releases/tag/ubuntu24%2F20260927.320
2026-10-02T00:08:29.2321295Z ##[endgroup]
2026-10-02T00:08:29.2322621Z ##[group]GITHUB_TOKEN Permissions
2026-10-02T00:08:29.2324930Z Contents: read
2026-10-02T00:08:29.2325610Z Metadata: read
2026-10-02T00:08:29.2326268Z ##[endgroup]
2026-10-02T00:08:29.2329331Z Secret source: Actions
2026-10-02T00:08:29.2330420Z Cache mode: write
2026-10-02T00:08:29.2331508Z Prepare workflow directory
2026-10-02T00:08:29.2691402Z Prepare all required actions
2026-10-02T00:08:29.2741707Z Getting action download info
2026-10-02T00:08:29.5357277Z Download action repository 'actions/checkout@11d5960a326750d5838078e36cf38b85af677262' (SHA:11d5960a326750d5838078e36cf38b85af677262)
2026-10-02T00:08:29.6568314Z Download action repository 'actions/setup-python@a26af69be951a213d495a4c3e4e4022e16d87065' (SHA:a26af69be951a213d495a4c3e4e4022e16d87065)
2026-10-02T00:08:29.7385896Z Download action repository 'actions/upload-artifact@ea165f8d65b6e75b540449e92b4886f43607fa02' (SHA:ea165f8d65b6e75b540449e92b4886f43607fa02)
2026-10-02T00:08:29.9628760Z Complete job name: science
2026-10-02T00:08:30.0414967Z ##[group]Run actions/checkout@11d5960a326750d5838078e36cf38b85af677262
2026-10-02T00:08:30.0416013Z with:
2026-10-02T00:08:30.0416449Z   fetch-depth: 0
2026-10-02T00:08:30.0416972Z   repository: proteinfoldingengine/WetLabEngine
2026-10-02T00:08:30.0421901Z   token: ***
2026-10-02T00:08:30.0422364Z   ssh-strict: true
2026-10-02T00:08:30.0422820Z   ssh-user: git
2026-10-02T00:08:30.0423277Z   persist-credentials: true
2026-10-02T00:08:30.0423776Z   clean: true
2026-10-02T00:08:30.0424227Z   sparse-checkout-cone-mode: true
2026-10-02T00:08:30.0424743Z   fetch-tags: false
2026-10-02T00:08:30.0425190Z   show-progress: true
2026-10-02T00:08:30.0425657Z   lfs: false
2026-10-02T00:08:30.0426080Z   submodules: false
2026-10-02T00:08:30.0426541Z   set-safe-directory: true
2026-10-02T00:08:30.0427063Z   allow-unsafe-pr-checkout: false
2026-10-02T00:08:30.0427925Z ##[endgroup]
2026-10-02T00:08:30.1488038Z Syncing repository: proteinfoldingengine/WetLabEngine
2026-10-02T00:08:30.1490728Z ##[group]Getting Git version info
2026-10-02T00:08:30.1491505Z Working directory is '/home/runner/work/WetLabEngine/WetLabEngine'
2026-10-02T00:08:30.1492625Z [command]/usr/bin/git version
2026-10-02T00:08:30.1542602Z git version 2.55.0
2026-10-02T00:08:30.1563719Z ##[endgroup]
2026-10-02T00:08:30.1581556Z Temporarily overriding HOME='/home/runner/work/_temp/1d42aa4f-8cbb-4fc3-b565-d8a898084545' before making global git config changes
2026-10-02T00:08:30.1583975Z Adding repository directory to the temporary git global config as a safe directory
2026-10-02T00:08:30.1587452Z [command]/usr/bin/git config --global --add safe.directory /home/runner/work/WetLabEngine/WetLabEngine
2026-10-02T00:08:30.1643457Z Deleting the contents of '/home/runner/work/WetLabEngine/WetLabEngine'
2026-10-02T00:08:30.1648226Z ##[group]Initializing the repository
2026-10-02T00:08:30.1655200Z [command]/usr/bin/git init /home/runner/work/WetLabEngine/WetLabEngine
2026-10-02T00:08:30.1742174Z hint: Using 'master' as the name for the initial branch. This default branch name
2026-10-02T00:08:30.1747868Z hint: will change to "main" in Git 3.0. To configure the initial branch name
2026-10-02T00:08:30.1749956Z hint: to use in all of your new repositories, which will suppress this warning,
2026-10-02T00:08:30.1751513Z hint: call:
2026-10-02T00:08:30.1752150Z hint:
2026-10-02T00:08:30.1752921Z hint: 	git config --global init.defaultBranch <name>
2026-10-02T00:08:30.1753893Z hint:
2026-10-02T00:08:30.1754787Z hint: Names commonly chosen instead of 'master' are 'main', 'trunk' and
2026-10-02T00:08:30.1756219Z hint: 'development'. The just-created branch can be renamed via this command:
2026-10-02T00:08:30.1757429Z hint:
2026-10-02T00:08:30.1758094Z hint: 	git branch -m <name>
2026-10-02T00:08:30.1759075Z hint:
2026-10-02T00:08:30.1760065Z hint: Disable this message with "git config set advice.defaultBranchName false"
2026-10-02T00:08:30.1761865Z Initialized empty Git repository in /home/runner/work/WetLabEngine/WetLabEngine/.git/
2026-10-02T00:08:30.1764629Z [command]/usr/bin/git remote add origin https://github.com/proteinfoldingengine/WetLabEngine
2026-10-02T00:08:30.1809676Z ##[endgroup]
2026-10-02T00:08:30.1810888Z ##[group]Disabling automatic garbage collection
2026-10-02T00:08:30.1812810Z [command]/usr/bin/git config --local gc.auto 0
2026-10-02T00:08:30.1848961Z ##[endgroup]
2026-10-02T00:08:30.1850486Z ##[group]Setting up auth
2026-10-02T00:08:30.1855488Z [command]/usr/bin/git config --local --name-only --get-regexp core\.sshCommand
2026-10-02T00:08:30.1892383Z [command]/usr/bin/git submodule foreach --recursive sh -c "git config --local --name-only --get-regexp 'core\.sshCommand' && git config --local --unset-all 'core.sshCommand' || :"
2026-10-02T00:08:30.2296145Z [command]/usr/bin/git config --local --name-only --get-regexp http\.https\:\/\/github\.com\/\.extraheader
2026-10-02T00:08:30.2343211Z [command]/usr/bin/git submodule foreach --recursive sh -c "git config --local --name-only --get-regexp 'http\.https\:\/\/github\.com\/\.extraheader' && git config --local --unset-all 'http.https://github.com/.extraheader' || :"
2026-10-02T00:08:30.2617093Z [command]/usr/bin/git config --local --name-only --get-regexp ^includeIf\.gitdir:
2026-10-02T00:08:30.2666715Z [command]/usr/bin/git submodule foreach --recursive git config --local --show-origin --name-only --get-regexp remote.origin.url
2026-10-02T00:08:30.2944360Z [command]/usr/bin/git config --local http.https://github.com/.extraheader AUTHORIZATION: basic ***
2026-10-02T00:08:30.2995663Z ##[endgroup]
2026-10-02T00:08:30.2997286Z ##[group]Fetching the repository
2026-10-02T00:08:30.3007966Z [command]/usr/bin/git -c protocol.version=2 fetch --prune --no-recurse-submodules origin +refs/heads/*:refs/remotes/origin/* +refs/tags/*:refs/tags/*
2026-10-02T00:08:57.5726558Z From https://github.com/proteinfoldingengine/WetLabEngine
2026-10-02T00:08:57.5734792Z  * [new branch]        agent/retire-legacy-retained-atlas-loop -> origin/agent/retire-legacy-retained-atlas-loop
2026-10-02T00:08:57.5736310Z  * [new branch]        archive/v15.28-scientific-source-34892900423 -> origin/archive/v15.28-scientific-source-34892900423
2026-10-02T00:08:57.5737513Z  * [new branch]        ci/retained-execution-audit -> origin/ci/retained-execution-audit
2026-10-02T00:08:57.5738732Z  * [new branch]        ci/retained-execution-optimization -> origin/ci/retained-execution-optimization
2026-10-02T00:08:57.5740028Z  * [new branch]        gen3-historical-backbone-reconstruction-v1 -> origin/gen3-historical-backbone-reconstruction-v1
2026-10-02T00:08:57.5741041Z  * [new branch]        main                  -> origin/main
2026-10-02T00:08:57.5741732Z  * [new branch]        mainmain              -> origin/mainmain
2026-10-02T00:08:57.5742597Z  * [new branch]        maintenance/v15.01-checker-repro -> origin/maintenance/v15.01-checker-repro
2026-10-02T00:08:57.5743859Z  * [new branch]        maintenance/withdrawn-lab-history-cleanup -> origin/maintenance/withdrawn-lab-history-cleanup
2026-10-02T00:08:57.5745495Z  * [new branch]        publication/uqcf-v1544-v1545-main -> origin/publication/uqcf-v1544-v1545-main
2026-10-02T00:08:57.5746868Z  * [new branch]        research/foundational-closure-verification -> origin/research/foundational-closure-verification
2026-10-02T00:08:57.5748376Z  * [new branch]        research/protein-p0-v9-native-information-audit -> origin/research/protein-p0-v9-native-information-audit
2026-10-02T00:08:57.5750065Z  * [new branch]        research/protein-p1-v9-regularizer-reduction -> origin/research/protein-p1-v9-regularizer-reduction
2026-10-02T00:08:57.5751525Z  * [new branch]        research/protein-p4-backbone-tpo-replay -> origin/research/protein-p4-backbone-tpo-replay
2026-10-02T00:08:57.5753210Z  * [new branch]        research/protein-p5-constrained-backbone-survival -> origin/research/protein-p5-constrained-backbone-survival
2026-10-02T00:08:57.5754789Z  * [new branch]        research/protein-p6-continuation-decision -> origin/research/protein-p6-continuation-decision
2026-10-02T00:08:57.5756243Z  * [new branch]        research/protein-p6-native-blind-preorganization -> origin/research/protein-p6-native-blind-preorganization
2026-10-02T00:08:57.5757841Z  * [new branch]        research/protein-p7-early-backbone-controller-survival -> origin/research/protein-p7-early-backbone-controller-survival
2026-10-02T00:08:57.5762508Z  * [new branch]        research/protein-p8-patch622-624-reopen -> origin/research/protein-p8-patch622-624-reopen
2026-10-02T00:08:57.5764030Z  * [new branch]        research/protein-p8-patch622-624-reopen-certification -> origin/research/protein-p8-patch622-624-reopen-certification
2026-10-02T00:08:57.5765524Z  * [new branch]        research/protein-p8b-authoritative-launch -> origin/research/protein-p8b-authoritative-launch
2026-10-02T00:08:57.5766850Z  * [new branch]        research/protein-p8b-independent-verifier -> origin/research/protein-p8b-independent-verifier
2026-10-02T00:08:57.5768174Z  * [new branch]        research/protein-p8b-measurement-layer -> origin/research/protein-p8b-measurement-layer
2026-10-02T00:08:57.5769369Z  * [new branch]        research/protein-p8b-result-record -> origin/research/protein-p8b-result-record
2026-10-02T00:08:57.5770463Z  * [new branch]        research/protein-p8b-valid-backbone-controller-gate -> origin/research/protein-p8b-valid-backbone-controller-gate
2026-10-02T00:08:57.5771406Z  * [new branch]        research/protein-p9-coherence-state-falsifier -> origin/research/protein-p9-coherence-state-falsifier
2026-10-02T00:08:57.5772397Z  * [new branch]        research/protein-p9-retained-coherence-falsifier -> origin/research/protein-p9-retained-coherence-falsifier
2026-10-02T00:08:57.5773311Z  * [new branch]        research/protein-program-go-no-go-closeout -> origin/research/protein-program-go-no-go-closeout
2026-10-02T00:08:57.5774236Z  * [new branch]        research/protein-program-post-p6-closeout -> origin/research/protein-program-post-p6-closeout
2026-10-02T00:08:57.5775165Z  * [new branch]        research/protein-ufi-foldability-audit -> origin/research/protein-ufi-foldability-audit
2026-10-02T00:08:57.5775845Z  * [new branch]        research/v13.26-rscl-origin -> origin/research/v13.26-rscl-origin
2026-10-02T00:08:57.5776534Z  * [new branch]        research/v13.27-gravity-progress-demo -> origin/research/v13.27-gravity-progress-demo
2026-10-02T00:08:57.5777174Z  * [new branch]        research/v13.27-peer-review -> origin/research/v13.27-peer-review
2026-10-02T00:08:57.5777774Z  * [new branch]        research/v13.27-peer-review-2 -> origin/research/v13.27-peer-review-2
2026-10-02T00:08:57.5778477Z  * [new branch]        research/v13.27-projective-coupled-source -> origin/research/v13.27-projective-coupled-source
2026-10-02T00:08:57.5779408Z  * [new branch]        research/v13.27-rescope-revision -> origin/research/v13.27-rescope-revision
2026-10-02T00:08:57.5780079Z  * [new branch]        research/v13.28-rgcl-pairing-audit -> origin/research/v13.28-rgcl-pairing-audit
2026-10-02T00:08:57.5780982Z  * [new branch]        research/v14.01-global-admissibility -> origin/research/v14.01-global-admissibility
2026-10-02T00:08:57.5781694Z  * [new branch]        research/v14.02-convex-dual-normal -> origin/research/v14.02-convex-dual-normal
2026-10-02T00:08:57.5782426Z  * [new branch]        research/v14.03-projective-source-ray -> origin/research/v14.03-projective-source-ray
2026-10-02T00:08:57.5783222Z  * [new branch]        research/v14.04-provenance-representation -> origin/research/v14.04-provenance-representation
2026-10-02T00:08:57.5784055Z  * [new branch]        research/v15.01-common-parent-representation -> origin/research/v15.01-common-parent-representation
2026-10-02T00:08:57.5784756Z  * [new branch]        research/v15.01-red-proof -> origin/research/v15.01-red-proof
2026-10-02T00:08:57.5785417Z  * [new branch]        research/v15.02-shared-label-equivariance -> origin/research/v15.02-shared-label-equivariance
2026-10-02T00:08:57.5786209Z  * [new branch]        research/v15.03-graph-site-source-lift -> origin/research/v15.03-graph-site-source-lift
2026-10-02T00:08:57.5786965Z  * [new branch]        research/v15.04-spectral-source-freedom -> origin/research/v15.04-spectral-source-freedom
2026-10-02T00:08:57.5787833Z  * [new branch]        research/v15.05-composition-selector-boundary -> origin/research/v15.05-composition-selector-boundary
2026-10-02T00:08:57.5788971Z  * [new branch]        research/v15.06-recoverability-multiplicativity-boundary -> origin/research/v15.06-recoverability-multiplicativity-boundary
2026-10-02T00:08:57.5789892Z  * [new branch]        research/v15.07-canonical-neutral-reference -> origin/research/v15.07-canonical-neutral-reference
2026-10-02T00:08:57.5790669Z  * [new branch]        research/v15.08-genesis-source-semantics -> origin/research/v15.08-genesis-source-semantics
2026-10-02T00:08:57.5791407Z  * [new branch]        research/v15.09-quantum-carrier-origin -> origin/research/v15.09-quantum-carrier-origin
2026-10-02T00:08:57.5792340Z  * [new branch]        research/v15.10-pruning-order-emergent-time -> origin/research/v15.10-pruning-order-emergent-time
2026-10-02T00:08:57.5793223Z  * [new branch]        research/v15.11-ontology-continuity-reconciliation -> origin/research/v15.11-ontology-continuity-reconciliation
2026-10-02T00:08:57.5794088Z  * [new branch]        research/v15.12-integrated-pretime-history -> origin/research/v15.12-integrated-pretime-history
2026-10-02T00:08:57.5794811Z  * [new branch]        research/v15.13-independent-events -> origin/research/v15.13-independent-events
2026-10-02T00:08:57.5795488Z  * [new branch]        research/v15.14-record-dependencies -> origin/research/v15.14-record-dependencies
2026-10-02T00:08:57.5796143Z  * [new branch]        research/v15.15-coherent-records -> origin/research/v15.15-coherent-records
2026-10-02T00:08:57.5796767Z  * [new branch]        research/v15.16-partial-pruning -> origin/research/v15.16-partial-pruning
2026-10-02T00:08:57.5797394Z  * [new branch]        research/v15.17-retained-motion -> origin/research/v15.17-retained-motion
2026-10-02T00:08:57.5798094Z  * [new branch]        research/v15.20-artifact-preservation -> origin/research/v15.20-artifact-preservation
2026-10-02T00:08:57.5798949Z  * [new branch]        research/v15.20-results-archive -> origin/research/v15.20-results-archive
2026-10-02T00:08:57.5799564Z  * [new branch]        research/v15.21-record-readout -> origin/research/v15.21-record-readout
2026-10-02T00:08:57.5800193Z  * [new branch]        research/v15.22-event-sufficiency -> origin/research/v15.22-event-sufficiency
2026-10-02T00:08:57.5800910Z  * [new branch]        research/v15.23-sufficient-channel-family -> origin/research/v15.23-sufficient-channel-family
2026-10-02T00:08:57.5801642Z  * [new branch]        research/v15.24-composition-gate -> origin/research/v15.24-composition-gate
2026-10-02T00:08:57.5802351Z  * [new branch]        research/v15.25-pretime-gravity-canary -> origin/research/v15.25-pretime-gravity-canary
2026-10-02T00:08:57.5803256Z  * [new branch]        research/v15.26-response-selector-rank -> origin/research/v15.26-response-selector-rank
2026-10-02T00:08:57.5803926Z  * [new branch]        research/v15.27-target-origin -> origin/research/v15.27-target-origin
2026-10-02T00:08:57.5804526Z  * [new branch]        research/v15.28-coupling-space -> origin/research/v15.28-coupling-space
2026-10-02T00:08:57.5805212Z  * [new branch]        research/v15.29-provenance-faithfulness -> origin/research/v15.29-provenance-faithfulness
2026-10-02T00:08:57.5806001Z  * [new branch]        research/v15.30-provenance-fiber-definability -> origin/research/v15.30-provenance-fiber-definability
2026-10-02T00:08:57.5806845Z  * [new branch]        research/v15.31-source-extension-minimality -> origin/research/v15.31-source-extension-minimality
2026-10-02T00:08:57.5807662Z  * [new branch]        research/v15.32-commutant-sector-decomposition -> origin/research/v15.32-commutant-sector-decomposition
2026-10-02T00:08:57.5808516Z  * [new branch]        research/v15.33-sector-weight-constraint-audit -> origin/research/v15.33-sector-weight-constraint-audit
2026-10-02T00:08:57.5809545Z  * [new branch]        research/v15.34-canonical-adjacency-commutant -> origin/research/v15.34-canonical-adjacency-commutant
2026-10-02T00:08:57.5810338Z  * [new branch]        research/v15.35-support-radius-locality -> origin/research/v15.35-support-radius-locality
2026-10-02T00:08:57.5811110Z  * [new branch]        research/v15.36-order-semigroup-constraint -> origin/research/v15.36-order-semigroup-constraint
2026-10-02T00:08:57.5811961Z  * [new branch]        research/v15.37-response-selector-irreducibility -> origin/research/v15.37-response-selector-irreducibility
2026-10-02T00:08:57.5812813Z  * [new branch]        research/v15.38-response-axiom-admissibility -> origin/research/v15.38-response-axiom-admissibility
2026-10-02T00:08:57.5813649Z  * [new branch]        research/v15.39-higher-incidence-source-axioms -> origin/research/v15.39-higher-incidence-source-axioms
2026-10-02T00:08:57.5814693Z  * [new branch]        research/v15.40-global-balance-geometry-specificity -> origin/research/v15.40-global-balance-geometry-specificity
2026-10-02T00:08:57.5815759Z  * [new branch]        research/v15.41-formal-connection-curvature-source-correspondence -> origin/research/v15.41-formal-connection-curvature-source-correspondence
2026-10-02T00:08:57.5816831Z  * [new branch]        research/v15.42-duality-covariant-transport-repair -> origin/research/v15.42-duality-covariant-transport-repair
2026-10-02T00:08:57.5817695Z  * [new branch]        research/v15.43-certified-response-geometry -> origin/research/v15.43-certified-response-geometry
2026-10-02T00:08:57.5819184Z  * [new branch]        research/v15.44-intrinsic-curvature-interpretation -> origin/research/v15.44-intrinsic-curvature-interpretation
2026-10-02T00:08:57.5820177Z  * [new branch]        research/v15.45-curvature-factorization-spectral-boundary -> origin/research/v15.45-curvature-factorization-spectral-boundary
2026-10-02T00:08:57.5821203Z  * [new branch]        research/v15.46-primitive-joint-source-admissibility -> origin/research/v15.46-primitive-joint-source-admissibility
2026-10-02T00:08:57.5822108Z  * [new branch]        research/v15.55-source-compatibility-response -> origin/research/v15.55-source-compatibility-response
2026-10-02T00:08:57.5822938Z  * [new branch]        research/v15.56-response-selector-obstruction -> origin/research/v15.56-response-selector-obstruction
2026-10-02T00:08:57.5824265Z  * [new branch]        research/v15.56-source-edge-factorization -> origin/research/v15.56-source-edge-factorization
2026-10-02T00:08:57.5825025Z  * [new branch]        research/v15.57-source-law-specificity -> origin/research/v15.57-source-law-specificity
2026-10-02T00:08:57.5825821Z  * [new branch]        research/v15.58-asymmetric-heldout-ensemble -> origin/research/v15.58-asymmetric-heldout-ensemble
2026-10-02T00:08:57.5826630Z  * [new branch]        research/v15.59-nonclosed-source-class -> origin/research/v15.59-nonclosed-source-class
2026-10-02T00:08:57.5827617Z  * [new branch]        research/v15.60-shared-response-geometry -> origin/research/v15.60-shared-response-geometry
2026-10-02T00:08:57.5828496Z  * [new branch]        research/v15.61-source-derivative-classification -> origin/research/v15.61-source-derivative-classification
2026-10-02T00:08:57.5829655Z  * [new branch]        research/v15.62-symmetric-leakage-null -> origin/research/v15.62-symmetric-leakage-null
2026-10-02T00:08:57.5830529Z  * [new branch]        research/v15.63-global-symmetric-null-lift -> origin/research/v15.63-global-symmetric-null-lift
2026-10-02T00:08:57.5831833Z  * [new branch]        research/v15.64-source-vector-field-null -> origin/research/v15.64-source-vector-field-null
2026-10-02T00:08:57.5833205Z  * [new branch]        research/v15.65-null-asymptotic-scaling -> origin/research/v15.65-null-asymptotic-scaling
2026-10-02T00:08:57.5834618Z  * [new branch]        research/v15.66-polar-derivative-numerics -> origin/research/v15.66-polar-derivative-numerics
2026-10-02T00:08:57.5835945Z  * [new branch]        research/v15.67-highprecision-identity-audit -> origin/research/v15.67-highprecision-identity-audit
2026-10-02T00:08:57.5837288Z  * [new branch]        research/v15.68-complex-highprecision-repair -> origin/research/v15.68-complex-highprecision-repair
2026-10-02T00:08:57.5838553Z  * [new branch]        research/v15.69-covariant-symmetric-null -> origin/research/v15.69-covariant-symmetric-null
2026-10-02T00:08:57.5840033Z  * [new branch]        research/v15.70-atlas-descent-composition -> origin/research/v15.70-atlas-descent-composition
2026-10-02T00:08:57.5841266Z  * [new branch]        research/v15.71-memory-enriched-null -> origin/research/v15.71-memory-enriched-null
2026-10-02T00:08:57.5842424Z  * [new branch]        research/v15.71-minimal-extension-memory -> origin/research/v15.71-minimal-extension-memory
2026-10-02T00:08:57.5844238Z  * [new branch]        research/v15.72-extension-memory-numerics -> origin/research/v15.72-extension-memory-numerics
2026-10-02T00:08:57.5845347Z  * [new branch]        research/v15.72-operational-mixture-affinity -> origin/research/v15.72-operational-mixture-affinity
2026-10-02T00:08:57.5846162Z  * [new branch]        research/v15.73-two-body-unitary-source -> origin/research/v15.73-two-body-unitary-source
2026-10-02T00:08:57.5846979Z  * [new branch]        research/v15.74-hamiltonian-null-classification -> origin/research/v15.74-hamiltonian-null-classification
2026-10-02T00:08:57.5847740Z  * [new branch]        research/v15.75-affine-open-null -> origin/research/v15.75-affine-open-null
2026-10-02T00:08:57.5848448Z  * [new branch]        research/v15.76-cptp-null-composition -> origin/research/v15.76-cptp-null-composition
2026-10-02T00:08:57.5849426Z  * [new branch]        research/v15.77-active-baseline-null -> origin/research/v15.77-active-baseline-null
2026-10-02T00:08:57.5850166Z  * [new branch]        research/v15.78-source-free-covariance -> origin/research/v15.78-source-free-covariance
2026-10-02T00:08:57.5850958Z  * [new branch]        research/v15.79-covariant-source-couplings -> origin/research/v15.79-covariant-source-couplings
2026-10-02T00:08:57.5851721Z  * [new branch]        research/v15.80-signed-cptp-tangents -> origin/research/v15.80-signed-cptp-tangents
2026-10-02T00:08:57.5852678Z  * [new branch]        research/v15.81-source-component-interference -> origin/research/v15.81-source-component-interference
2026-10-02T00:08:57.5853854Z  * [new branch]        research/v15.82-polar-boundary-obstruction -> origin/research/v15.82-polar-boundary-obstruction
2026-10-02T00:08:57.5855176Z  * [new branch]        research/v15.83-support-loop-composition -> origin/research/v15.83-support-loop-composition
2026-10-02T00:08:57.5856239Z  * [new branch]        research/v15.84-loop-channel-recoverability -> origin/research/v15.84-loop-channel-recoverability
2026-10-02T00:08:57.5857046Z  * [new branch]        research/v15.85-affine-shift-obstruction -> origin/research/v15.85-affine-shift-obstruction
2026-10-02T00:08:57.5858093Z  * [new branch]        research/v15.86-cptp-support-completion -> origin/research/v15.86-cptp-support-completion
2026-10-02T00:08:57.5950995Z  * [new branch]        research/v15.87-cptp-erasure-cost -> origin/research/v15.87-cptp-erasure-cost
2026-10-02T00:08:57.5952273Z  * [new branch]        research/v15.88-exact-erasure-entanglement -> origin/research/v15.88-exact-erasure-entanglement
2026-10-02T00:08:57.5953929Z  * [new branch]        research/v15.89-weakest-direction-entanglement-bound -> origin/research/v15.89-weakest-direction-entanglement-bound
2026-10-02T00:08:57.5955280Z  * [new branch]        research/v15.90-arbitrary-input-negativity -> origin/research/v15.90-arbitrary-input-negativity
2026-10-02T00:08:57.5956492Z  * [new branch]        research/v15.91-separable-output-rotation -> origin/research/v15.91-separable-output-rotation
2026-10-02T00:08:57.5957684Z  * [new branch]        research/v15.92-preparation-span-obstruction -> origin/research/v15.92-preparation-span-obstruction
2026-10-02T00:08:57.5959107Z  * [new branch]        research/v15.93-oriented-rank-two-response -> origin/research/v15.93-oriented-rank-two-response
2026-10-02T00:08:57.5960486Z  * [new branch]        research/v15.94-oriented-composition-compatibility -> origin/research/v15.94-oriented-composition-compatibility
2026-10-02T00:08:57.5961886Z  * [new branch]        research/v15.95-compatible-holonomy-reduction -> origin/research/v15.95-compatible-holonomy-reduction
2026-10-02T00:08:57.5963480Z  * [new branch]        research/v15.96-overlap-holonomy-common-line -> origin/research/v15.96-overlap-holonomy-common-line
2026-10-02T00:08:57.5964837Z  * [new branch]        research/v15.97-overlap-hidden-response -> origin/research/v15.97-overlap-hidden-response
2026-10-02T00:08:57.5966168Z  * [new branch]        research/v15.98-composed-four-body-response -> origin/research/v15.98-composed-four-body-response
2026-10-02T00:08:57.5967461Z  * [new branch]        research/v15.99-intermediate-eb-retention -> origin/research/v15.99-intermediate-eb-retention
2026-10-02T00:08:57.5969871Z  * [new branch]        research/v16.00-precision-readout-audit -> origin/research/v16.00-precision-readout-audit
2026-10-02T00:08:57.5971291Z  * [new branch]        research/v16.01-global-input-precision -> origin/research/v16.01-global-input-precision
2026-10-02T00:08:57.5972525Z  * [new branch]        research/v16.02-full-ensemble-precision -> origin/research/v16.02-full-ensemble-precision
2026-10-02T00:08:57.5973873Z  * [new branch]        research/v16.03-finite-source-continuation -> origin/research/v16.03-finite-source-continuation
2026-10-02T00:08:57.5975245Z  * [new branch]        research/v16.04-inserted-channel-factorization -> origin/research/v16.04-inserted-channel-factorization
2026-10-02T00:08:57.5976148Z  * [new branch]        research/v16.05-retained-edge-localization -> origin/research/v16.05-retained-edge-localization
2026-10-02T00:08:57.5976962Z  * [new branch]        research/v16.06-sixth-edge-domain -> origin/research/v16.06-sixth-edge-domain
2026-10-02T00:08:57.5977739Z  * [new branch]        research/v16.07-support-stratum-stability -> origin/research/v16.07-support-stratum-stability
2026-10-02T00:08:57.5978554Z  * [new branch]        research/v16.08-physical-channel-paths -> origin/research/v16.08-physical-channel-paths
2026-10-02T00:08:57.5979559Z  * [new branch]        research/v16.09-boundary-polar-limits -> origin/research/v16.09-boundary-polar-limits
2026-10-02T00:08:57.5980539Z  * [new branch]        research/v16.10-source-reversal -> origin/research/v16.10-source-reversal
2026-10-02T00:08:57.5981361Z  * [new branch]        research/v16.11-coherence-family -> origin/research/v16.11-coherence-family
2026-10-02T00:08:57.5982386Z  * [new branch]        research/v16.12-continuous-response -> origin/research/v16.12-continuous-response
2026-10-02T00:08:57.5983081Z  * [new branch]        research/v16.13-local-gauge-content -> origin/research/v16.13-local-gauge-content
2026-10-02T00:08:57.5983766Z  * [new branch]        research/v16.13F-foundational-closure -> origin/research/v16.13F-foundational-closure
2026-10-02T00:08:57.5984764Z  * [new branch]        research/v16.14-closed-network-response -> origin/research/v16.14-closed-network-response
2026-10-02T00:08:57.5985579Z  * [new branch]        research/v16.14F-obstruction-carrier-closure -> origin/research/v16.14F-obstruction-carrier-closure
2026-10-02T00:08:57.5986374Z  * [new branch]        research/v16.15-network-interpretation -> origin/research/v16.15-network-interpretation
2026-10-02T00:08:57.5987298Z  * [new branch]        research/v16.15F-graded-obstruction-descent -> origin/research/v16.15F-graded-obstruction-descent
2026-10-02T00:08:57.5988405Z  * [new branch]        research/v16.16-information-exhaust -> origin/research/v16.16-information-exhaust
2026-10-02T00:08:57.5989325Z  * [new branch]        research/v16.19-response-information-kernel -> origin/research/v16.19-response-information-kernel
2026-10-02T00:08:57.5990093Z  * [new branch]        research/v16.20-second-order-information -> origin/research/v16.20-second-order-information
2026-10-02T00:08:57.5990957Z  * [new branch]        research/v16.21-foundational-closure-verification -> origin/research/v16.21-foundational-closure-verification
2026-10-02T00:08:57.5991811Z  * [new branch]        research/v16.22-response-selection-closure -> origin/research/v16.22-response-selection-closure
2026-10-02T00:08:57.5992506Z  * [new branch]        research/v16.23-overlap-descent -> origin/research/v16.23-overlap-descent
2026-10-02T00:08:57.5993145Z  * [new branch]        research/v16.24-consistency-order -> origin/research/v16.24-consistency-order
2026-10-02T00:08:57.5993853Z  * [new branch]        research/v16.25-pruning-refinement-closure -> origin/research/v16.25-pruning-refinement-closure
2026-10-02T00:08:57.5994720Z  * [new branch]        research/v16.26-consistency-increment-law -> origin/research/v16.26-consistency-increment-law
2026-10-02T00:08:57.5995639Z  * [new branch]        research/v16.27-increment-attribution-closure -> origin/research/v16.27-increment-attribution-closure
2026-10-02T00:08:57.5996615Z  * [new branch]        research/v16.28-diamond-attribution-closure -> origin/research/v16.28-diamond-attribution-closure
2026-10-02T00:08:57.5997376Z  * [new branch]        research/v16.29-local-profile-closure -> origin/research/v16.29-local-profile-closure
2026-10-02T00:08:57.5998153Z  * [new branch]        research/v16.30-interaction-component-closure -> origin/research/v16.30-interaction-component-closure
2026-10-02T00:08:57.5999182Z  * [new branch]        research/v16.31-global-component-factorization -> origin/research/v16.31-global-component-factorization
2026-10-02T00:08:57.6000023Z  * [new branch]        research/v16.32-retained-state-reconstruction -> origin/research/v16.32-retained-state-reconstruction
2026-10-02T00:08:57.6000831Z  * [new branch]        research/v16.33-consistency-quotient-kernel -> origin/research/v16.33-consistency-quotient-kernel
2026-10-02T00:08:57.6001601Z  * [new branch]        research/v16.34-fiber-component-invariant -> origin/research/v16.34-fiber-component-invariant
2026-10-02T00:08:57.6002343Z  * [new branch]        research/v16.35-fiber-barrier-closure -> origin/research/v16.35-fiber-barrier-closure
2026-10-02T00:08:57.6003027Z  * [new branch]        research/v16.36-barrier-law-closure -> origin/research/v16.36-barrier-law-closure
2026-10-02T00:08:57.6003741Z  * [new branch]        research/v16.36-pair-completeness-closure -> origin/research/v16.36-pair-completeness-closure
2026-10-02T00:08:57.6004459Z  * [new branch]        research/v16.36-proof-ledger-closure -> origin/research/v16.36-proof-ledger-closure
2026-10-02T00:08:57.6005098Z  * [new branch]        research/v16.37-audit-receipt -> origin/research/v16.37-audit-receipt
2026-10-02T00:08:57.6005713Z  * [new branch]        research/v16.37-certified-closure -> origin/research/v16.37-certified-closure
2026-10-02T00:08:57.6006402Z  * [new branch]        research/v16.37-minimax-structural-audit -> origin/research/v16.37-minimax-structural-audit
2026-10-02T00:08:57.6007210Z  * [new branch]        research/v16.38-audit-receipt -> origin/research/v16.38-audit-receipt
2026-10-02T00:08:57.6007836Z  * [new branch]        research/v16.38-six-vertex-barriers -> origin/research/v16.38-six-vertex-barriers
2026-10-02T00:08:57.6008446Z  * [new branch]        research/v16.39-audit-receipt -> origin/research/v16.39-audit-receipt
2026-10-02T00:08:57.6009383Z  * [new branch]        research/v16.39-structural-unit-barrier -> origin/research/v16.39-structural-unit-barrier
2026-10-02T00:08:57.6010075Z  * [new branch]        research/v16.39-theorem-validation -> origin/research/v16.39-theorem-validation
2026-10-02T00:08:57.6010694Z  * [new branch]        research/v16.40-audit-receipt -> origin/research/v16.40-audit-receipt
2026-10-02T00:08:57.6011342Z  * [new branch]        research/v16.40-coordinate-obstruction -> origin/research/v16.40-coordinate-obstruction
2026-10-02T00:08:57.6011980Z  * [new branch]        research/v16.41-audit-receipt -> origin/research/v16.41-audit-receipt
2026-10-02T00:08:57.6012642Z  * [new branch]        research/v16.41-unit-barrier-dichotomy -> origin/research/v16.41-unit-barrier-dichotomy
2026-10-02T00:08:57.6013273Z  * [new branch]        research/v16.42-audit-receipt -> origin/research/v16.42-audit-receipt
2026-10-02T00:08:57.6013927Z  * [new branch]        research/v16.42-overlapping-core-repair -> origin/research/v16.42-overlapping-core-repair
2026-10-02T00:08:57.6014597Z  * [new branch]        research/v16.43-audit-receipt -> origin/research/v16.43-audit-receipt
2026-10-02T00:08:57.6015264Z  * [new branch]        research/v16.43-star-fiber-classification -> origin/research/v16.43-star-fiber-classification
2026-10-02T00:08:57.6015920Z  * [new branch]        research/v16.44-audit-receipt -> origin/research/v16.44-audit-receipt
2026-10-02T00:08:57.6016589Z  * [new branch]        research/v16.44-two-branch-unit-barrier -> origin/research/v16.44-two-branch-unit-barrier
2026-10-02T00:08:57.6017237Z  * [new branch]        research/v16.45-audit-receipt -> origin/research/v16.45-audit-receipt
2026-10-02T00:08:57.6018043Z  * [new branch]        research/v16.45-binary-fork-unit-barrier -> origin/research/v16.45-binary-fork-unit-barrier
2026-10-02T00:08:57.6018879Z  * [new branch]        research/v16.46-audit-receipt -> origin/research/v16.46-audit-receipt
2026-10-02T00:08:57.6019523Z  * [new branch]        research/v16.46-nested-chain-repair -> origin/research/v16.46-nested-chain-repair
2026-10-02T00:08:57.6020138Z  * [new branch]        research/v16.47-audit-receipt -> origin/research/v16.47-audit-receipt
2026-10-02T00:08:57.6020796Z  * [new branch]        research/v16.47-saturated-chain-repair -> origin/research/v16.47-saturated-chain-repair
2026-10-02T00:08:57.6021520Z  * [new branch]        research/v16.48-audit-receipt -> origin/research/v16.48-audit-receipt
2026-10-02T00:08:57.6022275Z  * [new branch]        research/v16.48-recursive-chain-repair -> origin/research/v16.48-recursive-chain-repair
2026-10-02T00:08:57.6023064Z  * [new branch]        research/v16.49-audit-receipt -> origin/research/v16.49-audit-receipt
2026-10-02T00:08:57.6023900Z  * [new branch]        research/v16.49-fork-chain-interface -> origin/research/v16.49-fork-chain-interface
2026-10-02T00:08:57.6024667Z  * [new branch]        research/v16.50-audit-receipt -> origin/research/v16.50-audit-receipt
2026-10-02T00:08:57.6025519Z  * [new branch]        research/v16.50-recursive-binary-composition -> origin/research/v16.50-recursive-binary-composition
2026-10-02T00:08:57.6026329Z  * [new branch]        research/v16.51-audit-receipt -> origin/research/v16.51-audit-receipt
2026-10-02T00:08:57.6027049Z  * [new branch]        research/v16.51-ternary-interface -> origin/research/v16.51-ternary-interface
2026-10-02T00:08:57.6027798Z  * [new branch]        research/v16.52-artifact-transfer -> origin/research/v16.52-artifact-transfer
2026-10-02T00:08:57.6028727Z  * [new branch]        research/v16.52-audit-receipt -> origin/research/v16.52-audit-receipt
2026-10-02T00:08:57.6029781Z  * [new branch]        research/v16.52-recursive-ternary-composition -> origin/research/v16.52-recursive-ternary-composition
2026-10-02T00:08:57.6030665Z  * [new branch]        research/v16.53-four-child-boundary -> origin/research/v16.53-four-child-boundary
2026-10-02T00:08:57.6031391Z  * [new branch]        uqcf-history-assembly -> origin/uqcf-history-assembly
2026-10-02T00:08:57.6032017Z  * [new branch]        uqcf-history-backfill-final -> origin/uqcf-history-backfill-final
2026-10-02T00:08:57.6032660Z  * [new branch]        uqcf-history-backfill-v13 -> origin/uqcf-history-backfill-v13
2026-10-02T00:08:57.6033413Z  * [new branch]        uqcf-history-backfill-v13-final -> origin/uqcf-history-backfill-v13-final
2026-10-02T00:08:57.6034114Z  * [new branch]        uqcf-history-finalize -> origin/uqcf-history-finalize
2026-10-02T00:08:57.6034729Z  * [new branch]        uqcf-history-publish  -> origin/uqcf-history-publish
2026-10-02T00:08:57.6035359Z  * [new branch]        uqcf-history-v13-backfill -> origin/uqcf-history-v13-backfill
2026-10-02T00:08:57.6035901Z  * [new branch]        uqcf-v13-24-publish   -> origin/uqcf-v13-24-publish
2026-10-02T00:08:57.6036498Z  * [new branch]        uqcf-v13-24-publish2  -> origin/uqcf-v13-24-publish2
2026-10-02T00:08:57.6037080Z  * [new branch]        uqcf-v13-24-publish3  -> origin/uqcf-v13-24-publish3
2026-10-02T00:08:57.6037580Z  * [new branch]        uqcf-v13-24-publish4  -> origin/uqcf-v13-24-publish4
2026-10-02T00:08:57.6038161Z  * [new branch]        uqcf-v13-24-publish5  -> origin/uqcf-v13-24-publish5
2026-10-02T00:08:57.6038870Z  * [new branch]        uqcf-v13-24-publish6  -> origin/uqcf-v13-24-publish6
2026-10-02T00:08:57.6039441Z  * [new branch]        uqcf-v13-24-publish7  -> origin/uqcf-v13-24-publish7
2026-10-02T00:08:57.6039912Z  * [new branch]        uqcf-v13-24-publish8  -> origin/uqcf-v13-24-publish8
2026-10-02T00:08:57.6040488Z  * [new branch]        uqcf-v13-24-publish9  -> origin/uqcf-v13-24-publish9
2026-10-02T00:08:57.6041175Z  * [new tag]           uqcf-gem-v15.20-artifacts-34798361336-a1 -> uqcf-gem-v15.20-artifacts-34798361336-a1
2026-10-02T00:08:57.6042064Z  * [new tag]           uqcf-gem-v15.21-34800673289-a1 -> uqcf-gem-v15.21-34800673289-a1
2026-10-02T00:08:57.6042704Z  * [new tag]           uqcf-gem-v15.22-34802604073-a1 -> uqcf-gem-v15.22-34802604073-a1
2026-10-02T00:08:57.6043216Z  * [new tag]           uqcf-gem-v15.23-34847969675-a1 -> uqcf-gem-v15.23-34847969675-a1
2026-10-02T00:08:57.6043841Z  * [new tag]           uqcf-gem-v15.24-34861726829-a1 -> uqcf-gem-v15.24-34861726829-a1
2026-10-02T00:08:57.6044450Z  * [new tag]           uqcf-gem-v15.25-34869134143-a1 -> uqcf-gem-v15.25-34869134143-a1
2026-10-02T00:08:57.6045071Z  * [new tag]           uqcf-gem-v15.26-34870478027-a1 -> uqcf-gem-v15.26-34870478027-a1
2026-10-02T00:08:57.6045593Z  * [new tag]           uqcf-gem-v15.27-34876560680-a1 -> uqcf-gem-v15.27-34876560680-a1
2026-10-02T00:08:57.6046214Z  * [new tag]           uqcf-gem-v15.28-34892900423-a1 -> uqcf-gem-v15.28-34892900423-a1
2026-10-02T00:08:57.6046834Z  * [new tag]           uqcf-gem-v15.29-35251080495-a2 -> uqcf-gem-v15.29-35251080495-a2
2026-10-02T00:08:57.6047391Z  * [new tag]           uqcf-gem-v15.30-35266670939-a1 -> uqcf-gem-v15.30-35266670939-a1
2026-10-02T00:08:57.6049037Z [command]/usr/bin/git branch --list --remote origin/research/v16.53-four-child-boundary
2026-10-02T00:08:57.6049615Z   origin/research/v16.53-four-child-boundary
2026-10-02T00:08:57.6050595Z [command]/usr/bin/git rev-parse refs/remotes/origin/research/v16.53-four-child-boundary
2026-10-02T00:08:57.6051304Z 433b3c2e9ffb34e08e34b425d5c56dc1b8a851cf
2026-10-02T00:08:57.6052262Z ##[endgroup]
2026-10-02T00:08:57.6052757Z ##[group]Determining the checkout info
2026-10-02T00:08:57.6053288Z ##[endgroup]
2026-10-02T00:08:57.6053653Z [command]/usr/bin/git sparse-checkout disable
2026-10-02T00:08:57.6054615Z [command]/usr/bin/git config --local --unset-all extensions.worktreeConfig
2026-10-02T00:08:57.6055655Z ##[group]Checking out the ref
2026-10-02T00:08:57.6056594Z [command]/usr/bin/git checkout --progress --force -B research/v16.53-four-child-boundary refs/remotes/origin/research/v16.53-four-child-boundary
2026-10-02T00:08:58.7502119Z Updating files:  34% (2837/8238)
2026-10-02T00:08:59.0200882Z Updating files:  35% (2884/8238)
2026-10-02T00:08:59.2218178Z Updating files:  36% (2966/8238)
2026-10-02T00:08:59.6142541Z Updating files:  37% (3049/8238)
2026-10-02T00:08:59.6562555Z Updating files:  37% (3114/8238)
2026-10-02T00:08:59.9082111Z Updating files:  38% (3131/8238)
2026-10-02T00:09:00.3837703Z Updating files:  39% (3213/8238)
2026-10-02T00:09:00.6018052Z Updating files:  40% (3296/8238)
2026-10-02T00:09:00.6556088Z Updating files:  41% (3378/8238)
2026-10-02T00:09:01.0126668Z Updating files:  41% (3385/8238)
2026-10-02T00:09:01.4860990Z Updating files:  42% (3460/8238)
2026-10-02T00:09:01.5626398Z Updating files:  43% (3543/8238)
2026-10-02T00:09:01.6765553Z Updating files:  44% (3625/8238)
2026-10-02T00:09:02.1443582Z Updating files:  44% (3632/8238)
2026-10-02T00:09:02.4546329Z Updating files:  45% (3708/8238)
2026-10-02T00:09:02.6316918Z Updating files:  46% (3790/8238)
2026-10-02T00:09:02.9033429Z Updating files:  46% (3850/8238)
2026-10-02T00:09:03.3046704Z Updating files:  47% (3872/8238)
2026-10-02T00:09:03.3769910Z Updating files:  48% (3955/8238)
2026-10-02T00:09:03.6578252Z Updating files:  49% (4037/8238)
2026-10-02T00:09:03.9525980Z Updating files:  49% (4077/8238)
2026-10-02T00:09:04.2439579Z Updating files:  50% (4119/8238)
2026-10-02T00:09:04.3208152Z Updating files:  51% (4202/8238)
2026-10-02T00:09:04.6671068Z Updating files:  52% (4284/8238)
2026-10-02T00:09:05.0096620Z Updating files:  52% (4324/8238)
2026-10-02T00:09:05.3033193Z Updating files:  53% (4367/8238)
2026-10-02T00:09:05.3800806Z Updating files:  54% (4449/8238)
2026-10-02T00:09:05.6625240Z Updating files:  55% (4531/8238)
2026-10-02T00:09:06.0181112Z Updating files:  55% (4565/8238)
2026-10-02T00:09:06.3162068Z Updating files:  56% (4614/8238)
2026-10-02T00:09:06.3999660Z Updating files:  57% (4696/8238)
2026-10-02T00:09:06.6202323Z Updating files:  58% (4779/8238)
2026-10-02T00:09:06.8808761Z Updating files:  58% (4838/8238)
2026-10-02T00:09:07.0617077Z Updating files:  59% (4861/8238)
2026-10-02T00:09:07.3616723Z Updating files:  60% (4943/8238)
2026-10-02T00:09:07.3682547Z Updating files:  61% (5026/8238)
2026-10-02T00:09:07.3742365Z Updating files:  62% (5108/8238)
2026-10-02T00:09:07.3812727Z Updating files:  63% (5190/8238)
2026-10-02T00:09:07.6124403Z Updating files:  64% (5273/8238)
2026-10-02T00:09:07.7746721Z Updating files:  64% (5322/8238)
2026-10-02T00:09:07.7869517Z Updating files:  65% (5355/8238)
2026-10-02T00:09:07.8131081Z Updating files:  66% (5438/8238)
2026-10-02T00:09:07.8989971Z Updating files:  67% (5520/8238)
2026-10-02T00:09:08.0579454Z Updating files:  68% (5602/8238)
2026-10-02T00:09:08.0648259Z Updating files:  69% (5685/8238)
2026-10-02T00:09:08.0690926Z Updating files:  70% (5767/8238)
2026-10-02T00:09:08.1390636Z Updating files:  71% (5849/8238)
2026-10-02T00:09:08.1531763Z Updating files:  72% (5932/8238)
2026-10-02T00:09:08.1632071Z Updating files:  73% (6014/8238)
2026-10-02T00:09:08.1817329Z Updating files:  74% (6097/8238)
2026-10-02T00:09:08.2051599Z Updating files:  75% (6179/8238)
2026-10-02T00:09:08.2111122Z Updating files:  76% (6261/8238)
2026-10-02T00:09:08.3456921Z Updating files:  77% (6344/8238)
2026-10-02T00:09:08.5932229Z Updating files:  78% (6426/8238)
2026-10-02T00:09:08.6261558Z Updating files:  79% (6509/8238)
2026-10-02T00:09:08.7372383Z Updating files:  79% (6559/8238)
2026-10-02T00:09:08.9196218Z Updating files:  80% (6591/8238)
2026-10-02T00:09:09.0111580Z Updating files:  81% (6673/8238)
2026-10-02T00:09:09.0304033Z Updating files:  82% (6756/8238)
2026-10-02T00:09:09.0857737Z Updating files:  83% (6838/8238)
2026-10-02T00:09:09.0919381Z Updating files:  84% (6920/8238)
2026-10-02T00:09:09.0972650Z Updating files:  85% (7003/8238)
2026-10-02T00:09:09.1024711Z Updating files:  86% (7085/8238)
2026-10-02T00:09:09.1080952Z Updating files:  87% (7168/8238)
2026-10-02T00:09:09.1120078Z Updating files:  88% (7250/8238)
2026-10-02T00:09:09.1301108Z Updating files:  89% (7332/8238)
2026-10-02T00:09:09.5327679Z Updating files:  90% (7415/8238)
2026-10-02T00:09:09.5549227Z Updating files:  91% (7497/8238)
2026-10-02T00:09:09.6001435Z Updating files:  92% (7579/8238)
2026-10-02T00:09:09.6125303Z Updating files:  93% (7662/8238)
2026-10-02T00:09:09.6381283Z Updating files:  93% (7701/8238)
2026-10-02T00:09:09.6958528Z Updating files:  94% (7744/8238)
2026-10-02T00:09:09.7026110Z Updating files:  95% (7827/8238)
2026-10-02T00:09:09.7152775Z Updating files:  96% (7909/8238)
2026-10-02T00:09:09.7317695Z Updating files:  97% (7991/8238)
2026-10-02T00:09:09.7403140Z Updating files:  98% (8074/8238)
2026-10-02T00:09:09.7824234Z Updating files:  99% (8156/8238)
2026-10-02T00:09:09.7824991Z Updating files: 100% (8238/8238)
2026-10-02T00:09:09.7825886Z Updating files: 100% (8238/8238), done.
2026-10-02T00:09:09.9520652Z Switched to a new branch 'research/v16.53-four-child-boundary'
2026-10-02T00:09:09.9521999Z branch 'research/v16.53-four-child-boundary' set up to track 'origin/research/v16.53-four-child-boundary'.
2026-10-02T00:09:09.9773529Z ##[endgroup]
2026-10-02T00:09:09.9820958Z [command]/usr/bin/git log -1 --format=%H
2026-10-02T00:09:09.9856504Z 433b3c2e9ffb34e08e34b425d5c56dc1b8a851cf
2026-10-02T00:09:10.0534620Z ##[group]Run actions/setup-python@a26af69be951a213d495a4c3e4e4022e16d87065
2026-10-02T00:09:10.0535065Z with:
2026-10-02T00:09:10.0535301Z   python-version: 3.11
2026-10-02T00:09:10.0535555Z   check-latest: false
2026-10-02T00:09:10.0538233Z   token: ***
2026-10-02T00:09:10.0538470Z   update-environment: true
2026-10-02T00:09:10.0538882Z   allow-prereleases: false
2026-10-02T00:09:10.0539118Z   freethreaded: false
2026-10-02T00:09:10.0539336Z ##[endgroup]
2026-10-02T00:09:10.1940176Z ##[group]Installed versions
2026-10-02T00:09:10.4433842Z (node:2478) [DEP0040] DeprecationWarning: The `punycode` module is deprecated. Please use a userland alternative instead.
2026-10-02T00:09:10.4434588Z (Use `node --trace-deprecation ...` to show where the warning was created)
2026-10-02T00:09:10.4435371Z Successfully set up CPython (3.11.16)
2026-10-02T00:09:10.4436165Z ##[endgroup]
2026-10-02T00:09:10.6029252Z ##[group]Run python -m pip install sympy==1.13.3 mpmath==1.3.0
2026-10-02T00:09:10.6029803Z [36;1mpython -m pip install sympy==1.13.3 mpmath==1.3.0[0m
2026-10-02T00:09:11.1061816Z shell: /usr/bin/bash -e {0}
2026-10-02T00:09:11.1062130Z env:
2026-10-02T00:09:11.1062443Z   pythonLocation: /opt/hostedtoolcache/Python/3.11.16/x64
2026-10-02T00:09:11.1062904Z   PKG_CONFIG_PATH: /opt/hostedtoolcache/Python/3.11.16/x64/lib/pkgconfig
2026-10-02T00:09:11.1063335Z   Python_ROOT_DIR: /opt/hostedtoolcache/Python/3.11.16/x64
2026-10-02T00:09:11.1063718Z   Python2_ROOT_DIR: /opt/hostedtoolcache/Python/3.11.16/x64
2026-10-02T00:09:11.1064095Z   Python3_ROOT_DIR: /opt/hostedtoolcache/Python/3.11.16/x64
2026-10-02T00:09:11.1064484Z   LD_LIBRARY_PATH: /opt/hostedtoolcache/Python/3.11.16/x64/lib
2026-10-02T00:09:11.1064852Z ##[endgroup]
2026-10-02T00:09:13.8483052Z Collecting sympy==1.13.3
2026-10-02T00:09:13.9016680Z   Downloading sympy-1.13.3-py3-none-any.whl.metadata (12 kB)
2026-10-02T00:09:13.9168969Z Collecting mpmath==1.3.0
2026-10-02T00:09:13.9204888Z   Downloading mpmath-1.3.0-py3-none-any.whl.metadata (8.6 kB)
2026-10-02T00:09:13.9292714Z Downloading sympy-1.13.3-py3-none-any.whl (6.2 MB)
2026-10-02T00:09:13.9889088Z    ━━━━━━━━━━━━━━━━━━━━━━━━━━━━━━━━━━━━━━━━ 6.2/6.2 MB 151.6 MB/s  0:00:00
2026-10-02T00:09:13.9926680Z Downloading mpmath-1.3.0-py3-none-any.whl (536 kB)
2026-10-02T00:09:13.9977726Z    ━━━━━━━━━━━━━━━━━━━━━━━━━━━━━━━━━━━━━━━━ 536.2/536.2 kB 93.6 MB/s  0:00:00
2026-10-02T00:09:14.1790294Z Installing collected packages: mpmath, sympy
2026-10-02T00:09:20.1043885Z 
2026-10-02T00:09:20.1053600Z Successfully installed mpmath-1.3.0 sympy-1.13.3
2026-10-02T00:09:20.1624126Z ##[group]Run python ResearchHistory/UQCF-GEM/demos/v16.53-four-child-boundary/run.py phase out/science
2026-10-02T00:09:20.1625112Z [36;1mpython ResearchHistory/UQCF-GEM/demos/v16.53-four-child-boundary/run.py phase out/science[0m
2026-10-02T00:09:20.1696640Z shell: /usr/bin/bash -e {0}
2026-10-02T00:09:20.1696909Z env:
2026-10-02T00:09:20.1697187Z   pythonLocation: /opt/hostedtoolcache/Python/3.11.16/x64
2026-10-02T00:09:20.1697627Z   PKG_CONFIG_PATH: /opt/hostedtoolcache/Python/3.11.16/x64/lib/pkgconfig
2026-10-02T00:09:20.1698059Z   Python_ROOT_DIR: /opt/hostedtoolcache/Python/3.11.16/x64
2026-10-02T00:09:20.1698435Z   Python2_ROOT_DIR: /opt/hostedtoolcache/Python/3.11.16/x64
2026-10-02T00:09:20.1698947Z   Python3_ROOT_DIR: /opt/hostedtoolcache/Python/3.11.16/x64
2026-10-02T00:09:20.1699322Z   LD_LIBRARY_PATH: /opt/hostedtoolcache/Python/3.11.16/x64/lib
2026-10-02T00:09:20.1699641Z ##[endgroup]
2026-10-02T00:20:30.9965369Z ##[group]Run python ResearchHistory/UQCF-GEM/demos/v16.53-four-child-boundary/run.py package out/science science
2026-10-02T00:20:30.9966151Z [36;1mpython ResearchHistory/UQCF-GEM/demos/v16.53-four-child-boundary/run.py package out/science science[0m
2026-10-02T00:20:31.0035499Z shell: /usr/bin/bash -e {0}
2026-10-02T00:20:31.0035756Z env:
2026-10-02T00:20:31.0036032Z   pythonLocation: /opt/hostedtoolcache/Python/3.11.16/x64
2026-10-02T00:20:31.0036471Z   PKG_CONFIG_PATH: /opt/hostedtoolcache/Python/3.11.16/x64/lib/pkgconfig
2026-10-02T00:20:31.0036897Z   Python_ROOT_DIR: /opt/hostedtoolcache/Python/3.11.16/x64
2026-10-02T00:20:31.0037269Z   Python2_ROOT_DIR: /opt/hostedtoolcache/Python/3.11.16/x64
2026-10-02T00:20:31.0037644Z   Python3_ROOT_DIR: /opt/hostedtoolcache/Python/3.11.16/x64
2026-10-02T00:20:31.0038012Z   LD_LIBRARY_PATH: /opt/hostedtoolcache/Python/3.11.16/x64/lib
2026-10-02T00:20:31.0038332Z ##[endgroup]
2026-10-02T00:20:41.9424481Z {"package": "VERIFIED", "source_members": 2049}
2026-10-02T00:20:41.9657161Z ##[group]Run actions/upload-artifact@ea165f8d65b6e75b540449e92b4886f43607fa02
2026-10-02T00:20:41.9657571Z with:
2026-10-02T00:20:41.9657856Z   name: v1653-science-433b3c2e9ffb34e08e34b425d5c56dc1b8a851cf
2026-10-02T00:20:41.9658203Z   path: out/science
2026-10-02T00:20:41.9658423Z   if-no-files-found: error
2026-10-02T00:20:41.9658940Z   compression-level: 6
2026-10-02T00:20:41.9659214Z   overwrite: false
2026-10-02T00:20:41.9659435Z   include-hidden-files: false
2026-10-02T00:20:41.9659669Z env:
2026-10-02T00:20:41.9659925Z   pythonLocation: /opt/hostedtoolcache/Python/3.11.16/x64
2026-10-02T00:20:41.9660347Z   PKG_CONFIG_PATH: /opt/hostedtoolcache/Python/3.11.16/x64/lib/pkgconfig
2026-10-02T00:20:41.9660754Z   Python_ROOT_DIR: /opt/hostedtoolcache/Python/3.11.16/x64
2026-10-02T00:20:41.9661122Z   Python2_ROOT_DIR: /opt/hostedtoolcache/Python/3.11.16/x64
2026-10-02T00:20:41.9661488Z   Python3_ROOT_DIR: /opt/hostedtoolcache/Python/3.11.16/x64
2026-10-02T00:20:41.9661897Z   LD_LIBRARY_PATH: /opt/hostedtoolcache/Python/3.11.16/x64/lib
2026-10-02T00:20:41.9662220Z ##[endgroup]
2026-10-02T00:20:42.1358221Z (node:3098) [DEP0040] DeprecationWarning: The `punycode` module is deprecated. Please use a userland alternative instead.
2026-10-02T00:20:42.1359234Z (Use `node --trace-deprecation ...` to show where the warning was created)
2026-10-02T00:20:42.1714937Z With the provided path, there will be 133 files uploaded
2026-10-02T00:20:42.1721959Z Artifact name is valid!
2026-10-02T00:20:42.1722550Z Root directory input is valid!
2026-10-02T00:20:42.4079133Z Beginning upload of artifact content to blob storage
2026-10-02T00:20:42.7144357Z (node:3098) [DEP0169] DeprecationWarning: `url.parse()` behavior is not standardized and prone to errors that have security implications. Use the WHATWG URL API instead. CVEs are not issued for `url.parse()` vulnerabilities.
2026-10-02T00:20:43.0703131Z Uploaded bytes 8388608
2026-10-02T00:20:43.3656446Z Uploaded bytes 16777216
2026-10-02T00:20:43.5354071Z Uploaded bytes 25165824
2026-10-02T00:20:43.7433208Z Uploaded bytes 33554432
2026-10-02T00:20:44.1090890Z Uploaded bytes 41943040
2026-10-02T00:20:44.4268203Z Uploaded bytes 50331648
2026-10-02T00:20:44.5961598Z Uploaded bytes 58720256
2026-10-02T00:20:45.0992470Z Uploaded bytes 67108864
2026-10-02T00:20:45.4838296Z Uploaded bytes 75497472
2026-10-02T00:20:45.8149068Z Uploaded bytes 83886080
2026-10-02T00:20:46.1709832Z Uploaded bytes 92274688
2026-10-02T00:20:46.5501301Z Uploaded bytes 100663296
2026-10-02T00:20:46.9499209Z Uploaded bytes 109051904
2026-10-02T00:20:47.0819830Z Uploaded bytes 114011417
2026-10-02T00:20:47.1116384Z Finished uploading artifact content to blob storage!
2026-10-02T00:20:47.1119694Z SHA256 digest of uploaded artifact zip is 089a43e34bcab29722429896610f10599b8c971fa70545930276f4c56763961c
2026-10-02T00:20:47.1122311Z Finalizing artifact upload
2026-10-02T00:20:47.3129627Z Artifact v1653-science-433b3c2e9ffb34e08e34b425d5c56dc1b8a851cf.zip successfully finalized. Artifact ID 11201589141
2026-10-02T00:20:47.3130665Z Artifact v1653-science-433b3c2e9ffb34e08e34b425d5c56dc1b8a851cf has been successfully uploaded! Final size is 114011417 bytes. Artifact ID is 11201589141
2026-10-02T00:20:47.3137586Z Artifact download URL: https://github.com/proteinfoldingengine/WetLabEngine/actions/runs/36944252886/artifacts/11201589141
2026-10-02T00:20:47.3348116Z Post job cleanup.
2026-10-02T00:20:47.4646768Z (node:3113) [DEP0040] DeprecationWarning: The `punycode` module is deprecated. Please use a userland alternative instead.
2026-10-02T00:20:47.4647521Z (Use `node --trace-deprecation ...` to show where the warning was created)
2026-10-02T00:20:47.4841154Z Post job cleanup.
2026-10-02T00:20:47.5890504Z [command]/usr/bin/git version
2026-10-02T00:20:47.5937025Z git version 2.55.0
2026-10-02T00:20:47.5977746Z Temporarily overriding HOME='/home/runner/work/_temp/785a2ad9-3b84-4529-a284-97537e820f43' before making global git config changes
2026-10-02T00:20:47.5979668Z Adding repository directory to the temporary git global config as a safe directory
2026-10-02T00:20:47.5984146Z [command]/usr/bin/git config --global --add safe.directory /home/runner/work/WetLabEngine/WetLabEngine
2026-10-02T00:20:47.6033703Z [command]/usr/bin/git config --local --name-only --get-regexp core\.sshCommand
2026-10-02T00:20:47.6097492Z [command]/usr/bin/git submodule foreach --recursive sh -c "git config --local --name-only --get-regexp 'core\.sshCommand' && git config --local --unset-all 'core.sshCommand' || :"
2026-10-02T00:20:47.6387576Z [command]/usr/bin/git config --local --name-only --get-regexp http\.https\:\/\/github\.com\/\.extraheader
2026-10-02T00:20:47.6414945Z http.https://github.com/.extraheader
2026-10-02T00:20:47.6426947Z [command]/usr/bin/git config --local --unset-all http.https://github.com/.extraheader
2026-10-02T00:20:47.6465803Z [command]/usr/bin/git submodule foreach --recursive sh -c "git config --local --name-only --get-regexp 'http\.https\:\/\/github\.com\/\.extraheader' && git config --local --unset-all 'http.https://github.com/.extraheader' || :"
2026-10-02T00:20:47.6806185Z [command]/usr/bin/git config --local --name-only --get-regexp ^includeIf\.gitdir:
2026-10-02T00:20:47.6854852Z [command]/usr/bin/git submodule foreach --recursive git config --local --show-origin --name-only --get-regexp remote.origin.url
2026-10-02T00:20:47.7278982Z Cleaning up orphan processes
2026-10-02T00:20:47.7605581Z ##[warning]Node.js 20 is deprecated. The following actions target Node.js 20 but are being forced to run on Node.js 24: actions/checkout@11d5960a326750d5838078e36cf38b85af677262, actions/setup-python@a26af69be951a213d495a4c3e4e4022e16d87065, actions/upload-artifact@ea165f8d65b6e75b540449e92b4886f43607fa02. For more information see: https://github.blog/changelog/2025-09-19-deprecation-of-node-20-on-github-actions-runners/
