2026-10-09T02:35:05.6087977Z Current runner version: '2.337.0'
2026-10-09T02:35:05.6104833Z ##[group]Runner Image Provisioner
2026-10-09T02:35:05.6105422Z Hosted Compute Agent
2026-10-09T02:35:05.6106045Z Version: 20261002.596
2026-10-09T02:35:05.6106430Z Commit: c3d12f3313a95f25162a1503be624f3b0617f8c0
2026-10-09T02:35:05.6106873Z Build Date: 2026-10-02T22:28:27Z
2026-10-09T02:35:05.6107334Z Worker ID: {06223c48-6311-4d30-9c7a-bb7b57aeda91}
2026-10-09T02:35:05.6107820Z Region: southcentralus
2026-10-09T02:35:05.6108207Z Cloud: Azure
2026-10-09T02:35:05.6108536Z ##[endgroup]
2026-10-09T02:35:05.6109308Z ##[group]Operating System
2026-10-09T02:35:05.6109725Z Ubuntu
2026-10-09T02:35:05.6110081Z 24.04.5
2026-10-09T02:35:05.6110430Z LTS
2026-10-09T02:35:05.6110761Z ##[endgroup]
2026-10-09T02:35:05.6111098Z ##[group]Runner Image
2026-10-09T02:35:05.6111501Z Image: ubuntu-24.04
2026-10-09T02:35:05.6111909Z Version: 20261004.327.1
2026-10-09T02:35:05.6112679Z Included Software: https://github.com/actions/runner-images/blob/ubuntu24/20261004.327/images/ubuntu/Ubuntu2404-Readme.md
2026-10-09T02:35:05.6113571Z Image Release: https://github.com/actions/runner-images/releases/tag/ubuntu24%2F20261004.327
2026-10-09T02:35:05.6114192Z ##[endgroup]
2026-10-09T02:35:05.6114865Z ##[group]GITHUB_TOKEN Permissions
2026-10-09T02:35:05.6116651Z Contents: read
2026-10-09T02:35:05.6117009Z Metadata: read
2026-10-09T02:35:05.6117384Z ##[endgroup]
2026-10-09T02:35:05.6118715Z Secret source: Actions
2026-10-09T02:35:05.6119323Z Cache mode: write
2026-10-09T02:35:05.6119753Z Prepare workflow directory
2026-10-09T02:35:05.6318696Z Prepare all required actions
2026-10-09T02:35:05.6350565Z Getting action download info
2026-10-09T02:35:05.8887102Z Download action repository 'actions/checkout@v4' (SHA:11d5960a326750d5838078e36cf38b85af677262)
2026-10-09T02:35:05.9588769Z Download action repository 'actions/upload-artifact@v4' (SHA:ea165f8d65b6e75b540449e92b4886f43607fa02)
2026-10-09T02:35:06.1405460Z Complete job name: verification
2026-10-09T02:35:06.1851439Z ##[group]Run actions/checkout@v4
2026-10-09T02:35:06.1851860Z with:
2026-10-09T02:35:06.1852103Z   path: research_snapshot
2026-10-09T02:35:06.1852384Z   persist-credentials: false
2026-10-09T02:35:06.1852813Z   sparse-checkout: ResearchHistory/UQCF-GEM/research/physical-bridge
.github/scripts

2026-10-09T02:35:06.1853305Z   repository: proteinfoldingengine/WetLabEngine
2026-10-09T02:35:06.1855354Z   token: ***
2026-10-09T02:35:06.1855589Z   ssh-strict: true
2026-10-09T02:35:06.1855952Z   ssh-user: git
2026-10-09T02:35:06.1856183Z   clean: true
2026-10-09T02:35:06.1856427Z   sparse-checkout-cone-mode: true
2026-10-09T02:35:06.1856715Z   fetch-depth: 1
2026-10-09T02:35:06.1856955Z   fetch-tags: false
2026-10-09T02:35:06.1857198Z   show-progress: true
2026-10-09T02:35:06.1857446Z   lfs: false
2026-10-09T02:35:06.1857680Z   submodules: false
2026-10-09T02:35:06.1857929Z   set-safe-directory: true
2026-10-09T02:35:06.1858210Z   allow-unsafe-pr-checkout: false
2026-10-09T02:35:06.1858589Z ##[endgroup]
2026-10-09T02:35:06.2532066Z Syncing repository: proteinfoldingengine/WetLabEngine
2026-10-09T02:35:06.2533689Z ##[group]Getting Git version info
2026-10-09T02:35:06.2534414Z Working directory is '/home/runner/work/WetLabEngine/WetLabEngine/research_snapshot'
2026-10-09T02:35:06.2535387Z [command]/usr/bin/git version
2026-10-09T02:35:06.2616266Z git version 2.55.0
2026-10-09T02:35:06.2628829Z ##[endgroup]
2026-10-09T02:35:06.2638161Z Temporarily overriding HOME='/home/runner/work/_temp/ee41ad2c-ac80-4ed1-922a-a16068d79681' before making global git config changes
2026-10-09T02:35:06.2641275Z Adding repository directory to the temporary git global config as a safe directory
2026-10-09T02:35:06.2642461Z [command]/usr/bin/git config --global --add safe.directory /home/runner/work/WetLabEngine/WetLabEngine/research_snapshot
2026-10-09T02:35:06.2684756Z ##[group]Initializing the repository
2026-10-09T02:35:06.2688169Z [command]/usr/bin/git init /home/runner/work/WetLabEngine/WetLabEngine/research_snapshot
2026-10-09T02:35:06.2789260Z hint: Using 'master' as the name for the initial branch. This default branch name
2026-10-09T02:35:06.2790510Z hint: will change to "main" in Git 3.0. To configure the initial branch name
2026-10-09T02:35:06.2791715Z hint: to use in all of your new repositories, which will suppress this warning,
2026-10-09T02:35:06.2792468Z hint: call:
2026-10-09T02:35:06.2792871Z hint:
2026-10-09T02:35:06.2794086Z hint: 	git config --global init.defaultBranch <name>
2026-10-09T02:35:06.2805159Z hint:
2026-10-09T02:35:06.2806502Z hint: Names commonly chosen instead of 'master' are 'main', 'trunk' and
2026-10-09T02:35:06.2807311Z hint: 'development'. The just-created branch can be renamed via this command:
2026-10-09T02:35:06.2807974Z hint:
2026-10-09T02:35:06.2808400Z hint: 	git branch -m <name>
2026-10-09T02:35:06.2808850Z hint:
2026-10-09T02:35:06.2809437Z hint: Disable this message with "git config set advice.defaultBranchName false"
2026-10-09T02:35:06.2810520Z Initialized empty Git repository in /home/runner/work/WetLabEngine/WetLabEngine/research_snapshot/.git/
2026-10-09T02:35:06.2813800Z [command]/usr/bin/git remote add origin https://github.com/proteinfoldingengine/WetLabEngine
2026-10-09T02:35:06.2844563Z ##[endgroup]
2026-10-09T02:35:06.2845243Z ##[group]Disabling automatic garbage collection
2026-10-09T02:35:06.2847335Z [command]/usr/bin/git config --local gc.auto 0
2026-10-09T02:35:06.2875014Z ##[endgroup]
2026-10-09T02:35:06.2875515Z ##[group]Setting up auth
2026-10-09T02:35:06.2879954Z [command]/usr/bin/git config --local --name-only --get-regexp core\.sshCommand
2026-10-09T02:35:06.2910530Z [command]/usr/bin/git submodule foreach --recursive sh -c "git config --local --name-only --get-regexp 'core\.sshCommand' && git config --local --unset-all 'core.sshCommand' || :"
2026-10-09T02:35:06.3217857Z [command]/usr/bin/git config --local --name-only --get-regexp http\.https\:\/\/github\.com\/\.extraheader
2026-10-09T02:35:06.3248241Z [command]/usr/bin/git submodule foreach --recursive sh -c "git config --local --name-only --get-regexp 'http\.https\:\/\/github\.com\/\.extraheader' && git config --local --unset-all 'http.https://github.com/.extraheader' || :"
2026-10-09T02:35:06.3423218Z [command]/usr/bin/git config --local --name-only --get-regexp ^includeIf\.gitdir:
2026-10-09T02:35:06.3452625Z [command]/usr/bin/git submodule foreach --recursive git config --local --show-origin --name-only --get-regexp remote.origin.url
2026-10-09T02:35:06.3626270Z [command]/usr/bin/git config --local http.https://github.com/.extraheader AUTHORIZATION: basic ***
2026-10-09T02:35:06.3658845Z ##[endgroup]
2026-10-09T02:35:06.3659589Z ##[group]Fetching the repository
2026-10-09T02:35:06.3666160Z [command]/usr/bin/git -c protocol.version=2 fetch --no-tags --prune --no-recurse-submodules --filter=blob:none --depth=1 origin +08bb774ad90d2747c14194379af08ab72d85de0d:refs/remotes/origin/research/uqcf-overlapping-guard-exchange
2026-10-09T02:35:06.8387221Z From https://github.com/proteinfoldingengine/WetLabEngine
2026-10-09T02:35:06.8388429Z  * [new ref]         08bb774ad90d2747c14194379af08ab72d85de0d -> origin/research/uqcf-overlapping-guard-exchange
2026-10-09T02:35:06.8391576Z ##[endgroup]
2026-10-09T02:35:06.8392394Z ##[group]Determining the checkout info
2026-10-09T02:35:06.8393912Z ##[endgroup]
2026-10-09T02:35:06.8394625Z ##[group]Setting up sparse checkout
2026-10-09T02:35:06.8399943Z [command]/usr/bin/git sparse-checkout set ResearchHistory/UQCF-GEM/research/physical-bridge .github/scripts
2026-10-09T02:35:06.8442611Z ##[endgroup]
2026-10-09T02:35:06.8443465Z ##[group]Checking out the ref
2026-10-09T02:35:06.8446849Z [command]/usr/bin/git checkout --progress --force -B research/uqcf-overlapping-guard-exchange refs/remotes/origin/research/uqcf-overlapping-guard-exchange
2026-10-09T02:35:07.7519697Z Switched to a new branch 'research/uqcf-overlapping-guard-exchange'
2026-10-09T02:35:07.7530148Z branch 'research/uqcf-overlapping-guard-exchange' set up to track 'origin/research/uqcf-overlapping-guard-exchange'.
2026-10-09T02:35:07.7533757Z ##[endgroup]
2026-10-09T02:35:07.7579200Z [command]/usr/bin/git log -1 --format=%H
2026-10-09T02:35:07.7602099Z 08bb774ad90d2747c14194379af08ab72d85de0d
2026-10-09T02:35:07.7609333Z ##[group]Removing auth
2026-10-09T02:35:07.7611470Z [command]/usr/bin/git config --local --name-only --get-regexp core\.sshCommand
2026-10-09T02:35:07.7637831Z [command]/usr/bin/git submodule foreach --recursive sh -c "git config --local --name-only --get-regexp 'core\.sshCommand' && git config --local --unset-all 'core.sshCommand' || :"
2026-10-09T02:35:07.7826164Z [command]/usr/bin/git config --local --name-only --get-regexp http\.https\:\/\/github\.com\/\.extraheader
2026-10-09T02:35:07.7849414Z http.https://github.com/.extraheader
2026-10-09T02:35:07.7854387Z [command]/usr/bin/git config --local --unset-all http.https://github.com/.extraheader
2026-10-09T02:35:07.7883595Z [command]/usr/bin/git submodule foreach --recursive sh -c "git config --local --name-only --get-regexp 'http\.https\:\/\/github\.com\/\.extraheader' && git config --local --unset-all 'http.https://github.com/.extraheader' || :"
2026-10-09T02:35:07.8062952Z [command]/usr/bin/git config --local --name-only --get-regexp ^includeIf\.gitdir:
2026-10-09T02:35:07.8090467Z [command]/usr/bin/git submodule foreach --recursive git config --local --show-origin --name-only --get-regexp remote.origin.url
2026-10-09T02:35:07.8270602Z ##[endgroup]
2026-10-09T02:35:07.9771256Z ##[group]Run set -euo pipefail
2026-10-09T02:35:07.9771530Z [36;1mset -euo pipefail[0m
2026-10-09T02:35:07.9771714Z [36;1mmkdir shared_verification[0m
2026-10-09T02:35:07.9771994Z [36;1mROOT=research_snapshot/ResearchHistory/UQCF-GEM/research/physical-bridge[0m
2026-10-09T02:35:07.9772694Z [36;1mpython3 -m unittest discover -s "$ROOT/shared_host" -p test_shared.py -v 2>&1 | tee shared_verification/contracts.log[0m
2026-10-09T02:35:07.9773388Z [36;1mpython3 "$ROOT/shared_host/producer.py" shared_verification/certificate.json | tee shared_verification/counts.json[0m
2026-10-09T02:35:07.9773773Z [36;1mpython3 "$ROOT/shared_host/producer.py" /tmp/repeated.json[0m
2026-10-09T02:35:07.9774183Z [36;1mcmp shared_verification/certificate.json /tmp/repeated.json[0m
2026-10-09T02:35:07.9774575Z [36;1mpython3 "$ROOT/shared_host/independent.py" shared_verification/certificate.json | tee shared_verification/independent.json[0m
2026-10-09T02:35:07.9775105Z [36;1mpython3 -m unittest discover -s "$ROOT/renewable_handoff" -p test_handoff.py -v 2>&1 | tee shared_verification/inherited_handoff.log[0m
2026-10-09T02:35:07.9775568Z [36;1mecho "scientific_sha=$(git -C research_snapshot rev-parse HEAD)" > shared_verification/provenance.txt[0m
2026-10-09T02:35:07.9776044Z [36;1mecho "workflow_sha=$GITHUB_SHA" >> shared_verification/provenance.txt[0m
2026-10-09T02:35:07.9776389Z [36;1msha256sum shared_verification/certificate.json > shared_verification/certificate.sha256[0m
2026-10-09T02:35:08.0003746Z shell: /usr/bin/bash --noprofile --norc -e -o pipefail {0}
2026-10-09T02:35:08.0003988Z ##[endgroup]
2026-10-09T02:35:13.4495630Z test_bound (test_shared.Contracts.test_bound) ... ok
2026-10-09T02:35:14.3532875Z test_broken_substitution (test_shared.Contracts.test_broken_substitution) ... ok
2026-10-09T02:35:15.2580847Z test_changed_plan (test_shared.Contracts.test_changed_plan) ... ok
2026-10-09T02:35:15.3636687Z test_complete (test_shared.Contracts.test_complete) ... ok
2026-10-09T02:35:15.3642172Z test_coupled_positive (test_shared.Contracts.test_coupled_positive) ... ok
2026-10-09T02:35:16.3061909Z test_duplicate_source (test_shared.Contracts.test_duplicate_source) ... ok
2026-10-09T02:35:17.1470112Z test_false_admissibility (test_shared.Contracts.test_false_admissibility) ... ok
2026-10-09T02:35:18.0861649Z test_invalid_intermediate (test_shared.Contracts.test_invalid_intermediate) ... ok
2026-10-09T02:35:18.9116628Z test_marker_retained (test_shared.Contracts.test_marker_retained) ... ok
2026-10-09T02:35:19.8451538Z test_missing_goal (test_shared.Contracts.test_missing_goal) ... ok
2026-10-09T02:35:20.8357048Z test_missing_source (test_shared.Contracts.test_missing_source) ... ok
2026-10-09T02:35:21.6855166Z test_observer (test_shared.Contracts.test_observer) ... ok
2026-10-09T02:35:22.6627674Z test_optimality (test_shared.Contracts.test_optimality) ... ok
2026-10-09T02:35:23.5468432Z test_progress (test_shared.Contracts.test_progress) ... ok
2026-10-09T02:35:24.4066839Z test_provenance (test_shared.Contracts.test_provenance) ... ok
2026-10-09T02:35:25.2419545Z test_substituted_path (test_shared.Contracts.test_substituted_path) ... ok
2026-10-09T02:35:26.1485251Z test_type (test_shared.Contracts.test_type) ... ok
2026-10-09T02:35:27.0797040Z test_wrong_floor (test_shared.Contracts.test_wrong_floor) ... ok
2026-10-09T02:35:28.0491861Z test_wrong_target (test_shared.Contracts.test_wrong_target) ... ok
2026-10-09T02:35:28.9647684Z test_wrong_tau (test_shared.Contracts.test_wrong_tau) ... ok
2026-10-09T02:35:28.9647992Z 
2026-10-09T02:35:28.9648277Z ----------------------------------------------------------------------
2026-10-09T02:35:28.9648752Z Ran 20 tests in 20.922s
2026-10-09T02:35:28.9648871Z 
2026-10-09T02:35:28.9648944Z OK
2026-10-09T02:35:31.3900546Z {"sources_a": 4096, "sources_b": 768, "handoffs": 8468, "goals": 6768}
2026-10-09T02:35:33.7854004Z {"sources_a": 4096, "sources_b": 768, "handoffs": 8468, "goals": 6768}
2026-10-09T02:35:36.6569462Z PASS independent complete reconstruction
2026-10-09T02:35:36.8091326Z test_duplicate_source (test_handoff.Contracts.test_duplicate_source) ... ok
2026-10-09T02:35:36.8243148Z test_false_observer_claim (test_handoff.Contracts.test_false_observer_claim) ... ok
2026-10-09T02:35:36.8387065Z test_false_optimality (test_handoff.Contracts.test_false_optimality) ... ok
2026-10-09T02:35:36.8551327Z test_false_progress_claim (test_handoff.Contracts.test_false_progress_claim) ... ok
2026-10-09T02:35:36.8727360Z test_false_provenance (test_handoff.Contracts.test_false_provenance) ... ok
2026-10-09T02:35:36.8776849Z test_full_independent_universe (test_handoff.Contracts.test_full_independent_universe) ... ok
2026-10-09T02:35:36.8920516Z test_illegal_intermediate (test_handoff.Contracts.test_illegal_intermediate) ... ok
2026-10-09T02:35:36.9113532Z test_invalid_spectator_classification (test_handoff.Contracts.test_invalid_spectator_classification) ... ok
2026-10-09T02:35:36.9256147Z test_missing_path (test_handoff.Contracts.test_missing_path) ... ok
2026-10-09T02:35:36.9399894Z test_missing_source (test_handoff.Contracts.test_missing_source) ... ok
2026-10-09T02:35:36.9543323Z test_numeric_boolean_substitution (test_handoff.Contracts.test_numeric_boolean_substitution) ... ok
2026-10-09T02:35:36.9687563Z test_substituted_path (test_handoff.Contracts.test_substituted_path) ... ok
2026-10-09T02:35:36.9831134Z test_unremoved_marker (test_handoff.Contracts.test_unremoved_marker) ... ok
2026-10-09T02:35:36.9973722Z test_wrong_floor_minimum (test_handoff.Contracts.test_wrong_floor_minimum) ... ok
2026-10-09T02:35:37.0135337Z test_wrong_renewal (test_handoff.Contracts.test_wrong_renewal) ... ok
2026-10-09T02:35:37.0277815Z test_wrong_tau (test_handoff.Contracts.test_wrong_tau) ... ok
2026-10-09T02:35:37.0278132Z 
2026-10-09T02:35:37.0278503Z ----------------------------------------------------------------------
2026-10-09T02:35:37.0278926Z Ran 16 tests in 0.328s
2026-10-09T02:35:37.0279034Z 
2026-10-09T02:35:37.0279082Z OK
2026-10-09T02:35:37.0527128Z ##[group]Run actions/upload-artifact@v4
2026-10-09T02:35:37.0527286Z with:
2026-10-09T02:35:37.0527405Z   name: c4-shared-verification
2026-10-09T02:35:37.0527548Z   path: shared_verification/
2026-10-09T02:35:37.0527681Z   if-no-files-found: warn
2026-10-09T02:35:37.0527816Z   compression-level: 6
2026-10-09T02:35:37.0527939Z   overwrite: false
2026-10-09T02:35:37.0528060Z   include-hidden-files: false
2026-10-09T02:35:37.0528197Z ##[endgroup]
2026-10-09T02:35:37.1576834Z (node:2210) [DEP0040] DeprecationWarning: The `punycode` module is deprecated. Please use a userland alternative instead.
2026-10-09T02:35:37.1577353Z (Use `node --trace-deprecation ...` to show where the warning was created)
2026-10-09T02:35:37.1624562Z With the provided path, there will be 7 files uploaded
2026-10-09T02:35:37.1627935Z Artifact name is valid!
2026-10-09T02:35:37.1628388Z Root directory input is valid!
2026-10-09T02:35:37.4496813Z Beginning upload of artifact content to blob storage
2026-10-09T02:35:37.5267713Z (node:2210) [DEP0169] DeprecationWarning: `url.parse()` behavior is not standardized and prone to errors that have security implications. Use the WHATWG URL API instead. CVEs are not issued for `url.parse()` vulnerabilities.
2026-10-09T02:35:37.8280876Z Uploaded bytes 373888
2026-10-09T02:35:37.8731158Z Finished uploading artifact content to blob storage!
2026-10-09T02:35:37.8731648Z SHA256 digest of uploaded artifact zip is 03b9370a889fd8322259a9a6f1732632870816429fce096e80ae1853a05f581e
2026-10-09T02:35:37.8733291Z Finalizing artifact upload
2026-10-09T02:35:38.1135232Z Artifact c4-shared-verification.zip successfully finalized. Artifact ID 11591887419
2026-10-09T02:35:38.1136135Z Artifact c4-shared-verification has been successfully uploaded! Final size is 373888 bytes. Artifact ID is 11591887419
2026-10-09T02:35:38.1139975Z Artifact download URL: https://github.com/proteinfoldingengine/WetLabEngine/actions/runs/37875260741/artifacts/11591887419
2026-10-09T02:35:38.1295900Z Post job cleanup.
2026-10-09T02:35:38.1848113Z [command]/usr/bin/git version
2026-10-09T02:35:38.1875532Z git version 2.55.0
2026-10-09T02:35:38.1900468Z Temporarily overriding HOME='/home/runner/work/_temp/92bd1856-8473-4a51-aa14-4d7071aac327' before making global git config changes
2026-10-09T02:35:38.1900988Z Adding repository directory to the temporary git global config as a safe directory
2026-10-09T02:35:38.1903937Z [command]/usr/bin/git config --global --add safe.directory /home/runner/work/WetLabEngine/WetLabEngine/research_snapshot
2026-10-09T02:35:38.1933411Z [command]/usr/bin/git config --local --name-only --get-regexp core\.sshCommand
2026-10-09T02:35:38.1958492Z [command]/usr/bin/git submodule foreach --recursive sh -c "git config --local --name-only --get-regexp 'core\.sshCommand' && git config --local --unset-all 'core.sshCommand' || :"
2026-10-09T02:35:38.2158764Z [command]/usr/bin/git config --local --name-only --get-regexp http\.https\:\/\/github\.com\/\.extraheader
2026-10-09T02:35:38.2184329Z [command]/usr/bin/git submodule foreach --recursive sh -c "git config --local --name-only --get-regexp 'http\.https\:\/\/github\.com\/\.extraheader' && git config --local --unset-all 'http.https://github.com/.extraheader' || :"
2026-10-09T02:35:38.2382334Z [command]/usr/bin/git config --local --name-only --get-regexp ^includeIf\.gitdir:
2026-10-09T02:35:38.2415082Z [command]/usr/bin/git submodule foreach --recursive git config --local --show-origin --name-only --get-regexp remote.origin.url
2026-10-09T02:35:38.2711507Z Cleaning up orphan processes
2026-10-09T02:35:38.2897623Z ##[warning]Node.js 20 is deprecated. The following actions target Node.js 20 but are being forced to run on Node.js 24: actions/checkout@v4, actions/upload-artifact@v4. For more information see: https://github.blog/changelog/2025-09-19-deprecation-of-node-20-on-github-actions-runners/
