2026-10-01T18:54:16.5891796Z Current runner version: '2.337.0'
2026-10-01T18:54:16.5919100Z ##[group]Runner Image Provisioner
2026-10-01T18:54:16.5920193Z Hosted Compute Agent
2026-10-01T18:54:16.5920798Z Version: 20260901.588
2026-10-01T18:54:16.5921472Z Commit: f88ec8081b781fac6c440065ac7ff9e710ce3d0b
2026-10-01T18:54:16.5922220Z Build Date: 2026-09-01T19:56:44Z
2026-10-01T18:54:16.5922903Z Worker ID: {84cc46f2-4cb4-471f-b9d1-34fc6be15e97}
2026-10-01T18:54:16.5923710Z Azure Region: westus
2026-10-01T18:54:16.5924322Z ##[endgroup]
2026-10-01T18:54:16.5926695Z ##[group]Operating System
2026-10-01T18:54:16.5927387Z Ubuntu
2026-10-01T18:54:16.5927946Z 24.04.5
2026-10-01T18:54:16.5928518Z LTS
2026-10-01T18:54:16.5929034Z ##[endgroup]
2026-10-01T18:54:16.5929575Z ##[group]Runner Image
2026-10-01T18:54:16.5930237Z Image: ubuntu-24.04
2026-10-01T18:54:16.5930808Z Version: 20260927.320.1
2026-10-01T18:54:16.5932171Z Included Software: https://github.com/actions/runner-images/blob/ubuntu24/20260927.320/images/ubuntu/Ubuntu2404-Readme.md
2026-10-01T18:54:16.5934141Z Image Release: https://github.com/actions/runner-images/releases/tag/ubuntu24%2F20260927.320
2026-10-01T18:54:16.5935500Z ##[endgroup]
2026-10-01T18:54:16.5936678Z ##[group]GITHUB_TOKEN Permissions
2026-10-01T18:54:16.5938989Z Contents: read
2026-10-01T18:54:16.5939600Z Metadata: read
2026-10-01T18:54:16.5940300Z ##[endgroup]
2026-10-01T18:54:16.5942568Z Secret source: Actions
2026-10-01T18:54:16.5943572Z Cache mode: write
2026-10-01T18:54:16.5944305Z Prepare workflow directory
2026-10-01T18:54:16.6343596Z Prepare all required actions
2026-10-01T18:54:16.6407581Z Getting action download info
2026-10-01T18:54:17.0625338Z Download action repository 'actions/checkout@11d5960a326750d5838078e36cf38b85af677262' (SHA:11d5960a326750d5838078e36cf38b85af677262)
2026-10-01T18:54:17.1801890Z Download action repository 'actions/setup-python@a26af69be951a213d495a4c3e4e4022e16d87065' (SHA:a26af69be951a213d495a4c3e4e4022e16d87065)
2026-10-01T18:54:17.3066964Z Download action repository 'actions/upload-artifact@ea165f8d65b6e75b540449e92b4886f43607fa02' (SHA:ea165f8d65b6e75b540449e92b4886f43607fa02)
2026-10-01T18:54:17.5348833Z Complete job name: publication
2026-10-01T18:54:17.6313583Z ##[group]Run actions/checkout@11d5960a326750d5838078e36cf38b85af677262
2026-10-01T18:54:17.6315100Z with:
2026-10-01T18:54:17.6315607Z   fetch-depth: 64
2026-10-01T18:54:17.6316171Z   repository: proteinfoldingengine/WetLabEngine
2026-10-01T18:54:17.6320563Z   token: ***
2026-10-01T18:54:17.6321041Z   ssh-strict: true
2026-10-01T18:54:17.6321514Z   ssh-user: git
2026-10-01T18:54:17.6322000Z   persist-credentials: true
2026-10-01T18:54:17.6322531Z   clean: true
2026-10-01T18:54:17.6323022Z   sparse-checkout-cone-mode: true
2026-10-01T18:54:17.6323605Z   fetch-tags: false
2026-10-01T18:54:17.6324105Z   show-progress: true
2026-10-01T18:54:17.6324586Z   lfs: false
2026-10-01T18:54:17.6325514Z   submodules: false
2026-10-01T18:54:17.6326046Z   set-safe-directory: true
2026-10-01T18:54:17.6326620Z   allow-unsafe-pr-checkout: false
2026-10-01T18:54:17.6327691Z ##[endgroup]
2026-10-01T18:54:17.7454541Z Syncing repository: proteinfoldingengine/WetLabEngine
2026-10-01T18:54:17.7457968Z ##[group]Getting Git version info
2026-10-01T18:54:17.7459467Z Working directory is '/home/runner/work/WetLabEngine/WetLabEngine'
2026-10-01T18:54:17.7460761Z [command]/usr/bin/git version
2026-10-01T18:54:17.7536885Z git version 2.55.0
2026-10-01T18:54:17.7568770Z ##[endgroup]
2026-10-01T18:54:17.7577790Z Temporarily overriding HOME='/home/runner/work/_temp/e528812f-aa71-4c0d-9867-c0f600c99ec9' before making global git config changes
2026-10-01T18:54:17.7580835Z Adding repository directory to the temporary git global config as a safe directory
2026-10-01T18:54:17.7583365Z [command]/usr/bin/git config --global --add safe.directory /home/runner/work/WetLabEngine/WetLabEngine
2026-10-01T18:54:17.7640968Z Deleting the contents of '/home/runner/work/WetLabEngine/WetLabEngine'
2026-10-01T18:54:17.7646972Z ##[group]Initializing the repository
2026-10-01T18:54:17.7652464Z [command]/usr/bin/git init /home/runner/work/WetLabEngine/WetLabEngine
2026-10-01T18:54:17.7761984Z hint: Using 'master' as the name for the initial branch. This default branch name
2026-10-01T18:54:17.7763677Z hint: will change to "main" in Git 3.0. To configure the initial branch name
2026-10-01T18:54:17.7765344Z hint: to use in all of your new repositories, which will suppress this warning,
2026-10-01T18:54:17.7766630Z hint: call:
2026-10-01T18:54:17.7767343Z hint:
2026-10-01T18:54:17.7768551Z hint: 	git config --global init.defaultBranch <name>
2026-10-01T18:54:17.7769940Z hint:
2026-10-01T18:54:17.7771243Z hint: Names commonly chosen instead of 'master' are 'main', 'trunk' and
2026-10-01T18:54:17.7773381Z hint: 'development'. The just-created branch can be renamed via this command:
2026-10-01T18:54:17.7775382Z hint:
2026-10-01T18:54:17.7776435Z hint: 	git branch -m <name>
2026-10-01T18:54:17.7777453Z hint:
2026-10-01T18:54:17.7778817Z hint: Disable this message with "git config set advice.defaultBranchName false"
2026-10-01T18:54:17.7781693Z Initialized empty Git repository in /home/runner/work/WetLabEngine/WetLabEngine/.git/
2026-10-01T18:54:17.7787386Z [command]/usr/bin/git remote add origin https://github.com/proteinfoldingengine/WetLabEngine
2026-10-01T18:54:17.7840684Z ##[endgroup]
2026-10-01T18:54:17.7842036Z ##[group]Disabling automatic garbage collection
2026-10-01T18:54:17.7843853Z [command]/usr/bin/git config --local gc.auto 0
2026-10-01T18:54:17.7880092Z ##[endgroup]
2026-10-01T18:54:17.7881291Z ##[group]Setting up auth
2026-10-01T18:54:17.7888561Z [command]/usr/bin/git config --local --name-only --get-regexp core\.sshCommand
2026-10-01T18:54:17.7925423Z [command]/usr/bin/git submodule foreach --recursive sh -c "git config --local --name-only --get-regexp 'core\.sshCommand' && git config --local --unset-all 'core.sshCommand' || :"
2026-10-01T18:54:17.8322565Z [command]/usr/bin/git config --local --name-only --get-regexp http\.https\:\/\/github\.com\/\.extraheader
2026-10-01T18:54:17.8368493Z [command]/usr/bin/git submodule foreach --recursive sh -c "git config --local --name-only --get-regexp 'http\.https\:\/\/github\.com\/\.extraheader' && git config --local --unset-all 'http.https://github.com/.extraheader' || :"
2026-10-01T18:54:17.8608114Z [command]/usr/bin/git config --local --name-only --get-regexp ^includeIf\.gitdir:
2026-10-01T18:54:17.8650693Z [command]/usr/bin/git submodule foreach --recursive git config --local --show-origin --name-only --get-regexp remote.origin.url
2026-10-01T18:54:17.8893292Z [command]/usr/bin/git config --local http.https://github.com/.extraheader AUTHORIZATION: basic ***
2026-10-01T18:54:17.8937140Z ##[endgroup]
2026-10-01T18:54:17.8938141Z ##[group]Fetching the repository
2026-10-01T18:54:17.8948044Z [command]/usr/bin/git -c protocol.version=2 fetch --no-tags --prune --no-recurse-submodules --depth=64 origin +0db3ea122068aa7f8aa7939ac768cf00c0a40a98:refs/remotes/origin/research/v16.52-recursive-ternary-composition
2026-10-01T18:55:47.9019732Z From https://github.com/proteinfoldingengine/WetLabEngine
2026-10-01T18:55:47.9033030Z  * [new ref]         0db3ea122068aa7f8aa7939ac768cf00c0a40a98 -> origin/research/v16.52-recursive-ternary-composition
2026-10-01T18:55:47.9037415Z ##[endgroup]
2026-10-01T18:55:47.9038192Z ##[group]Determining the checkout info
2026-10-01T18:55:47.9038910Z ##[endgroup]
2026-10-01T18:55:47.9039358Z [command]/usr/bin/git sparse-checkout disable
2026-10-01T18:55:47.9094170Z [command]/usr/bin/git config --local --unset-all extensions.worktreeConfig
2026-10-01T18:55:47.9129420Z ##[group]Checking out the ref
2026-10-01T18:55:47.9134261Z [command]/usr/bin/git checkout --progress --force -B research/v16.52-recursive-ternary-composition refs/remotes/origin/research/v16.52-recursive-ternary-composition
2026-10-01T18:55:49.0511422Z Updating files:  36% (2877/7915)
2026-10-01T18:55:49.3070537Z Updating files:  37% (2929/7915)
2026-10-01T18:55:49.5106736Z Updating files:  38% (3008/7915)
2026-10-01T18:55:49.9541775Z Updating files:  39% (3087/7915)
2026-10-01T18:55:50.0154702Z Updating files:  39% (3163/7915)
2026-10-01T18:55:50.0922134Z Updating files:  40% (3166/7915)
2026-10-01T18:55:50.5226265Z Updating files:  41% (3246/7915)
2026-10-01T18:55:50.7774669Z Updating files:  42% (3325/7915)
2026-10-01T18:55:50.9785094Z Updating files:  43% (3404/7915)
2026-10-01T18:55:51.3500574Z Updating files:  43% (3442/7915)
2026-10-01T18:55:51.5608357Z Updating files:  44% (3483/7915)
2026-10-01T18:55:51.8312859Z Updating files:  45% (3562/7915)
2026-10-01T18:55:51.9470885Z Updating files:  46% (3641/7915)
2026-10-01T18:55:52.2346209Z Updating files:  46% (3655/7915)
2026-10-01T18:55:52.4728677Z Updating files:  47% (3721/7915)
2026-10-01T18:55:52.9414418Z Updating files:  48% (3800/7915)
2026-10-01T18:55:53.0244758Z Updating files:  48% (3872/7915)
2026-10-01T18:55:53.2543123Z Updating files:  49% (3879/7915)
2026-10-01T18:55:53.3168200Z Updating files:  50% (3958/7915)
2026-10-01T18:55:53.8572906Z Updating files:  51% (4037/7915)
2026-10-01T18:55:53.9421863Z Updating files:  52% (4116/7915)
2026-10-01T18:55:54.1209701Z Updating files:  52% (4169/7915)
2026-10-01T18:55:54.1933629Z Updating files:  53% (4195/7915)
2026-10-01T18:55:54.8703295Z Updating files:  54% (4275/7915)
2026-10-01T18:55:54.9403278Z Updating files:  55% (4354/7915)
2026-10-01T18:55:55.1356884Z Updating files:  55% (4405/7915)
2026-10-01T18:55:55.2061141Z Updating files:  56% (4433/7915)
2026-10-01T18:55:55.7951421Z Updating files:  57% (4512/7915)
2026-10-01T18:55:55.9505991Z Updating files:  58% (4591/7915)
2026-10-01T18:55:56.1337769Z Updating files:  59% (4670/7915)
2026-10-01T18:55:56.1402911Z Updating files:  60% (4749/7915)
2026-10-01T18:55:56.1458710Z Updating files:  61% (4829/7915)
2026-10-01T18:55:56.3525874Z Updating files:  62% (4908/7915)
2026-10-01T18:55:56.5203564Z Updating files:  63% (4987/7915)
2026-10-01T18:55:56.5411362Z Updating files:  64% (5066/7915)
2026-10-01T18:55:56.5584195Z Updating files:  65% (5145/7915)
2026-10-01T18:55:56.7753278Z Updating files:  66% (5224/7915)
2026-10-01T18:55:56.7821409Z Updating files:  67% (5304/7915)
2026-10-01T18:55:56.7872643Z Updating files:  68% (5383/7915)
2026-10-01T18:55:56.7921675Z Updating files:  69% (5462/7915)
2026-10-01T18:55:56.8639625Z Updating files:  70% (5541/7915)
2026-10-01T18:55:56.8674675Z Updating files:  71% (5620/7915)
2026-10-01T18:55:56.8773422Z Updating files:  72% (5699/7915)
2026-10-01T18:55:56.8949719Z Updating files:  73% (5778/7915)
2026-10-01T18:55:56.9166025Z Updating files:  74% (5858/7915)
2026-10-01T18:55:56.9223685Z Updating files:  75% (5937/7915)
2026-10-01T18:55:56.9602738Z Updating files:  76% (6016/7915)
2026-10-01T18:55:57.0240313Z Updating files:  76% (6040/7915)
2026-10-01T18:55:57.2731743Z Updating files:  77% (6095/7915)
2026-10-01T18:55:57.3627283Z Updating files:  78% (6174/7915)
2026-10-01T18:55:57.5082647Z Updating files:  79% (6253/7915)
2026-10-01T18:55:57.6148204Z Updating files:  80% (6332/7915)
2026-10-01T18:55:57.6669640Z Updating files:  81% (6412/7915)
2026-10-01T18:55:57.6745746Z Updating files:  82% (6491/7915)
2026-10-01T18:55:57.7235153Z Updating files:  83% (6570/7915)
2026-10-01T18:55:57.7283327Z Updating files:  84% (6649/7915)
2026-10-01T18:55:57.7331715Z Updating files:  85% (6728/7915)
2026-10-01T18:55:57.7377751Z Updating files:  86% (6807/7915)
2026-10-01T18:55:57.7428669Z Updating files:  87% (6887/7915)
2026-10-01T18:55:57.7477914Z Updating files:  88% (6966/7915)
2026-10-01T18:55:57.7639859Z Updating files:  89% (7045/7915)
2026-10-01T18:55:57.9489705Z Updating files:  90% (7124/7915)
2026-10-01T18:55:58.1371632Z Updating files:  90% (7132/7915)
2026-10-01T18:55:58.1694012Z Updating files:  91% (7203/7915)
2026-10-01T18:55:58.1999056Z Updating files:  92% (7282/7915)
2026-10-01T18:55:58.2510498Z Updating files:  93% (7361/7915)
2026-10-01T18:55:58.2827417Z Updating files:  94% (7441/7915)
2026-10-01T18:55:58.2880799Z Updating files:  95% (7520/7915)
2026-10-01T18:55:58.3003318Z Updating files:  96% (7599/7915)
2026-10-01T18:55:58.3170185Z Updating files:  97% (7678/7915)
2026-10-01T18:55:58.3239376Z Updating files:  98% (7757/7915)
2026-10-01T18:55:58.3620545Z Updating files:  99% (7836/7915)
2026-10-01T18:55:58.3621117Z Updating files: 100% (7915/7915)
2026-10-01T18:55:58.3621582Z Updating files: 100% (7915/7915), done.
2026-10-01T18:55:58.6543717Z Switched to a new branch 'research/v16.52-recursive-ternary-composition'
2026-10-01T18:55:58.6567399Z branch 'research/v16.52-recursive-ternary-composition' set up to track 'origin/research/v16.52-recursive-ternary-composition'.
2026-10-01T18:55:58.6809444Z ##[endgroup]
2026-10-01T18:55:58.6859965Z [command]/usr/bin/git log -1 --format=%H
2026-10-01T18:55:58.6892197Z 0db3ea122068aa7f8aa7939ac768cf00c0a40a98
2026-10-01T18:55:58.7569349Z ##[group]Run actions/setup-python@a26af69be951a213d495a4c3e4e4022e16d87065
2026-10-01T18:55:58.7569784Z with:
2026-10-01T18:55:58.7570006Z   python-version: 3.11
2026-10-01T18:55:58.7570246Z   check-latest: false
2026-10-01T18:55:58.7573012Z   token: ***
2026-10-01T18:55:58.7573238Z   update-environment: true
2026-10-01T18:55:58.7573510Z   allow-prereleases: false
2026-10-01T18:55:58.7573746Z   freethreaded: false
2026-10-01T18:55:58.7573967Z ##[endgroup]
2026-10-01T18:55:58.8916786Z ##[group]Installed versions
2026-10-01T18:55:59.5612047Z (node:2326) [DEP0040] DeprecationWarning: The `punycode` module is deprecated. Please use a userland alternative instead.
2026-10-01T18:55:59.5613282Z (Use `node --trace-deprecation ...` to show where the warning was created)
2026-10-01T18:55:59.5614172Z Successfully set up CPython (3.11.16)
2026-10-01T18:55:59.5614782Z ##[endgroup]
2026-10-01T18:55:59.5816157Z ##[group]Run python -m pip install sympy==1.13.3 mpmath==1.3.0
2026-10-01T18:55:59.5816993Z [36;1mpython -m pip install sympy==1.13.3 mpmath==1.3.0[0m
2026-10-01T18:55:59.6216866Z shell: /usr/bin/bash -e {0}
2026-10-01T18:55:59.6217242Z env:
2026-10-01T18:55:59.6217601Z   pythonLocation: /opt/hostedtoolcache/Python/3.11.16/x64
2026-10-01T18:55:59.6218202Z   PKG_CONFIG_PATH: /opt/hostedtoolcache/Python/3.11.16/x64/lib/pkgconfig
2026-10-01T18:55:59.6218809Z   Python_ROOT_DIR: /opt/hostedtoolcache/Python/3.11.16/x64
2026-10-01T18:55:59.6219330Z   Python2_ROOT_DIR: /opt/hostedtoolcache/Python/3.11.16/x64
2026-10-01T18:55:59.6219869Z   Python3_ROOT_DIR: /opt/hostedtoolcache/Python/3.11.16/x64
2026-10-01T18:55:59.6220400Z   LD_LIBRARY_PATH: /opt/hostedtoolcache/Python/3.11.16/x64/lib
2026-10-01T18:55:59.6220846Z ##[endgroup]
2026-10-01T18:56:02.7627194Z Collecting sympy==1.13.3
2026-10-01T18:56:02.8134740Z   Downloading sympy-1.13.3-py3-none-any.whl.metadata (12 kB)
2026-10-01T18:56:02.8280394Z Collecting mpmath==1.3.0
2026-10-01T18:56:02.8319829Z   Downloading mpmath-1.3.0-py3-none-any.whl.metadata (8.6 kB)
2026-10-01T18:56:02.8418010Z Downloading sympy-1.13.3-py3-none-any.whl (6.2 MB)
2026-10-01T18:56:02.9536296Z    ━━━━━━━━━━━━━━━━━━━━━━━━━━━━━━━━━━━━━━━━ 6.2/6.2 MB 64.3 MB/s  0:00:00
2026-10-01T18:56:02.9575766Z Downloading mpmath-1.3.0-py3-none-any.whl (536 kB)
2026-10-01T18:56:02.9632529Z    ━━━━━━━━━━━━━━━━━━━━━━━━━━━━━━━━━━━━━━━━ 536.2/536.2 kB 91.0 MB/s  0:00:00
2026-10-01T18:56:03.1536714Z Installing collected packages: mpmath, sympy
2026-10-01T18:56:09.0432832Z 
2026-10-01T18:56:09.0442436Z Successfully installed mpmath-1.3.0 sympy-1.13.3
2026-10-01T18:56:09.1034780Z ##[group]Run python ResearchHistory/UQCF-GEM/demos/v16.52-recursive-ternary-composition/run.py phase out/reproduction
2026-10-01T18:56:09.1036125Z [36;1mpython ResearchHistory/UQCF-GEM/demos/v16.52-recursive-ternary-composition/run.py phase out/reproduction[0m
2026-10-01T18:56:09.1100641Z shell: /usr/bin/bash -e {0}
2026-10-01T18:56:09.1100925Z env:
2026-10-01T18:56:09.1101236Z   pythonLocation: /opt/hostedtoolcache/Python/3.11.16/x64
2026-10-01T18:56:09.1101750Z   PKG_CONFIG_PATH: /opt/hostedtoolcache/Python/3.11.16/x64/lib/pkgconfig
2026-10-01T18:56:09.1102260Z   Python_ROOT_DIR: /opt/hostedtoolcache/Python/3.11.16/x64
2026-10-01T18:56:09.1102738Z   Python2_ROOT_DIR: /opt/hostedtoolcache/Python/3.11.16/x64
2026-10-01T18:56:09.1103194Z   Python3_ROOT_DIR: /opt/hostedtoolcache/Python/3.11.16/x64
2026-10-01T18:56:09.1103867Z   LD_LIBRARY_PATH: /opt/hostedtoolcache/Python/3.11.16/x64/lib
2026-10-01T18:56:09.1104249Z ##[endgroup]
2026-10-01T19:07:17.3405820Z ##[group]Run python ResearchHistory/UQCF-GEM/demos/v16.52-recursive-ternary-composition/run.py package out/reproduction publication
2026-10-01T19:07:17.3406888Z [36;1mpython ResearchHistory/UQCF-GEM/demos/v16.52-recursive-ternary-composition/run.py package out/reproduction publication[0m
2026-10-01T19:07:17.3473783Z shell: /usr/bin/bash -e {0}
2026-10-01T19:07:17.3474082Z env:
2026-10-01T19:07:17.3474574Z   pythonLocation: /opt/hostedtoolcache/Python/3.11.16/x64
2026-10-01T19:07:17.3475423Z   PKG_CONFIG_PATH: /opt/hostedtoolcache/Python/3.11.16/x64/lib/pkgconfig
2026-10-01T19:07:17.3476086Z   Python_ROOT_DIR: /opt/hostedtoolcache/Python/3.11.16/x64
2026-10-01T19:07:17.3476727Z   Python2_ROOT_DIR: /opt/hostedtoolcache/Python/3.11.16/x64
2026-10-01T19:07:17.3477217Z   Python3_ROOT_DIR: /opt/hostedtoolcache/Python/3.11.16/x64
2026-10-01T19:07:17.3477724Z   LD_LIBRARY_PATH: /opt/hostedtoolcache/Python/3.11.16/x64/lib
2026-10-01T19:07:17.3478133Z ##[endgroup]
2026-10-01T19:07:27.0654323Z {"package": "VERIFIED", "source_members": 1931}
2026-10-01T19:07:27.0897714Z ##[group]Run actions/upload-artifact@ea165f8d65b6e75b540449e92b4886f43607fa02
2026-10-01T19:07:27.0898153Z with:
2026-10-01T19:07:27.0898467Z   name: v1652-publication-0db3ea122068aa7f8aa7939ac768cf00c0a40a98
2026-10-01T19:07:27.0898856Z   path: out/reproduction
2026-10-01T19:07:27.0899103Z   if-no-files-found: error
2026-10-01T19:07:27.0899348Z   compression-level: 6
2026-10-01T19:07:27.0899575Z   overwrite: false
2026-10-01T19:07:27.0899810Z   include-hidden-files: false
2026-10-01T19:07:27.0900047Z env:
2026-10-01T19:07:27.0900306Z   pythonLocation: /opt/hostedtoolcache/Python/3.11.16/x64
2026-10-01T19:07:27.0900782Z   PKG_CONFIG_PATH: /opt/hostedtoolcache/Python/3.11.16/x64/lib/pkgconfig
2026-10-01T19:07:27.0901225Z   Python_ROOT_DIR: /opt/hostedtoolcache/Python/3.11.16/x64
2026-10-01T19:07:27.0901634Z   Python2_ROOT_DIR: /opt/hostedtoolcache/Python/3.11.16/x64
2026-10-01T19:07:27.0902026Z   Python3_ROOT_DIR: /opt/hostedtoolcache/Python/3.11.16/x64
2026-10-01T19:07:27.0902446Z   LD_LIBRARY_PATH: /opt/hostedtoolcache/Python/3.11.16/x64/lib
2026-10-01T19:07:27.0902775Z ##[endgroup]
2026-10-01T19:07:27.2615192Z (node:2858) [DEP0040] DeprecationWarning: The `punycode` module is deprecated. Please use a userland alternative instead.
2026-10-01T19:07:27.2616622Z (Use `node --trace-deprecation ...` to show where the warning was created)
2026-10-01T19:07:27.2950279Z With the provided path, there will be 112 files uploaded
2026-10-01T19:07:27.2957615Z Artifact name is valid!
2026-10-01T19:07:27.2958209Z Root directory input is valid!
2026-10-01T19:07:27.7228848Z Beginning upload of artifact content to blob storage
2026-10-01T19:07:28.0206510Z (node:2858) [DEP0169] DeprecationWarning: `url.parse()` behavior is not standardized and prone to errors that have security implications. Use the WHATWG URL API instead. CVEs are not issued for `url.parse()` vulnerabilities.
2026-10-01T19:07:28.9206217Z Uploaded bytes 8388608
2026-10-01T19:07:29.2196529Z Uploaded bytes 16777216
2026-10-01T19:07:29.3595406Z Uploaded bytes 25165824
2026-10-01T19:07:29.6156636Z Uploaded bytes 33554432
2026-10-01T19:07:29.6237600Z Uploaded bytes 41943040
2026-10-01T19:07:29.7767954Z Uploaded bytes 50331648
2026-10-01T19:07:29.9280089Z Uploaded bytes 58720256
2026-10-01T19:07:30.3261452Z Uploaded bytes 67108864
2026-10-01T19:07:30.6423154Z Uploaded bytes 75497472
2026-10-01T19:07:30.9602478Z Uploaded bytes 83886080
2026-10-01T19:07:31.2591051Z Uploaded bytes 92274688
2026-10-01T19:07:31.5660635Z Uploaded bytes 100663296
2026-10-01T19:07:31.8319182Z Uploaded bytes 109051904
2026-10-01T19:07:31.9809284Z Uploaded bytes 111634579
2026-10-01T19:07:32.0613179Z Finished uploading artifact content to blob storage!
2026-10-01T19:07:32.0617700Z SHA256 digest of uploaded artifact zip is baedbd4991ca6927ea4a845dd69bd7043369040dec05819b3a823c2628f307f1
2026-10-01T19:07:32.0620296Z Finalizing artifact upload
2026-10-01T19:07:32.3644648Z Artifact v1652-publication-0db3ea122068aa7f8aa7939ac768cf00c0a40a98.zip successfully finalized. Artifact ID 11187096859
2026-10-01T19:07:32.3647326Z Artifact v1652-publication-0db3ea122068aa7f8aa7939ac768cf00c0a40a98 has been successfully uploaded! Final size is 111634579 bytes. Artifact ID is 11187096859
2026-10-01T19:07:32.3656202Z Artifact download URL: https://github.com/proteinfoldingengine/WetLabEngine/actions/runs/36909923039/artifacts/11187096859
2026-10-01T19:07:32.3904358Z Post job cleanup.
2026-10-01T19:07:32.5234133Z (node:2871) [DEP0040] DeprecationWarning: The `punycode` module is deprecated. Please use a userland alternative instead.
2026-10-01T19:07:32.5235785Z (Use `node --trace-deprecation ...` to show where the warning was created)
2026-10-01T19:07:32.5466291Z Post job cleanup.
2026-10-01T19:07:32.6779771Z [command]/usr/bin/git version
2026-10-01T19:07:32.6865830Z git version 2.55.0
2026-10-01T19:07:32.6977313Z Temporarily overriding HOME='/home/runner/work/_temp/fa1ba040-d203-456e-8bf5-0d83e78a72e7' before making global git config changes
2026-10-01T19:07:32.6990994Z Adding repository directory to the temporary git global config as a safe directory
2026-10-01T19:07:32.7016114Z [command]/usr/bin/git config --global --add safe.directory /home/runner/work/WetLabEngine/WetLabEngine
2026-10-01T19:07:32.7077670Z [command]/usr/bin/git config --local --name-only --get-regexp core\.sshCommand
2026-10-01T19:07:32.7088180Z [command]/usr/bin/git submodule foreach --recursive sh -c "git config --local --name-only --get-regexp 'core\.sshCommand' && git config --local --unset-all 'core.sshCommand' || :"
2026-10-01T19:07:32.7567056Z [command]/usr/bin/git config --local --name-only --get-regexp http\.https\:\/\/github\.com\/\.extraheader
2026-10-01T19:07:32.7613721Z http.https://github.com/.extraheader
2026-10-01T19:07:32.7644070Z [command]/usr/bin/git config --local --unset-all http.https://github.com/.extraheader
2026-10-01T19:07:32.7711293Z [command]/usr/bin/git submodule foreach --recursive sh -c "git config --local --name-only --get-regexp 'http\.https\:\/\/github\.com\/\.extraheader' && git config --local --unset-all 'http.https://github.com/.extraheader' || :"
2026-10-01T19:07:32.8157267Z [command]/usr/bin/git config --local --name-only --get-regexp ^includeIf\.gitdir:
2026-10-01T19:07:32.8256260Z [command]/usr/bin/git submodule foreach --recursive git config --local --show-origin --name-only --get-regexp remote.origin.url
2026-10-01T19:07:32.8693624Z Cleaning up orphan processes
2026-10-01T19:07:32.9089662Z ##[warning]Node.js 20 is deprecated. The following actions target Node.js 20 but are being forced to run on Node.js 24: actions/checkout@11d5960a326750d5838078e36cf38b85af677262, actions/setup-python@a26af69be951a213d495a4c3e4e4022e16d87065, actions/upload-artifact@ea165f8d65b6e75b540449e92b4886f43607fa02. For more information see: https://github.blog/changelog/2025-09-19-deprecation-of-node-20-on-github-actions-runners/
