2026-10-10T16:20:13.2308765Z Current runner version: '2.337.0'
2026-10-10T16:20:13.2332354Z ##[group]Runner Image Provisioner
2026-10-10T16:20:13.2333359Z Hosted Compute Agent
2026-10-10T16:20:13.2333953Z Version: 20261002.596
2026-10-10T16:20:13.2334713Z Commit: c3d12f3313a95f25162a1503be624f3b0617f8c0
2026-10-10T16:20:13.2335471Z Build Date: 2026-10-02T22:28:27Z
2026-10-10T16:20:13.2336131Z Worker ID: {33350993-6969-4864-bf1f-0f8530570f2c}
2026-10-10T16:20:13.2336893Z Region: westus
2026-10-10T16:20:13.2337446Z Cloud: Azure
2026-10-10T16:20:13.2338037Z ##[endgroup]
2026-10-10T16:20:13.2339694Z ##[group]Operating System
2026-10-10T16:20:13.2340329Z Ubuntu
2026-10-10T16:20:13.2340929Z 24.04.5
2026-10-10T16:20:13.2341678Z LTS
2026-10-10T16:20:13.2342343Z ##[endgroup]
2026-10-10T16:20:13.2342965Z ##[group]Runner Image
2026-10-10T16:20:13.2343570Z Image: ubuntu-24.04
2026-10-10T16:20:13.2344215Z Version: 20261004.327.1
2026-10-10T16:20:13.2345502Z Included Software: https://github.com/actions/runner-images/blob/ubuntu24/20261004.327/images/ubuntu/Ubuntu2404-Readme.md
2026-10-10T16:20:13.2347157Z Image Release: https://github.com/actions/runner-images/releases/tag/ubuntu24%2F20261004.327
2026-10-10T16:20:13.2348131Z ##[endgroup]
2026-10-10T16:20:13.2349610Z ##[group]GITHUB_TOKEN Permissions
2026-10-10T16:20:13.2351950Z Contents: read
2026-10-10T16:20:13.2352657Z Metadata: read
2026-10-10T16:20:13.2353220Z ##[endgroup]
2026-10-10T16:20:13.2355231Z Secret source: Actions
2026-10-10T16:20:13.2356290Z Cache mode: write
2026-10-10T16:20:13.2356985Z Prepare workflow directory
2026-10-10T16:20:13.2689239Z Prepare all required actions
2026-10-10T16:20:13.2738034Z Getting action download info
2026-10-10T16:20:13.6180005Z Download action repository 'actions/checkout@v4' (SHA:11d5960a326750d5838078e36cf38b85af677262)
2026-10-10T16:20:13.7138556Z Download action repository 'actions/download-artifact@v4' (SHA:d3f86a106a0bac45b974a628896c90dbdf5c8093)
2026-10-10T16:20:14.1558270Z Download action repository 'actions/upload-artifact@v4' (SHA:ea165f8d65b6e75b540449e92b4886f43607fa02)
2026-10-10T16:20:14.3717637Z Complete job name: fresh-reproduction
2026-10-10T16:20:14.4597968Z ##[group]Run actions/checkout@v4
2026-10-10T16:20:14.4598928Z with:
2026-10-10T16:20:14.4599415Z   path: research_snapshot
2026-10-10T16:20:14.4599981Z   persist-credentials: false
2026-10-10T16:20:14.4600729Z   sparse-checkout: ResearchHistory/UQCF-GEM/research/physical-bridge
2026-10-10T16:20:14.4601809Z   repository: proteinfoldingengine/WetLabEngine
2026-10-10T16:20:14.4607009Z   token: ***
2026-10-10T16:20:14.4607520Z   ssh-strict: true
2026-10-10T16:20:14.4607998Z   ssh-user: git
2026-10-10T16:20:14.4608461Z   clean: true
2026-10-10T16:20:14.4608958Z   sparse-checkout-cone-mode: true
2026-10-10T16:20:14.4609529Z   fetch-depth: 1
2026-10-10T16:20:14.4610003Z   fetch-tags: false
2026-10-10T16:20:14.4610495Z   show-progress: true
2026-10-10T16:20:14.4611027Z   lfs: false
2026-10-10T16:20:14.4611630Z   submodules: false
2026-10-10T16:20:14.4612132Z   set-safe-directory: true
2026-10-10T16:20:14.4612719Z   allow-unsafe-pr-checkout: false
2026-10-10T16:20:14.4613644Z ##[endgroup]
2026-10-10T16:20:14.5614620Z Syncing repository: proteinfoldingengine/WetLabEngine
2026-10-10T16:20:14.5617395Z ##[group]Getting Git version info
2026-10-10T16:20:14.5618928Z Working directory is '/home/runner/work/WetLabEngine/WetLabEngine/research_snapshot'
2026-10-10T16:20:14.5621091Z [command]/usr/bin/git version
2026-10-10T16:20:14.5681441Z git version 2.55.0
2026-10-10T16:20:14.5703949Z ##[endgroup]
2026-10-10T16:20:14.5717886Z Temporarily overriding HOME='/home/runner/work/_temp/cf5c355b-a773-4f39-897e-70923aff6b77' before making global git config changes
2026-10-10T16:20:14.5723172Z Adding repository directory to the temporary git global config as a safe directory
2026-10-10T16:20:14.5725696Z [command]/usr/bin/git config --global --add safe.directory /home/runner/work/WetLabEngine/WetLabEngine/research_snapshot
2026-10-10T16:20:14.5784883Z ##[group]Initializing the repository
2026-10-10T16:20:14.5787579Z [command]/usr/bin/git init /home/runner/work/WetLabEngine/WetLabEngine/research_snapshot
2026-10-10T16:20:14.5905627Z hint: Using 'master' as the name for the initial branch. This default branch name
2026-10-10T16:20:14.5907756Z hint: will change to "main" in Git 3.0. To configure the initial branch name
2026-10-10T16:20:14.5909702Z hint: to use in all of your new repositories, which will suppress this warning,
2026-10-10T16:20:14.5911567Z hint: call:
2026-10-10T16:20:14.5912796Z hint:
2026-10-10T16:20:14.5913983Z hint: 	git config --global init.defaultBranch <name>
2026-10-10T16:20:14.5915398Z hint:
2026-10-10T16:20:14.5916691Z hint: Names commonly chosen instead of 'master' are 'main', 'trunk' and
2026-10-10T16:20:14.5918629Z hint: 'development'. The just-created branch can be renamed via this command:
2026-10-10T16:20:14.5920120Z hint:
2026-10-10T16:20:14.5921142Z hint: 	git branch -m <name>
2026-10-10T16:20:14.5922419Z hint:
2026-10-10T16:20:14.5923764Z hint: Disable this message with "git config set advice.defaultBranchName false"
2026-10-10T16:20:14.5926769Z Initialized empty Git repository in /home/runner/work/WetLabEngine/WetLabEngine/research_snapshot/.git/
2026-10-10T16:20:14.5930611Z [command]/usr/bin/git remote add origin https://github.com/proteinfoldingengine/WetLabEngine
2026-10-10T16:20:14.5976675Z ##[endgroup]
2026-10-10T16:20:14.5978456Z ##[group]Disabling automatic garbage collection
2026-10-10T16:20:14.5980818Z [command]/usr/bin/git config --local gc.auto 0
2026-10-10T16:20:14.6014805Z ##[endgroup]
2026-10-10T16:20:14.6016158Z ##[group]Setting up auth
2026-10-10T16:20:14.6026817Z [command]/usr/bin/git config --local --name-only --get-regexp core\.sshCommand
2026-10-10T16:20:14.6056020Z [command]/usr/bin/git submodule foreach --recursive sh -c "git config --local --name-only --get-regexp 'core\.sshCommand' && git config --local --unset-all 'core.sshCommand' || :"
2026-10-10T16:20:14.6429515Z [command]/usr/bin/git config --local --name-only --get-regexp http\.https\:\/\/github\.com\/\.extraheader
2026-10-10T16:20:14.6477850Z [command]/usr/bin/git submodule foreach --recursive sh -c "git config --local --name-only --get-regexp 'http\.https\:\/\/github\.com\/\.extraheader' && git config --local --unset-all 'http.https://github.com/.extraheader' || :"
2026-10-10T16:20:14.6697198Z [command]/usr/bin/git config --local --name-only --get-regexp ^includeIf\.gitdir:
2026-10-10T16:20:14.6732774Z [command]/usr/bin/git submodule foreach --recursive git config --local --show-origin --name-only --get-regexp remote.origin.url
2026-10-10T16:20:14.6955311Z [command]/usr/bin/git config --local http.https://github.com/.extraheader AUTHORIZATION: basic ***
2026-10-10T16:20:14.6996349Z ##[endgroup]
2026-10-10T16:20:14.6997243Z ##[group]Fetching the repository
2026-10-10T16:20:14.7006195Z [command]/usr/bin/git -c protocol.version=2 fetch --no-tags --prune --no-recurse-submodules --filter=blob:none --depth=1 origin +987b61f8b8d0aede92e2f0a0ec64caf7fb874bd7:refs/remotes/origin/research/uqcf-overlapping-guard-exchange
2026-10-10T16:20:15.2345827Z From https://github.com/proteinfoldingengine/WetLabEngine
2026-10-10T16:20:15.2347752Z  * [new ref]         987b61f8b8d0aede92e2f0a0ec64caf7fb874bd7 -> origin/research/uqcf-overlapping-guard-exchange
2026-10-10T16:20:15.2353012Z ##[endgroup]
2026-10-10T16:20:15.2354778Z ##[group]Determining the checkout info
2026-10-10T16:20:15.2356742Z ##[endgroup]
2026-10-10T16:20:15.2358714Z ##[group]Setting up sparse checkout
2026-10-10T16:20:15.2360869Z [command]/usr/bin/git sparse-checkout set ResearchHistory/UQCF-GEM/research/physical-bridge
2026-10-10T16:20:15.2409831Z ##[endgroup]
2026-10-10T16:20:15.2411287Z ##[group]Checking out the ref
2026-10-10T16:20:15.2416559Z [command]/usr/bin/git checkout --progress --force -B research/uqcf-overlapping-guard-exchange refs/remotes/origin/research/uqcf-overlapping-guard-exchange
2026-10-10T16:20:16.4042903Z Updating files:   0% (1/971)
2026-10-10T16:20:16.4047154Z Updating files:   1% (10/971)
2026-10-10T16:20:16.4054907Z Updating files:   2% (20/971)
2026-10-10T16:20:16.4062307Z Updating files:   3% (30/971)
2026-10-10T16:20:16.4070622Z Updating files:   4% (39/971)
2026-10-10T16:20:16.4078323Z Updating files:   5% (49/971)
2026-10-10T16:20:16.4083373Z Updating files:   6% (59/971)
2026-10-10T16:20:16.4092628Z Updating files:   7% (68/971)
2026-10-10T16:20:16.4098252Z Updating files:   8% (78/971)
2026-10-10T16:20:16.4105764Z Updating files:   9% (88/971)
2026-10-10T16:20:16.4110682Z Updating files:  10% (98/971)
2026-10-10T16:20:16.4116650Z Updating files:  11% (107/971)
2026-10-10T16:20:16.4124327Z Updating files:  12% (117/971)
2026-10-10T16:20:16.4130536Z Updating files:  13% (127/971)
2026-10-10T16:20:16.4137078Z Updating files:  14% (136/971)
2026-10-10T16:20:16.4142815Z Updating files:  15% (146/971)
2026-10-10T16:20:16.4148884Z Updating files:  16% (156/971)
2026-10-10T16:20:16.4154916Z Updating files:  17% (166/971)
2026-10-10T16:20:16.4161756Z Updating files:  18% (175/971)
2026-10-10T16:20:16.4168189Z Updating files:  19% (185/971)
2026-10-10T16:20:16.4173951Z Updating files:  20% (195/971)
2026-10-10T16:20:16.4180453Z Updating files:  21% (204/971)
2026-10-10T16:20:16.4186660Z Updating files:  22% (214/971)
2026-10-10T16:20:16.4193085Z Updating files:  23% (224/971)
2026-10-10T16:20:16.4198865Z Updating files:  24% (234/971)
2026-10-10T16:20:16.4206156Z Updating files:  25% (243/971)
2026-10-10T16:20:16.4213019Z Updating files:  26% (253/971)
2026-10-10T16:20:16.4222498Z Updating files:  27% (263/971)
2026-10-10T16:20:16.4227902Z Updating files:  28% (272/971)
2026-10-10T16:20:16.4236800Z Updating files:  29% (282/971)
2026-10-10T16:20:16.4243273Z Updating files:  30% (292/971)
2026-10-10T16:20:16.4249063Z Updating files:  31% (302/971)
2026-10-10T16:20:16.4256945Z Updating files:  32% (311/971)
2026-10-10T16:20:16.4263925Z Updating files:  33% (321/971)
2026-10-10T16:20:16.4271593Z Updating files:  34% (331/971)
2026-10-10T16:20:16.4283174Z Updating files:  35% (340/971)
2026-10-10T16:20:16.4293752Z Updating files:  36% (350/971)
2026-10-10T16:20:16.4299772Z Updating files:  37% (360/971)
2026-10-10T16:20:16.4307974Z Updating files:  38% (369/971)
2026-10-10T16:20:16.4317897Z Updating files:  39% (379/971)
2026-10-10T16:20:16.4322600Z Updating files:  40% (389/971)
2026-10-10T16:20:16.4330839Z Updating files:  41% (399/971)
2026-10-10T16:20:16.4340710Z Updating files:  42% (408/971)
2026-10-10T16:20:16.4347265Z Updating files:  43% (418/971)
2026-10-10T16:20:16.4361486Z Updating files:  44% (428/971)
2026-10-10T16:20:16.4368657Z Updating files:  45% (437/971)
2026-10-10T16:20:16.4374777Z Updating files:  46% (447/971)
2026-10-10T16:20:16.4385519Z Updating files:  47% (457/971)
2026-10-10T16:20:16.4399274Z Updating files:  48% (467/971)
2026-10-10T16:20:16.4405256Z Updating files:  49% (476/971)
2026-10-10T16:20:16.4411544Z Updating files:  50% (486/971)
2026-10-10T16:20:16.4420748Z Updating files:  51% (496/971)
2026-10-10T16:20:16.4430438Z Updating files:  52% (505/971)
2026-10-10T16:20:16.4438821Z Updating files:  53% (515/971)
2026-10-10T16:20:16.4450548Z Updating files:  54% (525/971)
2026-10-10T16:20:16.4457410Z Updating files:  55% (535/971)
2026-10-10T16:20:16.4465227Z Updating files:  56% (544/971)
2026-10-10T16:20:16.4497560Z Updating files:  57% (554/971)
2026-10-10T16:20:16.4502001Z Updating files:  58% (564/971)
2026-10-10T16:20:16.4510411Z Updating files:  59% (573/971)
2026-10-10T16:20:16.4515554Z Updating files:  60% (583/971)
2026-10-10T16:20:16.4525023Z Updating files:  61% (593/971)
2026-10-10T16:20:16.4530675Z Updating files:  62% (603/971)
2026-10-10T16:20:16.4538125Z Updating files:  63% (612/971)
2026-10-10T16:20:16.4550976Z Updating files:  64% (622/971)
2026-10-10T16:20:16.4564962Z Updating files:  65% (632/971)
2026-10-10T16:20:16.4573425Z Updating files:  66% (641/971)
2026-10-10T16:20:16.4578299Z Updating files:  67% (651/971)
2026-10-10T16:20:16.4587885Z Updating files:  68% (661/971)
2026-10-10T16:20:16.4595575Z Updating files:  69% (670/971)
2026-10-10T16:20:16.4600724Z Updating files:  70% (680/971)
2026-10-10T16:20:16.4608046Z Updating files:  71% (690/971)
2026-10-10T16:20:16.4614461Z Updating files:  72% (700/971)
2026-10-10T16:20:16.4621961Z Updating files:  73% (709/971)
2026-10-10T16:20:16.4628600Z Updating files:  74% (719/971)
2026-10-10T16:20:16.4635729Z Updating files:  75% (729/971)
2026-10-10T16:20:16.4645420Z Updating files:  76% (738/971)
2026-10-10T16:20:16.4652083Z Updating files:  77% (748/971)
2026-10-10T16:20:16.4659389Z Updating files:  78% (758/971)
2026-10-10T16:20:16.4669582Z Updating files:  79% (768/971)
2026-10-10T16:20:16.4676676Z Updating files:  80% (777/971)
2026-10-10T16:20:16.4681589Z Updating files:  81% (787/971)
2026-10-10T16:20:16.4689174Z Updating files:  82% (797/971)
2026-10-10T16:20:16.4719556Z Updating files:  83% (806/971)
2026-10-10T16:20:16.4724346Z Updating files:  84% (816/971)
2026-10-10T16:20:16.4730306Z Updating files:  85% (826/971)
2026-10-10T16:20:16.4736815Z Updating files:  86% (836/971)
2026-10-10T16:20:16.4757716Z Updating files:  87% (845/971)
2026-10-10T16:20:16.4763439Z Updating files:  88% (855/971)
2026-10-10T16:20:16.4770080Z Updating files:  89% (865/971)
2026-10-10T16:20:16.4776535Z Updating files:  90% (874/971)
2026-10-10T16:20:16.4782907Z Updating files:  91% (884/971)
2026-10-10T16:20:16.4789318Z Updating files:  92% (894/971)
2026-10-10T16:20:16.4795581Z Updating files:  93% (904/971)
2026-10-10T16:20:16.4803350Z Updating files:  94% (913/971)
2026-10-10T16:20:16.4809726Z Updating files:  95% (923/971)
2026-10-10T16:20:16.4816786Z Updating files:  96% (933/971)
2026-10-10T16:20:16.4822628Z Updating files:  97% (942/971)
2026-10-10T16:20:16.4829436Z Updating files:  98% (952/971)
2026-10-10T16:20:16.4836046Z Updating files:  99% (962/971)
2026-10-10T16:20:16.4836708Z Updating files: 100% (971/971)
2026-10-10T16:20:16.4837244Z Updating files: 100% (971/971), done.
2026-10-10T16:20:16.4953374Z Switched to a new branch 'research/uqcf-overlapping-guard-exchange'
2026-10-10T16:20:16.4959621Z branch 'research/uqcf-overlapping-guard-exchange' set up to track 'origin/research/uqcf-overlapping-guard-exchange'.
2026-10-10T16:20:16.4970810Z ##[endgroup]
2026-10-10T16:20:16.5024045Z [command]/usr/bin/git log -1 --format=%H
2026-10-10T16:20:16.5051219Z 987b61f8b8d0aede92e2f0a0ec64caf7fb874bd7
2026-10-10T16:20:16.5060227Z ##[group]Removing auth
2026-10-10T16:20:16.5065571Z [command]/usr/bin/git config --local --name-only --get-regexp core\.sshCommand
2026-10-10T16:20:16.5102584Z [command]/usr/bin/git submodule foreach --recursive sh -c "git config --local --name-only --get-regexp 'core\.sshCommand' && git config --local --unset-all 'core.sshCommand' || :"
2026-10-10T16:20:16.5365737Z [command]/usr/bin/git config --local --name-only --get-regexp http\.https\:\/\/github\.com\/\.extraheader
2026-10-10T16:20:16.5395478Z http.https://github.com/.extraheader
2026-10-10T16:20:16.5403840Z [command]/usr/bin/git config --local --unset-all http.https://github.com/.extraheader
2026-10-10T16:20:16.5471985Z [command]/usr/bin/git submodule foreach --recursive sh -c "git config --local --name-only --get-regexp 'http\.https\:\/\/github\.com\/\.extraheader' && git config --local --unset-all 'http.https://github.com/.extraheader' || :"
2026-10-10T16:20:16.5690379Z [command]/usr/bin/git config --local --name-only --get-regexp ^includeIf\.gitdir:
2026-10-10T16:20:16.5723337Z [command]/usr/bin/git submodule foreach --recursive git config --local --show-origin --name-only --get-regexp remote.origin.url
2026-10-10T16:20:16.5956126Z ##[endgroup]
2026-10-10T16:20:16.6180205Z ##[group]Run actions/download-artifact@v4
2026-10-10T16:20:16.6180526Z with:
2026-10-10T16:20:16.6180753Z   name: c3-slack-handover-verification
2026-10-10T16:20:16.6181036Z   path: slack_fresh
2026-10-10T16:20:16.6181298Z   merge-multiple: false
2026-10-10T16:20:16.6182044Z   repository: proteinfoldingengine/WetLabEngine
2026-10-10T16:20:16.6182462Z   run-id: 38067111288
2026-10-10T16:20:16.6182711Z ##[endgroup]
2026-10-10T16:20:16.7634193Z Downloading single artifact
2026-10-10T16:20:16.7824917Z (node:2392) [DEP0040] DeprecationWarning: The `punycode` module is deprecated. Please use a userland alternative instead.
2026-10-10T16:20:16.7827130Z (Use `node --trace-deprecation ...` to show where the warning was created)
2026-10-10T16:20:17.0508659Z Preparing to download the following artifacts:
2026-10-10T16:20:17.0510057Z - c3-slack-handover-verification (ID: 11674349488, Size: 129929, Expected Digest: sha256:b7279332cc1e1d0fb415774b42cafbe3b98a246bf807d8892d2f123d167f0ed3)
2026-10-10T16:20:17.2975537Z Redirecting to blob download url: https://productionresultssa18.blob.core.windows.net/actions-results/949dcbb9-8f9d-8dd9-a727-ca1d415f2a46/workflow-job-run-fe80b840-6300-52a6-b8bf-2aa41e2b33a1/artifacts/ab9097236213802ba627c776eb34d942790c7e34fb88200787f5421ed18ac83e.zip
2026-10-10T16:20:17.2976859Z Starting download of artifact to: /home/runner/work/WetLabEngine/WetLabEngine/slack_fresh
2026-10-10T16:20:17.5543341Z (node:2392) [DEP0005] DeprecationWarning: Buffer() is deprecated due to security and usability issues. Please use the Buffer.alloc(), Buffer.allocUnsafe(), or Buffer.from() methods instead.
2026-10-10T16:20:17.7361967Z SHA256 digest of downloaded artifact is b7279332cc1e1d0fb415774b42cafbe3b98a246bf807d8892d2f123d167f0ed3
2026-10-10T16:20:17.7363029Z Artifact download completed successfully.
2026-10-10T16:20:17.7363578Z Total of 1 artifact(s) downloaded
2026-10-10T16:20:17.7368560Z Download artifact has finished successfully
2026-10-10T16:20:17.7496180Z ##[group]Run set -euo pipefail
2026-10-10T16:20:17.7496566Z [36;1mset -euo pipefail[0m
2026-10-10T16:20:17.7496956Z [36;1mtest "$(git -C research_snapshot rev-parse HEAD)" = "$GITHUB_SHA"[0m
2026-10-10T16:20:17.7497510Z [36;1mROOT=research_snapshot/ResearchHistory/UQCF-GEM/research/physical-bridge[0m
2026-10-10T16:20:17.7498032Z [36;1mpython3 "$ROOT/slack_handover/producer.py" /tmp/fresh.json[0m
2026-10-10T16:20:17.7498480Z [36;1mcmp /tmp/fresh.json slack_fresh/certificate.json[0m
2026-10-10T16:20:17.7499060Z [36;1mpython3 "$ROOT/slack_handover/independent.py" /tmp/fresh.json slack_fresh/fresh_independent.json[0m
2026-10-10T16:20:17.7741276Z shell: /usr/bin/bash --noprofile --norc -e -o pipefail {0}
2026-10-10T16:20:17.7742089Z ##[endgroup]
2026-10-10T16:20:25.3813637Z {"batch": 1934, "bfs": 3, "bfs_layer_sizes": [[1, 3, 9, 27, 66], [1, 4, 18, 76, 286], [1, 4, 18, 72, 250]], "capacity": 27, "capacity_vectors": 26330, "hidden_checks": 647499, "permutations": 120, "positive": 420, "primary": 644, "renewal": 3, "route_and_bfs_slices": 24043, "sources": 27, "unique_hidden_states": 3482}
2026-10-10T16:20:37.4224427Z {"complete_identity_comparison": true, "counts": {"batch": 1934, "bfs": 3, "bfs_layer_sizes": [[1, 3, 9, 27, 66], [1, 4, 18, 76, 286], [1, 4, 18, 72, 250]], "capacity": 27, "capacity_vectors": 26330, "hidden_checks": 647499, "permutations": 120, "positive": 420, "primary": 644, "renewal": 3, "route_and_bfs_slices": 24043, "sources": 27, "unique_hidden_states": 3482}, "status": "ACCEPTED"}
2026-10-10T16:20:37.5768495Z ##[group]Run actions/upload-artifact@v4
2026-10-10T16:20:37.5768827Z with:
2026-10-10T16:20:37.5769077Z   name: c3-slack-handover-fresh-reproduction
2026-10-10T16:20:37.5769384Z   path: slack_fresh/
2026-10-10T16:20:37.5769623Z   if-no-files-found: warn
2026-10-10T16:20:37.5769870Z   compression-level: 6
2026-10-10T16:20:37.5770093Z   overwrite: false
2026-10-10T16:20:37.5770316Z   include-hidden-files: false
2026-10-10T16:20:37.5770567Z ##[endgroup]
2026-10-10T16:20:37.7363572Z (node:2412) [DEP0040] DeprecationWarning: The `punycode` module is deprecated. Please use a userland alternative instead.
2026-10-10T16:20:37.7364921Z (Use `node --trace-deprecation ...` to show where the warning was created)
2026-10-10T16:20:37.7473094Z With the provided path, there will be 23 files uploaded
2026-10-10T16:20:37.7474014Z Artifact name is valid!
2026-10-10T16:20:37.7474451Z Root directory input is valid!
2026-10-10T16:20:38.1501851Z Beginning upload of artifact content to blob storage
2026-10-10T16:20:38.2272077Z (node:2412) [DEP0169] DeprecationWarning: `url.parse()` behavior is not standardized and prone to errors that have security implications. Use the WHATWG URL API instead. CVEs are not issued for `url.parse()` vulnerabilities.
2026-10-10T16:20:38.6633290Z Uploaded bytes 130320
2026-10-10T16:20:38.7358375Z Finished uploading artifact content to blob storage!
2026-10-10T16:20:38.7359624Z SHA256 digest of uploaded artifact zip is f9370ff35bfee32cad429df87da7a1ef1c49345111ace81936bc4062ac4f1c45
2026-10-10T16:20:38.7360809Z Finalizing artifact upload
2026-10-10T16:20:39.0360261Z Artifact c3-slack-handover-fresh-reproduction.zip successfully finalized. Artifact ID 11675630446
2026-10-10T16:20:39.0362215Z Artifact c3-slack-handover-fresh-reproduction has been successfully uploaded! Final size is 130320 bytes. Artifact ID is 11675630446
2026-10-10T16:20:39.0368848Z Artifact download URL: https://github.com/proteinfoldingengine/WetLabEngine/actions/runs/38067111288/artifacts/11675630446
2026-10-10T16:20:39.0558775Z Post job cleanup.
2026-10-10T16:20:39.1392930Z [command]/usr/bin/git version
2026-10-10T16:20:39.1436049Z git version 2.55.0
2026-10-10T16:20:39.1477809Z Temporarily overriding HOME='/home/runner/work/_temp/78b75432-3c50-4142-8b99-f3d34e1fa84d' before making global git config changes
2026-10-10T16:20:39.1479284Z Adding repository directory to the temporary git global config as a safe directory
2026-10-10T16:20:39.1484254Z [command]/usr/bin/git config --global --add safe.directory /home/runner/work/WetLabEngine/WetLabEngine/research_snapshot
2026-10-10T16:20:39.1523321Z [command]/usr/bin/git config --local --name-only --get-regexp core\.sshCommand
2026-10-10T16:20:39.1558909Z [command]/usr/bin/git submodule foreach --recursive sh -c "git config --local --name-only --get-regexp 'core\.sshCommand' && git config --local --unset-all 'core.sshCommand' || :"
2026-10-10T16:20:39.1819229Z [command]/usr/bin/git config --local --name-only --get-regexp http\.https\:\/\/github\.com\/\.extraheader
2026-10-10T16:20:39.1855577Z [command]/usr/bin/git submodule foreach --recursive sh -c "git config --local --name-only --get-regexp 'http\.https\:\/\/github\.com\/\.extraheader' && git config --local --unset-all 'http.https://github.com/.extraheader' || :"
2026-10-10T16:20:39.2127771Z [command]/usr/bin/git config --local --name-only --get-regexp ^includeIf\.gitdir:
2026-10-10T16:20:39.2166960Z [command]/usr/bin/git submodule foreach --recursive git config --local --show-origin --name-only --get-regexp remote.origin.url
2026-10-10T16:20:39.2576127Z Cleaning up orphan processes
2026-10-10T16:20:39.2913270Z ##[warning]Node.js 20 is deprecated. The following actions target Node.js 20 but are being forced to run on Node.js 24: actions/checkout@v4, actions/download-artifact@v4, actions/upload-artifact@v4. For more information see: https://github.blog/changelog/2025-09-19-deprecation-of-node-20-on-github-actions-runners/
