2026-09-29T22:04:04.7027026Z Current runner version: '2.337.0'
2026-09-29T22:04:04.7050917Z ##[group]Runner Image Provisioner
2026-09-29T22:04:04.7051808Z Hosted Compute Agent
2026-09-29T22:04:04.7052423Z Version: 20260828.587
2026-09-29T22:04:04.7053125Z Commit: abac92662cab4cc7352de4f9f9d2e2419aad9c29
2026-09-29T22:04:04.7053815Z Build Date: 2026-08-28T16:44:25Z
2026-09-29T22:04:04.7054528Z Worker ID: {a60ec505-00d2-4bf7-88c5-52b06613b32f}
2026-09-29T22:04:04.7055206Z Azure Region: westcentralus
2026-09-29T22:04:04.7055780Z ##[endgroup]
2026-09-29T22:04:04.7057102Z ##[group]Operating System
2026-09-29T22:04:04.7057694Z Ubuntu
2026-09-29T22:04:04.7058273Z 24.04.5
2026-09-29T22:04:04.7059003Z LTS
2026-09-29T22:04:04.7059510Z ##[endgroup]
2026-09-29T22:04:04.7060050Z ##[group]Runner Image
2026-09-29T22:04:04.7060617Z Image: ubuntu-24.04
2026-09-29T22:04:04.7061198Z Version: 20260920.314.1
2026-09-29T22:04:04.7062369Z Included Software: https://github.com/actions/runner-images/blob/ubuntu24/20260920.314/images/ubuntu/Ubuntu2404-Readme.md
2026-09-29T22:04:04.7063832Z Image Release: https://github.com/actions/runner-images/releases/tag/ubuntu24%2F20260920.314
2026-09-29T22:04:04.7064728Z ##[endgroup]
2026-09-29T22:04:04.7066270Z ##[group]GITHUB_TOKEN Permissions
2026-09-29T22:04:04.7068650Z Contents: read
2026-09-29T22:04:04.7069392Z Metadata: read
2026-09-29T22:04:04.7069925Z ##[endgroup]
2026-09-29T22:04:04.7071903Z Secret source: Actions
2026-09-29T22:04:04.7072852Z Cache mode: write
2026-09-29T22:04:04.7073481Z Prepare workflow directory
2026-09-29T22:04:04.7482998Z Prepare all required actions
2026-09-29T22:04:04.7529910Z Getting action download info
2026-09-29T22:04:05.0626135Z Download action repository 'actions/checkout@11d5960a326750d5838078e36cf38b85af677262' (SHA:11d5960a326750d5838078e36cf38b85af677262)
2026-09-29T22:04:05.1696853Z Download action repository 'actions/setup-python@a26af69be951a213d495a4c3e4e4022e16d87065' (SHA:a26af69be951a213d495a4c3e4e4022e16d87065)
2026-09-29T22:04:05.3043399Z Download action repository 'actions/upload-artifact@ea165f8d65b6e75b540449e92b4886f43607fa02' (SHA:ea165f8d65b6e75b540449e92b4886f43607fa02)
2026-09-29T22:04:05.5663493Z Complete job name: certify
2026-09-29T22:04:05.6377632Z ##[group]Run actions/checkout@11d5960a326750d5838078e36cf38b85af677262
2026-09-29T22:04:05.6378875Z with:
2026-09-29T22:04:05.6379600Z   repository: proteinfoldingengine/WetLabEngine
2026-09-29T22:04:05.6383497Z   token: ***
2026-09-29T22:04:05.6384019Z   ssh-strict: true
2026-09-29T22:04:05.6384548Z   ssh-user: git
2026-09-29T22:04:05.6385066Z   persist-credentials: true
2026-09-29T22:04:05.6385641Z   clean: true
2026-09-29T22:04:05.6386224Z   sparse-checkout-cone-mode: true
2026-09-29T22:04:05.6386830Z   fetch-depth: 1
2026-09-29T22:04:05.6387358Z   fetch-tags: false
2026-09-29T22:04:05.6387890Z   show-progress: true
2026-09-29T22:04:05.6388543Z   lfs: false
2026-09-29T22:04:05.6389088Z   submodules: false
2026-09-29T22:04:05.6389592Z   set-safe-directory: true
2026-09-29T22:04:05.6390197Z   allow-unsafe-pr-checkout: false
2026-09-29T22:04:05.6391242Z env:
2026-09-29T22:04:05.6392391Z   P: ResearchHistory/UQCF-GEM/demos/v16.29-local-profile-closure
2026-09-29T22:04:05.6393394Z ##[endgroup]
2026-09-29T22:04:05.7396873Z Syncing repository: proteinfoldingengine/WetLabEngine
2026-09-29T22:04:05.7400258Z ##[group]Getting Git version info
2026-09-29T22:04:05.7401571Z Working directory is '/home/runner/work/WetLabEngine/WetLabEngine'
2026-09-29T22:04:05.7403256Z [command]/usr/bin/git version
2026-09-29T22:04:05.7443960Z git version 2.55.0
2026-09-29T22:04:05.7481148Z ##[endgroup]
2026-09-29T22:04:05.7513922Z Temporarily overriding HOME='/home/runner/work/_temp/43c893f9-11b5-4201-99f8-70ff4789020f' before making global git config changes
2026-09-29T22:04:05.7516211Z Adding repository directory to the temporary git global config as a safe directory
2026-09-29T22:04:05.7527931Z [command]/usr/bin/git config --global --add safe.directory /home/runner/work/WetLabEngine/WetLabEngine
2026-09-29T22:04:05.7586015Z Deleting the contents of '/home/runner/work/WetLabEngine/WetLabEngine'
2026-09-29T22:04:05.7590072Z ##[group]Initializing the repository
2026-09-29T22:04:05.7594667Z [command]/usr/bin/git init /home/runner/work/WetLabEngine/WetLabEngine
2026-09-29T22:04:05.7694124Z hint: Using 'master' as the name for the initial branch. This default branch name
2026-09-29T22:04:05.7695931Z hint: will change to "main" in Git 3.0. To configure the initial branch name
2026-09-29T22:04:05.7701258Z hint: to use in all of your new repositories, which will suppress this warning,
2026-09-29T22:04:05.7702613Z hint: call:
2026-09-29T22:04:05.7703480Z hint:
2026-09-29T22:04:05.7704453Z hint: 	git config --global init.defaultBranch <name>
2026-09-29T22:04:05.7705457Z hint:
2026-09-29T22:04:05.7706486Z hint: Names commonly chosen instead of 'master' are 'main', 'trunk' and
2026-09-29T22:04:05.7707917Z hint: 'development'. The just-created branch can be renamed via this command:
2026-09-29T22:04:05.7709381Z hint:
2026-09-29T22:04:05.7710186Z hint: 	git branch -m <name>
2026-09-29T22:04:05.7711059Z hint:
2026-09-29T22:04:05.7712139Z hint: Disable this message with "git config set advice.defaultBranchName false"
2026-09-29T22:04:05.7713854Z Initialized empty Git repository in /home/runner/work/WetLabEngine/WetLabEngine/.git/
2026-09-29T22:04:05.7716840Z [command]/usr/bin/git remote add origin https://github.com/proteinfoldingengine/WetLabEngine
2026-09-29T22:04:05.7770343Z ##[endgroup]
2026-09-29T22:04:05.7771876Z ##[group]Disabling automatic garbage collection
2026-09-29T22:04:05.7774842Z [command]/usr/bin/git config --local gc.auto 0
2026-09-29T22:04:05.7812683Z ##[endgroup]
2026-09-29T22:04:05.7814056Z ##[group]Setting up auth
2026-09-29T22:04:05.7821052Z [command]/usr/bin/git config --local --name-only --get-regexp core\.sshCommand
2026-09-29T22:04:05.7858496Z [command]/usr/bin/git submodule foreach --recursive sh -c "git config --local --name-only --get-regexp 'core\.sshCommand' && git config --local --unset-all 'core.sshCommand' || :"
2026-09-29T22:04:05.8209925Z [command]/usr/bin/git config --local --name-only --get-regexp http\.https\:\/\/github\.com\/\.extraheader
2026-09-29T22:04:05.8240619Z [command]/usr/bin/git submodule foreach --recursive sh -c "git config --local --name-only --get-regexp 'http\.https\:\/\/github\.com\/\.extraheader' && git config --local --unset-all 'http.https://github.com/.extraheader' || :"
2026-09-29T22:04:05.8430609Z [command]/usr/bin/git config --local --name-only --get-regexp ^includeIf\.gitdir:
2026-09-29T22:04:05.8458050Z [command]/usr/bin/git submodule foreach --recursive git config --local --show-origin --name-only --get-regexp remote.origin.url
2026-09-29T22:04:05.8640240Z [command]/usr/bin/git config --local http.https://github.com/.extraheader AUTHORIZATION: basic ***
2026-09-29T22:04:05.8764844Z ##[endgroup]
2026-09-29T22:04:05.8765868Z ##[group]Fetching the repository
2026-09-29T22:04:05.8774275Z [command]/usr/bin/git -c protocol.version=2 fetch --no-tags --prune --no-recurse-submodules --depth=1 origin +5d09e6c28827f70412c5f8b05fd98af75d3b7e5f:refs/remotes/origin/research/v16.29-local-profile-closure
2026-09-29T22:04:20.9607344Z From https://github.com/proteinfoldingengine/WetLabEngine
2026-09-29T22:04:20.9611192Z  * [new ref]         5d09e6c28827f70412c5f8b05fd98af75d3b7e5f -> origin/research/v16.29-local-profile-closure
2026-09-29T22:04:20.9618119Z ##[endgroup]
2026-09-29T22:04:20.9620375Z ##[group]Determining the checkout info
2026-09-29T22:04:20.9622624Z ##[endgroup]
2026-09-29T22:04:20.9623858Z [command]/usr/bin/git sparse-checkout disable
2026-09-29T22:04:21.0033703Z [command]/usr/bin/git config --local --unset-all extensions.worktreeConfig
2026-09-29T22:04:21.0187950Z ##[group]Checking out the ref
2026-09-29T22:04:21.0194896Z [command]/usr/bin/git checkout --progress --force -B research/v16.29-local-profile-closure refs/remotes/origin/research/v16.29-local-profile-closure
2026-09-29T22:04:22.0896754Z Updating files:  50% (2647/5208)
2026-09-29T22:04:22.2615418Z Updating files:  51% (2657/5208)
2026-09-29T22:04:22.2651419Z Updating files:  52% (2709/5208)
2026-09-29T22:04:22.2697827Z Updating files:  53% (2761/5208)
2026-09-29T22:04:22.2717745Z Updating files:  54% (2813/5208)
2026-09-29T22:04:22.2739382Z Updating files:  55% (2865/5208)
2026-09-29T22:04:22.3182535Z Updating files:  56% (2917/5208)
2026-09-29T22:04:22.3670543Z Updating files:  57% (2969/5208)
2026-09-29T22:04:22.3686636Z Updating files:  58% (3021/5208)
2026-09-29T22:04:22.3699471Z Updating files:  59% (3073/5208)
2026-09-29T22:04:22.3843471Z Updating files:  60% (3125/5208)
2026-09-29T22:04:22.3893219Z Updating files:  61% (3177/5208)
2026-09-29T22:04:22.4081795Z Updating files:  62% (3229/5208)
2026-09-29T22:04:22.4217913Z Updating files:  63% (3282/5208)
2026-09-29T22:04:22.4244406Z Updating files:  64% (3334/5208)
2026-09-29T22:04:22.4707678Z Updating files:  65% (3386/5208)
2026-09-29T22:04:22.5461719Z Updating files:  66% (3438/5208)
2026-09-29T22:04:22.8529554Z Updating files:  67% (3490/5208)
2026-09-29T22:04:22.8547578Z Updating files:  68% (3542/5208)
2026-09-29T22:04:22.9825978Z Updating files:  69% (3594/5208)
2026-09-29T22:04:23.0676989Z Updating files:  70% (3646/5208)
2026-09-29T22:04:23.1572190Z Updating files:  70% (3669/5208)
2026-09-29T22:04:23.2556971Z Updating files:  71% (3698/5208)
2026-09-29T22:04:23.2985122Z Updating files:  72% (3750/5208)
2026-09-29T22:04:23.3529386Z Updating files:  73% (3802/5208)
2026-09-29T22:04:23.3614377Z Updating files:  74% (3854/5208)
2026-09-29T22:04:23.3664326Z Updating files:  75% (3906/5208)
2026-09-29T22:04:23.4223331Z Updating files:  76% (3959/5208)
2026-09-29T22:04:23.4245758Z Updating files:  77% (4011/5208)
2026-09-29T22:04:23.4271270Z Updating files:  78% (4063/5208)
2026-09-29T22:04:23.4296869Z Updating files:  79% (4115/5208)
2026-09-29T22:04:23.4321560Z Updating files:  80% (4167/5208)
2026-09-29T22:04:23.4343768Z Updating files:  81% (4219/5208)
2026-09-29T22:04:23.4374499Z Updating files:  82% (4271/5208)
2026-09-29T22:04:23.4399137Z Updating files:  83% (4323/5208)
2026-09-29T22:04:23.4414627Z Updating files:  84% (4375/5208)
2026-09-29T22:04:23.4615580Z Updating files:  85% (4427/5208)
2026-09-29T22:04:23.8959997Z Updating files:  86% (4479/5208)
2026-09-29T22:04:23.9051934Z Updating files:  87% (4531/5208)
2026-09-29T22:04:23.9255362Z Updating files:  88% (4584/5208)
2026-09-29T22:04:23.9540557Z Updating files:  89% (4636/5208)
2026-09-29T22:04:23.9823262Z Updating files:  90% (4688/5208)
2026-09-29T22:04:24.0110455Z Updating files:  91% (4740/5208)
2026-09-29T22:04:24.0619601Z Updating files:  92% (4792/5208)
2026-09-29T22:04:24.0660128Z Updating files:  92% (4832/5208)
2026-09-29T22:04:24.0829467Z Updating files:  93% (4844/5208)
2026-09-29T22:04:24.0853361Z Updating files:  94% (4896/5208)
2026-09-29T22:04:24.0894374Z Updating files:  95% (4948/5208)
2026-09-29T22:04:24.0990716Z Updating files:  96% (5000/5208)
2026-09-29T22:04:24.1037096Z Updating files:  97% (5052/5208)
2026-09-29T22:04:24.1186626Z Updating files:  98% (5104/5208)
2026-09-29T22:04:24.1234547Z Updating files:  99% (5156/5208)
2026-09-29T22:04:24.1235459Z Updating files: 100% (5208/5208)
2026-09-29T22:04:24.1236219Z Updating files: 100% (5208/5208), done.
2026-09-29T22:04:24.2240695Z Switched to a new branch 'research/v16.29-local-profile-closure'
2026-09-29T22:04:24.2260089Z branch 'research/v16.29-local-profile-closure' set up to track 'origin/research/v16.29-local-profile-closure'.
2026-09-29T22:04:24.2313428Z ##[endgroup]
2026-09-29T22:04:24.2603765Z [command]/usr/bin/git log -1 --format=%H
2026-09-29T22:04:24.2631236Z 5d09e6c28827f70412c5f8b05fd98af75d3b7e5f
2026-09-29T22:04:24.2873555Z ##[group]Run actions/setup-python@a26af69be951a213d495a4c3e4e4022e16d87065
2026-09-29T22:04:24.2874090Z with:
2026-09-29T22:04:24.2874571Z   python-version: 3.11
2026-09-29T22:04:24.2874893Z   check-latest: false
2026-09-29T22:04:24.2877280Z   token: ***
2026-09-29T22:04:24.2877565Z   update-environment: true
2026-09-29T22:04:24.2877924Z   allow-prereleases: false
2026-09-29T22:04:24.2878299Z   freethreaded: false
2026-09-29T22:04:24.2878716Z env:
2026-09-29T22:04:24.2879224Z   P: ResearchHistory/UQCF-GEM/demos/v16.29-local-profile-closure
2026-09-29T22:04:24.2879629Z ##[endgroup]
2026-09-29T22:04:24.4164994Z ##[group]Installed versions
2026-09-29T22:04:24.4256835Z (node:2310) [DEP0040] DeprecationWarning: The `punycode` module is deprecated. Please use a userland alternative instead.
2026-09-29T22:04:24.4257569Z (Use `node --trace-deprecation ...` to show where the warning was created)
2026-09-29T22:04:24.4258183Z Successfully set up CPython (3.11.16)
2026-09-29T22:04:24.4259310Z ##[endgroup]
2026-09-29T22:04:24.4413543Z ##[group]Run python -m pip install sympy==1.13.3 mpmath==1.3.0
2026-09-29T22:04:24.4414132Z [36;1mpython -m pip install sympy==1.13.3 mpmath==1.3.0[0m
2026-09-29T22:04:24.4679843Z shell: /usr/bin/bash -e {0}
2026-09-29T22:04:24.4680573Z env:
2026-09-29T22:04:24.4681038Z   P: ResearchHistory/UQCF-GEM/demos/v16.29-local-profile-closure
2026-09-29T22:04:24.4681711Z   pythonLocation: /opt/hostedtoolcache/Python/3.11.16/x64
2026-09-29T22:04:24.4682363Z   PKG_CONFIG_PATH: /opt/hostedtoolcache/Python/3.11.16/x64/lib/pkgconfig
2026-09-29T22:04:24.4682948Z   Python_ROOT_DIR: /opt/hostedtoolcache/Python/3.11.16/x64
2026-09-29T22:04:24.4683481Z   Python2_ROOT_DIR: /opt/hostedtoolcache/Python/3.11.16/x64
2026-09-29T22:04:24.4684007Z   Python3_ROOT_DIR: /opt/hostedtoolcache/Python/3.11.16/x64
2026-09-29T22:04:24.4684586Z   LD_LIBRARY_PATH: /opt/hostedtoolcache/Python/3.11.16/x64/lib
2026-09-29T22:04:24.4685016Z ##[endgroup]
2026-09-29T22:04:25.3793173Z Collecting sympy==1.13.3
2026-09-29T22:04:25.4826512Z   Downloading sympy-1.13.3-py3-none-any.whl.metadata (12 kB)
2026-09-29T22:04:25.5185251Z Collecting mpmath==1.3.0
2026-09-29T22:04:25.5381327Z   Downloading mpmath-1.3.0-py3-none-any.whl.metadata (8.6 kB)
2026-09-29T22:04:25.5713696Z Downloading sympy-1.13.3-py3-none-any.whl (6.2 MB)
2026-09-29T22:04:25.7876225Z    ━━━━━━━━━━━━━━━━━━━━━━━━━━━━━━━━━━━━━━━━ 6.2/6.2 MB 35.6 MB/s  0:00:00
2026-09-29T22:04:25.8076936Z Downloading mpmath-1.3.0-py3-none-any.whl (536 kB)
2026-09-29T22:04:25.8143461Z    ━━━━━━━━━━━━━━━━━━━━━━━━━━━━━━━━━━━━━━━━ 536.2/536.2 kB 58.9 MB/s  0:00:00
2026-09-29T22:04:25.8826422Z Installing collected packages: mpmath, sympy
2026-09-29T22:04:30.8353683Z 
2026-09-29T22:04:30.8362567Z Successfully installed mpmath-1.3.0 sympy-1.13.3
2026-09-29T22:04:30.8911061Z ##[group]Run python "$P/run_campaign.py"
2026-09-29T22:04:30.8911475Z [36;1mpython "$P/run_campaign.py"[0m
2026-09-29T22:04:30.8955517Z shell: /usr/bin/bash -e {0}
2026-09-29T22:04:30.8956044Z env:
2026-09-29T22:04:30.8956445Z   P: ResearchHistory/UQCF-GEM/demos/v16.29-local-profile-closure
2026-09-29T22:04:30.8956969Z   pythonLocation: /opt/hostedtoolcache/Python/3.11.16/x64
2026-09-29T22:04:30.8957465Z   PKG_CONFIG_PATH: /opt/hostedtoolcache/Python/3.11.16/x64/lib/pkgconfig
2026-09-29T22:04:30.8957968Z   Python_ROOT_DIR: /opt/hostedtoolcache/Python/3.11.16/x64
2026-09-29T22:04:30.8958757Z   Python2_ROOT_DIR: /opt/hostedtoolcache/Python/3.11.16/x64
2026-09-29T22:04:30.8959210Z   Python3_ROOT_DIR: /opt/hostedtoolcache/Python/3.11.16/x64
2026-09-29T22:04:30.8959731Z   LD_LIBRARY_PATH: /opt/hostedtoolcache/Python/3.11.16/x64/lib
2026-09-29T22:04:30.8960136Z ##[endgroup]
2026-09-29T22:04:31.4017039Z {"name": "v1629-tests", "cwd": "ResearchHistory/UQCF-GEM/demos/v16.29-local-profile-closure", "command": ["/opt/hostedtoolcache/Python/3.11.16/x64/bin/python", "test_gate.py"], "exit_code": 0, "tests": [30]}
2026-09-29T22:05:08.7454482Z {"name": "producer", "cwd": "ResearchHistory/UQCF-GEM/demos/v16.29-local-profile-closure", "command": ["/opt/hostedtoolcache/Python/3.11.16/x64/bin/python", "producer.py"], "exit_code": 0, "tests": []}
2026-09-29T22:05:53.6891286Z {"name": "verifier", "cwd": "ResearchHistory/UQCF-GEM/demos/v16.29-local-profile-closure", "command": ["/opt/hostedtoolcache/Python/3.11.16/x64/bin/python", "verifier.py"], "exit_code": 0, "tests": []}
2026-09-29T22:06:01.0475196Z {"name": "v1628-tests", "cwd": "ResearchHistory/UQCF-GEM/demos/v16.28-diamond-attribution-closure", "command": ["/opt/hostedtoolcache/Python/3.11.16/x64/bin/python", "test_gate.py"], "exit_code": 0, "tests": [28]}
2026-09-29T22:06:01.0996346Z {"name": "v1627-contract", "cwd": "ResearchHistory/UQCF-GEM/demos/v16.27-increment-attribution-closure/completion", "command": ["/opt/hostedtoolcache/Python/3.11.16/x64/bin/python", "test_contract.py"], "exit_code": 0, "tests": [11]}
2026-09-29T22:06:01.1768531Z {"name": "v1627-complete", "cwd": "ResearchHistory/UQCF-GEM/demos/v16.27-increment-attribution-closure/completion", "command": ["/opt/hostedtoolcache/Python/3.11.16/x64/bin/python", "test_complete.py"], "exit_code": 0, "tests": [23]}
2026-09-29T22:06:32.2385746Z {"name": "v1627-original", "cwd": "ResearchHistory/UQCF-GEM/demos/v16.27-increment-attribution-closure", "command": ["/opt/hostedtoolcache/Python/3.11.16/x64/bin/python", "test_gate.py"], "exit_code": 0, "tests": [5]}
2026-09-29T22:06:32.3922703Z {"name": "v1626", "cwd": "ResearchHistory/UQCF-GEM/demos/v16.26-consistency-increment-law", "command": ["/opt/hostedtoolcache/Python/3.11.16/x64/bin/python", "test_gate.py"], "exit_code": 0, "tests": [8]}
2026-09-29T22:06:32.6918975Z {"name": "v1625", "cwd": "ResearchHistory/UQCF-GEM/demos/v16.25-pruning-refinement-closure", "command": ["/opt/hostedtoolcache/Python/3.11.16/x64/bin/python", "test_gate.py"], "exit_code": 0, "tests": [11]}
2026-09-29T22:06:33.2186746Z {"name": "v1624", "cwd": "ResearchHistory/UQCF-GEM/demos/v16.24-consistency-order", "command": ["/opt/hostedtoolcache/Python/3.11.16/x64/bin/python", "test_gate.py"], "exit_code": 0, "tests": [28]}
2026-09-29T22:06:33.4807775Z {"name": "v1624-validation", "cwd": "ResearchHistory/UQCF-GEM/demos/v16.24-consistency-order", "command": ["/opt/hostedtoolcache/Python/3.11.16/x64/bin/python", "test_validation.py"], "exit_code": 0, "tests": [2]}
2026-09-29T22:06:34.5066091Z {"name": "v1623", "cwd": "ResearchHistory/UQCF-GEM/demos/v16.23-overlap-descent", "command": ["/opt/hostedtoolcache/Python/3.11.16/x64/bin/python", "test_gate.py"], "exit_code": 0, "tests": [22]}
2026-09-29T22:06:34.9128970Z {"name": "v1623-schema", "cwd": "ResearchHistory/UQCF-GEM/demos/v16.23-overlap-descent", "command": ["/opt/hostedtoolcache/Python/3.11.16/x64/bin/python", "test_schema.py"], "exit_code": 0, "tests": [3]}
2026-09-29T22:06:35.3161428Z {"name": "v1622", "cwd": "ResearchHistory/UQCF-GEM/demos/v16.22-response-selection-closure", "command": ["/opt/hostedtoolcache/Python/3.11.16/x64/bin/python", "-m", "unittest", "discover", "-v"], "exit_code": 0, "tests": [20]}
2026-09-29T22:06:35.9197104Z {"name": "v1621", "cwd": "ResearchHistory/UQCF-GEM/foundational-closure-verification", "command": ["/opt/hostedtoolcache/Python/3.11.16/x64/bin/python", "tests/test_fcv.py"], "exit_code": 0, "tests": [22]}
2026-09-29T22:06:37.0040875Z {"name": "exact-parent", "cwd": "ResearchHistory/UQCF-GEM/demos/v15.56-response-selector-obstruction", "command": ["/opt/hostedtoolcache/Python/3.11.16/x64/bin/python", "-m", "unittest", "-v", "test_pruning_consistency_audit"], "exit_code": 0, "tests": [15]}
2026-09-29T22:06:37.0406250Z ##[group]Run actions/upload-artifact@ea165f8d65b6e75b540449e92b4886f43607fa02
2026-09-29T22:06:37.0406708Z with:
2026-09-29T22:06:37.0407050Z   name: v1629-5d09e6c28827f70412c5f8b05fd98af75d3b7e5f
2026-09-29T22:06:37.0407438Z   if-no-files-found: error
2026-09-29T22:06:37.0407853Z   path: ResearchHistory/UQCF-GEM/demos/v16.29-local-profile-closure/evidence
2026-09-29T22:06:37.0408505Z   compression-level: 6
2026-09-29T22:06:37.0408929Z   overwrite: false
2026-09-29T22:06:37.0409286Z   include-hidden-files: false
2026-09-29T22:06:37.0409603Z env:
2026-09-29T22:06:37.0409941Z   P: ResearchHistory/UQCF-GEM/demos/v16.29-local-profile-closure
2026-09-29T22:06:37.0410473Z   pythonLocation: /opt/hostedtoolcache/Python/3.11.16/x64
2026-09-29T22:06:37.0410952Z   PKG_CONFIG_PATH: /opt/hostedtoolcache/Python/3.11.16/x64/lib/pkgconfig
2026-09-29T22:06:37.0411427Z   Python_ROOT_DIR: /opt/hostedtoolcache/Python/3.11.16/x64
2026-09-29T22:06:37.0411993Z   Python2_ROOT_DIR: /opt/hostedtoolcache/Python/3.11.16/x64
2026-09-29T22:06:37.0412619Z   Python3_ROOT_DIR: /opt/hostedtoolcache/Python/3.11.16/x64
2026-09-29T22:06:37.0413080Z   LD_LIBRARY_PATH: /opt/hostedtoolcache/Python/3.11.16/x64/lib
2026-09-29T22:06:37.0413463Z ##[endgroup]
2026-09-29T22:06:37.2041335Z (node:2393) [DEP0040] DeprecationWarning: The `punycode` module is deprecated. Please use a userland alternative instead.
2026-09-29T22:06:37.2042676Z (Use `node --trace-deprecation ...` to show where the warning was created)
2026-09-29T22:06:37.2151519Z With the provided path, there will be 26 files uploaded
2026-09-29T22:06:37.2152722Z Artifact name is valid!
2026-09-29T22:06:37.2153299Z Root directory input is valid!
2026-09-29T22:06:37.5594641Z Beginning upload of artifact content to blob storage
2026-09-29T22:06:37.6688246Z (node:2393) [DEP0169] DeprecationWarning: `url.parse()` behavior is not standardized and prone to errors that have security implications. Use the WHATWG URL API instead. CVEs are not issued for `url.parse()` vulnerabilities.
2026-09-29T22:06:38.2240098Z Uploaded bytes 1765998
2026-09-29T22:06:38.2816556Z Finished uploading artifact content to blob storage!
2026-09-29T22:06:38.2817827Z SHA256 digest of uploaded artifact zip is f7d838b76750f2dc6319955147f56c5eea7016b3deb5132a833c718f847f4f30
2026-09-29T22:06:38.2819804Z Finalizing artifact upload
2026-09-29T22:06:38.5385823Z Artifact v1629-5d09e6c28827f70412c5f8b05fd98af75d3b7e5f.zip successfully finalized. Artifact ID 11065511674
2026-09-29T22:06:38.5387297Z Artifact v1629-5d09e6c28827f70412c5f8b05fd98af75d3b7e5f has been successfully uploaded! Final size is 1765998 bytes. Artifact ID is 11065511674
2026-09-29T22:06:38.5393656Z Artifact download URL: https://github.com/proteinfoldingengine/WetLabEngine/actions/runs/36637296991/artifacts/11065511674
2026-09-29T22:06:38.5559278Z Post job cleanup.
2026-09-29T22:06:38.6676663Z (node:2405) [DEP0040] DeprecationWarning: The `punycode` module is deprecated. Please use a userland alternative instead.
2026-09-29T22:06:38.6677703Z (Use `node --trace-deprecation ...` to show where the warning was created)
2026-09-29T22:06:38.6833577Z Post job cleanup.
2026-09-29T22:06:38.7772411Z [command]/usr/bin/git version
2026-09-29T22:06:38.7819789Z git version 2.55.0
2026-09-29T22:06:38.7859002Z Temporarily overriding HOME='/home/runner/work/_temp/1d19ca1f-c0e9-44d3-85fd-84ed422a690b' before making global git config changes
2026-09-29T22:06:38.7860713Z Adding repository directory to the temporary git global config as a safe directory
2026-09-29T22:06:38.7865517Z [command]/usr/bin/git config --global --add safe.directory /home/runner/work/WetLabEngine/WetLabEngine
2026-09-29T22:06:38.7911835Z [command]/usr/bin/git config --local --name-only --get-regexp core\.sshCommand
2026-09-29T22:06:38.7952780Z [command]/usr/bin/git submodule foreach --recursive sh -c "git config --local --name-only --get-regexp 'core\.sshCommand' && git config --local --unset-all 'core.sshCommand' || :"
2026-09-29T22:06:38.8265242Z [command]/usr/bin/git config --local --name-only --get-regexp http\.https\:\/\/github\.com\/\.extraheader
2026-09-29T22:06:38.8300013Z http.https://github.com/.extraheader
2026-09-29T22:06:38.8313583Z [command]/usr/bin/git config --local --unset-all http.https://github.com/.extraheader
2026-09-29T22:06:38.8364534Z [command]/usr/bin/git submodule foreach --recursive sh -c "git config --local --name-only --get-regexp 'http\.https\:\/\/github\.com\/\.extraheader' && git config --local --unset-all 'http.https://github.com/.extraheader' || :"
2026-09-29T22:06:38.8652528Z [command]/usr/bin/git config --local --name-only --get-regexp ^includeIf\.gitdir:
2026-09-29T22:06:38.8694570Z [command]/usr/bin/git submodule foreach --recursive git config --local --show-origin --name-only --get-regexp remote.origin.url
2026-09-29T22:06:38.9129614Z Cleaning up orphan processes
2026-09-29T22:06:38.9405951Z ##[warning]Node.js 20 is deprecated. The following actions target Node.js 20 but are being forced to run on Node.js 24: actions/checkout@11d5960a326750d5838078e36cf38b85af677262, actions/setup-python@a26af69be951a213d495a4c3e4e4022e16d87065, actions/upload-artifact@ea165f8d65b6e75b540449e92b4886f43607fa02. For more information see: https://github.blog/changelog/2025-09-19-deprecation-of-node-20-on-github-actions-runners/
