test_actual_old_kernel_witness (__main__.Tests.test_actual_old_kernel_witness) ... ok
test_bare_filtration_scaling_and_shear (__main__.Tests.test_bare_filtration_scaling_and_shear) ... ok
test_constructive_and_negative_linear_descent (__main__.Tests.test_constructive_and_negative_linear_descent) ... ok
test_corrupted_witness_rejected (__main__.Tests.test_corrupted_witness_rejected) ... ok
test_direct_fiber_sum_and_section (__main__.Tests.test_direct_fiber_sum_and_section) ... ok
test_exact_input_no_float_or_truncation (__main__.Tests.test_exact_input_no_float_or_truncation) ... ok
test_false_descent_rejected (__main__.Tests.test_false_descent_rejected) ... ok
test_foreign_domain_identity_rejected (__main__.Tests.test_foreign_domain_identity_rejected) ... ok
test_identity_and_root_zero_dimensional_cases (__main__.Tests.test_identity_and_root_zero_dimensional_cases) ... ok
test_illegal_target_and_origin_rejected (__main__.Tests.test_illegal_target_and_origin_rejected) ... ok
test_incompatible_composition_rejected (__main__.Tests.test_incompatible_composition_rejected) ... ok
test_invalid_carriers_are_not_repaired (__main__.Tests.test_invalid_carriers_are_not_repaired) ... ok
test_linear_right_inverse_can_fail_retained_naturality (__main__.Tests.test_linear_right_inverse_can_fail_retained_naturality) ... ok
test_missing_check_and_coverage_rejected (__main__.Tests.test_missing_check_and_coverage_rejected) ... ok
test_mutated_green_rejected (__main__.Tests.test_mutated_green_rejected) ... ok
test_mutated_pushforward_rejected (__main__.Tests.test_mutated_pushforward_rejected) ... ok
test_mutated_section_rejected (__main__.Tests.test_mutated_section_rejected) ... ok
test_nonlinear_boundary_is_not_linear_test (__main__.Tests.test_nonlinear_boundary_is_not_linear_test) ... ok
test_nonpermutation_coordinate_change (__main__.Tests.test_nonpermutation_coordinate_change) ... ok
test_relabel_and_storage_naturality (__main__.Tests.test_relabel_and_storage_naturality) ... ok
test_response_quotient_and_supplied_complement (__main__.Tests.test_response_quotient_and_supplied_complement) ... ok
test_shape_enumerators_agree_without_shared_implementation (__main__.Tests.test_shape_enumerators_agree_without_shared_implementation) ... ok

----------------------------------------------------------------------
Ran 22 tests in 0.452s

OK
