2026-10-08T23:19:20.0625372Z Current runner version: '2.337.0'
2026-10-08T23:19:20.0650128Z ##[group]Runner Image Provisioner
2026-10-08T23:19:20.0651058Z Hosted Compute Agent
2026-10-08T23:19:20.0651782Z Version: 20261002.596
2026-10-08T23:19:20.0652402Z Commit: c3d12f3313a95f25162a1503be624f3b0617f8c0
2026-10-08T23:19:20.0653099Z Build Date: 2026-10-02T22:28:27Z
2026-10-08T23:19:20.0653851Z Worker ID: {8d6c3bf5-3fd1-4f07-bd7b-7baaed796d7a}
2026-10-08T23:19:20.0654557Z Region: westus
2026-10-08T23:19:20.0655153Z Cloud: Azure
2026-10-08T23:19:20.0655692Z ##[endgroup]
2026-10-08T23:19:20.0657309Z ##[group]Operating System
2026-10-08T23:19:20.0658056Z Ubuntu
2026-10-08T23:19:20.0658563Z 24.04.5
2026-10-08T23:19:20.0659172Z LTS
2026-10-08T23:19:20.0660091Z ##[endgroup]
2026-10-08T23:19:20.0660683Z ##[group]Runner Image
2026-10-08T23:19:20.0661345Z Image: ubuntu-24.04
2026-10-08T23:19:20.0661907Z Version: 20261004.327.1
2026-10-08T23:19:20.0663237Z Included Software: https://github.com/actions/runner-images/blob/ubuntu24/20261004.327/images/ubuntu/Ubuntu2404-Readme.md
2026-10-08T23:19:20.0664762Z Image Release: https://github.com/actions/runner-images/releases/tag/ubuntu24%2F20261004.327
2026-10-08T23:19:20.0665779Z ##[endgroup]
2026-10-08T23:19:20.0666902Z ##[group]GITHUB_TOKEN Permissions
2026-10-08T23:19:20.0669352Z Contents: read
2026-10-08T23:19:20.0670187Z Metadata: read
2026-10-08T23:19:20.0670718Z ##[endgroup]
2026-10-08T23:19:20.0672882Z Secret source: Actions
2026-10-08T23:19:20.0673837Z Cache mode: write
2026-10-08T23:19:20.0674614Z Prepare workflow directory
2026-10-08T23:19:20.1064488Z Prepare all required actions
2026-10-08T23:19:20.1113561Z Getting action download info
2026-10-08T23:19:20.4661653Z Download action repository 'actions/checkout@v4' (SHA:11d5960a326750d5838078e36cf38b85af677262)
2026-10-08T23:19:21.1183681Z Download action repository 'actions/upload-artifact@v4' (SHA:ea165f8d65b6e75b540449e92b4886f43607fa02)
2026-10-08T23:19:21.3335704Z Complete job name: verification
2026-10-08T23:19:21.4147095Z ##[group]Run actions/checkout@v4
2026-10-08T23:19:21.4148199Z with:
2026-10-08T23:19:21.4148735Z   ref: f6417541c95c4584f4d955ae0745f4109506645c
2026-10-08T23:19:21.4149389Z   path: research_snapshot
2026-10-08T23:19:21.4150329Z   persist-credentials: false
2026-10-08T23:19:21.4151115Z   sparse-checkout: ResearchHistory/UQCF-GEM/research/physical-bridge
2026-10-08T23:19:21.4151984Z   repository: proteinfoldingengine/WetLabEngine
2026-10-08T23:19:21.4156298Z   token: ***
2026-10-08T23:19:21.4156762Z   ssh-strict: true
2026-10-08T23:19:21.4157242Z   ssh-user: git
2026-10-08T23:19:21.4157698Z   clean: true
2026-10-08T23:19:21.4158180Z   sparse-checkout-cone-mode: true
2026-10-08T23:19:21.4158763Z   fetch-depth: 1
2026-10-08T23:19:21.4159254Z   fetch-tags: false
2026-10-08T23:19:21.4159998Z   show-progress: true
2026-10-08T23:19:21.4160511Z   lfs: false
2026-10-08T23:19:21.4160965Z   submodules: false
2026-10-08T23:19:21.4161452Z   set-safe-directory: true
2026-10-08T23:19:21.4162097Z   allow-unsafe-pr-checkout: false
2026-10-08T23:19:21.4163014Z ##[endgroup]
2026-10-08T23:19:21.5165465Z Syncing repository: proteinfoldingengine/WetLabEngine
2026-10-08T23:19:21.5168289Z ##[group]Getting Git version info
2026-10-08T23:19:21.5170067Z Working directory is '/home/runner/work/WetLabEngine/WetLabEngine/research_snapshot'
2026-10-08T23:19:21.5172178Z [command]/usr/bin/git version
2026-10-08T23:19:21.5225720Z git version 2.55.0
2026-10-08T23:19:21.5247992Z ##[endgroup]
2026-10-08T23:19:21.5271634Z Temporarily overriding HOME='/home/runner/work/_temp/ade98c82-66ac-456b-928e-372a8ecd3187' before making global git config changes
2026-10-08T23:19:21.5273282Z Adding repository directory to the temporary git global config as a safe directory
2026-10-08T23:19:21.5274835Z [command]/usr/bin/git config --global --add safe.directory /home/runner/work/WetLabEngine/WetLabEngine/research_snapshot
2026-10-08T23:19:21.5320212Z ##[group]Initializing the repository
2026-10-08T23:19:21.5330314Z [command]/usr/bin/git init /home/runner/work/WetLabEngine/WetLabEngine/research_snapshot
2026-10-08T23:19:21.5433486Z hint: Using 'master' as the name for the initial branch. This default branch name
2026-10-08T23:19:21.5435671Z hint: will change to "main" in Git 3.0. To configure the initial branch name
2026-10-08T23:19:21.5437524Z hint: to use in all of your new repositories, which will suppress this warning,
2026-10-08T23:19:21.5438952Z hint: call:
2026-10-08T23:19:21.5440032Z hint:
2026-10-08T23:19:21.5440870Z hint: 	git config --global init.defaultBranch <name>
2026-10-08T23:19:21.5441639Z hint:
2026-10-08T23:19:21.5442381Z hint: Names commonly chosen instead of 'master' are 'main', 'trunk' and
2026-10-08T23:19:21.5443447Z hint: 'development'. The just-created branch can be renamed via this command:
2026-10-08T23:19:21.5444287Z hint:
2026-10-08T23:19:21.5444756Z hint: 	git branch -m <name>
2026-10-08T23:19:21.5445278Z hint:
2026-10-08T23:19:21.5446004Z hint: Disable this message with "git config set advice.defaultBranchName false"
2026-10-08T23:19:21.5447259Z Initialized empty Git repository in /home/runner/work/WetLabEngine/WetLabEngine/research_snapshot/.git/
2026-10-08T23:19:21.5462853Z [command]/usr/bin/git remote add origin https://github.com/proteinfoldingengine/WetLabEngine
2026-10-08T23:19:21.5503899Z ##[endgroup]
2026-10-08T23:19:21.5504773Z ##[group]Disabling automatic garbage collection
2026-10-08T23:19:21.5508142Z [command]/usr/bin/git config --local gc.auto 0
2026-10-08T23:19:21.5542154Z ##[endgroup]
2026-10-08T23:19:21.5542962Z ##[group]Setting up auth
2026-10-08T23:19:21.5550042Z [command]/usr/bin/git config --local --name-only --get-regexp core\.sshCommand
2026-10-08T23:19:21.5584861Z [command]/usr/bin/git submodule foreach --recursive sh -c "git config --local --name-only --get-regexp 'core\.sshCommand' && git config --local --unset-all 'core.sshCommand' || :"
2026-10-08T23:19:21.5981689Z [command]/usr/bin/git config --local --name-only --get-regexp http\.https\:\/\/github\.com\/\.extraheader
2026-10-08T23:19:21.6020091Z [command]/usr/bin/git submodule foreach --recursive sh -c "git config --local --name-only --get-regexp 'http\.https\:\/\/github\.com\/\.extraheader' && git config --local --unset-all 'http.https://github.com/.extraheader' || :"
2026-10-08T23:19:21.6268929Z [command]/usr/bin/git config --local --name-only --get-regexp ^includeIf\.gitdir:
2026-10-08T23:19:21.6306095Z [command]/usr/bin/git submodule foreach --recursive git config --local --show-origin --name-only --get-regexp remote.origin.url
2026-10-08T23:19:21.6530968Z [command]/usr/bin/git config --local http.https://github.com/.extraheader AUTHORIZATION: basic ***
2026-10-08T23:19:21.6571988Z ##[endgroup]
2026-10-08T23:19:21.6573020Z ##[group]Fetching the repository
2026-10-08T23:19:21.6582300Z [command]/usr/bin/git -c protocol.version=2 fetch --no-tags --prune --no-recurse-submodules --filter=blob:none --depth=1 origin f6417541c95c4584f4d955ae0745f4109506645c
2026-10-08T23:19:22.1008457Z From https://github.com/proteinfoldingengine/WetLabEngine
2026-10-08T23:19:22.1010250Z  * branch            f6417541c95c4584f4d955ae0745f4109506645c -> FETCH_HEAD
2026-10-08T23:19:22.1014837Z ##[endgroup]
2026-10-08T23:19:22.1017256Z ##[group]Determining the checkout info
2026-10-08T23:19:22.1020249Z ##[endgroup]
2026-10-08T23:19:22.1022392Z ##[group]Setting up sparse checkout
2026-10-08T23:19:22.1026322Z [command]/usr/bin/git sparse-checkout set ResearchHistory/UQCF-GEM/research/physical-bridge
2026-10-08T23:19:22.1076406Z ##[endgroup]
2026-10-08T23:19:22.1078902Z ##[group]Checking out the ref
2026-10-08T23:19:22.1081799Z [command]/usr/bin/git checkout --progress --force f6417541c95c4584f4d955ae0745f4109506645c
2026-10-08T23:19:22.6589107Z Note: switching to 'f6417541c95c4584f4d955ae0745f4109506645c'.
2026-10-08T23:19:22.6590531Z 
2026-10-08T23:19:22.6591403Z You are in 'detached HEAD' state. You can look around, make experimental
2026-10-08T23:19:22.6593808Z changes and commit them, and you can discard any commits you make in this
2026-10-08T23:19:22.6596538Z state without impacting any branches by switching back to a branch.
2026-10-08T23:19:22.6599154Z 
2026-10-08T23:19:22.6600838Z If you want to create a new branch to retain commits you create, you may
2026-10-08T23:19:22.6604248Z do so (now or later) by using -c with the switch command. Example:
2026-10-08T23:19:22.6606292Z 
2026-10-08T23:19:22.6607104Z   git switch -c <new-branch-name>
2026-10-08T23:19:22.6608521Z 
2026-10-08T23:19:22.6609309Z Or undo this operation with:
2026-10-08T23:19:22.6610795Z 
2026-10-08T23:19:22.6611574Z   git switch -
2026-10-08T23:19:22.6612677Z 
2026-10-08T23:19:22.6614194Z Turn off this advice by setting config variable advice.detachedHead to false
2026-10-08T23:19:22.6616406Z 
2026-10-08T23:19:22.6618515Z HEAD is now at f641754 research: preserve second REVISE and adjudicate repeated unsupported objections
2026-10-08T23:19:22.6625888Z ##[endgroup]
2026-10-08T23:19:22.6664451Z [command]/usr/bin/git log -1 --format=%H
2026-10-08T23:19:22.6693850Z f6417541c95c4584f4d955ae0745f4109506645c
2026-10-08T23:19:22.6703284Z ##[group]Removing auth
2026-10-08T23:19:22.6706960Z [command]/usr/bin/git config --local --name-only --get-regexp core\.sshCommand
2026-10-08T23:19:22.6741574Z [command]/usr/bin/git submodule foreach --recursive sh -c "git config --local --name-only --get-regexp 'core\.sshCommand' && git config --local --unset-all 'core.sshCommand' || :"
2026-10-08T23:19:22.6983139Z [command]/usr/bin/git config --local --name-only --get-regexp http\.https\:\/\/github\.com\/\.extraheader
2026-10-08T23:19:22.7012586Z http.https://github.com/.extraheader
2026-10-08T23:19:22.7023605Z [command]/usr/bin/git config --local --unset-all http.https://github.com/.extraheader
2026-10-08T23:19:22.7059818Z [command]/usr/bin/git submodule foreach --recursive sh -c "git config --local --name-only --get-regexp 'http\.https\:\/\/github\.com\/\.extraheader' && git config --local --unset-all 'http.https://github.com/.extraheader' || :"
2026-10-08T23:19:22.7296433Z [command]/usr/bin/git config --local --name-only --get-regexp ^includeIf\.gitdir:
2026-10-08T23:19:22.7329488Z [command]/usr/bin/git submodule foreach --recursive git config --local --show-origin --name-only --get-regexp remote.origin.url
2026-10-08T23:19:22.7562830Z ##[endgroup]
2026-10-08T23:19:22.7808233Z ##[group]Run set -euo pipefail
2026-10-08T23:19:22.7809499Z [36;1mset -euo pipefail[0m
2026-10-08T23:19:22.7810946Z [36;1mmkdir -p core_readout_verification[0m
2026-10-08T23:19:22.7812885Z [36;1mROOT=research_snapshot/ResearchHistory/UQCF-GEM/research/physical-bridge[0m
2026-10-08T23:19:22.7816092Z [36;1mpython3 -m unittest discover -s "$ROOT/core_readout" -p test_core_readout.py -v 2>&1 | tee core_readout_verification/contracts.log[0m
2026-10-08T23:19:22.7819313Z [36;1mpython3 "$ROOT/core_readout/producer.py" > core_readout_verification/graph.json[0m
2026-10-08T23:19:22.7822047Z [36;1mpython3 "$ROOT/core_readout/producer.py" > /tmp/channel-repeat.json[0m
2026-10-08T23:19:22.7824265Z [36;1mcmp core_readout_verification/graph.json /tmp/channel-repeat.json[0m
2026-10-08T23:19:22.7827419Z [36;1mpython3 "$ROOT/core_readout/independent.py" core_readout_verification/graph.json | tee core_readout_verification/independent.json[0m
2026-10-08T23:19:22.7831769Z [36;1mpython3 -m unittest discover -s "$ROOT/shared_witness" -p test_shared_witness.py -v 2>&1 | tee core_readout_verification/inherited_channel.log[0m
2026-10-08T23:19:22.7835666Z [36;1mpython3 -m unittest discover -s "$ROOT" -p test_core_probe_replay.py -v 2>&1 | tee core_readout_verification/inherited_core.log[0m
2026-10-08T23:19:22.7839423Z [36;1mpython3 -m unittest discover -s "$ROOT/verification" -p 'test_*.py' -v 2>&1 | tee core_readout_verification/inherited_contracts.log[0m
2026-10-08T23:19:22.7842148Z [36;1mcd research_snapshot[0m
2026-10-08T23:19:22.7845623Z [36;1mpython3 ResearchHistory/UQCF-GEM/research/physical-bridge/verification/verify.py --output ../core_readout_verification/a12_baseline.json 2>&1 | tee ../core_readout_verification/a12_baseline.log[0m
2026-10-08T23:19:22.8097450Z shell: /usr/bin/bash --noprofile --norc -e -o pipefail {0}
2026-10-08T23:19:22.8099271Z ##[endgroup]
2026-10-08T23:19:22.9006328Z test_certificate_fibers (test_core_readout.Contracts.test_certificate_fibers) ... ok
2026-10-08T23:19:22.9265615Z test_complete_identity (test_core_readout.Contracts.test_complete_identity) ... ok
2026-10-08T23:19:23.0275017Z test_corrupted_tau_type_and_guard (test_core_readout.Contracts.test_corrupted_tau_type_and_guard) ... ok
2026-10-08T23:19:23.1826641Z test_false_claims_and_provenance (test_core_readout.Contracts.test_false_claims_and_provenance) ... ok
2026-10-08T23:19:23.1838852Z test_independent_without_producer_and_duplicate_json (test_core_readout.Contracts.test_independent_without_producer_and_duplicate_json) ... ok
2026-10-08T23:19:23.4162330Z test_missing_duplicate_substitution (test_core_readout.Contracts.test_missing_duplicate_substitution) ... ok
2026-10-08T23:19:23.4445856Z test_paths_and_delayed_service (test_core_readout.Contracts.test_paths_and_delayed_service) ... ok
2026-10-08T23:19:23.4447121Z 
2026-10-08T23:19:23.4447725Z ----------------------------------------------------------------------
2026-10-08T23:19:23.4448400Z Ran 7 tests in 0.572s
2026-10-08T23:19:23.4448635Z 
2026-10-08T23:19:23.4448790Z OK
2026-10-08T23:19:23.5239020Z {"outcomes": 110, "service_outcomes": 6, "states": 14, "status": "PASS"}
2026-10-08T23:19:23.6560262Z test_claim_and_provenance_forgery_reject (test_shared_witness.SharedWitnessContracts.test_claim_and_provenance_forgery_reject) ... ok
2026-10-08T23:19:23.6812378Z test_complete_independent_identity_equality (test_shared_witness.SharedWitnessContracts.test_complete_independent_identity_equality) ... ok
2026-10-08T23:19:23.6815592Z test_duplicate_json_keys_reject (test_shared_witness.SharedWitnessContracts.test_duplicate_json_keys_reject) ... ok
2026-10-08T23:19:23.7060625Z test_each_command_can_reject_and_locked_decoder_is_exact (test_shared_witness.SharedWitnessContracts.test_each_command_can_reject_and_locked_decoder_is_exact) ... ok
2026-10-08T23:19:23.7065607Z test_independent_root_choice_oracle_without_producer (test_shared_witness.SharedWitnessContracts.test_independent_root_choice_oracle_without_producer) ... ok
2026-10-08T23:19:23.9260457Z test_missing_duplicate_substituted_outcomes_reject (test_shared_witness.SharedWitnessContracts.test_missing_duplicate_substituted_outcomes_reject) ... ok
2026-10-08T23:19:23.9524842Z test_premature_decoder_and_silent_anchor_counterexamples (test_shared_witness.SharedWitnessContracts.test_premature_decoder_and_silent_anchor_counterexamples) ... ok
2026-10-08T23:19:24.0030545Z test_wrong_tau_and_boolean_value_reject (test_shared_witness.SharedWitnessContracts.test_wrong_tau_and_boolean_value_reject) ... ok
2026-10-08T23:19:24.0031512Z 
2026-10-08T23:19:24.0032306Z ----------------------------------------------------------------------
2026-10-08T23:19:24.0032920Z Ran 8 tests in 0.424s
2026-10-08T23:19:24.0033332Z 
2026-10-08T23:19:24.0033671Z OK
2026-10-08T23:19:24.0687900Z test_changed_same_cardinality_identity_is_rejected (test_core_probe_replay.CoreProbeReplayTests.test_changed_same_cardinality_identity_is_rejected) ... ok
2026-10-08T23:19:24.0694263Z test_each_command_has_an_unchanged_outcome (test_core_probe_replay.CoreProbeReplayTests.test_each_command_has_an_unchanged_outcome) ... ok
2026-10-08T23:19:24.0696754Z test_empty_projected_root_is_real_and_admissible (test_core_probe_replay.CoreProbeReplayTests.test_empty_projected_root_is_real_and_admissible) ... ok
2026-10-08T23:19:24.0705381Z test_every_node_compares_exact_labelled_completion_set (test_core_probe_replay.CoreProbeReplayTests.test_every_node_compares_exact_labelled_completion_set) ... ok
2026-10-08T23:19:24.0711776Z test_graph_is_constructed_from_all_hidden_worlds (test_core_probe_replay.CoreProbeReplayTests.test_graph_is_constructed_from_all_hidden_worlds) ... ok
2026-10-08T23:19:24.0725347Z test_omitted_node_is_rejected_by_fresh_enumeration (test_core_probe_replay.CoreProbeReplayTests.test_omitted_node_is_rejected_by_fresh_enumeration) ... ok
2026-10-08T23:19:24.0739183Z test_omitted_outcome_edge_is_rejected_by_fresh_enumeration (test_core_probe_replay.CoreProbeReplayTests.test_omitted_outcome_edge_is_rejected_by_fresh_enumeration) ... ok
2026-10-08T23:19:24.0742099Z test_one_spectator_boundary (test_core_probe_replay.CoreProbeReplayTests.test_one_spectator_boundary) ... ok
2026-10-08T23:19:24.0747757Z test_restored_core_can_have_three_different_history_fibers (test_core_probe_replay.CoreProbeReplayTests.test_restored_core_can_have_three_different_history_fibers) ... ok
2026-10-08T23:19:24.0757466Z test_wrong_estimators_are_rejected (test_core_probe_replay.CoreProbeReplayTests.test_wrong_estimators_are_rejected) ... ok
2026-10-08T23:19:24.0758841Z 
2026-10-08T23:19:24.0759644Z ----------------------------------------------------------------------
2026-10-08T23:19:24.0760403Z Ran 10 tests in 0.010s
2026-10-08T23:19:24.0760650Z 
2026-10-08T23:19:24.0760779Z OK
2026-10-08T23:19:24.1446528Z test_duplicate_json_keys_rejected (test_c3_core_probe_independent.IndependentC3Contracts.test_duplicate_json_keys_rejected) ... ok
2026-10-08T23:19:24.1905942Z test_fresh_producer_matches_stored_evidence_and_independent_checker (test_c3_core_probe_independent.IndependentC3Contracts.test_fresh_producer_matches_stored_evidence_and_independent_checker) ... ok
2026-10-08T23:19:24.2283799Z test_isolated_checker_without_producer (test_c3_core_probe_independent.IndependentC3Contracts.test_isolated_checker_without_producer) ... ok
2026-10-08T23:19:24.2417273Z test_metadata_and_coverage_forgery_rejected (test_c3_core_probe_independent.IndependentC3Contracts.test_metadata_and_coverage_forgery_rejected) ... ok
2026-10-08T23:19:24.2642680Z test_missing_duplicate_and_changed_graph_records_rejected (test_c3_core_probe_independent.IndependentC3Contracts.test_missing_duplicate_and_changed_graph_records_rejected) ... ok
2026-10-08T23:19:24.2667628Z test_restored_fibers_and_empty_core (test_c3_core_probe_independent.IndependentC3Contracts.test_restored_fibers_and_empty_core) ... ok
2026-10-08T23:19:24.2707873Z test_saved_complete_evidence (test_c3_core_probe_independent.IndependentC3Contracts.test_saved_complete_evidence) ... ok
2026-10-08T23:19:24.2776723Z test_wrong_deficit_and_boolean_integer_rejected (test_c3_core_probe_independent.IndependentC3Contracts.test_wrong_deficit_and_boolean_integer_rejected) ... ok
2026-10-08T23:19:24.2778691Z test_addition_margins_decide_the_original_control (test_contracts.Contracts.test_addition_margins_decide_the_original_control) ... ok
2026-10-08T23:19:24.2780509Z test_both_primitive_update_identities (test_contracts.Contracts.test_both_primitive_update_identities) ... ok
2026-10-08T23:19:24.2786552Z test_consolidated_overlap_fixtures_match_original_sources (test_contracts.Contracts.test_consolidated_overlap_fixtures_match_original_sources) ... ok
2026-10-08T23:19:24.2788761Z test_coverage_rejects_omission_and_duplicate (test_contracts.Contracts.test_coverage_rejects_omission_and_duplicate) ... ok
2026-10-08T23:19:24.2791029Z test_deletion_surviving_cover_and_floor_are_separate (test_contracts.Contracts.test_deletion_surviving_cover_and_floor_are_separate) ... ok
2026-10-08T23:19:24.2793271Z test_direct_transversal_and_exception_conventions (test_contracts.Contracts.test_direct_transversal_and_exception_conventions) ... ok
2026-10-08T23:19:24.2795082Z test_exact_pair_and_cover_fields (test_contracts.Contracts.test_exact_pair_and_cover_fields) ... ok
2026-10-08T23:19:24.2798075Z test_frozen_original_blob_identities (test_contracts.Contracts.test_frozen_original_blob_identities) ... ok
2026-10-08T23:19:24.2799848Z test_independent_complete_identity_generators (test_contracts.Contracts.test_independent_complete_identity_generators) ... ok
2026-10-08T23:19:24.2801408Z test_same_candidate_can_acquire_empty_shadow (test_contracts.Contracts.test_same_candidate_can_acquire_empty_shadow) ... ok
2026-10-08T23:19:24.2802184Z 
2026-10-08T23:19:24.2802407Z ----------------------------------------------------------------------
2026-10-08T23:19:24.2802942Z Ran 18 tests in 0.138s
2026-10-08T23:19:24.2803414Z 
2026-10-08T23:19:24.2803523Z OK
2026-10-08T23:19:24.2805226Z C3 independent bounded verification: {"deficit_used_to_generate_beliefs": false, "edges": [46, 96], "full_assignments_enumerated": [64, 128], "independent_mathematical_review": false, "nodes": [4, 8], "scope": "fixed triangle; root-4 core edits; N=1,2 only", "status": "ALGORITHMICALLY_INDEPENDENT_BOUNDED_PASS"}
2026-10-08T23:19:24.3381214Z p=2 m=1: 4 identities, 0 protected; complete
2026-10-08T23:19:24.3407248Z p=2 m=2: 16 identities, 0 protected; complete
2026-10-08T23:19:24.3529463Z p=2 m=3: 64 identities, 0 protected; complete
2026-10-08T23:19:24.3549803Z p=3 m=1: 12 identities, 0 protected; complete
2026-10-08T23:19:24.3861988Z p=3 m=2: 144 identities, 0 protected; complete
2026-10-08T23:19:24.8989135Z p=3 m=3: 1728 identities, 6 protected; complete
2026-10-08T23:19:24.9067823Z p=4 m=1: 32 identities, 0 protected; complete
2026-10-08T23:19:25.2827372Z p=4 m=2: 1024 identities, 0 protected; complete
2026-10-08T23:19:42.6646878Z p=4 m=3: 32768 identities, 96 protected; complete
2026-10-08T23:19:45.0076560Z {"check_digest": "650851cf5ad2f91ef2be7c60bd549039aa5e9daee79f9a6eedff21c003a9ea3c", "family_subsets": 508, "fixture_states": 33, "primary_states": 35792, "rejecting_controls": 11, "status": "BOUNDED_PASS"}
2026-10-08T23:19:45.0474082Z ##[group]Run actions/upload-artifact@v4
2026-10-08T23:19:45.0474393Z with:
2026-10-08T23:19:45.0474609Z   name: c3-core-readout-verification
2026-10-08T23:19:45.0474894Z   path: core_readout_verification/
2026-10-08T23:19:45.0475157Z   retention-days: 30
2026-10-08T23:19:45.0475379Z   if-no-files-found: warn
2026-10-08T23:19:45.0475613Z   compression-level: 6
2026-10-08T23:19:45.0475828Z   overwrite: false
2026-10-08T23:19:45.0476042Z   include-hidden-files: false
2026-10-08T23:19:45.0476280Z ##[endgroup]
2026-10-08T23:19:45.2088000Z (node:2465) [DEP0040] DeprecationWarning: The `punycode` module is deprecated. Please use a userland alternative instead.
2026-10-08T23:19:45.2088743Z (Use `node --trace-deprecation ...` to show where the warning was created)
2026-10-08T23:19:45.2181260Z With the provided path, there will be 8 files uploaded
2026-10-08T23:19:45.2187697Z Artifact name is valid!
2026-10-08T23:19:45.2188532Z Root directory input is valid!
2026-10-08T23:19:45.5977548Z Beginning upload of artifact content to blob storage
2026-10-08T23:19:45.6278826Z (node:2465) [DEP0169] DeprecationWarning: `url.parse()` behavior is not standardized and prone to errors that have security implications. Use the WHATWG URL API instead. CVEs are not issued for `url.parse()` vulnerabilities.
2026-10-08T23:19:45.9077705Z Uploaded bytes 6641
2026-10-08T23:19:45.9865330Z Finished uploading artifact content to blob storage!
2026-10-08T23:19:45.9866467Z SHA256 digest of uploaded artifact zip is dc4d9672d72d23c4f7e1149785e458ed934373f90510bbbdb9e60b0fda23b622
2026-10-08T23:19:45.9868017Z Finalizing artifact upload
2026-10-08T23:19:46.2475175Z Artifact c3-core-readout-verification.zip successfully finalized. Artifact ID 11585286117
2026-10-08T23:19:46.2476472Z Artifact c3-core-readout-verification has been successfully uploaded! Final size is 6641 bytes. Artifact ID is 11585286117
2026-10-08T23:19:46.2483424Z Artifact download URL: https://github.com/proteinfoldingengine/WetLabEngine/actions/runs/37858766349/artifacts/11585286117
2026-10-08T23:19:46.2687994Z Post job cleanup.
2026-10-08T23:19:46.3550212Z [command]/usr/bin/git version
2026-10-08T23:19:46.3592237Z git version 2.55.0
2026-10-08T23:19:46.3636851Z Temporarily overriding HOME='/home/runner/work/_temp/84b8d433-15d2-4925-8fbe-5a4e3dcbd1ad' before making global git config changes
2026-10-08T23:19:46.3638468Z Adding repository directory to the temporary git global config as a safe directory
2026-10-08T23:19:46.3643776Z [command]/usr/bin/git config --global --add safe.directory /home/runner/work/WetLabEngine/WetLabEngine/research_snapshot
2026-10-08T23:19:46.3682884Z [command]/usr/bin/git config --local --name-only --get-regexp core\.sshCommand
2026-10-08T23:19:46.3717971Z [command]/usr/bin/git submodule foreach --recursive sh -c "git config --local --name-only --get-regexp 'core\.sshCommand' && git config --local --unset-all 'core.sshCommand' || :"
2026-10-08T23:19:46.3980046Z [command]/usr/bin/git config --local --name-only --get-regexp http\.https\:\/\/github\.com\/\.extraheader
2026-10-08T23:19:46.4019483Z [command]/usr/bin/git submodule foreach --recursive sh -c "git config --local --name-only --get-regexp 'http\.https\:\/\/github\.com\/\.extraheader' && git config --local --unset-all 'http.https://github.com/.extraheader' || :"
2026-10-08T23:19:46.4297831Z [command]/usr/bin/git config --local --name-only --get-regexp ^includeIf\.gitdir:
2026-10-08T23:19:46.4370507Z [command]/usr/bin/git submodule foreach --recursive git config --local --show-origin --name-only --get-regexp remote.origin.url
2026-10-08T23:19:46.4798553Z Cleaning up orphan processes
2026-10-08T23:19:46.5077300Z ##[warning]Node.js 20 is deprecated. The following actions target Node.js 20 but are being forced to run on Node.js 24: actions/checkout@v4, actions/upload-artifact@v4. For more information see: https://github.blog/changelog/2025-09-19-deprecation-of-node-20-on-github-actions-runners/
