2026-10-08T23:11:22.2317172Z Current runner version: '2.337.0'
2026-10-08T23:11:22.2341938Z ##[group]Runner Image Provisioner
2026-10-08T23:11:22.2342891Z Hosted Compute Agent
2026-10-08T23:11:22.2343598Z Version: 20261002.596
2026-10-08T23:11:22.2344235Z Commit: c3d12f3313a95f25162a1503be624f3b0617f8c0
2026-10-08T23:11:22.2345012Z Build Date: 2026-10-02T22:28:27Z
2026-10-08T23:11:22.2345753Z Worker ID: {7307b6d7-5504-4c7a-89d5-7e53f7274906}
2026-10-08T23:11:22.2346482Z Region: westus
2026-10-08T23:11:22.2347090Z Cloud: Azure
2026-10-08T23:11:22.2347695Z ##[endgroup]
2026-10-08T23:11:22.2349379Z ##[group]Operating System
2026-10-08T23:11:22.2350076Z Ubuntu
2026-10-08T23:11:22.2350807Z 24.04.5
2026-10-08T23:11:22.2351429Z LTS
2026-10-08T23:11:22.2351998Z ##[endgroup]
2026-10-08T23:11:22.2352958Z ##[group]Runner Image
2026-10-08T23:11:22.2353639Z Image: ubuntu-24.04
2026-10-08T23:11:22.2354221Z Version: 20261004.327.1
2026-10-08T23:11:22.2355559Z Included Software: https://github.com/actions/runner-images/blob/ubuntu24/20261004.327/images/ubuntu/Ubuntu2404-Readme.md
2026-10-08T23:11:22.2357187Z Image Release: https://github.com/actions/runner-images/releases/tag/ubuntu24%2F20261004.327
2026-10-08T23:11:22.2358190Z ##[endgroup]
2026-10-08T23:11:22.2359358Z ##[group]GITHUB_TOKEN Permissions
2026-10-08T23:11:22.2361726Z Contents: read
2026-10-08T23:11:22.2362370Z Metadata: read
2026-10-08T23:11:22.2363046Z ##[endgroup]
2026-10-08T23:11:22.2365078Z Secret source: Actions
2026-10-08T23:11:22.2366156Z Cache mode: write
2026-10-08T23:11:22.2366893Z Prepare workflow directory
2026-10-08T23:11:22.2707101Z Prepare all required actions
2026-10-08T23:11:22.2756530Z Getting action download info
2026-10-08T23:11:22.6387536Z Download action repository 'actions/checkout@v4' (SHA:11d5960a326750d5838078e36cf38b85af677262)
2026-10-08T23:11:22.7229306Z Download action repository 'actions/download-artifact@v4' (SHA:d3f86a106a0bac45b974a628896c90dbdf5c8093)
2026-10-08T23:11:23.1328470Z Download action repository 'actions/upload-artifact@v4' (SHA:ea165f8d65b6e75b540449e92b4886f43607fa02)
2026-10-08T23:11:23.3510527Z Complete job name: adversarial-review
2026-10-08T23:11:23.4302776Z ##[group]Run actions/checkout@v4
2026-10-08T23:11:23.4303727Z with:
2026-10-08T23:11:23.4304269Z   repository: proteinfoldingengine/WetLabEngine
2026-10-08T23:11:23.4308217Z   token: ***
2026-10-08T23:11:23.4308694Z   ssh-strict: true
2026-10-08T23:11:23.4309176Z   ssh-user: git
2026-10-08T23:11:23.4309661Z   persist-credentials: true
2026-10-08T23:11:23.4310193Z   clean: true
2026-10-08T23:11:23.4310962Z   sparse-checkout-cone-mode: true
2026-10-08T23:11:23.4311543Z   fetch-depth: 1
2026-10-08T23:11:23.4312020Z   fetch-tags: false
2026-10-08T23:11:23.4312499Z   show-progress: true
2026-10-08T23:11:23.4312990Z   lfs: false
2026-10-08T23:11:23.4313445Z   submodules: false
2026-10-08T23:11:23.4313936Z   set-safe-directory: true
2026-10-08T23:11:23.4314493Z   allow-unsafe-pr-checkout: false
2026-10-08T23:11:23.4315372Z ##[endgroup]
2026-10-08T23:11:23.5323410Z Syncing repository: proteinfoldingengine/WetLabEngine
2026-10-08T23:11:23.5326843Z ##[group]Getting Git version info
2026-10-08T23:11:23.5327919Z Working directory is '/home/runner/work/WetLabEngine/WetLabEngine'
2026-10-08T23:11:23.5329393Z [command]/usr/bin/git version
2026-10-08T23:11:23.5395469Z git version 2.55.0
2026-10-08T23:11:23.5420057Z ##[endgroup]
2026-10-08T23:11:23.5442901Z Temporarily overriding HOME='/home/runner/work/_temp/cf00d802-e971-4bce-8e8d-90df054063df' before making global git config changes
2026-10-08T23:11:23.5446231Z Adding repository directory to the temporary git global config as a safe directory
2026-10-08T23:11:23.5448650Z [command]/usr/bin/git config --global --add safe.directory /home/runner/work/WetLabEngine/WetLabEngine
2026-10-08T23:11:23.5497046Z Deleting the contents of '/home/runner/work/WetLabEngine/WetLabEngine'
2026-10-08T23:11:23.5502855Z ##[group]Initializing the repository
2026-10-08T23:11:23.5507092Z [command]/usr/bin/git init /home/runner/work/WetLabEngine/WetLabEngine
2026-10-08T23:11:23.5628931Z hint: Using 'master' as the name for the initial branch. This default branch name
2026-10-08T23:11:23.5631346Z hint: will change to "main" in Git 3.0. To configure the initial branch name
2026-10-08T23:11:23.5633451Z hint: to use in all of your new repositories, which will suppress this warning,
2026-10-08T23:11:23.5635113Z hint: call:
2026-10-08T23:11:23.5636000Z hint:
2026-10-08T23:11:23.5637197Z hint: 	git config --global init.defaultBranch <name>
2026-10-08T23:11:23.5638516Z hint:
2026-10-08T23:11:23.5639779Z hint: Names commonly chosen instead of 'master' are 'main', 'trunk' and
2026-10-08T23:11:23.5642109Z hint: 'development'. The just-created branch can be renamed via this command:
2026-10-08T23:11:23.5643629Z hint:
2026-10-08T23:11:23.5644544Z hint: 	git branch -m <name>
2026-10-08T23:11:23.5645550Z hint:
2026-10-08T23:11:23.5646908Z hint: Disable this message with "git config set advice.defaultBranchName false"
2026-10-08T23:11:23.5649328Z Initialized empty Git repository in /home/runner/work/WetLabEngine/WetLabEngine/.git/
2026-10-08T23:11:23.5653352Z [command]/usr/bin/git remote add origin https://github.com/proteinfoldingengine/WetLabEngine
2026-10-08T23:11:23.5702416Z ##[endgroup]
2026-10-08T23:11:23.5703966Z ##[group]Disabling automatic garbage collection
2026-10-08T23:11:23.5706599Z [command]/usr/bin/git config --local gc.auto 0
2026-10-08T23:11:23.5749748Z ##[endgroup]
2026-10-08T23:11:23.5751682Z ##[group]Setting up auth
2026-10-08T23:11:23.5762402Z [command]/usr/bin/git config --local --name-only --get-regexp core\.sshCommand
2026-10-08T23:11:23.5792586Z [command]/usr/bin/git submodule foreach --recursive sh -c "git config --local --name-only --get-regexp 'core\.sshCommand' && git config --local --unset-all 'core.sshCommand' || :"
2026-10-08T23:11:23.6161115Z [command]/usr/bin/git config --local --name-only --get-regexp http\.https\:\/\/github\.com\/\.extraheader
2026-10-08T23:11:23.6194995Z [command]/usr/bin/git submodule foreach --recursive sh -c "git config --local --name-only --get-regexp 'http\.https\:\/\/github\.com\/\.extraheader' && git config --local --unset-all 'http.https://github.com/.extraheader' || :"
2026-10-08T23:11:23.6429545Z [command]/usr/bin/git config --local --name-only --get-regexp ^includeIf\.gitdir:
2026-10-08T23:11:23.6466894Z [command]/usr/bin/git submodule foreach --recursive git config --local --show-origin --name-only --get-regexp remote.origin.url
2026-10-08T23:11:23.6690869Z [command]/usr/bin/git config --local http.https://github.com/.extraheader AUTHORIZATION: basic ***
2026-10-08T23:11:23.6731181Z ##[endgroup]
2026-10-08T23:11:23.6732873Z ##[group]Fetching the repository
2026-10-08T23:11:23.6742954Z [command]/usr/bin/git -c protocol.version=2 fetch --no-tags --prune --no-recurse-submodules --depth=1 origin +585a82a0da62bd08b6bf2960f4ea0c8a2f0bfbd0:refs/remotes/origin/main
2026-10-08T23:11:35.9244902Z From https://github.com/proteinfoldingengine/WetLabEngine
2026-10-08T23:11:35.9245616Z  * [new ref]         585a82a0da62bd08b6bf2960f4ea0c8a2f0bfbd0 -> origin/main
2026-10-08T23:11:35.9249109Z ##[endgroup]
2026-10-08T23:11:35.9249600Z ##[group]Determining the checkout info
2026-10-08T23:11:35.9252107Z ##[endgroup]
2026-10-08T23:11:35.9258446Z [command]/usr/bin/git sparse-checkout disable
2026-10-08T23:11:35.9311231Z [command]/usr/bin/git config --local --unset-all extensions.worktreeConfig
2026-10-08T23:11:35.9346706Z ##[group]Checking out the ref
2026-10-08T23:11:35.9347267Z [command]/usr/bin/git checkout --progress --force -B main refs/remotes/origin/main
2026-10-08T23:11:36.9698625Z Updating files:  47% (1500/3133)
2026-10-08T23:11:37.1130154Z Updating files:  48% (1504/3133)
2026-10-08T23:11:37.1144933Z Updating files:  49% (1536/3133)
2026-10-08T23:11:37.1157238Z Updating files:  50% (1567/3133)
2026-10-08T23:11:37.2287854Z Updating files:  51% (1598/3133)
2026-10-08T23:11:37.3128061Z Updating files:  52% (1630/3133)
2026-10-08T23:11:37.3488930Z Updating files:  53% (1661/3133)
2026-10-08T23:11:37.4090965Z Updating files:  54% (1692/3133)
2026-10-08T23:11:37.4437869Z Updating files:  55% (1724/3133)
2026-10-08T23:11:37.4556205Z Updating files:  56% (1755/3133)
2026-10-08T23:11:37.4953903Z Updating files:  57% (1786/3133)
2026-10-08T23:11:37.5018508Z Updating files:  58% (1818/3133)
2026-10-08T23:11:37.5078156Z Updating files:  59% (1849/3133)
2026-10-08T23:11:37.5112922Z Updating files:  60% (1880/3133)
2026-10-08T23:11:37.5144280Z Updating files:  61% (1912/3133)
2026-10-08T23:11:37.5599973Z Updating files:  62% (1943/3133)
2026-10-08T23:11:37.5616725Z Updating files:  63% (1974/3133)
2026-10-08T23:11:37.5635411Z Updating files:  64% (2006/3133)
2026-10-08T23:11:37.5656687Z Updating files:  65% (2037/3133)
2026-10-08T23:11:37.5675098Z Updating files:  66% (2068/3133)
2026-10-08T23:11:37.5694619Z Updating files:  67% (2100/3133)
2026-10-08T23:11:37.5712809Z Updating files:  68% (2131/3133)
2026-10-08T23:11:37.5734052Z Updating files:  69% (2162/3133)
2026-10-08T23:11:37.5753541Z Updating files:  70% (2194/3133)
2026-10-08T23:11:37.5771235Z Updating files:  71% (2225/3133)
2026-10-08T23:11:37.5792679Z Updating files:  72% (2256/3133)
2026-10-08T23:11:37.5814888Z Updating files:  73% (2288/3133)
2026-10-08T23:11:37.5831197Z Updating files:  74% (2319/3133)
2026-10-08T23:11:37.5846431Z Updating files:  75% (2350/3133)
2026-10-08T23:11:37.5873344Z Updating files:  76% (2382/3133)
2026-10-08T23:11:37.6003464Z Updating files:  77% (2413/3133)
2026-10-08T23:11:37.6023074Z Updating files:  78% (2444/3133)
2026-10-08T23:11:37.7899535Z Updating files:  79% (2476/3133)
2026-10-08T23:11:37.9627668Z Updating files:  80% (2507/3133)
2026-10-08T23:11:37.9674348Z Updating files:  80% (2511/3133)
2026-10-08T23:11:37.9726546Z Updating files:  81% (2538/3133)
2026-10-08T23:11:37.9857537Z Updating files:  82% (2570/3133)
2026-10-08T23:11:37.9994847Z Updating files:  83% (2601/3133)
2026-10-08T23:11:38.0087230Z Updating files:  84% (2632/3133)
2026-10-08T23:11:38.0260383Z Updating files:  85% (2664/3133)
2026-10-08T23:11:38.0337812Z Updating files:  86% (2695/3133)
2026-10-08T23:11:38.0432280Z Updating files:  87% (2726/3133)
2026-10-08T23:11:38.0635604Z Updating files:  88% (2758/3133)
2026-10-08T23:11:38.1010111Z Updating files:  89% (2789/3133)
2026-10-08T23:11:38.1125343Z Updating files:  90% (2820/3133)
2026-10-08T23:11:38.1174243Z Updating files:  91% (2852/3133)
2026-10-08T23:11:38.1189259Z Updating files:  92% (2883/3133)
2026-10-08T23:11:38.1221875Z Updating files:  93% (2914/3133)
2026-10-08T23:11:38.1239582Z Updating files:  94% (2946/3133)
2026-10-08T23:11:38.1316540Z Updating files:  95% (2977/3133)
2026-10-08T23:11:38.1348890Z Updating files:  96% (3008/3133)
2026-10-08T23:11:38.1469961Z Updating files:  97% (3040/3133)
2026-10-08T23:11:38.1541666Z Updating files:  98% (3071/3133)
2026-10-08T23:11:38.1542284Z Updating files:  99% (3102/3133)
2026-10-08T23:11:38.1542828Z Updating files: 100% (3133/3133)
2026-10-08T23:11:38.1543356Z Updating files: 100% (3133/3133), done.
2026-10-08T23:11:38.1578534Z Switched to a new branch 'main'
2026-10-08T23:11:38.1582386Z branch 'main' set up to track 'origin/main'.
2026-10-08T23:11:38.1665578Z ##[endgroup]
2026-10-08T23:11:38.1712349Z [command]/usr/bin/git log -1 --format=%H
2026-10-08T23:11:38.1741799Z 585a82a0da62bd08b6bf2960f4ea0c8a2f0bfbd0
2026-10-08T23:11:38.2015310Z ##[group]Run actions/checkout@v4
2026-10-08T23:11:38.2015590Z with:
2026-10-08T23:11:38.2015827Z   ref: c63e66082c11297c2bfd9aa1dcf49648a8bc4cfa
2026-10-08T23:11:38.2016141Z   path: research_snapshot
2026-10-08T23:11:38.2016392Z   persist-credentials: false
2026-10-08T23:11:38.2016755Z   sparse-checkout: ResearchHistory/UQCF-GEM/research/physical-bridge
2026-10-08T23:11:38.2017168Z   repository: proteinfoldingengine/WetLabEngine
2026-10-08T23:11:38.2019564Z   token: ***
2026-10-08T23:11:38.2019767Z   ssh-strict: true
2026-10-08T23:11:38.2019979Z   ssh-user: git
2026-10-08T23:11:38.2020172Z   clean: true
2026-10-08T23:11:38.2020386Z   sparse-checkout-cone-mode: true
2026-10-08T23:11:38.2020905Z   fetch-depth: 1
2026-10-08T23:11:38.2021116Z   fetch-tags: false
2026-10-08T23:11:38.2021526Z   show-progress: true
2026-10-08T23:11:38.2021814Z   lfs: false
2026-10-08T23:11:38.2022035Z   submodules: false
2026-10-08T23:11:38.2022244Z   set-safe-directory: true
2026-10-08T23:11:38.2022532Z   allow-unsafe-pr-checkout: false
2026-10-08T23:11:38.2022783Z ##[endgroup]
2026-10-08T23:11:38.2871153Z Syncing repository: proteinfoldingengine/WetLabEngine
2026-10-08T23:11:38.2875469Z ##[group]Getting Git version info
2026-10-08T23:11:38.2877097Z Working directory is '/home/runner/work/WetLabEngine/WetLabEngine/research_snapshot'
2026-10-08T23:11:38.2919850Z [command]/usr/bin/git version
2026-10-08T23:11:38.2961400Z git version 2.55.0
2026-10-08T23:11:38.2982932Z ##[endgroup]
2026-10-08T23:11:38.2997596Z Temporarily overriding HOME='/home/runner/work/_temp/eb8216cd-bf43-4246-bb37-a7c8971bddb7' before making global git config changes
2026-10-08T23:11:38.2999019Z Adding repository directory to the temporary git global config as a safe directory
2026-10-08T23:11:38.3003455Z [command]/usr/bin/git config --global --add safe.directory /home/runner/work/WetLabEngine/WetLabEngine/research_snapshot
2026-10-08T23:11:38.3039934Z ##[group]Initializing the repository
2026-10-08T23:11:38.3045259Z [command]/usr/bin/git init /home/runner/work/WetLabEngine/WetLabEngine/research_snapshot
2026-10-08T23:11:38.3093035Z hint: Using 'master' as the name for the initial branch. This default branch name
2026-10-08T23:11:38.3094322Z hint: will change to "main" in Git 3.0. To configure the initial branch name
2026-10-08T23:11:38.3095547Z hint: to use in all of your new repositories, which will suppress this warning,
2026-10-08T23:11:38.3096631Z hint: call:
2026-10-08T23:11:38.3097179Z hint:
2026-10-08T23:11:38.3097849Z hint: 	git config --global init.defaultBranch <name>
2026-10-08T23:11:38.3098648Z hint:
2026-10-08T23:11:38.3099410Z hint: Names commonly chosen instead of 'master' are 'main', 'trunk' and
2026-10-08T23:11:38.3100569Z hint: 'development'. The just-created branch can be renamed via this command:
2026-10-08T23:11:38.3101717Z hint:
2026-10-08T23:11:38.3102232Z hint: 	git branch -m <name>
2026-10-08T23:11:38.3102824Z hint:
2026-10-08T23:11:38.3103652Z hint: Disable this message with "git config set advice.defaultBranchName false"
2026-10-08T23:11:38.3105079Z Initialized empty Git repository in /home/runner/work/WetLabEngine/WetLabEngine/research_snapshot/.git/
2026-10-08T23:11:38.3113798Z [command]/usr/bin/git remote add origin https://github.com/proteinfoldingengine/WetLabEngine
2026-10-08T23:11:38.3152921Z ##[endgroup]
2026-10-08T23:11:38.3153544Z ##[group]Disabling automatic garbage collection
2026-10-08T23:11:38.3157123Z [command]/usr/bin/git config --local gc.auto 0
2026-10-08T23:11:38.3188819Z ##[endgroup]
2026-10-08T23:11:38.3189432Z ##[group]Setting up auth
2026-10-08T23:11:38.3196131Z [command]/usr/bin/git config --local --name-only --get-regexp core\.sshCommand
2026-10-08T23:11:38.3229929Z [command]/usr/bin/git submodule foreach --recursive sh -c "git config --local --name-only --get-regexp 'core\.sshCommand' && git config --local --unset-all 'core.sshCommand' || :"
2026-10-08T23:11:38.3486261Z [command]/usr/bin/git config --local --name-only --get-regexp http\.https\:\/\/github\.com\/\.extraheader
2026-10-08T23:11:38.3528278Z [command]/usr/bin/git submodule foreach --recursive sh -c "git config --local --name-only --get-regexp 'http\.https\:\/\/github\.com\/\.extraheader' && git config --local --unset-all 'http.https://github.com/.extraheader' || :"
2026-10-08T23:11:38.3791075Z [command]/usr/bin/git config --local --name-only --get-regexp ^includeIf\.gitdir:
2026-10-08T23:11:38.3833334Z [command]/usr/bin/git submodule foreach --recursive git config --local --show-origin --name-only --get-regexp remote.origin.url
2026-10-08T23:11:38.4060302Z [command]/usr/bin/git config --local http.https://github.com/.extraheader AUTHORIZATION: basic ***
2026-10-08T23:11:38.4101644Z ##[endgroup]
2026-10-08T23:11:38.4102315Z ##[group]Fetching the repository
2026-10-08T23:11:38.4111386Z [command]/usr/bin/git -c protocol.version=2 fetch --no-tags --prune --no-recurse-submodules --filter=blob:none --depth=1 origin c63e66082c11297c2bfd9aa1dcf49648a8bc4cfa
2026-10-08T23:11:38.8278789Z From https://github.com/proteinfoldingengine/WetLabEngine
2026-10-08T23:11:38.8279449Z  * branch            c63e66082c11297c2bfd9aa1dcf49648a8bc4cfa -> FETCH_HEAD
2026-10-08T23:11:38.8284303Z ##[endgroup]
2026-10-08T23:11:38.8284964Z ##[group]Determining the checkout info
2026-10-08T23:11:38.8286955Z ##[endgroup]
2026-10-08T23:11:38.8287644Z ##[group]Setting up sparse checkout
2026-10-08T23:11:38.8294065Z [command]/usr/bin/git sparse-checkout set ResearchHistory/UQCF-GEM/research/physical-bridge
2026-10-08T23:11:38.8332592Z ##[endgroup]
2026-10-08T23:11:38.8333286Z ##[group]Checking out the ref
2026-10-08T23:11:38.8338576Z [command]/usr/bin/git checkout --progress --force c63e66082c11297c2bfd9aa1dcf49648a8bc4cfa
2026-10-08T23:11:39.3981803Z Note: switching to 'c63e66082c11297c2bfd9aa1dcf49648a8bc4cfa'.
2026-10-08T23:11:39.3982243Z 
2026-10-08T23:11:39.3982600Z You are in 'detached HEAD' state. You can look around, make experimental
2026-10-08T23:11:39.3983521Z changes and commit them, and you can discard any commits you make in this
2026-10-08T23:11:39.3984359Z state without impacting any branches by switching back to a branch.
2026-10-08T23:11:39.3984656Z 
2026-10-08T23:11:39.3984857Z If you want to create a new branch to retain commits you create, you may
2026-10-08T23:11:39.3985308Z do so (now or later) by using -c with the switch command. Example:
2026-10-08T23:11:39.3985569Z 
2026-10-08T23:11:39.3985673Z   git switch -c <new-branch-name>
2026-10-08T23:11:39.3985858Z 
2026-10-08T23:11:39.3985958Z Or undo this operation with:
2026-10-08T23:11:39.3986129Z 
2026-10-08T23:11:39.3986217Z   git switch -
2026-10-08T23:11:39.3986339Z 
2026-10-08T23:11:39.3986642Z Turn off this advice by setting config variable advice.detachedHead to false
2026-10-08T23:11:39.3987204Z 
2026-10-08T23:11:39.3987779Z HEAD is now at c63e660 research: independently reconstruct core-readout states fibers and restoration
2026-10-08T23:11:39.3992819Z ##[endgroup]
2026-10-08T23:11:39.4044228Z [command]/usr/bin/git log -1 --format=%H
2026-10-08T23:11:39.4074030Z c63e66082c11297c2bfd9aa1dcf49648a8bc4cfa
2026-10-08T23:11:39.4083653Z ##[group]Removing auth
2026-10-08T23:11:39.4087118Z [command]/usr/bin/git config --local --name-only --get-regexp core\.sshCommand
2026-10-08T23:11:39.4119345Z [command]/usr/bin/git submodule foreach --recursive sh -c "git config --local --name-only --get-regexp 'core\.sshCommand' && git config --local --unset-all 'core.sshCommand' || :"
2026-10-08T23:11:39.4354638Z [command]/usr/bin/git config --local --name-only --get-regexp http\.https\:\/\/github\.com\/\.extraheader
2026-10-08T23:11:39.4380051Z http.https://github.com/.extraheader
2026-10-08T23:11:39.4387763Z [command]/usr/bin/git config --local --unset-all http.https://github.com/.extraheader
2026-10-08T23:11:39.4423906Z [command]/usr/bin/git submodule foreach --recursive sh -c "git config --local --name-only --get-regexp 'http\.https\:\/\/github\.com\/\.extraheader' && git config --local --unset-all 'http.https://github.com/.extraheader' || :"
2026-10-08T23:11:39.4658251Z [command]/usr/bin/git config --local --name-only --get-regexp ^includeIf\.gitdir:
2026-10-08T23:11:39.4690858Z [command]/usr/bin/git submodule foreach --recursive git config --local --show-origin --name-only --get-regexp remote.origin.url
2026-10-08T23:11:39.4920366Z ##[endgroup]
2026-10-08T23:11:39.5067615Z ##[group]Run actions/download-artifact@v4
2026-10-08T23:11:39.5067920Z with:
2026-10-08T23:11:39.5068138Z   name: c3-core-readout-verification
2026-10-08T23:11:39.5068421Z   path: core_readout_verification
2026-10-08T23:11:39.5068679Z   merge-multiple: false
2026-10-08T23:11:39.5068939Z   repository: proteinfoldingengine/WetLabEngine
2026-10-08T23:11:39.5069237Z   run-id: 37857965667
2026-10-08T23:11:39.5069444Z ##[endgroup]
2026-10-08T23:11:39.6529691Z Downloading single artifact
2026-10-08T23:11:39.6675482Z (node:2496) [DEP0040] DeprecationWarning: The `punycode` module is deprecated. Please use a userland alternative instead.
2026-10-08T23:11:39.6676561Z (Use `node --trace-deprecation ...` to show where the warning was created)
2026-10-08T23:11:39.9419411Z Preparing to download the following artifacts:
2026-10-08T23:11:39.9420952Z - c3-core-readout-verification (ID: 11584228920, Size: 6642, Expected Digest: sha256:a02989f7172cbe3afceb12d9e28911813b6b89b8a3ce9a7b22648d059fa37ea6)
2026-10-08T23:11:40.2094678Z Redirecting to blob download url: https://productionresultssa9.blob.core.windows.net/actions-results/2298e397-c86d-80b0-9579-0cf9454035a7/workflow-job-run-0556fd42-c424-5109-bf7e-b7eca0c5204c/artifacts/d3139c1742e1d13118382e399d71c5fe352f3899c47696917d0e652b606c679f.zip
2026-10-08T23:11:40.2097565Z Starting download of artifact to: /home/runner/work/WetLabEngine/WetLabEngine/core_readout_verification
2026-10-08T23:11:40.4638500Z (node:2496) [DEP0005] DeprecationWarning: Buffer() is deprecated due to security and usability issues. Please use the Buffer.alloc(), Buffer.allocUnsafe(), or Buffer.from() methods instead.
2026-10-08T23:11:40.4751887Z SHA256 digest of downloaded artifact is a02989f7172cbe3afceb12d9e28911813b6b89b8a3ce9a7b22648d059fa37ea6
2026-10-08T23:11:40.4752866Z Artifact download completed successfully.
2026-10-08T23:11:40.4753181Z Total of 1 artifact(s) downloaded
2026-10-08T23:11:40.4757450Z Download artifact has finished successfully
2026-10-08T23:11:40.4884846Z ##[group]Run python3 .github/scripts/c3_core_readout_review.py
2026-10-08T23:11:40.4885361Z [36;1mpython3 .github/scripts/c3_core_readout_review.py[0m
2026-10-08T23:11:40.5133679Z shell: /usr/bin/bash -e {0}
2026-10-08T23:11:40.5133949Z env:
2026-10-08T23:11:40.5134328Z   GEMINI_API_KEY: ***
2026-10-08T23:11:40.5134552Z ##[endgroup]
2026-10-08T23:11:47.8049452Z Review requires reconciliation; no automatic scientific closeout
2026-10-08T23:11:47.8050143Z Shared-witness independent verdict: REVISE
2026-10-08T23:11:47.8051197Z Missing assumptions: 5
2026-10-08T23:11:47.8051797Z Counterexamples: 0
2026-10-08T23:11:47.8052574Z Response SHA256: f581405e72aaf7c93ce57c892281ae852c8a3ab1e0ab72af6a5ff5ec96ff2717
2026-10-08T23:11:47.8053470Z This is not scientific certification.
2026-10-08T23:11:47.8169996Z ##[error]Process completed with exit code 1.
2026-10-08T23:11:47.8356664Z ##[group]Run actions/upload-artifact@v4
2026-10-08T23:11:47.8357122Z with:
2026-10-08T23:11:47.8357473Z   name: c3-core-readout-review
2026-10-08T23:11:47.8357909Z   path: core_readout_review/
2026-10-08T23:11:47.8358323Z   retention-days: 30
2026-10-08T23:11:47.8358707Z   if-no-files-found: warn
2026-10-08T23:11:47.8359106Z   compression-level: 6
2026-10-08T23:11:47.8359480Z   overwrite: false
2026-10-08T23:11:47.8359852Z   include-hidden-files: false
2026-10-08T23:11:47.8360235Z ##[endgroup]
2026-10-08T23:11:47.9971814Z (node:2512) [DEP0040] DeprecationWarning: The `punycode` module is deprecated. Please use a userland alternative instead.
2026-10-08T23:11:47.9973058Z (Use `node --trace-deprecation ...` to show where the warning was created)
2026-10-08T23:11:48.0037313Z With the provided path, there will be 2 files uploaded
2026-10-08T23:11:48.0043627Z Artifact name is valid!
2026-10-08T23:11:48.0044780Z Root directory input is valid!
2026-10-08T23:11:48.4241183Z Beginning upload of artifact content to blob storage
2026-10-08T23:11:48.4445220Z (node:2512) [DEP0169] DeprecationWarning: `url.parse()` behavior is not standardized and prone to errors that have security implications. Use the WHATWG URL API instead. CVEs are not issued for `url.parse()` vulnerabilities.
2026-10-08T23:11:48.6965496Z Uploaded bytes 3745
2026-10-08T23:11:48.7683158Z Finished uploading artifact content to blob storage!
2026-10-08T23:11:48.7684024Z SHA256 digest of uploaded artifact zip is 8f44410f0a6762a83877345d5c4894c28d8bee9c98243fbb45cabae520d6839f
2026-10-08T23:11:48.7686255Z Finalizing artifact upload
2026-10-08T23:11:49.0577181Z Artifact c3-core-readout-review.zip successfully finalized. Artifact ID 11584588581
2026-10-08T23:11:49.0578688Z Artifact c3-core-readout-review has been successfully uploaded! Final size is 3745 bytes. Artifact ID is 11584588581
2026-10-08T23:11:49.0586315Z Artifact download URL: https://github.com/proteinfoldingengine/WetLabEngine/actions/runs/37857965667/artifacts/11584588581
2026-10-08T23:11:49.0759725Z Post job cleanup.
2026-10-08T23:11:49.1588100Z [command]/usr/bin/git version
2026-10-08T23:11:49.1631509Z git version 2.55.0
2026-10-08T23:11:49.1668966Z Temporarily overriding HOME='/home/runner/work/_temp/dde13ad1-b32c-4a1e-8e1e-1621989b98ae' before making global git config changes
2026-10-08T23:11:49.1670397Z Adding repository directory to the temporary git global config as a safe directory
2026-10-08T23:11:49.1674878Z [command]/usr/bin/git config --global --add safe.directory /home/runner/work/WetLabEngine/WetLabEngine/research_snapshot
2026-10-08T23:11:49.1714366Z [command]/usr/bin/git config --local --name-only --get-regexp core\.sshCommand
2026-10-08T23:11:49.1749828Z [command]/usr/bin/git submodule foreach --recursive sh -c "git config --local --name-only --get-regexp 'core\.sshCommand' && git config --local --unset-all 'core.sshCommand' || :"
2026-10-08T23:11:49.2013216Z [command]/usr/bin/git config --local --name-only --get-regexp http\.https\:\/\/github\.com\/\.extraheader
2026-10-08T23:11:49.2056310Z [command]/usr/bin/git submodule foreach --recursive sh -c "git config --local --name-only --get-regexp 'http\.https\:\/\/github\.com\/\.extraheader' && git config --local --unset-all 'http.https://github.com/.extraheader' || :"
2026-10-08T23:11:49.2320294Z [command]/usr/bin/git config --local --name-only --get-regexp ^includeIf\.gitdir:
2026-10-08T23:11:49.2355866Z [command]/usr/bin/git submodule foreach --recursive git config --local --show-origin --name-only --get-regexp remote.origin.url
2026-10-08T23:11:49.2770480Z Post job cleanup.
2026-10-08T23:11:49.3581514Z [command]/usr/bin/git version
2026-10-08T23:11:49.3623676Z git version 2.55.0
2026-10-08T23:11:49.3667098Z Temporarily overriding HOME='/home/runner/work/_temp/ab872dd9-b04c-42a2-8197-c66414c536f1' before making global git config changes
2026-10-08T23:11:49.3668604Z Adding repository directory to the temporary git global config as a safe directory
2026-10-08T23:11:49.3673126Z [command]/usr/bin/git config --global --add safe.directory /home/runner/work/WetLabEngine/WetLabEngine
2026-10-08T23:11:49.3713002Z [command]/usr/bin/git config --local --name-only --get-regexp core\.sshCommand
2026-10-08T23:11:49.3748727Z [command]/usr/bin/git submodule foreach --recursive sh -c "git config --local --name-only --get-regexp 'core\.sshCommand' && git config --local --unset-all 'core.sshCommand' || :"
2026-10-08T23:11:49.4024961Z [command]/usr/bin/git config --local --name-only --get-regexp http\.https\:\/\/github\.com\/\.extraheader
2026-10-08T23:11:49.4055966Z http.https://github.com/.extraheader
2026-10-08T23:11:49.4066710Z [command]/usr/bin/git config --local --unset-all http.https://github.com/.extraheader
2026-10-08T23:11:49.4101219Z [command]/usr/bin/git submodule foreach --recursive sh -c "git config --local --name-only --get-regexp 'http\.https\:\/\/github\.com\/\.extraheader' && git config --local --unset-all 'http.https://github.com/.extraheader' || :"
2026-10-08T23:11:49.4361894Z [command]/usr/bin/git config --local --name-only --get-regexp ^includeIf\.gitdir:
2026-10-08T23:11:49.4400305Z [command]/usr/bin/git submodule foreach --recursive git config --local --show-origin --name-only --get-regexp remote.origin.url
2026-10-08T23:11:49.4857692Z Cleaning up orphan processes
2026-10-08T23:11:49.5142770Z ##[warning]Node.js 20 is deprecated. The following actions target Node.js 20 but are being forced to run on Node.js 24: actions/checkout@v4, actions/download-artifact@v4, actions/upload-artifact@v4. For more information see: https://github.blog/changelog/2025-09-19-deprecation-of-node-20-on-github-actions-runners/
