2026-10-08T23:14:01.8247280Z Current runner version: '2.337.0'
2026-10-08T23:14:01.8265931Z ##[group]Runner Image Provisioner
2026-10-08T23:14:01.8266526Z Hosted Compute Agent
2026-10-08T23:14:01.8267027Z Version: 20261002.596
2026-10-08T23:14:01.8267411Z Commit: c3d12f3313a95f25162a1503be624f3b0617f8c0
2026-10-08T23:14:01.8267876Z Build Date: 2026-10-02T22:28:27Z
2026-10-08T23:14:01.8268310Z Worker ID: {0c016cb3-f1e9-49e7-bc7e-f6d0fdfea092}
2026-10-08T23:14:01.8268754Z Region: centralus
2026-10-08T23:14:01.8269165Z Cloud: Azure
2026-10-08T23:14:01.8269527Z ##[endgroup]
2026-10-08T23:14:01.8270425Z ##[group]Operating System
2026-10-08T23:14:01.8270813Z Ubuntu
2026-10-08T23:14:01.8271136Z 24.04.5
2026-10-08T23:14:01.8271523Z LTS
2026-10-08T23:14:01.8271842Z ##[endgroup]
2026-10-08T23:14:01.8272439Z ##[group]Runner Image
2026-10-08T23:14:01.8272892Z Image: ubuntu-24.04
2026-10-08T23:14:01.8273291Z Version: 20261004.327.1
2026-10-08T23:14:01.8274123Z Included Software: https://github.com/actions/runner-images/blob/ubuntu24/20261004.327/images/ubuntu/Ubuntu2404-Readme.md
2026-10-08T23:14:01.8275027Z Image Release: https://github.com/actions/runner-images/releases/tag/ubuntu24%2F20261004.327
2026-10-08T23:14:01.8275996Z ##[endgroup]
2026-10-08T23:14:01.8276741Z ##[group]GITHUB_TOKEN Permissions
2026-10-08T23:14:01.8278216Z Contents: read
2026-10-08T23:14:01.8278568Z Metadata: read
2026-10-08T23:14:01.8278986Z ##[endgroup]
2026-10-08T23:14:01.8280445Z Secret source: Actions
2026-10-08T23:14:01.8281039Z Cache mode: write
2026-10-08T23:14:01.8281521Z Prepare workflow directory
2026-10-08T23:14:01.8529290Z Prepare all required actions
2026-10-08T23:14:01.8561515Z Getting action download info
2026-10-08T23:14:02.0981607Z Download action repository 'actions/checkout@v4' (SHA:11d5960a326750d5838078e36cf38b85af677262)
2026-10-08T23:14:02.1698877Z Download action repository 'actions/download-artifact@v4' (SHA:d3f86a106a0bac45b974a628896c90dbdf5c8093)
2026-10-08T23:14:02.6087538Z Download action repository 'actions/upload-artifact@v4' (SHA:ea165f8d65b6e75b540449e92b4886f43607fa02)
2026-10-08T23:14:03.1542491Z Complete job name: adversarial-review
2026-10-08T23:14:03.2110866Z ##[group]Run actions/checkout@v4
2026-10-08T23:14:03.2111518Z with:
2026-10-08T23:14:03.2112000Z   repository: proteinfoldingengine/WetLabEngine
2026-10-08T23:14:03.2117204Z   token: ***
2026-10-08T23:14:03.2117611Z   ssh-strict: true
2026-10-08T23:14:03.2118027Z   ssh-user: git
2026-10-08T23:14:03.2118461Z   persist-credentials: true
2026-10-08T23:14:03.2118944Z   clean: true
2026-10-08T23:14:03.2119371Z   sparse-checkout-cone-mode: true
2026-10-08T23:14:03.2119896Z   fetch-depth: 1
2026-10-08T23:14:03.2120317Z   fetch-tags: false
2026-10-08T23:14:03.2120745Z   show-progress: true
2026-10-08T23:14:03.2121174Z   lfs: false
2026-10-08T23:14:03.2121581Z   submodules: false
2026-10-08T23:14:03.2122288Z   set-safe-directory: true
2026-10-08T23:14:03.2122847Z   allow-unsafe-pr-checkout: false
2026-10-08T23:14:03.2123528Z ##[endgroup]
2026-10-08T23:14:03.2804319Z Syncing repository: proteinfoldingengine/WetLabEngine
2026-10-08T23:14:03.2806806Z ##[group]Getting Git version info
2026-10-08T23:14:03.2807981Z Working directory is '/home/runner/work/WetLabEngine/WetLabEngine'
2026-10-08T23:14:03.2809549Z [command]/usr/bin/git version
2026-10-08T23:14:03.2849624Z git version 2.55.0
2026-10-08T23:14:03.2864307Z ##[endgroup]
2026-10-08T23:14:03.2881203Z Temporarily overriding HOME='/home/runner/work/_temp/bfe75400-b0a9-43ee-b734-83b6380cd8b4' before making global git config changes
2026-10-08T23:14:03.2883036Z Adding repository directory to the temporary git global config as a safe directory
2026-10-08T23:14:03.2885792Z [command]/usr/bin/git config --global --add safe.directory /home/runner/work/WetLabEngine/WetLabEngine
2026-10-08T23:14:03.3352746Z Deleting the contents of '/home/runner/work/WetLabEngine/WetLabEngine'
2026-10-08T23:14:03.3356447Z ##[group]Initializing the repository
2026-10-08T23:14:03.3360381Z [command]/usr/bin/git init /home/runner/work/WetLabEngine/WetLabEngine
2026-10-08T23:14:03.4282973Z hint: Using 'master' as the name for the initial branch. This default branch name
2026-10-08T23:14:03.4285572Z hint: will change to "main" in Git 3.0. To configure the initial branch name
2026-10-08T23:14:03.4287905Z hint: to use in all of your new repositories, which will suppress this warning,
2026-10-08T23:14:03.4289613Z hint: call:
2026-10-08T23:14:03.4291455Z hint:
2026-10-08T23:14:03.4292304Z hint: 	git config --global init.defaultBranch <name>
2026-10-08T23:14:03.4294027Z hint:
2026-10-08T23:14:03.4295838Z hint: Names commonly chosen instead of 'master' are 'main', 'trunk' and
2026-10-08T23:14:03.4298441Z hint: 'development'. The just-created branch can be renamed via this command:
2026-10-08T23:14:03.4299777Z hint:
2026-10-08T23:14:03.4300468Z hint: 	git branch -m <name>
2026-10-08T23:14:03.4302586Z hint:
2026-10-08T23:14:03.4303797Z hint: Disable this message with "git config set advice.defaultBranchName false"
2026-10-08T23:14:03.4309341Z Initialized empty Git repository in /home/runner/work/WetLabEngine/WetLabEngine/.git/
2026-10-08T23:14:03.4311409Z [command]/usr/bin/git remote add origin https://github.com/proteinfoldingengine/WetLabEngine
2026-10-08T23:14:03.4558911Z ##[endgroup]
2026-10-08T23:14:03.4560137Z ##[group]Disabling automatic garbage collection
2026-10-08T23:14:03.4562810Z [command]/usr/bin/git config --local gc.auto 0
2026-10-08T23:14:03.4854683Z ##[endgroup]
2026-10-08T23:14:03.4855951Z ##[group]Setting up auth
2026-10-08T23:14:03.4861136Z [command]/usr/bin/git config --local --name-only --get-regexp core\.sshCommand
2026-10-08T23:14:03.4948948Z [command]/usr/bin/git submodule foreach --recursive sh -c "git config --local --name-only --get-regexp 'core\.sshCommand' && git config --local --unset-all 'core.sshCommand' || :"
2026-10-08T23:14:03.5400936Z [command]/usr/bin/git config --local --name-only --get-regexp http\.https\:\/\/github\.com\/\.extraheader
2026-10-08T23:14:03.5431682Z [command]/usr/bin/git submodule foreach --recursive sh -c "git config --local --name-only --get-regexp 'http\.https\:\/\/github\.com\/\.extraheader' && git config --local --unset-all 'http.https://github.com/.extraheader' || :"
2026-10-08T23:14:03.5618475Z [command]/usr/bin/git config --local --name-only --get-regexp ^includeIf\.gitdir:
2026-10-08T23:14:03.5653804Z [command]/usr/bin/git submodule foreach --recursive git config --local --show-origin --name-only --get-regexp remote.origin.url
2026-10-08T23:14:03.5839765Z [command]/usr/bin/git config --local http.https://github.com/.extraheader AUTHORIZATION: basic ***
2026-10-08T23:14:03.7557584Z ##[endgroup]
2026-10-08T23:14:03.7565648Z ##[group]Fetching the repository
2026-10-08T23:14:03.7567986Z [command]/usr/bin/git -c protocol.version=2 fetch --no-tags --prune --no-recurse-submodules --depth=1 origin +5b084d70cc2861b8fa0ae6a53b173e36ca92d733:refs/remotes/origin/main
2026-10-08T23:14:12.5268701Z From https://github.com/proteinfoldingengine/WetLabEngine
2026-10-08T23:14:12.5270606Z  * [new ref]         5b084d70cc2861b8fa0ae6a53b173e36ca92d733 -> origin/main
2026-10-08T23:14:12.5273116Z ##[endgroup]
2026-10-08T23:14:12.5273835Z ##[group]Determining the checkout info
2026-10-08T23:14:12.5274269Z ##[endgroup]
2026-10-08T23:14:12.5278824Z [command]/usr/bin/git sparse-checkout disable
2026-10-08T23:14:12.5465792Z [command]/usr/bin/git config --local --unset-all extensions.worktreeConfig
2026-10-08T23:14:12.5558132Z ##[group]Checking out the ref
2026-10-08T23:14:12.5561564Z [command]/usr/bin/git checkout --progress --force -B main refs/remotes/origin/main
2026-10-08T23:14:13.5919613Z Updating files:  52% (1649/3133)
2026-10-08T23:14:13.6193026Z Updating files:  53% (1661/3133)
2026-10-08T23:14:13.6645652Z Updating files:  54% (1692/3133)
2026-10-08T23:14:13.6905280Z Updating files:  55% (1724/3133)
2026-10-08T23:14:13.6996405Z Updating files:  56% (1755/3133)
2026-10-08T23:14:13.7303210Z Updating files:  57% (1786/3133)
2026-10-08T23:14:13.7350928Z Updating files:  58% (1818/3133)
2026-10-08T23:14:13.7393919Z Updating files:  59% (1849/3133)
2026-10-08T23:14:13.7418791Z Updating files:  60% (1880/3133)
2026-10-08T23:14:13.7441214Z Updating files:  61% (1912/3133)
2026-10-08T23:14:13.7781519Z Updating files:  62% (1943/3133)
2026-10-08T23:14:13.7793089Z Updating files:  63% (1974/3133)
2026-10-08T23:14:13.7805703Z Updating files:  64% (2006/3133)
2026-10-08T23:14:13.7820554Z Updating files:  65% (2037/3133)
2026-10-08T23:14:13.7833584Z Updating files:  66% (2068/3133)
2026-10-08T23:14:13.7847109Z Updating files:  67% (2100/3133)
2026-10-08T23:14:13.7859898Z Updating files:  68% (2131/3133)
2026-10-08T23:14:13.7874258Z Updating files:  69% (2162/3133)
2026-10-08T23:14:13.7888005Z Updating files:  70% (2194/3133)
2026-10-08T23:14:13.7900254Z Updating files:  71% (2225/3133)
2026-10-08T23:14:13.7915078Z Updating files:  72% (2256/3133)
2026-10-08T23:14:13.7930950Z Updating files:  73% (2288/3133)
2026-10-08T23:14:13.7942333Z Updating files:  74% (2319/3133)
2026-10-08T23:14:13.7952723Z Updating files:  75% (2350/3133)
2026-10-08T23:14:13.7972329Z Updating files:  76% (2382/3133)
2026-10-08T23:14:13.8070272Z Updating files:  77% (2413/3133)
2026-10-08T23:14:13.8083771Z Updating files:  78% (2444/3133)
2026-10-08T23:14:13.9535379Z Updating files:  79% (2476/3133)
2026-10-08T23:14:14.0855536Z Updating files:  80% (2507/3133)
2026-10-08T23:14:14.0892454Z Updating files:  81% (2538/3133)
2026-10-08T23:14:14.0990192Z Updating files:  82% (2570/3133)
2026-10-08T23:14:14.1091198Z Updating files:  83% (2601/3133)
2026-10-08T23:14:14.1158462Z Updating files:  84% (2632/3133)
2026-10-08T23:14:14.1287453Z Updating files:  85% (2664/3133)
2026-10-08T23:14:14.1344021Z Updating files:  86% (2695/3133)
2026-10-08T23:14:14.1413862Z Updating files:  87% (2726/3133)
2026-10-08T23:14:14.1563587Z Updating files:  88% (2758/3133)
2026-10-08T23:14:14.1845545Z Updating files:  89% (2789/3133)
2026-10-08T23:14:14.1928823Z Updating files:  90% (2820/3133)
2026-10-08T23:14:14.1964100Z Updating files:  91% (2852/3133)
2026-10-08T23:14:14.1974214Z Updating files:  92% (2883/3133)
2026-10-08T23:14:14.1998598Z Updating files:  93% (2914/3133)
2026-10-08T23:14:14.2010926Z Updating files:  94% (2946/3133)
2026-10-08T23:14:14.2067781Z Updating files:  95% (2977/3133)
2026-10-08T23:14:14.2090424Z Updating files:  96% (3008/3133)
2026-10-08T23:14:14.2178874Z Updating files:  97% (3040/3133)
2026-10-08T23:14:14.2194972Z Updating files:  98% (3071/3133)
2026-10-08T23:14:14.2216146Z Updating files:  99% (3102/3133)
2026-10-08T23:14:14.2216376Z Updating files: 100% (3133/3133)
2026-10-08T23:14:14.2216596Z Updating files: 100% (3133/3133), done.
2026-10-08T23:14:14.2343583Z Switched to a new branch 'main'
2026-10-08T23:14:14.2348455Z branch 'main' set up to track 'origin/main'.
2026-10-08T23:14:14.2428133Z ##[endgroup]
2026-10-08T23:14:14.2469222Z [command]/usr/bin/git log -1 --format=%H
2026-10-08T23:14:14.2494564Z 5b084d70cc2861b8fa0ae6a53b173e36ca92d733
2026-10-08T23:14:14.2704499Z ##[group]Run actions/checkout@v4
2026-10-08T23:14:14.2704645Z with:
2026-10-08T23:14:14.2704778Z   ref: 7a7cd0c33f316f0631246356ddf937362aaebb65
2026-10-08T23:14:14.2704951Z   path: research_snapshot
2026-10-08T23:14:14.2705261Z   persist-credentials: false
2026-10-08T23:14:14.2705460Z   sparse-checkout: ResearchHistory/UQCF-GEM/research/physical-bridge
2026-10-08T23:14:14.2705747Z   repository: proteinfoldingengine/WetLabEngine
2026-10-08T23:14:14.2707118Z   token: ***
2026-10-08T23:14:14.2707233Z   ssh-strict: true
2026-10-08T23:14:14.2707346Z   ssh-user: git
2026-10-08T23:14:14.2707457Z   clean: true
2026-10-08T23:14:14.2707582Z   sparse-checkout-cone-mode: true
2026-10-08T23:14:14.2707724Z   fetch-depth: 1
2026-10-08T23:14:14.2707838Z   fetch-tags: false
2026-10-08T23:14:14.2707954Z   show-progress: true
2026-10-08T23:14:14.2708070Z   lfs: false
2026-10-08T23:14:14.2708178Z   submodules: false
2026-10-08T23:14:14.2708297Z   set-safe-directory: true
2026-10-08T23:14:14.2708466Z   allow-unsafe-pr-checkout: false
2026-10-08T23:14:14.2708614Z ##[endgroup]
2026-10-08T23:14:14.3288418Z Syncing repository: proteinfoldingengine/WetLabEngine
2026-10-08T23:14:14.3289311Z ##[group]Getting Git version info
2026-10-08T23:14:14.3289668Z Working directory is '/home/runner/work/WetLabEngine/WetLabEngine/research_snapshot'
2026-10-08T23:14:14.3308254Z [command]/usr/bin/git version
2026-10-08T23:14:14.3337188Z git version 2.55.0
2026-10-08T23:14:14.3350106Z ##[endgroup]
2026-10-08T23:14:14.3359399Z Temporarily overriding HOME='/home/runner/work/_temp/efc9ad17-0ea4-4110-b303-263ed48b23af' before making global git config changes
2026-10-08T23:14:14.3359932Z Adding repository directory to the temporary git global config as a safe directory
2026-10-08T23:14:14.3363109Z [command]/usr/bin/git config --global --add safe.directory /home/runner/work/WetLabEngine/WetLabEngine/research_snapshot
2026-10-08T23:14:14.3391590Z ##[group]Initializing the repository
2026-10-08T23:14:14.3394325Z [command]/usr/bin/git init /home/runner/work/WetLabEngine/WetLabEngine/research_snapshot
2026-10-08T23:14:14.3428394Z hint: Using 'master' as the name for the initial branch. This default branch name
2026-10-08T23:14:14.3429045Z hint: will change to "main" in Git 3.0. To configure the initial branch name
2026-10-08T23:14:14.3429667Z hint: to use in all of your new repositories, which will suppress this warning,
2026-10-08T23:14:14.3430128Z hint: call:
2026-10-08T23:14:14.3430405Z hint:
2026-10-08T23:14:14.3430747Z hint: 	git config --global init.defaultBranch <name>
2026-10-08T23:14:14.3431022Z hint:
2026-10-08T23:14:14.3431291Z hint: Names commonly chosen instead of 'master' are 'main', 'trunk' and
2026-10-08T23:14:14.3431732Z hint: 'development'. The just-created branch can be renamed via this command:
2026-10-08T23:14:14.3432061Z hint:
2026-10-08T23:14:14.3432236Z hint: 	git branch -m <name>
2026-10-08T23:14:14.3432442Z hint:
2026-10-08T23:14:14.3432753Z hint: Disable this message with "git config set advice.defaultBranchName false"
2026-10-08T23:14:14.3433342Z Initialized empty Git repository in /home/runner/work/WetLabEngine/WetLabEngine/research_snapshot/.git/
2026-10-08T23:14:14.3438487Z [command]/usr/bin/git remote add origin https://github.com/proteinfoldingengine/WetLabEngine
2026-10-08T23:14:14.3467892Z ##[endgroup]
2026-10-08T23:14:14.3468210Z ##[group]Disabling automatic garbage collection
2026-10-08T23:14:14.3471048Z [command]/usr/bin/git config --local gc.auto 0
2026-10-08T23:14:14.3494687Z ##[endgroup]
2026-10-08T23:14:14.3494888Z ##[group]Setting up auth
2026-10-08T23:14:14.3500588Z [command]/usr/bin/git config --local --name-only --get-regexp core\.sshCommand
2026-10-08T23:14:14.3525019Z [command]/usr/bin/git submodule foreach --recursive sh -c "git config --local --name-only --get-regexp 'core\.sshCommand' && git config --local --unset-all 'core.sshCommand' || :"
2026-10-08T23:14:14.3720767Z [command]/usr/bin/git config --local --name-only --get-regexp http\.https\:\/\/github\.com\/\.extraheader
2026-10-08T23:14:14.3751230Z [command]/usr/bin/git submodule foreach --recursive sh -c "git config --local --name-only --get-regexp 'http\.https\:\/\/github\.com\/\.extraheader' && git config --local --unset-all 'http.https://github.com/.extraheader' || :"
2026-10-08T23:14:14.3934537Z [command]/usr/bin/git config --local --name-only --get-regexp ^includeIf\.gitdir:
2026-10-08T23:14:14.3963655Z [command]/usr/bin/git submodule foreach --recursive git config --local --show-origin --name-only --get-regexp remote.origin.url
2026-10-08T23:14:14.4138734Z [command]/usr/bin/git config --local http.https://github.com/.extraheader AUTHORIZATION: basic ***
2026-10-08T23:14:14.4174001Z ##[endgroup]
2026-10-08T23:14:14.4174377Z ##[group]Fetching the repository
2026-10-08T23:14:14.4180640Z [command]/usr/bin/git -c protocol.version=2 fetch --no-tags --prune --no-recurse-submodules --filter=blob:none --depth=1 origin 7a7cd0c33f316f0631246356ddf937362aaebb65
2026-10-08T23:14:14.8008145Z From https://github.com/proteinfoldingengine/WetLabEngine
2026-10-08T23:14:14.8008952Z  * branch            7a7cd0c33f316f0631246356ddf937362aaebb65 -> FETCH_HEAD
2026-10-08T23:14:14.8012375Z ##[endgroup]
2026-10-08T23:14:14.8013648Z ##[group]Determining the checkout info
2026-10-08T23:14:14.8014784Z ##[endgroup]
2026-10-08T23:14:14.8015046Z ##[group]Setting up sparse checkout
2026-10-08T23:14:14.8019369Z [command]/usr/bin/git sparse-checkout set ResearchHistory/UQCF-GEM/research/physical-bridge
2026-10-08T23:14:14.8053727Z ##[endgroup]
2026-10-08T23:14:14.8054052Z ##[group]Checking out the ref
2026-10-08T23:14:14.8057682Z [command]/usr/bin/git checkout --progress --force 7a7cd0c33f316f0631246356ddf937362aaebb65
2026-10-08T23:14:15.4504808Z Note: switching to '7a7cd0c33f316f0631246356ddf937362aaebb65'.
2026-10-08T23:14:15.4505079Z 
2026-10-08T23:14:15.4505351Z You are in 'detached HEAD' state. You can look around, make experimental
2026-10-08T23:14:15.4505623Z changes and commit them, and you can discard any commits you make in this
2026-10-08T23:14:15.4505914Z state without impacting any branches by switching back to a branch.
2026-10-08T23:14:15.4506069Z 
2026-10-08T23:14:15.4506172Z If you want to create a new branch to retain commits you create, you may
2026-10-08T23:14:15.4506440Z do so (now or later) by using -c with the switch command. Example:
2026-10-08T23:14:15.4506578Z 
2026-10-08T23:14:15.4506647Z   git switch -c <new-branch-name>
2026-10-08T23:14:15.4506743Z 
2026-10-08T23:14:15.4506805Z Or undo this operation with:
2026-10-08T23:14:15.4506898Z 
2026-10-08T23:14:15.4506947Z   git switch -
2026-10-08T23:14:15.4507017Z 
2026-10-08T23:14:15.4507133Z Turn off this advice by setting config variable advice.detachedHead to false
2026-10-08T23:14:15.4507299Z 
2026-10-08T23:14:15.4507456Z HEAD is now at 7a7cd0c research: preserve REVISE and make core-readout proof obligations explicit
2026-10-08T23:14:15.4512747Z ##[endgroup]
2026-10-08T23:14:15.4557788Z [command]/usr/bin/git log -1 --format=%H
2026-10-08T23:14:15.4581749Z 7a7cd0c33f316f0631246356ddf937362aaebb65
2026-10-08T23:14:15.4589255Z ##[group]Removing auth
2026-10-08T23:14:15.4591615Z [command]/usr/bin/git config --local --name-only --get-regexp core\.sshCommand
2026-10-08T23:14:15.4618666Z [command]/usr/bin/git submodule foreach --recursive sh -c "git config --local --name-only --get-regexp 'core\.sshCommand' && git config --local --unset-all 'core.sshCommand' || :"
2026-10-08T23:14:15.4814904Z [command]/usr/bin/git config --local --name-only --get-regexp http\.https\:\/\/github\.com\/\.extraheader
2026-10-08T23:14:15.4841325Z http.https://github.com/.extraheader
2026-10-08T23:14:15.4847753Z [command]/usr/bin/git config --local --unset-all http.https://github.com/.extraheader
2026-10-08T23:14:15.4877786Z [command]/usr/bin/git submodule foreach --recursive sh -c "git config --local --name-only --get-regexp 'http\.https\:\/\/github\.com\/\.extraheader' && git config --local --unset-all 'http.https://github.com/.extraheader' || :"
2026-10-08T23:14:15.5067981Z [command]/usr/bin/git config --local --name-only --get-regexp ^includeIf\.gitdir:
2026-10-08T23:14:15.5093954Z [command]/usr/bin/git submodule foreach --recursive git config --local --show-origin --name-only --get-regexp remote.origin.url
2026-10-08T23:14:15.5279432Z ##[endgroup]
2026-10-08T23:14:15.5399061Z ##[group]Run actions/download-artifact@v4
2026-10-08T23:14:15.5399227Z with:
2026-10-08T23:14:15.5399356Z   name: c3-core-readout-verification
2026-10-08T23:14:15.5399518Z   path: core_readout_verification
2026-10-08T23:14:15.5399668Z   merge-multiple: false
2026-10-08T23:14:15.5399821Z   repository: proteinfoldingengine/WetLabEngine
2026-10-08T23:14:15.5399993Z   run-id: 37858216032
2026-10-08T23:14:15.5400116Z ##[endgroup]
2026-10-08T23:14:15.6380482Z Downloading single artifact
2026-10-08T23:14:15.6476431Z (node:2288) [DEP0040] DeprecationWarning: The `punycode` module is deprecated. Please use a userland alternative instead.
2026-10-08T23:14:15.6476850Z (Use `node --trace-deprecation ...` to show where the warning was created)
2026-10-08T23:14:15.8122467Z Preparing to download the following artifacts:
2026-10-08T23:14:15.8123198Z - c3-core-readout-verification (ID: 11584698276, Size: 6642, Expected Digest: sha256:9e2b9896f8d278bca0da692a6076fe25db02b9839fe4a77e1e54808de39c3b90)
2026-10-08T23:14:15.9899869Z Redirecting to blob download url: https://productionresultssa3.blob.core.windows.net/actions-results/f1ffb895-8b56-8dad-b7aa-cd232babdd3f/workflow-job-run-2e83a363-5547-5fd5-b9af-5bc33a9217f1/artifacts/d3139c1742e1d13118382e399d71c5fe352f3899c47696917d0e652b606c679f.zip
2026-10-08T23:14:15.9901092Z Starting download of artifact to: /home/runner/work/WetLabEngine/WetLabEngine/core_readout_verification
2026-10-08T23:14:16.1268262Z (node:2288) [DEP0005] DeprecationWarning: Buffer() is deprecated due to security and usability issues. Please use the Buffer.alloc(), Buffer.allocUnsafe(), or Buffer.from() methods instead.
2026-10-08T23:14:16.1334677Z SHA256 digest of downloaded artifact is 9e2b9896f8d278bca0da692a6076fe25db02b9839fe4a77e1e54808de39c3b90
2026-10-08T23:14:16.1335321Z Artifact download completed successfully.
2026-10-08T23:14:16.1335590Z Total of 1 artifact(s) downloaded
2026-10-08T23:14:16.1339028Z Download artifact has finished successfully
2026-10-08T23:14:16.1451299Z ##[group]Run python3 .github/scripts/c3_core_readout_review.py
2026-10-08T23:14:16.1451592Z [36;1mpython3 .github/scripts/c3_core_readout_review.py[0m
2026-10-08T23:14:16.1786547Z shell: /usr/bin/bash -e {0}
2026-10-08T23:14:16.1786726Z env:
2026-10-08T23:14:16.1787062Z   GEMINI_API_KEY: ***
2026-10-08T23:14:16.1787221Z ##[endgroup]
2026-10-08T23:14:28.4861809Z Review requires reconciliation; no automatic scientific closeout
2026-10-08T23:14:28.4862086Z Core-readout independent verdict: REVISE
2026-10-08T23:14:28.4862410Z Missing assumptions: 6
2026-10-08T23:14:28.4862644Z Counterexamples: 0
2026-10-08T23:14:28.4863010Z Response SHA256: ce7a2ffe1feeb6f14651134ccb48c05d7c4e3478fffffa0709056bc9e66f8b68
2026-10-08T23:14:28.4863359Z This is not scientific certification.
2026-10-08T23:14:28.4956620Z ##[error]Process completed with exit code 1.
2026-10-08T23:14:28.5044310Z ##[group]Run actions/upload-artifact@v4
2026-10-08T23:14:28.5044486Z with:
2026-10-08T23:14:28.5044634Z   name: c3-core-readout-review
2026-10-08T23:14:28.5044787Z   path: core_readout_review/
2026-10-08T23:14:28.5044928Z   retention-days: 30
2026-10-08T23:14:28.5045063Z   if-no-files-found: warn
2026-10-08T23:14:28.5045373Z   compression-level: 6
2026-10-08T23:14:28.5045506Z   overwrite: false
2026-10-08T23:14:28.5045637Z   include-hidden-files: false
2026-10-08T23:14:28.5045785Z ##[endgroup]
2026-10-08T23:14:28.6198540Z (node:2308) [DEP0040] DeprecationWarning: The `punycode` module is deprecated. Please use a userland alternative instead.
2026-10-08T23:14:28.6218197Z (Use `node --trace-deprecation ...` to show where the warning was created)
2026-10-08T23:14:28.6253824Z With the provided path, there will be 2 files uploaded
2026-10-08T23:14:28.6258281Z Artifact name is valid!
2026-10-08T23:14:28.6258796Z Root directory input is valid!
2026-10-08T23:14:28.9134323Z Beginning upload of artifact content to blob storage
2026-10-08T23:14:28.9265282Z (node:2308) [DEP0169] DeprecationWarning: `url.parse()` behavior is not standardized and prone to errors that have security implications. Use the WHATWG URL API instead. CVEs are not issued for `url.parse()` vulnerabilities.
2026-10-08T23:14:29.0655399Z Uploaded bytes 5219
2026-10-08T23:14:29.1067461Z Finished uploading artifact content to blob storage!
2026-10-08T23:14:29.1068100Z SHA256 digest of uploaded artifact zip is ca6add8a3eda5ab4f171e6eeb71f4e5a66a5b116c9f8b11c3fc05c3b9f770e4b
2026-10-08T23:14:29.1069348Z Finalizing artifact upload
2026-10-08T23:14:29.3495471Z Artifact c3-core-readout-review.zip successfully finalized. Artifact ID 11585335243
2026-10-08T23:14:29.3496172Z Artifact c3-core-readout-review has been successfully uploaded! Final size is 5219 bytes. Artifact ID is 11585335243
2026-10-08T23:14:29.3501217Z Artifact download URL: https://github.com/proteinfoldingengine/WetLabEngine/actions/runs/37858216032/artifacts/11585335243
2026-10-08T23:14:29.3994169Z Post job cleanup.
2026-10-08T23:14:29.4552319Z [command]/usr/bin/git version
2026-10-08T23:14:29.4587193Z git version 2.55.0
2026-10-08T23:14:29.4614052Z Temporarily overriding HOME='/home/runner/work/_temp/f0c47f54-577e-4285-a643-028ac19a8aa9' before making global git config changes
2026-10-08T23:14:29.4614592Z Adding repository directory to the temporary git global config as a safe directory
2026-10-08T23:14:29.4618362Z [command]/usr/bin/git config --global --add safe.directory /home/runner/work/WetLabEngine/WetLabEngine/research_snapshot
2026-10-08T23:14:29.5196375Z [command]/usr/bin/git config --local --name-only --get-regexp core\.sshCommand
2026-10-08T23:14:29.5234604Z [command]/usr/bin/git submodule foreach --recursive sh -c "git config --local --name-only --get-regexp 'core\.sshCommand' && git config --local --unset-all 'core.sshCommand' || :"
2026-10-08T23:14:29.5432076Z [command]/usr/bin/git config --local --name-only --get-regexp http\.https\:\/\/github\.com\/\.extraheader
2026-10-08T23:14:29.5461893Z [command]/usr/bin/git submodule foreach --recursive sh -c "git config --local --name-only --get-regexp 'http\.https\:\/\/github\.com\/\.extraheader' && git config --local --unset-all 'http.https://github.com/.extraheader' || :"
2026-10-08T23:14:29.5662724Z [command]/usr/bin/git config --local --name-only --get-regexp ^includeIf\.gitdir:
2026-10-08T23:14:29.5696626Z [command]/usr/bin/git submodule foreach --recursive git config --local --show-origin --name-only --get-regexp remote.origin.url
2026-10-08T23:14:29.6400848Z Post job cleanup.
2026-10-08T23:14:29.6961404Z [command]/usr/bin/git version
2026-10-08T23:14:29.6995447Z git version 2.55.0
2026-10-08T23:14:29.7022256Z Temporarily overriding HOME='/home/runner/work/_temp/4deb5db7-0d81-4f1c-a167-a86684bc66bd' before making global git config changes
2026-10-08T23:14:29.7023050Z Adding repository directory to the temporary git global config as a safe directory
2026-10-08T23:14:29.7026144Z [command]/usr/bin/git config --global --add safe.directory /home/runner/work/WetLabEngine/WetLabEngine
2026-10-08T23:14:29.7508274Z [command]/usr/bin/git config --local --name-only --get-regexp core\.sshCommand
2026-10-08T23:14:29.7544427Z [command]/usr/bin/git submodule foreach --recursive sh -c "git config --local --name-only --get-regexp 'core\.sshCommand' && git config --local --unset-all 'core.sshCommand' || :"
2026-10-08T23:14:29.7742929Z [command]/usr/bin/git config --local --name-only --get-regexp http\.https\:\/\/github\.com\/\.extraheader
2026-10-08T23:14:29.7771005Z http.https://github.com/.extraheader
2026-10-08T23:14:29.7779806Z [command]/usr/bin/git config --local --unset-all http.https://github.com/.extraheader
2026-10-08T23:14:29.8713161Z [command]/usr/bin/git submodule foreach --recursive sh -c "git config --local --name-only --get-regexp 'http\.https\:\/\/github\.com\/\.extraheader' && git config --local --unset-all 'http.https://github.com/.extraheader' || :"
2026-10-08T23:14:29.8911203Z [command]/usr/bin/git config --local --name-only --get-regexp ^includeIf\.gitdir:
2026-10-08T23:14:29.8942492Z [command]/usr/bin/git submodule foreach --recursive git config --local --show-origin --name-only --get-regexp remote.origin.url
2026-10-08T23:14:29.9261674Z Cleaning up orphan processes
2026-10-08T23:14:29.9467058Z ##[warning]Node.js 20 is deprecated. The following actions target Node.js 20 but are being forced to run on Node.js 24: actions/checkout@v4, actions/download-artifact@v4, actions/upload-artifact@v4. For more information see: https://github.blog/changelog/2025-09-19-deprecation-of-node-20-on-github-actions-runners/
