2026-10-09T03:28:36.4653171Z Current runner version: '2.337.0'
2026-10-09T03:28:36.4675731Z ##[group]Runner Image Provisioner
2026-10-09T03:28:36.4676441Z Hosted Compute Agent
2026-10-09T03:28:36.4677065Z Version: 20261002.596
2026-10-09T03:28:36.4677624Z Commit: c3d12f3313a95f25162a1503be624f3b0617f8c0
2026-10-09T03:28:36.4678284Z Build Date: 2026-10-02T22:28:27Z
2026-10-09T03:28:36.4678928Z Worker ID: {2c403c51-9e68-45da-92b4-c1d0f2cb6022}
2026-10-09T03:28:36.4679538Z Region: eastus
2026-10-09T03:28:36.4680061Z Cloud: Azure
2026-10-09T03:28:36.4680673Z ##[endgroup]
2026-10-09T03:28:36.4681756Z ##[group]Operating System
2026-10-09T03:28:36.4682396Z Ubuntu
2026-10-09T03:28:36.4682859Z 24.04.5
2026-10-09T03:28:36.4683344Z LTS
2026-10-09T03:28:36.4683861Z ##[endgroup]
2026-10-09T03:28:36.4684334Z ##[group]Runner Image
2026-10-09T03:28:36.4684927Z Image: ubuntu-24.04
2026-10-09T03:28:36.4685426Z Version: 20261004.327.1
2026-10-09T03:28:36.4686529Z Included Software: https://github.com/actions/runner-images/blob/ubuntu24/20261004.327/images/ubuntu/Ubuntu2404-Readme.md
2026-10-09T03:28:36.4687760Z Image Release: https://github.com/actions/runner-images/releases/tag/ubuntu24%2F20261004.327
2026-10-09T03:28:36.4688764Z ##[endgroup]
2026-10-09T03:28:36.4690126Z ##[group]GITHUB_TOKEN Permissions
2026-10-09T03:28:36.4692928Z Contents: read
2026-10-09T03:28:36.4693650Z Metadata: read
2026-10-09T03:28:36.4694390Z ##[endgroup]
2026-10-09T03:28:36.4696608Z Secret source: Actions
2026-10-09T03:28:36.4697880Z Cache mode: write
2026-10-09T03:28:36.4698891Z Prepare workflow directory
2026-10-09T03:28:36.5054542Z Prepare all required actions
2026-10-09T03:28:36.5107461Z Getting action download info
2026-10-09T03:28:36.6802967Z Download action repository 'actions/checkout@v4' (SHA:11d5960a326750d5838078e36cf38b85af677262)
2026-10-09T03:28:36.9525115Z Download action repository 'actions/upload-artifact@v4' (SHA:ea165f8d65b6e75b540449e92b4886f43607fa02)
2026-10-09T03:28:37.2103595Z Complete job name: verification
2026-10-09T03:28:37.2721164Z ##[group]Run actions/checkout@v4
2026-10-09T03:28:37.2721932Z with:
2026-10-09T03:28:37.2722318Z   path: research_snapshot
2026-10-09T03:28:37.2722762Z   persist-credentials: false
2026-10-09T03:28:37.2723463Z   sparse-checkout: ResearchHistory/UQCF-GEM/research/physical-bridge
.github/scripts

2026-10-09T03:28:37.2724270Z   repository: proteinfoldingengine/WetLabEngine
2026-10-09T03:28:37.2727742Z   token: ***
2026-10-09T03:28:37.2728133Z   ssh-strict: true
2026-10-09T03:28:37.2728526Z   ssh-user: git
2026-10-09T03:28:37.2728892Z   clean: true
2026-10-09T03:28:37.2729276Z   sparse-checkout-cone-mode: true
2026-10-09T03:28:37.2729749Z   fetch-depth: 1
2026-10-09T03:28:37.2730136Z   fetch-tags: false
2026-10-09T03:28:37.2730706Z   show-progress: true
2026-10-09T03:28:37.2731099Z   lfs: false
2026-10-09T03:28:37.2731460Z   submodules: false
2026-10-09T03:28:37.2731853Z   set-safe-directory: true
2026-10-09T03:28:37.2732293Z   allow-unsafe-pr-checkout: false
2026-10-09T03:28:37.2732983Z ##[endgroup]
2026-10-09T03:28:37.3557208Z Syncing repository: proteinfoldingengine/WetLabEngine
2026-10-09T03:28:37.3558978Z ##[group]Getting Git version info
2026-10-09T03:28:37.3559738Z Working directory is '/home/runner/work/WetLabEngine/WetLabEngine/research_snapshot'
2026-10-09T03:28:37.3561177Z [command]/usr/bin/git version
2026-10-09T03:28:37.3628498Z git version 2.55.0
2026-10-09T03:28:37.3646774Z ##[endgroup]
2026-10-09T03:28:37.3658422Z Temporarily overriding HOME='/home/runner/work/_temp/17e0fc18-2df8-4ab9-8ed6-696e40afcf92' before making global git config changes
2026-10-09T03:28:37.3660774Z Adding repository directory to the temporary git global config as a safe directory
2026-10-09T03:28:37.3663260Z [command]/usr/bin/git config --global --add safe.directory /home/runner/work/WetLabEngine/WetLabEngine/research_snapshot
2026-10-09T03:28:37.3704202Z ##[group]Initializing the repository
2026-10-09T03:28:37.3711099Z [command]/usr/bin/git init /home/runner/work/WetLabEngine/WetLabEngine/research_snapshot
2026-10-09T03:28:37.5515201Z hint: Using 'master' as the name for the initial branch. This default branch name
2026-10-09T03:28:37.5517130Z hint: will change to "main" in Git 3.0. To configure the initial branch name
2026-10-09T03:28:37.5518456Z hint: to use in all of your new repositories, which will suppress this warning,
2026-10-09T03:28:37.5519768Z hint: call:
2026-10-09T03:28:37.5520778Z hint:
2026-10-09T03:28:37.5521771Z hint: 	git config --global init.defaultBranch <name>
2026-10-09T03:28:37.5522890Z hint:
2026-10-09T03:28:37.5523893Z hint: Names commonly chosen instead of 'master' are 'main', 'trunk' and
2026-10-09T03:28:37.5525461Z hint: 'development'. The just-created branch can be renamed via this command:
2026-10-09T03:28:37.5526647Z hint:
2026-10-09T03:28:37.5527374Z hint: 	git branch -m <name>
2026-10-09T03:28:37.5528324Z hint:
2026-10-09T03:28:37.5529515Z hint: Disable this message with "git config set advice.defaultBranchName false"
2026-10-09T03:28:37.5531812Z Initialized empty Git repository in /home/runner/work/WetLabEngine/WetLabEngine/research_snapshot/.git/
2026-10-09T03:28:37.5534896Z [command]/usr/bin/git remote add origin https://github.com/proteinfoldingengine/WetLabEngine
2026-10-09T03:28:37.5573600Z ##[endgroup]
2026-10-09T03:28:37.5576475Z ##[group]Disabling automatic garbage collection
2026-10-09T03:28:37.5577111Z [command]/usr/bin/git config --local gc.auto 0
2026-10-09T03:28:37.5604906Z ##[endgroup]
2026-10-09T03:28:37.5605576Z ##[group]Setting up auth
2026-10-09T03:28:37.5609530Z [command]/usr/bin/git config --local --name-only --get-regexp core\.sshCommand
2026-10-09T03:28:37.5638311Z [command]/usr/bin/git submodule foreach --recursive sh -c "git config --local --name-only --get-regexp 'core\.sshCommand' && git config --local --unset-all 'core.sshCommand' || :"
2026-10-09T03:28:37.5906336Z [command]/usr/bin/git config --local --name-only --get-regexp http\.https\:\/\/github\.com\/\.extraheader
2026-10-09T03:28:37.5935781Z [command]/usr/bin/git submodule foreach --recursive sh -c "git config --local --name-only --get-regexp 'http\.https\:\/\/github\.com\/\.extraheader' && git config --local --unset-all 'http.https://github.com/.extraheader' || :"
2026-10-09T03:28:37.6122443Z [command]/usr/bin/git config --local --name-only --get-regexp ^includeIf\.gitdir:
2026-10-09T03:28:37.6152950Z [command]/usr/bin/git submodule foreach --recursive git config --local --show-origin --name-only --get-regexp remote.origin.url
2026-10-09T03:28:37.6340962Z [command]/usr/bin/git config --local http.https://github.com/.extraheader AUTHORIZATION: basic ***
2026-10-09T03:28:37.6374882Z ##[endgroup]
2026-10-09T03:28:37.6375656Z ##[group]Fetching the repository
2026-10-09T03:28:37.6383031Z [command]/usr/bin/git -c protocol.version=2 fetch --no-tags --prune --no-recurse-submodules --filter=blob:none --depth=1 origin +a444693a76de4528ced9e502746b46d938d161f0:refs/remotes/origin/research/uqcf-overlapping-guard-exchange
2026-10-09T03:28:38.3868904Z From https://github.com/proteinfoldingengine/WetLabEngine
2026-10-09T03:28:38.3871383Z  * [new ref]         a444693a76de4528ced9e502746b46d938d161f0 -> origin/research/uqcf-overlapping-guard-exchange
2026-10-09T03:28:38.3874166Z ##[endgroup]
2026-10-09T03:28:38.3875134Z ##[group]Determining the checkout info
2026-10-09T03:28:38.3876178Z ##[endgroup]
2026-10-09T03:28:38.3877123Z ##[group]Setting up sparse checkout
2026-10-09T03:28:38.3879506Z [command]/usr/bin/git sparse-checkout set ResearchHistory/UQCF-GEM/research/physical-bridge .github/scripts
2026-10-09T03:28:38.5926731Z ##[endgroup]
2026-10-09T03:28:38.5928708Z ##[group]Checking out the ref
2026-10-09T03:28:38.5933637Z [command]/usr/bin/git checkout --progress --force -B research/uqcf-overlapping-guard-exchange refs/remotes/origin/research/uqcf-overlapping-guard-exchange
2026-10-09T03:28:39.1560109Z Switched to a new branch 'research/uqcf-overlapping-guard-exchange'
2026-10-09T03:28:39.1563228Z branch 'research/uqcf-overlapping-guard-exchange' set up to track 'origin/research/uqcf-overlapping-guard-exchange'.
2026-10-09T03:28:39.1572909Z ##[endgroup]
2026-10-09T03:28:39.1647077Z [command]/usr/bin/git log -1 --format=%H
2026-10-09T03:28:39.1669437Z a444693a76de4528ced9e502746b46d938d161f0
2026-10-09T03:28:39.1676664Z ##[group]Removing auth
2026-10-09T03:28:39.1679302Z [command]/usr/bin/git config --local --name-only --get-regexp core\.sshCommand
2026-10-09T03:28:39.1705421Z [command]/usr/bin/git submodule foreach --recursive sh -c "git config --local --name-only --get-regexp 'core\.sshCommand' && git config --local --unset-all 'core.sshCommand' || :"
2026-10-09T03:28:39.1913097Z [command]/usr/bin/git config --local --name-only --get-regexp http\.https\:\/\/github\.com\/\.extraheader
2026-10-09T03:28:39.1936601Z http.https://github.com/.extraheader
2026-10-09T03:28:39.1942737Z [command]/usr/bin/git config --local --unset-all http.https://github.com/.extraheader
2026-10-09T03:28:39.1971481Z [command]/usr/bin/git submodule foreach --recursive sh -c "git config --local --name-only --get-regexp 'http\.https\:\/\/github\.com\/\.extraheader' && git config --local --unset-all 'http.https://github.com/.extraheader' || :"
2026-10-09T03:28:39.2171357Z [command]/usr/bin/git config --local --name-only --get-regexp ^includeIf\.gitdir:
2026-10-09T03:28:39.2199131Z [command]/usr/bin/git submodule foreach --recursive git config --local --show-origin --name-only --get-regexp remote.origin.url
2026-10-09T03:28:39.2394503Z ##[endgroup]
2026-10-09T03:28:39.2569037Z ##[group]Run set -euo pipefail
2026-10-09T03:28:39.2569361Z [36;1mset -euo pipefail[0m
2026-10-09T03:28:39.2569594Z [36;1mmkdir reactive_verification[0m
2026-10-09T03:28:39.2569950Z [36;1mROOT=research_snapshot/ResearchHistory/UQCF-GEM/research/physical-bridge[0m
2026-10-09T03:28:39.2570868Z [36;1mpython3 -m unittest discover -s "$ROOT/reactive_handoff" -p test_reactive.py -v 2>&1 | tee reactive_verification/contracts.log[0m
2026-10-09T03:28:39.2571556Z [36;1mpython3 "$ROOT/reactive_handoff/producer.py" reactive_verification/certificate.json | tee reactive_verification/counts.json[0m
2026-10-09T03:28:39.2572086Z [36;1mpython3 "$ROOT/reactive_handoff/producer.py" /tmp/repeated.json[0m
2026-10-09T03:28:39.2572484Z [36;1mcmp reactive_verification/certificate.json /tmp/repeated.json[0m
2026-10-09T03:28:39.2573029Z [36;1mpython3 "$ROOT/reactive_handoff/independent.py" reactive_verification/certificate.json | tee reactive_verification/independent.json[0m
2026-10-09T03:28:39.2573776Z [36;1mpython3 -m unittest discover -s "$ROOT/deficit_handoff" -p test_deficit.py -v 2>&1 | tee reactive_verification/inherited_deficit.log[0m
2026-10-09T03:28:39.2574416Z [36;1mecho "scientific_sha=$(git -C research_snapshot rev-parse HEAD)" > reactive_verification/provenance.txt[0m
2026-10-09T03:28:39.2574912Z [36;1mecho "workflow_sha=$GITHUB_SHA" >> reactive_verification/provenance.txt[0m
2026-10-09T03:28:39.2575375Z [36;1msha256sum reactive_verification/certificate.json > reactive_verification/certificate.sha256[0m
2026-10-09T03:28:39.2784048Z shell: /usr/bin/bash --noprofile --norc -e -o pipefail {0}
2026-10-09T03:28:39.2784406Z ##[endgroup]
2026-10-09T03:28:39.5978476Z test_complete (test_reactive.Contracts.test_complete) ... ok
2026-10-09T03:28:39.6972751Z test_duplicate_edge (test_reactive.Contracts.test_duplicate_edge) ... ok
2026-10-09T03:28:39.7845528Z test_duplicate_source (test_reactive.Contracts.test_duplicate_source) ... ok
2026-10-09T03:28:39.8784233Z test_duplicate_state (test_reactive.Contracts.test_duplicate_state) ... ok
2026-10-09T03:28:39.9651437Z test_eligibility (test_reactive.Contracts.test_eligibility) ... ok
2026-10-09T03:28:40.0568944Z test_excess (test_reactive.Contracts.test_excess) ... ok
2026-10-09T03:28:40.1512412Z test_false_completion (test_reactive.Contracts.test_false_completion) ... ok
2026-10-09T03:28:40.2371298Z test_false_composition (test_reactive.Contracts.test_false_composition) ... ok
2026-10-09T03:28:40.3299281Z test_false_marker_read (test_reactive.Contracts.test_false_marker_read) ... ok
2026-10-09T03:28:40.4163046Z test_false_origin (test_reactive.Contracts.test_false_origin) ... ok
2026-10-09T03:28:40.5088886Z test_false_progress (test_reactive.Contracts.test_false_progress) ... ok
2026-10-09T03:28:40.5945702Z test_false_uniform_safety (test_reactive.Contracts.test_false_uniform_safety) ... ok
2026-10-09T03:28:40.6856448Z test_floor (test_reactive.Contracts.test_floor) ... ok
2026-10-09T03:28:40.6871656Z test_hidden_marker_alias (test_reactive.Contracts.test_hidden_marker_alias) ... ok
2026-10-09T03:28:40.7812845Z test_illegal_direct_deletion (test_reactive.Contracts.test_illegal_direct_deletion) ... ok
2026-10-09T03:28:40.8663842Z test_marker_observation (test_reactive.Contracts.test_marker_observation) ... ok
2026-10-09T03:28:40.9578863Z test_missing_edge (test_reactive.Contracts.test_missing_edge) ... ok
2026-10-09T03:28:41.0424167Z test_missing_graph (test_reactive.Contracts.test_missing_graph) ... ok
2026-10-09T03:28:41.1342100Z test_missing_source (test_reactive.Contracts.test_missing_source) ... ok
2026-10-09T03:28:41.2281150Z test_missing_state (test_reactive.Contracts.test_missing_state) ... ok
2026-10-09T03:28:41.3137056Z test_omitted_noop (test_reactive.Contracts.test_omitted_noop) ... ok
2026-10-09T03:28:41.4066665Z test_policy (test_reactive.Contracts.test_policy) ... ok
2026-10-09T03:28:41.4933838Z test_provenance (test_reactive.Contracts.test_provenance) ... ok
2026-10-09T03:28:41.5877597Z test_rank (test_reactive.Contracts.test_rank) ... ok
2026-10-09T03:28:41.6735513Z test_reverse_change (test_reactive.Contracts.test_reverse_change) ... ok
2026-10-09T03:28:41.7645945Z test_substituted_graph (test_reactive.Contracts.test_substituted_graph) ... ok
2026-10-09T03:28:41.8585622Z test_target (test_reactive.Contracts.test_target) ... ok
2026-10-09T03:28:41.9448631Z test_tau (test_reactive.Contracts.test_tau) ... ok
2026-10-09T03:28:42.0373792Z test_type (test_reactive.Contracts.test_type) ... ok
2026-10-09T03:28:42.0374209Z 
2026-10-09T03:28:42.0374390Z ----------------------------------------------------------------------
2026-10-09T03:28:42.0374798Z Ran 29 tests in 2.711s
2026-10-09T03:28:42.0375023Z 
2026-10-09T03:28:42.0375115Z OK
2026-10-09T03:28:42.1721029Z {"sources": 256, "protected_sources": 192, "graphs": 384, "nodes": 5568, "edges": 11712}
2026-10-09T03:28:42.3027835Z {"sources": 256, "protected_sources": 192, "graphs": 384, "nodes": 5568, "edges": 11712}
2026-10-09T03:28:42.5362762Z PASS independent complete guarded graph reconstruction
2026-10-09T03:28:52.0167146Z test_band (test_deficit.Contracts.test_band) ... ok
2026-10-09T03:28:53.6893998Z test_certificate (test_deficit.Contracts.test_certificate) ... ok
2026-10-09T03:28:53.9192364Z test_complete (test_deficit.Contracts.test_complete) ... ok
2026-10-09T03:28:55.5803346Z test_deficit (test_deficit.Contracts.test_deficit) ... ok
2026-10-09T03:28:57.3532034Z test_duplicate_source (test_deficit.Contracts.test_duplicate_source) ... ok
2026-10-09T03:28:59.1457149Z test_eligibility (test_deficit.Contracts.test_eligibility) ... ok
2026-10-09T03:29:00.9835324Z test_false_exact_tau (test_deficit.Contracts.test_false_exact_tau) ... ok
2026-10-09T03:29:02.6356583Z test_fixed_cover (test_deficit.Contracts.test_fixed_cover) ... ok
2026-10-09T03:29:02.6357184Z test_fixtures (test_deficit.Contracts.test_fixtures) ... ok
2026-10-09T03:29:04.2364911Z test_floor (test_deficit.Contracts.test_floor) ... ok
2026-10-09T03:29:05.9479210Z test_map (test_deficit.Contracts.test_map) ... ok
2026-10-09T03:29:07.6675346Z test_marker (test_deficit.Contracts.test_marker) ... ok
2026-10-09T03:29:09.4260983Z test_missing_goal (test_deficit.Contracts.test_missing_goal) ... ok
2026-10-09T03:29:11.2220144Z test_missing_source (test_deficit.Contracts.test_missing_source) ... ok
2026-10-09T03:29:12.8515085Z test_observer (test_deficit.Contracts.test_observer) ... ok
2026-10-09T03:29:14.4451075Z test_optimality (test_deficit.Contracts.test_optimality) ... ok
2026-10-09T03:29:16.1929114Z test_partition (test_deficit.Contracts.test_partition) ... ok
2026-10-09T03:29:18.0378629Z test_peak (test_deficit.Contracts.test_peak) ... ok
2026-10-09T03:29:19.6955378Z test_plan (test_deficit.Contracts.test_plan) ... ok
2026-10-09T03:29:21.5456014Z test_progress (test_deficit.Contracts.test_progress) ... ok
2026-10-09T03:29:23.1814451Z test_provenance (test_deficit.Contracts.test_provenance) ... ok
2026-10-09T03:29:24.9463482Z test_slice (test_deficit.Contracts.test_slice) ... ok
2026-10-09T03:29:26.8097546Z test_substituted_handoff (test_deficit.Contracts.test_substituted_handoff) ... ok
2026-10-09T03:29:28.4750778Z test_target (test_deficit.Contracts.test_target) ... ok
2026-10-09T03:29:30.3047335Z test_tau (test_deficit.Contracts.test_tau) ... ok
2026-10-09T03:29:32.1992857Z test_type (test_deficit.Contracts.test_type) ... ok
2026-10-09T03:29:32.1993224Z 
2026-10-09T03:29:32.1993425Z ----------------------------------------------------------------------
2026-10-09T03:29:32.1993844Z Ran 26 tests in 49.623s
2026-10-09T03:29:32.1994015Z 
2026-10-09T03:29:32.1994121Z OK
2026-10-09T03:29:32.7465556Z ##[group]Run actions/upload-artifact@v4
2026-10-09T03:29:32.7465802Z with:
2026-10-09T03:29:32.7465996Z   name: c3-reactive-verification
2026-10-09T03:29:32.7466210Z   path: reactive_verification/
2026-10-09T03:29:32.7466418Z   if-no-files-found: warn
2026-10-09T03:29:32.7466611Z   compression-level: 6
2026-10-09T03:29:32.7466794Z   overwrite: false
2026-10-09T03:29:32.7466973Z   include-hidden-files: false
2026-10-09T03:29:32.7467171Z ##[endgroup]
2026-10-09T03:29:32.8774866Z (node:2198) [DEP0040] DeprecationWarning: The `punycode` module is deprecated. Please use a userland alternative instead.
2026-10-09T03:29:32.8775562Z (Use `node --trace-deprecation ...` to show where the warning was created)
2026-10-09T03:29:32.8852469Z With the provided path, there will be 7 files uploaded
2026-10-09T03:29:32.8853561Z Artifact name is valid!
2026-10-09T03:29:32.8854204Z Root directory input is valid!
2026-10-09T03:29:33.0855428Z Beginning upload of artifact content to blob storage
2026-10-09T03:29:33.1148786Z (node:2198) [DEP0169] DeprecationWarning: `url.parse()` behavior is not standardized and prone to errors that have security implications. Use the WHATWG URL API instead. CVEs are not issued for `url.parse()` vulnerabilities.
2026-10-09T03:29:33.1645516Z Uploaded bytes 36361
2026-10-09T03:29:33.1821874Z Finished uploading artifact content to blob storage!
2026-10-09T03:29:33.1822427Z SHA256 digest of uploaded artifact zip is 54bfd8b317d6894aeedae6087f1024b982aa31a0e8d9f3939f8b2cdd4264b82d
2026-10-09T03:29:33.1823985Z Finalizing artifact upload
2026-10-09T03:29:33.3846035Z Artifact c3-reactive-verification.zip successfully finalized. Artifact ID 11593478486
2026-10-09T03:29:33.3846772Z Artifact c3-reactive-verification has been successfully uploaded! Final size is 36361 bytes. Artifact ID is 11593478486
2026-10-09T03:29:33.3852156Z Artifact download URL: https://github.com/proteinfoldingengine/WetLabEngine/actions/runs/37879440145/artifacts/11593478486
2026-10-09T03:29:33.4024618Z Post job cleanup.
2026-10-09T03:29:33.4697469Z [command]/usr/bin/git version
2026-10-09T03:29:33.4732572Z git version 2.55.0
2026-10-09T03:29:33.4760712Z Temporarily overriding HOME='/home/runner/work/_temp/677b3fe6-bdcf-48ca-b372-f1dcd84edc45' before making global git config changes
2026-10-09T03:29:33.4761727Z Adding repository directory to the temporary git global config as a safe directory
2026-10-09T03:29:33.4765137Z [command]/usr/bin/git config --global --add safe.directory /home/runner/work/WetLabEngine/WetLabEngine/research_snapshot
2026-10-09T03:29:33.4798423Z [command]/usr/bin/git config --local --name-only --get-regexp core\.sshCommand
2026-10-09T03:29:33.4828586Z [command]/usr/bin/git submodule foreach --recursive sh -c "git config --local --name-only --get-regexp 'core\.sshCommand' && git config --local --unset-all 'core.sshCommand' || :"
2026-10-09T03:29:33.5059699Z [command]/usr/bin/git config --local --name-only --get-regexp http\.https\:\/\/github\.com\/\.extraheader
2026-10-09T03:29:33.5091560Z [command]/usr/bin/git submodule foreach --recursive sh -c "git config --local --name-only --get-regexp 'http\.https\:\/\/github\.com\/\.extraheader' && git config --local --unset-all 'http.https://github.com/.extraheader' || :"
2026-10-09T03:29:33.5347771Z [command]/usr/bin/git config --local --name-only --get-regexp ^includeIf\.gitdir:
2026-10-09T03:29:33.5378119Z [command]/usr/bin/git submodule foreach --recursive git config --local --show-origin --name-only --get-regexp remote.origin.url
2026-10-09T03:29:33.5720171Z Cleaning up orphan processes
2026-10-09T03:29:33.5969980Z ##[warning]Node.js 20 is deprecated. The following actions target Node.js 20 but are being forced to run on Node.js 24: actions/checkout@v4, actions/upload-artifact@v4. For more information see: https://github.blog/changelog/2025-09-19-deprecation-of-node-20-on-github-actions-runners/
