2026-10-10T21:46:23.1795859Z Current runner version: '2.337.0'
2026-10-10T21:46:23.1821268Z ##[group]Runner Image Provisioner
2026-10-10T21:46:23.1822245Z Hosted Compute Agent
2026-10-10T21:46:23.1822879Z Version: 20261002.596
2026-10-10T21:46:23.1823502Z Commit: c3d12f3313a95f25162a1503be624f3b0617f8c0
2026-10-10T21:46:23.1824308Z Build Date: 2026-10-02T22:28:27Z
2026-10-10T21:46:23.1824997Z Worker ID: {cd4940b8-ebf7-4de7-9c88-1cf98a669d74}
2026-10-10T21:46:23.1825763Z Region: eastus
2026-10-10T21:46:23.1826339Z Cloud: Azure
2026-10-10T21:46:23.1826937Z ##[endgroup]
2026-10-10T21:46:23.1828791Z ##[group]Operating System
2026-10-10T21:46:23.1829483Z Ubuntu
2026-10-10T21:46:23.1830080Z 24.04.5
2026-10-10T21:46:23.1830623Z LTS
2026-10-10T21:46:23.1831452Z ##[endgroup]
2026-10-10T21:46:23.1832141Z ##[group]Runner Image
2026-10-10T21:46:23.1832744Z Image: ubuntu-24.04
2026-10-10T21:46:23.1833345Z Version: 20261004.327.1
2026-10-10T21:46:23.1834658Z Included Software: https://github.com/actions/runner-images/blob/ubuntu24/20261004.327/images/ubuntu/Ubuntu2404-Readme.md
2026-10-10T21:46:23.1836658Z Image Release: https://github.com/actions/runner-images/releases/tag/ubuntu24%2F20261004.327
2026-10-10T21:46:23.1837628Z ##[endgroup]
2026-10-10T21:46:23.1838826Z ##[group]GITHUB_TOKEN Permissions
2026-10-10T21:46:23.1840920Z Contents: read
2026-10-10T21:46:23.1841859Z Metadata: read
2026-10-10T21:46:23.1842424Z ##[endgroup]
2026-10-10T21:46:23.1844576Z Secret source: Actions
2026-10-10T21:46:23.1845625Z Cache mode: write
2026-10-10T21:46:23.1846726Z Prepare workflow directory
2026-10-10T21:46:23.2174541Z Prepare all required actions
2026-10-10T21:46:23.2221977Z Getting action download info
2026-10-10T21:46:23.4445000Z Download action repository 'actions/checkout@v4' (SHA:11d5960a326750d5838078e36cf38b85af677262)
2026-10-10T21:46:23.5411551Z Download action repository 'actions/download-artifact@v4' (SHA:d3f86a106a0bac45b974a628896c90dbdf5c8093)
2026-10-10T21:46:23.7298988Z Download action repository 'actions/upload-artifact@v4' (SHA:ea165f8d65b6e75b540449e92b4886f43607fa02)
2026-10-10T21:46:23.9466802Z Complete job name: fresh-reproduction
2026-10-10T21:46:24.0244241Z ##[group]Run actions/checkout@v4
2026-10-10T21:46:24.0245120Z with:
2026-10-10T21:46:24.0245562Z   path: research_snapshot
2026-10-10T21:46:24.0246073Z   persist-credentials: false
2026-10-10T21:46:24.0246755Z   sparse-checkout: ResearchHistory/UQCF-GEM/research/physical-bridge
2026-10-10T21:46:24.0247544Z   repository: proteinfoldingengine/WetLabEngine
2026-10-10T21:46:24.0251831Z   token: ***
2026-10-10T21:46:24.0252264Z   ssh-strict: true
2026-10-10T21:46:24.0252741Z   ssh-user: git
2026-10-10T21:46:24.0253150Z   clean: true
2026-10-10T21:46:24.0253588Z   sparse-checkout-cone-mode: true
2026-10-10T21:46:24.0254117Z   fetch-depth: 1
2026-10-10T21:46:24.0254546Z   fetch-tags: false
2026-10-10T21:46:24.0254991Z   show-progress: true
2026-10-10T21:46:24.0255481Z   lfs: false
2026-10-10T21:46:24.0255885Z   submodules: false
2026-10-10T21:46:24.0256326Z   set-safe-directory: true
2026-10-10T21:46:24.0256845Z   allow-unsafe-pr-checkout: false
2026-10-10T21:46:24.0257649Z ##[endgroup]
2026-10-10T21:46:24.1246939Z Syncing repository: proteinfoldingengine/WetLabEngine
2026-10-10T21:46:24.1249751Z ##[group]Getting Git version info
2026-10-10T21:46:24.1251351Z Working directory is '/home/runner/work/WetLabEngine/WetLabEngine/research_snapshot'
2026-10-10T21:46:24.1253289Z [command]/usr/bin/git version
2026-10-10T21:46:24.1349404Z git version 2.55.0
2026-10-10T21:46:24.1393476Z ##[endgroup]
2026-10-10T21:46:24.1411579Z Temporarily overriding HOME='/home/runner/work/_temp/dae44d2d-caa3-4712-afd1-a884245bba28' before making global git config changes
2026-10-10T21:46:24.1419011Z Adding repository directory to the temporary git global config as a safe directory
2026-10-10T21:46:24.1421771Z [command]/usr/bin/git config --global --add safe.directory /home/runner/work/WetLabEngine/WetLabEngine/research_snapshot
2026-10-10T21:46:24.1463423Z ##[group]Initializing the repository
2026-10-10T21:46:24.1469544Z [command]/usr/bin/git init /home/runner/work/WetLabEngine/WetLabEngine/research_snapshot
2026-10-10T21:46:24.1602565Z hint: Using 'master' as the name for the initial branch. This default branch name
2026-10-10T21:46:24.1604507Z hint: will change to "main" in Git 3.0. To configure the initial branch name
2026-10-10T21:46:24.1606071Z hint: to use in all of your new repositories, which will suppress this warning,
2026-10-10T21:46:24.1607280Z hint: call:
2026-10-10T21:46:24.1607911Z hint:
2026-10-10T21:46:24.1608791Z hint: 	git config --global init.defaultBranch <name>
2026-10-10T21:46:24.1609838Z hint:
2026-10-10T21:46:24.1610766Z hint: Names commonly chosen instead of 'master' are 'main', 'trunk' and
2026-10-10T21:46:24.1612548Z hint: 'development'. The just-created branch can be renamed via this command:
2026-10-10T21:46:24.1613775Z hint:
2026-10-10T21:46:24.1614455Z hint: 	git branch -m <name>
2026-10-10T21:46:24.1615261Z hint:
2026-10-10T21:46:24.1616285Z hint: Disable this message with "git config set advice.defaultBranchName false"
2026-10-10T21:46:24.1618499Z Initialized empty Git repository in /home/runner/work/WetLabEngine/WetLabEngine/research_snapshot/.git/
2026-10-10T21:46:24.1622293Z [command]/usr/bin/git remote add origin https://github.com/proteinfoldingengine/WetLabEngine
2026-10-10T21:46:24.1676024Z ##[endgroup]
2026-10-10T21:46:24.1677241Z ##[group]Disabling automatic garbage collection
2026-10-10T21:46:24.1679048Z [command]/usr/bin/git config --local gc.auto 0
2026-10-10T21:46:24.1716700Z ##[endgroup]
2026-10-10T21:46:24.1718315Z ##[group]Setting up auth
2026-10-10T21:46:24.1724448Z [command]/usr/bin/git config --local --name-only --get-regexp core\.sshCommand
2026-10-10T21:46:24.1767776Z [command]/usr/bin/git submodule foreach --recursive sh -c "git config --local --name-only --get-regexp 'core\.sshCommand' && git config --local --unset-all 'core.sshCommand' || :"
2026-10-10T21:46:24.2198155Z [command]/usr/bin/git config --local --name-only --get-regexp http\.https\:\/\/github\.com\/\.extraheader
2026-10-10T21:46:24.2239020Z [command]/usr/bin/git submodule foreach --recursive sh -c "git config --local --name-only --get-regexp 'http\.https\:\/\/github\.com\/\.extraheader' && git config --local --unset-all 'http.https://github.com/.extraheader' || :"
2026-10-10T21:46:24.2527210Z [command]/usr/bin/git config --local --name-only --get-regexp ^includeIf\.gitdir:
2026-10-10T21:46:24.2597149Z [command]/usr/bin/git submodule foreach --recursive git config --local --show-origin --name-only --get-regexp remote.origin.url
2026-10-10T21:46:24.2838246Z [command]/usr/bin/git config --local http.https://github.com/.extraheader AUTHORIZATION: basic ***
2026-10-10T21:46:24.2885654Z ##[endgroup]
2026-10-10T21:46:24.2887322Z ##[group]Fetching the repository
2026-10-10T21:46:24.2899682Z [command]/usr/bin/git -c protocol.version=2 fetch --no-tags --prune --no-recurse-submodules --filter=blob:none --depth=1 origin +ef83e9c7dc5c09dcf88f4838c818f6d91b9e1211:refs/remotes/origin/research/uqcf-overlapping-guard-exchange
2026-10-10T21:46:24.4945213Z From https://github.com/proteinfoldingengine/WetLabEngine
2026-10-10T21:46:24.4946547Z  * [new ref]         ef83e9c7dc5c09dcf88f4838c818f6d91b9e1211 -> origin/research/uqcf-overlapping-guard-exchange
2026-10-10T21:46:24.4949848Z ##[endgroup]
2026-10-10T21:46:24.4950598Z ##[group]Determining the checkout info
2026-10-10T21:46:24.4952863Z ##[endgroup]
2026-10-10T21:46:24.4953986Z ##[group]Setting up sparse checkout
2026-10-10T21:46:24.4959040Z [command]/usr/bin/git sparse-checkout set ResearchHistory/UQCF-GEM/research/physical-bridge
2026-10-10T21:46:24.5010869Z ##[endgroup]
2026-10-10T21:46:24.5011928Z ##[group]Checking out the ref
2026-10-10T21:46:24.5017026Z [command]/usr/bin/git checkout --progress --force -B research/uqcf-overlapping-guard-exchange refs/remotes/origin/research/uqcf-overlapping-guard-exchange
2026-10-10T21:46:25.6670506Z Updating files:   0% (1/1154)
2026-10-10T21:46:25.6676372Z Updating files:   1% (12/1154)
2026-10-10T21:46:25.6685025Z Updating files:   2% (24/1154)
2026-10-10T21:46:25.6694548Z Updating files:   3% (35/1154)
2026-10-10T21:46:25.6701619Z Updating files:   4% (47/1154)
2026-10-10T21:46:25.6709096Z Updating files:   5% (58/1154)
2026-10-10T21:46:25.6721982Z Updating files:   6% (70/1154)
2026-10-10T21:46:25.6728934Z Updating files:   7% (81/1154)
2026-10-10T21:46:25.6738433Z Updating files:   8% (93/1154)
2026-10-10T21:46:25.6745968Z Updating files:   9% (104/1154)
2026-10-10T21:46:25.6754739Z Updating files:  10% (116/1154)
2026-10-10T21:46:25.6763690Z Updating files:  11% (127/1154)
2026-10-10T21:46:25.6770896Z Updating files:  12% (139/1154)
2026-10-10T21:46:25.6778252Z Updating files:  13% (151/1154)
2026-10-10T21:46:25.6785630Z Updating files:  14% (162/1154)
2026-10-10T21:46:25.6797260Z Updating files:  15% (174/1154)
2026-10-10T21:46:25.6805259Z Updating files:  16% (185/1154)
2026-10-10T21:46:25.6812389Z Updating files:  17% (197/1154)
2026-10-10T21:46:25.6819781Z Updating files:  18% (208/1154)
2026-10-10T21:46:25.6827487Z Updating files:  19% (220/1154)
2026-10-10T21:46:25.6836413Z Updating files:  20% (231/1154)
2026-10-10T21:46:25.6843568Z Updating files:  21% (243/1154)
2026-10-10T21:46:25.6852027Z Updating files:  22% (254/1154)
2026-10-10T21:46:25.6860006Z Updating files:  23% (266/1154)
2026-10-10T21:46:25.6868423Z Updating files:  24% (277/1154)
2026-10-10T21:46:25.6876224Z Updating files:  25% (289/1154)
2026-10-10T21:46:25.6885945Z Updating files:  26% (301/1154)
2026-10-10T21:46:25.6895032Z Updating files:  27% (312/1154)
2026-10-10T21:46:25.6902277Z Updating files:  28% (324/1154)
2026-10-10T21:46:25.6910598Z Updating files:  29% (335/1154)
2026-10-10T21:46:25.6918152Z Updating files:  30% (347/1154)
2026-10-10T21:46:25.6927686Z Updating files:  31% (358/1154)
2026-10-10T21:46:25.6965955Z Updating files:  32% (370/1154)
2026-10-10T21:46:25.6967676Z Updating files:  33% (381/1154)
2026-10-10T21:46:25.6969004Z Updating files:  34% (393/1154)
2026-10-10T21:46:25.6975554Z Updating files:  35% (404/1154)
2026-10-10T21:46:25.6981368Z Updating files:  36% (416/1154)
2026-10-10T21:46:25.6989547Z Updating files:  37% (427/1154)
2026-10-10T21:46:25.7001497Z Updating files:  38% (439/1154)
2026-10-10T21:46:25.7008748Z Updating files:  39% (451/1154)
2026-10-10T21:46:25.7030415Z Updating files:  40% (462/1154)
2026-10-10T21:46:25.7036253Z Updating files:  41% (474/1154)
2026-10-10T21:46:25.7050341Z Updating files:  42% (485/1154)
2026-10-10T21:46:25.7066580Z Updating files:  43% (497/1154)
2026-10-10T21:46:25.7072650Z Updating files:  44% (508/1154)
2026-10-10T21:46:25.7083393Z Updating files:  45% (520/1154)
2026-10-10T21:46:25.7096080Z Updating files:  46% (531/1154)
2026-10-10T21:46:25.7106472Z Updating files:  47% (543/1154)
2026-10-10T21:46:25.7120219Z Updating files:  48% (554/1154)
2026-10-10T21:46:25.7128601Z Updating files:  49% (566/1154)
2026-10-10T21:46:25.7136735Z Updating files:  50% (577/1154)
2026-10-10T21:46:25.7170763Z Updating files:  51% (589/1154)
2026-10-10T21:46:25.7398609Z Updating files:  52% (601/1154)
2026-10-10T21:46:25.7407081Z Updating files:  53% (612/1154)
2026-10-10T21:46:25.7414482Z Updating files:  54% (624/1154)
2026-10-10T21:46:25.7424301Z Updating files:  55% (635/1154)
2026-10-10T21:46:25.7431013Z Updating files:  56% (647/1154)
2026-10-10T21:46:25.7439520Z Updating files:  57% (658/1154)
2026-10-10T21:46:25.7445543Z Updating files:  58% (670/1154)
2026-10-10T21:46:25.7459638Z Updating files:  59% (681/1154)
2026-10-10T21:46:25.7474325Z Updating files:  60% (693/1154)
2026-10-10T21:46:25.7482324Z Updating files:  61% (704/1154)
2026-10-10T21:46:25.7493195Z Updating files:  62% (716/1154)
2026-10-10T21:46:25.7501837Z Updating files:  63% (728/1154)
2026-10-10T21:46:25.7514903Z Updating files:  64% (739/1154)
2026-10-10T21:46:25.7519297Z Updating files:  65% (751/1154)
2026-10-10T21:46:25.7527457Z Updating files:  66% (762/1154)
2026-10-10T21:46:25.7535059Z Updating files:  67% (774/1154)
2026-10-10T21:46:25.7553631Z Updating files:  68% (785/1154)
2026-10-10T21:46:25.7563512Z Updating files:  69% (797/1154)
2026-10-10T21:46:25.7574054Z Updating files:  70% (808/1154)
2026-10-10T21:46:25.7584588Z Updating files:  71% (820/1154)
2026-10-10T21:46:25.7602718Z Updating files:  72% (831/1154)
2026-10-10T21:46:25.7615157Z Updating files:  73% (843/1154)
2026-10-10T21:46:25.7625103Z Updating files:  74% (854/1154)
2026-10-10T21:46:25.7634651Z Updating files:  75% (866/1154)
2026-10-10T21:46:25.7641390Z Updating files:  76% (878/1154)
2026-10-10T21:46:25.7654832Z Updating files:  77% (889/1154)
2026-10-10T21:46:25.7660478Z Updating files:  78% (901/1154)
2026-10-10T21:46:25.7670024Z Updating files:  79% (912/1154)
2026-10-10T21:46:25.7699142Z Updating files:  80% (924/1154)
2026-10-10T21:46:25.7720396Z Updating files:  81% (935/1154)
2026-10-10T21:46:25.7727116Z Updating files:  82% (947/1154)
2026-10-10T21:46:25.7732550Z Updating files:  83% (958/1154)
2026-10-10T21:46:25.7739403Z Updating files:  84% (970/1154)
2026-10-10T21:46:25.7746879Z Updating files:  85% (981/1154)
2026-10-10T21:46:25.7769763Z Updating files:  86% (993/1154)
2026-10-10T21:46:25.7789939Z Updating files:  87% (1004/1154)
2026-10-10T21:46:25.7798711Z Updating files:  88% (1016/1154)
2026-10-10T21:46:25.7808320Z Updating files:  89% (1028/1154)
2026-10-10T21:46:25.7815870Z Updating files:  90% (1039/1154)
2026-10-10T21:46:25.7822967Z Updating files:  91% (1051/1154)
2026-10-10T21:46:25.7830357Z Updating files:  92% (1062/1154)
2026-10-10T21:46:25.7838870Z Updating files:  93% (1074/1154)
2026-10-10T21:46:25.7849334Z Updating files:  94% (1085/1154)
2026-10-10T21:46:25.7858557Z Updating files:  95% (1097/1154)
2026-10-10T21:46:25.7868611Z Updating files:  96% (1108/1154)
2026-10-10T21:46:25.7875785Z Updating files:  97% (1120/1154)
2026-10-10T21:46:25.7883837Z Updating files:  98% (1131/1154)
2026-10-10T21:46:25.7892158Z Updating files:  99% (1143/1154)
2026-10-10T21:46:25.7894128Z Updating files: 100% (1154/1154)
2026-10-10T21:46:25.7895466Z Updating files: 100% (1154/1154), done.
2026-10-10T21:46:25.8014918Z Switched to a new branch 'research/uqcf-overlapping-guard-exchange'
2026-10-10T21:46:25.8022704Z branch 'research/uqcf-overlapping-guard-exchange' set up to track 'origin/research/uqcf-overlapping-guard-exchange'.
2026-10-10T21:46:25.8037514Z ##[endgroup]
2026-10-10T21:46:25.8085452Z [command]/usr/bin/git log -1 --format=%H
2026-10-10T21:46:25.8114528Z ef83e9c7dc5c09dcf88f4838c818f6d91b9e1211
2026-10-10T21:46:25.8124256Z ##[group]Removing auth
2026-10-10T21:46:25.8128101Z [command]/usr/bin/git config --local --name-only --get-regexp core\.sshCommand
2026-10-10T21:46:25.8165692Z [command]/usr/bin/git submodule foreach --recursive sh -c "git config --local --name-only --get-regexp 'core\.sshCommand' && git config --local --unset-all 'core.sshCommand' || :"
2026-10-10T21:46:25.8412355Z [command]/usr/bin/git config --local --name-only --get-regexp http\.https\:\/\/github\.com\/\.extraheader
2026-10-10T21:46:25.8442479Z http.https://github.com/.extraheader
2026-10-10T21:46:25.8450655Z [command]/usr/bin/git config --local --unset-all http.https://github.com/.extraheader
2026-10-10T21:46:25.8488906Z [command]/usr/bin/git submodule foreach --recursive sh -c "git config --local --name-only --get-regexp 'http\.https\:\/\/github\.com\/\.extraheader' && git config --local --unset-all 'http.https://github.com/.extraheader' || :"
2026-10-10T21:46:25.8727765Z [command]/usr/bin/git config --local --name-only --get-regexp ^includeIf\.gitdir:
2026-10-10T21:46:25.8765452Z [command]/usr/bin/git submodule foreach --recursive git config --local --show-origin --name-only --get-regexp remote.origin.url
2026-10-10T21:46:25.9005422Z ##[endgroup]
2026-10-10T21:46:25.9380659Z ##[group]Run actions/download-artifact@v4
2026-10-10T21:46:25.9382060Z with:
2026-10-10T21:46:25.9382852Z   name: c3-weak-trace-verification
2026-10-10T21:46:25.9383905Z   path: weak_fresh
2026-10-10T21:46:25.9384744Z   merge-multiple: false
2026-10-10T21:46:25.9385796Z   repository: proteinfoldingengine/WetLabEngine
2026-10-10T21:46:25.9387025Z   run-id: 38088634303
2026-10-10T21:46:25.9387863Z ##[endgroup]
2026-10-10T21:46:26.0907475Z Downloading single artifact
2026-10-10T21:46:26.1110808Z (node:2306) [DEP0040] DeprecationWarning: The `punycode` module is deprecated. Please use a userland alternative instead.
2026-10-10T21:46:26.1112931Z (Use `node --trace-deprecation ...` to show where the warning was created)
2026-10-10T21:46:26.2038375Z Preparing to download the following artifacts:
2026-10-10T21:46:26.2040651Z - c3-weak-trace-verification (ID: 11683301895, Size: 24118033, Expected Digest: sha256:214d21b10374bebacfbe116a9597f04456f1fa41ebbdc97ad298782754125098)
2026-10-10T21:46:26.3266045Z Redirecting to blob download url: https://productionresultssa7.blob.core.windows.net/actions-results/c2fc4ecc-d581-8855-b7d3-a70de5d38a94/workflow-job-run-e22ab1cf-7449-5621-acdd-104f849aa0ba/artifacts/c40e9e9872ff278ae8b470a7d19a6f7f995a6aa214134eb779065f4707dc3ad9.zip
2026-10-10T21:46:26.3269130Z Starting download of artifact to: /home/runner/work/WetLabEngine/WetLabEngine/weak_fresh
2026-10-10T21:46:26.3951474Z (node:2306) [DEP0005] DeprecationWarning: Buffer() is deprecated due to security and usability issues. Please use the Buffer.alloc(), Buffer.allocUnsafe(), or Buffer.from() methods instead.
2026-10-10T21:46:26.8810053Z SHA256 digest of downloaded artifact is 214d21b10374bebacfbe116a9597f04456f1fa41ebbdc97ad298782754125098
2026-10-10T21:46:26.8812481Z Artifact download completed successfully.
2026-10-10T21:46:26.8813007Z Total of 1 artifact(s) downloaded
2026-10-10T21:46:26.8815704Z Download artifact has finished successfully
2026-10-10T21:46:26.8987031Z ##[group]Run set -euo pipefail
2026-10-10T21:46:26.8987499Z [36;1mset -euo pipefail[0m
2026-10-10T21:46:26.8987956Z [36;1mtest "$(git -C research_snapshot rev-parse HEAD)" = "$GITHUB_SHA"[0m
2026-10-10T21:46:26.8988579Z [36;1mROOT=research_snapshot/ResearchHistory/UQCF-GEM/research/physical-bridge[0m
2026-10-10T21:46:26.8989168Z [36;1mpython3 "$ROOT/weak_trace/producer.py" /tmp/fresh.json[0m
2026-10-10T21:46:26.8989641Z [36;1mcmp /tmp/fresh.json weak_fresh/certificate.json[0m
2026-10-10T21:46:26.8990249Z [36;1mcmp /tmp/fresh.json.identities.jsonl.gz weak_fresh/certificate.json.identities.jsonl.gz[0m
2026-10-10T21:46:26.8990978Z [36;1mpython3 "$ROOT/weak_trace/independent.py" /tmp/fresh.json weak_fresh/fresh_independent.json[0m
2026-10-10T21:46:26.9248500Z shell: /usr/bin/bash --noprofile --norc -e -o pipefail {0}
2026-10-10T21:46:26.9249114Z ##[endgroup]
2026-10-10T21:48:58.3387176Z {"cherry_routes": 1920, "graph_cases": 3072, "hidden_checks": 64538544, "isolated_routes": 960, "lower_witnesses": 480, "native_cores": 67368, "routes": 8640, "slice_occurrences": 96000, "structures": 1024, "triple_routes": 5760}
2026-10-10T21:51:35.5791918Z {"certificate_sha256": "64dd08aaab8a4044b330b5bf9e8c53ef1c4eb648990888748fdc6bf9a48896bc", "complete_independent_reconstruction": true, "counts": {"cherry_routes": 1920, "graph_cases": 3072, "hidden_checks": 64538544, "isolated_routes": 960, "lower_witnesses": 480, "native_cores": 67368, "routes": 8640, "slice_occurrences": 96000, "structures": 1024, "triple_routes": 5760}, "status": "PASS"}
2026-10-10T21:51:35.9072543Z ##[group]Run actions/upload-artifact@v4
2026-10-10T21:51:35.9072960Z with:
2026-10-10T21:51:35.9073188Z   name: c3-weak-trace-fresh-reproduction
2026-10-10T21:51:35.9073471Z   path: weak_fresh/
2026-10-10T21:51:35.9073694Z   if-no-files-found: warn
2026-10-10T21:51:35.9073943Z   compression-level: 6
2026-10-10T21:51:35.9074182Z   overwrite: false
2026-10-10T21:51:35.9074404Z   include-hidden-files: false
2026-10-10T21:51:35.9074648Z ##[endgroup]
2026-10-10T21:51:36.0691977Z (node:2437) [DEP0040] DeprecationWarning: The `punycode` module is deprecated. Please use a userland alternative instead.
2026-10-10T21:51:36.0693319Z (Use `node --trace-deprecation ...` to show where the warning was created)
2026-10-10T21:51:36.0808386Z With the provided path, there will be 29 files uploaded
2026-10-10T21:51:36.0814986Z Artifact name is valid!
2026-10-10T21:51:36.0815917Z Root directory input is valid!
2026-10-10T21:51:36.3025653Z Beginning upload of artifact content to blob storage
2026-10-10T21:51:36.7608885Z (node:2437) [DEP0169] DeprecationWarning: `url.parse()` behavior is not standardized and prone to errors that have security implications. Use the WHATWG URL API instead. CVEs are not issued for `url.parse()` vulnerabilities.
2026-10-10T21:51:36.9785439Z Uploaded bytes 8388608
2026-10-10T21:51:37.1919934Z Uploaded bytes 16777216
2026-10-10T21:51:37.5068144Z Uploaded bytes 24118440
2026-10-10T21:51:37.5246667Z Finished uploading artifact content to blob storage!
2026-10-10T21:51:37.5248680Z SHA256 digest of uploaded artifact zip is ebf9191d4bc53f5b63b026d3e78033193b08ba4c2cfc8359b5d8e4918b266e1a
2026-10-10T21:51:37.5250195Z Finalizing artifact upload
2026-10-10T21:51:37.7357580Z Artifact c3-weak-trace-fresh-reproduction.zip successfully finalized. Artifact ID 11682913183
2026-10-10T21:51:37.7359605Z Artifact c3-weak-trace-fresh-reproduction has been successfully uploaded! Final size is 24118440 bytes. Artifact ID is 11682913183
2026-10-10T21:51:37.7365683Z Artifact download URL: https://github.com/proteinfoldingengine/WetLabEngine/actions/runs/38088634303/artifacts/11682913183
2026-10-10T21:51:37.7605151Z Post job cleanup.
2026-10-10T21:51:37.8464330Z [command]/usr/bin/git version
2026-10-10T21:51:37.8510045Z git version 2.55.0
2026-10-10T21:51:37.8555002Z Temporarily overriding HOME='/home/runner/work/_temp/d2cd45e7-9561-4859-8a98-9fef1a7f13ec' before making global git config changes
2026-10-10T21:51:37.8556125Z Adding repository directory to the temporary git global config as a safe directory
2026-10-10T21:51:37.8563079Z [command]/usr/bin/git config --global --add safe.directory /home/runner/work/WetLabEngine/WetLabEngine/research_snapshot
2026-10-10T21:51:37.8601996Z [command]/usr/bin/git config --local --name-only --get-regexp core\.sshCommand
2026-10-10T21:51:37.8638616Z [command]/usr/bin/git submodule foreach --recursive sh -c "git config --local --name-only --get-regexp 'core\.sshCommand' && git config --local --unset-all 'core.sshCommand' || :"
2026-10-10T21:51:37.8953410Z [command]/usr/bin/git config --local --name-only --get-regexp http\.https\:\/\/github\.com\/\.extraheader
2026-10-10T21:51:37.8992139Z [command]/usr/bin/git submodule foreach --recursive sh -c "git config --local --name-only --get-regexp 'http\.https\:\/\/github\.com\/\.extraheader' && git config --local --unset-all 'http.https://github.com/.extraheader' || :"
2026-10-10T21:51:37.9267752Z [command]/usr/bin/git config --local --name-only --get-regexp ^includeIf\.gitdir:
2026-10-10T21:51:37.9313108Z [command]/usr/bin/git submodule foreach --recursive git config --local --show-origin --name-only --get-regexp remote.origin.url
2026-10-10T21:51:37.9740014Z Cleaning up orphan processes
2026-10-10T21:51:38.0065894Z ##[warning]Node.js 20 is deprecated. The following actions target Node.js 20 but are being forced to run on Node.js 24: actions/checkout@v4, actions/download-artifact@v4, actions/upload-artifact@v4. For more information see: https://github.blog/changelog/2025-09-19-deprecation-of-node-20-on-github-actions-runners/
