test_duplicate (test_reconstruction.Contracts.test_duplicate) ... FAIL
test_false_provenance (test_reconstruction.Contracts.test_false_provenance) ... FAIL
test_full_universe (test_reconstruction.Contracts.test_full_universe) ... FAIL
test_invalid_support (test_reconstruction.Contracts.test_invalid_support) ... FAIL
test_missing (test_reconstruction.Contracts.test_missing) ... FAIL
test_native_fixture (test_reconstruction.Contracts.test_native_fixture) ... FAIL
test_scope_controls (test_reconstruction.Contracts.test_scope_controls) ... FAIL
test_substitution (test_reconstruction.Contracts.test_substitution) ... FAIL
test_wrong_value (test_reconstruction.Contracts.test_wrong_value) ... FAIL

======================================================================
FAIL: test_duplicate (test_reconstruction.Contracts.test_duplicate)
----------------------------------------------------------------------
Traceback (most recent call last):
  File "/workspace/scratch/e1b2c832a87f/miss_reconstruction/test_reconstruction.py", line 11, in setUp
    self.assertIsNotNone(producer, 'implementation absent: intended local RED')
AssertionError: unexpectedly None : implementation absent: intended local RED

======================================================================
FAIL: test_false_provenance (test_reconstruction.Contracts.test_false_provenance)
----------------------------------------------------------------------
Traceback (most recent call last):
  File "/workspace/scratch/e1b2c832a87f/miss_reconstruction/test_reconstruction.py", line 11, in setUp
    self.assertIsNotNone(producer, 'implementation absent: intended local RED')
AssertionError: unexpectedly None : implementation absent: intended local RED

======================================================================
FAIL: test_full_universe (test_reconstruction.Contracts.test_full_universe)
----------------------------------------------------------------------
Traceback (most recent call last):
  File "/workspace/scratch/e1b2c832a87f/miss_reconstruction/test_reconstruction.py", line 11, in setUp
    self.assertIsNotNone(producer, 'implementation absent: intended local RED')
AssertionError: unexpectedly None : implementation absent: intended local RED

======================================================================
FAIL: test_invalid_support (test_reconstruction.Contracts.test_invalid_support)
----------------------------------------------------------------------
Traceback (most recent call last):
  File "/workspace/scratch/e1b2c832a87f/miss_reconstruction/test_reconstruction.py", line 11, in setUp
    self.assertIsNotNone(producer, 'implementation absent: intended local RED')
AssertionError: unexpectedly None : implementation absent: intended local RED

======================================================================
FAIL: test_missing (test_reconstruction.Contracts.test_missing)
----------------------------------------------------------------------
Traceback (most recent call last):
  File "/workspace/scratch/e1b2c832a87f/miss_reconstruction/test_reconstruction.py", line 11, in setUp
    self.assertIsNotNone(producer, 'implementation absent: intended local RED')
AssertionError: unexpectedly None : implementation absent: intended local RED

======================================================================
FAIL: test_native_fixture (test_reconstruction.Contracts.test_native_fixture)
----------------------------------------------------------------------
Traceback (most recent call last):
  File "/workspace/scratch/e1b2c832a87f/miss_reconstruction/test_reconstruction.py", line 11, in setUp
    self.assertIsNotNone(producer, 'implementation absent: intended local RED')
AssertionError: unexpectedly None : implementation absent: intended local RED

======================================================================
FAIL: test_scope_controls (test_reconstruction.Contracts.test_scope_controls)
----------------------------------------------------------------------
Traceback (most recent call last):
  File "/workspace/scratch/e1b2c832a87f/miss_reconstruction/test_reconstruction.py", line 11, in setUp
    self.assertIsNotNone(producer, 'implementation absent: intended local RED')
AssertionError: unexpectedly None : implementation absent: intended local RED

======================================================================
FAIL: test_substitution (test_reconstruction.Contracts.test_substitution)
----------------------------------------------------------------------
Traceback (most recent call last):
  File "/workspace/scratch/e1b2c832a87f/miss_reconstruction/test_reconstruction.py", line 11, in setUp
    self.assertIsNotNone(producer, 'implementation absent: intended local RED')
AssertionError: unexpectedly None : implementation absent: intended local RED

======================================================================
FAIL: test_wrong_value (test_reconstruction.Contracts.test_wrong_value)
----------------------------------------------------------------------
Traceback (most recent call last):
  File "/workspace/scratch/e1b2c832a87f/miss_reconstruction/test_reconstruction.py", line 11, in setUp
    self.assertIsNotNone(producer, 'implementation absent: intended local RED')
AssertionError: unexpectedly None : implementation absent: intended local RED

----------------------------------------------------------------------
Ran 9 tests in 0.001s

FAILED (failures=9)
