2026-09-28T22:00:56.3611351Z Current runner version: '2.337.0'
2026-09-28T22:00:56.3638096Z ##[group]Runner Image Provisioner
2026-09-28T22:00:56.3639010Z Hosted Compute Agent
2026-09-28T22:00:56.3639617Z Version: 20260828.587
2026-09-28T22:00:56.3640333Z Commit: abac92662cab4cc7352de4f9f9d2e2419aad9c29
2026-09-28T22:00:56.3641316Z Build Date: 2026-08-28T16:44:25Z
2026-09-28T22:00:56.3642070Z Worker ID: {35bdd8ef-ac71-4ee5-96e1-456672c76150}
2026-09-28T22:00:56.3642821Z Azure Region: northcentralus
2026-09-28T22:00:56.3643459Z ##[endgroup]
2026-09-28T22:00:56.3645050Z ##[group]Operating System
2026-09-28T22:00:56.3645703Z Ubuntu
2026-09-28T22:00:56.3646211Z 24.04.5
2026-09-28T22:00:56.3646856Z LTS
2026-09-28T22:00:56.3647407Z ##[endgroup]
2026-09-28T22:00:56.3648006Z ##[group]Runner Image
2026-09-28T22:00:56.3648608Z Image: ubuntu-24.04
2026-09-28T22:00:56.3649164Z Version: 20260920.314.1
2026-09-28T22:00:56.3650503Z Included Software: https://github.com/actions/runner-images/blob/ubuntu24/20260920.314/images/ubuntu/Ubuntu2404-Readme.md
2026-09-28T22:00:56.3653196Z Image Release: https://github.com/actions/runner-images/releases/tag/ubuntu24%2F20260920.314
2026-09-28T22:00:56.3654205Z ##[endgroup]
2026-09-28T22:00:56.3655384Z ##[group]GITHUB_TOKEN Permissions
2026-09-28T22:00:56.3657345Z Contents: read
2026-09-28T22:00:56.3657945Z Metadata: read
2026-09-28T22:00:56.3658612Z ##[endgroup]
2026-09-28T22:00:56.3661382Z Secret source: Actions
2026-09-28T22:00:56.3662503Z Cache mode: write
2026-09-28T22:00:56.3663436Z Prepare workflow directory
2026-09-28T22:00:56.4019973Z Prepare all required actions
2026-09-28T22:00:56.4069950Z Getting action download info
2026-09-28T22:00:56.6650430Z Download action repository 'actions/checkout@11d5960a326750d5838078e36cf38b85af677262' (SHA:11d5960a326750d5838078e36cf38b85af677262)
2026-09-28T22:00:56.7446759Z Download action repository 'actions/setup-python@a26af69be951a213d495a4c3e4e4022e16d87065' (SHA:a26af69be951a213d495a4c3e4e4022e16d87065)
2026-09-28T22:00:56.8183967Z Download action repository 'actions/upload-artifact@v4' (SHA:ea165f8d65b6e75b540449e92b4886f43607fa02)
2026-09-28T22:00:57.0355477Z Complete job name: audit
2026-09-28T22:00:57.1113545Z ##[group]Run actions/checkout@11d5960a326750d5838078e36cf38b85af677262
2026-09-28T22:00:57.1114653Z with:
2026-09-28T22:00:57.1115150Z   repository: proteinfoldingengine/WetLabEngine
2026-09-28T22:00:57.1118803Z   token: ***
2026-09-28T22:00:57.1119230Z   ssh-strict: true
2026-09-28T22:00:57.1119665Z   ssh-user: git
2026-09-28T22:00:57.1120096Z   persist-credentials: true
2026-09-28T22:00:57.1120581Z   clean: true
2026-09-28T22:00:57.1121436Z   sparse-checkout-cone-mode: true
2026-09-28T22:00:57.1121963Z   fetch-depth: 1
2026-09-28T22:00:57.1122444Z   fetch-tags: false
2026-09-28T22:00:57.1122875Z   show-progress: true
2026-09-28T22:00:57.1123316Z   lfs: false
2026-09-28T22:00:57.1123718Z   submodules: false
2026-09-28T22:00:57.1124165Z   set-safe-directory: true
2026-09-28T22:00:57.1124665Z   allow-unsafe-pr-checkout: false
2026-09-28T22:00:57.1125494Z ##[endgroup]
2026-09-28T22:00:57.2142675Z Syncing repository: proteinfoldingengine/WetLabEngine
2026-09-28T22:00:57.2145373Z ##[group]Getting Git version info
2026-09-28T22:00:57.2146579Z Working directory is '/home/runner/work/WetLabEngine/WetLabEngine'
2026-09-28T22:00:57.2148337Z [command]/usr/bin/git version
2026-09-28T22:00:57.2215611Z git version 2.55.0
2026-09-28T22:00:57.2236457Z ##[endgroup]
2026-09-28T22:00:57.2254208Z Temporarily overriding HOME='/home/runner/work/_temp/82e6df23-6e2b-4bab-8906-81df85515012' before making global git config changes
2026-09-28T22:00:57.2257469Z Adding repository directory to the temporary git global config as a safe directory
2026-09-28T22:00:57.2263341Z [command]/usr/bin/git config --global --add safe.directory /home/runner/work/WetLabEngine/WetLabEngine
2026-09-28T22:00:57.2315141Z Deleting the contents of '/home/runner/work/WetLabEngine/WetLabEngine'
2026-09-28T22:00:57.2321176Z ##[group]Initializing the repository
2026-09-28T22:00:57.2324958Z [command]/usr/bin/git init /home/runner/work/WetLabEngine/WetLabEngine
2026-09-28T22:00:57.2417355Z hint: Using 'master' as the name for the initial branch. This default branch name
2026-09-28T22:00:57.2419289Z hint: will change to "main" in Git 3.0. To configure the initial branch name
2026-09-28T22:00:57.2421255Z hint: to use in all of your new repositories, which will suppress this warning,
2026-09-28T22:00:57.2422672Z hint: call:
2026-09-28T22:00:57.2423812Z hint:
2026-09-28T22:00:57.2426154Z hint: 	git config --global init.defaultBranch <name>
2026-09-28T22:00:57.2427413Z hint:
2026-09-28T22:00:57.2428516Z hint: Names commonly chosen instead of 'master' are 'main', 'trunk' and
2026-09-28T22:00:57.2431216Z hint: 'development'. The just-created branch can be renamed via this command:
2026-09-28T22:00:57.2432787Z hint:
2026-09-28T22:00:57.2433419Z hint: 	git branch -m <name>
2026-09-28T22:00:57.2434054Z hint:
2026-09-28T22:00:57.2434837Z hint: Disable this message with "git config set advice.defaultBranchName false"
2026-09-28T22:00:57.2437106Z Initialized empty Git repository in /home/runner/work/WetLabEngine/WetLabEngine/.git/
2026-09-28T22:00:57.2440460Z [command]/usr/bin/git remote add origin https://github.com/proteinfoldingengine/WetLabEngine
2026-09-28T22:00:57.2486114Z ##[endgroup]
2026-09-28T22:00:57.2487416Z ##[group]Disabling automatic garbage collection
2026-09-28T22:00:57.2489722Z [command]/usr/bin/git config --local gc.auto 0
2026-09-28T22:00:57.2523651Z ##[endgroup]
2026-09-28T22:00:57.2524768Z ##[group]Setting up auth
2026-09-28T22:00:57.2530358Z [command]/usr/bin/git config --local --name-only --get-regexp core\.sshCommand
2026-09-28T22:00:57.2567476Z [command]/usr/bin/git submodule foreach --recursive sh -c "git config --local --name-only --get-regexp 'core\.sshCommand' && git config --local --unset-all 'core.sshCommand' || :"
2026-09-28T22:00:57.2912409Z [command]/usr/bin/git config --local --name-only --get-regexp http\.https\:\/\/github\.com\/\.extraheader
2026-09-28T22:00:57.2952653Z [command]/usr/bin/git submodule foreach --recursive sh -c "git config --local --name-only --get-regexp 'http\.https\:\/\/github\.com\/\.extraheader' && git config --local --unset-all 'http.https://github.com/.extraheader' || :"
2026-09-28T22:00:57.3195648Z [command]/usr/bin/git config --local --name-only --get-regexp ^includeIf\.gitdir:
2026-09-28T22:00:57.3236135Z [command]/usr/bin/git submodule foreach --recursive git config --local --show-origin --name-only --get-regexp remote.origin.url
2026-09-28T22:00:57.3472509Z [command]/usr/bin/git config --local http.https://github.com/.extraheader AUTHORIZATION: basic ***
2026-09-28T22:00:57.3512999Z ##[endgroup]
2026-09-28T22:00:57.3513884Z ##[group]Fetching the repository
2026-09-28T22:00:57.3524000Z [command]/usr/bin/git -c protocol.version=2 fetch --no-tags --prune --no-recurse-submodules --depth=1 origin +8739e9db7ce1cb2c4ae0a91600e20fb4a2e953f5:refs/remotes/origin/research/v16.08-physical-channel-paths
2026-09-28T22:01:14.9444449Z From https://github.com/proteinfoldingengine/WetLabEngine
2026-09-28T22:01:14.9447563Z  * [new ref]         8739e9db7ce1cb2c4ae0a91600e20fb4a2e953f5 -> origin/research/v16.08-physical-channel-paths
2026-09-28T22:01:14.9453947Z ##[endgroup]
2026-09-28T22:01:14.9456164Z ##[group]Determining the checkout info
2026-09-28T22:01:14.9458712Z ##[endgroup]
2026-09-28T22:01:14.9460077Z [command]/usr/bin/git sparse-checkout disable
2026-09-28T22:01:14.9517383Z [command]/usr/bin/git config --local --unset-all extensions.worktreeConfig
2026-09-28T22:01:14.9558659Z ##[group]Checking out the ref
2026-09-28T22:01:14.9562253Z [command]/usr/bin/git checkout --progress --force -B research/v16.08-physical-channel-paths refs/remotes/origin/research/v16.08-physical-channel-paths
2026-09-28T22:01:15.9777444Z Updating files:  44% (2012/4540)
2026-09-28T22:01:15.9816344Z Updating files:  45% (2043/4540)
2026-09-28T22:01:15.9860501Z Updating files:  46% (2089/4540)
2026-09-28T22:01:15.9887345Z Updating files:  47% (2134/4540)
2026-09-28T22:01:15.9911877Z Updating files:  48% (2180/4540)
2026-09-28T22:01:15.9946438Z Updating files:  49% (2225/4540)
2026-09-28T22:01:16.0281134Z Updating files:  50% (2270/4540)
2026-09-28T22:01:16.0689750Z Updating files:  51% (2316/4540)
2026-09-28T22:01:16.0711308Z Updating files:  52% (2361/4540)
2026-09-28T22:01:16.0730440Z Updating files:  53% (2407/4540)
2026-09-28T22:01:16.0814198Z Updating files:  54% (2452/4540)
2026-09-28T22:01:16.0896774Z Updating files:  55% (2497/4540)
2026-09-28T22:01:16.0996567Z Updating files:  56% (2543/4540)
2026-09-28T22:01:16.1149905Z Updating files:  57% (2588/4540)
2026-09-28T22:01:16.1226995Z Updating files:  58% (2634/4540)
2026-09-28T22:01:16.1251785Z Updating files:  59% (2679/4540)
2026-09-28T22:01:16.1643456Z Updating files:  60% (2724/4540)
2026-09-28T22:01:16.2285341Z Updating files:  61% (2770/4540)
2026-09-28T22:01:16.3329968Z Updating files:  62% (2815/4540)
2026-09-28T22:01:16.4767926Z Updating files:  63% (2861/4540)
2026-09-28T22:01:16.4785503Z Updating files:  64% (2906/4540)
2026-09-28T22:01:16.6208254Z Updating files:  65% (2951/4540)
2026-09-28T22:01:16.7100313Z Updating files:  66% (2997/4540)
2026-09-28T22:01:16.7914364Z Updating files:  67% (3042/4540)
2026-09-28T22:01:16.8165581Z Updating files:  68% (3088/4540)
2026-09-28T22:01:16.8609123Z Updating files:  69% (3133/4540)
2026-09-28T22:01:16.8688971Z Updating files:  70% (3178/4540)
2026-09-28T22:01:16.8746607Z Updating files:  71% (3224/4540)
2026-09-28T22:01:16.9198061Z Updating files:  72% (3269/4540)
2026-09-28T22:01:16.9235417Z Updating files:  73% (3315/4540)
2026-09-28T22:01:16.9261899Z Updating files:  74% (3360/4540)
2026-09-28T22:01:16.9291048Z Updating files:  75% (3405/4540)
2026-09-28T22:01:16.9318956Z Updating files:  76% (3451/4540)
2026-09-28T22:01:16.9347488Z Updating files:  77% (3496/4540)
2026-09-28T22:01:16.9375294Z Updating files:  78% (3542/4540)
2026-09-28T22:01:16.9402705Z Updating files:  79% (3587/4540)
2026-09-28T22:01:16.9433102Z Updating files:  80% (3632/4540)
2026-09-28T22:01:16.9455944Z Updating files:  81% (3678/4540)
2026-09-28T22:01:16.9506929Z Updating files:  82% (3723/4540)
2026-09-28T22:01:16.9639949Z Updating files:  83% (3769/4540)
2026-09-28T22:01:16.9659327Z Updating files:  84% (3814/4540)
2026-09-28T22:01:17.1572861Z Updating files:  84% (3842/4540)
2026-09-28T22:01:17.3394949Z Updating files:  85% (3859/4540)
2026-09-28T22:01:17.3461845Z Updating files:  86% (3905/4540)
2026-09-28T22:01:17.3704987Z Updating files:  87% (3950/4540)
2026-09-28T22:01:17.3949312Z Updating files:  88% (3996/4540)
2026-09-28T22:01:17.4049801Z Updating files:  89% (4041/4540)
2026-09-28T22:01:17.4362312Z Updating files:  90% (4086/4540)
2026-09-28T22:01:17.4766399Z Updating files:  91% (4132/4540)
2026-09-28T22:01:17.4908343Z Updating files:  92% (4177/4540)
2026-09-28T22:01:17.4939597Z Updating files:  93% (4223/4540)
2026-09-28T22:01:17.4979944Z Updating files:  94% (4268/4540)
2026-09-28T22:01:17.5067109Z Updating files:  95% (4313/4540)
2026-09-28T22:01:17.5111179Z Updating files:  96% (4359/4540)
2026-09-28T22:01:17.5150898Z Updating files:  97% (4404/4540)
2026-09-28T22:01:17.5284370Z Updating files:  98% (4450/4540)
2026-09-28T22:01:17.5323778Z Updating files:  99% (4495/4540)
2026-09-28T22:01:17.5324360Z Updating files: 100% (4540/4540)
2026-09-28T22:01:17.5324915Z Updating files: 100% (4540/4540), done.
2026-09-28T22:01:17.5389401Z Switched to a new branch 'research/v16.08-physical-channel-paths'
2026-09-28T22:01:17.5395349Z branch 'research/v16.08-physical-channel-paths' set up to track 'origin/research/v16.08-physical-channel-paths'.
2026-09-28T22:01:17.5488272Z ##[endgroup]
2026-09-28T22:01:17.5537095Z [command]/usr/bin/git log -1 --format=%H
2026-09-28T22:01:17.5572380Z 8739e9db7ce1cb2c4ae0a91600e20fb4a2e953f5
2026-09-28T22:01:17.5913962Z ##[group]Run actions/setup-python@a26af69be951a213d495a4c3e4e4022e16d87065
2026-09-28T22:01:17.5914402Z with:
2026-09-28T22:01:17.5914635Z   python-version: 3.11
2026-09-28T22:01:17.5914877Z   check-latest: false
2026-09-28T22:01:17.5917195Z   token: ***
2026-09-28T22:01:17.5917410Z   update-environment: true
2026-09-28T22:01:17.5917852Z   allow-prereleases: false
2026-09-28T22:01:17.5918097Z   freethreaded: false
2026-09-28T22:01:17.5918311Z ##[endgroup]
2026-09-28T22:01:17.7269672Z ##[group]Installed versions
2026-09-28T22:01:17.7358909Z (node:2267) [DEP0040] DeprecationWarning: The `punycode` module is deprecated. Please use a userland alternative instead.
2026-09-28T22:01:17.7359879Z (Use `node --trace-deprecation ...` to show where the warning was created)
2026-09-28T22:01:17.7360532Z Successfully set up CPython (3.11.16)
2026-09-28T22:01:17.7361568Z ##[endgroup]
2026-09-28T22:01:17.7568492Z ##[group]Run python -m pip install numpy==2.3.5 sympy==1.13.3 mpmath==1.3.0
2026-09-28T22:01:17.7569440Z [36;1mpython -m pip install numpy==2.3.5 sympy==1.13.3 mpmath==1.3.0[0m
2026-09-28T22:01:17.7873997Z shell: /usr/bin/bash -e {0}
2026-09-28T22:01:17.7874307Z env:
2026-09-28T22:01:17.7874610Z   pythonLocation: /opt/hostedtoolcache/Python/3.11.16/x64
2026-09-28T22:01:17.7875090Z   PKG_CONFIG_PATH: /opt/hostedtoolcache/Python/3.11.16/x64/lib/pkgconfig
2026-09-28T22:01:17.7875582Z   Python_ROOT_DIR: /opt/hostedtoolcache/Python/3.11.16/x64
2026-09-28T22:01:17.7875984Z   Python2_ROOT_DIR: /opt/hostedtoolcache/Python/3.11.16/x64
2026-09-28T22:01:17.7876407Z   Python3_ROOT_DIR: /opt/hostedtoolcache/Python/3.11.16/x64
2026-09-28T22:01:17.7876813Z   LD_LIBRARY_PATH: /opt/hostedtoolcache/Python/3.11.16/x64/lib
2026-09-28T22:01:17.7877140Z ##[endgroup]
2026-09-28T22:01:20.6601664Z Collecting numpy==2.3.5
2026-09-28T22:01:20.7088446Z   Downloading numpy-2.3.5-cp311-cp311-manylinux_2_27_x86_64.manylinux_2_28_x86_64.whl.metadata (62 kB)
2026-09-28T22:01:20.7475124Z Collecting sympy==1.13.3
2026-09-28T22:01:20.7516713Z   Downloading sympy-1.13.3-py3-none-any.whl.metadata (12 kB)
2026-09-28T22:01:20.7650215Z Collecting mpmath==1.3.0
2026-09-28T22:01:20.7687999Z   Downloading mpmath-1.3.0-py3-none-any.whl.metadata (8.6 kB)
2026-09-28T22:01:20.7781057Z Downloading numpy-2.3.5-cp311-cp311-manylinux_2_27_x86_64.manylinux_2_28_x86_64.whl (16.9 MB)
2026-09-28T22:01:20.8572287Z    ━━━━━━━━━━━━━━━━━━━━━━━━━━━━━━━━━━━━━━━━ 16.9/16.9 MB 229.2 MB/s  0:00:00
2026-09-28T22:01:20.8618385Z Downloading sympy-1.13.3-py3-none-any.whl (6.2 MB)
2026-09-28T22:01:20.8837808Z    ━━━━━━━━━━━━━━━━━━━━━━━━━━━━━━━━━━━━━━━━ 6.2/6.2 MB 301.9 MB/s  0:00:00
2026-09-28T22:01:20.8878815Z Downloading mpmath-1.3.0-py3-none-any.whl (536 kB)
2026-09-28T22:01:20.8925297Z    ━━━━━━━━━━━━━━━━━━━━━━━━━━━━━━━━━━━━━━━━ 536.2/536.2 kB 107.6 MB/s  0:00:00
2026-09-28T22:01:21.1094557Z Installing collected packages: mpmath, sympy, numpy
2026-09-28T22:01:28.3502176Z 
2026-09-28T22:01:28.3511293Z Successfully installed mpmath-1.3.0 numpy-2.3.5 sympy-1.13.3
2026-09-28T22:01:28.4021646Z ##[group]Run set -o pipefail
2026-09-28T22:01:28.4022016Z [36;1mset -o pipefail[0m
2026-09-28T22:01:28.4022303Z [36;1mgit rev-parse HEAD > execution_head.txt[0m
2026-09-28T22:01:28.4022854Z [36;1mcd ResearchHistory/UQCF-GEM/demos/v15.56-response-selector-obstruction/physical-channel-paths[0m
2026-09-28T22:01:28.4023432Z [36;1mpython -m unittest -v 2>&1 | tee test.log[0m
2026-09-28T22:01:28.4023920Z [36;1m(cd ../support-stratum-stability && python -m unittest -v) 2>&1 | tee parent-test.log[0m
2026-09-28T22:01:28.4024389Z [36;1mpython gate.py 2>&1 | tee audit.log[0m
2026-09-28T22:01:28.4091790Z shell: /usr/bin/bash -e {0}
2026-09-28T22:01:28.4092045Z env:
2026-09-28T22:01:28.4092318Z   pythonLocation: /opt/hostedtoolcache/Python/3.11.16/x64
2026-09-28T22:01:28.4092782Z   PKG_CONFIG_PATH: /opt/hostedtoolcache/Python/3.11.16/x64/lib/pkgconfig
2026-09-28T22:01:28.4093225Z   Python_ROOT_DIR: /opt/hostedtoolcache/Python/3.11.16/x64
2026-09-28T22:01:28.4093655Z   Python2_ROOT_DIR: /opt/hostedtoolcache/Python/3.11.16/x64
2026-09-28T22:01:28.4094052Z   Python3_ROOT_DIR: /opt/hostedtoolcache/Python/3.11.16/x64
2026-09-28T22:01:28.4094443Z   LD_LIBRARY_PATH: /opt/hostedtoolcache/Python/3.11.16/x64/lib
2026-09-28T22:01:28.4094786Z   OPENBLAS_NUM_THREADS: 1
2026-09-28T22:01:28.4095016Z ##[endgroup]
2026-09-28T22:01:29.1748483Z test_canonical_complex_ldl_regression (test_gate.Tests.test_canonical_complex_ldl_regression) ... ok
2026-09-28T22:01:29.2498075Z test_connected_path_quadratic (test_gate.Tests.test_connected_path_quadratic) ... ok
2026-09-28T22:01:29.3218659Z test_exact_density_certificate (test_gate.Tests.test_exact_density_certificate) ... ok
2026-09-28T22:01:29.6442867Z test_identity_order_equality_not_zero (test_gate.Tests.test_identity_order_equality_not_zero) ... ok
2026-09-28T22:01:29.7448594Z test_normalization_is_not_connected_rescaling (test_gate.Tests.test_normalization_is_not_connected_rescaling) ... ok
2026-09-28T22:01:29.8059657Z test_verdict_invalid_precedence (test_gate.Tests.test_verdict_invalid_precedence) ... ok
2026-09-28T22:01:29.8060260Z 
2026-09-28T22:01:29.8060513Z ----------------------------------------------------------------------
2026-09-28T22:01:29.8061359Z Ran 6 tests in 0.985s
2026-09-28T22:01:29.8061561Z 
2026-09-28T22:01:29.8061686Z OK
2026-09-28T22:01:30.3357163Z test_affine_rank_gain_is_not_forced_rank_gain (test_gate.Tests.test_affine_rank_gain_is_not_forced_rank_gain) ... ok
2026-09-28T22:01:30.4009653Z test_identity_and_invalid_precedence (test_gate.Tests.test_identity_and_invalid_precedence) ... ok
2026-09-28T22:01:30.4652977Z test_normal_block_forces_rank_gain (test_gate.Tests.test_normal_block_forces_rank_gain) ... ok
2026-09-28T22:01:30.5351808Z test_projectors_and_covariance (test_gate.Tests.test_projectors_and_covariance) ... ok
2026-09-28T22:01:30.5989671Z test_tiny_exact_support_preserved (test_gate.Tests.test_tiny_exact_support_preserved) ... ok
2026-09-28T22:01:30.5990209Z 
2026-09-28T22:01:30.5990490Z ----------------------------------------------------------------------
2026-09-28T22:01:30.5991321Z Ran 5 tests in 0.413s
2026-09-28T22:01:30.5991502Z 
2026-09-28T22:01:30.5991614Z OK
2026-09-28T22:01:37.2945954Z Audited candidate 13
2026-09-28T22:01:42.4403047Z Audited candidate 16
2026-09-28T22:01:47.6987402Z Audited candidate 22
2026-09-28T22:01:52.8573407Z Audited candidate 25
2026-09-28T22:01:58.0828578Z Audited candidate 27
2026-09-28T22:02:03.3192882Z Audited candidate 29
2026-09-28T22:02:08.5377501Z Audited candidate 37
2026-09-28T22:02:13.8158854Z Audited candidate 39
2026-09-28T22:02:19.0172187Z Audited candidate 46
2026-09-28T22:02:24.2198457Z Audited candidate 50
2026-09-28T22:02:29.4441555Z Audited candidate 66
2026-09-28T22:02:34.7209870Z Audited candidate 77
2026-09-28T22:02:34.8164022Z {"all_valid": true, "verdict": "PHYSICAL_PATH_SUPPORT_DISCONTINUITY_FORCED"}
2026-09-28T22:02:35.0742390Z ##[group]Run actions/upload-artifact@v4
2026-09-28T22:02:35.0742705Z with:
2026-09-28T22:02:35.0743032Z   name: physical-channel-paths-8739e9db7ce1cb2c4ae0a91600e20fb4a2e953f5
2026-09-28T22:02:35.0744701Z   path: execution_head.txt
ResearchHistory/UQCF-GEM/demos/v15.56-response-selector-obstruction/physical-channel-paths/*.log
ResearchHistory/UQCF-GEM/demos/v15.56-response-selector-obstruction/physical-channel-paths/result.json
ResearchHistory/UQCF-GEM/demos/v15.56-response-selector-obstruction/physical-channel-paths/SHA256SUMS

2026-09-28T22:02:35.0746061Z   if-no-files-found: warn
2026-09-28T22:02:35.0746295Z   compression-level: 6
2026-09-28T22:02:35.0746514Z   overwrite: false
2026-09-28T22:02:35.0746728Z   include-hidden-files: false
2026-09-28T22:02:35.0746960Z env:
2026-09-28T22:02:35.0747235Z   pythonLocation: /opt/hostedtoolcache/Python/3.11.16/x64
2026-09-28T22:02:35.0747670Z   PKG_CONFIG_PATH: /opt/hostedtoolcache/Python/3.11.16/x64/lib/pkgconfig
2026-09-28T22:02:35.0748130Z   Python_ROOT_DIR: /opt/hostedtoolcache/Python/3.11.16/x64
2026-09-28T22:02:35.0748509Z   Python2_ROOT_DIR: /opt/hostedtoolcache/Python/3.11.16/x64
2026-09-28T22:02:35.0748886Z   Python3_ROOT_DIR: /opt/hostedtoolcache/Python/3.11.16/x64
2026-09-28T22:02:35.0749269Z   LD_LIBRARY_PATH: /opt/hostedtoolcache/Python/3.11.16/x64/lib
2026-09-28T22:02:35.0749590Z ##[endgroup]
2026-09-28T22:02:35.2494112Z (node:2328) [DEP0040] DeprecationWarning: The `punycode` module is deprecated. Please use a userland alternative instead.
2026-09-28T22:02:35.2495496Z (Use `node --trace-deprecation ...` to show where the warning was created)
2026-09-28T22:02:35.2586268Z Multiple search paths detected. Calculating the least common ancestor of all paths
2026-09-28T22:02:35.2589075Z The least common ancestor is /home/runner/work/WetLabEngine/WetLabEngine. This will be the root directory of the artifact
2026-09-28T22:02:35.2590511Z With the provided path, there will be 6 files uploaded
2026-09-28T22:02:35.2592308Z Artifact name is valid!
2026-09-28T22:02:35.2592923Z Root directory input is valid!
2026-09-28T22:02:35.5286721Z Beginning upload of artifact content to blob storage
2026-09-28T22:02:35.6529819Z (node:2328) [DEP0169] DeprecationWarning: `url.parse()` behavior is not standardized and prone to errors that have security implications. Use the WHATWG URL API instead. CVEs are not issued for `url.parse()` vulnerabilities.
2026-09-28T22:02:35.9332372Z Uploaded bytes 1110443
2026-09-28T22:02:35.9699567Z Finished uploading artifact content to blob storage!
2026-09-28T22:02:35.9700968Z SHA256 digest of uploaded artifact zip is d38e411f1972c77f27d491e03f54bc0bb6f52467df3a529f9fbd27c1cd05e891
2026-09-28T22:02:35.9703363Z Finalizing artifact upload
2026-09-28T22:02:36.1776735Z Artifact physical-channel-paths-8739e9db7ce1cb2c4ae0a91600e20fb4a2e953f5.zip successfully finalized. Artifact ID 11000347519
2026-09-28T22:02:36.1778968Z Artifact physical-channel-paths-8739e9db7ce1cb2c4ae0a91600e20fb4a2e953f5 has been successfully uploaded! Final size is 1110443 bytes. Artifact ID is 11000347519
2026-09-28T22:02:36.1781180Z Artifact download URL: https://github.com/proteinfoldingengine/WetLabEngine/actions/runs/36489802902/artifacts/11000347519
2026-09-28T22:02:36.1988509Z Post job cleanup.
2026-09-28T22:02:36.3283364Z (node:2343) [DEP0040] DeprecationWarning: The `punycode` module is deprecated. Please use a userland alternative instead.
2026-09-28T22:02:36.3284534Z (Use `node --trace-deprecation ...` to show where the warning was created)
2026-09-28T22:02:36.3500861Z Post job cleanup.
2026-09-28T22:02:36.4458125Z [command]/usr/bin/git version
2026-09-28T22:02:36.4509519Z git version 2.55.0
2026-09-28T22:02:36.4556705Z Temporarily overriding HOME='/home/runner/work/_temp/e3ec1b48-459f-4e54-8d58-293960990902' before making global git config changes
2026-09-28T22:02:36.4558470Z Adding repository directory to the temporary git global config as a safe directory
2026-09-28T22:02:36.4564239Z [command]/usr/bin/git config --global --add safe.directory /home/runner/work/WetLabEngine/WetLabEngine
2026-09-28T22:02:36.4609070Z [command]/usr/bin/git config --local --name-only --get-regexp core\.sshCommand
2026-09-28T22:02:36.4649463Z [command]/usr/bin/git submodule foreach --recursive sh -c "git config --local --name-only --get-regexp 'core\.sshCommand' && git config --local --unset-all 'core.sshCommand' || :"
2026-09-28T22:02:36.4934555Z [command]/usr/bin/git config --local --name-only --get-regexp http\.https\:\/\/github\.com\/\.extraheader
2026-09-28T22:02:36.4981066Z http.https://github.com/.extraheader
2026-09-28T22:02:36.4997487Z [command]/usr/bin/git config --local --unset-all http.https://github.com/.extraheader
2026-09-28T22:02:36.5047624Z [command]/usr/bin/git submodule foreach --recursive sh -c "git config --local --name-only --get-regexp 'http\.https\:\/\/github\.com\/\.extraheader' && git config --local --unset-all 'http.https://github.com/.extraheader' || :"
2026-09-28T22:02:36.5398895Z [command]/usr/bin/git config --local --name-only --get-regexp ^includeIf\.gitdir:
2026-09-28T22:02:36.5464804Z [command]/usr/bin/git submodule foreach --recursive git config --local --show-origin --name-only --get-regexp remote.origin.url
2026-09-28T22:02:36.5981521Z Cleaning up orphan processes
2026-09-28T22:02:36.6380026Z ##[warning]Node.js 20 is deprecated. The following actions target Node.js 20 but are being forced to run on Node.js 24: actions/checkout@11d5960a326750d5838078e36cf38b85af677262, actions/setup-python@a26af69be951a213d495a4c3e4e4022e16d87065, actions/upload-artifact@v4. For more information see: https://github.blog/changelog/2025-09-19-deprecation-of-node-20-on-github-actions-runners/
