2026-09-29T20:10:04.2097391Z Current runner version: '2.337.0'
2026-09-29T20:10:04.2119223Z ##[group]Runner Image Provisioner
2026-09-29T20:10:04.2120049Z Hosted Compute Agent
2026-09-29T20:10:04.2120545Z Version: 20260901.588
2026-09-29T20:10:04.2121072Z Commit: f88ec8081b781fac6c440065ac7ff9e710ce3d0b
2026-09-29T20:10:04.2121776Z Build Date: 2026-09-01T19:56:44Z
2026-09-29T20:10:04.2122333Z Worker ID: {fc6c451d-e203-4860-996f-892e4822b71d}
2026-09-29T20:10:04.2123065Z Azure Region: mexicocentral
2026-09-29T20:10:04.2123585Z ##[endgroup]
2026-09-29T20:10:04.2124794Z ##[group]Operating System
2026-09-29T20:10:04.2125448Z Ubuntu
2026-09-29T20:10:04.2125882Z 24.04.5
2026-09-29T20:10:04.2126337Z LTS
2026-09-29T20:10:04.2126778Z ##[endgroup]
2026-09-29T20:10:04.2127240Z ##[group]Runner Image
2026-09-29T20:10:04.2127806Z Image: ubuntu-24.04
2026-09-29T20:10:04.2128284Z Version: 20260927.320.1
2026-09-29T20:10:04.2129353Z Included Software: https://github.com/actions/runner-images/blob/ubuntu24/20260927.320/images/ubuntu/Ubuntu2404-Readme.md
2026-09-29T20:10:04.2130594Z Image Release: https://github.com/actions/runner-images/releases/tag/ubuntu24%2F20260927.320
2026-09-29T20:10:04.2131754Z ##[endgroup]
2026-09-29T20:10:04.2132917Z ##[group]GITHUB_TOKEN Permissions
2026-09-29T20:10:04.2134745Z Contents: read
2026-09-29T20:10:04.2135240Z Metadata: read
2026-09-29T20:10:04.2135724Z ##[endgroup]
2026-09-29T20:10:04.2137547Z Secret source: Actions
2026-09-29T20:10:04.2138268Z Cache mode: write
2026-09-29T20:10:04.2138912Z Prepare workflow directory
2026-09-29T20:10:04.2459558Z Prepare all required actions
2026-09-29T20:10:04.2499435Z Getting action download info
2026-09-29T20:10:04.5734997Z Download action repository 'actions/checkout@11d5960a326750d5838078e36cf38b85af677262' (SHA:11d5960a326750d5838078e36cf38b85af677262)
2026-09-29T20:10:04.9306119Z Download action repository 'actions/setup-python@a26af69be951a213d495a4c3e4e4022e16d87065' (SHA:a26af69be951a213d495a4c3e4e4022e16d87065)
2026-09-29T20:10:05.0504162Z Download action repository 'actions/upload-artifact@ea165f8d65b6e75b540449e92b4886f43607fa02' (SHA:ea165f8d65b6e75b540449e92b4886f43607fa02)
2026-09-29T20:10:05.5613014Z Complete job name: verify
2026-09-29T20:10:05.6203396Z ##[group]Run actions/checkout@11d5960a326750d5838078e36cf38b85af677262
2026-09-29T20:10:05.6204063Z with:
2026-09-29T20:10:05.6204328Z   repository: proteinfoldingengine/WetLabEngine
2026-09-29T20:10:05.6206853Z   token: ***
2026-09-29T20:10:05.6207094Z   ssh-strict: true
2026-09-29T20:10:05.6207325Z   ssh-user: git
2026-09-29T20:10:05.6207566Z   persist-credentials: true
2026-09-29T20:10:05.6207818Z   clean: true
2026-09-29T20:10:05.6208045Z   sparse-checkout-cone-mode: true
2026-09-29T20:10:05.6208313Z   fetch-depth: 1
2026-09-29T20:10:05.6208534Z   fetch-tags: false
2026-09-29T20:10:05.6208757Z   show-progress: true
2026-09-29T20:10:05.6208992Z   lfs: false
2026-09-29T20:10:05.6209206Z   submodules: false
2026-09-29T20:10:05.6209432Z   set-safe-directory: true
2026-09-29T20:10:05.6209695Z   allow-unsafe-pr-checkout: false
2026-09-29T20:10:05.6210166Z env:
2026-09-29T20:10:05.6210518Z   P: ResearchHistory/UQCF-GEM/demos/v16.27-increment-attribution-closure/completion
2026-09-29T20:10:05.6210967Z ##[endgroup]
2026-09-29T20:10:05.7032102Z Syncing repository: proteinfoldingengine/WetLabEngine
2026-09-29T20:10:05.7033849Z ##[group]Getting Git version info
2026-09-29T20:10:05.7034366Z Working directory is '/home/runner/work/WetLabEngine/WetLabEngine'
2026-09-29T20:10:05.7034929Z [command]/usr/bin/git version
2026-09-29T20:10:05.7115772Z git version 2.55.0
2026-09-29T20:10:05.7132824Z ##[endgroup]
2026-09-29T20:10:05.7146112Z Temporarily overriding HOME='/home/runner/work/_temp/a5b27e9c-7023-491b-b57d-ed1de33c3849' before making global git config changes
2026-09-29T20:10:05.7147155Z Adding repository directory to the temporary git global config as a safe directory
2026-09-29T20:10:05.7150474Z [command]/usr/bin/git config --global --add safe.directory /home/runner/work/WetLabEngine/WetLabEngine
2026-09-29T20:10:05.7199778Z Deleting the contents of '/home/runner/work/WetLabEngine/WetLabEngine'
2026-09-29T20:10:05.7203953Z ##[group]Initializing the repository
2026-09-29T20:10:05.7208741Z [command]/usr/bin/git init /home/runner/work/WetLabEngine/WetLabEngine
2026-09-29T20:10:05.7309689Z hint: Using 'master' as the name for the initial branch. This default branch name
2026-09-29T20:10:05.7310919Z hint: will change to "main" in Git 3.0. To configure the initial branch name
2026-09-29T20:10:05.7311627Z hint: to use in all of your new repositories, which will suppress this warning,
2026-09-29T20:10:05.7312005Z hint: call:
2026-09-29T20:10:05.7312216Z hint:
2026-09-29T20:10:05.7312840Z hint: 	git config --global init.defaultBranch <name>
2026-09-29T20:10:05.7313177Z hint:
2026-09-29T20:10:05.7313485Z hint: Names commonly chosen instead of 'master' are 'main', 'trunk' and
2026-09-29T20:10:05.7313982Z hint: 'development'. The just-created branch can be renamed via this command:
2026-09-29T20:10:05.7314525Z hint:
2026-09-29T20:10:05.7314856Z hint: 	git branch -m <name>
2026-09-29T20:10:05.7315279Z hint:
2026-09-29T20:10:05.7315674Z hint: Disable this message with "git config set advice.defaultBranchName false"
2026-09-29T20:10:05.7316209Z Initialized empty Git repository in /home/runner/work/WetLabEngine/WetLabEngine/.git/
2026-09-29T20:10:05.7325441Z [command]/usr/bin/git remote add origin https://github.com/proteinfoldingengine/WetLabEngine
2026-09-29T20:10:05.7372677Z ##[endgroup]
2026-09-29T20:10:05.7373277Z ##[group]Disabling automatic garbage collection
2026-09-29T20:10:05.7375915Z [command]/usr/bin/git config --local gc.auto 0
2026-09-29T20:10:05.7412274Z ##[endgroup]
2026-09-29T20:10:05.7413153Z ##[group]Setting up auth
2026-09-29T20:10:05.7418872Z [command]/usr/bin/git config --local --name-only --get-regexp core\.sshCommand
2026-09-29T20:10:05.7451920Z [command]/usr/bin/git submodule foreach --recursive sh -c "git config --local --name-only --get-regexp 'core\.sshCommand' && git config --local --unset-all 'core.sshCommand' || :"
2026-09-29T20:10:05.8378251Z [command]/usr/bin/git config --local --name-only --get-regexp http\.https\:\/\/github\.com\/\.extraheader
2026-09-29T20:10:05.8410046Z [command]/usr/bin/git submodule foreach --recursive sh -c "git config --local --name-only --get-regexp 'http\.https\:\/\/github\.com\/\.extraheader' && git config --local --unset-all 'http.https://github.com/.extraheader' || :"
2026-09-29T20:10:05.8607245Z [command]/usr/bin/git config --local --name-only --get-regexp ^includeIf\.gitdir:
2026-09-29T20:10:05.8639301Z [command]/usr/bin/git submodule foreach --recursive git config --local --show-origin --name-only --get-regexp remote.origin.url
2026-09-29T20:10:05.8844681Z [command]/usr/bin/git config --local http.https://github.com/.extraheader AUTHORIZATION: basic ***
2026-09-29T20:10:05.9567559Z ##[endgroup]
2026-09-29T20:10:05.9568148Z ##[group]Fetching the repository
2026-09-29T20:10:05.9575281Z [command]/usr/bin/git -c protocol.version=2 fetch --no-tags --prune --no-recurse-submodules --depth=1 origin +1eefe98987e3a91eb2d402d280b5445c555649e4:refs/remotes/origin/research/v16.27-increment-attribution-closure
2026-09-29T20:10:19.0924199Z From https://github.com/proteinfoldingengine/WetLabEngine
2026-09-29T20:10:19.0925255Z  * [new ref]         1eefe98987e3a91eb2d402d280b5445c555649e4 -> origin/research/v16.27-increment-attribution-closure
2026-09-29T20:10:19.0927616Z ##[endgroup]
2026-09-29T20:10:19.0927978Z ##[group]Determining the checkout info
2026-09-29T20:10:19.0930216Z ##[endgroup]
2026-09-29T20:10:19.0936935Z [command]/usr/bin/git sparse-checkout disable
2026-09-29T20:10:19.0989463Z [command]/usr/bin/git config --local --unset-all extensions.worktreeConfig
2026-09-29T20:10:19.1222729Z ##[group]Checking out the ref
2026-09-29T20:10:19.1235834Z [command]/usr/bin/git checkout --progress --force -B research/v16.27-increment-attribution-closure refs/remotes/origin/research/v16.27-increment-attribution-closure
2026-09-29T20:10:20.1587148Z Updating files:  64% (3203/4983)
2026-09-29T20:10:20.2676377Z Updating files:  65% (3239/4983)
2026-09-29T20:10:20.4196982Z Updating files:  66% (3289/4983)
2026-09-29T20:10:20.4211813Z Updating files:  67% (3339/4983)
2026-09-29T20:10:20.5433780Z Updating files:  68% (3389/4983)
2026-09-29T20:10:20.6196295Z Updating files:  69% (3439/4983)
2026-09-29T20:10:20.7009842Z Updating files:  70% (3489/4983)
2026-09-29T20:10:20.7312589Z Updating files:  71% (3538/4983)
2026-09-29T20:10:20.7521549Z Updating files:  72% (3588/4983)
2026-09-29T20:10:20.7585703Z Updating files:  73% (3638/4983)
2026-09-29T20:10:20.7628545Z Updating files:  74% (3688/4983)
2026-09-29T20:10:20.8037422Z Updating files:  75% (3738/4983)
2026-09-29T20:10:20.8057674Z Updating files:  76% (3788/4983)
2026-09-29T20:10:20.8085404Z Updating files:  77% (3837/4983)
2026-09-29T20:10:20.8113474Z Updating files:  78% (3887/4983)
2026-09-29T20:10:20.8136996Z Updating files:  79% (3937/4983)
2026-09-29T20:10:20.8161146Z Updating files:  80% (3987/4983)
2026-09-29T20:10:20.8186291Z Updating files:  81% (4037/4983)
2026-09-29T20:10:20.8210287Z Updating files:  82% (4087/4983)
2026-09-29T20:10:20.8228288Z Updating files:  83% (4136/4983)
2026-09-29T20:10:20.8300058Z Updating files:  84% (4186/4983)
2026-09-29T20:10:20.8380206Z Updating files:  85% (4236/4983)
2026-09-29T20:10:21.1440503Z Updating files:  86% (4286/4983)
2026-09-29T20:10:21.1484685Z Updating files:  86% (4306/4983)
2026-09-29T20:10:21.1534222Z Updating files:  87% (4336/4983)
2026-09-29T20:10:21.1753424Z Updating files:  88% (4386/4983)
2026-09-29T20:10:21.1969060Z Updating files:  89% (4435/4983)
2026-09-29T20:10:21.2077421Z Updating files:  90% (4485/4983)
2026-09-29T20:10:21.2300350Z Updating files:  91% (4535/4983)
2026-09-29T20:10:21.2697094Z Updating files:  92% (4585/4983)
2026-09-29T20:10:21.2756653Z Updating files:  93% (4635/4983)
2026-09-29T20:10:21.2784116Z Updating files:  94% (4685/4983)
2026-09-29T20:10:21.2859198Z Updating files:  95% (4734/4983)
2026-09-29T20:10:21.2893608Z Updating files:  96% (4784/4983)
2026-09-29T20:10:21.2929607Z Updating files:  97% (4834/4983)
2026-09-29T20:10:21.3043070Z Updating files:  98% (4884/4983)
2026-09-29T20:10:21.3076219Z Updating files:  99% (4934/4983)
2026-09-29T20:10:21.3076798Z Updating files: 100% (4983/4983)
2026-09-29T20:10:21.3077029Z Updating files: 100% (4983/4983), done.
2026-09-29T20:10:21.3134746Z Switched to a new branch 'research/v16.27-increment-attribution-closure'
2026-09-29T20:10:21.3140305Z branch 'research/v16.27-increment-attribution-closure' set up to track 'origin/research/v16.27-increment-attribution-closure'.
2026-09-29T20:10:21.3216672Z ##[endgroup]
2026-09-29T20:10:21.3259187Z [command]/usr/bin/git log -1 --format=%H
2026-09-29T20:10:21.3284026Z 1eefe98987e3a91eb2d402d280b5445c555649e4
2026-09-29T20:10:21.3554800Z ##[group]Run actions/setup-python@a26af69be951a213d495a4c3e4e4022e16d87065
2026-09-29T20:10:21.3555117Z with:
2026-09-29T20:10:21.3555283Z   python-version: 3.11
2026-09-29T20:10:21.3555475Z   check-latest: false
2026-09-29T20:10:21.3557769Z   token: ***
2026-09-29T20:10:21.3557957Z   update-environment: true
2026-09-29T20:10:21.3558165Z   allow-prereleases: false
2026-09-29T20:10:21.3558342Z   freethreaded: false
2026-09-29T20:10:21.3558513Z env:
2026-09-29T20:10:21.3558797Z   P: ResearchHistory/UQCF-GEM/demos/v16.27-increment-attribution-closure/completion
2026-09-29T20:10:21.3559124Z ##[endgroup]
2026-09-29T20:10:21.4590083Z ##[group]Installed versions
2026-09-29T20:10:21.4746136Z (node:2162) [DEP0040] DeprecationWarning: The `punycode` module is deprecated. Please use a userland alternative instead.
2026-09-29T20:10:21.4747023Z (Use `node --trace-deprecation ...` to show where the warning was created)
2026-09-29T20:10:21.4747539Z Successfully set up CPython (3.11.16)
2026-09-29T20:10:21.4748207Z ##[endgroup]
2026-09-29T20:10:21.4917249Z ##[group]Run set -euo pipefail
2026-09-29T20:10:21.4917657Z [36;1mset -euo pipefail[0m
2026-09-29T20:10:21.4917960Z [36;1mcd "$P"[0m
2026-09-29T20:10:21.4918234Z [36;1mmkdir -p evidence[0m
2026-09-29T20:10:21.4918685Z [36;1mpython test_contract.py 2>&1 | tee evidence/contract.log[0m
2026-09-29T20:10:21.5200655Z shell: /usr/bin/bash -e {0}
2026-09-29T20:10:21.5200905Z env:
2026-09-29T20:10:21.5201234Z   P: ResearchHistory/UQCF-GEM/demos/v16.27-increment-attribution-closure/completion
2026-09-29T20:10:21.5201646Z   pythonLocation: /opt/hostedtoolcache/Python/3.11.16/x64
2026-09-29T20:10:21.5202023Z   PKG_CONFIG_PATH: /opt/hostedtoolcache/Python/3.11.16/x64/lib/pkgconfig
2026-09-29T20:10:21.5202373Z   Python_ROOT_DIR: /opt/hostedtoolcache/Python/3.11.16/x64
2026-09-29T20:10:21.5202809Z   Python2_ROOT_DIR: /opt/hostedtoolcache/Python/3.11.16/x64
2026-09-29T20:10:21.5203094Z   Python3_ROOT_DIR: /opt/hostedtoolcache/Python/3.11.16/x64
2026-09-29T20:10:21.5203454Z   LD_LIBRARY_PATH: /opt/hostedtoolcache/Python/3.11.16/x64/lib
2026-09-29T20:10:21.5203706Z   V27_VERIFIER: verify
2026-09-29T20:10:21.5203884Z ##[endgroup]
2026-09-29T20:10:21.8915584Z test_actual_endpoint_mismatch (__main__.Contract.test_actual_endpoint_mismatch) ... ok
2026-09-29T20:10:21.8924778Z test_boolean_delta_is_not_integer (__main__.Contract.test_boolean_delta_is_not_integer) ... FAIL
2026-09-29T20:10:21.8925829Z test_false_delta (__main__.Contract.test_false_delta) ... ok
2026-09-29T20:10:21.8930180Z test_false_h_before (__main__.Contract.test_false_h_before) ... FAIL
2026-09-29T20:10:21.8933420Z test_false_local_trigger (__main__.Contract.test_false_local_trigger) ... FAIL
2026-09-29T20:10:21.8936986Z test_false_stored_after (__main__.Contract.test_false_stored_after) ... FAIL
2026-09-29T20:10:21.8944245Z test_foreign_step_carrier (__main__.Contract.test_foreign_step_carrier) ... FAIL
2026-09-29T20:10:21.8947846Z test_foreign_step_origin (__main__.Contract.test_foreign_step_origin) ... FAIL
2026-09-29T20:10:21.8951054Z test_missing_stored_after (__main__.Contract.test_missing_stored_after) ... FAIL
2026-09-29T20:10:21.8953275Z test_reordered_valid_witness (__main__.Contract.test_reordered_valid_witness) ... ok
2026-09-29T20:10:21.8955726Z test_valid_admissible_witness (__main__.Contract.test_valid_admissible_witness) ... ok
2026-09-29T20:10:21.8956200Z 
2026-09-29T20:10:21.8956346Z ======================================================================
2026-09-29T20:10:21.8956922Z FAIL: test_boolean_delta_is_not_integer (__main__.Contract.test_boolean_delta_is_not_integer)
2026-09-29T20:10:21.8957528Z ----------------------------------------------------------------------
2026-09-29T20:10:21.8957963Z Traceback (most recent call last):
2026-09-29T20:10:21.8963741Z   File "/home/runner/work/WetLabEngine/WetLabEngine/ResearchHistory/UQCF-GEM/demos/v16.27-increment-attribution-closure/completion/test_contract.py", line 43, in test_boolean_delta_is_not_integer
2026-09-29T20:10:21.8964826Z     def test_boolean_delta_is_not_integer(self):self.reject('boolean-delta',lambda d:d['path_a'][0].__setitem__('delta_h',True))
2026-09-29T20:10:21.8965335Z                                                 ^^^^^^^^^^^^^^^^^^^^^^^^^^^^^^^^^^^^^^^^^^^^^^^^^^^^^^^^^^^^^^^^^^^^^^^^^^^^^^^^
2026-09-29T20:10:21.8966034Z   File "/home/runner/work/WetLabEngine/WetLabEngine/ResearchHistory/UQCF-GEM/demos/v16.27-increment-attribution-closure/completion/test_contract.py", line 34, in reject
2026-09-29T20:10:21.8966715Z     with self.assertRaises(ValueError) as cm:self.module().verify_witness(data)
2026-09-29T20:10:21.8967051Z AssertionError: ValueError not raised
2026-09-29T20:10:21.8967205Z 
2026-09-29T20:10:21.8967307Z ======================================================================
2026-09-29T20:10:21.8967613Z FAIL: test_false_h_before (__main__.Contract.test_false_h_before)
2026-09-29T20:10:21.8967926Z ----------------------------------------------------------------------
2026-09-29T20:10:21.8968204Z Traceback (most recent call last):
2026-09-29T20:10:21.8969101Z   File "/home/runner/work/WetLabEngine/WetLabEngine/ResearchHistory/UQCF-GEM/demos/v16.27-increment-attribution-closure/completion/test_contract.py", line 41, in test_false_h_before
2026-09-29T20:10:21.8969915Z     def test_false_h_before(self):self.reject('false-h-before',lambda d:d['path_a'][0].__setitem__('h_before',9))
2026-09-29T20:10:21.8970505Z                                   ^^^^^^^^^^^^^^^^^^^^^^^^^^^^^^^^^^^^^^^^^^^^^^^^^^^^^^^^^^^^^^^^^^^^^^^^^^^^^^^
2026-09-29T20:10:21.8971191Z   File "/home/runner/work/WetLabEngine/WetLabEngine/ResearchHistory/UQCF-GEM/demos/v16.27-increment-attribution-closure/completion/test_contract.py", line 34, in reject
2026-09-29T20:10:21.8971868Z     with self.assertRaises(ValueError) as cm:self.module().verify_witness(data)
2026-09-29T20:10:21.8972189Z AssertionError: ValueError not raised
2026-09-29T20:10:21.8972341Z 
2026-09-29T20:10:21.8972539Z ======================================================================
2026-09-29T20:10:21.8972871Z FAIL: test_false_local_trigger (__main__.Contract.test_false_local_trigger)
2026-09-29T20:10:21.8973207Z ----------------------------------------------------------------------
2026-09-29T20:10:21.8973483Z Traceback (most recent call last):
2026-09-29T20:10:21.8974132Z   File "/home/runner/work/WetLabEngine/WetLabEngine/ResearchHistory/UQCF-GEM/demos/v16.27-increment-attribution-closure/completion/test_contract.py", line 42, in test_false_local_trigger
2026-09-29T20:10:21.8974978Z     def test_false_local_trigger(self):self.reject('false-local-trigger',lambda d:d['path_a'][0].__setitem__('trigger',False))
2026-09-29T20:10:21.8975453Z                                        ^^^^^^^^^^^^^^^^^^^^^^^^^^^^^^^^^^^^^^^^^^^^^^^^^^^^^^^^^^^^^^^^^^^^^^^^^^^^^^^^^^^^^^^
2026-09-29T20:10:21.8976147Z   File "/home/runner/work/WetLabEngine/WetLabEngine/ResearchHistory/UQCF-GEM/demos/v16.27-increment-attribution-closure/completion/test_contract.py", line 34, in reject
2026-09-29T20:10:21.8976995Z     with self.assertRaises(ValueError) as cm:self.module().verify_witness(data)
2026-09-29T20:10:21.8977316Z AssertionError: ValueError not raised
2026-09-29T20:10:21.8977457Z 
2026-09-29T20:10:21.8977574Z ======================================================================
2026-09-29T20:10:21.8977887Z FAIL: test_false_stored_after (__main__.Contract.test_false_stored_after)
2026-09-29T20:10:21.8978221Z ----------------------------------------------------------------------
2026-09-29T20:10:21.8978483Z Traceback (most recent call last):
2026-09-29T20:10:21.8979110Z   File "/home/runner/work/WetLabEngine/WetLabEngine/ResearchHistory/UQCF-GEM/demos/v16.27-increment-attribution-closure/completion/test_contract.py", line 37, in test_false_stored_after
2026-09-29T20:10:21.8979886Z     def test_false_stored_after(self):self.reject('false-after',lambda d:d['path_a'][0].__setitem__('after',[[0]]))
2026-09-29T20:10:21.8980319Z                                       ^^^^^^^^^^^^^^^^^^^^^^^^^^^^^^^^^^^^^^^^^^^^^^^^^^^^^^^^^^^^^^^^^^^^^^^^^^^^^
2026-09-29T20:10:21.8980945Z   File "/home/runner/work/WetLabEngine/WetLabEngine/ResearchHistory/UQCF-GEM/demos/v16.27-increment-attribution-closure/completion/test_contract.py", line 34, in reject
2026-09-29T20:10:21.8981597Z     with self.assertRaises(ValueError) as cm:self.module().verify_witness(data)
2026-09-29T20:10:21.8981919Z AssertionError: ValueError not raised
2026-09-29T20:10:21.8982057Z 
2026-09-29T20:10:21.8982159Z ======================================================================
2026-09-29T20:10:21.8982577Z FAIL: test_foreign_step_carrier (__main__.Contract.test_foreign_step_carrier)
2026-09-29T20:10:21.8982923Z ----------------------------------------------------------------------
2026-09-29T20:10:21.8983181Z Traceback (most recent call last):
2026-09-29T20:10:21.8983855Z   File "/home/runner/work/WetLabEngine/WetLabEngine/ResearchHistory/UQCF-GEM/demos/v16.27-increment-attribution-closure/completion/test_contract.py", line 39, in test_foreign_step_carrier
2026-09-29T20:10:21.8984829Z     def test_foreign_step_carrier(self):self.reject('foreign-step-carrier',lambda d:d['path_a'][0].__setitem__('parents',[-1,0,1]))
2026-09-29T20:10:21.8985342Z                                         ^^^^^^^^^^^^^^^^^^^^^^^^^^^^^^^^^^^^^^^^^^^^^^^^^^^^^^^^^^^^^^^^^^^^^^^^^^^^^^^^^^^^^^^^^^^
2026-09-29T20:10:21.8986091Z   File "/home/runner/work/WetLabEngine/WetLabEngine/ResearchHistory/UQCF-GEM/demos/v16.27-increment-attribution-closure/completion/test_contract.py", line 34, in reject
2026-09-29T20:10:21.8986742Z     with self.assertRaises(ValueError) as cm:self.module().verify_witness(data)
2026-09-29T20:10:21.8987059Z AssertionError: ValueError not raised
2026-09-29T20:10:21.8987205Z 
2026-09-29T20:10:21.8987298Z ======================================================================
2026-09-29T20:10:21.8987614Z FAIL: test_foreign_step_origin (__main__.Contract.test_foreign_step_origin)
2026-09-29T20:10:21.8987946Z ----------------------------------------------------------------------
2026-09-29T20:10:21.8988214Z Traceback (most recent call last):
2026-09-29T20:10:21.8988864Z   File "/home/runner/work/WetLabEngine/WetLabEngine/ResearchHistory/UQCF-GEM/demos/v16.27-increment-attribution-closure/completion/test_contract.py", line 40, in test_foreign_step_origin
2026-09-29T20:10:21.8989751Z     def test_foreign_step_origin(self):self.reject('foreign-step-origin',lambda d:d['path_a'][0].__setitem__('genesis','foreign'))
2026-09-29T20:10:21.8990248Z                                        ^^^^^^^^^^^^^^^^^^^^^^^^^^^^^^^^^^^^^^^^^^^^^^^^^^^^^^^^^^^^^^^^^^^^^^^^^^^^^^^^^^^^^^^^^^^
2026-09-29T20:10:21.8990894Z   File "/home/runner/work/WetLabEngine/WetLabEngine/ResearchHistory/UQCF-GEM/demos/v16.27-increment-attribution-closure/completion/test_contract.py", line 34, in reject
2026-09-29T20:10:21.8991536Z     with self.assertRaises(ValueError) as cm:self.module().verify_witness(data)
2026-09-29T20:10:21.8991851Z AssertionError: ValueError not raised
2026-09-29T20:10:21.8991996Z 
2026-09-29T20:10:21.8992092Z ======================================================================
2026-09-29T20:10:21.8992556Z FAIL: test_missing_stored_after (__main__.Contract.test_missing_stored_after)
2026-09-29T20:10:21.8992907Z ----------------------------------------------------------------------
2026-09-29T20:10:21.8993185Z Traceback (most recent call last):
2026-09-29T20:10:21.8993814Z   File "/home/runner/work/WetLabEngine/WetLabEngine/ResearchHistory/UQCF-GEM/demos/v16.27-increment-attribution-closure/completion/test_contract.py", line 38, in test_missing_stored_after
2026-09-29T20:10:21.8994581Z     def test_missing_stored_after(self):self.reject('missing-after',lambda d:d['path_a'][0].pop('after'))
2026-09-29T20:10:21.8994996Z                                         ^^^^^^^^^^^^^^^^^^^^^^^^^^^^^^^^^^^^^^^^^^^^^^^^^^^^^^^^^^^^^^^^^
2026-09-29T20:10:21.8995642Z   File "/home/runner/work/WetLabEngine/WetLabEngine/ResearchHistory/UQCF-GEM/demos/v16.27-increment-attribution-closure/completion/test_contract.py", line 34, in reject
2026-09-29T20:10:21.8996301Z     with self.assertRaises(ValueError) as cm:self.module().verify_witness(data)
2026-09-29T20:10:21.8996638Z AssertionError: ValueError not raised
2026-09-29T20:10:21.8996786Z 
2026-09-29T20:10:21.8996899Z ----------------------------------------------------------------------
2026-09-29T20:10:21.8997164Z Ran 11 tests in 0.013s
2026-09-29T20:10:21.8997280Z 
2026-09-29T20:10:21.8997355Z FAILED (failures=7)
2026-09-29T20:10:21.9038669Z ##[error]Process completed with exit code 1.
2026-09-29T20:10:21.9081104Z ##[group]Run python - <<'PY'
2026-09-29T20:10:21.9081371Z [36;1mpython - <<'PY'[0m
2026-09-29T20:10:21.9081637Z [36;1mimport json,os,pathlib,platform,hashlib,subprocess[0m
2026-09-29T20:10:21.9082014Z [36;1mp=pathlib.Path(os.environ['P']);e=p/'evidence';e.mkdir(exist_ok=True)[0m
2026-09-29T20:10:21.9082782Z [36;1mfiles=[p/'test_contract.py',p/'test_complete.py',p.parent/'verify.py',p.parent/'engine.py',p/'PREREGISTRATION.md'][0m
2026-09-29T20:10:21.9083737Z [36;1mr={'sha':os.environ['GITHUB_SHA'],'run':os.environ['GITHUB_RUN_ID'],'attempt':os.environ['GITHUB_RUN_ATTEMPT'],'python':platform.python_version(),'sources':{str(f):hashlib.sha256(f.read_bytes()).hexdigest() for f in files}}[0m
2026-09-29T20:10:21.9084450Z [36;1m(e/'EXECUTION.json').write_text(json.dumps(r,indent=2)+'\n')[0m
2026-09-29T20:10:21.9084864Z [36;1mPY[0m
2026-09-29T20:10:21.9140762Z shell: /usr/bin/bash -e {0}
2026-09-29T20:10:21.9140972Z env:
2026-09-29T20:10:21.9141315Z   P: ResearchHistory/UQCF-GEM/demos/v16.27-increment-attribution-closure/completion
2026-09-29T20:10:21.9141725Z   pythonLocation: /opt/hostedtoolcache/Python/3.11.16/x64
2026-09-29T20:10:21.9142082Z   PKG_CONFIG_PATH: /opt/hostedtoolcache/Python/3.11.16/x64/lib/pkgconfig
2026-09-29T20:10:21.9142594Z   Python_ROOT_DIR: /opt/hostedtoolcache/Python/3.11.16/x64
2026-09-29T20:10:21.9142965Z   Python2_ROOT_DIR: /opt/hostedtoolcache/Python/3.11.16/x64
2026-09-29T20:10:21.9143262Z   Python3_ROOT_DIR: /opt/hostedtoolcache/Python/3.11.16/x64
2026-09-29T20:10:21.9143568Z   LD_LIBRARY_PATH: /opt/hostedtoolcache/Python/3.11.16/x64/lib
2026-09-29T20:10:21.9143823Z ##[endgroup]
2026-09-29T20:10:21.9623098Z ##[group]Run actions/upload-artifact@ea165f8d65b6e75b540449e92b4886f43607fa02
2026-09-29T20:10:21.9623441Z with:
2026-09-29T20:10:21.9623703Z   name: v1627-completion-1eefe98987e3a91eb2d402d280b5445c555649e4
2026-09-29T20:10:21.9623993Z   if-no-files-found: error
2026-09-29T20:10:21.9624344Z   path: ResearchHistory/UQCF-GEM/demos/v16.27-increment-attribution-closure/completion/evidence
2026-09-29T20:10:21.9624715Z   compression-level: 6
2026-09-29T20:10:21.9624906Z   overwrite: false
2026-09-29T20:10:21.9625083Z   include-hidden-files: false
2026-09-29T20:10:21.9625271Z env:
2026-09-29T20:10:21.9625543Z   P: ResearchHistory/UQCF-GEM/demos/v16.27-increment-attribution-closure/completion
2026-09-29T20:10:21.9625931Z   pythonLocation: /opt/hostedtoolcache/Python/3.11.16/x64
2026-09-29T20:10:21.9626281Z   PKG_CONFIG_PATH: /opt/hostedtoolcache/Python/3.11.16/x64/lib/pkgconfig
2026-09-29T20:10:21.9626616Z   Python_ROOT_DIR: /opt/hostedtoolcache/Python/3.11.16/x64
2026-09-29T20:10:21.9626952Z   Python2_ROOT_DIR: /opt/hostedtoolcache/Python/3.11.16/x64
2026-09-29T20:10:21.9627247Z   Python3_ROOT_DIR: /opt/hostedtoolcache/Python/3.11.16/x64
2026-09-29T20:10:21.9627550Z   LD_LIBRARY_PATH: /opt/hostedtoolcache/Python/3.11.16/x64/lib
2026-09-29T20:10:21.9627802Z ##[endgroup]
2026-09-29T20:10:22.0988125Z (node:2176) [DEP0040] DeprecationWarning: The `punycode` module is deprecated. Please use a userland alternative instead.
2026-09-29T20:10:22.0989064Z (Use `node --trace-deprecation ...` to show where the warning was created)
2026-09-29T20:10:22.1034959Z With the provided path, there will be 3 files uploaded
2026-09-29T20:10:22.1053000Z Artifact name is valid!
2026-09-29T20:10:22.1053709Z Root directory input is valid!
2026-09-29T20:10:22.4398809Z Beginning upload of artifact content to blob storage
2026-09-29T20:10:22.4613816Z (node:2176) [DEP0169] DeprecationWarning: `url.parse()` behavior is not standardized and prone to errors that have security implications. Use the WHATWG URL API instead. CVEs are not issued for `url.parse()` vulnerabilities.
2026-09-29T20:10:22.6906670Z Uploaded bytes 1790
2026-09-29T20:10:22.7546110Z Finished uploading artifact content to blob storage!
2026-09-29T20:10:22.7547119Z SHA256 digest of uploaded artifact zip is 7c231243fb72aba87ee8bd86b0d7809a140d89bc4fd0f506a0c38262ac3c4606
2026-09-29T20:10:22.7547809Z Finalizing artifact upload
2026-09-29T20:10:23.0090931Z Artifact v1627-completion-1eefe98987e3a91eb2d402d280b5445c555649e4.zip successfully finalized. Artifact ID 11059838251
2026-09-29T20:10:23.0092232Z Artifact v1627-completion-1eefe98987e3a91eb2d402d280b5445c555649e4 has been successfully uploaded! Final size is 1790 bytes. Artifact ID is 11059838251
2026-09-29T20:10:23.0097324Z Artifact download URL: https://github.com/proteinfoldingengine/WetLabEngine/actions/runs/36624403670/artifacts/11059838251
2026-09-29T20:10:23.0451754Z Post job cleanup.
2026-09-29T20:10:23.1124240Z [command]/usr/bin/git version
2026-09-29T20:10:23.1158373Z git version 2.55.0
2026-09-29T20:10:23.1188237Z Temporarily overriding HOME='/home/runner/work/_temp/6c780a34-a309-480d-afd3-50ed476feb37' before making global git config changes
2026-09-29T20:10:23.1189186Z Adding repository directory to the temporary git global config as a safe directory
2026-09-29T20:10:23.1192906Z [command]/usr/bin/git config --global --add safe.directory /home/runner/work/WetLabEngine/WetLabEngine
2026-09-29T20:10:23.1228557Z [command]/usr/bin/git config --local --name-only --get-regexp core\.sshCommand
2026-09-29T20:10:23.1257060Z [command]/usr/bin/git submodule foreach --recursive sh -c "git config --local --name-only --get-regexp 'core\.sshCommand' && git config --local --unset-all 'core.sshCommand' || :"
2026-09-29T20:10:23.1483247Z [command]/usr/bin/git config --local --name-only --get-regexp http\.https\:\/\/github\.com\/\.extraheader
2026-09-29T20:10:23.1513648Z http.https://github.com/.extraheader
2026-09-29T20:10:23.1523288Z [command]/usr/bin/git config --local --unset-all http.https://github.com/.extraheader
2026-09-29T20:10:23.1558864Z [command]/usr/bin/git submodule foreach --recursive sh -c "git config --local --name-only --get-regexp 'http\.https\:\/\/github\.com\/\.extraheader' && git config --local --unset-all 'http.https://github.com/.extraheader' || :"
2026-09-29T20:10:23.1790098Z [command]/usr/bin/git config --local --name-only --get-regexp ^includeIf\.gitdir:
2026-09-29T20:10:23.1828256Z [command]/usr/bin/git submodule foreach --recursive git config --local --show-origin --name-only --get-regexp remote.origin.url
2026-09-29T20:10:23.2170454Z Cleaning up orphan processes
2026-09-29T20:10:23.2397375Z ##[warning]Node.js 20 is deprecated. The following actions target Node.js 20 but are being forced to run on Node.js 24: actions/checkout@11d5960a326750d5838078e36cf38b85af677262, actions/setup-python@a26af69be951a213d495a4c3e4e4022e16d87065, actions/upload-artifact@ea165f8d65b6e75b540449e92b4886f43607fa02. For more information see: https://github.blog/changelog/2025-09-19-deprecation-of-node-20-on-github-actions-runners/
