produce U1:() original
produce U1:() relabeled
produce U1:(()) original
produce U1:(()) relabeled
produce U1:((())) original
produce U1:((())) relabeled
produce U1:(()()) original
produce U1:(()()) relabeled
produce U1:(((()))) original
produce U1:(((()))) relabeled
produce U1:((()())) original
produce U1:((()())) relabeled
produce U1:((())()) original
produce U1:((())()) relabeled
produce U1:(()()()) original
produce U1:(()()()) relabeled
produce U1:((((())))) original
produce U1:((((())))) relabeled
produce U1:(((()()))) original
produce U1:(((()()))) relabeled
produce U1:(((())())) original
produce U1:(((())())) relabeled
produce U1:(((()))()) original
produce U1:(((()))()) relabeled
produce U1:((()()())) original
produce U1:((()()())) relabeled
produce U1:((()())()) original
produce U1:((()())()) relabeled
produce U1:((())(())) original
produce U1:((())(())) relabeled
produce U1:((())()()) original
produce U1:((())()()) relabeled
produce U1:(()()()()) original
produce U1:(()()()()) relabeled
produce U2:1 original
produce U2:1 relabeled
produce U2:2 original
produce U2:2 relabeled
produce U2:3 original
produce U2:3 relabeled
produce U2:4 original
produce U2:4 relabeled
{"instances": 42, "pairs": 5818, "triples": 117094, "raw_bytes": 7011626, "raw_sha256": "a9b4d6c28dcb5ffbfcd5a997e2cb12668de37f4360846a45a6b8125985e8ff8a"}
