verified U1:() original {'pairs': 1, 'triples': 1, 'positive_compatible': 3, 'positive_gluable': 3, 'positive_obstructed': 0, 'parent_basis_diagrams': 4, 'balanced_equalizers': 1, 'coordinate_diagrams': 2}
verified U1:() relabeled {'pairs': 1, 'triples': 1, 'positive_compatible': 3, 'positive_gluable': 3, 'positive_obstructed': 0, 'parent_basis_diagrams': 4, 'balanced_equalizers': 1, 'coordinate_diagrams': 2}
verified U1:(()) original {'pairs': 4, 'triples': 8, 'positive_compatible': 21, 'positive_gluable': 21, 'positive_obstructed': 0, 'parent_basis_diagrams': 16, 'balanced_equalizers': 4, 'coordinate_diagrams': 8}
verified U1:(()) relabeled {'pairs': 4, 'triples': 8, 'positive_compatible': 21, 'positive_gluable': 21, 'positive_obstructed': 0, 'parent_basis_diagrams': 16, 'balanced_equalizers': 4, 'coordinate_diagrams': 8}
verified U1:((())) original {'pairs': 9, 'triples': 27, 'positive_compatible': 71, 'positive_gluable': 71, 'positive_obstructed': 0, 'parent_basis_diagrams': 36, 'balanced_equalizers': 9, 'coordinate_diagrams': 18}
verified U1:((())) relabeled {'pairs': 9, 'triples': 27, 'positive_compatible': 71, 'positive_gluable': 71, 'positive_obstructed': 0, 'parent_basis_diagrams': 36, 'balanced_equalizers': 9, 'coordinate_diagrams': 18}
verified U1:(()()) original {'pairs': 16, 'triples': 64, 'positive_compatible': 137, 'positive_gluable': 129, 'positive_obstructed': 8, 'parent_basis_diagrams': 64, 'balanced_equalizers': 16, 'coordinate_diagrams': 32}
verified U1:(()()) relabeled {'pairs': 16, 'triples': 64, 'positive_compatible': 137, 'positive_gluable': 129, 'positive_obstructed': 8, 'parent_basis_diagrams': 64, 'balanced_equalizers': 16, 'coordinate_diagrams': 32}
verified U1:(((()))) original {'pairs': 16, 'triples': 64, 'positive_compatible': 176, 'positive_gluable': 176, 'positive_obstructed': 0, 'parent_basis_diagrams': 64, 'balanced_equalizers': 16, 'coordinate_diagrams': 32}
verified U1:(((()))) relabeled {'pairs': 16, 'triples': 64, 'positive_compatible': 176, 'positive_gluable': 176, 'positive_obstructed': 0, 'parent_basis_diagrams': 64, 'balanced_equalizers': 16, 'coordinate_diagrams': 32}
verified U1:((()())) original {'pairs': 25, 'triples': 125, 'positive_compatible': 296, 'positive_gluable': 286, 'positive_obstructed': 10, 'parent_basis_diagrams': 100, 'balanced_equalizers': 25, 'coordinate_diagrams': 50}
verified U1:((()())) relabeled {'pairs': 25, 'triples': 125, 'positive_compatible': 296, 'positive_gluable': 286, 'positive_obstructed': 10, 'parent_basis_diagrams': 100, 'balanced_equalizers': 25, 'coordinate_diagrams': 50}
verified U1:((())()) original {'pairs': 36, 'triples': 216, 'positive_compatible': 432, 'positive_gluable': 404, 'positive_obstructed': 28, 'parent_basis_diagrams': 144, 'balanced_equalizers': 36, 'coordinate_diagrams': 72}
verified U1:((())()) relabeled {'pairs': 36, 'triples': 216, 'positive_compatible': 432, 'positive_gluable': 404, 'positive_obstructed': 28, 'parent_basis_diagrams': 144, 'balanced_equalizers': 36, 'coordinate_diagrams': 72}
verified U1:(()()()) original {'pairs': 64, 'triples': 512, 'positive_compatible': 846, 'positive_gluable': 732, 'positive_obstructed': 114, 'parent_basis_diagrams': 256, 'balanced_equalizers': 64, 'coordinate_diagrams': 128}
verified U1:(()()()) relabeled {'pairs': 64, 'triples': 512, 'positive_compatible': 846, 'positive_gluable': 732, 'positive_obstructed': 114, 'parent_basis_diagrams': 256, 'balanced_equalizers': 64, 'coordinate_diagrams': 128}
verified U1:((((())))) original {'pairs': 25, 'triples': 125, 'positive_compatible': 365, 'positive_gluable': 365, 'positive_obstructed': 0, 'parent_basis_diagrams': 100, 'balanced_equalizers': 25, 'coordinate_diagrams': 50}
verified U1:((((())))) relabeled {'pairs': 25, 'triples': 125, 'positive_compatible': 365, 'positive_gluable': 365, 'positive_obstructed': 0, 'parent_basis_diagrams': 100, 'balanced_equalizers': 25, 'coordinate_diagrams': 50}
verified U1:(((()()))) original {'pairs': 36, 'triples': 216, 'positive_compatible': 566, 'positive_gluable': 554, 'positive_obstructed': 12, 'parent_basis_diagrams': 144, 'balanced_equalizers': 36, 'coordinate_diagrams': 72}
verified U1:(((()()))) relabeled {'pairs': 36, 'triples': 216, 'positive_compatible': 566, 'positive_gluable': 554, 'positive_obstructed': 12, 'parent_basis_diagrams': 144, 'balanced_equalizers': 36, 'coordinate_diagrams': 72}
verified U1:(((())())) original {'pairs': 49, 'triples': 343, 'positive_compatible': 782, 'positive_gluable': 748, 'positive_obstructed': 34, 'parent_basis_diagrams': 196, 'balanced_equalizers': 49, 'coordinate_diagrams': 98}
verified U1:(((())())) relabeled {'pairs': 49, 'triples': 343, 'positive_compatible': 782, 'positive_gluable': 748, 'positive_obstructed': 34, 'parent_basis_diagrams': 196, 'balanced_equalizers': 49, 'coordinate_diagrams': 98}
verified U1:(((()))()) original {'pairs': 64, 'triples': 512, 'positive_compatible': 1014, 'positive_gluable': 950, 'positive_obstructed': 64, 'parent_basis_diagrams': 256, 'balanced_equalizers': 64, 'coordinate_diagrams': 128}
verified U1:(((()))()) relabeled {'pairs': 64, 'triples': 512, 'positive_compatible': 1014, 'positive_gluable': 950, 'positive_obstructed': 64, 'parent_basis_diagrams': 256, 'balanced_equalizers': 64, 'coordinate_diagrams': 128}
verified U1:((()()())) original {'pairs': 81, 'triples': 729, 'positive_compatible': 1413, 'positive_gluable': 1275, 'positive_obstructed': 138, 'parent_basis_diagrams': 324, 'balanced_equalizers': 81, 'coordinate_diagrams': 162}
verified U1:((()()())) relabeled {'pairs': 81, 'triples': 729, 'positive_compatible': 1413, 'positive_gluable': 1275, 'positive_obstructed': 138, 'parent_basis_diagrams': 324, 'balanced_equalizers': 81, 'coordinate_diagrams': 162}
verified U1:((()())()) original {'pairs': 100, 'triples': 1000, 'positive_compatible': 1667, 'positive_gluable': 1537, 'positive_obstructed': 130, 'parent_basis_diagrams': 400, 'balanced_equalizers': 100, 'coordinate_diagrams': 200}
verified U1:((()())()) relabeled {'pairs': 100, 'triples': 1000, 'positive_compatible': 1667, 'positive_gluable': 1537, 'positive_obstructed': 130, 'parent_basis_diagrams': 400, 'balanced_equalizers': 100, 'coordinate_diagrams': 200}
verified U1:((())(())) original {'pairs': 81, 'triples': 729, 'positive_compatible': 1302, 'positive_gluable': 1204, 'positive_obstructed': 98, 'parent_basis_diagrams': 324, 'balanced_equalizers': 81, 'coordinate_diagrams': 162}
verified U1:((())(())) relabeled {'pairs': 81, 'triples': 729, 'positive_compatible': 1302, 'positive_gluable': 1204, 'positive_obstructed': 98, 'parent_basis_diagrams': 324, 'balanced_equalizers': 81, 'coordinate_diagrams': 162}
verified U1:((())()()) original {'pairs': 144, 'triples': 1728, 'positive_compatible': 2537, 'positive_gluable': 2177, 'positive_obstructed': 360, 'parent_basis_diagrams': 576, 'balanced_equalizers': 144, 'coordinate_diagrams': 288}
verified U1:((())()()) relabeled {'pairs': 144, 'triples': 1728, 'positive_compatible': 2537, 'positive_gluable': 2177, 'positive_obstructed': 360, 'parent_basis_diagrams': 576, 'balanced_equalizers': 144, 'coordinate_diagrams': 288}
verified U1:(()()()()) original {'pairs': 256, 'triples': 4096, 'positive_compatible': 4998, 'positive_gluable': 3936, 'positive_obstructed': 1062, 'parent_basis_diagrams': 1024, 'balanced_equalizers': 256, 'coordinate_diagrams': 512}
verified U1:(()()()()) relabeled {'pairs': 256, 'triples': 4096, 'positive_compatible': 4998, 'positive_gluable': 3936, 'positive_obstructed': 1062, 'parent_basis_diagrams': 1024, 'balanced_equalizers': 256, 'coordinate_diagrams': 512}
verified U2:1 original {'pairs': 625, 'triples': 15625, 'positive_compatible': 17171, 'positive_gluable': 15561, 'positive_obstructed': 1610, 'parent_basis_diagrams': 0, 'balanced_equalizers': 625, 'coordinate_diagrams': 1250}
verified U2:1 relabeled {'pairs': 625, 'triples': 15625, 'positive_compatible': 17171, 'positive_gluable': 15561, 'positive_obstructed': 1610, 'parent_basis_diagrams': 0, 'balanced_equalizers': 625, 'coordinate_diagrams': 1250}
verified U2:2 original {'pairs': 121, 'triples': 1331, 'positive_compatible': 2617, 'positive_gluable': 2463, 'positive_obstructed': 154, 'parent_basis_diagrams': 0, 'balanced_equalizers': 121, 'coordinate_diagrams': 242}
verified U2:2 relabeled {'pairs': 121, 'triples': 1331, 'positive_compatible': 2617, 'positive_gluable': 2463, 'positive_obstructed': 154, 'parent_basis_diagrams': 0, 'balanced_equalizers': 121, 'coordinate_diagrams': 242}
verified U2:3 original {'pairs': 900, 'triples': 27000, 'positive_compatible': 26016, 'positive_gluable': 22120, 'positive_obstructed': 3896, 'parent_basis_diagrams': 0, 'balanced_equalizers': 900, 'coordinate_diagrams': 1800}
verified U2:3 relabeled {'pairs': 900, 'triples': 27000, 'positive_compatible': 26016, 'positive_gluable': 22120, 'positive_obstructed': 3896, 'parent_basis_diagrams': 0, 'balanced_equalizers': 900, 'coordinate_diagrams': 1800}
verified U2:4 original {'pairs': 256, 'triples': 4096, 'positive_compatible': 6532, 'positive_gluable': 6020, 'positive_obstructed': 512, 'parent_basis_diagrams': 0, 'balanced_equalizers': 256, 'coordinate_diagrams': 512}
verified U2:4 relabeled {'pairs': 256, 'triples': 4096, 'positive_compatible': 6532, 'positive_gluable': 6020, 'positive_obstructed': 512, 'parent_basis_diagrams': 0, 'balanced_equalizers': 256, 'coordinate_diagrams': 512}
{"checks_executed": 3083939, "execution_status": "COMPLETED", "input_validity": "VALID", "instances": 42, "parent_comparison_dimension_preserved": 4, "proof_status": "bounded exact certificates; general arguments O1-O7", "raw_sha256": "a9b4d6c28dcb5ffbfcd5a997e2cb12668de37f4360846a45a6b8125985e8ff8a", "scope": "shared finite prefix trees; formal signed and nonnegative rational diagnostics", "shape_counts": {"1": 1, "2": 1, "3": 2, "4": 4, "5": 9}, "totals": {"balanced_equalizers": 5818, "coordinate_diagrams": 11636, "pairs": 5818, "parent_basis_diagrams": 8056, "positive_compatible": 137924, "positive_gluable": 121464, "positive_obstructed": 16460, "triples": 117094}, "version": "16.23", "witnesses": {"pair": {"all_pairs_positive_gluable": false, "positive_global_exists": false, "unique_signed_global": ["-1", "1", "1"]}, "triple": {"all_pairs_positive_gluable": true, "positive_global_exists": false, "unique_signed_global": ["-1", "1", "1", "1"]}}}
