2026-09-29T04:04:20.9944958Z Current runner version: '2.337.0'
2026-09-29T04:04:20.9982196Z ##[group]Runner Image Provisioner
2026-09-29T04:04:20.9983718Z Hosted Compute Agent
2026-09-29T04:04:20.9984717Z Version: 20260828.587
2026-09-29T04:04:20.9985798Z Commit: abac92662cab4cc7352de4f9f9d2e2419aad9c29
2026-09-29T04:04:20.9987107Z Build Date: 2026-08-28T16:44:25Z
2026-09-29T04:04:20.9988223Z Worker ID: {8f22a114-1425-4d29-96ae-0a08d53a9d69}
2026-09-29T04:04:20.9989804Z Azure Region: eastus2
2026-09-29T04:04:20.9990841Z ##[endgroup]
2026-09-29T04:04:20.9993063Z ##[group]Operating System
2026-09-29T04:04:20.9994238Z Ubuntu
2026-09-29T04:04:20.9995105Z 24.04.5
2026-09-29T04:04:20.9996009Z LTS
2026-09-29T04:04:20.9996931Z ##[endgroup]
2026-09-29T04:04:20.9998338Z ##[group]Runner Image
2026-09-29T04:04:20.9999628Z Image: ubuntu-24.04
2026-09-29T04:04:21.0000657Z Version: 20260920.314.1
2026-09-29T04:04:21.0002931Z Included Software: https://github.com/actions/runner-images/blob/ubuntu24/20260920.314/images/ubuntu/Ubuntu2404-Readme.md
2026-09-29T04:04:21.0005788Z Image Release: https://github.com/actions/runner-images/releases/tag/ubuntu24%2F20260920.314
2026-09-29T04:04:21.0007508Z ##[endgroup]
2026-09-29T04:04:21.0009752Z ##[group]GITHUB_TOKEN Permissions
2026-09-29T04:04:21.0012707Z Contents: read
2026-09-29T04:04:21.0013804Z Metadata: read
2026-09-29T04:04:21.0014756Z ##[endgroup]
2026-09-29T04:04:21.0017705Z Secret source: Actions
2026-09-29T04:04:21.0019575Z Cache mode: write
2026-09-29T04:04:21.0021086Z Prepare workflow directory
2026-09-29T04:04:21.0595178Z Prepare all required actions
2026-09-29T04:04:21.0667473Z Getting action download info
2026-09-29T04:04:21.2804939Z Download action repository 'actions/checkout@11d5960a326750d5838078e36cf38b85af677262' (SHA:11d5960a326750d5838078e36cf38b85af677262)
2026-09-29T04:04:21.3894537Z Download action repository 'actions/setup-python@a26af69be951a213d495a4c3e4e4022e16d87065' (SHA:a26af69be951a213d495a4c3e4e4022e16d87065)
2026-09-29T04:04:21.5669994Z Download action repository 'actions/upload-artifact@ea165f8d65b6e75b540449e92b4886f43607fa02' (SHA:ea165f8d65b6e75b540449e92b4886f43607fa02)
2026-09-29T04:04:21.7722181Z Complete job name: verify
2026-09-29T04:04:21.8489468Z ##[group]Run actions/checkout@11d5960a326750d5838078e36cf38b85af677262
2026-09-29T04:04:21.8490583Z with:
2026-09-29T04:04:21.8491093Z   repository: proteinfoldingengine/WetLabEngine
2026-09-29T04:04:21.8494812Z   token: ***
2026-09-29T04:04:21.8495247Z   ssh-strict: true
2026-09-29T04:04:21.8495675Z   ssh-user: git
2026-09-29T04:04:21.8496110Z   persist-credentials: true
2026-09-29T04:04:21.8496599Z   clean: true
2026-09-29T04:04:21.8497108Z   sparse-checkout-cone-mode: true
2026-09-29T04:04:21.8497634Z   fetch-depth: 1
2026-09-29T04:04:21.8498068Z   fetch-tags: false
2026-09-29T04:04:21.8498541Z   show-progress: true
2026-09-29T04:04:21.8498980Z   lfs: false
2026-09-29T04:04:21.8499573Z   submodules: false
2026-09-29T04:04:21.8500020Z   set-safe-directory: true
2026-09-29T04:04:21.8500540Z   allow-unsafe-pr-checkout: false
2026-09-29T04:04:21.8501338Z env:
2026-09-29T04:04:21.8501938Z   P: ResearchHistory/UQCF-GEM/demos/v16.22-response-selection-closure
2026-09-29T04:04:21.8502690Z ##[endgroup]
2026-09-29T04:04:21.9521311Z Syncing repository: proteinfoldingengine/WetLabEngine
2026-09-29T04:04:21.9523191Z ##[group]Getting Git version info
2026-09-29T04:04:21.9524013Z Working directory is '/home/runner/work/WetLabEngine/WetLabEngine'
2026-09-29T04:04:21.9525052Z [command]/usr/bin/git version
2026-09-29T04:04:21.9631556Z git version 2.55.0
2026-09-29T04:04:21.9653174Z ##[endgroup]
2026-09-29T04:04:21.9677248Z Temporarily overriding HOME='/home/runner/work/_temp/aff2f927-0ffe-4853-bcb1-2c7403dc611e' before making global git config changes
2026-09-29T04:04:21.9687831Z Adding repository directory to the temporary git global config as a safe directory
2026-09-29T04:04:21.9690107Z [command]/usr/bin/git config --global --add safe.directory /home/runner/work/WetLabEngine/WetLabEngine
2026-09-29T04:04:21.9758573Z Deleting the contents of '/home/runner/work/WetLabEngine/WetLabEngine'
2026-09-29T04:04:21.9763355Z ##[group]Initializing the repository
2026-09-29T04:04:21.9767045Z [command]/usr/bin/git init /home/runner/work/WetLabEngine/WetLabEngine
2026-09-29T04:04:21.9894646Z hint: Using 'master' as the name for the initial branch. This default branch name
2026-09-29T04:04:21.9901241Z hint: will change to "main" in Git 3.0. To configure the initial branch name
2026-09-29T04:04:21.9910684Z hint: to use in all of your new repositories, which will suppress this warning,
2026-09-29T04:04:21.9922575Z hint: call:
2026-09-29T04:04:21.9923465Z hint:
2026-09-29T04:04:21.9924466Z hint: 	git config --global init.defaultBranch <name>
2026-09-29T04:04:21.9925646Z hint:
2026-09-29T04:04:21.9926938Z hint: Names commonly chosen instead of 'master' are 'main', 'trunk' and
2026-09-29T04:04:21.9928911Z hint: 'development'. The just-created branch can be renamed via this command:
2026-09-29T04:04:21.9930713Z hint:
2026-09-29T04:04:21.9932145Z hint: 	git branch -m <name>
2026-09-29T04:04:21.9933405Z hint:
2026-09-29T04:04:21.9935163Z hint: Disable this message with "git config set advice.defaultBranchName false"
2026-09-29T04:04:21.9937516Z Initialized empty Git repository in /home/runner/work/WetLabEngine/WetLabEngine/.git/
2026-09-29T04:04:21.9941705Z [command]/usr/bin/git remote add origin https://github.com/proteinfoldingengine/WetLabEngine
2026-09-29T04:04:21.9976480Z ##[endgroup]
2026-09-29T04:04:21.9978000Z ##[group]Disabling automatic garbage collection
2026-09-29T04:04:21.9981237Z [command]/usr/bin/git config --local gc.auto 0
2026-09-29T04:04:22.0017456Z ##[endgroup]
2026-09-29T04:04:22.0019413Z ##[group]Setting up auth
2026-09-29T04:04:22.0025346Z [command]/usr/bin/git config --local --name-only --get-regexp core\.sshCommand
2026-09-29T04:04:22.0060153Z [command]/usr/bin/git submodule foreach --recursive sh -c "git config --local --name-only --get-regexp 'core\.sshCommand' && git config --local --unset-all 'core.sshCommand' || :"
2026-09-29T04:04:22.0517395Z [command]/usr/bin/git config --local --name-only --get-regexp http\.https\:\/\/github\.com\/\.extraheader
2026-09-29T04:04:22.0577540Z [command]/usr/bin/git submodule foreach --recursive sh -c "git config --local --name-only --get-regexp 'http\.https\:\/\/github\.com\/\.extraheader' && git config --local --unset-all 'http.https://github.com/.extraheader' || :"
2026-09-29T04:04:22.0855324Z [command]/usr/bin/git config --local --name-only --get-regexp ^includeIf\.gitdir:
2026-09-29T04:04:22.0895260Z [command]/usr/bin/git submodule foreach --recursive git config --local --show-origin --name-only --get-regexp remote.origin.url
2026-09-29T04:04:22.1132726Z [command]/usr/bin/git config --local http.https://github.com/.extraheader AUTHORIZATION: basic ***
2026-09-29T04:04:22.1183054Z ##[endgroup]
2026-09-29T04:04:22.1184253Z ##[group]Fetching the repository
2026-09-29T04:04:22.1195625Z [command]/usr/bin/git -c protocol.version=2 fetch --no-tags --prune --no-recurse-submodules --depth=1 origin +1167e88ee38c332de27ed2d96795c036f7f521e8:refs/remotes/origin/research/v16.22-response-selection-closure
2026-09-29T04:04:32.3765611Z From https://github.com/proteinfoldingengine/WetLabEngine
2026-09-29T04:04:32.3768881Z  * [new ref]         1167e88ee38c332de27ed2d96795c036f7f521e8 -> origin/research/v16.22-response-selection-closure
2026-09-29T04:04:32.3772688Z ##[endgroup]
2026-09-29T04:04:32.3775604Z ##[group]Determining the checkout info
2026-09-29T04:04:32.3776666Z ##[endgroup]
2026-09-29T04:04:32.3780284Z [command]/usr/bin/git sparse-checkout disable
2026-09-29T04:04:32.4172626Z [command]/usr/bin/git config --local --unset-all extensions.worktreeConfig
2026-09-29T04:04:32.4221053Z ##[group]Checking out the ref
2026-09-29T04:04:32.4232036Z [command]/usr/bin/git checkout --progress --force -B research/v16.22-response-selection-closure refs/remotes/origin/research/v16.22-response-selection-closure
2026-09-29T04:04:33.4745508Z Updating files:  46% (2214/4742)
2026-09-29T04:04:33.4778627Z Updating files:  47% (2229/4742)
2026-09-29T04:04:33.4828932Z Updating files:  48% (2277/4742)
2026-09-29T04:04:33.4859872Z Updating files:  49% (2324/4742)
2026-09-29T04:04:33.4886292Z Updating files:  50% (2371/4742)
2026-09-29T04:04:33.4920533Z Updating files:  51% (2419/4742)
2026-09-29T04:04:33.5253262Z Updating files:  52% (2466/4742)
2026-09-29T04:04:33.5661410Z Updating files:  53% (2514/4742)
2026-09-29T04:04:33.5684648Z Updating files:  54% (2561/4742)
2026-09-29T04:04:33.5704591Z Updating files:  55% (2609/4742)
2026-09-29T04:04:33.5831364Z Updating files:  56% (2656/4742)
2026-09-29T04:04:33.5876625Z Updating files:  57% (2703/4742)
2026-09-29T04:04:33.5999929Z Updating files:  58% (2751/4742)
2026-09-29T04:04:33.6158408Z Updating files:  59% (2798/4742)
2026-09-29T04:04:33.6207668Z Updating files:  60% (2846/4742)
2026-09-29T04:04:33.6234310Z Updating files:  61% (2893/4742)
2026-09-29T04:04:33.6638055Z Updating files:  62% (2941/4742)
2026-09-29T04:04:33.7784028Z Updating files:  63% (2988/4742)
2026-09-29T04:04:33.9754476Z Updating files:  64% (3035/4742)
2026-09-29T04:04:33.9775938Z Updating files:  65% (3083/4742)
2026-09-29T04:04:34.0781118Z Updating files:  66% (3130/4742)
2026-09-29T04:04:34.2124109Z Updating files:  67% (3178/4742)
2026-09-29T04:04:34.2738601Z Updating files:  68% (3225/4742)
2026-09-29T04:04:34.3125346Z Updating files:  69% (3272/4742)
2026-09-29T04:04:34.3612908Z Updating files:  70% (3320/4742)
2026-09-29T04:04:34.3728180Z Updating files:  71% (3367/4742)
2026-09-29T04:04:34.3772533Z Updating files:  72% (3415/4742)
2026-09-29T04:04:34.4238657Z Updating files:  73% (3462/4742)
2026-09-29T04:04:34.4277897Z Updating files:  74% (3510/4742)
2026-09-29T04:04:34.4304620Z Updating files:  75% (3557/4742)
2026-09-29T04:04:34.4335392Z Updating files:  76% (3604/4742)
2026-09-29T04:04:34.4342414Z Updating files:  77% (3652/4742)
2026-09-29T04:04:34.4378454Z Updating files:  77% (3658/4742)
2026-09-29T04:04:34.4420435Z Updating files:  78% (3699/4742)
2026-09-29T04:04:34.4450893Z Updating files:  79% (3747/4742)
2026-09-29T04:04:34.4480258Z Updating files:  80% (3794/4742)
2026-09-29T04:04:34.4511443Z Updating files:  81% (3842/4742)
2026-09-29T04:04:34.4534326Z Updating files:  82% (3889/4742)
2026-09-29T04:04:34.4613406Z Updating files:  83% (3936/4742)
2026-09-29T04:04:34.4710879Z Updating files:  84% (3984/4742)
2026-09-29T04:04:34.8363878Z Updating files:  85% (4031/4742)
2026-09-29T04:04:34.8434636Z Updating files:  86% (4079/4742)
2026-09-29T04:04:34.8584572Z Updating files:  87% (4126/4742)
2026-09-29T04:04:34.8807735Z Updating files:  88% (4173/4742)
2026-09-29T04:04:34.9001419Z Updating files:  89% (4221/4742)
2026-09-29T04:04:34.9267541Z Updating files:  90% (4268/4742)
2026-09-29T04:04:34.9576931Z Updating files:  91% (4316/4742)
2026-09-29T04:04:34.9893281Z Updating files:  92% (4363/4742)
2026-09-29T04:04:34.9945037Z Updating files:  93% (4411/4742)
2026-09-29T04:04:34.9986169Z Updating files:  94% (4458/4742)
2026-09-29T04:04:35.0076751Z Updating files:  95% (4505/4742)
2026-09-29T04:04:35.0120079Z Updating files:  96% (4553/4742)
2026-09-29T04:04:35.0162909Z Updating files:  97% (4600/4742)
2026-09-29T04:04:35.0301283Z Updating files:  98% (4648/4742)
2026-09-29T04:04:35.0342362Z Updating files:  99% (4695/4742)
2026-09-29T04:04:35.0342882Z Updating files: 100% (4742/4742)
2026-09-29T04:04:35.0343412Z Updating files: 100% (4742/4742), done.
2026-09-29T04:04:35.0413140Z Switched to a new branch 'research/v16.22-response-selection-closure'
2026-09-29T04:04:35.0420024Z branch 'research/v16.22-response-selection-closure' set up to track 'origin/research/v16.22-response-selection-closure'.
2026-09-29T04:04:35.0514330Z ##[endgroup]
2026-09-29T04:04:35.0572700Z [command]/usr/bin/git log -1 --format=%H
2026-09-29T04:04:35.0601120Z 1167e88ee38c332de27ed2d96795c036f7f521e8
2026-09-29T04:04:35.0944266Z ##[group]Run actions/setup-python@a26af69be951a213d495a4c3e4e4022e16d87065
2026-09-29T04:04:35.0944680Z with:
2026-09-29T04:04:35.0944897Z   python-version: 3.11
2026-09-29T04:04:35.0945127Z   check-latest: false
2026-09-29T04:04:35.0947539Z   token: ***
2026-09-29T04:04:35.0947764Z   update-environment: true
2026-09-29T04:04:35.0948012Z   allow-prereleases: false
2026-09-29T04:04:35.0948241Z   freethreaded: false
2026-09-29T04:04:35.0948449Z env:
2026-09-29T04:04:35.0948744Z   P: ResearchHistory/UQCF-GEM/demos/v16.22-response-selection-closure
2026-09-29T04:04:35.0949306Z ##[endgroup]
2026-09-29T04:04:35.2285136Z ##[group]Installed versions
2026-09-29T04:04:35.2387065Z (node:2256) [DEP0040] DeprecationWarning: The `punycode` module is deprecated. Please use a userland alternative instead.
2026-09-29T04:04:35.2388172Z (Use `node --trace-deprecation ...` to show where the warning was created)
2026-09-29T04:04:35.2389439Z Successfully set up CPython (3.11.16)
2026-09-29T04:04:35.2390509Z ##[endgroup]
2026-09-29T04:04:35.2566551Z ##[group]Run python -m pip install sympy==1.13.3 mpmath==1.3.0
2026-09-29T04:04:35.2567294Z [36;1mpython -m pip install sympy==1.13.3 mpmath==1.3.0[0m
2026-09-29T04:04:35.3082992Z shell: /usr/bin/bash -e {0}
2026-09-29T04:04:35.3083371Z env:
2026-09-29T04:04:35.3083773Z   P: ResearchHistory/UQCF-GEM/demos/v16.22-response-selection-closure
2026-09-29T04:04:35.3084360Z   pythonLocation: /opt/hostedtoolcache/Python/3.11.16/x64
2026-09-29T04:04:35.3084947Z   PKG_CONFIG_PATH: /opt/hostedtoolcache/Python/3.11.16/x64/lib/pkgconfig
2026-09-29T04:04:35.3085521Z   Python_ROOT_DIR: /opt/hostedtoolcache/Python/3.11.16/x64
2026-09-29T04:04:35.3086017Z   Python2_ROOT_DIR: /opt/hostedtoolcache/Python/3.11.16/x64
2026-09-29T04:04:35.3086516Z   Python3_ROOT_DIR: /opt/hostedtoolcache/Python/3.11.16/x64
2026-09-29T04:04:35.3087019Z   LD_LIBRARY_PATH: /opt/hostedtoolcache/Python/3.11.16/x64/lib
2026-09-29T04:04:35.3087441Z ##[endgroup]
2026-09-29T04:04:40.5303436Z Collecting sympy==1.13.3
2026-09-29T04:04:40.5916142Z   Downloading sympy-1.13.3-py3-none-any.whl.metadata (12 kB)
2026-09-29T04:04:40.6112477Z Collecting mpmath==1.3.0
2026-09-29T04:04:40.6190813Z   Downloading mpmath-1.3.0-py3-none-any.whl.metadata (8.6 kB)
2026-09-29T04:04:40.6339780Z Downloading sympy-1.13.3-py3-none-any.whl (6.2 MB)
2026-09-29T04:04:40.7857438Z    ━━━━━━━━━━━━━━━━━━━━━━━━━━━━━━━━━━━━━━━━ 6.2/6.2 MB 45.7 MB/s  0:00:00
2026-09-29T04:04:40.7940617Z Downloading mpmath-1.3.0-py3-none-any.whl (536 kB)
2026-09-29T04:04:40.8040671Z    ━━━━━━━━━━━━━━━━━━━━━━━━━━━━━━━━━━━━━━━━ 536.2/536.2 kB 40.7 MB/s  0:00:00
2026-09-29T04:04:41.1713731Z Installing collected packages: mpmath, sympy
2026-09-29T04:04:46.6288394Z 
2026-09-29T04:04:46.6297172Z Successfully installed mpmath-1.3.0 sympy-1.13.3
2026-09-29T04:04:46.6754831Z ##[group]Run mkdir -p "$P/evidence"
2026-09-29T04:04:46.6755201Z [36;1mmkdir -p "$P/evidence"[0m
2026-09-29T04:04:46.6755552Z [36;1mpython -m pip freeze > "$P/evidence/dependencies.txt"[0m
2026-09-29T04:04:46.6755910Z [36;1mset +e[0m
2026-09-29T04:04:46.6756237Z [36;1m(cd "$P" && python -m unittest discover -v) > "$P/evidence/test.log" 2>&1[0m
2026-09-29T04:04:46.6756619Z [36;1mrc=$?[0m
2026-09-29T04:04:46.6756837Z [36;1mcat "$P/evidence/test.log"[0m
2026-09-29T04:04:46.6757219Z [36;1mprintf 'new_tests\t%s\n' "$rc" >> "$P/evidence/exit_codes.tsv"[0m
2026-09-29T04:04:46.6757596Z [36;1mexit "$rc"[0m
2026-09-29T04:04:46.6824728Z shell: /usr/bin/bash -e {0}
2026-09-29T04:04:46.6824996Z env:
2026-09-29T04:04:46.6825315Z   P: ResearchHistory/UQCF-GEM/demos/v16.22-response-selection-closure
2026-09-29T04:04:46.6825785Z   pythonLocation: /opt/hostedtoolcache/Python/3.11.16/x64
2026-09-29T04:04:46.6826263Z   PKG_CONFIG_PATH: /opt/hostedtoolcache/Python/3.11.16/x64/lib/pkgconfig
2026-09-29T04:04:46.6826706Z   Python_ROOT_DIR: /opt/hostedtoolcache/Python/3.11.16/x64
2026-09-29T04:04:46.6827100Z   Python2_ROOT_DIR: /opt/hostedtoolcache/Python/3.11.16/x64
2026-09-29T04:04:46.6827491Z   Python3_ROOT_DIR: /opt/hostedtoolcache/Python/3.11.16/x64
2026-09-29T04:04:46.6827887Z   LD_LIBRARY_PATH: /opt/hostedtoolcache/Python/3.11.16/x64/lib
2026-09-29T04:04:46.6828222Z ##[endgroup]
2026-09-29T04:04:47.6830120Z test_actual_source_and_potential_maps (test_gate.Tests.test_actual_source_and_potential_maps) ... ok
2026-09-29T04:04:47.6831347Z test_arbitrary_overall_scale_is_not_fixed_inverse (test_gate.Tests.test_arbitrary_overall_scale_is_not_fixed_inverse) ... ok
2026-09-29T04:04:47.6832077Z test_corrupted_basis_rejected (test_gate.Tests.test_corrupted_basis_rejected) ... ok
2026-09-29T04:04:47.6832639Z test_false_nullity_rejected (test_gate.Tests.test_false_nullity_rejected) ... ok
2026-09-29T04:04:47.6833549Z test_incomplete_basis_rejected (test_gate.Tests.test_incomplete_basis_rejected) ... ok
2026-09-29T04:04:47.6834527Z test_independent_enumeration (test_gate.Tests.test_independent_enumeration) ... ok
2026-09-29T04:04:47.6835409Z test_invalid_parents_and_embeddings_rejected (test_gate.Tests.test_invalid_parents_and_embeddings_rejected) ... ok
2026-09-29T04:04:47.6836209Z test_linear_but_label_selected_response_rejected (test_gate.Tests.test_linear_but_label_selected_response_rejected) ... ok
2026-09-29T04:04:47.6836929Z test_missing_constraint_rejected (test_gate.Tests.test_missing_constraint_rejected) ... ok
2026-09-29T04:04:47.6837556Z test_missing_embedding_rejected (test_gate.Tests.test_missing_embedding_rejected) ... ok
2026-09-29T04:04:47.6838178Z test_missing_required_field_rejected (test_gate.Tests.test_missing_required_field_rejected) ... ok
2026-09-29T04:04:47.6838796Z test_nonpermutation_coordinates (test_gate.Tests.test_nonpermutation_coordinates) ... ok
2026-09-29T04:04:47.6839776Z test_nonproportional_witness_is_not_new_inverse (test_gate.Tests.test_nonproportional_witness_is_not_new_inverse) ... ok
2026-09-29T04:04:47.6840457Z test_root_and_small_universes (test_gate.Tests.test_root_and_small_universes) ... ok
2026-09-29T04:04:47.6841111Z test_storage_order_and_nullspace_basis_change (test_gate.Tests.test_storage_order_and_nullspace_basis_change) ... ok
2026-09-29T04:04:47.6841925Z test_unrestricted_solver_and_complete_verification (test_gate.Tests.test_unrestricted_solver_and_complete_verification) ... ok
2026-09-29T04:04:47.6842684Z test_wrong_domain_and_scalar_rejected (test_gate.Tests.test_wrong_domain_and_scalar_rejected) ... ok
2026-09-29T04:04:47.6843338Z test_wrong_original_inverse_rejected (test_gate.Tests.test_wrong_original_inverse_rejected) ... ok
2026-09-29T04:04:47.6844122Z test_boolean_parent_is_not_an_integer_identifier (test_schema.ParentScalarTests.test_boolean_parent_is_not_an_integer_identifier) ... ok
2026-09-29T04:04:47.6845285Z test_float_parent_is_not_an_integer_identifier (test_schema.ParentScalarTests.test_float_parent_is_not_an_integer_identifier) ... ok
2026-09-29T04:04:47.6845801Z 
2026-09-29T04:04:47.6845960Z ----------------------------------------------------------------------
2026-09-29T04:04:47.6846328Z Ran 20 tests in 0.148s
2026-09-29T04:04:47.6846465Z 
2026-09-29T04:04:47.6846550Z OK
2026-09-29T04:04:47.6876309Z ##[group]Run set +e
2026-09-29T04:04:47.6876585Z [36;1mset +e[0m
2026-09-29T04:04:47.6877265Z [36;1m(cd ResearchHistory/UQCF-GEM/demos/v15.56-response-selector-obstruction && python -m unittest -v test_pruning_consistency_audit) > "$P/evidence/parent.log" 2>&1[0m
2026-09-29T04:04:47.6878001Z [36;1ma=$?[0m
2026-09-29T04:04:47.6878533Z [36;1m(cd ResearchHistory/UQCF-GEM/foundational-closure-verification && python tests/test_fcv.py) > "$P/evidence/v1621.log" 2>&1[0m
2026-09-29T04:04:47.6879473Z [36;1mb=$?[0m
2026-09-29T04:04:47.6879947Z [36;1mcat "$P/evidence/parent.log" "$P/evidence/v1621.log"[0m
2026-09-29T04:04:47.6880489Z [36;1mprintf 'inherited_exact\t%s\nv1621\t%s\n' "$a" "$b" >> "$P/evidence/exit_codes.tsv"[0m
2026-09-29T04:04:47.6880952Z [36;1mtest "$a" -eq 0 && test "$b" -eq 0[0m
2026-09-29T04:04:47.6944150Z shell: /usr/bin/bash -e {0}
2026-09-29T04:04:47.6944514Z env:
2026-09-29T04:04:47.6944960Z   P: ResearchHistory/UQCF-GEM/demos/v16.22-response-selection-closure
2026-09-29T04:04:47.6945439Z   pythonLocation: /opt/hostedtoolcache/Python/3.11.16/x64
2026-09-29T04:04:47.6945894Z   PKG_CONFIG_PATH: /opt/hostedtoolcache/Python/3.11.16/x64/lib/pkgconfig
2026-09-29T04:04:47.6946331Z   Python_ROOT_DIR: /opt/hostedtoolcache/Python/3.11.16/x64
2026-09-29T04:04:47.6946888Z   Python2_ROOT_DIR: /opt/hostedtoolcache/Python/3.11.16/x64
2026-09-29T04:04:47.6947297Z   Python3_ROOT_DIR: /opt/hostedtoolcache/Python/3.11.16/x64
2026-09-29T04:04:47.6947730Z   LD_LIBRARY_PATH: /opt/hostedtoolcache/Python/3.11.16/x64/lib
2026-09-29T04:04:47.6948061Z ##[endgroup]
2026-09-29T04:04:49.7033506Z test_checker_exists (test_pruning_consistency_audit.Availability.test_checker_exists) ... ok
2026-09-29T04:04:49.7035214Z test_centering_discrepancy_is_rank_one (test_pruning_consistency_audit.ExactPruningTests.test_centering_discrepancy_is_rank_one) ... ok
2026-09-29T04:04:49.7037220Z test_depth_measures_are_identical_not_independent_controls (test_pruning_consistency_audit.ExactPruningTests.test_depth_measures_are_identical_not_independent_controls) ... ok
2026-09-29T04:04:49.7039578Z test_equal_size_fibers_allow_original_full_source_equation (test_pruning_consistency_audit.ExactPruningTests.test_equal_size_fibers_allow_original_full_source_equation) ... ok
2026-09-29T04:04:49.7041165Z test_exact_balanced_operator_identity_for_all_sources (test_pruning_consistency_audit.ExactPruningTests.test_exact_balanced_operator_identity_for_all_sources) ... ok
2026-09-29T04:04:49.7042927Z test_exact_solver_rejects_inconsistent_system (test_pruning_consistency_audit.ExactPruningTests.test_exact_solver_rejects_inconsistent_system) ... ok
2026-09-29T04:04:49.7044881Z test_forgotten_contrast_invisible_only_after_correct_response_map (test_pruning_consistency_audit.ExactPruningTests.test_forgotten_contrast_invisible_only_after_correct_response_map) ... ok
2026-09-29T04:04:49.7046324Z test_frozen_fiber_sizes_and_constant_source_witnesses (test_pruning_consistency_audit.ExactPruningTests.test_frozen_fiber_sizes_and_constant_source_witnesses) ... ok
2026-09-29T04:04:49.7047594Z test_frozen_old_counting_defects_reproduce (test_pruning_consistency_audit.ExactPruningTests.test_frozen_old_counting_defects_reproduce) ... ok
2026-09-29T04:04:49.7048803Z test_identity_pruning_has_no_constant_obstruction (test_pruning_consistency_audit.ExactPruningTests.test_identity_pruning_has_no_constant_obstruction) ... ok
2026-09-29T04:04:49.7050146Z test_invalid_lineage_is_rejected (test_pruning_consistency_audit.ExactPruningTests.test_invalid_lineage_is_rejected) ... ok
2026-09-29T04:04:49.7051022Z test_known_chain_laplacian_and_green (test_pruning_consistency_audit.ExactPruningTests.test_known_chain_laplacian_and_green) ... ok
2026-09-29T04:04:49.7052050Z test_only_normalized_fiber_local_solution_is_restriction (test_pruning_consistency_audit.ExactPruningTests.test_only_normalized_fiber_local_solution_is_restriction) ... ok
2026-09-29T04:04:49.7053408Z test_serialized_result_is_deterministic (test_pruning_consistency_audit.ExactPruningTests.test_serialized_result_is_deterministic) ... ok
2026-09-29T04:04:49.7054506Z test_singleton_coarse_is_degenerate_not_strict_positive_nogo (test_pruning_consistency_audit.ExactPruningTests.test_singleton_coarse_is_degenerate_not_strict_positive_nogo) ... ok
2026-09-29T04:04:49.7055181Z 
2026-09-29T04:04:49.7055346Z ----------------------------------------------------------------------
2026-09-29T04:04:49.7055695Z Ran 15 tests in 1.248s
2026-09-29T04:04:49.7055832Z 
2026-09-29T04:04:49.7055918Z OK
2026-09-29T04:04:49.7056254Z test_actual_old_kernel_witness (__main__.Tests.test_actual_old_kernel_witness) ... ok
2026-09-29T04:04:49.7056868Z test_bare_filtration_scaling_and_shear (__main__.Tests.test_bare_filtration_scaling_and_shear) ... ok
2026-09-29T04:04:49.7057589Z test_constructive_and_negative_linear_descent (__main__.Tests.test_constructive_and_negative_linear_descent) ... ok
2026-09-29T04:04:49.7058273Z test_corrupted_witness_rejected (__main__.Tests.test_corrupted_witness_rejected) ... ok
2026-09-29T04:04:49.7058870Z test_direct_fiber_sum_and_section (__main__.Tests.test_direct_fiber_sum_and_section) ... ok
2026-09-29T04:04:49.7059680Z test_exact_input_no_float_or_truncation (__main__.Tests.test_exact_input_no_float_or_truncation) ... ok
2026-09-29T04:04:49.7060439Z test_false_descent_rejected (__main__.Tests.test_false_descent_rejected) ... ok
2026-09-29T04:04:49.7061020Z test_foreign_domain_identity_rejected (__main__.Tests.test_foreign_domain_identity_rejected) ... ok
2026-09-29T04:04:49.7061724Z test_identity_and_root_zero_dimensional_cases (__main__.Tests.test_identity_and_root_zero_dimensional_cases) ... ok
2026-09-29T04:04:49.7062440Z test_illegal_target_and_origin_rejected (__main__.Tests.test_illegal_target_and_origin_rejected) ... ok
2026-09-29T04:04:49.7063117Z test_incompatible_composition_rejected (__main__.Tests.test_incompatible_composition_rejected) ... ok
2026-09-29T04:04:49.7063780Z test_invalid_carriers_are_not_repaired (__main__.Tests.test_invalid_carriers_are_not_repaired) ... ok
2026-09-29T04:04:49.7064545Z test_linear_right_inverse_can_fail_retained_naturality (__main__.Tests.test_linear_right_inverse_can_fail_retained_naturality) ... ok
2026-09-29T04:04:49.7065326Z test_missing_check_and_coverage_rejected (__main__.Tests.test_missing_check_and_coverage_rejected) ... ok
2026-09-29T04:04:49.7065929Z test_mutated_green_rejected (__main__.Tests.test_mutated_green_rejected) ... ok
2026-09-29T04:04:49.7066484Z test_mutated_pushforward_rejected (__main__.Tests.test_mutated_pushforward_rejected) ... ok
2026-09-29T04:04:49.7067057Z test_mutated_section_rejected (__main__.Tests.test_mutated_section_rejected) ... ok
2026-09-29T04:04:49.7067678Z test_nonlinear_boundary_is_not_linear_test (__main__.Tests.test_nonlinear_boundary_is_not_linear_test) ... ok
2026-09-29T04:04:49.7068366Z test_nonpermutation_coordinate_change (__main__.Tests.test_nonpermutation_coordinate_change) ... ok
2026-09-29T04:04:49.7069136Z test_relabel_and_storage_naturality (__main__.Tests.test_relabel_and_storage_naturality) ... ok
2026-09-29T04:04:49.7069841Z test_response_quotient_and_supplied_complement (__main__.Tests.test_response_quotient_and_supplied_complement) ... ok
2026-09-29T04:04:49.7070694Z test_shape_enumerators_agree_without_shared_implementation (__main__.Tests.test_shape_enumerators_agree_without_shared_implementation) ... ok
2026-09-29T04:04:49.7071234Z 
2026-09-29T04:04:49.7071382Z ----------------------------------------------------------------------
2026-09-29T04:04:49.7071716Z Ran 22 tests in 0.613s
2026-09-29T04:04:49.7071853Z 
2026-09-29T04:04:49.7071953Z OK
2026-09-29T04:04:49.7103850Z ##[group]Run set -euo pipefail
2026-09-29T04:04:49.7104189Z [36;1mset -euo pipefail[0m
2026-09-29T04:04:49.7104570Z [36;1m(cd "$P" && python engine.py) 2>&1 | tee "$P/evidence/producer.log"[0m
2026-09-29T04:04:49.7105016Z [36;1mprintf 'producer\t0\n' >> "$P/evidence/exit_codes.tsv"[0m
2026-09-29T04:04:49.7105442Z [36;1m(cd "$P" && python verify.py) 2>&1 | tee "$P/evidence/verifier.log"[0m
2026-09-29T04:04:49.7105867Z [36;1mprintf 'verifier\t0\n' >> "$P/evidence/exit_codes.tsv"[0m
2026-09-29T04:04:49.7169765Z shell: /usr/bin/bash -e {0}
2026-09-29T04:04:49.7170042Z env:
2026-09-29T04:04:49.7170356Z   P: ResearchHistory/UQCF-GEM/demos/v16.22-response-selection-closure
2026-09-29T04:04:49.7170828Z   pythonLocation: /opt/hostedtoolcache/Python/3.11.16/x64
2026-09-29T04:04:49.7171278Z   PKG_CONFIG_PATH: /opt/hostedtoolcache/Python/3.11.16/x64/lib/pkgconfig
2026-09-29T04:04:49.7171726Z   Python_ROOT_DIR: /opt/hostedtoolcache/Python/3.11.16/x64
2026-09-29T04:04:49.7172147Z   Python2_ROOT_DIR: /opt/hostedtoolcache/Python/3.11.16/x64
2026-09-29T04:04:49.7172546Z   Python3_ROOT_DIR: /opt/hostedtoolcache/Python/3.11.16/x64
2026-09-29T04:04:49.7172950Z   LD_LIBRARY_PATH: /opt/hostedtoolcache/Python/3.11.16/x64/lib
2026-09-29T04:04:49.7173279Z ##[endgroup]
2026-09-29T04:04:50.1210991Z {"arrows": 200, "constraints": 998, "nullity": 4, "objects": 17, "rank": 185, "unknowns": 189}
2026-09-29T04:04:52.0047413Z {"checks_executed": 12890, "comparison_dimension": 4, "composition_pairs": 2813, "coordinate_checks": 800, "deliberate_defects_rejected": 12, "edge_classes": [28, 18, 6, 1], "execution_status": "COMPLETED", "first_edge_normalized_dimension": 3, "forced_zero_edge_entries": 136, "input_validity": "VALID", "inverse_affine_dimension": 0, "proof_status": "bounded certificate; general arguments in PROOFS.md", "raw_sha256": "59c2c2f6d1091e7102e51932ed4ee7827668d12db7f1b08ffb0724791c8df713", "scope": "formal signed diagnostic, retained comparison equations versus fixed inverse definition", "stats": {"arrows": 200, "constraints": 998, "nullity": 4, "objects": 17, "rank": 185, "unknowns": 189}, "version": "16.22", "witness": {"depth_root_zero": ["0", "2"], "parents": [-1, 0, 1], "same_first_edge_unit": true, "source_nonroot": ["-1", "1"], "unit_root_zero": ["0", "1"]}}
2026-09-29T04:04:52.0553841Z ##[group]Run mkdir -p "$P/evidence"
2026-09-29T04:04:52.0554217Z [36;1mmkdir -p "$P/evidence"[0m
2026-09-29T04:04:52.0554762Z [36;1mgit archive --format=zip HEAD "$P" .github/workflows/uqcf-v1622-response-selection.yml > "$P/evidence/source.zip"[0m
2026-09-29T04:04:52.0555324Z [36;1mpython - <<'PY'[0m
2026-09-29T04:04:52.0555608Z [36;1mimport os,json,pathlib,hashlib,platform[0m
2026-09-29T04:04:52.0556007Z [36;1me=pathlib.Path(os.environ['P'])/'evidence'[0m
2026-09-29T04:04:52.0557008Z [36;1m(e/'execution.json').write_text(json.dumps({'sha':os.environ['GITHUB_SHA'],'run':os.environ['GITHUB_RUN_ID'],'attempt':os.environ['GITHUB_RUN_ATTEMPT'],'python':platform.python_version(),'review':'self-reviewed; no separate reviewer'},indent=2)+'\n')[0m
2026-09-29T04:04:52.0558352Z [36;1m(e/'SHA256SUMS').write_text(''.join(hashlib.sha256(f.read_bytes()).hexdigest()+'  '+f.name+'\n' for f in sorted(e.iterdir()) if f.is_file() and f.name!='SHA256SUMS'))[0m
2026-09-29T04:04:52.0559332Z [36;1mPY[0m
2026-09-29T04:04:52.0622105Z shell: /usr/bin/bash -e {0}
2026-09-29T04:04:52.0622367Z env:
2026-09-29T04:04:52.0622677Z   P: ResearchHistory/UQCF-GEM/demos/v16.22-response-selection-closure
2026-09-29T04:04:52.0623158Z   pythonLocation: /opt/hostedtoolcache/Python/3.11.16/x64
2026-09-29T04:04:52.0623592Z   PKG_CONFIG_PATH: /opt/hostedtoolcache/Python/3.11.16/x64/lib/pkgconfig
2026-09-29T04:04:52.0624038Z   Python_ROOT_DIR: /opt/hostedtoolcache/Python/3.11.16/x64
2026-09-29T04:04:52.0624427Z   Python2_ROOT_DIR: /opt/hostedtoolcache/Python/3.11.16/x64
2026-09-29T04:04:52.0624817Z   Python3_ROOT_DIR: /opt/hostedtoolcache/Python/3.11.16/x64
2026-09-29T04:04:52.0625209Z   LD_LIBRARY_PATH: /opt/hostedtoolcache/Python/3.11.16/x64/lib
2026-09-29T04:04:52.0625537Z ##[endgroup]
2026-09-29T04:04:52.1240609Z ##[group]Run actions/upload-artifact@ea165f8d65b6e75b540449e92b4886f43607fa02
2026-09-29T04:04:52.1241056Z with:
2026-09-29T04:04:52.1241299Z   name: v1622-1167e88ee38c332de27ed2d96795c036f7f521e8
2026-09-29T04:04:52.1241757Z   path: ResearchHistory/UQCF-GEM/demos/v16.22-response-selection-closure/evidence
2026-09-29T04:04:52.1242180Z   if-no-files-found: error
2026-09-29T04:04:52.1242417Z   compression-level: 6
2026-09-29T04:04:52.1242641Z   overwrite: false
2026-09-29T04:04:52.1242858Z   include-hidden-files: false
2026-09-29T04:04:52.1243092Z env:
2026-09-29T04:04:52.1243387Z   P: ResearchHistory/UQCF-GEM/demos/v16.22-response-selection-closure
2026-09-29T04:04:52.1243841Z   pythonLocation: /opt/hostedtoolcache/Python/3.11.16/x64
2026-09-29T04:04:52.1244263Z   PKG_CONFIG_PATH: /opt/hostedtoolcache/Python/3.11.16/x64/lib/pkgconfig
2026-09-29T04:04:52.1244679Z   Python_ROOT_DIR: /opt/hostedtoolcache/Python/3.11.16/x64
2026-09-29T04:04:52.1245089Z   Python2_ROOT_DIR: /opt/hostedtoolcache/Python/3.11.16/x64
2026-09-29T04:04:52.1245482Z   Python3_ROOT_DIR: /opt/hostedtoolcache/Python/3.11.16/x64
2026-09-29T04:04:52.1245869Z   LD_LIBRARY_PATH: /opt/hostedtoolcache/Python/3.11.16/x64/lib
2026-09-29T04:04:52.1246190Z ##[endgroup]
2026-09-29T04:04:52.3014673Z (node:2311) [DEP0040] DeprecationWarning: The `punycode` module is deprecated. Please use a userland alternative instead.
2026-09-29T04:04:52.3015569Z (Use `node --trace-deprecation ...` to show where the warning was created)
2026-09-29T04:04:52.3143571Z With the provided path, there will be 14 files uploaded
2026-09-29T04:04:52.3144128Z Artifact name is valid!
2026-09-29T04:04:52.3144976Z Root directory input is valid!
2026-09-29T04:04:52.5577951Z Beginning upload of artifact content to blob storage
2026-09-29T04:04:52.5988448Z (node:2311) [DEP0169] DeprecationWarning: `url.parse()` behavior is not standardized and prone to errors that have security implications. Use the WHATWG URL API instead. CVEs are not issued for `url.parse()` vulnerabilities.
2026-09-29T04:04:52.6466513Z Uploaded bytes 31726
2026-09-29T04:04:52.6664689Z Finished uploading artifact content to blob storage!
2026-09-29T04:04:52.6666457Z SHA256 digest of uploaded artifact zip is 7c37c42cd0c7d2e9d96540d5a7bcd2dfabfa862888d3c3a6c3293d3957dbff1a
2026-09-29T04:04:52.6667812Z Finalizing artifact upload
2026-09-29T04:04:52.8648028Z Artifact v1622-1167e88ee38c332de27ed2d96795c036f7f521e8.zip successfully finalized. Artifact ID 11011799814
2026-09-29T04:04:52.8650004Z Artifact v1622-1167e88ee38c332de27ed2d96795c036f7f521e8 has been successfully uploaded! Final size is 31726 bytes. Artifact ID is 11011799814
2026-09-29T04:04:52.8655866Z Artifact download URL: https://github.com/proteinfoldingengine/WetLabEngine/actions/runs/36519952931/artifacts/11011799814
2026-09-29T04:04:52.8836172Z Post job cleanup.
2026-09-29T04:04:53.0046502Z (node:2323) [DEP0040] DeprecationWarning: The `punycode` module is deprecated. Please use a userland alternative instead.
2026-09-29T04:04:53.0047408Z (Use `node --trace-deprecation ...` to show where the warning was created)
2026-09-29T04:04:53.0218263Z Post job cleanup.
2026-09-29T04:04:53.1250003Z [command]/usr/bin/git version
2026-09-29T04:04:53.1300238Z git version 2.55.0
2026-09-29T04:04:53.1340931Z Temporarily overriding HOME='/home/runner/work/_temp/652d1fb2-9979-4aac-b137-653ac02c7adf' before making global git config changes
2026-09-29T04:04:53.1342503Z Adding repository directory to the temporary git global config as a safe directory
2026-09-29T04:04:53.1353621Z [command]/usr/bin/git config --global --add safe.directory /home/runner/work/WetLabEngine/WetLabEngine
2026-09-29T04:04:53.1395507Z [command]/usr/bin/git config --local --name-only --get-regexp core\.sshCommand
2026-09-29T04:04:53.1439434Z [command]/usr/bin/git submodule foreach --recursive sh -c "git config --local --name-only --get-regexp 'core\.sshCommand' && git config --local --unset-all 'core.sshCommand' || :"
2026-09-29T04:04:53.1785556Z [command]/usr/bin/git config --local --name-only --get-regexp http\.https\:\/\/github\.com\/\.extraheader
2026-09-29T04:04:53.1836584Z http.https://github.com/.extraheader
2026-09-29T04:04:53.1860830Z [command]/usr/bin/git config --local --unset-all http.https://github.com/.extraheader
2026-09-29T04:04:53.1899836Z [command]/usr/bin/git submodule foreach --recursive sh -c "git config --local --name-only --get-regexp 'http\.https\:\/\/github\.com\/\.extraheader' && git config --local --unset-all 'http.https://github.com/.extraheader' || :"
2026-09-29T04:04:53.2196266Z [command]/usr/bin/git config --local --name-only --get-regexp ^includeIf\.gitdir:
2026-09-29T04:04:53.2239267Z [command]/usr/bin/git submodule foreach --recursive git config --local --show-origin --name-only --get-regexp remote.origin.url
2026-09-29T04:04:53.2646721Z Cleaning up orphan processes
2026-09-29T04:04:53.2945667Z ##[warning]Node.js 20 is deprecated. The following actions target Node.js 20 but are being forced to run on Node.js 24: actions/checkout@11d5960a326750d5838078e36cf38b85af677262, actions/setup-python@a26af69be951a213d495a4c3e4e4022e16d87065, actions/upload-artifact@ea165f8d65b6e75b540449e92b4886f43607fa02. For more information see: https://github.blog/changelog/2025-09-19-deprecation-of-node-20-on-github-actions-runners/
