2026-09-29T03:54:50.5932257Z Current runner version: '2.337.0'
2026-09-29T03:54:50.5953693Z ##[group]Runner Image Provisioner
2026-09-29T03:54:50.5954458Z Hosted Compute Agent
2026-09-29T03:54:50.5954986Z Version: 20260828.587
2026-09-29T03:54:50.5955547Z Commit: abac92662cab4cc7352de4f9f9d2e2419aad9c29
2026-09-29T03:54:50.5956153Z Build Date: 2026-08-28T16:44:25Z
2026-09-29T03:54:50.5956763Z Worker ID: {31b789b0-2553-4bb8-bc85-570e9618c60d}
2026-09-29T03:54:50.5957580Z Azure Region: westus3
2026-09-29T03:54:50.5958030Z ##[endgroup]
2026-09-29T03:54:50.5959343Z ##[group]Operating System
2026-09-29T03:54:50.5959855Z Ubuntu
2026-09-29T03:54:50.5960317Z 24.04.5
2026-09-29T03:54:50.5960793Z LTS
2026-09-29T03:54:50.5961204Z ##[endgroup]
2026-09-29T03:54:50.5961737Z ##[group]Runner Image
2026-09-29T03:54:50.5962223Z Image: ubuntu-24.04
2026-09-29T03:54:50.5963026Z Version: 20260920.314.1
2026-09-29T03:54:50.5964074Z Included Software: https://github.com/actions/runner-images/blob/ubuntu24/20260920.314/images/ubuntu/Ubuntu2404-Readme.md
2026-09-29T03:54:50.5965420Z Image Release: https://github.com/actions/runner-images/releases/tag/ubuntu24%2F20260920.314
2026-09-29T03:54:50.5966180Z ##[endgroup]
2026-09-29T03:54:50.5967289Z ##[group]GITHUB_TOKEN Permissions
2026-09-29T03:54:50.5969067Z Contents: read
2026-09-29T03:54:50.5969626Z Metadata: read
2026-09-29T03:54:50.5970099Z ##[endgroup]
2026-09-29T03:54:50.5971818Z Secret source: Actions
2026-09-29T03:54:50.5972678Z Cache mode: write
2026-09-29T03:54:50.5973326Z Prepare workflow directory
2026-09-29T03:54:50.6333134Z Prepare all required actions
2026-09-29T03:54:50.6372510Z Getting action download info
2026-09-29T03:54:50.9233865Z Download action repository 'actions/checkout@11d5960a326750d5838078e36cf38b85af677262' (SHA:11d5960a326750d5838078e36cf38b85af677262)
2026-09-29T03:54:51.0293627Z Download action repository 'actions/setup-python@a26af69be951a213d495a4c3e4e4022e16d87065' (SHA:a26af69be951a213d495a4c3e4e4022e16d87065)
2026-09-29T03:54:51.1236513Z Download action repository 'actions/upload-artifact@ea165f8d65b6e75b540449e92b4886f43607fa02' (SHA:ea165f8d65b6e75b540449e92b4886f43607fa02)
2026-09-29T03:54:51.3493090Z Complete job name: verify
2026-09-29T03:54:51.4091278Z ##[group]Run actions/checkout@11d5960a326750d5838078e36cf38b85af677262
2026-09-29T03:54:51.4092094Z with:
2026-09-29T03:54:51.4092482Z   repository: proteinfoldingengine/WetLabEngine
2026-09-29T03:54:51.4095785Z   token: ***
2026-09-29T03:54:51.4096126Z   ssh-strict: true
2026-09-29T03:54:51.4096468Z   ssh-user: git
2026-09-29T03:54:51.4096952Z   persist-credentials: true
2026-09-29T03:54:51.4097331Z   clean: true
2026-09-29T03:54:51.4097674Z   sparse-checkout-cone-mode: true
2026-09-29T03:54:51.4098079Z   fetch-depth: 1
2026-09-29T03:54:51.4098413Z   fetch-tags: false
2026-09-29T03:54:51.4098758Z   show-progress: true
2026-09-29T03:54:51.4099155Z   lfs: false
2026-09-29T03:54:51.4099484Z   submodules: false
2026-09-29T03:54:51.4099831Z   set-safe-directory: true
2026-09-29T03:54:51.4100222Z   allow-unsafe-pr-checkout: false
2026-09-29T03:54:51.4100811Z env:
2026-09-29T03:54:51.4101283Z   P: ResearchHistory/UQCF-GEM/demos/v16.22-response-selection-closure
2026-09-29T03:54:51.4101871Z ##[endgroup]
2026-09-29T03:54:51.4925347Z Syncing repository: proteinfoldingengine/WetLabEngine
2026-09-29T03:54:51.4927634Z ##[group]Getting Git version info
2026-09-29T03:54:51.4928586Z Working directory is '/home/runner/work/WetLabEngine/WetLabEngine'
2026-09-29T03:54:51.4929942Z [command]/usr/bin/git version
2026-09-29T03:54:51.4953791Z git version 2.55.0
2026-09-29T03:54:51.4969282Z ##[endgroup]
2026-09-29T03:54:51.4980851Z Temporarily overriding HOME='/home/runner/work/_temp/ebbc053b-04d5-47cc-a4f6-a26851fefeb6' before making global git config changes
2026-09-29T03:54:51.4982683Z Adding repository directory to the temporary git global config as a safe directory
2026-09-29T03:54:51.4984854Z [command]/usr/bin/git config --global --add safe.directory /home/runner/work/WetLabEngine/WetLabEngine
2026-09-29T03:54:51.5028192Z Deleting the contents of '/home/runner/work/WetLabEngine/WetLabEngine'
2026-09-29T03:54:51.5040531Z ##[group]Initializing the repository
2026-09-29T03:54:51.5046201Z [command]/usr/bin/git init /home/runner/work/WetLabEngine/WetLabEngine
2026-09-29T03:54:51.5114096Z hint: Using 'master' as the name for the initial branch. This default branch name
2026-09-29T03:54:51.5115345Z hint: will change to "main" in Git 3.0. To configure the initial branch name
2026-09-29T03:54:51.5116948Z hint: to use in all of your new repositories, which will suppress this warning,
2026-09-29T03:54:51.5117822Z hint: call:
2026-09-29T03:54:51.5118297Z hint:
2026-09-29T03:54:51.5118901Z hint: 	git config --global init.defaultBranch <name>
2026-09-29T03:54:51.5119658Z hint:
2026-09-29T03:54:51.5120365Z hint: Names commonly chosen instead of 'master' are 'main', 'trunk' and
2026-09-29T03:54:51.5121521Z hint: 'development'. The just-created branch can be renamed via this command:
2026-09-29T03:54:51.5122421Z hint:
2026-09-29T03:54:51.5122905Z hint: 	git branch -m <name>
2026-09-29T03:54:51.5123503Z hint:
2026-09-29T03:54:51.5124247Z hint: Disable this message with "git config set advice.defaultBranchName false"
2026-09-29T03:54:51.5129847Z Initialized empty Git repository in /home/runner/work/WetLabEngine/WetLabEngine/.git/
2026-09-29T03:54:51.5139196Z [command]/usr/bin/git remote add origin https://github.com/proteinfoldingengine/WetLabEngine
2026-09-29T03:54:51.5265367Z ##[endgroup]
2026-09-29T03:54:51.5266324Z ##[group]Disabling automatic garbage collection
2026-09-29T03:54:51.5270165Z [command]/usr/bin/git config --local gc.auto 0
2026-09-29T03:54:51.5299170Z ##[endgroup]
2026-09-29T03:54:51.5300153Z ##[group]Setting up auth
2026-09-29T03:54:51.5310266Z [command]/usr/bin/git config --local --name-only --get-regexp core\.sshCommand
2026-09-29T03:54:51.5335029Z [command]/usr/bin/git submodule foreach --recursive sh -c "git config --local --name-only --get-regexp 'core\.sshCommand' && git config --local --unset-all 'core.sshCommand' || :"
2026-09-29T03:54:51.5617732Z [command]/usr/bin/git config --local --name-only --get-regexp http\.https\:\/\/github\.com\/\.extraheader
2026-09-29T03:54:51.5651268Z [command]/usr/bin/git submodule foreach --recursive sh -c "git config --local --name-only --get-regexp 'http\.https\:\/\/github\.com\/\.extraheader' && git config --local --unset-all 'http.https://github.com/.extraheader' || :"
2026-09-29T03:54:51.5852882Z [command]/usr/bin/git config --local --name-only --get-regexp ^includeIf\.gitdir:
2026-09-29T03:54:51.5884842Z [command]/usr/bin/git submodule foreach --recursive git config --local --show-origin --name-only --get-regexp remote.origin.url
2026-09-29T03:54:51.6072402Z [command]/usr/bin/git config --local http.https://github.com/.extraheader AUTHORIZATION: basic ***
2026-09-29T03:54:51.6107978Z ##[endgroup]
2026-09-29T03:54:51.6108602Z ##[group]Fetching the repository
2026-09-29T03:54:51.6116045Z [command]/usr/bin/git -c protocol.version=2 fetch --no-tags --prune --no-recurse-submodules --depth=1 origin +310ec851211f708950f847e5a49d938637c45faa:refs/remotes/origin/research/v16.22-response-selection-closure
2026-09-29T03:55:04.2464031Z From https://github.com/proteinfoldingengine/WetLabEngine
2026-09-29T03:55:04.2466104Z  * [new ref]         310ec851211f708950f847e5a49d938637c45faa -> origin/research/v16.22-response-selection-closure
2026-09-29T03:55:04.2469941Z ##[endgroup]
2026-09-29T03:55:04.2471279Z ##[group]Determining the checkout info
2026-09-29T03:55:04.2472741Z ##[endgroup]
2026-09-29T03:55:04.2474709Z [command]/usr/bin/git sparse-checkout disable
2026-09-29T03:55:04.2520422Z [command]/usr/bin/git config --local --unset-all extensions.worktreeConfig
2026-09-29T03:55:04.2548548Z ##[group]Checking out the ref
2026-09-29T03:55:04.2553170Z [command]/usr/bin/git checkout --progress --force -B research/v16.22-response-selection-closure refs/remotes/origin/research/v16.22-response-selection-closure
2026-09-29T03:55:05.2730789Z Updating files:  62% (2957/4737)
2026-09-29T03:55:05.3810933Z Updating files:  63% (2985/4737)
2026-09-29T03:55:05.5332585Z Updating files:  64% (3032/4737)
2026-09-29T03:55:05.5347248Z Updating files:  65% (3080/4737)
2026-09-29T03:55:05.6204809Z Updating files:  66% (3127/4737)
2026-09-29T03:55:05.7340277Z Updating files:  67% (3174/4737)
2026-09-29T03:55:05.7862981Z Updating files:  68% (3222/4737)
2026-09-29T03:55:05.8192923Z Updating files:  69% (3269/4737)
2026-09-29T03:55:05.8604291Z Updating files:  70% (3316/4737)
2026-09-29T03:55:05.8700912Z Updating files:  71% (3364/4737)
2026-09-29T03:55:05.8735727Z Updating files:  72% (3411/4737)
2026-09-29T03:55:05.9140273Z Updating files:  73% (3459/4737)
2026-09-29T03:55:05.9171286Z Updating files:  74% (3506/4737)
2026-09-29T03:55:05.9193179Z Updating files:  75% (3553/4737)
2026-09-29T03:55:05.9237775Z Updating files:  76% (3601/4737)
2026-09-29T03:55:05.9255005Z Updating files:  77% (3648/4737)
2026-09-29T03:55:05.9287351Z Updating files:  78% (3695/4737)
2026-09-29T03:55:05.9319779Z Updating files:  79% (3743/4737)
2026-09-29T03:55:05.9351403Z Updating files:  80% (3790/4737)
2026-09-29T03:55:05.9386255Z Updating files:  81% (3837/4737)
2026-09-29T03:55:05.9409820Z Updating files:  82% (3885/4737)
2026-09-29T03:55:05.9480746Z Updating files:  83% (3932/4737)
2026-09-29T03:55:05.9560772Z Updating files:  84% (3980/4737)
2026-09-29T03:55:06.2646033Z Updating files:  85% (4027/4737)
2026-09-29T03:55:06.2671305Z Updating files:  85% (4060/4737)
2026-09-29T03:55:06.2750401Z Updating files:  86% (4074/4737)
2026-09-29T03:55:06.2880348Z Updating files:  87% (4122/4737)
2026-09-29T03:55:06.3069875Z Updating files:  88% (4169/4737)
2026-09-29T03:55:06.3237775Z Updating files:  89% (4216/4737)
2026-09-29T03:55:06.3458537Z Updating files:  90% (4264/4737)
2026-09-29T03:55:06.3716663Z Updating files:  91% (4311/4737)
2026-09-29T03:55:06.3945328Z Updating files:  92% (4359/4737)
2026-09-29T03:55:06.3987381Z Updating files:  93% (4406/4737)
2026-09-29T03:55:06.4021160Z Updating files:  94% (4453/4737)
2026-09-29T03:55:06.4092210Z Updating files:  95% (4501/4737)
2026-09-29T03:55:06.4127100Z Updating files:  96% (4548/4737)
2026-09-29T03:55:06.4160818Z Updating files:  97% (4595/4737)
2026-09-29T03:55:06.4274891Z Updating files:  98% (4643/4737)
2026-09-29T03:55:06.4305957Z Updating files:  99% (4690/4737)
2026-09-29T03:55:06.4306194Z Updating files: 100% (4737/4737)
2026-09-29T03:55:06.4306503Z Updating files: 100% (4737/4737), done.
2026-09-29T03:55:06.4361652Z Switched to a new branch 'research/v16.22-response-selection-closure'
2026-09-29T03:55:06.4366968Z branch 'research/v16.22-response-selection-closure' set up to track 'origin/research/v16.22-response-selection-closure'.
2026-09-29T03:55:06.4445192Z ##[endgroup]
2026-09-29T03:55:06.4486664Z [command]/usr/bin/git log -1 --format=%H
2026-09-29T03:55:06.4513017Z 310ec851211f708950f847e5a49d938637c45faa
2026-09-29T03:55:06.4797366Z ##[group]Run actions/setup-python@a26af69be951a213d495a4c3e4e4022e16d87065
2026-09-29T03:55:06.4797740Z with:
2026-09-29T03:55:06.4797927Z   python-version: 3.11
2026-09-29T03:55:06.4798127Z   check-latest: false
2026-09-29T03:55:06.4800185Z   token: ***
2026-09-29T03:55:06.4800410Z   update-environment: true
2026-09-29T03:55:06.4800662Z   allow-prereleases: false
2026-09-29T03:55:06.4800854Z   freethreaded: false
2026-09-29T03:55:06.4801033Z env:
2026-09-29T03:55:06.4801279Z   P: ResearchHistory/UQCF-GEM/demos/v16.22-response-selection-closure
2026-09-29T03:55:06.4801575Z ##[endgroup]
2026-09-29T03:55:06.5860773Z ##[group]Installed versions
2026-09-29T03:55:06.7268844Z (node:2078) [DEP0040] DeprecationWarning: The `punycode` module is deprecated. Please use a userland alternative instead.
2026-09-29T03:55:06.7269549Z (Use `node --trace-deprecation ...` to show where the warning was created)
2026-09-29T03:55:06.7270057Z Successfully set up CPython (3.11.16)
2026-09-29T03:55:06.7270961Z ##[endgroup]
2026-09-29T03:55:06.7422767Z ##[group]Run python -m pip install sympy==1.13.3 mpmath==1.3.0
2026-09-29T03:55:06.7423212Z [36;1mpython -m pip install sympy==1.13.3 mpmath==1.3.0[0m
2026-09-29T03:55:06.7650075Z shell: /usr/bin/bash -e {0}
2026-09-29T03:55:06.7650552Z env:
2026-09-29T03:55:06.7650826Z   P: ResearchHistory/UQCF-GEM/demos/v16.22-response-selection-closure
2026-09-29T03:55:06.7651212Z   pythonLocation: /opt/hostedtoolcache/Python/3.11.16/x64
2026-09-29T03:55:06.7651586Z   PKG_CONFIG_PATH: /opt/hostedtoolcache/Python/3.11.16/x64/lib/pkgconfig
2026-09-29T03:55:06.7651921Z   Python_ROOT_DIR: /opt/hostedtoolcache/Python/3.11.16/x64
2026-09-29T03:55:06.7652221Z   Python2_ROOT_DIR: /opt/hostedtoolcache/Python/3.11.16/x64
2026-09-29T03:55:06.7652511Z   Python3_ROOT_DIR: /opt/hostedtoolcache/Python/3.11.16/x64
2026-09-29T03:55:06.7652805Z   LD_LIBRARY_PATH: /opt/hostedtoolcache/Python/3.11.16/x64/lib
2026-09-29T03:55:06.7653063Z ##[endgroup]
2026-09-29T03:55:08.3928399Z Collecting sympy==1.13.3
2026-09-29T03:55:08.4440285Z   Downloading sympy-1.13.3-py3-none-any.whl.metadata (12 kB)
2026-09-29T03:55:08.5127922Z Collecting mpmath==1.3.0
2026-09-29T03:55:08.5162214Z   Downloading mpmath-1.3.0-py3-none-any.whl.metadata (8.6 kB)
2026-09-29T03:55:08.5261011Z Downloading sympy-1.13.3-py3-none-any.whl (6.2 MB)
2026-09-29T03:55:08.6930795Z    ━━━━━━━━━━━━━━━━━━━━━━━━━━━━━━━━━━━━━━━━ 6.2/6.2 MB 38.7 MB/s  0:00:00
2026-09-29T03:55:08.8113413Z Downloading mpmath-1.3.0-py3-none-any.whl (536 kB)
2026-09-29T03:55:08.9235035Z    ━━━━━━━━━━━━━━━━━━━━━━━━━━━━━━━━━━━━━━━━ 536.2/536.2 kB 2.5 MB/s  0:00:00
2026-09-29T03:55:09.1012401Z Installing collected packages: mpmath, sympy
2026-09-29T03:55:13.6109218Z 
2026-09-29T03:55:13.6117054Z Successfully installed mpmath-1.3.0 sympy-1.13.3
2026-09-29T03:55:13.6570889Z ##[group]Run mkdir -p "$P/evidence"
2026-09-29T03:55:13.6571170Z [36;1mmkdir -p "$P/evidence"[0m
2026-09-29T03:55:13.6571440Z [36;1mpython -m pip freeze > "$P/evidence/dependencies.txt"[0m
2026-09-29T03:55:13.6571730Z [36;1mset +e[0m
2026-09-29T03:55:13.6572001Z [36;1m(cd "$P" && python -m unittest -v test_gate) > "$P/evidence/test.log" 2>&1[0m
2026-09-29T03:55:13.6572310Z [36;1mrc=$?[0m
2026-09-29T03:55:13.6572506Z [36;1mcat "$P/evidence/test.log"[0m
2026-09-29T03:55:13.6572786Z [36;1mprintf 'new_tests\t%s\n' "$rc" >> "$P/evidence/exit_codes.tsv"[0m
2026-09-29T03:55:13.6573060Z [36;1mexit "$rc"[0m
2026-09-29T03:55:13.6633384Z shell: /usr/bin/bash -e {0}
2026-09-29T03:55:13.6633599Z env:
2026-09-29T03:55:13.6633856Z   P: ResearchHistory/UQCF-GEM/demos/v16.22-response-selection-closure
2026-09-29T03:55:13.6634205Z   pythonLocation: /opt/hostedtoolcache/Python/3.11.16/x64
2026-09-29T03:55:13.6634590Z   PKG_CONFIG_PATH: /opt/hostedtoolcache/Python/3.11.16/x64/lib/pkgconfig
2026-09-29T03:55:13.6634920Z   Python_ROOT_DIR: /opt/hostedtoolcache/Python/3.11.16/x64
2026-09-29T03:55:13.6635216Z   Python2_ROOT_DIR: /opt/hostedtoolcache/Python/3.11.16/x64
2026-09-29T03:55:13.6635514Z   Python3_ROOT_DIR: /opt/hostedtoolcache/Python/3.11.16/x64
2026-09-29T03:55:13.6635810Z   LD_LIBRARY_PATH: /opt/hostedtoolcache/Python/3.11.16/x64/lib
2026-09-29T03:55:13.6636067Z ##[endgroup]
2026-09-29T03:55:13.9079671Z test_actual_source_and_potential_maps (test_gate.Tests.test_actual_source_and_potential_maps) ... FAIL
2026-09-29T03:55:13.9080373Z test_arbitrary_overall_scale_is_not_fixed_inverse (test_gate.Tests.test_arbitrary_overall_scale_is_not_fixed_inverse) ... FAIL
2026-09-29T03:55:13.9081137Z test_corrupted_basis_rejected (test_gate.Tests.test_corrupted_basis_rejected) ... FAIL
2026-09-29T03:55:13.9081814Z test_false_nullity_rejected (test_gate.Tests.test_false_nullity_rejected) ... FAIL
2026-09-29T03:55:13.9082564Z test_incomplete_basis_rejected (test_gate.Tests.test_incomplete_basis_rejected) ... FAIL
2026-09-29T03:55:13.9083282Z test_independent_enumeration (test_gate.Tests.test_independent_enumeration) ... FAIL
2026-09-29T03:55:13.9084261Z test_invalid_parents_and_embeddings_rejected (test_gate.Tests.test_invalid_parents_and_embeddings_rejected) ... FAIL
2026-09-29T03:55:13.9085244Z test_linear_but_label_selected_response_rejected (test_gate.Tests.test_linear_but_label_selected_response_rejected) ... FAIL
2026-09-29T03:55:13.9086028Z test_missing_constraint_rejected (test_gate.Tests.test_missing_constraint_rejected) ... FAIL
2026-09-29T03:55:13.9086494Z test_missing_embedding_rejected (test_gate.Tests.test_missing_embedding_rejected) ... FAIL
2026-09-29T03:55:13.9087168Z test_missing_required_field_rejected (test_gate.Tests.test_missing_required_field_rejected) ... FAIL
2026-09-29T03:55:13.9087664Z test_nonpermutation_coordinates (test_gate.Tests.test_nonpermutation_coordinates) ... FAIL
2026-09-29T03:55:13.9088205Z test_nonproportional_witness_is_not_new_inverse (test_gate.Tests.test_nonproportional_witness_is_not_new_inverse) ... FAIL
2026-09-29T03:55:13.9088733Z test_root_and_small_universes (test_gate.Tests.test_root_and_small_universes) ... FAIL
2026-09-29T03:55:13.9089244Z test_storage_order_and_nullspace_basis_change (test_gate.Tests.test_storage_order_and_nullspace_basis_change) ... FAIL
2026-09-29T03:55:13.9089892Z test_unrestricted_solver_and_complete_verification (test_gate.Tests.test_unrestricted_solver_and_complete_verification) ... FAIL
2026-09-29T03:55:13.9090510Z test_wrong_domain_and_scalar_rejected (test_gate.Tests.test_wrong_domain_and_scalar_rejected) ... FAIL
2026-09-29T03:55:13.9091028Z test_wrong_original_inverse_rejected (test_gate.Tests.test_wrong_original_inverse_rejected) ... FAIL
2026-09-29T03:55:13.9091403Z 
2026-09-29T03:55:13.9091506Z ======================================================================
2026-09-29T03:55:13.9091918Z FAIL: test_actual_source_and_potential_maps (test_gate.Tests.test_actual_source_and_potential_maps)
2026-09-29T03:55:13.9092498Z ----------------------------------------------------------------------
2026-09-29T03:55:13.9092825Z Traceback (most recent call last):
2026-09-29T03:55:13.9097560Z   File "/home/runner/work/WetLabEngine/WetLabEngine/ResearchHistory/UQCF-GEM/demos/v16.22-response-selection-closure/test_gate.py", line 36, in test_actual_source_and_potential_maps
2026-09-29T03:55:13.9098235Z     e, _ = self.modules()
2026-09-29T03:55:13.9098434Z            ^^^^^^^^^^^^^^
2026-09-29T03:55:13.9099000Z   File "/home/runner/work/WetLabEngine/WetLabEngine/ResearchHistory/UQCF-GEM/demos/v16.22-response-selection-closure/test_gate.py", line 14, in modules
2026-09-29T03:55:13.9099652Z     self.assertTrue((HERE / (name + '.py')).is_file(), 'expected wiring RED: missing ' + name)
2026-09-29T03:55:13.9100065Z AssertionError: False is not true : expected wiring RED: missing engine
2026-09-29T03:55:13.9100311Z 
2026-09-29T03:55:13.9100407Z ======================================================================
2026-09-29T03:55:13.9100860Z FAIL: test_arbitrary_overall_scale_is_not_fixed_inverse (test_gate.Tests.test_arbitrary_overall_scale_is_not_fixed_inverse)
2026-09-29T03:55:13.9101331Z ----------------------------------------------------------------------
2026-09-29T03:55:13.9101607Z Traceback (most recent call last):
2026-09-29T03:55:13.9102263Z   File "/home/runner/work/WetLabEngine/WetLabEngine/ResearchHistory/UQCF-GEM/demos/v16.22-response-selection-closure/test_gate.py", line 113, in test_arbitrary_overall_scale_is_not_fixed_inverse
2026-09-29T03:55:13.9102891Z     _,v=self.modules(); c=self.cert()
2026-09-29T03:55:13.9103103Z         ^^^^^^^^^^^^^^
2026-09-29T03:55:13.9103605Z   File "/home/runner/work/WetLabEngine/WetLabEngine/ResearchHistory/UQCF-GEM/demos/v16.22-response-selection-closure/test_gate.py", line 14, in modules
2026-09-29T03:55:13.9104233Z     self.assertTrue((HERE / (name + '.py')).is_file(), 'expected wiring RED: missing ' + name)
2026-09-29T03:55:13.9104663Z AssertionError: False is not true : expected wiring RED: missing engine
2026-09-29T03:55:13.9104887Z 
2026-09-29T03:55:13.9104989Z ======================================================================
2026-09-29T03:55:13.9105342Z FAIL: test_corrupted_basis_rejected (test_gate.Tests.test_corrupted_basis_rejected)
2026-09-29T03:55:13.9105711Z ----------------------------------------------------------------------
2026-09-29T03:55:13.9105977Z Traceback (most recent call last):
2026-09-29T03:55:13.9106600Z   File "/home/runner/work/WetLabEngine/WetLabEngine/ResearchHistory/UQCF-GEM/demos/v16.22-response-selection-closure/test_gate.py", line 82, in test_corrupted_basis_rejected
2026-09-29T03:55:13.9108375Z     self.reject(bad)
2026-09-29T03:55:13.9108935Z   File "/home/runner/work/WetLabEngine/WetLabEngine/ResearchHistory/UQCF-GEM/demos/v16.22-response-selection-closure/test_gate.py", line 24, in reject
2026-09-29T03:55:13.9109456Z     _, v = self.modules()
2026-09-29T03:55:13.9109642Z            ^^^^^^^^^^^^^^
2026-09-29T03:55:13.9110165Z   File "/home/runner/work/WetLabEngine/WetLabEngine/ResearchHistory/UQCF-GEM/demos/v16.22-response-selection-closure/test_gate.py", line 14, in modules
2026-09-29T03:55:13.9110801Z     self.assertTrue((HERE / (name + '.py')).is_file(), 'expected wiring RED: missing ' + name)
2026-09-29T03:55:13.9111219Z AssertionError: False is not true : expected wiring RED: missing engine
2026-09-29T03:55:13.9111443Z 
2026-09-29T03:55:13.9111546Z ======================================================================
2026-09-29T03:55:13.9111888Z FAIL: test_false_nullity_rejected (test_gate.Tests.test_false_nullity_rejected)
2026-09-29T03:55:13.9112249Z ----------------------------------------------------------------------
2026-09-29T03:55:13.9112522Z Traceback (most recent call last):
2026-09-29T03:55:13.9113136Z   File "/home/runner/work/WetLabEngine/WetLabEngine/ResearchHistory/UQCF-GEM/demos/v16.22-response-selection-closure/test_gate.py", line 78, in test_false_nullity_rejected
2026-09-29T03:55:13.9113940Z     self.reject(lambda c:c['stats'].__setitem__('nullity',777))
2026-09-29T03:55:13.9114595Z   File "/home/runner/work/WetLabEngine/WetLabEngine/ResearchHistory/UQCF-GEM/demos/v16.22-response-selection-closure/test_gate.py", line 24, in reject
2026-09-29T03:55:13.9115105Z     _, v = self.modules()
2026-09-29T03:55:13.9115292Z            ^^^^^^^^^^^^^^
2026-09-29T03:55:13.9115775Z   File "/home/runner/work/WetLabEngine/WetLabEngine/ResearchHistory/UQCF-GEM/demos/v16.22-response-selection-closure/test_gate.py", line 14, in modules
2026-09-29T03:55:13.9116394Z     self.assertTrue((HERE / (name + '.py')).is_file(), 'expected wiring RED: missing ' + name)
2026-09-29T03:55:13.9117045Z AssertionError: False is not true : expected wiring RED: missing engine
2026-09-29T03:55:13.9117370Z 
2026-09-29T03:55:13.9117492Z ======================================================================
2026-09-29T03:55:13.9117951Z FAIL: test_incomplete_basis_rejected (test_gate.Tests.test_incomplete_basis_rejected)
2026-09-29T03:55:13.9118524Z ----------------------------------------------------------------------
2026-09-29T03:55:13.9118880Z Traceback (most recent call last):
2026-09-29T03:55:13.9119690Z   File "/home/runner/work/WetLabEngine/WetLabEngine/ResearchHistory/UQCF-GEM/demos/v16.22-response-selection-closure/test_gate.py", line 85, in test_incomplete_basis_rejected
2026-09-29T03:55:13.9120542Z     self.reject(lambda c:c['basis'].pop())
2026-09-29T03:55:13.9121361Z   File "/home/runner/work/WetLabEngine/WetLabEngine/ResearchHistory/UQCF-GEM/demos/v16.22-response-selection-closure/test_gate.py", line 24, in reject
2026-09-29T03:55:13.9122208Z     _, v = self.modules()
2026-09-29T03:55:13.9122475Z            ^^^^^^^^^^^^^^
2026-09-29T03:55:13.9123154Z   File "/home/runner/work/WetLabEngine/WetLabEngine/ResearchHistory/UQCF-GEM/demos/v16.22-response-selection-closure/test_gate.py", line 14, in modules
2026-09-29T03:55:13.9123773Z     self.assertTrue((HERE / (name + '.py')).is_file(), 'expected wiring RED: missing ' + name)
2026-09-29T03:55:13.9124183Z AssertionError: False is not true : expected wiring RED: missing engine
2026-09-29T03:55:13.9124409Z 
2026-09-29T03:55:13.9124501Z ======================================================================
2026-09-29T03:55:13.9124840Z FAIL: test_independent_enumeration (test_gate.Tests.test_independent_enumeration)
2026-09-29T03:55:13.9125207Z ----------------------------------------------------------------------
2026-09-29T03:55:13.9125474Z Traceback (most recent call last):
2026-09-29T03:55:13.9126211Z   File "/home/runner/work/WetLabEngine/WetLabEngine/ResearchHistory/UQCF-GEM/demos/v16.22-response-selection-closure/test_gate.py", line 31, in test_independent_enumeration
2026-09-29T03:55:13.9126959Z     e, v = self.modules()
2026-09-29T03:55:13.9127171Z            ^^^^^^^^^^^^^^
2026-09-29T03:55:13.9127658Z   File "/home/runner/work/WetLabEngine/WetLabEngine/ResearchHistory/UQCF-GEM/demos/v16.22-response-selection-closure/test_gate.py", line 14, in modules
2026-09-29T03:55:13.9128273Z     self.assertTrue((HERE / (name + '.py')).is_file(), 'expected wiring RED: missing ' + name)
2026-09-29T03:55:13.9128668Z AssertionError: False is not true : expected wiring RED: missing engine
2026-09-29T03:55:13.9128880Z 
2026-09-29T03:55:13.9128979Z ======================================================================
2026-09-29T03:55:13.9129391Z FAIL: test_invalid_parents_and_embeddings_rejected (test_gate.Tests.test_invalid_parents_and_embeddings_rejected)
2026-09-29T03:55:13.9129823Z ----------------------------------------------------------------------
2026-09-29T03:55:13.9130090Z Traceback (most recent call last):
2026-09-29T03:55:13.9130714Z   File "/home/runner/work/WetLabEngine/WetLabEngine/ResearchHistory/UQCF-GEM/demos/v16.22-response-selection-closure/test_gate.py", line 46, in test_invalid_parents_and_embeddings_rejected
2026-09-29T03:55:13.9131305Z     e, _ = self.modules()
2026-09-29T03:55:13.9131481Z            ^^^^^^^^^^^^^^
2026-09-29T03:55:13.9132061Z   File "/home/runner/work/WetLabEngine/WetLabEngine/ResearchHistory/UQCF-GEM/demos/v16.22-response-selection-closure/test_gate.py", line 14, in modules
2026-09-29T03:55:13.9132666Z     self.assertTrue((HERE / (name + '.py')).is_file(), 'expected wiring RED: missing ' + name)
2026-09-29T03:55:13.9133054Z AssertionError: False is not true : expected wiring RED: missing engine
2026-09-29T03:55:13.9133272Z 
2026-09-29T03:55:13.9133365Z ======================================================================
2026-09-29T03:55:13.9133796Z FAIL: test_linear_but_label_selected_response_rejected (test_gate.Tests.test_linear_but_label_selected_response_rejected)
2026-09-29T03:55:13.9134252Z ----------------------------------------------------------------------
2026-09-29T03:55:13.9134510Z Traceback (most recent call last):
2026-09-29T03:55:13.9135137Z   File "/home/runner/work/WetLabEngine/WetLabEngine/ResearchHistory/UQCF-GEM/demos/v16.22-response-selection-closure/test_gate.py", line 107, in test_linear_but_label_selected_response_rejected
2026-09-29T03:55:13.9135748Z     _,v=self.modules(); c=self.cert()
2026-09-29T03:55:13.9135955Z         ^^^^^^^^^^^^^^
2026-09-29T03:55:13.9136437Z   File "/home/runner/work/WetLabEngine/WetLabEngine/ResearchHistory/UQCF-GEM/demos/v16.22-response-selection-closure/test_gate.py", line 14, in modules
2026-09-29T03:55:13.9137518Z     self.assertTrue((HERE / (name + '.py')).is_file(), 'expected wiring RED: missing ' + name)
2026-09-29T03:55:13.9137934Z AssertionError: False is not true : expected wiring RED: missing engine
2026-09-29T03:55:13.9138161Z 
2026-09-29T03:55:13.9138252Z ======================================================================
2026-09-29T03:55:13.9138616Z FAIL: test_missing_constraint_rejected (test_gate.Tests.test_missing_constraint_rejected)
2026-09-29T03:55:13.9138989Z ----------------------------------------------------------------------
2026-09-29T03:55:13.9139257Z Traceback (most recent call last):
2026-09-29T03:55:13.9139866Z   File "/home/runner/work/WetLabEngine/WetLabEngine/ResearchHistory/UQCF-GEM/demos/v16.22-response-selection-closure/test_gate.py", line 91, in test_missing_constraint_rejected
2026-09-29T03:55:13.9140451Z     self.reject(lambda c:c['rows'].pop())
2026-09-29T03:55:13.9140967Z   File "/home/runner/work/WetLabEngine/WetLabEngine/ResearchHistory/UQCF-GEM/demos/v16.22-response-selection-closure/test_gate.py", line 24, in reject
2026-09-29T03:55:13.9141462Z     _, v = self.modules()
2026-09-29T03:55:13.9141639Z            ^^^^^^^^^^^^^^
2026-09-29T03:55:13.9142119Z   File "/home/runner/work/WetLabEngine/WetLabEngine/ResearchHistory/UQCF-GEM/demos/v16.22-response-selection-closure/test_gate.py", line 14, in modules
2026-09-29T03:55:13.9142860Z     self.assertTrue((HERE / (name + '.py')).is_file(), 'expected wiring RED: missing ' + name)
2026-09-29T03:55:13.9143261Z AssertionError: False is not true : expected wiring RED: missing engine
2026-09-29T03:55:13.9143484Z 
2026-09-29T03:55:13.9143576Z ======================================================================
2026-09-29T03:55:13.9143930Z FAIL: test_missing_embedding_rejected (test_gate.Tests.test_missing_embedding_rejected)
2026-09-29T03:55:13.9144317Z ----------------------------------------------------------------------
2026-09-29T03:55:13.9144599Z Traceback (most recent call last):
2026-09-29T03:55:13.9145199Z   File "/home/runner/work/WetLabEngine/WetLabEngine/ResearchHistory/UQCF-GEM/demos/v16.22-response-selection-closure/test_gate.py", line 88, in test_missing_embedding_rejected
2026-09-29T03:55:13.9145780Z     self.reject(lambda c:c['arrows'].pop())
2026-09-29T03:55:13.9146305Z   File "/home/runner/work/WetLabEngine/WetLabEngine/ResearchHistory/UQCF-GEM/demos/v16.22-response-selection-closure/test_gate.py", line 24, in reject
2026-09-29T03:55:13.9146957Z     _, v = self.modules()
2026-09-29T03:55:13.9147154Z            ^^^^^^^^^^^^^^
2026-09-29T03:55:13.9147638Z   File "/home/runner/work/WetLabEngine/WetLabEngine/ResearchHistory/UQCF-GEM/demos/v16.22-response-selection-closure/test_gate.py", line 14, in modules
2026-09-29T03:55:13.9148362Z     self.assertTrue((HERE / (name + '.py')).is_file(), 'expected wiring RED: missing ' + name)
2026-09-29T03:55:13.9148770Z AssertionError: False is not true : expected wiring RED: missing engine
2026-09-29T03:55:13.9148992Z 
2026-09-29T03:55:13.9149087Z ======================================================================
2026-09-29T03:55:13.9149464Z FAIL: test_missing_required_field_rejected (test_gate.Tests.test_missing_required_field_rejected)
2026-09-29T03:55:13.9149859Z ----------------------------------------------------------------------
2026-09-29T03:55:13.9150134Z Traceback (most recent call last):
2026-09-29T03:55:13.9150732Z   File "/home/runner/work/WetLabEngine/WetLabEngine/ResearchHistory/UQCF-GEM/demos/v16.22-response-selection-closure/test_gate.py", line 104, in test_missing_required_field_rejected
2026-09-29T03:55:13.9151324Z     self.reject(lambda c:c.pop('rows'))
2026-09-29T03:55:13.9151849Z   File "/home/runner/work/WetLabEngine/WetLabEngine/ResearchHistory/UQCF-GEM/demos/v16.22-response-selection-closure/test_gate.py", line 24, in reject
2026-09-29T03:55:13.9152350Z     _, v = self.modules()
2026-09-29T03:55:13.9152539Z            ^^^^^^^^^^^^^^
2026-09-29T03:55:13.9153013Z   File "/home/runner/work/WetLabEngine/WetLabEngine/ResearchHistory/UQCF-GEM/demos/v16.22-response-selection-closure/test_gate.py", line 14, in modules
2026-09-29T03:55:13.9153616Z     self.assertTrue((HERE / (name + '.py')).is_file(), 'expected wiring RED: missing ' + name)
2026-09-29T03:55:13.9154014Z AssertionError: False is not true : expected wiring RED: missing engine
2026-09-29T03:55:13.9154237Z 
2026-09-29T03:55:13.9154325Z ======================================================================
2026-09-29T03:55:13.9154674Z FAIL: test_nonpermutation_coordinates (test_gate.Tests.test_nonpermutation_coordinates)
2026-09-29T03:55:13.9155059Z ----------------------------------------------------------------------
2026-09-29T03:55:13.9155321Z Traceback (most recent call last):
2026-09-29T03:55:13.9155907Z   File "/home/runner/work/WetLabEngine/WetLabEngine/ResearchHistory/UQCF-GEM/demos/v16.22-response-selection-closure/test_gate.py", line 126, in test_nonpermutation_coordinates
2026-09-29T03:55:13.9156490Z     _,v=self.modules(); c=self.cert()
2026-09-29T03:55:13.9156691Z         ^^^^^^^^^^^^^^
2026-09-29T03:55:13.9157344Z   File "/home/runner/work/WetLabEngine/WetLabEngine/ResearchHistory/UQCF-GEM/demos/v16.22-response-selection-closure/test_gate.py", line 14, in modules
2026-09-29T03:55:13.9157966Z     self.assertTrue((HERE / (name + '.py')).is_file(), 'expected wiring RED: missing ' + name)
2026-09-29T03:55:13.9158542Z AssertionError: False is not true : expected wiring RED: missing engine
2026-09-29T03:55:13.9158762Z 
2026-09-29T03:55:13.9158860Z ======================================================================
2026-09-29T03:55:13.9159293Z FAIL: test_nonproportional_witness_is_not_new_inverse (test_gate.Tests.test_nonproportional_witness_is_not_new_inverse)
2026-09-29T03:55:13.9159749Z ----------------------------------------------------------------------
2026-09-29T03:55:13.9160015Z Traceback (most recent call last):
2026-09-29T03:55:13.9160642Z   File "/home/runner/work/WetLabEngine/WetLabEngine/ResearchHistory/UQCF-GEM/demos/v16.22-response-selection-closure/test_gate.py", line 67, in test_nonproportional_witness_is_not_new_inverse
2026-09-29T03:55:13.9161243Z     e,v = self.modules()
2026-09-29T03:55:13.9161422Z           ^^^^^^^^^^^^^^
2026-09-29T03:55:13.9161895Z   File "/home/runner/work/WetLabEngine/WetLabEngine/ResearchHistory/UQCF-GEM/demos/v16.22-response-selection-closure/test_gate.py", line 14, in modules
2026-09-29T03:55:13.9162494Z     self.assertTrue((HERE / (name + '.py')).is_file(), 'expected wiring RED: missing ' + name)
2026-09-29T03:55:13.9162883Z AssertionError: False is not true : expected wiring RED: missing engine
2026-09-29T03:55:13.9163103Z 
2026-09-29T03:55:13.9163190Z ======================================================================
2026-09-29T03:55:13.9163628Z FAIL: test_root_and_small_universes (test_gate.Tests.test_root_and_small_universes)
2026-09-29T03:55:13.9163989Z ----------------------------------------------------------------------
2026-09-29T03:55:13.9164251Z Traceback (most recent call last):
2026-09-29T03:55:13.9164841Z   File "/home/runner/work/WetLabEngine/WetLabEngine/ResearchHistory/UQCF-GEM/demos/v16.22-response-selection-closure/test_gate.py", line 53, in test_root_and_small_universes
2026-09-29T03:55:13.9165405Z     e,v = self.modules()
2026-09-29T03:55:13.9165589Z           ^^^^^^^^^^^^^^
2026-09-29T03:55:13.9166073Z   File "/home/runner/work/WetLabEngine/WetLabEngine/ResearchHistory/UQCF-GEM/demos/v16.22-response-selection-closure/test_gate.py", line 14, in modules
2026-09-29T03:55:13.9166677Z     self.assertTrue((HERE / (name + '.py')).is_file(), 'expected wiring RED: missing ' + name)
2026-09-29T03:55:13.9167273Z AssertionError: False is not true : expected wiring RED: missing engine
2026-09-29T03:55:13.9167494Z 
2026-09-29T03:55:13.9167586Z ======================================================================
2026-09-29T03:55:13.9168002Z FAIL: test_storage_order_and_nullspace_basis_change (test_gate.Tests.test_storage_order_and_nullspace_basis_change)
2026-09-29T03:55:13.9168434Z ----------------------------------------------------------------------
2026-09-29T03:55:13.9168695Z Traceback (most recent call last):
2026-09-29T03:55:13.9169320Z   File "/home/runner/work/WetLabEngine/WetLabEngine/ResearchHistory/UQCF-GEM/demos/v16.22-response-selection-closure/test_gate.py", line 120, in test_storage_order_and_nullspace_basis_change
2026-09-29T03:55:13.9169930Z     _,v=self.modules(); c=self.cert()
2026-09-29T03:55:13.9170134Z         ^^^^^^^^^^^^^^
2026-09-29T03:55:13.9170609Z   File "/home/runner/work/WetLabEngine/WetLabEngine/ResearchHistory/UQCF-GEM/demos/v16.22-response-selection-closure/test_gate.py", line 14, in modules
2026-09-29T03:55:13.9171207Z     self.assertTrue((HERE / (name + '.py')).is_file(), 'expected wiring RED: missing ' + name)
2026-09-29T03:55:13.9171606Z AssertionError: False is not true : expected wiring RED: missing engine
2026-09-29T03:55:13.9171821Z 
2026-09-29T03:55:13.9171916Z ======================================================================
2026-09-29T03:55:13.9172361Z FAIL: test_unrestricted_solver_and_complete_verification (test_gate.Tests.test_unrestricted_solver_and_complete_verification)
2026-09-29T03:55:13.9172828Z ----------------------------------------------------------------------
2026-09-29T03:55:13.9173084Z Traceback (most recent call last):
2026-09-29T03:55:13.9173822Z   File "/home/runner/work/WetLabEngine/WetLabEngine/ResearchHistory/UQCF-GEM/demos/v16.22-response-selection-closure/test_gate.py", line 60, in test_unrestricted_solver_and_complete_verification
2026-09-29T03:55:13.9174438Z     _,v = self.modules()
2026-09-29T03:55:13.9174614Z           ^^^^^^^^^^^^^^
2026-09-29T03:55:13.9175083Z   File "/home/runner/work/WetLabEngine/WetLabEngine/ResearchHistory/UQCF-GEM/demos/v16.22-response-selection-closure/test_gate.py", line 14, in modules
2026-09-29T03:55:13.9175687Z     self.assertTrue((HERE / (name + '.py')).is_file(), 'expected wiring RED: missing ' + name)
2026-09-29T03:55:13.9176089Z AssertionError: False is not true : expected wiring RED: missing engine
2026-09-29T03:55:13.9176321Z 
2026-09-29T03:55:13.9176412Z ======================================================================
2026-09-29T03:55:13.9176930Z FAIL: test_wrong_domain_and_scalar_rejected (test_gate.Tests.test_wrong_domain_and_scalar_rejected)
2026-09-29T03:55:13.9177377Z ----------------------------------------------------------------------
2026-09-29T03:55:13.9177638Z Traceback (most recent call last):
2026-09-29T03:55:13.9178231Z   File "/home/runner/work/WetLabEngine/WetLabEngine/ResearchHistory/UQCF-GEM/demos/v16.22-response-selection-closure/test_gate.py", line 99, in test_wrong_domain_and_scalar_rejected
2026-09-29T03:55:13.9178868Z     self.reject(lambda c:c.__setitem__('genesis','foreign-origin'))
2026-09-29T03:55:13.9179541Z   File "/home/runner/work/WetLabEngine/WetLabEngine/ResearchHistory/UQCF-GEM/demos/v16.22-response-selection-closure/test_gate.py", line 24, in reject
2026-09-29T03:55:13.9180049Z     _, v = self.modules()
2026-09-29T03:55:13.9180242Z            ^^^^^^^^^^^^^^
2026-09-29T03:55:13.9180712Z   File "/home/runner/work/WetLabEngine/WetLabEngine/ResearchHistory/UQCF-GEM/demos/v16.22-response-selection-closure/test_gate.py", line 14, in modules
2026-09-29T03:55:13.9181309Z     self.assertTrue((HERE / (name + '.py')).is_file(), 'expected wiring RED: missing ' + name)
2026-09-29T03:55:13.9181699Z AssertionError: False is not true : expected wiring RED: missing engine
2026-09-29T03:55:13.9181920Z 
2026-09-29T03:55:13.9182006Z ======================================================================
2026-09-29T03:55:13.9182388Z FAIL: test_wrong_original_inverse_rejected (test_gate.Tests.test_wrong_original_inverse_rejected)
2026-09-29T03:55:13.9182907Z ----------------------------------------------------------------------
2026-09-29T03:55:13.9183265Z Traceback (most recent call last):
2026-09-29T03:55:13.9184189Z   File "/home/runner/work/WetLabEngine/WetLabEngine/ResearchHistory/UQCF-GEM/demos/v16.22-response-selection-closure/test_gate.py", line 96, in test_wrong_original_inverse_rejected
2026-09-29T03:55:13.9185109Z     self.reject(bad)
2026-09-29T03:55:13.9185748Z   File "/home/runner/work/WetLabEngine/WetLabEngine/ResearchHistory/UQCF-GEM/demos/v16.22-response-selection-closure/test_gate.py", line 24, in reject
2026-09-29T03:55:13.9186440Z     _, v = self.modules()
2026-09-29T03:55:13.9186672Z            ^^^^^^^^^^^^^^
2026-09-29T03:55:13.9187641Z   File "/home/runner/work/WetLabEngine/WetLabEngine/ResearchHistory/UQCF-GEM/demos/v16.22-response-selection-closure/test_gate.py", line 14, in modules
2026-09-29T03:55:13.9188564Z     self.assertTrue((HERE / (name + '.py')).is_file(), 'expected wiring RED: missing ' + name)
2026-09-29T03:55:13.9189136Z AssertionError: False is not true : expected wiring RED: missing engine
2026-09-29T03:55:13.9189445Z 
2026-09-29T03:55:13.9189613Z ----------------------------------------------------------------------
2026-09-29T03:55:13.9189960Z Ran 18 tests in 0.003s
2026-09-29T03:55:13.9190111Z 
2026-09-29T03:55:13.9190213Z FAILED (failures=18)
2026-09-29T03:55:13.9198590Z ##[error]Process completed with exit code 1.
2026-09-29T03:55:13.9244449Z ##[group]Run mkdir -p "$P/evidence"
2026-09-29T03:55:13.9244731Z [36;1mmkdir -p "$P/evidence"[0m
2026-09-29T03:55:13.9245166Z [36;1mgit archive --format=zip HEAD "$P" .github/workflows/uqcf-v1622-response-selection.yml > "$P/evidence/source.zip"[0m
2026-09-29T03:55:13.9245746Z [36;1mpython - <<'PY'[0m
2026-09-29T03:55:13.9245980Z [36;1mimport os,json,pathlib,hashlib,platform[0m
2026-09-29T03:55:13.9246262Z [36;1me=pathlib.Path(os.environ['P'])/'evidence'[0m
2026-09-29T03:55:13.9247302Z [36;1m(e/'execution.json').write_text(json.dumps({'sha':os.environ['GITHUB_SHA'],'run':os.environ['GITHUB_RUN_ID'],'attempt':os.environ['GITHUB_RUN_ATTEMPT'],'python':platform.python_version(),'review':'self-reviewed; no separate reviewer'},indent=2)+'\n')[0m
2026-09-29T03:55:13.9248322Z [36;1m(e/'SHA256SUMS').write_text(''.join(hashlib.sha256(f.read_bytes()).hexdigest()+'  '+f.name+'\n' for f in sorted(e.iterdir()) if f.is_file() and f.name!='SHA256SUMS'))[0m
2026-09-29T03:55:13.9248858Z [36;1mPY[0m
2026-09-29T03:55:13.9303627Z shell: /usr/bin/bash -e {0}
2026-09-29T03:55:13.9303838Z env:
2026-09-29T03:55:13.9304095Z   P: ResearchHistory/UQCF-GEM/demos/v16.22-response-selection-closure
2026-09-29T03:55:13.9304449Z   pythonLocation: /opt/hostedtoolcache/Python/3.11.16/x64
2026-09-29T03:55:13.9304778Z   PKG_CONFIG_PATH: /opt/hostedtoolcache/Python/3.11.16/x64/lib/pkgconfig
2026-09-29T03:55:13.9305104Z   Python_ROOT_DIR: /opt/hostedtoolcache/Python/3.11.16/x64
2026-09-29T03:55:13.9305410Z   Python2_ROOT_DIR: /opt/hostedtoolcache/Python/3.11.16/x64
2026-09-29T03:55:13.9305709Z   Python3_ROOT_DIR: /opt/hostedtoolcache/Python/3.11.16/x64
2026-09-29T03:55:13.9306007Z   LD_LIBRARY_PATH: /opt/hostedtoolcache/Python/3.11.16/x64/lib
2026-09-29T03:55:13.9306268Z ##[endgroup]
2026-09-29T03:55:13.9795215Z ##[group]Run actions/upload-artifact@ea165f8d65b6e75b540449e92b4886f43607fa02
2026-09-29T03:55:13.9795551Z with:
2026-09-29T03:55:13.9795814Z   name: v1622-310ec851211f708950f847e5a49d938637c45faa
2026-09-29T03:55:13.9796175Z   path: ResearchHistory/UQCF-GEM/demos/v16.22-response-selection-closure/evidence
2026-09-29T03:55:13.9796500Z   if-no-files-found: error
2026-09-29T03:55:13.9796709Z   compression-level: 6
2026-09-29T03:55:13.9797115Z   overwrite: false
2026-09-29T03:55:13.9797297Z   include-hidden-files: false
2026-09-29T03:55:13.9797496Z env:
2026-09-29T03:55:13.9797746Z   P: ResearchHistory/UQCF-GEM/demos/v16.22-response-selection-closure
2026-09-29T03:55:13.9798106Z   pythonLocation: /opt/hostedtoolcache/Python/3.11.16/x64
2026-09-29T03:55:13.9798451Z   PKG_CONFIG_PATH: /opt/hostedtoolcache/Python/3.11.16/x64/lib/pkgconfig
2026-09-29T03:55:13.9798773Z   Python_ROOT_DIR: /opt/hostedtoolcache/Python/3.11.16/x64
2026-09-29T03:55:13.9799109Z   Python2_ROOT_DIR: /opt/hostedtoolcache/Python/3.11.16/x64
2026-09-29T03:55:13.9799409Z   Python3_ROOT_DIR: /opt/hostedtoolcache/Python/3.11.16/x64
2026-09-29T03:55:13.9799703Z   LD_LIBRARY_PATH: /opt/hostedtoolcache/Python/3.11.16/x64/lib
2026-09-29T03:55:13.9799957Z ##[endgroup]
2026-09-29T03:55:14.1075601Z (node:2125) [DEP0040] DeprecationWarning: The `punycode` module is deprecated. Please use a userland alternative instead.
2026-09-29T03:55:14.1076303Z (Use `node --trace-deprecation ...` to show where the warning was created)
2026-09-29T03:55:14.1277893Z With the provided path, there will be 6 files uploaded
2026-09-29T03:55:14.1278608Z Artifact name is valid!
2026-09-29T03:55:14.1278961Z Root directory input is valid!
2026-09-29T03:55:14.4365371Z Beginning upload of artifact content to blob storage
2026-09-29T03:55:14.4563473Z (node:2125) [DEP0169] DeprecationWarning: `url.parse()` behavior is not standardized and prone to errors that have security implications. Use the WHATWG URL API instead. CVEs are not issued for `url.parse()` vulnerabilities.
2026-09-29T03:55:14.6987428Z Uploaded bytes 14891
2026-09-29T03:55:14.7545204Z Finished uploading artifact content to blob storage!
2026-09-29T03:55:14.7545953Z SHA256 digest of uploaded artifact zip is 89554715315bc6d30c0666eadc1db8fd97377bcac7c32d20f664d22a468cf4a0
2026-09-29T03:55:14.7547380Z Finalizing artifact upload
2026-09-29T03:55:14.9938620Z Artifact v1622-310ec851211f708950f847e5a49d938637c45faa.zip successfully finalized. Artifact ID 11011544480
2026-09-29T03:55:14.9940198Z Artifact v1622-310ec851211f708950f847e5a49d938637c45faa has been successfully uploaded! Final size is 14891 bytes. Artifact ID is 11011544480
2026-09-29T03:55:14.9944838Z Artifact download URL: https://github.com/proteinfoldingengine/WetLabEngine/actions/runs/36519238541/artifacts/11011544480
2026-09-29T03:55:15.0097433Z Post job cleanup.
2026-09-29T03:55:15.0791165Z [command]/usr/bin/git version
2026-09-29T03:55:15.0827345Z git version 2.55.0
2026-09-29T03:55:15.0857583Z Temporarily overriding HOME='/home/runner/work/_temp/ed5b5a15-12aa-4e1a-8ffa-2711648dbea8' before making global git config changes
2026-09-29T03:55:15.0860285Z Adding repository directory to the temporary git global config as a safe directory
2026-09-29T03:55:15.0862382Z [command]/usr/bin/git config --global --add safe.directory /home/runner/work/WetLabEngine/WetLabEngine
2026-09-29T03:55:15.0898327Z [command]/usr/bin/git config --local --name-only --get-regexp core\.sshCommand
2026-09-29T03:55:15.0930435Z [command]/usr/bin/git submodule foreach --recursive sh -c "git config --local --name-only --get-regexp 'core\.sshCommand' && git config --local --unset-all 'core.sshCommand' || :"
2026-09-29T03:55:15.1153488Z [command]/usr/bin/git config --local --name-only --get-regexp http\.https\:\/\/github\.com\/\.extraheader
2026-09-29T03:55:15.1177966Z http.https://github.com/.extraheader
2026-09-29T03:55:15.1188497Z [command]/usr/bin/git config --local --unset-all http.https://github.com/.extraheader
2026-09-29T03:55:15.1218661Z [command]/usr/bin/git submodule foreach --recursive sh -c "git config --local --name-only --get-regexp 'http\.https\:\/\/github\.com\/\.extraheader' && git config --local --unset-all 'http.https://github.com/.extraheader' || :"
2026-09-29T03:55:15.1439416Z [command]/usr/bin/git config --local --name-only --get-regexp ^includeIf\.gitdir:
2026-09-29T03:55:15.1473066Z [command]/usr/bin/git submodule foreach --recursive git config --local --show-origin --name-only --get-regexp remote.origin.url
2026-09-29T03:55:15.1813012Z Cleaning up orphan processes
2026-09-29T03:55:15.2028749Z ##[warning]Node.js 20 is deprecated. The following actions target Node.js 20 but are being forced to run on Node.js 24: actions/checkout@11d5960a326750d5838078e36cf38b85af677262, actions/setup-python@a26af69be951a213d495a4c3e4e4022e16d87065, actions/upload-artifact@ea165f8d65b6e75b540449e92b4886f43607fa02. For more information see: https://github.blog/changelog/2025-09-19-deprecation-of-node-20-on-github-actions-runners/
