2026-10-02T00:08:29.2124371Z Current runner version: '2.337.0'
2026-10-02T00:08:29.2160497Z ##[group]Runner Image Provisioner
2026-10-02T00:08:29.2161908Z Hosted Compute Agent
2026-10-02T00:08:29.2163212Z Version: 20260901.588
2026-10-02T00:08:29.2164352Z Commit: f88ec8081b781fac6c440065ac7ff9e710ce3d0b
2026-10-02T00:08:29.2165606Z Build Date: 2026-09-01T19:56:44Z
2026-10-02T00:08:29.2166735Z Worker ID: {79d0d4fe-33f7-47c8-ab3d-589ed250bb41}
2026-10-02T00:08:29.2167967Z Azure Region: eastus
2026-10-02T00:08:29.2168970Z ##[endgroup]
2026-10-02T00:08:29.2171494Z ##[group]Operating System
2026-10-02T00:08:29.2172812Z Ubuntu
2026-10-02T00:08:29.2173714Z 24.04.5
2026-10-02T00:08:29.2175216Z LTS
2026-10-02T00:08:29.2176129Z ##[endgroup]
2026-10-02T00:08:29.2177099Z ##[group]Runner Image
2026-10-02T00:08:29.2178133Z Image: ubuntu-24.04
2026-10-02T00:08:29.2179130Z Version: 20260927.320.1
2026-10-02T00:08:29.2181359Z Included Software: https://github.com/actions/runner-images/blob/ubuntu24/20260927.320/images/ubuntu/Ubuntu2404-Readme.md
2026-10-02T00:08:29.2184494Z Image Release: https://github.com/actions/runner-images/releases/tag/ubuntu24%2F20260927.320
2026-10-02T00:08:29.2186179Z ##[endgroup]
2026-10-02T00:08:29.2188076Z ##[group]GITHUB_TOKEN Permissions
2026-10-02T00:08:29.2191228Z Contents: read
2026-10-02T00:08:29.2192619Z Metadata: read
2026-10-02T00:08:29.2193562Z ##[endgroup]
2026-10-02T00:08:29.2196755Z Secret source: Actions
2026-10-02T00:08:29.2198489Z Cache mode: write
2026-10-02T00:08:29.2199962Z Prepare workflow directory
2026-10-02T00:08:29.2687655Z Prepare all required actions
2026-10-02T00:08:29.2760082Z Getting action download info
2026-10-02T00:08:29.5014856Z Download action repository 'actions/checkout@11d5960a326750d5838078e36cf38b85af677262' (SHA:11d5960a326750d5838078e36cf38b85af677262)
2026-10-02T00:08:29.6157186Z Download action repository 'actions/setup-python@a26af69be951a213d495a4c3e4e4022e16d87065' (SHA:a26af69be951a213d495a4c3e4e4022e16d87065)
2026-10-02T00:08:29.6992841Z Download action repository 'actions/upload-artifact@ea165f8d65b6e75b540449e92b4886f43607fa02' (SHA:ea165f8d65b6e75b540449e92b4886f43607fa02)
2026-10-02T00:08:29.9177783Z Complete job name: publication
2026-10-02T00:08:29.9982512Z ##[group]Run actions/checkout@11d5960a326750d5838078e36cf38b85af677262
2026-10-02T00:08:29.9983668Z with:
2026-10-02T00:08:29.9984106Z   fetch-depth: 0
2026-10-02T00:08:29.9984651Z   repository: proteinfoldingengine/WetLabEngine
2026-10-02T00:08:29.9988899Z   token: ***
2026-10-02T00:08:29.9989352Z   ssh-strict: true
2026-10-02T00:08:29.9989796Z   ssh-user: git
2026-10-02T00:08:29.9990251Z   persist-credentials: true
2026-10-02T00:08:29.9990737Z   clean: true
2026-10-02T00:08:29.9991193Z   sparse-checkout-cone-mode: true
2026-10-02T00:08:29.9991715Z   fetch-tags: false
2026-10-02T00:08:29.9992348Z   show-progress: true
2026-10-02T00:08:29.9992798Z   lfs: false
2026-10-02T00:08:29.9993214Z   submodules: false
2026-10-02T00:08:29.9993659Z   set-safe-directory: true
2026-10-02T00:08:29.9994165Z   allow-unsafe-pr-checkout: false
2026-10-02T00:08:29.9994977Z ##[endgroup]
2026-10-02T00:08:30.0996978Z Syncing repository: proteinfoldingengine/WetLabEngine
2026-10-02T00:08:30.0999843Z ##[group]Getting Git version info
2026-10-02T00:08:30.1001088Z Working directory is '/home/runner/work/WetLabEngine/WetLabEngine'
2026-10-02T00:08:30.1003190Z [command]/usr/bin/git version
2026-10-02T00:08:30.1074462Z git version 2.55.0
2026-10-02T00:08:30.1099917Z ##[endgroup]
2026-10-02T00:08:30.1123462Z Temporarily overriding HOME='/home/runner/work/_temp/e3271947-6199-4b7a-b671-92a8b6c1d5a1' before making global git config changes
2026-10-02T00:08:30.1125740Z Adding repository directory to the temporary git global config as a safe directory
2026-10-02T00:08:30.1128573Z [command]/usr/bin/git config --global --add safe.directory /home/runner/work/WetLabEngine/WetLabEngine
2026-10-02T00:08:30.1182321Z Deleting the contents of '/home/runner/work/WetLabEngine/WetLabEngine'
2026-10-02T00:08:30.1192486Z ##[group]Initializing the repository
2026-10-02T00:08:30.1200345Z [command]/usr/bin/git init /home/runner/work/WetLabEngine/WetLabEngine
2026-10-02T00:08:30.1299954Z hint: Using 'master' as the name for the initial branch. This default branch name
2026-10-02T00:08:30.1301706Z hint: will change to "main" in Git 3.0. To configure the initial branch name
2026-10-02T00:08:30.1303537Z hint: to use in all of your new repositories, which will suppress this warning,
2026-10-02T00:08:30.1305214Z hint: call:
2026-10-02T00:08:30.1306014Z hint:
2026-10-02T00:08:30.1307089Z hint: 	git config --global init.defaultBranch <name>
2026-10-02T00:08:30.1308263Z hint:
2026-10-02T00:08:30.1309395Z hint: Names commonly chosen instead of 'master' are 'main', 'trunk' and
2026-10-02T00:08:30.1311058Z hint: 'development'. The just-created branch can be renamed via this command:
2026-10-02T00:08:30.1312744Z hint:
2026-10-02T00:08:30.1313477Z hint: 	git branch -m <name>
2026-10-02T00:08:30.1314303Z hint:
2026-10-02T00:08:30.1315779Z hint: Disable this message with "git config set advice.defaultBranchName false"
2026-10-02T00:08:30.1318210Z Initialized empty Git repository in /home/runner/work/WetLabEngine/WetLabEngine/.git/
2026-10-02T00:08:30.1321282Z [command]/usr/bin/git remote add origin https://github.com/proteinfoldingengine/WetLabEngine
2026-10-02T00:08:30.1369209Z ##[endgroup]
2026-10-02T00:08:30.1370541Z ##[group]Disabling automatic garbage collection
2026-10-02T00:08:30.1374226Z [command]/usr/bin/git config --local gc.auto 0
2026-10-02T00:08:30.1408477Z ##[endgroup]
2026-10-02T00:08:30.1409858Z ##[group]Setting up auth
2026-10-02T00:08:30.1416937Z [command]/usr/bin/git config --local --name-only --get-regexp core\.sshCommand
2026-10-02T00:08:30.1453242Z [command]/usr/bin/git submodule foreach --recursive sh -c "git config --local --name-only --get-regexp 'core\.sshCommand' && git config --local --unset-all 'core.sshCommand' || :"
2026-10-02T00:08:30.1889146Z [command]/usr/bin/git config --local --name-only --get-regexp http\.https\:\/\/github\.com\/\.extraheader
2026-10-02T00:08:30.1946054Z [command]/usr/bin/git submodule foreach --recursive sh -c "git config --local --name-only --get-regexp 'http\.https\:\/\/github\.com\/\.extraheader' && git config --local --unset-all 'http.https://github.com/.extraheader' || :"
2026-10-02T00:08:30.2214684Z [command]/usr/bin/git config --local --name-only --get-regexp ^includeIf\.gitdir:
2026-10-02T00:08:30.2261040Z [command]/usr/bin/git submodule foreach --recursive git config --local --show-origin --name-only --get-regexp remote.origin.url
2026-10-02T00:08:30.2525418Z [command]/usr/bin/git config --local http.https://github.com/.extraheader AUTHORIZATION: basic ***
2026-10-02T00:08:30.2569839Z ##[endgroup]
2026-10-02T00:08:30.2570631Z ##[group]Fetching the repository
2026-10-02T00:08:30.2580226Z [command]/usr/bin/git -c protocol.version=2 fetch --prune --no-recurse-submodules origin +refs/heads/*:refs/remotes/origin/* +refs/tags/*:refs/tags/*
2026-10-02T00:08:53.6509850Z From https://github.com/proteinfoldingengine/WetLabEngine
2026-10-02T00:08:53.6511178Z  * [new branch]        agent/retire-legacy-retained-atlas-loop -> origin/agent/retire-legacy-retained-atlas-loop
2026-10-02T00:08:53.6512361Z  * [new branch]        archive/v15.28-scientific-source-34892900423 -> origin/archive/v15.28-scientific-source-34892900423
2026-10-02T00:08:53.6513199Z  * [new branch]        ci/retained-execution-audit -> origin/ci/retained-execution-audit
2026-10-02T00:08:53.6514207Z  * [new branch]        ci/retained-execution-optimization -> origin/ci/retained-execution-optimization
2026-10-02T00:08:53.6515642Z  * [new branch]        gen3-historical-backbone-reconstruction-v1 -> origin/gen3-historical-backbone-reconstruction-v1
2026-10-02T00:08:53.6516895Z  * [new branch]        main                  -> origin/main
2026-10-02T00:08:53.6517708Z  * [new branch]        mainmain              -> origin/mainmain
2026-10-02T00:08:53.6518804Z  * [new branch]        maintenance/v15.01-checker-repro -> origin/maintenance/v15.01-checker-repro
2026-10-02T00:08:53.6520258Z  * [new branch]        maintenance/withdrawn-lab-history-cleanup -> origin/maintenance/withdrawn-lab-history-cleanup
2026-10-02T00:08:53.6521443Z  * [new branch]        publication/uqcf-v1544-v1545-main -> origin/publication/uqcf-v1544-v1545-main
2026-10-02T00:08:53.6522808Z  * [new branch]        research/foundational-closure-verification -> origin/research/foundational-closure-verification
2026-10-02T00:08:53.6523800Z  * [new branch]        research/protein-p0-v9-native-information-audit -> origin/research/protein-p0-v9-native-information-audit
2026-10-02T00:08:53.6524975Z  * [new branch]        research/protein-p1-v9-regularizer-reduction -> origin/research/protein-p1-v9-regularizer-reduction
2026-10-02T00:08:53.6525967Z  * [new branch]        research/protein-p4-backbone-tpo-replay -> origin/research/protein-p4-backbone-tpo-replay
2026-10-02T00:08:53.6526936Z  * [new branch]        research/protein-p5-constrained-backbone-survival -> origin/research/protein-p5-constrained-backbone-survival
2026-10-02T00:08:53.6527874Z  * [new branch]        research/protein-p6-continuation-decision -> origin/research/protein-p6-continuation-decision
2026-10-02T00:08:53.6529383Z  * [new branch]        research/protein-p6-native-blind-preorganization -> origin/research/protein-p6-native-blind-preorganization
2026-10-02T00:08:53.6530458Z  * [new branch]        research/protein-p7-early-backbone-controller-survival -> origin/research/protein-p7-early-backbone-controller-survival
2026-10-02T00:08:53.6531405Z  * [new branch]        research/protein-p8-patch622-624-reopen -> origin/research/protein-p8-patch622-624-reopen
2026-10-02T00:08:53.6533047Z  * [new branch]        research/protein-p8-patch622-624-reopen-certification -> origin/research/protein-p8-patch622-624-reopen-certification
2026-10-02T00:08:53.6534158Z  * [new branch]        research/protein-p8b-authoritative-launch -> origin/research/protein-p8b-authoritative-launch
2026-10-02T00:08:53.6535098Z  * [new branch]        research/protein-p8b-independent-verifier -> origin/research/protein-p8b-independent-verifier
2026-10-02T00:08:53.6536283Z  * [new branch]        research/protein-p8b-measurement-layer -> origin/research/protein-p8b-measurement-layer
2026-10-02T00:08:53.6537189Z  * [new branch]        research/protein-p8b-result-record -> origin/research/protein-p8b-result-record
2026-10-02T00:08:53.6538330Z  * [new branch]        research/protein-p8b-valid-backbone-controller-gate -> origin/research/protein-p8b-valid-backbone-controller-gate
2026-10-02T00:08:53.6539717Z  * [new branch]        research/protein-p9-coherence-state-falsifier -> origin/research/protein-p9-coherence-state-falsifier
2026-10-02T00:08:53.6540846Z  * [new branch]        research/protein-p9-retained-coherence-falsifier -> origin/research/protein-p9-retained-coherence-falsifier
2026-10-02T00:08:53.6541974Z  * [new branch]        research/protein-program-go-no-go-closeout -> origin/research/protein-program-go-no-go-closeout
2026-10-02T00:08:53.6543290Z  * [new branch]        research/protein-program-post-p6-closeout -> origin/research/protein-program-post-p6-closeout
2026-10-02T00:08:53.6544327Z  * [new branch]        research/protein-ufi-foldability-audit -> origin/research/protein-ufi-foldability-audit
2026-10-02T00:08:53.6545024Z  * [new branch]        research/v13.26-rscl-origin -> origin/research/v13.26-rscl-origin
2026-10-02T00:08:53.6545703Z  * [new branch]        research/v13.27-gravity-progress-demo -> origin/research/v13.27-gravity-progress-demo
2026-10-02T00:08:53.6546365Z  * [new branch]        research/v13.27-peer-review -> origin/research/v13.27-peer-review
2026-10-02T00:08:53.6546961Z  * [new branch]        research/v13.27-peer-review-2 -> origin/research/v13.27-peer-review-2
2026-10-02T00:08:53.6547769Z  * [new branch]        research/v13.27-projective-coupled-source -> origin/research/v13.27-projective-coupled-source
2026-10-02T00:08:53.6548613Z  * [new branch]        research/v13.27-rescope-revision -> origin/research/v13.27-rescope-revision
2026-10-02T00:08:53.6549299Z  * [new branch]        research/v13.28-rgcl-pairing-audit -> origin/research/v13.28-rgcl-pairing-audit
2026-10-02T00:08:53.6550230Z  * [new branch]        research/v14.01-global-admissibility -> origin/research/v14.01-global-admissibility
2026-10-02T00:08:53.6550943Z  * [new branch]        research/v14.02-convex-dual-normal -> origin/research/v14.02-convex-dual-normal
2026-10-02T00:08:53.6551664Z  * [new branch]        research/v14.03-projective-source-ray -> origin/research/v14.03-projective-source-ray
2026-10-02T00:08:53.6552758Z  * [new branch]        research/v14.04-provenance-representation -> origin/research/v14.04-provenance-representation
2026-10-02T00:08:53.6553611Z  * [new branch]        research/v15.01-common-parent-representation -> origin/research/v15.01-common-parent-representation
2026-10-02T00:08:53.6554318Z  * [new branch]        research/v15.01-red-proof -> origin/research/v15.01-red-proof
2026-10-02T00:08:53.6555005Z  * [new branch]        research/v15.02-shared-label-equivariance -> origin/research/v15.02-shared-label-equivariance
2026-10-02T00:08:53.6555789Z  * [new branch]        research/v15.03-graph-site-source-lift -> origin/research/v15.03-graph-site-source-lift
2026-10-02T00:08:53.6556556Z  * [new branch]        research/v15.04-spectral-source-freedom -> origin/research/v15.04-spectral-source-freedom
2026-10-02T00:08:53.6557385Z  * [new branch]        research/v15.05-composition-selector-boundary -> origin/research/v15.05-composition-selector-boundary
2026-10-02T00:08:53.6558362Z  * [new branch]        research/v15.06-recoverability-multiplicativity-boundary -> origin/research/v15.06-recoverability-multiplicativity-boundary
2026-10-02T00:08:53.6559340Z  * [new branch]        research/v15.07-canonical-neutral-reference -> origin/research/v15.07-canonical-neutral-reference
2026-10-02T00:08:53.6560156Z  * [new branch]        research/v15.08-genesis-source-semantics -> origin/research/v15.08-genesis-source-semantics
2026-10-02T00:08:53.6560928Z  * [new branch]        research/v15.09-quantum-carrier-origin -> origin/research/v15.09-quantum-carrier-origin
2026-10-02T00:08:53.6561902Z  * [new branch]        research/v15.10-pruning-order-emergent-time -> origin/research/v15.10-pruning-order-emergent-time
2026-10-02T00:08:53.6563155Z  * [new branch]        research/v15.11-ontology-continuity-reconciliation -> origin/research/v15.11-ontology-continuity-reconciliation
2026-10-02T00:08:53.6564071Z  * [new branch]        research/v15.12-integrated-pretime-history -> origin/research/v15.12-integrated-pretime-history
2026-10-02T00:08:53.6564838Z  * [new branch]        research/v15.13-independent-events -> origin/research/v15.13-independent-events
2026-10-02T00:08:53.6565547Z  * [new branch]        research/v15.14-record-dependencies -> origin/research/v15.14-record-dependencies
2026-10-02T00:08:53.6566236Z  * [new branch]        research/v15.15-coherent-records -> origin/research/v15.15-coherent-records
2026-10-02T00:08:53.6566902Z  * [new branch]        research/v15.16-partial-pruning -> origin/research/v15.16-partial-pruning
2026-10-02T00:08:53.6567551Z  * [new branch]        research/v15.17-retained-motion -> origin/research/v15.17-retained-motion
2026-10-02T00:08:53.6568253Z  * [new branch]        research/v15.20-artifact-preservation -> origin/research/v15.20-artifact-preservation
2026-10-02T00:08:53.6568975Z  * [new branch]        research/v15.20-results-archive -> origin/research/v15.20-results-archive
2026-10-02T00:08:53.6569608Z  * [new branch]        research/v15.21-record-readout -> origin/research/v15.21-record-readout
2026-10-02T00:08:53.6570257Z  * [new branch]        research/v15.22-event-sufficiency -> origin/research/v15.22-event-sufficiency
2026-10-02T00:08:53.6571010Z  * [new branch]        research/v15.23-sufficient-channel-family -> origin/research/v15.23-sufficient-channel-family
2026-10-02T00:08:53.6571757Z  * [new branch]        research/v15.24-composition-gate -> origin/research/v15.24-composition-gate
2026-10-02T00:08:53.6572850Z  * [new branch]        research/v15.25-pretime-gravity-canary -> origin/research/v15.25-pretime-gravity-canary
2026-10-02T00:08:53.6573824Z  * [new branch]        research/v15.26-response-selector-rank -> origin/research/v15.26-response-selector-rank
2026-10-02T00:08:53.6574526Z  * [new branch]        research/v15.27-target-origin -> origin/research/v15.27-target-origin
2026-10-02T00:08:53.6575151Z  * [new branch]        research/v15.28-coupling-space -> origin/research/v15.28-coupling-space
2026-10-02T00:08:53.6575854Z  * [new branch]        research/v15.29-provenance-faithfulness -> origin/research/v15.29-provenance-faithfulness
2026-10-02T00:08:53.6576681Z  * [new branch]        research/v15.30-provenance-fiber-definability -> origin/research/v15.30-provenance-fiber-definability
2026-10-02T00:08:53.6577544Z  * [new branch]        research/v15.31-source-extension-minimality -> origin/research/v15.31-source-extension-minimality
2026-10-02T00:08:53.6578404Z  * [new branch]        research/v15.32-commutant-sector-decomposition -> origin/research/v15.32-commutant-sector-decomposition
2026-10-02T00:08:53.6579307Z  * [new branch]        research/v15.33-sector-weight-constraint-audit -> origin/research/v15.33-sector-weight-constraint-audit
2026-10-02T00:08:53.6580183Z  * [new branch]        research/v15.34-canonical-adjacency-commutant -> origin/research/v15.34-canonical-adjacency-commutant
2026-10-02T00:08:53.6581004Z  * [new branch]        research/v15.35-support-radius-locality -> origin/research/v15.35-support-radius-locality
2026-10-02T00:08:53.6581796Z  * [new branch]        research/v15.36-order-semigroup-constraint -> origin/research/v15.36-order-semigroup-constraint
2026-10-02T00:08:53.6582833Z  * [new branch]        research/v15.37-response-selector-irreducibility -> origin/research/v15.37-response-selector-irreducibility
2026-10-02T00:08:53.6583723Z  * [new branch]        research/v15.38-response-axiom-admissibility -> origin/research/v15.38-response-axiom-admissibility
2026-10-02T00:08:53.6584593Z  * [new branch]        research/v15.39-higher-incidence-source-axioms -> origin/research/v15.39-higher-incidence-source-axioms
2026-10-02T00:08:53.6585662Z  * [new branch]        research/v15.40-global-balance-geometry-specificity -> origin/research/v15.40-global-balance-geometry-specificity
2026-10-02T00:08:53.6586771Z  * [new branch]        research/v15.41-formal-connection-curvature-source-correspondence -> origin/research/v15.41-formal-connection-curvature-source-correspondence
2026-10-02T00:08:53.6587867Z  * [new branch]        research/v15.42-duality-covariant-transport-repair -> origin/research/v15.42-duality-covariant-transport-repair
2026-10-02T00:08:53.6588772Z  * [new branch]        research/v15.43-certified-response-geometry -> origin/research/v15.43-certified-response-geometry
2026-10-02T00:08:53.6589679Z  * [new branch]        research/v15.44-intrinsic-curvature-interpretation -> origin/research/v15.44-intrinsic-curvature-interpretation
2026-10-02T00:08:53.6590693Z  * [new branch]        research/v15.45-curvature-factorization-spectral-boundary -> origin/research/v15.45-curvature-factorization-spectral-boundary
2026-10-02T00:08:53.6591740Z  * [new branch]        research/v15.46-primitive-joint-source-admissibility -> origin/research/v15.46-primitive-joint-source-admissibility
2026-10-02T00:08:53.6592973Z  * [new branch]        research/v15.55-source-compatibility-response -> origin/research/v15.55-source-compatibility-response
2026-10-02T00:08:53.6593875Z  * [new branch]        research/v15.56-response-selector-obstruction -> origin/research/v15.56-response-selector-obstruction
2026-10-02T00:08:53.6594735Z  * [new branch]        research/v15.56-source-edge-factorization -> origin/research/v15.56-source-edge-factorization
2026-10-02T00:08:53.6595736Z  * [new branch]        research/v15.57-source-law-specificity -> origin/research/v15.57-source-law-specificity
2026-10-02T00:08:53.6596784Z  * [new branch]        research/v15.58-asymmetric-heldout-ensemble -> origin/research/v15.58-asymmetric-heldout-ensemble
2026-10-02T00:08:53.6598017Z  * [new branch]        research/v15.59-nonclosed-source-class -> origin/research/v15.59-nonclosed-source-class
2026-10-02T00:08:53.6599238Z  * [new branch]        research/v15.60-shared-response-geometry -> origin/research/v15.60-shared-response-geometry
2026-10-02T00:08:53.6600558Z  * [new branch]        research/v15.61-source-derivative-classification -> origin/research/v15.61-source-derivative-classification
2026-10-02T00:08:53.6601952Z  * [new branch]        research/v15.62-symmetric-leakage-null -> origin/research/v15.62-symmetric-leakage-null
2026-10-02T00:08:53.6602972Z  * [new branch]        research/v15.63-global-symmetric-null-lift -> origin/research/v15.63-global-symmetric-null-lift
2026-10-02T00:08:53.6603829Z  * [new branch]        research/v15.64-source-vector-field-null -> origin/research/v15.64-source-vector-field-null
2026-10-02T00:08:53.6604698Z  * [new branch]        research/v15.65-null-asymptotic-scaling -> origin/research/v15.65-null-asymptotic-scaling
2026-10-02T00:08:53.6605572Z  * [new branch]        research/v15.66-polar-derivative-numerics -> origin/research/v15.66-polar-derivative-numerics
2026-10-02T00:08:53.6606749Z  * [new branch]        research/v15.67-highprecision-identity-audit -> origin/research/v15.67-highprecision-identity-audit
2026-10-02T00:08:53.6608341Z  * [new branch]        research/v15.68-complex-highprecision-repair -> origin/research/v15.68-complex-highprecision-repair
2026-10-02T00:08:53.6609291Z  * [new branch]        research/v15.69-covariant-symmetric-null -> origin/research/v15.69-covariant-symmetric-null
2026-10-02T00:08:53.6610104Z  * [new branch]        research/v15.70-atlas-descent-composition -> origin/research/v15.70-atlas-descent-composition
2026-10-02T00:08:53.6610873Z  * [new branch]        research/v15.71-memory-enriched-null -> origin/research/v15.71-memory-enriched-null
2026-10-02T00:08:53.6611625Z  * [new branch]        research/v15.71-minimal-extension-memory -> origin/research/v15.71-minimal-extension-memory
2026-10-02T00:08:53.6612764Z  * [new branch]        research/v15.72-extension-memory-numerics -> origin/research/v15.72-extension-memory-numerics
2026-10-02T00:08:53.6613812Z  * [new branch]        research/v15.72-operational-mixture-affinity -> origin/research/v15.72-operational-mixture-affinity
2026-10-02T00:08:53.6614684Z  * [new branch]        research/v15.73-two-body-unitary-source -> origin/research/v15.73-two-body-unitary-source
2026-10-02T00:08:53.6615682Z  * [new branch]        research/v15.74-hamiltonian-null-classification -> origin/research/v15.74-hamiltonian-null-classification
2026-10-02T00:08:53.6616470Z  * [new branch]        research/v15.75-affine-open-null -> origin/research/v15.75-affine-open-null
2026-10-02T00:08:53.6617172Z  * [new branch]        research/v15.76-cptp-null-composition -> origin/research/v15.76-cptp-null-composition
2026-10-02T00:08:53.6617906Z  * [new branch]        research/v15.77-active-baseline-null -> origin/research/v15.77-active-baseline-null
2026-10-02T00:08:53.6618643Z  * [new branch]        research/v15.78-source-free-covariance -> origin/research/v15.78-source-free-covariance
2026-10-02T00:08:53.6619443Z  * [new branch]        research/v15.79-covariant-source-couplings -> origin/research/v15.79-covariant-source-couplings
2026-10-02T00:08:53.6620223Z  * [new branch]        research/v15.80-signed-cptp-tangents -> origin/research/v15.80-signed-cptp-tangents
2026-10-02T00:08:53.6621019Z  * [new branch]        research/v15.81-source-component-interference -> origin/research/v15.81-source-component-interference
2026-10-02T00:08:53.6621867Z  * [new branch]        research/v15.82-polar-boundary-obstruction -> origin/research/v15.82-polar-boundary-obstruction
2026-10-02T00:08:53.6622853Z  * [new branch]        research/v15.83-support-loop-composition -> origin/research/v15.83-support-loop-composition
2026-10-02T00:08:53.6623674Z  * [new branch]        research/v15.84-loop-channel-recoverability -> origin/research/v15.84-loop-channel-recoverability
2026-10-02T00:08:53.6694678Z  * [new branch]        research/v15.85-affine-shift-obstruction -> origin/research/v15.85-affine-shift-obstruction
2026-10-02T00:08:53.6696392Z  * [new branch]        research/v15.86-cptp-support-completion -> origin/research/v15.86-cptp-support-completion
2026-10-02T00:08:53.6697227Z  * [new branch]        research/v15.87-cptp-erasure-cost -> origin/research/v15.87-cptp-erasure-cost
2026-10-02T00:08:53.6698037Z  * [new branch]        research/v15.88-exact-erasure-entanglement -> origin/research/v15.88-exact-erasure-entanglement
2026-10-02T00:08:53.6698971Z  * [new branch]        research/v15.89-weakest-direction-entanglement-bound -> origin/research/v15.89-weakest-direction-entanglement-bound
2026-10-02T00:08:53.6699923Z  * [new branch]        research/v15.90-arbitrary-input-negativity -> origin/research/v15.90-arbitrary-input-negativity
2026-10-02T00:08:53.6700782Z  * [new branch]        research/v15.91-separable-output-rotation -> origin/research/v15.91-separable-output-rotation
2026-10-02T00:08:53.6701651Z  * [new branch]        research/v15.92-preparation-span-obstruction -> origin/research/v15.92-preparation-span-obstruction
2026-10-02T00:08:53.6702825Z  * [new branch]        research/v15.93-oriented-rank-two-response -> origin/research/v15.93-oriented-rank-two-response
2026-10-02T00:08:53.6703747Z  * [new branch]        research/v15.94-oriented-composition-compatibility -> origin/research/v15.94-oriented-composition-compatibility
2026-10-02T00:08:53.6704712Z  * [new branch]        research/v15.95-compatible-holonomy-reduction -> origin/research/v15.95-compatible-holonomy-reduction
2026-10-02T00:08:53.6705577Z  * [new branch]        research/v15.96-overlap-holonomy-common-line -> origin/research/v15.96-overlap-holonomy-common-line
2026-10-02T00:08:53.6706389Z  * [new branch]        research/v15.97-overlap-hidden-response -> origin/research/v15.97-overlap-hidden-response
2026-10-02T00:08:53.6707193Z  * [new branch]        research/v15.98-composed-four-body-response -> origin/research/v15.98-composed-four-body-response
2026-10-02T00:08:53.6708046Z  * [new branch]        research/v15.99-intermediate-eb-retention -> origin/research/v15.99-intermediate-eb-retention
2026-10-02T00:08:53.6709095Z  * [new branch]        research/v16.00-precision-readout-audit -> origin/research/v16.00-precision-readout-audit
2026-10-02T00:08:53.6709895Z  * [new branch]        research/v16.01-global-input-precision -> origin/research/v16.01-global-input-precision
2026-10-02T00:08:53.6710694Z  * [new branch]        research/v16.02-full-ensemble-precision -> origin/research/v16.02-full-ensemble-precision
2026-10-02T00:08:53.6711493Z  * [new branch]        research/v16.03-finite-source-continuation -> origin/research/v16.03-finite-source-continuation
2026-10-02T00:08:53.6712851Z  * [new branch]        research/v16.04-inserted-channel-factorization -> origin/research/v16.04-inserted-channel-factorization
2026-10-02T00:08:53.6713819Z  * [new branch]        research/v16.05-retained-edge-localization -> origin/research/v16.05-retained-edge-localization
2026-10-02T00:08:53.6714601Z  * [new branch]        research/v16.06-sixth-edge-domain -> origin/research/v16.06-sixth-edge-domain
2026-10-02T00:08:53.6715386Z  * [new branch]        research/v16.07-support-stratum-stability -> origin/research/v16.07-support-stratum-stability
2026-10-02T00:08:53.6716182Z  * [new branch]        research/v16.08-physical-channel-paths -> origin/research/v16.08-physical-channel-paths
2026-10-02T00:08:53.6716941Z  * [new branch]        research/v16.09-boundary-polar-limits -> origin/research/v16.09-boundary-polar-limits
2026-10-02T00:08:53.6717980Z  * [new branch]        research/v16.10-source-reversal -> origin/research/v16.10-source-reversal
2026-10-02T00:08:53.6718930Z  * [new branch]        research/v16.11-coherence-family -> origin/research/v16.11-coherence-family
2026-10-02T00:08:53.6719629Z  * [new branch]        research/v16.12-continuous-response -> origin/research/v16.12-continuous-response
2026-10-02T00:08:53.6720342Z  * [new branch]        research/v16.13-local-gauge-content -> origin/research/v16.13-local-gauge-content
2026-10-02T00:08:53.6721067Z  * [new branch]        research/v16.13F-foundational-closure -> origin/research/v16.13F-foundational-closure
2026-10-02T00:08:53.6722283Z  * [new branch]        research/v16.14-closed-network-response -> origin/research/v16.14-closed-network-response
2026-10-02T00:08:53.6723227Z  * [new branch]        research/v16.14F-obstruction-carrier-closure -> origin/research/v16.14F-obstruction-carrier-closure
2026-10-02T00:08:53.6724051Z  * [new branch]        research/v16.15-network-interpretation -> origin/research/v16.15-network-interpretation
2026-10-02T00:08:53.6724857Z  * [new branch]        research/v16.15F-graded-obstruction-descent -> origin/research/v16.15F-graded-obstruction-descent
2026-10-02T00:08:53.6725635Z  * [new branch]        research/v16.16-information-exhaust -> origin/research/v16.16-information-exhaust
2026-10-02T00:08:53.6726577Z  * [new branch]        research/v16.19-response-information-kernel -> origin/research/v16.19-response-information-kernel
2026-10-02T00:08:53.6727451Z  * [new branch]        research/v16.20-second-order-information -> origin/research/v16.20-second-order-information
2026-10-02T00:08:53.6728355Z  * [new branch]        research/v16.21-foundational-closure-verification -> origin/research/v16.21-foundational-closure-verification
2026-10-02T00:08:53.6729257Z  * [new branch]        research/v16.22-response-selection-closure -> origin/research/v16.22-response-selection-closure
2026-10-02T00:08:53.6729999Z  * [new branch]        research/v16.23-overlap-descent -> origin/research/v16.23-overlap-descent
2026-10-02T00:08:53.6730665Z  * [new branch]        research/v16.24-consistency-order -> origin/research/v16.24-consistency-order
2026-10-02T00:08:53.6731428Z  * [new branch]        research/v16.25-pruning-refinement-closure -> origin/research/v16.25-pruning-refinement-closure
2026-10-02T00:08:53.6732618Z  * [new branch]        research/v16.26-consistency-increment-law -> origin/research/v16.26-consistency-increment-law
2026-10-02T00:08:53.6733506Z  * [new branch]        research/v16.27-increment-attribution-closure -> origin/research/v16.27-increment-attribution-closure
2026-10-02T00:08:53.6734577Z  * [new branch]        research/v16.28-diamond-attribution-closure -> origin/research/v16.28-diamond-attribution-closure
2026-10-02T00:08:53.6735393Z  * [new branch]        research/v16.29-local-profile-closure -> origin/research/v16.29-local-profile-closure
2026-10-02T00:08:53.6736210Z  * [new branch]        research/v16.30-interaction-component-closure -> origin/research/v16.30-interaction-component-closure
2026-10-02T00:08:53.6737097Z  * [new branch]        research/v16.31-global-component-factorization -> origin/research/v16.31-global-component-factorization
2026-10-02T00:08:53.6738536Z  * [new branch]        research/v16.32-retained-state-reconstruction -> origin/research/v16.32-retained-state-reconstruction
2026-10-02T00:08:53.6740033Z  * [new branch]        research/v16.33-consistency-quotient-kernel -> origin/research/v16.33-consistency-quotient-kernel
2026-10-02T00:08:53.6741111Z  * [new branch]        research/v16.34-fiber-component-invariant -> origin/research/v16.34-fiber-component-invariant
2026-10-02T00:08:53.6741926Z  * [new branch]        research/v16.35-fiber-barrier-closure -> origin/research/v16.35-fiber-barrier-closure
2026-10-02T00:08:53.6742839Z  * [new branch]        research/v16.36-barrier-law-closure -> origin/research/v16.36-barrier-law-closure
2026-10-02T00:08:53.6743607Z  * [new branch]        research/v16.36-pair-completeness-closure -> origin/research/v16.36-pair-completeness-closure
2026-10-02T00:08:53.6744396Z  * [new branch]        research/v16.36-proof-ledger-closure -> origin/research/v16.36-proof-ledger-closure
2026-10-02T00:08:53.6745071Z  * [new branch]        research/v16.37-audit-receipt -> origin/research/v16.37-audit-receipt
2026-10-02T00:08:53.6745713Z  * [new branch]        research/v16.37-certified-closure -> origin/research/v16.37-certified-closure
2026-10-02T00:08:53.6746445Z  * [new branch]        research/v16.37-minimax-structural-audit -> origin/research/v16.37-minimax-structural-audit
2026-10-02T00:08:53.6747355Z  * [new branch]        research/v16.38-audit-receipt -> origin/research/v16.38-audit-receipt
2026-10-02T00:08:53.6748017Z  * [new branch]        research/v16.38-six-vertex-barriers -> origin/research/v16.38-six-vertex-barriers
2026-10-02T00:08:53.6748682Z  * [new branch]        research/v16.39-audit-receipt -> origin/research/v16.39-audit-receipt
2026-10-02T00:08:53.6749387Z  * [new branch]        research/v16.39-structural-unit-barrier -> origin/research/v16.39-structural-unit-barrier
2026-10-02T00:08:53.6750134Z  * [new branch]        research/v16.39-theorem-validation -> origin/research/v16.39-theorem-validation
2026-10-02T00:08:53.6751077Z  * [new branch]        research/v16.40-audit-receipt -> origin/research/v16.40-audit-receipt
2026-10-02T00:08:53.6751811Z  * [new branch]        research/v16.40-coordinate-obstruction -> origin/research/v16.40-coordinate-obstruction
2026-10-02T00:08:53.6752645Z  * [new branch]        research/v16.41-audit-receipt -> origin/research/v16.41-audit-receipt
2026-10-02T00:08:53.6753688Z  * [new branch]        research/v16.41-unit-barrier-dichotomy -> origin/research/v16.41-unit-barrier-dichotomy
2026-10-02T00:08:53.6754404Z  * [new branch]        research/v16.42-audit-receipt -> origin/research/v16.42-audit-receipt
2026-10-02T00:08:53.6755102Z  * [new branch]        research/v16.42-overlapping-core-repair -> origin/research/v16.42-overlapping-core-repair
2026-10-02T00:08:53.6755800Z  * [new branch]        research/v16.43-audit-receipt -> origin/research/v16.43-audit-receipt
2026-10-02T00:08:53.6756511Z  * [new branch]        research/v16.43-star-fiber-classification -> origin/research/v16.43-star-fiber-classification
2026-10-02T00:08:53.6757210Z  * [new branch]        research/v16.44-audit-receipt -> origin/research/v16.44-audit-receipt
2026-10-02T00:08:53.6758257Z  * [new branch]        research/v16.44-two-branch-unit-barrier -> origin/research/v16.44-two-branch-unit-barrier
2026-10-02T00:08:53.6759350Z  * [new branch]        research/v16.45-audit-receipt -> origin/research/v16.45-audit-receipt
2026-10-02T00:08:53.6760262Z  * [new branch]        research/v16.45-binary-fork-unit-barrier -> origin/research/v16.45-binary-fork-unit-barrier
2026-10-02T00:08:53.6760977Z  * [new branch]        research/v16.46-audit-receipt -> origin/research/v16.46-audit-receipt
2026-10-02T00:08:53.6761640Z  * [new branch]        research/v16.46-nested-chain-repair -> origin/research/v16.46-nested-chain-repair
2026-10-02T00:08:53.6762596Z  * [new branch]        research/v16.47-audit-receipt -> origin/research/v16.47-audit-receipt
2026-10-02T00:08:53.6763297Z  * [new branch]        research/v16.47-saturated-chain-repair -> origin/research/v16.47-saturated-chain-repair
2026-10-02T00:08:53.6764006Z  * [new branch]        research/v16.48-audit-receipt -> origin/research/v16.48-audit-receipt
2026-10-02T00:08:53.6764701Z  * [new branch]        research/v16.48-recursive-chain-repair -> origin/research/v16.48-recursive-chain-repair
2026-10-02T00:08:53.6765540Z  * [new branch]        research/v16.49-audit-receipt -> origin/research/v16.49-audit-receipt
2026-10-02T00:08:53.6766253Z  * [new branch]        research/v16.49-fork-chain-interface -> origin/research/v16.49-fork-chain-interface
2026-10-02T00:08:53.6766913Z  * [new branch]        research/v16.50-audit-receipt -> origin/research/v16.50-audit-receipt
2026-10-02T00:08:53.6767641Z  * [new branch]        research/v16.50-recursive-binary-composition -> origin/research/v16.50-recursive-binary-composition
2026-10-02T00:08:53.6768369Z  * [new branch]        research/v16.51-audit-receipt -> origin/research/v16.51-audit-receipt
2026-10-02T00:08:53.6769016Z  * [new branch]        research/v16.51-ternary-interface -> origin/research/v16.51-ternary-interface
2026-10-02T00:08:53.6769690Z  * [new branch]        research/v16.52-artifact-transfer -> origin/research/v16.52-artifact-transfer
2026-10-02T00:08:53.6770329Z  * [new branch]        research/v16.52-audit-receipt -> origin/research/v16.52-audit-receipt
2026-10-02T00:08:53.6771246Z  * [new branch]        research/v16.52-recursive-ternary-composition -> origin/research/v16.52-recursive-ternary-composition
2026-10-02T00:08:53.6772352Z  * [new branch]        research/v16.53-four-child-boundary -> origin/research/v16.53-four-child-boundary
2026-10-02T00:08:53.6773078Z  * [new branch]        uqcf-history-assembly -> origin/uqcf-history-assembly
2026-10-02T00:08:53.6773669Z  * [new branch]        uqcf-history-backfill-final -> origin/uqcf-history-backfill-final
2026-10-02T00:08:53.6774289Z  * [new branch]        uqcf-history-backfill-v13 -> origin/uqcf-history-backfill-v13
2026-10-02T00:08:53.6774934Z  * [new branch]        uqcf-history-backfill-v13-final -> origin/uqcf-history-backfill-v13-final
2026-10-02T00:08:53.6775542Z  * [new branch]        uqcf-history-finalize -> origin/uqcf-history-finalize
2026-10-02T00:08:53.6776082Z  * [new branch]        uqcf-history-publish  -> origin/uqcf-history-publish
2026-10-02T00:08:53.6776647Z  * [new branch]        uqcf-history-v13-backfill -> origin/uqcf-history-v13-backfill
2026-10-02T00:08:53.6777196Z  * [new branch]        uqcf-v13-24-publish   -> origin/uqcf-v13-24-publish
2026-10-02T00:08:53.6777704Z  * [new branch]        uqcf-v13-24-publish2  -> origin/uqcf-v13-24-publish2
2026-10-02T00:08:53.6778207Z  * [new branch]        uqcf-v13-24-publish3  -> origin/uqcf-v13-24-publish3
2026-10-02T00:08:53.6778693Z  * [new branch]        uqcf-v13-24-publish4  -> origin/uqcf-v13-24-publish4
2026-10-02T00:08:53.6779216Z  * [new branch]        uqcf-v13-24-publish5  -> origin/uqcf-v13-24-publish5
2026-10-02T00:08:53.6779727Z  * [new branch]        uqcf-v13-24-publish6  -> origin/uqcf-v13-24-publish6
2026-10-02T00:08:53.6780217Z  * [new branch]        uqcf-v13-24-publish7  -> origin/uqcf-v13-24-publish7
2026-10-02T00:08:53.6780701Z  * [new branch]        uqcf-v13-24-publish8  -> origin/uqcf-v13-24-publish8
2026-10-02T00:08:53.6781191Z  * [new branch]        uqcf-v13-24-publish9  -> origin/uqcf-v13-24-publish9
2026-10-02T00:08:53.6781798Z  * [new tag]           uqcf-gem-v15.20-artifacts-34798361336-a1 -> uqcf-gem-v15.20-artifacts-34798361336-a1
2026-10-02T00:08:53.6782744Z  * [new tag]           uqcf-gem-v15.21-34800673289-a1 -> uqcf-gem-v15.21-34800673289-a1
2026-10-02T00:08:53.6783312Z  * [new tag]           uqcf-gem-v15.22-34802604073-a1 -> uqcf-gem-v15.22-34802604073-a1
2026-10-02T00:08:53.6783857Z  * [new tag]           uqcf-gem-v15.23-34847969675-a1 -> uqcf-gem-v15.23-34847969675-a1
2026-10-02T00:08:53.6784392Z  * [new tag]           uqcf-gem-v15.24-34861726829-a1 -> uqcf-gem-v15.24-34861726829-a1
2026-10-02T00:08:53.6784922Z  * [new tag]           uqcf-gem-v15.25-34869134143-a1 -> uqcf-gem-v15.25-34869134143-a1
2026-10-02T00:08:53.6785456Z  * [new tag]           uqcf-gem-v15.26-34870478027-a1 -> uqcf-gem-v15.26-34870478027-a1
2026-10-02T00:08:53.6785989Z  * [new tag]           uqcf-gem-v15.27-34876560680-a1 -> uqcf-gem-v15.27-34876560680-a1
2026-10-02T00:08:53.6786529Z  * [new tag]           uqcf-gem-v15.28-34892900423-a1 -> uqcf-gem-v15.28-34892900423-a1
2026-10-02T00:08:53.6787067Z  * [new tag]           uqcf-gem-v15.29-35251080495-a2 -> uqcf-gem-v15.29-35251080495-a2
2026-10-02T00:08:53.6787602Z  * [new tag]           uqcf-gem-v15.30-35266670939-a1 -> uqcf-gem-v15.30-35266670939-a1
2026-10-02T00:08:53.6788846Z [command]/usr/bin/git branch --list --remote origin/research/v16.53-four-child-boundary
2026-10-02T00:08:53.6789731Z   origin/research/v16.53-four-child-boundary
2026-10-02T00:08:53.6791209Z [command]/usr/bin/git rev-parse refs/remotes/origin/research/v16.53-four-child-boundary
2026-10-02T00:08:53.6792275Z 433b3c2e9ffb34e08e34b425d5c56dc1b8a851cf
2026-10-02T00:08:53.6793814Z ##[endgroup]
2026-10-02T00:08:53.6794703Z ##[group]Determining the checkout info
2026-10-02T00:08:53.6795623Z ##[endgroup]
2026-10-02T00:08:53.6796139Z [command]/usr/bin/git sparse-checkout disable
2026-10-02T00:08:53.6797590Z [command]/usr/bin/git config --local --unset-all extensions.worktreeConfig
2026-10-02T00:08:53.6799254Z ##[group]Checking out the ref
2026-10-02T00:08:53.6800717Z [command]/usr/bin/git checkout --progress --force -B research/v16.53-four-child-boundary refs/remotes/origin/research/v16.53-four-child-boundary
2026-10-02T00:08:54.7500096Z Updating files:  34% (2879/8238)
2026-10-02T00:08:55.0076318Z Updating files:  35% (2884/8238)
2026-10-02T00:08:55.1987482Z Updating files:  36% (2966/8238)
2026-10-02T00:08:55.6199808Z Updating files:  37% (3049/8238)
2026-10-02T00:08:55.6957094Z Updating files:  38% (3131/8238)
2026-10-02T00:08:55.8530441Z Updating files:  38% (3159/8238)
2026-10-02T00:08:56.3175915Z Updating files:  39% (3213/8238)
2026-10-02T00:08:56.5171360Z Updating files:  40% (3296/8238)
2026-10-02T00:08:56.7136947Z Updating files:  41% (3378/8238)
2026-10-02T00:08:56.9049940Z Updating files:  41% (3441/8238)
2026-10-02T00:08:57.3483871Z Updating files:  42% (3460/8238)
2026-10-02T00:08:57.4211078Z Updating files:  43% (3543/8238)
2026-10-02T00:08:57.7005258Z Updating files:  44% (3625/8238)
2026-10-02T00:08:57.9971365Z Updating files:  44% (3656/8238)
2026-10-02T00:08:58.2833718Z Updating files:  45% (3708/8238)
2026-10-02T00:08:58.7026625Z Updating files:  46% (3790/8238)
2026-10-02T00:08:59.0756246Z Updating files:  47% (3872/8238)
2026-10-02T00:08:59.1441514Z Updating files:  48% (3955/8238)
2026-10-02T00:08:59.6888212Z Updating files:  49% (4037/8238)
2026-10-02T00:08:59.6889244Z Updating files:  49% (4114/8238)
2026-10-02T00:08:59.9559029Z Updating files:  50% (4119/8238)
2026-10-02T00:09:00.0306405Z Updating files:  51% (4202/8238)
2026-10-02T00:09:00.6893573Z Updating files:  52% (4284/8238)
2026-10-02T00:09:00.6907530Z Updating files:  52% (4341/8238)
2026-10-02T00:09:00.9581951Z Updating files:  53% (4367/8238)
2026-10-02T00:09:01.0321810Z Updating files:  54% (4449/8238)
2026-10-02T00:09:01.6311310Z Updating files:  55% (4531/8238)
2026-10-02T00:09:01.6923989Z Updating files:  56% (4614/8238)
2026-10-02T00:09:01.9016243Z Updating files:  56% (4666/8238)
2026-10-02T00:09:01.9799949Z Updating files:  57% (4696/8238)
2026-10-02T00:09:02.4297640Z Updating files:  58% (4779/8238)
2026-10-02T00:09:02.6073369Z Updating files:  59% (4861/8238)
2026-10-02T00:09:02.6923172Z Updating files:  60% (4943/8238)
2026-10-02T00:09:02.8820002Z Updating files:  60% (4958/8238)
2026-10-02T00:09:02.8881535Z Updating files:  61% (5026/8238)
2026-10-02T00:09:02.8942322Z Updating files:  62% (5108/8238)
2026-10-02T00:09:02.9010693Z Updating files:  63% (5190/8238)
2026-10-02T00:09:03.2670185Z Updating files:  64% (5273/8238)
2026-10-02T00:09:03.2826844Z Updating files:  65% (5355/8238)
2026-10-02T00:09:03.3068766Z Updating files:  66% (5438/8238)
2026-10-02T00:09:03.3846776Z Updating files:  67% (5520/8238)
2026-10-02T00:09:03.5343763Z Updating files:  68% (5602/8238)
2026-10-02T00:09:03.5409385Z Updating files:  69% (5685/8238)
2026-10-02T00:09:03.5455055Z Updating files:  70% (5767/8238)
2026-10-02T00:09:03.6081462Z Updating files:  71% (5849/8238)
2026-10-02T00:09:03.6220927Z Updating files:  72% (5932/8238)
2026-10-02T00:09:03.6316300Z Updating files:  73% (6014/8238)
2026-10-02T00:09:03.6490725Z Updating files:  74% (6097/8238)
2026-10-02T00:09:03.6710688Z Updating files:  75% (6179/8238)
2026-10-02T00:09:03.6771022Z Updating files:  76% (6261/8238)
2026-10-02T00:09:03.7146145Z Updating files:  77% (6344/8238)
2026-10-02T00:09:03.8007585Z Updating files:  77% (6363/8238)
2026-10-02T00:09:04.0336234Z Updating files:  78% (6426/8238)
2026-10-02T00:09:04.1630448Z Updating files:  79% (6509/8238)
2026-10-02T00:09:04.3274261Z Updating files:  80% (6591/8238)
2026-10-02T00:09:04.4101815Z Updating files:  81% (6673/8238)
2026-10-02T00:09:04.4284135Z Updating files:  82% (6756/8238)
2026-10-02T00:09:04.4787294Z Updating files:  83% (6838/8238)
2026-10-02T00:09:04.4846990Z Updating files:  84% (6920/8238)
2026-10-02T00:09:04.4898675Z Updating files:  85% (7003/8238)
2026-10-02T00:09:04.4949275Z Updating files:  86% (7085/8238)
2026-10-02T00:09:04.5005322Z Updating files:  87% (7168/8238)
2026-10-02T00:09:04.5044727Z Updating files:  88% (7250/8238)
2026-10-02T00:09:04.5213599Z Updating files:  89% (7332/8238)
2026-10-02T00:09:04.7089882Z Updating files:  90% (7415/8238)
2026-10-02T00:09:04.9120114Z Updating files:  90% (7455/8238)
2026-10-02T00:09:04.9323292Z Updating files:  91% (7497/8238)
2026-10-02T00:09:04.9725674Z Updating files:  92% (7579/8238)
2026-10-02T00:09:05.0071831Z Updating files:  93% (7662/8238)
2026-10-02T00:09:05.0600708Z Updating files:  94% (7744/8238)
2026-10-02T00:09:05.0664667Z Updating files:  95% (7827/8238)
2026-10-02T00:09:05.0782235Z Updating files:  96% (7909/8238)
2026-10-02T00:09:05.0938631Z Updating files:  97% (7991/8238)
2026-10-02T00:09:05.1030874Z Updating files:  98% (8074/8238)
2026-10-02T00:09:05.1416952Z Updating files:  99% (8156/8238)
2026-10-02T00:09:05.1417846Z Updating files: 100% (8238/8238)
2026-10-02T00:09:05.1418323Z Updating files: 100% (8238/8238), done.
2026-10-02T00:09:05.3070079Z Switched to a new branch 'research/v16.53-four-child-boundary'
2026-10-02T00:09:05.3073397Z branch 'research/v16.53-four-child-boundary' set up to track 'origin/research/v16.53-four-child-boundary'.
2026-10-02T00:09:05.3305611Z ##[endgroup]
2026-10-02T00:09:05.3372894Z [command]/usr/bin/git log -1 --format=%H
2026-10-02T00:09:05.3387051Z 433b3c2e9ffb34e08e34b425d5c56dc1b8a851cf
2026-10-02T00:09:05.3882538Z ##[group]Run actions/setup-python@a26af69be951a213d495a4c3e4e4022e16d87065
2026-10-02T00:09:05.3882982Z with:
2026-10-02T00:09:05.3883184Z   python-version: 3.11
2026-10-02T00:09:05.3883420Z   check-latest: false
2026-10-02T00:09:05.3886135Z   token: ***
2026-10-02T00:09:05.3886348Z   update-environment: true
2026-10-02T00:09:05.3886592Z   allow-prereleases: false
2026-10-02T00:09:05.3886822Z   freethreaded: false
2026-10-02T00:09:05.3887030Z ##[endgroup]
2026-10-02T00:09:05.5229107Z ##[group]Installed versions
2026-10-02T00:09:05.8172647Z (node:2372) [DEP0040] DeprecationWarning: The `punycode` module is deprecated. Please use a userland alternative instead.
2026-10-02T00:09:05.8173640Z (Use `node --trace-deprecation ...` to show where the warning was created)
2026-10-02T00:09:05.8174446Z Successfully set up CPython (3.11.16)
2026-10-02T00:09:05.8175084Z ##[endgroup]
2026-10-02T00:09:05.8379860Z ##[group]Run python -m pip install sympy==1.13.3 mpmath==1.3.0
2026-10-02T00:09:05.8380647Z [36;1mpython -m pip install sympy==1.13.3 mpmath==1.3.0[0m
2026-10-02T00:09:06.3802411Z shell: /usr/bin/bash -e {0}
2026-10-02T00:09:06.3802783Z env:
2026-10-02T00:09:06.3803144Z   pythonLocation: /opt/hostedtoolcache/Python/3.11.16/x64
2026-10-02T00:09:06.3803733Z   PKG_CONFIG_PATH: /opt/hostedtoolcache/Python/3.11.16/x64/lib/pkgconfig
2026-10-02T00:09:06.3804302Z   Python_ROOT_DIR: /opt/hostedtoolcache/Python/3.11.16/x64
2026-10-02T00:09:06.3804806Z   Python2_ROOT_DIR: /opt/hostedtoolcache/Python/3.11.16/x64
2026-10-02T00:09:06.3805312Z   Python3_ROOT_DIR: /opt/hostedtoolcache/Python/3.11.16/x64
2026-10-02T00:09:06.3805817Z   LD_LIBRARY_PATH: /opt/hostedtoolcache/Python/3.11.16/x64/lib
2026-10-02T00:09:06.3806241Z ##[endgroup]
2026-10-02T00:09:07.1678660Z Collecting sympy==1.13.3
2026-10-02T00:09:07.2167013Z   Downloading sympy-1.13.3-py3-none-any.whl.metadata (12 kB)
2026-10-02T00:09:07.2325811Z Collecting mpmath==1.3.0
2026-10-02T00:09:07.2364876Z   Downloading mpmath-1.3.0-py3-none-any.whl.metadata (8.6 kB)
2026-10-02T00:09:07.2461733Z Downloading sympy-1.13.3-py3-none-any.whl (6.2 MB)
2026-10-02T00:09:07.3082554Z    ━━━━━━━━━━━━━━━━━━━━━━━━━━━━━━━━━━━━━━━━ 6.2/6.2 MB 141.1 MB/s  0:00:00
2026-10-02T00:09:07.3125638Z Downloading mpmath-1.3.0-py3-none-any.whl (536 kB)
2026-10-02T00:09:07.3184348Z    ━━━━━━━━━━━━━━━━━━━━━━━━━━━━━━━━━━━━━━━━ 536.2/536.2 kB 82.7 MB/s  0:00:00
2026-10-02T00:09:07.3892351Z Installing collected packages: mpmath, sympy
2026-10-02T00:09:12.7730225Z 
2026-10-02T00:09:12.7740673Z Successfully installed mpmath-1.3.0 sympy-1.13.3
2026-10-02T00:09:12.8287155Z ##[group]Run python ResearchHistory/UQCF-GEM/demos/v16.53-four-child-boundary/run.py phase out/reproduction
2026-10-02T00:09:12.8288032Z [36;1mpython ResearchHistory/UQCF-GEM/demos/v16.53-four-child-boundary/run.py phase out/reproduction[0m
2026-10-02T00:09:12.8351945Z shell: /usr/bin/bash -e {0}
2026-10-02T00:09:12.8352511Z env:
2026-10-02T00:09:12.8352831Z   pythonLocation: /opt/hostedtoolcache/Python/3.11.16/x64
2026-10-02T00:09:12.8353371Z   PKG_CONFIG_PATH: /opt/hostedtoolcache/Python/3.11.16/x64/lib/pkgconfig
2026-10-02T00:09:12.8353909Z   Python_ROOT_DIR: /opt/hostedtoolcache/Python/3.11.16/x64
2026-10-02T00:09:12.8354376Z   Python2_ROOT_DIR: /opt/hostedtoolcache/Python/3.11.16/x64
2026-10-02T00:09:12.8354869Z   Python3_ROOT_DIR: /opt/hostedtoolcache/Python/3.11.16/x64
2026-10-02T00:09:12.8355343Z   LD_LIBRARY_PATH: /opt/hostedtoolcache/Python/3.11.16/x64/lib
2026-10-02T00:09:12.8355734Z ##[endgroup]
2026-10-02T00:20:24.3117302Z ##[group]Run python ResearchHistory/UQCF-GEM/demos/v16.53-four-child-boundary/run.py package out/reproduction publication
2026-10-02T00:20:24.3118199Z [36;1mpython ResearchHistory/UQCF-GEM/demos/v16.53-four-child-boundary/run.py package out/reproduction publication[0m
2026-10-02T00:20:24.3183165Z shell: /usr/bin/bash -e {0}
2026-10-02T00:20:24.3183415Z env:
2026-10-02T00:20:24.3183691Z   pythonLocation: /opt/hostedtoolcache/Python/3.11.16/x64
2026-10-02T00:20:24.3184134Z   PKG_CONFIG_PATH: /opt/hostedtoolcache/Python/3.11.16/x64/lib/pkgconfig
2026-10-02T00:20:24.3184569Z   Python_ROOT_DIR: /opt/hostedtoolcache/Python/3.11.16/x64
2026-10-02T00:20:24.3184954Z   Python2_ROOT_DIR: /opt/hostedtoolcache/Python/3.11.16/x64
2026-10-02T00:20:24.3185338Z   Python3_ROOT_DIR: /opt/hostedtoolcache/Python/3.11.16/x64
2026-10-02T00:20:24.3185723Z   LD_LIBRARY_PATH: /opt/hostedtoolcache/Python/3.11.16/x64/lib
2026-10-02T00:20:24.3186054Z ##[endgroup]
2026-10-02T00:20:34.5314265Z {"package": "VERIFIED", "source_members": 2049}
2026-10-02T00:20:34.5532482Z ##[group]Run actions/upload-artifact@ea165f8d65b6e75b540449e92b4886f43607fa02
2026-10-02T00:20:34.5532928Z with:
2026-10-02T00:20:34.5533226Z   name: v1653-publication-433b3c2e9ffb34e08e34b425d5c56dc1b8a851cf
2026-10-02T00:20:34.5533601Z   path: out/reproduction
2026-10-02T00:20:34.5533859Z   if-no-files-found: error
2026-10-02T00:20:34.5534089Z   compression-level: 6
2026-10-02T00:20:34.5534302Z   overwrite: false
2026-10-02T00:20:34.5534518Z   include-hidden-files: false
2026-10-02T00:20:34.5534745Z env:
2026-10-02T00:20:34.5534990Z   pythonLocation: /opt/hostedtoolcache/Python/3.11.16/x64
2026-10-02T00:20:34.5535424Z   PKG_CONFIG_PATH: /opt/hostedtoolcache/Python/3.11.16/x64/lib/pkgconfig
2026-10-02T00:20:34.5535851Z   Python_ROOT_DIR: /opt/hostedtoolcache/Python/3.11.16/x64
2026-10-02T00:20:34.5536227Z   Python2_ROOT_DIR: /opt/hostedtoolcache/Python/3.11.16/x64
2026-10-02T00:20:34.5536606Z   Python3_ROOT_DIR: /opt/hostedtoolcache/Python/3.11.16/x64
2026-10-02T00:20:34.5537019Z   LD_LIBRARY_PATH: /opt/hostedtoolcache/Python/3.11.16/x64/lib
2026-10-02T00:20:34.5537340Z ##[endgroup]
2026-10-02T00:20:34.7223060Z (node:3028) [DEP0040] DeprecationWarning: The `punycode` module is deprecated. Please use a userland alternative instead.
2026-10-02T00:20:34.7224125Z (Use `node --trace-deprecation ...` to show where the warning was created)
2026-10-02T00:20:34.7636632Z With the provided path, there will be 133 files uploaded
2026-10-02T00:20:34.7644557Z Artifact name is valid!
2026-10-02T00:20:34.7645126Z Root directory input is valid!
2026-10-02T00:20:34.9823512Z Beginning upload of artifact content to blob storage
2026-10-02T00:20:35.2855409Z (node:3028) [DEP0169] DeprecationWarning: `url.parse()` behavior is not standardized and prone to errors that have security implications. Use the WHATWG URL API instead. CVEs are not issued for `url.parse()` vulnerabilities.
2026-10-02T00:20:35.5184473Z Uploaded bytes 8388608
2026-10-02T00:20:35.7176621Z Uploaded bytes 16777216
2026-10-02T00:20:35.9366264Z Uploaded bytes 25165824
2026-10-02T00:20:36.2100685Z Uploaded bytes 33554432
2026-10-02T00:20:36.4568572Z Uploaded bytes 41943040
2026-10-02T00:20:36.7315539Z Uploaded bytes 50331648
2026-10-02T00:20:37.1245559Z Uploaded bytes 58720256
2026-10-02T00:20:37.4223247Z Uploaded bytes 67108864
2026-10-02T00:20:37.8857561Z Uploaded bytes 75497472
2026-10-02T00:20:38.1394751Z Uploaded bytes 83886080
2026-10-02T00:20:38.5515760Z Uploaded bytes 92274688
2026-10-02T00:20:38.8369341Z Uploaded bytes 100663296
2026-10-02T00:20:39.1911428Z Uploaded bytes 109051904
2026-10-02T00:20:39.3313148Z Uploaded bytes 114011403
2026-10-02T00:20:39.3441517Z Finished uploading artifact content to blob storage!
2026-10-02T00:20:39.3445990Z SHA256 digest of uploaded artifact zip is 266ec1feefeff283027a95a0c1caeac7484fff53ef6d6c43eae69568f1546a20
2026-10-02T00:20:39.3448640Z Finalizing artifact upload
2026-10-02T00:20:39.5633535Z Artifact v1653-publication-433b3c2e9ffb34e08e34b425d5c56dc1b8a851cf.zip successfully finalized. Artifact ID 11202001269
2026-10-02T00:20:39.5635441Z Artifact v1653-publication-433b3c2e9ffb34e08e34b425d5c56dc1b8a851cf has been successfully uploaded! Final size is 114011403 bytes. Artifact ID is 11202001269
2026-10-02T00:20:39.5643094Z Artifact download URL: https://github.com/proteinfoldingengine/WetLabEngine/actions/runs/36944252886/artifacts/11202001269
2026-10-02T00:20:39.5838901Z Post job cleanup.
2026-10-02T00:20:39.7074326Z (node:3042) [DEP0040] DeprecationWarning: The `punycode` module is deprecated. Please use a userland alternative instead.
2026-10-02T00:20:39.7075784Z (Use `node --trace-deprecation ...` to show where the warning was created)
2026-10-02T00:20:39.7286717Z Post job cleanup.
2026-10-02T00:20:39.8504406Z [command]/usr/bin/git version
2026-10-02T00:20:39.8593009Z git version 2.55.0
2026-10-02T00:20:39.8645583Z Temporarily overriding HOME='/home/runner/work/_temp/8eebaf1c-9cb4-4156-8cf8-9aec222ecda6' before making global git config changes
2026-10-02T00:20:39.8646396Z Adding repository directory to the temporary git global config as a safe directory
2026-10-02T00:20:39.8647047Z [command]/usr/bin/git config --global --add safe.directory /home/runner/work/WetLabEngine/WetLabEngine
2026-10-02T00:20:39.8683772Z [command]/usr/bin/git config --local --name-only --get-regexp core\.sshCommand
2026-10-02T00:20:39.8724355Z [command]/usr/bin/git submodule foreach --recursive sh -c "git config --local --name-only --get-regexp 'core\.sshCommand' && git config --local --unset-all 'core.sshCommand' || :"
2026-10-02T00:20:39.8992542Z [command]/usr/bin/git config --local --name-only --get-regexp http\.https\:\/\/github\.com\/\.extraheader
2026-10-02T00:20:39.9022676Z http.https://github.com/.extraheader
2026-10-02T00:20:39.9041221Z [command]/usr/bin/git config --local --unset-all http.https://github.com/.extraheader
2026-10-02T00:20:39.9071542Z [command]/usr/bin/git submodule foreach --recursive sh -c "git config --local --name-only --get-regexp 'http\.https\:\/\/github\.com\/\.extraheader' && git config --local --unset-all 'http.https://github.com/.extraheader' || :"
2026-10-02T00:20:39.9371320Z [command]/usr/bin/git config --local --name-only --get-regexp ^includeIf\.gitdir:
2026-10-02T00:20:39.9404643Z [command]/usr/bin/git submodule foreach --recursive git config --local --show-origin --name-only --get-regexp remote.origin.url
2026-10-02T00:20:39.9829210Z Cleaning up orphan processes
2026-10-02T00:20:40.0175347Z ##[warning]Node.js 20 is deprecated. The following actions target Node.js 20 but are being forced to run on Node.js 24: actions/checkout@11d5960a326750d5838078e36cf38b85af677262, actions/setup-python@a26af69be951a213d495a4c3e4e4022e16d87065, actions/upload-artifact@ea165f8d65b6e75b540449e92b4886f43607fa02. For more information see: https://github.blog/changelog/2025-09-19-deprecation-of-node-20-on-github-actions-runners/
