2026-10-10T20:18:12.8117025Z Current runner version: '2.337.0'
2026-10-10T20:18:12.8140116Z ##[group]Runner Image Provisioner
2026-10-10T20:18:12.8141033Z Hosted Compute Agent
2026-10-10T20:18:12.8141861Z Version: 20261002.596
2026-10-10T20:18:12.8142576Z Commit: c3d12f3313a95f25162a1503be624f3b0617f8c0
2026-10-10T20:18:12.8143292Z Build Date: 2026-10-02T22:28:27Z
2026-10-10T20:18:12.8144009Z Worker ID: {cf9b4f6c-35c2-416f-bd5c-3bb65b6f5c7d}
2026-10-10T20:18:12.8144772Z Region: westus2
2026-10-10T20:18:12.8145339Z Cloud: Azure
2026-10-10T20:18:12.8145930Z ##[endgroup]
2026-10-10T20:18:12.8147612Z ##[group]Operating System
2026-10-10T20:18:12.8148373Z Ubuntu
2026-10-10T20:18:12.8148916Z 24.04.5
2026-10-10T20:18:12.8149463Z LTS
2026-10-10T20:18:12.8150015Z ##[endgroup]
2026-10-10T20:18:12.8150563Z ##[group]Runner Image
2026-10-10T20:18:12.8151484Z Image: ubuntu-24.04
2026-10-10T20:18:12.8152204Z Version: 20261004.327.1
2026-10-10T20:18:12.8153445Z Included Software: https://github.com/actions/runner-images/blob/ubuntu24/20261004.327/images/ubuntu/Ubuntu2404-Readme.md
2026-10-10T20:18:12.8155068Z Image Release: https://github.com/actions/runner-images/releases/tag/ubuntu24%2F20261004.327
2026-10-10T20:18:12.8156325Z ##[endgroup]
2026-10-10T20:18:12.8157578Z ##[group]GITHUB_TOKEN Permissions
2026-10-10T20:18:12.8159728Z Contents: read
2026-10-10T20:18:12.8160351Z Metadata: read
2026-10-10T20:18:12.8160914Z ##[endgroup]
2026-10-10T20:18:12.8163284Z Secret source: Actions
2026-10-10T20:18:12.8164234Z Cache mode: write
2026-10-10T20:18:12.8165002Z Prepare workflow directory
2026-10-10T20:18:12.8498052Z Prepare all required actions
2026-10-10T20:18:12.8548160Z Getting action download info
2026-10-10T20:18:13.2168718Z Download action repository 'actions/checkout@v4' (SHA:11d5960a326750d5838078e36cf38b85af677262)
2026-10-10T20:18:13.3324183Z Download action repository 'actions/download-artifact@v4' (SHA:d3f86a106a0bac45b974a628896c90dbdf5c8093)
2026-10-10T20:18:13.6317904Z Download action repository 'actions/upload-artifact@v4' (SHA:ea165f8d65b6e75b540449e92b4886f43607fa02)
2026-10-10T20:18:13.8464206Z Complete job name: fresh-reproduction
2026-10-10T20:18:13.9272121Z ##[group]Run actions/checkout@v4
2026-10-10T20:18:13.9273128Z with:
2026-10-10T20:18:13.9273618Z   path: research_snapshot
2026-10-10T20:18:13.9274185Z   persist-credentials: false
2026-10-10T20:18:13.9274918Z   sparse-checkout: ResearchHistory/UQCF-GEM/research/physical-bridge
2026-10-10T20:18:13.9275780Z   repository: proteinfoldingengine/WetLabEngine
2026-10-10T20:18:13.9280151Z   token: ***
2026-10-10T20:18:13.9280632Z   ssh-strict: true
2026-10-10T20:18:13.9281299Z   ssh-user: git
2026-10-10T20:18:13.9281766Z   clean: true
2026-10-10T20:18:13.9282261Z   sparse-checkout-cone-mode: true
2026-10-10T20:18:13.9282825Z   fetch-depth: 1
2026-10-10T20:18:13.9283359Z   fetch-tags: false
2026-10-10T20:18:13.9283861Z   show-progress: true
2026-10-10T20:18:13.9284346Z   lfs: false
2026-10-10T20:18:13.9284789Z   submodules: false
2026-10-10T20:18:13.9285285Z   set-safe-directory: true
2026-10-10T20:18:13.9285867Z   allow-unsafe-pr-checkout: false
2026-10-10T20:18:13.9286744Z ##[endgroup]
2026-10-10T20:18:14.0289585Z Syncing repository: proteinfoldingengine/WetLabEngine
2026-10-10T20:18:14.0292851Z ##[group]Getting Git version info
2026-10-10T20:18:14.0294404Z Working directory is '/home/runner/work/WetLabEngine/WetLabEngine/research_snapshot'
2026-10-10T20:18:14.0296515Z [command]/usr/bin/git version
2026-10-10T20:18:14.0368225Z git version 2.55.0
2026-10-10T20:18:14.0392651Z ##[endgroup]
2026-10-10T20:18:14.0407122Z Temporarily overriding HOME='/home/runner/work/_temp/1340f75f-8207-4e84-9da3-083c482a23b0' before making global git config changes
2026-10-10T20:18:14.0408930Z Adding repository directory to the temporary git global config as a safe directory
2026-10-10T20:18:14.0412937Z [command]/usr/bin/git config --global --add safe.directory /home/runner/work/WetLabEngine/WetLabEngine/research_snapshot
2026-10-10T20:18:14.0478416Z ##[group]Initializing the repository
2026-10-10T20:18:14.0488187Z [command]/usr/bin/git init /home/runner/work/WetLabEngine/WetLabEngine/research_snapshot
2026-10-10T20:18:14.0623983Z hint: Using 'master' as the name for the initial branch. This default branch name
2026-10-10T20:18:14.0625543Z hint: will change to "main" in Git 3.0. To configure the initial branch name
2026-10-10T20:18:14.0626983Z hint: to use in all of your new repositories, which will suppress this warning,
2026-10-10T20:18:14.0628499Z hint: call:
2026-10-10T20:18:14.0629843Z hint:
2026-10-10T20:18:14.0631307Z hint: 	git config --global init.defaultBranch <name>
2026-10-10T20:18:14.0632666Z hint:
2026-10-10T20:18:14.0633971Z hint: Names commonly chosen instead of 'master' are 'main', 'trunk' and
2026-10-10T20:18:14.0636298Z hint: 'development'. The just-created branch can be renamed via this command:
2026-10-10T20:18:14.0638212Z hint:
2026-10-10T20:18:14.0639447Z hint: 	git branch -m <name>
2026-10-10T20:18:14.0641391Z hint:
2026-10-10T20:18:14.0643016Z hint: Disable this message with "git config set advice.defaultBranchName false"
2026-10-10T20:18:14.0647263Z Initialized empty Git repository in /home/runner/work/WetLabEngine/WetLabEngine/research_snapshot/.git/
2026-10-10T20:18:14.0651023Z [command]/usr/bin/git remote add origin https://github.com/proteinfoldingengine/WetLabEngine
2026-10-10T20:18:14.0707935Z ##[endgroup]
2026-10-10T20:18:14.0709721Z ##[group]Disabling automatic garbage collection
2026-10-10T20:18:14.0712643Z [command]/usr/bin/git config --local gc.auto 0
2026-10-10T20:18:14.0748122Z ##[endgroup]
2026-10-10T20:18:14.0750016Z ##[group]Setting up auth
2026-10-10T20:18:14.0755825Z [command]/usr/bin/git config --local --name-only --get-regexp core\.sshCommand
2026-10-10T20:18:14.0799608Z [command]/usr/bin/git submodule foreach --recursive sh -c "git config --local --name-only --get-regexp 'core\.sshCommand' && git config --local --unset-all 'core.sshCommand' || :"
2026-10-10T20:18:14.1209908Z [command]/usr/bin/git config --local --name-only --get-regexp http\.https\:\/\/github\.com\/\.extraheader
2026-10-10T20:18:14.1250159Z [command]/usr/bin/git submodule foreach --recursive sh -c "git config --local --name-only --get-regexp 'http\.https\:\/\/github\.com\/\.extraheader' && git config --local --unset-all 'http.https://github.com/.extraheader' || :"
2026-10-10T20:18:14.1471648Z [command]/usr/bin/git config --local --name-only --get-regexp ^includeIf\.gitdir:
2026-10-10T20:18:14.1507346Z [command]/usr/bin/git submodule foreach --recursive git config --local --show-origin --name-only --get-regexp remote.origin.url
2026-10-10T20:18:14.1727248Z [command]/usr/bin/git config --local http.https://github.com/.extraheader AUTHORIZATION: basic ***
2026-10-10T20:18:14.1766399Z ##[endgroup]
2026-10-10T20:18:14.1767280Z ##[group]Fetching the repository
2026-10-10T20:18:14.1776630Z [command]/usr/bin/git -c protocol.version=2 fetch --no-tags --prune --no-recurse-submodules --filter=blob:none --depth=1 origin +703c05495e2a5b655e8f50bba491b8786e0594da:refs/remotes/origin/research/uqcf-overlapping-guard-exchange
2026-10-10T20:18:14.4743693Z From https://github.com/proteinfoldingengine/WetLabEngine
2026-10-10T20:18:14.4748297Z  * [new ref]         703c05495e2a5b655e8f50bba491b8786e0594da -> origin/research/uqcf-overlapping-guard-exchange
2026-10-10T20:18:14.4754155Z ##[endgroup]
2026-10-10T20:18:14.4756392Z ##[group]Determining the checkout info
2026-10-10T20:18:14.4758965Z ##[endgroup]
2026-10-10T20:18:14.4761739Z ##[group]Setting up sparse checkout
2026-10-10T20:18:14.4764270Z [command]/usr/bin/git sparse-checkout set ResearchHistory/UQCF-GEM/research/physical-bridge
2026-10-10T20:18:14.4813399Z ##[endgroup]
2026-10-10T20:18:14.4814875Z ##[group]Checking out the ref
2026-10-10T20:18:14.4819565Z [command]/usr/bin/git checkout --progress --force -B research/uqcf-overlapping-guard-exchange refs/remotes/origin/research/uqcf-overlapping-guard-exchange
2026-10-10T20:18:15.3090712Z Switched to a new branch 'research/uqcf-overlapping-guard-exchange'
2026-10-10T20:18:15.3098408Z branch 'research/uqcf-overlapping-guard-exchange' set up to track 'origin/research/uqcf-overlapping-guard-exchange'.
2026-10-10T20:18:15.3110576Z ##[endgroup]
2026-10-10T20:18:15.3165455Z [command]/usr/bin/git log -1 --format=%H
2026-10-10T20:18:15.3193529Z 703c05495e2a5b655e8f50bba491b8786e0594da
2026-10-10T20:18:15.3204386Z ##[group]Removing auth
2026-10-10T20:18:15.3208910Z [command]/usr/bin/git config --local --name-only --get-regexp core\.sshCommand
2026-10-10T20:18:15.3247258Z [command]/usr/bin/git submodule foreach --recursive sh -c "git config --local --name-only --get-regexp 'core\.sshCommand' && git config --local --unset-all 'core.sshCommand' || :"
2026-10-10T20:18:15.3492545Z [command]/usr/bin/git config --local --name-only --get-regexp http\.https\:\/\/github\.com\/\.extraheader
2026-10-10T20:18:15.3522540Z http.https://github.com/.extraheader
2026-10-10T20:18:15.3531437Z [command]/usr/bin/git config --local --unset-all http.https://github.com/.extraheader
2026-10-10T20:18:15.3566948Z [command]/usr/bin/git submodule foreach --recursive sh -c "git config --local --name-only --get-regexp 'http\.https\:\/\/github\.com\/\.extraheader' && git config --local --unset-all 'http.https://github.com/.extraheader' || :"
2026-10-10T20:18:15.3801779Z [command]/usr/bin/git config --local --name-only --get-regexp ^includeIf\.gitdir:
2026-10-10T20:18:15.3834322Z [command]/usr/bin/git submodule foreach --recursive git config --local --show-origin --name-only --get-regexp remote.origin.url
2026-10-10T20:18:15.4070183Z ##[endgroup]
2026-10-10T20:18:15.4369814Z ##[group]Run actions/download-artifact@v4
2026-10-10T20:18:15.4371367Z with:
2026-10-10T20:18:15.4372387Z   name: c3-private-cover-verification
2026-10-10T20:18:15.4373599Z   path: private_fresh
2026-10-10T20:18:15.4374586Z   merge-multiple: false
2026-10-10T20:18:15.4375752Z   repository: proteinfoldingengine/WetLabEngine
2026-10-10T20:18:15.4377072Z   run-id: 38083110622
2026-10-10T20:18:15.4378001Z ##[endgroup]
2026-10-10T20:18:15.5879619Z Downloading single artifact
2026-10-10T20:18:15.6027571Z (node:2381) [DEP0040] DeprecationWarning: The `punycode` module is deprecated. Please use a userland alternative instead.
2026-10-10T20:18:15.6030641Z (Use `node --trace-deprecation ...` to show where the warning was created)
2026-10-10T20:18:15.8754755Z Preparing to download the following artifacts:
2026-10-10T20:18:15.8760641Z - c3-private-cover-verification (ID: 11680613845, Size: 197563, Expected Digest: sha256:9f972179058b1ebdea0ef1ac86d1aee5f356dd2f8b9acee079b100631740456d)
2026-10-10T20:18:16.1194594Z Redirecting to blob download url: https://productionresultssa19.blob.core.windows.net/actions-results/7faa6216-d40c-8180-a3d3-aadcf1bdb5e2/workflow-job-run-8c255102-d29f-5811-a425-2f6693ddfc07/artifacts/ad5d927b20868e32b47a7dd061815f4102a4391881570b23870e1dcc63227462.zip
2026-10-10T20:18:16.1209506Z Starting download of artifact to: /home/runner/work/WetLabEngine/WetLabEngine/private_fresh
2026-10-10T20:18:16.4918062Z (node:2381) [DEP0005] DeprecationWarning: Buffer() is deprecated due to security and usability issues. Please use the Buffer.alloc(), Buffer.allocUnsafe(), or Buffer.from() methods instead.
2026-10-10T20:18:16.7079812Z SHA256 digest of downloaded artifact is 9f972179058b1ebdea0ef1ac86d1aee5f356dd2f8b9acee079b100631740456d
2026-10-10T20:18:16.7081872Z Artifact download completed successfully.
2026-10-10T20:18:16.7082948Z Total of 1 artifact(s) downloaded
2026-10-10T20:18:16.7087214Z Download artifact has finished successfully
2026-10-10T20:18:16.7227585Z ##[group]Run set -euo pipefail
2026-10-10T20:18:16.7228012Z [36;1mset -euo pipefail[0m
2026-10-10T20:18:16.7228468Z [36;1mtest "$(git -C research_snapshot rev-parse HEAD)" = "$GITHUB_SHA"[0m
2026-10-10T20:18:16.7229071Z [36;1mROOT=research_snapshot/ResearchHistory/UQCF-GEM/research/physical-bridge[0m
2026-10-10T20:18:16.7229671Z [36;1mpython3 "$ROOT/private_cover/producer.py" /tmp/fresh.json[0m
2026-10-10T20:18:16.7230167Z [36;1mcmp /tmp/fresh.json private_fresh/certificate.json[0m
2026-10-10T20:18:16.7230796Z [36;1mpython3 "$ROOT/private_cover/independent.py" /tmp/fresh.json private_fresh/fresh_independent.json[0m
2026-10-10T20:18:16.7516256Z shell: /usr/bin/bash --noprofile --norc -e -o pipefail {0}
2026-10-10T20:18:16.7516714Z ##[endgroup]
2026-10-10T20:18:25.1677731Z {"anchor_jobs": 1478, "cases": 638, "edges": 8877, "expansions": 1734, "hidden_checks": 448703, "labelled_edges": 42164, "labelled_vertices": 13826, "orbit_lifts": 75507, "reachable_cases": 343, "rename_witnesses": 1830, "slice_occurrences": 268628, "sources": 319, "vertices": 3543}
2026-10-10T20:18:33.7467943Z {"certificate_sha256": "f4dad9a0dba31d85764f3dea65ec2c0325da38d9429ddb6d2ca36e81cb577b48", "complete_independent_reconstruction": true, "counts": {"anchor_jobs": 1478, "cases": 638, "edges": 8877, "expansions": 1734, "hidden_checks": 448703, "labelled_edges": 42164, "labelled_vertices": 13826, "orbit_lifts": 75507, "reachable_cases": 343, "rename_witnesses": 1830, "slice_occurrences": 268628, "sources": 319, "vertices": 3543}, "status": "ACCEPTED"}
2026-10-10T20:18:33.7913712Z ##[group]Run actions/upload-artifact@v4
2026-10-10T20:18:33.7914092Z with:
2026-10-10T20:18:33.7914341Z   name: c3-private-cover-fresh-reproduction
2026-10-10T20:18:33.7914651Z   path: private_fresh/
2026-10-10T20:18:33.7914885Z   if-no-files-found: warn
2026-10-10T20:18:33.7915128Z   compression-level: 6
2026-10-10T20:18:33.7915359Z   overwrite: false
2026-10-10T20:18:33.7915582Z   include-hidden-files: false
2026-10-10T20:18:33.7915827Z ##[endgroup]
2026-10-10T20:18:33.9541834Z (node:2404) [DEP0040] DeprecationWarning: The `punycode` module is deprecated. Please use a userland alternative instead.
2026-10-10T20:18:33.9543269Z (Use `node --trace-deprecation ...` to show where the warning was created)
2026-10-10T20:18:33.9642208Z With the provided path, there will be 24 files uploaded
2026-10-10T20:18:33.9701911Z Artifact name is valid!
2026-10-10T20:18:33.9732116Z Root directory input is valid!
2026-10-10T20:18:34.3476246Z Beginning upload of artifact content to blob storage
2026-10-10T20:18:34.4131821Z (node:2404) [DEP0169] DeprecationWarning: `url.parse()` behavior is not standardized and prone to errors that have security implications. Use the WHATWG URL API instead. CVEs are not issued for `url.parse()` vulnerabilities.
2026-10-10T20:18:34.9009255Z Uploaded bytes 197994
2026-10-10T20:18:34.9784972Z Finished uploading artifact content to blob storage!
2026-10-10T20:18:34.9786243Z SHA256 digest of uploaded artifact zip is f1f78189100168640432a58f005952e1e2a548c866aea0db31c74de047a12803
2026-10-10T20:18:34.9787686Z Finalizing artifact upload
2026-10-10T20:18:35.2499364Z Artifact c3-private-cover-fresh-reproduction.zip successfully finalized. Artifact ID 11681317213
2026-10-10T20:18:35.2501525Z Artifact c3-private-cover-fresh-reproduction has been successfully uploaded! Final size is 197994 bytes. Artifact ID is 11681317213
2026-10-10T20:18:35.2508165Z Artifact download URL: https://github.com/proteinfoldingengine/WetLabEngine/actions/runs/38083110622/artifacts/11681317213
2026-10-10T20:18:35.2692097Z Post job cleanup.
2026-10-10T20:18:35.3534092Z [command]/usr/bin/git version
2026-10-10T20:18:35.3576399Z git version 2.55.0
2026-10-10T20:18:35.3613886Z Temporarily overriding HOME='/home/runner/work/_temp/50fa5a1a-ce33-46d8-8822-19e7b10cf668' before making global git config changes
2026-10-10T20:18:35.3615255Z Adding repository directory to the temporary git global config as a safe directory
2026-10-10T20:18:35.3619538Z [command]/usr/bin/git config --global --add safe.directory /home/runner/work/WetLabEngine/WetLabEngine/research_snapshot
2026-10-10T20:18:35.3660021Z [command]/usr/bin/git config --local --name-only --get-regexp core\.sshCommand
2026-10-10T20:18:35.3696655Z [command]/usr/bin/git submodule foreach --recursive sh -c "git config --local --name-only --get-regexp 'core\.sshCommand' && git config --local --unset-all 'core.sshCommand' || :"
2026-10-10T20:18:35.3979655Z [command]/usr/bin/git config --local --name-only --get-regexp http\.https\:\/\/github\.com\/\.extraheader
2026-10-10T20:18:35.4007377Z [command]/usr/bin/git submodule foreach --recursive sh -c "git config --local --name-only --get-regexp 'http\.https\:\/\/github\.com\/\.extraheader' && git config --local --unset-all 'http.https://github.com/.extraheader' || :"
2026-10-10T20:18:35.4280724Z [command]/usr/bin/git config --local --name-only --get-regexp ^includeIf\.gitdir:
2026-10-10T20:18:35.4351909Z [command]/usr/bin/git submodule foreach --recursive git config --local --show-origin --name-only --get-regexp remote.origin.url
2026-10-10T20:18:35.4765599Z Cleaning up orphan processes
2026-10-10T20:18:35.5059584Z ##[warning]Node.js 20 is deprecated. The following actions target Node.js 20 but are being forced to run on Node.js 24: actions/checkout@v4, actions/download-artifact@v4, actions/upload-artifact@v4. For more information see: https://github.blog/changelog/2025-09-19-deprecation-of-node-20-on-github-actions-runners/
