2026-10-10T20:18:40.9281343Z Current runner version: '2.337.0'
2026-10-10T20:18:40.9305438Z ##[group]Runner Image Provisioner
2026-10-10T20:18:40.9306459Z Hosted Compute Agent
2026-10-10T20:18:40.9307144Z Version: 20261002.596
2026-10-10T20:18:40.9307888Z Commit: c3d12f3313a95f25162a1503be624f3b0617f8c0
2026-10-10T20:18:40.9309153Z Build Date: 2026-10-02T22:28:27Z
2026-10-10T20:18:40.9309977Z Worker ID: {5972a933-2349-494b-afe8-6c2e71a8f3aa}
2026-10-10T20:18:40.9310807Z Region: westus
2026-10-10T20:18:40.9311381Z Cloud: Azure
2026-10-10T20:18:40.9311920Z ##[endgroup]
2026-10-10T20:18:40.9313729Z ##[group]Operating System
2026-10-10T20:18:40.9314411Z Ubuntu
2026-10-10T20:18:40.9315066Z 24.04.5
2026-10-10T20:18:40.9315672Z LTS
2026-10-10T20:18:40.9316225Z ##[endgroup]
2026-10-10T20:18:40.9316877Z ##[group]Runner Image
2026-10-10T20:18:40.9317572Z Image: ubuntu-24.04
2026-10-10T20:18:40.9318781Z Version: 20261004.327.1
2026-10-10T20:18:40.9320149Z Included Software: https://github.com/actions/runner-images/blob/ubuntu24/20261004.327/images/ubuntu/Ubuntu2404-Readme.md
2026-10-10T20:18:40.9321829Z Image Release: https://github.com/actions/runner-images/releases/tag/ubuntu24%2F20261004.327
2026-10-10T20:18:40.9322821Z ##[endgroup]
2026-10-10T20:18:40.9324045Z ##[group]GITHUB_TOKEN Permissions
2026-10-10T20:18:40.9326143Z Contents: read
2026-10-10T20:18:40.9326912Z Metadata: read
2026-10-10T20:18:40.9327541Z ##[endgroup]
2026-10-10T20:18:40.9329906Z Secret source: Actions
2026-10-10T20:18:40.9330898Z Cache mode: write
2026-10-10T20:18:40.9331678Z Prepare workflow directory
2026-10-10T20:18:40.9673565Z Prepare all required actions
2026-10-10T20:18:40.9722146Z Getting action download info
2026-10-10T20:18:41.3272968Z Download action repository 'actions/checkout@v4' (SHA:11d5960a326750d5838078e36cf38b85af677262)
2026-10-10T20:18:41.4265670Z Download action repository 'actions/download-artifact@v4' (SHA:d3f86a106a0bac45b974a628896c90dbdf5c8093)
2026-10-10T20:18:41.8397037Z Download action repository 'actions/upload-artifact@v4' (SHA:ea165f8d65b6e75b540449e92b4886f43607fa02)
2026-10-10T20:18:42.0492570Z Complete job name: mathematical-review
2026-10-10T20:18:42.1279902Z ##[group]Run actions/checkout@v4
2026-10-10T20:18:42.1280791Z with:
2026-10-10T20:18:42.1281244Z   path: research_snapshot
2026-10-10T20:18:42.1281774Z   persist-credentials: false
2026-10-10T20:18:42.1282608Z   sparse-checkout: ResearchHistory/UQCF-GEM/research/physical-bridge
.github/scripts

2026-10-10T20:18:42.1283552Z   repository: proteinfoldingengine/WetLabEngine
2026-10-10T20:18:42.1288160Z   token: ***
2026-10-10T20:18:42.1289026Z   ssh-strict: true
2026-10-10T20:18:42.1289553Z   ssh-user: git
2026-10-10T20:18:42.1289989Z   clean: true
2026-10-10T20:18:42.1290454Z   sparse-checkout-cone-mode: true
2026-10-10T20:18:42.1291009Z   fetch-depth: 1
2026-10-10T20:18:42.1291453Z   fetch-tags: false
2026-10-10T20:18:42.1291917Z   show-progress: true
2026-10-10T20:18:42.1292392Z   lfs: false
2026-10-10T20:18:42.1292815Z   submodules: false
2026-10-10T20:18:42.1293278Z   set-safe-directory: true
2026-10-10T20:18:42.1293816Z   allow-unsafe-pr-checkout: false
2026-10-10T20:18:42.1294668Z ##[endgroup]
2026-10-10T20:18:42.2331041Z Syncing repository: proteinfoldingengine/WetLabEngine
2026-10-10T20:18:42.2333706Z ##[group]Getting Git version info
2026-10-10T20:18:42.2335170Z Working directory is '/home/runner/work/WetLabEngine/WetLabEngine/research_snapshot'
2026-10-10T20:18:42.2337068Z [command]/usr/bin/git version
2026-10-10T20:18:42.2399689Z git version 2.55.0
2026-10-10T20:18:42.2422694Z ##[endgroup]
2026-10-10T20:18:42.2439821Z Temporarily overriding HOME='/home/runner/work/_temp/e4e5b772-deab-42c6-bf16-516073753737' before making global git config changes
2026-10-10T20:18:42.2442179Z Adding repository directory to the temporary git global config as a safe directory
2026-10-10T20:18:42.2446897Z [command]/usr/bin/git config --global --add safe.directory /home/runner/work/WetLabEngine/WetLabEngine/research_snapshot
2026-10-10T20:18:42.2510219Z ##[group]Initializing the repository
2026-10-10T20:18:42.2524100Z [command]/usr/bin/git init /home/runner/work/WetLabEngine/WetLabEngine/research_snapshot
2026-10-10T20:18:42.2657126Z hint: Using 'master' as the name for the initial branch. This default branch name
2026-10-10T20:18:42.2659718Z hint: will change to "main" in Git 3.0. To configure the initial branch name
2026-10-10T20:18:42.2662072Z hint: to use in all of your new repositories, which will suppress this warning,
2026-10-10T20:18:42.2664266Z hint: call:
2026-10-10T20:18:42.2665350Z hint:
2026-10-10T20:18:42.2666376Z hint: 	git config --global init.defaultBranch <name>
2026-10-10T20:18:42.2667622Z hint:
2026-10-10T20:18:42.2669328Z hint: Names commonly chosen instead of 'master' are 'main', 'trunk' and
2026-10-10T20:18:42.2671514Z hint: 'development'. The just-created branch can be renamed via this command:
2026-10-10T20:18:42.2673055Z hint:
2026-10-10T20:18:42.2673971Z hint: 	git branch -m <name>
2026-10-10T20:18:42.2674968Z hint:
2026-10-10T20:18:42.2676115Z hint: Disable this message with "git config set advice.defaultBranchName false"
2026-10-10T20:18:42.2678238Z Initialized empty Git repository in /home/runner/work/WetLabEngine/WetLabEngine/research_snapshot/.git/
2026-10-10T20:18:42.2681826Z [command]/usr/bin/git remote add origin https://github.com/proteinfoldingengine/WetLabEngine
2026-10-10T20:18:42.2730966Z ##[endgroup]
2026-10-10T20:18:42.2732393Z ##[group]Disabling automatic garbage collection
2026-10-10T20:18:42.2734885Z [command]/usr/bin/git config --local gc.auto 0
2026-10-10T20:18:42.2779851Z ##[endgroup]
2026-10-10T20:18:42.2781284Z ##[group]Setting up auth
2026-10-10T20:18:42.2791196Z [command]/usr/bin/git config --local --name-only --get-regexp core\.sshCommand
2026-10-10T20:18:42.2833797Z [command]/usr/bin/git submodule foreach --recursive sh -c "git config --local --name-only --get-regexp 'core\.sshCommand' && git config --local --unset-all 'core.sshCommand' || :"
2026-10-10T20:18:42.3312464Z [command]/usr/bin/git config --local --name-only --get-regexp http\.https\:\/\/github\.com\/\.extraheader
2026-10-10T20:18:42.3351488Z [command]/usr/bin/git submodule foreach --recursive sh -c "git config --local --name-only --get-regexp 'http\.https\:\/\/github\.com\/\.extraheader' && git config --local --unset-all 'http.https://github.com/.extraheader' || :"
2026-10-10T20:18:42.3578386Z [command]/usr/bin/git config --local --name-only --get-regexp ^includeIf\.gitdir:
2026-10-10T20:18:42.3615329Z [command]/usr/bin/git submodule foreach --recursive git config --local --show-origin --name-only --get-regexp remote.origin.url
2026-10-10T20:18:42.3842695Z [command]/usr/bin/git config --local http.https://github.com/.extraheader AUTHORIZATION: basic ***
2026-10-10T20:18:42.3884937Z ##[endgroup]
2026-10-10T20:18:42.3885863Z ##[group]Fetching the repository
2026-10-10T20:18:42.3895769Z [command]/usr/bin/git -c protocol.version=2 fetch --no-tags --prune --no-recurse-submodules --filter=blob:none --depth=1 origin +703c05495e2a5b655e8f50bba491b8786e0594da:refs/remotes/origin/research/uqcf-overlapping-guard-exchange
2026-10-10T20:18:42.9113976Z From https://github.com/proteinfoldingengine/WetLabEngine
2026-10-10T20:18:42.9115886Z  * [new ref]         703c05495e2a5b655e8f50bba491b8786e0594da -> origin/research/uqcf-overlapping-guard-exchange
2026-10-10T20:18:42.9120420Z ##[endgroup]
2026-10-10T20:18:42.9121816Z ##[group]Determining the checkout info
2026-10-10T20:18:42.9123685Z ##[endgroup]
2026-10-10T20:18:42.9125012Z ##[group]Setting up sparse checkout
2026-10-10T20:18:42.9129753Z [command]/usr/bin/git sparse-checkout set ResearchHistory/UQCF-GEM/research/physical-bridge .github/scripts
2026-10-10T20:18:42.9180310Z ##[endgroup]
2026-10-10T20:18:42.9182896Z ##[group]Checking out the ref
2026-10-10T20:18:42.9187262Z [command]/usr/bin/git checkout --progress --force -B research/uqcf-overlapping-guard-exchange refs/remotes/origin/research/uqcf-overlapping-guard-exchange
2026-10-10T20:18:43.9336562Z Updating files:  86% (943/1091)
2026-10-10T20:18:43.9357177Z Updating files:  87% (950/1091)
2026-10-10T20:18:43.9364654Z Updating files:  88% (961/1091)
2026-10-10T20:18:43.9372719Z Updating files:  89% (971/1091)
2026-10-10T20:18:43.9379942Z Updating files:  90% (982/1091)
2026-10-10T20:18:43.9386831Z Updating files:  91% (993/1091)
2026-10-10T20:18:43.9394626Z Updating files:  92% (1004/1091)
2026-10-10T20:18:43.9402399Z Updating files:  93% (1015/1091)
2026-10-10T20:18:43.9412662Z Updating files:  94% (1026/1091)
2026-10-10T20:18:43.9421225Z Updating files:  95% (1037/1091)
2026-10-10T20:18:43.9430955Z Updating files:  96% (1048/1091)
2026-10-10T20:18:43.9438439Z Updating files:  97% (1059/1091)
2026-10-10T20:18:43.9446587Z Updating files:  98% (1070/1091)
2026-10-10T20:18:43.9454692Z Updating files:  99% (1081/1091)
2026-10-10T20:18:43.9455880Z Updating files: 100% (1091/1091)
2026-10-10T20:18:43.9456987Z Updating files: 100% (1091/1091), done.
2026-10-10T20:18:43.9577393Z Switched to a new branch 'research/uqcf-overlapping-guard-exchange'
2026-10-10T20:18:43.9584370Z branch 'research/uqcf-overlapping-guard-exchange' set up to track 'origin/research/uqcf-overlapping-guard-exchange'.
2026-10-10T20:18:43.9599134Z ##[endgroup]
2026-10-10T20:18:43.9693046Z [command]/usr/bin/git log -1 --format=%H
2026-10-10T20:18:43.9725612Z 703c05495e2a5b655e8f50bba491b8786e0594da
2026-10-10T20:18:43.9737429Z ##[group]Removing auth
2026-10-10T20:18:43.9743009Z [command]/usr/bin/git config --local --name-only --get-regexp core\.sshCommand
2026-10-10T20:18:43.9782688Z [command]/usr/bin/git submodule foreach --recursive sh -c "git config --local --name-only --get-regexp 'core\.sshCommand' && git config --local --unset-all 'core.sshCommand' || :"
2026-10-10T20:18:44.0057312Z [command]/usr/bin/git config --local --name-only --get-regexp http\.https\:\/\/github\.com\/\.extraheader
2026-10-10T20:18:44.0092346Z http.https://github.com/.extraheader
2026-10-10T20:18:44.0104877Z [command]/usr/bin/git config --local --unset-all http.https://github.com/.extraheader
2026-10-10T20:18:44.0146683Z [command]/usr/bin/git submodule foreach --recursive sh -c "git config --local --name-only --get-regexp 'http\.https\:\/\/github\.com\/\.extraheader' && git config --local --unset-all 'http.https://github.com/.extraheader' || :"
2026-10-10T20:18:44.0422427Z [command]/usr/bin/git config --local --name-only --get-regexp ^includeIf\.gitdir:
2026-10-10T20:18:44.0451132Z [command]/usr/bin/git submodule foreach --recursive git config --local --show-origin --name-only --get-regexp remote.origin.url
2026-10-10T20:18:44.0707059Z ##[endgroup]
2026-10-10T20:18:44.0935746Z ##[group]Run actions/download-artifact@v4
2026-10-10T20:18:44.0936081Z with:
2026-10-10T20:18:44.0936325Z   name: c3-private-cover-fresh-reproduction
2026-10-10T20:18:44.0936642Z   path: private_verification
2026-10-10T20:18:44.0936903Z   merge-multiple: false
2026-10-10T20:18:44.1005241Z   repository: proteinfoldingengine/WetLabEngine
2026-10-10T20:18:44.1005782Z   run-id: 38083110622
2026-10-10T20:18:44.1006238Z ##[endgroup]
2026-10-10T20:18:44.2475571Z Downloading single artifact
2026-10-10T20:18:44.2627334Z (node:2390) [DEP0040] DeprecationWarning: The `punycode` module is deprecated. Please use a userland alternative instead.
2026-10-10T20:18:44.2628769Z (Use `node --trace-deprecation ...` to show where the warning was created)
2026-10-10T20:18:44.5124536Z Preparing to download the following artifacts:
2026-10-10T20:18:44.5125981Z - c3-private-cover-fresh-reproduction (ID: 11681317213, Size: 197994, Expected Digest: sha256:f1f78189100168640432a58f005952e1e2a548c866aea0db31c74de047a12803)
2026-10-10T20:18:44.7615621Z Redirecting to blob download url: https://productionresultssa19.blob.core.windows.net/actions-results/7faa6216-d40c-8180-a3d3-aadcf1bdb5e2/workflow-job-run-5f758bff-c371-5d06-bbd7-53c0e87cda17/artifacts/97bc65de0712688a99441da1286b93af238fda66cf25c5f3704e9354c3766d09.zip
2026-10-10T20:18:44.7618908Z Starting download of artifact to: /home/runner/work/WetLabEngine/WetLabEngine/private_verification
2026-10-10T20:18:45.0197626Z (node:2390) [DEP0005] DeprecationWarning: Buffer() is deprecated due to security and usability issues. Please use the Buffer.alloc(), Buffer.allocUnsafe(), or Buffer.from() methods instead.
2026-10-10T20:18:45.2092374Z SHA256 digest of downloaded artifact is f1f78189100168640432a58f005952e1e2a548c866aea0db31c74de047a12803
2026-10-10T20:18:45.2093285Z Artifact download completed successfully.
2026-10-10T20:18:45.2093968Z Total of 1 artifact(s) downloaded
2026-10-10T20:18:45.2100750Z Download artifact has finished successfully
2026-10-10T20:18:45.2258865Z ##[group]Run python3 research_snapshot/.github/scripts/c3_private_cover_review.py
2026-10-10T20:18:45.2259621Z [36;1mpython3 research_snapshot/.github/scripts/c3_private_cover_review.py[0m
2026-10-10T20:18:45.2559955Z shell: /usr/bin/bash -e {0}
2026-10-10T20:18:45.2560397Z env:
2026-10-10T20:18:45.2561055Z   GEMINI_API_KEY: ***
2026-10-10T20:18:45.2561410Z ##[endgroup]
2026-10-10T20:19:41.2906180Z Private-cover independent verdict: ACCEPTED
2026-10-10T20:19:41.2906993Z Missing assumptions: 0
2026-10-10T20:19:41.2907601Z Counterexamples: 0
2026-10-10T20:19:41.2908771Z Response SHA256: 843e645a76431bdd58ed8f6a96ee34bf20f3429e9fefbe66717d9a27f43ae477
2026-10-10T20:19:41.2909667Z This is not scientific certification.
2026-10-10T20:19:41.3072846Z ##[group]Run actions/upload-artifact@v4
2026-10-10T20:19:41.3073176Z with:
2026-10-10T20:19:41.3073422Z   name: c3-private-cover-mathematical-review
2026-10-10T20:19:41.3073747Z   path: private_cover_review/
2026-10-10T20:19:41.3074003Z   if-no-files-found: warn
2026-10-10T20:19:41.3074247Z   compression-level: 6
2026-10-10T20:19:41.3074484Z   overwrite: false
2026-10-10T20:19:41.3074708Z   include-hidden-files: false
2026-10-10T20:19:41.3074950Z ##[endgroup]
2026-10-10T20:19:41.4707069Z (node:2416) [DEP0040] DeprecationWarning: The `punycode` module is deprecated. Please use a userland alternative instead.
2026-10-10T20:19:41.4708185Z (Use `node --trace-deprecation ...` to show where the warning was created)
2026-10-10T20:19:41.4780907Z With the provided path, there will be 2 files uploaded
2026-10-10T20:19:41.4781827Z Artifact name is valid!
2026-10-10T20:19:41.4782251Z Root directory input is valid!
2026-10-10T20:19:41.8788809Z Beginning upload of artifact content to blob storage
2026-10-10T20:19:41.8998100Z (node:2416) [DEP0169] DeprecationWarning: `url.parse()` behavior is not standardized and prone to errors that have security implications. Use the WHATWG URL API instead. CVEs are not issued for `url.parse()` vulnerabilities.
2026-10-10T20:19:42.1603231Z Uploaded bytes 3254
2026-10-10T20:19:42.2310326Z Finished uploading artifact content to blob storage!
2026-10-10T20:19:42.2311504Z SHA256 digest of uploaded artifact zip is 13c206e0aa408e117985a88188e9a823c12d0be8c22f29764e144ceb01e63cb6
2026-10-10T20:19:42.2313485Z Finalizing artifact upload
2026-10-10T20:19:42.4986157Z Artifact c3-private-cover-mathematical-review.zip successfully finalized. Artifact ID 11681047668
2026-10-10T20:19:42.4988975Z Artifact c3-private-cover-mathematical-review has been successfully uploaded! Final size is 3254 bytes. Artifact ID is 11681047668
2026-10-10T20:19:42.4994309Z Artifact download URL: https://github.com/proteinfoldingengine/WetLabEngine/actions/runs/38083110622/artifacts/11681047668
2026-10-10T20:19:42.5177844Z Post job cleanup.
2026-10-10T20:19:42.6043641Z [command]/usr/bin/git version
2026-10-10T20:19:42.6085797Z git version 2.55.0
2026-10-10T20:19:42.6126384Z Temporarily overriding HOME='/home/runner/work/_temp/2aed1ead-2a37-4f69-896b-18168c451b5a' before making global git config changes
2026-10-10T20:19:42.6127937Z Adding repository directory to the temporary git global config as a safe directory
2026-10-10T20:19:42.6132226Z [command]/usr/bin/git config --global --add safe.directory /home/runner/work/WetLabEngine/WetLabEngine/research_snapshot
2026-10-10T20:19:42.6171548Z [command]/usr/bin/git config --local --name-only --get-regexp core\.sshCommand
2026-10-10T20:19:42.6207011Z [command]/usr/bin/git submodule foreach --recursive sh -c "git config --local --name-only --get-regexp 'core\.sshCommand' && git config --local --unset-all 'core.sshCommand' || :"
2026-10-10T20:19:42.6473941Z [command]/usr/bin/git config --local --name-only --get-regexp http\.https\:\/\/github\.com\/\.extraheader
2026-10-10T20:19:42.6513477Z [command]/usr/bin/git submodule foreach --recursive sh -c "git config --local --name-only --get-regexp 'http\.https\:\/\/github\.com\/\.extraheader' && git config --local --unset-all 'http.https://github.com/.extraheader' || :"
2026-10-10T20:19:42.6788986Z [command]/usr/bin/git config --local --name-only --get-regexp ^includeIf\.gitdir:
2026-10-10T20:19:42.6844142Z [command]/usr/bin/git submodule foreach --recursive git config --local --show-origin --name-only --get-regexp remote.origin.url
2026-10-10T20:19:42.7360625Z Cleaning up orphan processes
2026-10-10T20:19:42.7660766Z ##[warning]Node.js 20 is deprecated. The following actions target Node.js 20 but are being forced to run on Node.js 24: actions/checkout@v4, actions/download-artifact@v4, actions/upload-artifact@v4. For more information see: https://github.blog/changelog/2025-09-19-deprecation-of-node-20-on-github-actions-runners/
