2026-10-10T20:19:47.6936144Z Current runner version: '2.337.0'
2026-10-10T20:19:47.6962353Z ##[group]Runner Image Provisioner
2026-10-10T20:19:47.6963198Z Hosted Compute Agent
2026-10-10T20:19:47.6963893Z Version: 20261002.596
2026-10-10T20:19:47.6964526Z Commit: c3d12f3313a95f25162a1503be624f3b0617f8c0
2026-10-10T20:19:47.6965380Z Build Date: 2026-10-02T22:28:27Z
2026-10-10T20:19:47.6966087Z Worker ID: {70d7480c-807f-4ddb-bddd-9395c0452acf}
2026-10-10T20:19:47.6967240Z Region: northcentralus
2026-10-10T20:19:47.6967929Z Cloud: Azure
2026-10-10T20:19:47.6968480Z ##[endgroup]
2026-10-10T20:19:47.6970501Z ##[group]Operating System
2026-10-10T20:19:47.6971204Z Ubuntu
2026-10-10T20:19:47.6971732Z 24.04.5
2026-10-10T20:19:47.6972336Z LTS
2026-10-10T20:19:47.6972856Z ##[endgroup]
2026-10-10T20:19:47.6973487Z ##[group]Runner Image
2026-10-10T20:19:47.6974112Z Image: ubuntu-24.04
2026-10-10T20:19:47.6974687Z Version: 20261004.327.1
2026-10-10T20:19:47.6975997Z Included Software: https://github.com/actions/runner-images/blob/ubuntu24/20261004.327/images/ubuntu/Ubuntu2404-Readme.md
2026-10-10T20:19:47.6977988Z Image Release: https://github.com/actions/runner-images/releases/tag/ubuntu24%2F20261004.327
2026-10-10T20:19:47.6979000Z ##[endgroup]
2026-10-10T20:19:47.6980168Z ##[group]GITHUB_TOKEN Permissions
2026-10-10T20:19:47.6982402Z Contents: read
2026-10-10T20:19:47.6983110Z Metadata: read
2026-10-10T20:19:47.6983853Z ##[endgroup]
2026-10-10T20:19:47.6986658Z Secret source: Actions
2026-10-10T20:19:47.6987776Z Cache mode: write
2026-10-10T20:19:47.6988824Z Prepare workflow directory
2026-10-10T20:19:47.7413951Z Prepare all required actions
2026-10-10T20:19:47.7462210Z Getting action download info
2026-10-10T20:19:47.9781414Z Download action repository 'actions/checkout@v4' (SHA:11d5960a326750d5838078e36cf38b85af677262)
2026-10-10T20:19:48.0788588Z Download action repository 'actions/download-artifact@v4' (SHA:d3f86a106a0bac45b974a628896c90dbdf5c8093)
2026-10-10T20:19:48.4554713Z Download action repository 'actions/upload-artifact@v4' (SHA:ea165f8d65b6e75b540449e92b4886f43607fa02)
2026-10-10T20:19:48.7325338Z Complete job name: publication-audit
2026-10-10T20:19:48.8161816Z ##[group]Run actions/checkout@v4
2026-10-10T20:19:48.8162796Z with:
2026-10-10T20:19:48.8163282Z   path: research_snapshot
2026-10-10T20:19:48.8163852Z   persist-credentials: false
2026-10-10T20:19:48.8164724Z   sparse-checkout: ResearchHistory/UQCF-GEM/research/physical-bridge
.github/scripts

2026-10-10T20:19:48.8165712Z   repository: proteinfoldingengine/WetLabEngine
2026-10-10T20:19:48.8170169Z   token: ***
2026-10-10T20:19:48.8170769Z   ssh-strict: true
2026-10-10T20:19:48.8171252Z   ssh-user: git
2026-10-10T20:19:48.8171720Z   clean: true
2026-10-10T20:19:48.8172220Z   sparse-checkout-cone-mode: true
2026-10-10T20:19:48.8172809Z   fetch-depth: 1
2026-10-10T20:19:48.8173295Z   fetch-tags: false
2026-10-10T20:19:48.8173849Z   show-progress: true
2026-10-10T20:19:48.8174358Z   lfs: false
2026-10-10T20:19:48.8174820Z   submodules: false
2026-10-10T20:19:48.8175328Z   set-safe-directory: true
2026-10-10T20:19:48.8175929Z   allow-unsafe-pr-checkout: false
2026-10-10T20:19:48.8177048Z ##[endgroup]
2026-10-10T20:19:48.9203267Z Syncing repository: proteinfoldingengine/WetLabEngine
2026-10-10T20:19:48.9206671Z ##[group]Getting Git version info
2026-10-10T20:19:48.9207902Z Working directory is '/home/runner/work/WetLabEngine/WetLabEngine/research_snapshot'
2026-10-10T20:19:48.9209542Z [command]/usr/bin/git version
2026-10-10T20:19:48.9313056Z git version 2.55.0
2026-10-10T20:19:48.9353433Z ##[endgroup]
2026-10-10T20:19:48.9362395Z Temporarily overriding HOME='/home/runner/work/_temp/dd764983-9ece-4e23-977a-4607f98f9beb' before making global git config changes
2026-10-10T20:19:48.9365245Z Adding repository directory to the temporary git global config as a safe directory
2026-10-10T20:19:48.9367135Z [command]/usr/bin/git config --global --add safe.directory /home/runner/work/WetLabEngine/WetLabEngine/research_snapshot
2026-10-10T20:19:48.9421854Z ##[group]Initializing the repository
2026-10-10T20:19:48.9425846Z [command]/usr/bin/git init /home/runner/work/WetLabEngine/WetLabEngine/research_snapshot
2026-10-10T20:19:48.9543554Z hint: Using 'master' as the name for the initial branch. This default branch name
2026-10-10T20:19:48.9547059Z hint: will change to "main" in Git 3.0. To configure the initial branch name
2026-10-10T20:19:48.9548795Z hint: to use in all of your new repositories, which will suppress this warning,
2026-10-10T20:19:48.9550160Z hint: call:
2026-10-10T20:19:48.9550895Z hint:
2026-10-10T20:19:48.9551888Z hint: 	git config --global init.defaultBranch <name>
2026-10-10T20:19:48.9553017Z hint:
2026-10-10T20:19:48.9554051Z hint: Names commonly chosen instead of 'master' are 'main', 'trunk' and
2026-10-10T20:19:48.9555774Z hint: 'development'. The just-created branch can be renamed via this command:
2026-10-10T20:19:48.9557576Z hint:
2026-10-10T20:19:48.9558344Z hint: 	git branch -m <name>
2026-10-10T20:19:48.9559193Z hint:
2026-10-10T20:19:48.9560182Z hint: Disable this message with "git config set advice.defaultBranchName false"
2026-10-10T20:19:48.9561783Z Initialized empty Git repository in /home/runner/work/WetLabEngine/WetLabEngine/research_snapshot/.git/
2026-10-10T20:19:48.9565435Z [command]/usr/bin/git remote add origin https://github.com/proteinfoldingengine/WetLabEngine
2026-10-10T20:19:48.9612072Z ##[endgroup]
2026-10-10T20:19:48.9613635Z ##[group]Disabling automatic garbage collection
2026-10-10T20:19:48.9623911Z [command]/usr/bin/git config --local gc.auto 0
2026-10-10T20:19:48.9663377Z ##[endgroup]
2026-10-10T20:19:48.9664582Z ##[group]Setting up auth
2026-10-10T20:19:48.9671418Z [command]/usr/bin/git config --local --name-only --get-regexp core\.sshCommand
2026-10-10T20:19:48.9707979Z [command]/usr/bin/git submodule foreach --recursive sh -c "git config --local --name-only --get-regexp 'core\.sshCommand' && git config --local --unset-all 'core.sshCommand' || :"
2026-10-10T20:19:49.0095376Z [command]/usr/bin/git config --local --name-only --get-regexp http\.https\:\/\/github\.com\/\.extraheader
2026-10-10T20:19:49.0139033Z [command]/usr/bin/git submodule foreach --recursive sh -c "git config --local --name-only --get-regexp 'http\.https\:\/\/github\.com\/\.extraheader' && git config --local --unset-all 'http.https://github.com/.extraheader' || :"
2026-10-10T20:19:49.0373670Z [command]/usr/bin/git config --local --name-only --get-regexp ^includeIf\.gitdir:
2026-10-10T20:19:49.0412539Z [command]/usr/bin/git submodule foreach --recursive git config --local --show-origin --name-only --get-regexp remote.origin.url
2026-10-10T20:19:49.0648037Z [command]/usr/bin/git config --local http.https://github.com/.extraheader AUTHORIZATION: basic ***
2026-10-10T20:19:49.0688961Z ##[endgroup]
2026-10-10T20:19:49.0690490Z ##[group]Fetching the repository
2026-10-10T20:19:49.0699452Z [command]/usr/bin/git -c protocol.version=2 fetch --no-tags --prune --no-recurse-submodules --filter=blob:none --depth=1 origin +703c05495e2a5b655e8f50bba491b8786e0594da:refs/remotes/origin/research/uqcf-overlapping-guard-exchange
2026-10-10T20:19:49.4217611Z From https://github.com/proteinfoldingengine/WetLabEngine
2026-10-10T20:19:49.4219840Z  * [new ref]         703c05495e2a5b655e8f50bba491b8786e0594da -> origin/research/uqcf-overlapping-guard-exchange
2026-10-10T20:19:49.4225176Z ##[endgroup]
2026-10-10T20:19:49.4227462Z ##[group]Determining the checkout info
2026-10-10T20:19:49.4229334Z ##[endgroup]
2026-10-10T20:19:49.4230926Z ##[group]Setting up sparse checkout
2026-10-10T20:19:49.4233087Z [command]/usr/bin/git sparse-checkout set ResearchHistory/UQCF-GEM/research/physical-bridge .github/scripts
2026-10-10T20:19:49.4282211Z ##[endgroup]
2026-10-10T20:19:49.4283594Z ##[group]Checking out the ref
2026-10-10T20:19:49.4290177Z [command]/usr/bin/git checkout --progress --force -B research/uqcf-overlapping-guard-exchange refs/remotes/origin/research/uqcf-overlapping-guard-exchange
2026-10-10T20:19:50.3461618Z Switched to a new branch 'research/uqcf-overlapping-guard-exchange'
2026-10-10T20:19:50.3467514Z branch 'research/uqcf-overlapping-guard-exchange' set up to track 'origin/research/uqcf-overlapping-guard-exchange'.
2026-10-10T20:19:50.3479262Z ##[endgroup]
2026-10-10T20:19:50.3533262Z [command]/usr/bin/git log -1 --format=%H
2026-10-10T20:19:50.3563116Z 703c05495e2a5b655e8f50bba491b8786e0594da
2026-10-10T20:19:50.3572855Z ##[group]Removing auth
2026-10-10T20:19:50.3577010Z [command]/usr/bin/git config --local --name-only --get-regexp core\.sshCommand
2026-10-10T20:19:50.3611906Z [command]/usr/bin/git submodule foreach --recursive sh -c "git config --local --name-only --get-regexp 'core\.sshCommand' && git config --local --unset-all 'core.sshCommand' || :"
2026-10-10T20:19:50.3860922Z [command]/usr/bin/git config --local --name-only --get-regexp http\.https\:\/\/github\.com\/\.extraheader
2026-10-10T20:19:50.3890879Z http.https://github.com/.extraheader
2026-10-10T20:19:50.3900328Z [command]/usr/bin/git config --local --unset-all http.https://github.com/.extraheader
2026-10-10T20:19:50.3937967Z [command]/usr/bin/git submodule foreach --recursive sh -c "git config --local --name-only --get-regexp 'http\.https\:\/\/github\.com\/\.extraheader' && git config --local --unset-all 'http.https://github.com/.extraheader' || :"
2026-10-10T20:19:50.4185983Z [command]/usr/bin/git config --local --name-only --get-regexp ^includeIf\.gitdir:
2026-10-10T20:19:50.4222570Z [command]/usr/bin/git submodule foreach --recursive git config --local --show-origin --name-only --get-regexp remote.origin.url
2026-10-10T20:19:50.4465831Z ##[endgroup]
2026-10-10T20:19:50.4858811Z ##[group]Run actions/download-artifact@v4
2026-10-10T20:19:50.4860100Z with:
2026-10-10T20:19:50.4861051Z   name: c3-private-cover-fresh-reproduction
2026-10-10T20:19:50.4862373Z   path: private_verification
2026-10-10T20:19:50.4863468Z   merge-multiple: false
2026-10-10T20:19:50.4864614Z   repository: proteinfoldingengine/WetLabEngine
2026-10-10T20:19:50.4865933Z   run-id: 38083110622
2026-10-10T20:19:50.4867130Z ##[endgroup]
2026-10-10T20:19:50.6415671Z Downloading single artifact
2026-10-10T20:19:50.6572482Z (node:2402) [DEP0040] DeprecationWarning: The `punycode` module is deprecated. Please use a userland alternative instead.
2026-10-10T20:19:50.6579466Z (Use `node --trace-deprecation ...` to show where the warning was created)
2026-10-10T20:19:50.7774675Z Preparing to download the following artifacts:
2026-10-10T20:19:50.7775676Z - c3-private-cover-fresh-reproduction (ID: 11681317213, Size: 197994, Expected Digest: sha256:f1f78189100168640432a58f005952e1e2a548c866aea0db31c74de047a12803)
2026-10-10T20:19:50.9223234Z Redirecting to blob download url: https://productionresultssa19.blob.core.windows.net/actions-results/7faa6216-d40c-8180-a3d3-aadcf1bdb5e2/workflow-job-run-5f758bff-c371-5d06-bbd7-53c0e87cda17/artifacts/97bc65de0712688a99441da1286b93af238fda66cf25c5f3704e9354c3766d09.zip
2026-10-10T20:19:50.9225356Z Starting download of artifact to: /home/runner/work/WetLabEngine/WetLabEngine/private_verification
2026-10-10T20:19:51.0550327Z (node:2402) [DEP0005] DeprecationWarning: Buffer() is deprecated due to security and usability issues. Please use the Buffer.alloc(), Buffer.allocUnsafe(), or Buffer.from() methods instead.
2026-10-10T20:19:51.1527658Z SHA256 digest of downloaded artifact is f1f78189100168640432a58f005952e1e2a548c866aea0db31c74de047a12803
2026-10-10T20:19:51.1528881Z Artifact download completed successfully.
2026-10-10T20:19:51.1529578Z Total of 1 artifact(s) downloaded
2026-10-10T20:19:51.1534891Z Download artifact has finished successfully
2026-10-10T20:19:51.1688002Z ##[group]Run actions/download-artifact@v4
2026-10-10T20:19:51.1688392Z with:
2026-10-10T20:19:51.1688688Z   name: c3-private-cover-mathematical-review
2026-10-10T20:19:51.1689068Z   path: private_cover_review
2026-10-10T20:19:51.1689380Z   merge-multiple: false
2026-10-10T20:19:51.1689712Z   repository: proteinfoldingengine/WetLabEngine
2026-10-10T20:19:51.1690078Z   run-id: 38083110622
2026-10-10T20:19:51.1690352Z ##[endgroup]
2026-10-10T20:19:51.3242024Z Downloading single artifact
2026-10-10T20:19:51.3439841Z (node:2415) [DEP0040] DeprecationWarning: The `punycode` module is deprecated. Please use a userland alternative instead.
2026-10-10T20:19:51.3441892Z (Use `node --trace-deprecation ...` to show where the warning was created)
2026-10-10T20:19:51.4883583Z Preparing to download the following artifacts:
2026-10-10T20:19:51.4885162Z - c3-private-cover-mathematical-review (ID: 11681047668, Size: 3254, Expected Digest: sha256:13c206e0aa408e117985a88188e9a823c12d0be8c22f29764e144ceb01e63cb6)
2026-10-10T20:19:51.6639137Z Redirecting to blob download url: https://productionresultssa19.blob.core.windows.net/actions-results/7faa6216-d40c-8180-a3d3-aadcf1bdb5e2/workflow-job-run-233f0e96-0d0a-5d97-8be9-6e6884e561d5/artifacts/f3ad1008dbdafd685f035ee93110dd6f6283141d7d55e27811fc9db12084e288.zip
2026-10-10T20:19:51.6640861Z Starting download of artifact to: /home/runner/work/WetLabEngine/WetLabEngine/private_cover_review
2026-10-10T20:19:51.7814189Z (node:2415) [DEP0005] DeprecationWarning: Buffer() is deprecated due to security and usability issues. Please use the Buffer.alloc(), Buffer.allocUnsafe(), or Buffer.from() methods instead.
2026-10-10T20:19:51.7884232Z SHA256 digest of downloaded artifact is 13c206e0aa408e117985a88188e9a823c12d0be8c22f29764e144ceb01e63cb6
2026-10-10T20:19:51.7884864Z Artifact download completed successfully.
2026-10-10T20:19:51.7885195Z Total of 1 artifact(s) downloaded
2026-10-10T20:19:51.7891322Z Download artifact has finished successfully
2026-10-10T20:19:51.8017105Z ##[group]Run set -euo pipefail
2026-10-10T20:19:51.8017567Z [36;1mset -euo pipefail[0m
2026-10-10T20:19:51.8017980Z [36;1mtest "$(git -C research_snapshot rev-parse HEAD)" = "$GITHUB_SHA"[0m
2026-10-10T20:19:51.8018549Z [36;1mROOT=research_snapshot/ResearchHistory/UQCF-GEM/research/physical-bridge[0m
2026-10-10T20:19:51.8019134Z [36;1mpython3 "$ROOT/private_cover/producer.py" /tmp/publication.json[0m
2026-10-10T20:19:51.8019677Z [36;1mcmp /tmp/publication.json private_verification/certificate.json[0m
2026-10-10T20:19:51.8020351Z [36;1mpython3 "$ROOT/private_cover/independent.py" /tmp/publication.json /tmp/publication_independent.json[0m
2026-10-10T20:19:51.8020889Z [36;1mpython3 - <<'PY'[0m
2026-10-10T20:19:51.8021172Z [36;1mimport hashlib,json,os,pathlib[0m
2026-10-10T20:19:51.8021654Z [36;1mmanifest=json.loads(pathlib.Path('private_cover_review/manifest.json').read_text())[0m
2026-10-10T20:19:51.8022353Z [36;1massert manifest['research_commit']==manifest['workflow_commit']==os.environ['GITHUB_SHA'][0m
2026-10-10T20:19:51.8022909Z [36;1mfor name,digest in manifest['input_sha256'].items():[0m
2026-10-10T20:19:51.8023794Z [36;1m    path=pathlib.Path('private_verification')/name[9:] if name.startswith('EVIDENCE/') else pathlib.Path('research_snapshot/ResearchHistory/UQCF-GEM/research/physical-bridge')/name[0m
2026-10-10T20:19:51.8024701Z [36;1m    assert hashlib.sha256(path.read_bytes()).hexdigest()==digest,name[0m
2026-10-10T20:19:51.8025218Z [36;1mraw=pathlib.Path('private_cover_review/review.txt').read_bytes()[0m
2026-10-10T20:19:51.8025739Z [36;1massert hashlib.sha256(raw).hexdigest()==manifest['response_sha256'][0m
2026-10-10T20:19:51.8026606Z [36;1mexpected=f"scientific_sha={os.environ['GITHUB_SHA']}\nworkflow_sha={os.environ['GITHUB_SHA']}\n"[0m
2026-10-10T20:19:51.8027660Z [36;1massert pathlib.Path('private_verification/provenance.txt').read_text()==expected[0m
2026-10-10T20:19:51.8028866Z [36;1mgate={'status':'PASS','scientific_commit':os.environ['GITHUB_SHA'],'verified_review_inputs':len(manifest['input_sha256']),'certificate_reproduced_byte_exact':True,'independent_full_reconstruction':True,'response_sha256':manifest['response_sha256']}[0m
2026-10-10T20:19:51.8030133Z [36;1mpathlib.Path('private_cover_gate.json').write_text(json.dumps(gate,indent=2)+'\n');print(json.dumps(gate))[0m
2026-10-10T20:19:51.8030658Z [36;1mPY[0m
2026-10-10T20:19:51.8285832Z shell: /usr/bin/bash --noprofile --norc -e -o pipefail {0}
2026-10-10T20:19:51.8286251Z ##[endgroup]
2026-10-10T20:20:00.1633047Z {"anchor_jobs": 1478, "cases": 638, "edges": 8877, "expansions": 1734, "hidden_checks": 448703, "labelled_edges": 42164, "labelled_vertices": 13826, "orbit_lifts": 75507, "reachable_cases": 343, "rename_witnesses": 1830, "slice_occurrences": 268628, "sources": 319, "vertices": 3543}
2026-10-10T20:20:08.8966270Z {"certificate_sha256": "f4dad9a0dba31d85764f3dea65ec2c0325da38d9429ddb6d2ca36e81cb577b48", "complete_independent_reconstruction": true, "counts": {"anchor_jobs": 1478, "cases": 638, "edges": 8877, "expansions": 1734, "hidden_checks": 448703, "labelled_edges": 42164, "labelled_vertices": 13826, "orbit_lifts": 75507, "reachable_cases": 343, "rename_witnesses": 1830, "slice_occurrences": 268628, "sources": 319, "vertices": 3543}, "status": "ACCEPTED"}
2026-10-10T20:20:08.9643647Z {"status": "PASS", "scientific_commit": "703c05495e2a5b655e8f50bba491b8786e0594da", "verified_review_inputs": 33, "certificate_reproduced_byte_exact": true, "independent_full_reconstruction": true, "response_sha256": "843e645a76431bdd58ed8f6a96ee34bf20f3429e9fefbe66717d9a27f43ae477"}
2026-10-10T20:20:08.9733623Z ##[group]Run python3 research_snapshot/.github/scripts/c3_private_cover_review.py
2026-10-10T20:20:08.9734255Z [36;1mpython3 research_snapshot/.github/scripts/c3_private_cover_review.py[0m
2026-10-10T20:20:08.9797356Z shell: /usr/bin/bash -e {0}
2026-10-10T20:20:08.9797624Z env:
2026-10-10T20:20:08.9798159Z   GEMINI_API_KEY: ***
2026-10-10T20:20:08.9798414Z   REVIEW_PHASE: publication
2026-10-10T20:20:08.9798660Z ##[endgroup]
2026-10-10T20:20:24.6405718Z Private-cover independent verdict: ACCEPTED
2026-10-10T20:20:24.6406716Z Missing assumptions: 0
2026-10-10T20:20:24.6407221Z Counterexamples: 0
2026-10-10T20:20:24.6407993Z Response SHA256: 595ef621baafedb397d7eab0e89cad72ad8fcdbfdb2fe1061109708e8afb903e
2026-10-10T20:20:24.6408907Z This is not scientific certification.
2026-10-10T20:20:24.6579781Z ##[group]Run actions/upload-artifact@v4
2026-10-10T20:20:24.6580105Z with:
2026-10-10T20:20:24.6580344Z   name: c3-private-cover-publication-audit
2026-10-10T20:20:24.6580745Z   path: private_cover_publication/
private_cover_gate.json

2026-10-10T20:20:24.6581102Z   if-no-files-found: warn
2026-10-10T20:20:24.6581347Z   compression-level: 6
2026-10-10T20:20:24.6581585Z   overwrite: false
2026-10-10T20:20:24.6581816Z   include-hidden-files: false
2026-10-10T20:20:24.6582077Z ##[endgroup]
2026-10-10T20:20:24.8259734Z (node:2442) [DEP0040] DeprecationWarning: The `punycode` module is deprecated. Please use a userland alternative instead.
2026-10-10T20:20:24.8261102Z (Use `node --trace-deprecation ...` to show where the warning was created)
2026-10-10T20:20:24.8348010Z Multiple search paths detected. Calculating the least common ancestor of all paths
2026-10-10T20:20:24.8350560Z The least common ancestor is /home/runner/work/WetLabEngine/WetLabEngine. This will be the root directory of the artifact
2026-10-10T20:20:24.8351959Z With the provided path, there will be 3 files uploaded
2026-10-10T20:20:24.8353076Z Artifact name is valid!
2026-10-10T20:20:24.8353531Z Root directory input is valid!
2026-10-10T20:20:25.0983084Z Beginning upload of artifact content to blob storage
2026-10-10T20:20:25.1231240Z (node:2442) [DEP0169] DeprecationWarning: `url.parse()` behavior is not standardized and prone to errors that have security implications. Use the WHATWG URL API instead. CVEs are not issued for `url.parse()` vulnerabilities.
2026-10-10T20:20:25.2337372Z Uploaded bytes 4030
2026-10-10T20:20:25.2682847Z Finished uploading artifact content to blob storage!
2026-10-10T20:20:25.2684428Z SHA256 digest of uploaded artifact zip is f688e0a16a811f022a62b842a679695d1e03c1b19ed591bbcc54661babcfefef
2026-10-10T20:20:25.2685979Z Finalizing artifact upload
2026-10-10T20:20:25.4825854Z Artifact c3-private-cover-publication-audit.zip successfully finalized. Artifact ID 11681576908
2026-10-10T20:20:25.4828773Z Artifact c3-private-cover-publication-audit has been successfully uploaded! Final size is 4030 bytes. Artifact ID is 11681576908
2026-10-10T20:20:25.4834204Z Artifact download URL: https://github.com/proteinfoldingengine/WetLabEngine/actions/runs/38083110622/artifacts/11681576908
2026-10-10T20:20:25.5055235Z Post job cleanup.
2026-10-10T20:20:25.5920338Z [command]/usr/bin/git version
2026-10-10T20:20:25.5968159Z git version 2.55.0
2026-10-10T20:20:25.6013497Z Temporarily overriding HOME='/home/runner/work/_temp/9ac56c02-f8ce-4283-b03f-45cb609e3061' before making global git config changes
2026-10-10T20:20:25.6014612Z Adding repository directory to the temporary git global config as a safe directory
2026-10-10T20:20:25.6020310Z [command]/usr/bin/git config --global --add safe.directory /home/runner/work/WetLabEngine/WetLabEngine/research_snapshot
2026-10-10T20:20:25.6062147Z [command]/usr/bin/git config --local --name-only --get-regexp core\.sshCommand
2026-10-10T20:20:25.6100426Z [command]/usr/bin/git submodule foreach --recursive sh -c "git config --local --name-only --get-regexp 'core\.sshCommand' && git config --local --unset-all 'core.sshCommand' || :"
2026-10-10T20:20:25.6408070Z [command]/usr/bin/git config --local --name-only --get-regexp http\.https\:\/\/github\.com\/\.extraheader
2026-10-10T20:20:25.6446694Z [command]/usr/bin/git submodule foreach --recursive sh -c "git config --local --name-only --get-regexp 'http\.https\:\/\/github\.com\/\.extraheader' && git config --local --unset-all 'http.https://github.com/.extraheader' || :"
2026-10-10T20:20:25.6728416Z [command]/usr/bin/git config --local --name-only --get-regexp ^includeIf\.gitdir:
2026-10-10T20:20:25.6770690Z [command]/usr/bin/git submodule foreach --recursive git config --local --show-origin --name-only --get-regexp remote.origin.url
2026-10-10T20:20:25.7198185Z Cleaning up orphan processes
2026-10-10T20:20:25.7485882Z ##[warning]Node.js 20 is deprecated. The following actions target Node.js 20 but are being forced to run on Node.js 24: actions/checkout@v4, actions/download-artifact@v4, actions/upload-artifact@v4. For more information see: https://github.blog/changelog/2025-09-19-deprecation-of-node-20-on-github-actions-runners/
