2026-10-01T11:23:51.5500371Z Current runner version: '2.337.0'
2026-10-01T11:23:51.5525026Z ##[group]Runner Image Provisioner
2026-10-01T11:23:51.5525998Z Hosted Compute Agent
2026-10-01T11:23:51.5526576Z Version: 20260828.587
2026-10-01T11:23:51.5527300Z Commit: abac92662cab4cc7352de4f9f9d2e2419aad9c29
2026-10-01T11:23:51.5528043Z Build Date: 2026-08-28T16:44:25Z
2026-10-01T11:23:51.5529053Z Worker ID: {0c78258a-8f92-4dad-90cb-7a73fa4b0c0f}
2026-10-01T11:23:51.5529792Z Azure Region: westus3
2026-10-01T11:23:51.5530355Z ##[endgroup]
2026-10-01T11:23:51.5532023Z ##[group]Operating System
2026-10-01T11:23:51.5532676Z Ubuntu
2026-10-01T11:23:51.5533387Z 24.04.5
2026-10-01T11:23:51.5533917Z LTS
2026-10-01T11:23:51.5534429Z ##[endgroup]
2026-10-01T11:23:51.5535036Z ##[group]Runner Image
2026-10-01T11:23:51.5535642Z Image: ubuntu-24.04
2026-10-01T11:23:51.5536236Z Version: 20260920.314.1
2026-10-01T11:23:51.5537602Z Included Software: https://github.com/actions/runner-images/blob/ubuntu24/20260920.314/images/ubuntu/Ubuntu2404-Readme.md
2026-10-01T11:23:51.5539962Z Image Release: https://github.com/actions/runner-images/releases/tag/ubuntu24%2F20260920.314
2026-10-01T11:23:51.5540957Z ##[endgroup]
2026-10-01T11:23:51.5542142Z ##[group]GITHUB_TOKEN Permissions
2026-10-01T11:23:51.5544240Z Contents: read
2026-10-01T11:23:51.5544834Z Metadata: read
2026-10-01T11:23:51.5545503Z ##[endgroup]
2026-10-01T11:23:51.5547615Z Secret source: Actions
2026-10-01T11:23:51.5549070Z Cache mode: write
2026-10-01T11:23:51.5549787Z Prepare workflow directory
2026-10-01T11:23:51.5892961Z Prepare all required actions
2026-10-01T11:23:51.5941196Z Getting action download info
2026-10-01T11:23:51.9222733Z Download action repository 'actions/checkout@11d5960a326750d5838078e36cf38b85af677262' (SHA:11d5960a326750d5838078e36cf38b85af677262)
2026-10-01T11:23:52.0376153Z Download action repository 'actions/setup-python@a26af69be951a213d495a4c3e4e4022e16d87065' (SHA:a26af69be951a213d495a4c3e4e4022e16d87065)
2026-10-01T11:23:52.1203265Z Download action repository 'actions/upload-artifact@ea165f8d65b6e75b540449e92b4886f43607fa02' (SHA:ea165f8d65b6e75b540449e92b4886f43607fa02)
2026-10-01T11:23:52.3397023Z Complete job name: science
2026-10-01T11:23:52.4276062Z ##[group]Run actions/checkout@11d5960a326750d5838078e36cf38b85af677262
2026-10-01T11:23:52.4277177Z with:
2026-10-01T11:23:52.4277612Z   fetch-depth: 64
2026-10-01T11:23:52.4278722Z   repository: proteinfoldingengine/WetLabEngine
2026-10-01T11:23:52.4284300Z   token: ***
2026-10-01T11:23:52.4284771Z   ssh-strict: true
2026-10-01T11:23:52.4285210Z   ssh-user: git
2026-10-01T11:23:52.4285648Z   persist-credentials: true
2026-10-01T11:23:52.4286128Z   clean: true
2026-10-01T11:23:52.4286566Z   sparse-checkout-cone-mode: true
2026-10-01T11:23:52.4287077Z   fetch-tags: false
2026-10-01T11:23:52.4287521Z   show-progress: true
2026-10-01T11:23:52.4287960Z   lfs: false
2026-10-01T11:23:52.4288592Z   submodules: false
2026-10-01T11:23:52.4289037Z   set-safe-directory: true
2026-10-01T11:23:52.4289531Z   allow-unsafe-pr-checkout: false
2026-10-01T11:23:52.4290464Z ##[endgroup]
2026-10-01T11:23:52.5362208Z Syncing repository: proteinfoldingengine/WetLabEngine
2026-10-01T11:23:52.5365132Z ##[group]Getting Git version info
2026-10-01T11:23:52.5366288Z Working directory is '/home/runner/work/WetLabEngine/WetLabEngine'
2026-10-01T11:23:52.5368102Z [command]/usr/bin/git version
2026-10-01T11:23:52.5481285Z git version 2.55.0
2026-10-01T11:23:52.5508818Z ##[endgroup]
2026-10-01T11:23:52.5517037Z Temporarily overriding HOME='/home/runner/work/_temp/6c46a120-11c9-43ea-b4e6-8480f2e140a7' before making global git config changes
2026-10-01T11:23:52.5519349Z Adding repository directory to the temporary git global config as a safe directory
2026-10-01T11:23:52.5523015Z [command]/usr/bin/git config --global --add safe.directory /home/runner/work/WetLabEngine/WetLabEngine
2026-10-01T11:23:52.5585530Z Deleting the contents of '/home/runner/work/WetLabEngine/WetLabEngine'
2026-10-01T11:23:52.5595791Z ##[group]Initializing the repository
2026-10-01T11:23:52.5597469Z [command]/usr/bin/git init /home/runner/work/WetLabEngine/WetLabEngine
2026-10-01T11:23:52.5720527Z hint: Using 'master' as the name for the initial branch. This default branch name
2026-10-01T11:23:52.5722140Z hint: will change to "main" in Git 3.0. To configure the initial branch name
2026-10-01T11:23:52.5723237Z hint: to use in all of your new repositories, which will suppress this warning,
2026-10-01T11:23:52.5724413Z hint: call:
2026-10-01T11:23:52.5724870Z hint:
2026-10-01T11:23:52.5725513Z hint: 	git config --global init.defaultBranch <name>
2026-10-01T11:23:52.5726218Z hint:
2026-10-01T11:23:52.5726885Z hint: Names commonly chosen instead of 'master' are 'main', 'trunk' and
2026-10-01T11:23:52.5727976Z hint: 'development'. The just-created branch can be renamed via this command:
2026-10-01T11:23:52.5729549Z hint:
2026-10-01T11:23:52.5730052Z hint: 	git branch -m <name>
2026-10-01T11:23:52.5730593Z hint:
2026-10-01T11:23:52.5731305Z hint: Disable this message with "git config set advice.defaultBranchName false"
2026-10-01T11:23:52.5737351Z Initialized empty Git repository in /home/runner/work/WetLabEngine/WetLabEngine/.git/
2026-10-01T11:23:52.5749687Z [command]/usr/bin/git remote add origin https://github.com/proteinfoldingengine/WetLabEngine
2026-10-01T11:23:52.5810552Z ##[endgroup]
2026-10-01T11:23:52.5811394Z ##[group]Disabling automatic garbage collection
2026-10-01T11:23:52.5815034Z [command]/usr/bin/git config --local gc.auto 0
2026-10-01T11:23:52.5860268Z ##[endgroup]
2026-10-01T11:23:52.5861061Z ##[group]Setting up auth
2026-10-01T11:23:52.5870873Z [command]/usr/bin/git config --local --name-only --get-regexp core\.sshCommand
2026-10-01T11:23:52.5913913Z [command]/usr/bin/git submodule foreach --recursive sh -c "git config --local --name-only --get-regexp 'core\.sshCommand' && git config --local --unset-all 'core.sshCommand' || :"
2026-10-01T11:23:52.6427134Z [command]/usr/bin/git config --local --name-only --get-regexp http\.https\:\/\/github\.com\/\.extraheader
2026-10-01T11:23:52.6475573Z [command]/usr/bin/git submodule foreach --recursive sh -c "git config --local --name-only --get-regexp 'http\.https\:\/\/github\.com\/\.extraheader' && git config --local --unset-all 'http.https://github.com/.extraheader' || :"
2026-10-01T11:23:52.6752899Z [command]/usr/bin/git config --local --name-only --get-regexp ^includeIf\.gitdir:
2026-10-01T11:23:52.6794437Z [command]/usr/bin/git submodule foreach --recursive git config --local --show-origin --name-only --get-regexp remote.origin.url
2026-10-01T11:23:52.7037442Z [command]/usr/bin/git config --local http.https://github.com/.extraheader AUTHORIZATION: basic ***
2026-10-01T11:23:52.7083175Z ##[endgroup]
2026-10-01T11:23:52.7084062Z ##[group]Fetching the repository
2026-10-01T11:23:52.7094305Z [command]/usr/bin/git -c protocol.version=2 fetch --no-tags --prune --no-recurse-submodules --depth=64 origin +9d7e7bbbd21539954650d863af3c318e20eea0e0:refs/remotes/origin/research/v16.48-recursive-chain-repair
2026-10-01T11:24:34.8004289Z From https://github.com/proteinfoldingengine/WetLabEngine
2026-10-01T11:24:34.8006545Z  * [new ref]         9d7e7bbbd21539954650d863af3c318e20eea0e0 -> origin/research/v16.48-recursive-chain-repair
2026-10-01T11:24:34.8029314Z ##[endgroup]
2026-10-01T11:24:34.8039820Z ##[group]Determining the checkout info
2026-10-01T11:24:34.8040734Z ##[endgroup]
2026-10-01T11:24:34.8041252Z [command]/usr/bin/git sparse-checkout disable
2026-10-01T11:24:34.8098909Z [command]/usr/bin/git config --local --unset-all extensions.worktreeConfig
2026-10-01T11:24:34.8149792Z ##[group]Checking out the ref
2026-10-01T11:24:34.8154458Z [command]/usr/bin/git checkout --progress --force -B research/v16.48-recursive-chain-repair refs/remotes/origin/research/v16.48-recursive-chain-repair
2026-10-01T11:24:35.9425658Z Updating files:  41% (2869/6950)
2026-10-01T11:24:36.1630119Z Updating files:  42% (2919/6950)
2026-10-01T11:24:36.3957284Z Updating files:  43% (2989/6950)
2026-10-01T11:24:36.7285372Z Updating files:  44% (3058/6950)
2026-10-01T11:24:36.8374205Z Updating files:  45% (3128/6950)
2026-10-01T11:24:36.9566642Z Updating files:  45% (3155/6950)
2026-10-01T11:24:37.2600143Z Updating files:  46% (3197/6950)
2026-10-01T11:24:37.5860193Z Updating files:  47% (3267/6950)
2026-10-01T11:24:37.6455171Z Updating files:  48% (3336/6950)
2026-10-01T11:24:37.8492634Z Updating files:  49% (3406/6950)
2026-10-01T11:24:38.1615228Z Updating files:  49% (3434/6950)
2026-10-01T11:24:38.3713195Z Updating files:  50% (3475/6950)
2026-10-01T11:24:38.4434378Z Updating files:  51% (3545/6950)
2026-10-01T11:24:38.8534092Z Updating files:  52% (3614/6950)
2026-10-01T11:24:38.9377545Z Updating files:  52% (3652/6950)
2026-10-01T11:24:39.1629886Z Updating files:  53% (3684/6950)
2026-10-01T11:24:39.1681558Z Updating files:  54% (3753/6950)
2026-10-01T11:24:39.1735648Z Updating files:  55% (3823/6950)
2026-10-01T11:24:39.1790518Z Updating files:  56% (3892/6950)
2026-10-01T11:24:39.3881968Z Updating files:  57% (3962/6950)
2026-10-01T11:24:39.5448679Z Updating files:  58% (4031/6950)
2026-10-01T11:24:39.5628128Z Updating files:  59% (4101/6950)
2026-10-01T11:24:39.5772282Z Updating files:  60% (4170/6950)
2026-10-01T11:24:39.6513780Z Updating files:  61% (4240/6950)
2026-10-01T11:24:39.7984093Z Updating files:  62% (4309/6950)
2026-10-01T11:24:39.8047356Z Updating files:  63% (4379/6950)
2026-10-01T11:24:39.8091123Z Updating files:  64% (4448/6950)
2026-10-01T11:24:39.8137693Z Updating files:  65% (4518/6950)
2026-10-01T11:24:39.8414706Z Updating files:  66% (4587/6950)
2026-10-01T11:24:39.8858037Z Updating files:  66% (4607/6950)
2026-10-01T11:24:39.8891786Z Updating files:  67% (4657/6950)
2026-10-01T11:24:39.8942355Z Updating files:  68% (4726/6950)
2026-10-01T11:24:39.9082439Z Updating files:  69% (4796/6950)
2026-10-01T11:24:39.9287274Z Updating files:  70% (4865/6950)
2026-10-01T11:24:39.9408709Z Updating files:  71% (4935/6950)
2026-10-01T11:24:39.9473393Z Updating files:  72% (5004/6950)
2026-10-01T11:24:40.0734083Z Updating files:  73% (5074/6950)
2026-10-01T11:24:40.2899598Z Updating files:  74% (5143/6950)
2026-10-01T11:24:40.3492470Z Updating files:  75% (5213/6950)
2026-10-01T11:24:40.5235212Z Updating files:  76% (5282/6950)
2026-10-01T11:24:40.6189064Z Updating files:  77% (5352/6950)
2026-10-01T11:24:40.6750343Z Updating files:  78% (5421/6950)
2026-10-01T11:24:40.6851067Z Updating files:  79% (5491/6950)
2026-10-01T11:24:40.7333718Z Updating files:  80% (5560/6950)
2026-10-01T11:24:40.7387111Z Updating files:  81% (5630/6950)
2026-10-01T11:24:40.7429105Z Updating files:  82% (5699/6950)
2026-10-01T11:24:40.7472500Z Updating files:  83% (5769/6950)
2026-10-01T11:24:40.7514071Z Updating files:  84% (5838/6950)
2026-10-01T11:24:40.7559417Z Updating files:  85% (5908/6950)
2026-10-01T11:24:40.7599490Z Updating files:  86% (5977/6950)
2026-10-01T11:24:40.7755609Z Updating files:  87% (6047/6950)
2026-10-01T11:24:40.8419468Z Updating files:  88% (6116/6950)
2026-10-01T11:24:41.1394641Z Updating files:  88% (6165/6950)
2026-10-01T11:24:41.1499033Z Updating files:  89% (6186/6950)
2026-10-01T11:24:41.1842214Z Updating files:  90% (6255/6950)
2026-10-01T11:24:41.2096182Z Updating files:  91% (6325/6950)
2026-10-01T11:24:41.2415647Z Updating files:  92% (6394/6950)
2026-10-01T11:24:41.2941877Z Updating files:  93% (6464/6950)
2026-10-01T11:24:41.2999390Z Updating files:  94% (6533/6950)
2026-10-01T11:24:41.3103651Z Updating files:  95% (6603/6950)
2026-10-01T11:24:41.3167926Z Updating files:  96% (6672/6950)
2026-10-01T11:24:41.3321610Z Updating files:  97% (6742/6950)
2026-10-01T11:24:41.3487072Z Updating files:  98% (6811/6950)
2026-10-01T11:24:41.3749336Z Updating files:  99% (6881/6950)
2026-10-01T11:24:41.3750162Z Updating files: 100% (6950/6950)
2026-10-01T11:24:41.3750716Z Updating files: 100% (6950/6950), done.
2026-10-01T11:24:41.6349055Z Switched to a new branch 'research/v16.48-recursive-chain-repair'
2026-10-01T11:24:41.6352612Z branch 'research/v16.48-recursive-chain-repair' set up to track 'origin/research/v16.48-recursive-chain-repair'.
2026-10-01T11:24:41.6527095Z ##[endgroup]
2026-10-01T11:24:41.6586524Z [command]/usr/bin/git log -1 --format=%H
2026-10-01T11:24:41.6621102Z 9d7e7bbbd21539954650d863af3c318e20eea0e0
2026-10-01T11:24:41.6954009Z ##[group]Run actions/setup-python@a26af69be951a213d495a4c3e4e4022e16d87065
2026-10-01T11:24:41.6954452Z with:
2026-10-01T11:24:41.6954670Z   python-version: 3.11
2026-10-01T11:24:41.6954901Z   check-latest: false
2026-10-01T11:24:41.6957194Z   token: ***
2026-10-01T11:24:41.6957411Z   update-environment: true
2026-10-01T11:24:41.6957656Z   allow-prereleases: false
2026-10-01T11:24:41.6957887Z   freethreaded: false
2026-10-01T11:24:41.6958452Z ##[endgroup]
2026-10-01T11:24:41.8291128Z ##[group]Installed versions
2026-10-01T11:24:41.8795436Z (node:2268) [DEP0040] DeprecationWarning: The `punycode` module is deprecated. Please use a userland alternative instead.
2026-10-01T11:24:41.8796270Z (Use `node --trace-deprecation ...` to show where the warning was created)
2026-10-01T11:24:41.8797288Z Successfully set up CPython (3.11.16)
2026-10-01T11:24:41.8798381Z ##[endgroup]
2026-10-01T11:24:41.8976836Z ##[group]Run python -m pip install sympy==1.13.3 mpmath==1.3.0
2026-10-01T11:24:41.8977356Z [36;1mpython -m pip install sympy==1.13.3 mpmath==1.3.0[0m
2026-10-01T11:24:41.9314641Z shell: /usr/bin/bash -e {0}
2026-10-01T11:24:41.9314951Z env:
2026-10-01T11:24:41.9315265Z   pythonLocation: /opt/hostedtoolcache/Python/3.11.16/x64
2026-10-01T11:24:41.9315769Z   PKG_CONFIG_PATH: /opt/hostedtoolcache/Python/3.11.16/x64/lib/pkgconfig
2026-10-01T11:24:41.9316268Z   Python_ROOT_DIR: /opt/hostedtoolcache/Python/3.11.16/x64
2026-10-01T11:24:41.9316697Z   Python2_ROOT_DIR: /opt/hostedtoolcache/Python/3.11.16/x64
2026-10-01T11:24:41.9317130Z   Python3_ROOT_DIR: /opt/hostedtoolcache/Python/3.11.16/x64
2026-10-01T11:24:41.9317578Z   LD_LIBRARY_PATH: /opt/hostedtoolcache/Python/3.11.16/x64/lib
2026-10-01T11:24:41.9317945Z ##[endgroup]
2026-10-01T11:24:42.8385086Z Collecting sympy==1.13.3
2026-10-01T11:24:42.8863651Z   Downloading sympy-1.13.3-py3-none-any.whl.metadata (12 kB)
2026-10-01T11:24:42.9104955Z Collecting mpmath==1.3.0
2026-10-01T11:24:42.9142321Z   Downloading mpmath-1.3.0-py3-none-any.whl.metadata (8.6 kB)
2026-10-01T11:24:42.9246588Z Downloading sympy-1.13.3-py3-none-any.whl (6.2 MB)
2026-10-01T11:24:42.9757923Z    ━━━━━━━━━━━━━━━━━━━━━━━━━━━━━━━━━━━━━━━━ 6.2/6.2 MB 177.6 MB/s  0:00:00
2026-10-01T11:24:42.9796638Z Downloading mpmath-1.3.0-py3-none-any.whl (536 kB)
2026-10-01T11:24:42.9844113Z    ━━━━━━━━━━━━━━━━━━━━━━━━━━━━━━━━━━━━━━━━ 536.2/536.2 kB 108.5 MB/s  0:00:00
2026-10-01T11:24:43.0592980Z Installing collected packages: mpmath, sympy
2026-10-01T11:24:49.0868518Z 
2026-10-01T11:24:49.0877684Z Successfully installed mpmath-1.3.0 sympy-1.13.3
2026-10-01T11:24:49.1369898Z ##[group]Run python ResearchHistory/UQCF-GEM/demos/v16.48-recursive-chain-repair/run.py phase out/science
2026-10-01T11:24:49.1370760Z [36;1mpython ResearchHistory/UQCF-GEM/demos/v16.48-recursive-chain-repair/run.py phase out/science[0m
2026-10-01T11:24:49.1437977Z shell: /usr/bin/bash -e {0}
2026-10-01T11:24:49.1438656Z env:
2026-10-01T11:24:49.1438945Z   pythonLocation: /opt/hostedtoolcache/Python/3.11.16/x64
2026-10-01T11:24:49.1439387Z   PKG_CONFIG_PATH: /opt/hostedtoolcache/Python/3.11.16/x64/lib/pkgconfig
2026-10-01T11:24:49.1439816Z   Python_ROOT_DIR: /opt/hostedtoolcache/Python/3.11.16/x64
2026-10-01T11:24:49.1440222Z   Python2_ROOT_DIR: /opt/hostedtoolcache/Python/3.11.16/x64
2026-10-01T11:24:49.1440627Z   Python3_ROOT_DIR: /opt/hostedtoolcache/Python/3.11.16/x64
2026-10-01T11:24:49.1441023Z   LD_LIBRARY_PATH: /opt/hostedtoolcache/Python/3.11.16/x64/lib
2026-10-01T11:24:49.1441367Z ##[endgroup]
2026-10-01T11:33:04.7930905Z ##[group]Run python ResearchHistory/UQCF-GEM/demos/v16.48-recursive-chain-repair/run.py package out/science science
2026-10-01T11:33:04.7931785Z [36;1mpython ResearchHistory/UQCF-GEM/demos/v16.48-recursive-chain-repair/run.py package out/science science[0m
2026-10-01T11:33:04.7996268Z shell: /usr/bin/bash -e {0}
2026-10-01T11:33:04.7996533Z env:
2026-10-01T11:33:04.7997007Z   pythonLocation: /opt/hostedtoolcache/Python/3.11.16/x64
2026-10-01T11:33:04.7997453Z   PKG_CONFIG_PATH: /opt/hostedtoolcache/Python/3.11.16/x64/lib/pkgconfig
2026-10-01T11:33:04.7997878Z   Python_ROOT_DIR: /opt/hostedtoolcache/Python/3.11.16/x64
2026-10-01T11:33:04.7998619Z   Python2_ROOT_DIR: /opt/hostedtoolcache/Python/3.11.16/x64
2026-10-01T11:33:04.7999035Z   Python3_ROOT_DIR: /opt/hostedtoolcache/Python/3.11.16/x64
2026-10-01T11:33:04.7999439Z   LD_LIBRARY_PATH: /opt/hostedtoolcache/Python/3.11.16/x64/lib
2026-10-01T11:33:04.7999761Z ##[endgroup]
2026-10-01T11:33:11.7034032Z {"package": "VERIFIED", "source_members": 1660}
2026-10-01T11:33:11.7263133Z ##[group]Run actions/upload-artifact@ea165f8d65b6e75b540449e92b4886f43607fa02
2026-10-01T11:33:11.7263560Z with:
2026-10-01T11:33:11.7263830Z   name: v1648-science-9d7e7bbbd21539954650d863af3c318e20eea0e0
2026-10-01T11:33:11.7264163Z   path: out/science
2026-10-01T11:33:11.7264377Z   if-no-files-found: error
2026-10-01T11:33:11.7264610Z   compression-level: 6
2026-10-01T11:33:11.7264837Z   overwrite: false
2026-10-01T11:33:11.7265048Z   include-hidden-files: false
2026-10-01T11:33:11.7265274Z env:
2026-10-01T11:33:11.7265518Z   pythonLocation: /opt/hostedtoolcache/Python/3.11.16/x64
2026-10-01T11:33:11.7265944Z   PKG_CONFIG_PATH: /opt/hostedtoolcache/Python/3.11.16/x64/lib/pkgconfig
2026-10-01T11:33:11.7266363Z   Python_ROOT_DIR: /opt/hostedtoolcache/Python/3.11.16/x64
2026-10-01T11:33:11.7266734Z   Python2_ROOT_DIR: /opt/hostedtoolcache/Python/3.11.16/x64
2026-10-01T11:33:11.7267110Z   Python3_ROOT_DIR: /opt/hostedtoolcache/Python/3.11.16/x64
2026-10-01T11:33:11.7267518Z   LD_LIBRARY_PATH: /opt/hostedtoolcache/Python/3.11.16/x64/lib
2026-10-01T11:33:11.7267838Z ##[endgroup]
2026-10-01T11:33:11.8967864Z (node:2603) [DEP0040] DeprecationWarning: The `punycode` module is deprecated. Please use a userland alternative instead.
2026-10-01T11:33:11.8969224Z (Use `node --trace-deprecation ...` to show where the warning was created)
2026-10-01T11:33:11.9207127Z With the provided path, there will be 83 files uploaded
2026-10-01T11:33:11.9213892Z Artifact name is valid!
2026-10-01T11:33:11.9214419Z Root directory input is valid!
2026-10-01T11:33:12.2576108Z Beginning upload of artifact content to blob storage
2026-10-01T11:33:12.5560659Z (node:2603) [DEP0169] DeprecationWarning: `url.parse()` behavior is not standardized and prone to errors that have security implications. Use the WHATWG URL API instead. CVEs are not issued for `url.parse()` vulnerabilities.
2026-10-01T11:33:13.2414478Z Uploaded bytes 8388608
2026-10-01T11:33:13.5757798Z Uploaded bytes 16777216
2026-10-01T11:33:13.5975864Z Uploaded bytes 25165824
2026-10-01T11:33:13.7547484Z Uploaded bytes 33554432
2026-10-01T11:33:14.0944611Z Uploaded bytes 41943040
2026-10-01T11:33:14.3855745Z Uploaded bytes 50331648
2026-10-01T11:33:14.4907743Z Uploaded bytes 58720256
2026-10-01T11:33:14.7136429Z Uploaded bytes 67108864
2026-10-01T11:33:15.0593412Z Uploaded bytes 75497472
2026-10-01T11:33:15.3317641Z Uploaded bytes 83886080
2026-10-01T11:33:15.6105119Z Uploaded bytes 92274688
2026-10-01T11:33:15.7220150Z Uploaded bytes 94899933
2026-10-01T11:33:15.7813619Z Finished uploading artifact content to blob storage!
2026-10-01T11:33:15.7816937Z SHA256 digest of uploaded artifact zip is 08e9252286cb35459a3605f41f48fe094a1e1d4e2a03506f225fb6e87e2a772f
2026-10-01T11:33:15.7820135Z Finalizing artifact upload
2026-10-01T11:33:16.0793252Z Artifact v1648-science-9d7e7bbbd21539954650d863af3c318e20eea0e0.zip successfully finalized. Artifact ID 11157853123
2026-10-01T11:33:16.0794591Z Artifact v1648-science-9d7e7bbbd21539954650d863af3c318e20eea0e0 has been successfully uploaded! Final size is 94899933 bytes. Artifact ID is 11157853123
2026-10-01T11:33:16.0801779Z Artifact download URL: https://github.com/proteinfoldingengine/WetLabEngine/actions/runs/36854989777/artifacts/11157853123
2026-10-01T11:33:16.1009132Z Post job cleanup.
2026-10-01T11:33:16.2249065Z (node:2616) [DEP0040] DeprecationWarning: The `punycode` module is deprecated. Please use a userland alternative instead.
2026-10-01T11:33:16.2250703Z (Use `node --trace-deprecation ...` to show where the warning was created)
2026-10-01T11:33:16.2430915Z Post job cleanup.
2026-10-01T11:33:16.3389144Z [command]/usr/bin/git version
2026-10-01T11:33:16.3448963Z git version 2.55.0
2026-10-01T11:33:16.3479415Z Temporarily overriding HOME='/home/runner/work/_temp/d81d2a5f-49c8-46df-9dd8-c0142e49c2d9' before making global git config changes
2026-10-01T11:33:16.3509329Z Adding repository directory to the temporary git global config as a safe directory
2026-10-01T11:33:16.3511218Z [command]/usr/bin/git config --global --add safe.directory /home/runner/work/WetLabEngine/WetLabEngine
2026-10-01T11:33:16.3569845Z [command]/usr/bin/git config --local --name-only --get-regexp core\.sshCommand
2026-10-01T11:33:16.3609327Z [command]/usr/bin/git submodule foreach --recursive sh -c "git config --local --name-only --get-regexp 'core\.sshCommand' && git config --local --unset-all 'core.sshCommand' || :"
2026-10-01T11:33:16.3839119Z [command]/usr/bin/git config --local --name-only --get-regexp http\.https\:\/\/github\.com\/\.extraheader
2026-10-01T11:33:16.3867206Z http.https://github.com/.extraheader
2026-10-01T11:33:16.3888847Z [command]/usr/bin/git config --local --unset-all http.https://github.com/.extraheader
2026-10-01T11:33:16.3936851Z [command]/usr/bin/git submodule foreach --recursive sh -c "git config --local --name-only --get-regexp 'http\.https\:\/\/github\.com\/\.extraheader' && git config --local --unset-all 'http.https://github.com/.extraheader' || :"
2026-10-01T11:33:16.4224329Z [command]/usr/bin/git config --local --name-only --get-regexp ^includeIf\.gitdir:
2026-10-01T11:33:16.4263961Z [command]/usr/bin/git submodule foreach --recursive git config --local --show-origin --name-only --get-regexp remote.origin.url
2026-10-01T11:33:16.4749707Z Cleaning up orphan processes
2026-10-01T11:33:16.5130960Z ##[warning]Node.js 20 is deprecated. The following actions target Node.js 20 but are being forced to run on Node.js 24: actions/checkout@11d5960a326750d5838078e36cf38b85af677262, actions/setup-python@a26af69be951a213d495a4c3e4e4022e16d87065, actions/upload-artifact@ea165f8d65b6e75b540449e92b4886f43607fa02. For more information see: https://github.blog/changelog/2025-09-19-deprecation-of-node-20-on-github-actions-runners/
