2026-10-10T19:26:52.6741654Z Current runner version: '2.337.0'
2026-10-10T19:26:52.6791942Z ##[group]Runner Image Provisioner
2026-10-10T19:26:52.6792989Z Hosted Compute Agent
2026-10-10T19:26:52.6793756Z Version: 20261002.596
2026-10-10T19:26:52.6794468Z Commit: c3d12f3313a95f25162a1503be624f3b0617f8c0
2026-10-10T19:26:52.6795651Z Build Date: 2026-10-02T22:28:27Z
2026-10-10T19:26:52.6796878Z Worker ID: {fc452ed9-cb0b-4758-b417-96efd967acb7}
2026-10-10T19:26:52.6798039Z Region: northcentralus
2026-10-10T19:26:52.6799012Z Cloud: Azure
2026-10-10T19:26:52.6799986Z ##[endgroup]
2026-10-10T19:26:52.6802342Z ##[group]Operating System
2026-10-10T19:26:52.6803447Z Ubuntu
2026-10-10T19:26:52.6804482Z 24.04.5
2026-10-10T19:26:52.6805564Z LTS
2026-10-10T19:26:52.6806495Z ##[endgroup]
2026-10-10T19:26:52.6807373Z ##[group]Runner Image
2026-10-10T19:26:52.6809607Z Image: ubuntu-24.04
2026-10-10T19:26:52.6810540Z Version: 20261004.327.1
2026-10-10T19:26:52.6812653Z Included Software: https://github.com/actions/runner-images/blob/ubuntu24/20261004.327/images/ubuntu/Ubuntu2404-Readme.md
2026-10-10T19:26:52.6815557Z Image Release: https://github.com/actions/runner-images/releases/tag/ubuntu24%2F20261004.327
2026-10-10T19:26:52.6817358Z ##[endgroup]
2026-10-10T19:26:52.6819134Z ##[group]GITHUB_TOKEN Permissions
2026-10-10T19:26:52.6822144Z Contents: read
2026-10-10T19:26:52.6823054Z Metadata: read
2026-10-10T19:26:52.6824087Z ##[endgroup]
2026-10-10T19:26:52.6827217Z Secret source: Actions
2026-10-10T19:26:52.6828761Z Cache mode: write
2026-10-10T19:26:52.6830438Z Prepare workflow directory
2026-10-10T19:26:52.7362302Z Prepare all required actions
2026-10-10T19:26:52.7435332Z Getting action download info
2026-10-10T19:26:52.9270589Z Download action repository 'actions/checkout@v4' (SHA:11d5960a326750d5838078e36cf38b85af677262)
2026-10-10T19:26:53.3466593Z Download action repository 'actions/download-artifact@v4' (SHA:d3f86a106a0bac45b974a628896c90dbdf5c8093)
2026-10-10T19:26:54.1351503Z Download action repository 'actions/upload-artifact@v4' (SHA:ea165f8d65b6e75b540449e92b4886f43607fa02)
2026-10-10T19:26:54.3943053Z Complete job name: mathematical-review
2026-10-10T19:26:54.4821413Z ##[group]Run actions/checkout@v4
2026-10-10T19:26:54.4822333Z with:
2026-10-10T19:26:54.4822820Z   path: research_snapshot
2026-10-10T19:26:54.4823378Z   persist-credentials: false
2026-10-10T19:26:54.4824235Z   sparse-checkout: ResearchHistory/UQCF-GEM/research/physical-bridge
.github/scripts

2026-10-10T19:26:54.4825404Z   repository: proteinfoldingengine/WetLabEngine
2026-10-10T19:26:54.4829975Z   token: ***
2026-10-10T19:26:54.4830476Z   ssh-strict: true
2026-10-10T19:26:54.4830977Z   ssh-user: git
2026-10-10T19:26:54.4831447Z   clean: true
2026-10-10T19:26:54.4831941Z   sparse-checkout-cone-mode: true
2026-10-10T19:26:54.4832521Z   fetch-depth: 1
2026-10-10T19:26:54.4833010Z   fetch-tags: false
2026-10-10T19:26:54.4833518Z   show-progress: true
2026-10-10T19:26:54.4834017Z   lfs: false
2026-10-10T19:26:54.4834475Z   submodules: false
2026-10-10T19:26:54.4835091Z   set-safe-directory: true
2026-10-10T19:26:54.4835685Z   allow-unsafe-pr-checkout: false
2026-10-10T19:26:54.4836534Z ##[endgroup]
2026-10-10T19:26:54.5938055Z Syncing repository: proteinfoldingengine/WetLabEngine
2026-10-10T19:26:54.5941076Z ##[group]Getting Git version info
2026-10-10T19:26:54.5942184Z Working directory is '/home/runner/work/WetLabEngine/WetLabEngine/research_snapshot'
2026-10-10T19:26:54.5944476Z [command]/usr/bin/git version
2026-10-10T19:26:54.6007991Z git version 2.55.0
2026-10-10T19:26:54.6029524Z ##[endgroup]
2026-10-10T19:26:54.6045126Z Temporarily overriding HOME='/home/runner/work/_temp/72cc3e68-e6f4-471f-bf60-594bdef50f9b' before making global git config changes
2026-10-10T19:26:54.6048264Z Adding repository directory to the temporary git global config as a safe directory
2026-10-10T19:26:54.6051629Z [command]/usr/bin/git config --global --add safe.directory /home/runner/work/WetLabEngine/WetLabEngine/research_snapshot
2026-10-10T19:26:54.6096689Z ##[group]Initializing the repository
2026-10-10T19:26:54.6101603Z [command]/usr/bin/git init /home/runner/work/WetLabEngine/WetLabEngine/research_snapshot
2026-10-10T19:26:54.6186462Z hint: Using 'master' as the name for the initial branch. This default branch name
2026-10-10T19:26:54.6189135Z hint: will change to "main" in Git 3.0. To configure the initial branch name
2026-10-10T19:26:54.6191717Z hint: to use in all of your new repositories, which will suppress this warning,
2026-10-10T19:26:54.6193489Z hint: call:
2026-10-10T19:26:54.6194496Z hint:
2026-10-10T19:26:54.6196050Z hint: 	git config --global init.defaultBranch <name>
2026-10-10T19:26:54.6197533Z hint:
2026-10-10T19:26:54.6198948Z hint: Names commonly chosen instead of 'master' are 'main', 'trunk' and
2026-10-10T19:26:54.6201145Z hint: 'development'. The just-created branch can be renamed via this command:
2026-10-10T19:26:54.6202917Z hint:
2026-10-10T19:26:54.6203930Z hint: 	git branch -m <name>
2026-10-10T19:26:54.6205262Z hint:
2026-10-10T19:26:54.6206929Z hint: Disable this message with "git config set advice.defaultBranchName false"
2026-10-10T19:26:54.6209010Z Initialized empty Git repository in /home/runner/work/WetLabEngine/WetLabEngine/research_snapshot/.git/
2026-10-10T19:26:54.6211784Z [command]/usr/bin/git remote add origin https://github.com/proteinfoldingengine/WetLabEngine
2026-10-10T19:26:54.6268267Z ##[endgroup]
2026-10-10T19:26:54.6269899Z ##[group]Disabling automatic garbage collection
2026-10-10T19:26:54.6271396Z [command]/usr/bin/git config --local gc.auto 0
2026-10-10T19:26:54.6297089Z ##[endgroup]
2026-10-10T19:26:54.6298530Z ##[group]Setting up auth
2026-10-10T19:26:54.6303598Z [command]/usr/bin/git config --local --name-only --get-regexp core\.sshCommand
2026-10-10T19:26:54.6371869Z [command]/usr/bin/git submodule foreach --recursive sh -c "git config --local --name-only --get-regexp 'core\.sshCommand' && git config --local --unset-all 'core.sshCommand' || :"
2026-10-10T19:26:54.6725292Z [command]/usr/bin/git config --local --name-only --get-regexp http\.https\:\/\/github\.com\/\.extraheader
2026-10-10T19:26:54.6784055Z [command]/usr/bin/git submodule foreach --recursive sh -c "git config --local --name-only --get-regexp 'http\.https\:\/\/github\.com\/\.extraheader' && git config --local --unset-all 'http.https://github.com/.extraheader' || :"
2026-10-10T19:26:54.7079179Z [command]/usr/bin/git config --local --name-only --get-regexp ^includeIf\.gitdir:
2026-10-10T19:26:54.7131123Z [command]/usr/bin/git submodule foreach --recursive git config --local --show-origin --name-only --get-regexp remote.origin.url
2026-10-10T19:26:54.7437743Z [command]/usr/bin/git config --local http.https://github.com/.extraheader AUTHORIZATION: basic ***
2026-10-10T19:26:54.7516331Z ##[endgroup]
2026-10-10T19:26:54.7517234Z ##[group]Fetching the repository
2026-10-10T19:26:54.7525793Z [command]/usr/bin/git -c protocol.version=2 fetch --no-tags --prune --no-recurse-submodules --filter=blob:none --depth=1 origin +259416bd4962966a827d26aabd0f4ded517a17dc:refs/remotes/origin/research/uqcf-overlapping-guard-exchange
2026-10-10T19:26:55.1696604Z From https://github.com/proteinfoldingengine/WetLabEngine
2026-10-10T19:26:55.1698618Z  * [new ref]         259416bd4962966a827d26aabd0f4ded517a17dc -> origin/research/uqcf-overlapping-guard-exchange
2026-10-10T19:26:55.1703110Z ##[endgroup]
2026-10-10T19:26:55.1704311Z ##[group]Determining the checkout info
2026-10-10T19:26:55.1706929Z ##[endgroup]
2026-10-10T19:26:55.1707917Z ##[group]Setting up sparse checkout
2026-10-10T19:26:55.1715398Z [command]/usr/bin/git sparse-checkout set ResearchHistory/UQCF-GEM/research/physical-bridge .github/scripts
2026-10-10T19:26:55.1769807Z ##[endgroup]
2026-10-10T19:26:55.1777449Z ##[group]Checking out the ref
2026-10-10T19:26:55.1779439Z [command]/usr/bin/git checkout --progress --force -B research/uqcf-overlapping-guard-exchange refs/remotes/origin/research/uqcf-overlapping-guard-exchange
2026-10-10T19:26:56.3456887Z Updating files:   0% (1/1026)
2026-10-10T19:26:56.3462082Z Updating files:   1% (11/1026)
2026-10-10T19:26:56.3470806Z Updating files:   2% (21/1026)
2026-10-10T19:26:56.3477300Z Updating files:   3% (31/1026)
2026-10-10T19:26:56.3481969Z Updating files:   4% (42/1026)
2026-10-10T19:26:56.3491585Z Updating files:   5% (52/1026)
2026-10-10T19:26:56.3499756Z Updating files:   6% (62/1026)
2026-10-10T19:26:56.3507636Z Updating files:   7% (72/1026)
2026-10-10T19:26:56.3513656Z Updating files:   8% (83/1026)
2026-10-10T19:26:56.3522686Z Updating files:   9% (93/1026)
2026-10-10T19:26:56.3528280Z Updating files:  10% (103/1026)
2026-10-10T19:26:56.3536572Z Updating files:  11% (113/1026)
2026-10-10T19:26:56.3541719Z Updating files:  12% (124/1026)
2026-10-10T19:26:56.3547504Z Updating files:  13% (134/1026)
2026-10-10T19:26:56.3555423Z Updating files:  14% (144/1026)
2026-10-10T19:26:56.3562910Z Updating files:  15% (154/1026)
2026-10-10T19:26:56.3569119Z Updating files:  16% (165/1026)
2026-10-10T19:26:56.3574464Z Updating files:  17% (175/1026)
2026-10-10T19:26:56.3580710Z Updating files:  18% (185/1026)
2026-10-10T19:26:56.3587972Z Updating files:  19% (195/1026)
2026-10-10T19:26:56.3594347Z Updating files:  20% (206/1026)
2026-10-10T19:26:56.3600550Z Updating files:  21% (216/1026)
2026-10-10T19:26:56.3606506Z Updating files:  22% (226/1026)
2026-10-10T19:26:56.3613055Z Updating files:  23% (236/1026)
2026-10-10T19:26:56.3620866Z Updating files:  24% (247/1026)
2026-10-10T19:26:56.3627297Z Updating files:  25% (257/1026)
2026-10-10T19:26:56.3634211Z Updating files:  26% (267/1026)
2026-10-10T19:26:56.3641252Z Updating files:  27% (278/1026)
2026-10-10T19:26:56.3647219Z Updating files:  28% (288/1026)
2026-10-10T19:26:56.3653786Z Updating files:  29% (298/1026)
2026-10-10T19:26:56.3662562Z Updating files:  30% (308/1026)
2026-10-10T19:26:56.3669161Z Updating files:  31% (319/1026)
2026-10-10T19:26:56.3674848Z Updating files:  32% (329/1026)
2026-10-10T19:26:56.3681762Z Updating files:  33% (339/1026)
2026-10-10T19:26:56.3689230Z Updating files:  34% (349/1026)
2026-10-10T19:26:56.3697315Z Updating files:  35% (360/1026)
2026-10-10T19:26:56.3709956Z Updating files:  36% (370/1026)
2026-10-10T19:26:56.3720108Z Updating files:  37% (380/1026)
2026-10-10T19:26:56.3727010Z Updating files:  38% (390/1026)
2026-10-10T19:26:56.3735071Z Updating files:  39% (401/1026)
2026-10-10T19:26:56.3743508Z Updating files:  40% (411/1026)
2026-10-10T19:26:56.3748022Z Updating files:  41% (421/1026)
2026-10-10T19:26:56.3759631Z Updating files:  42% (431/1026)
2026-10-10T19:26:56.3769230Z Updating files:  43% (442/1026)
2026-10-10T19:26:56.3775881Z Updating files:  44% (452/1026)
2026-10-10T19:26:56.3792476Z Updating files:  45% (462/1026)
2026-10-10T19:26:56.3798011Z Updating files:  46% (472/1026)
2026-10-10T19:26:56.3808666Z Updating files:  47% (483/1026)
2026-10-10T19:26:56.3824304Z Updating files:  48% (493/1026)
2026-10-10T19:26:56.3831141Z Updating files:  49% (503/1026)
2026-10-10T19:26:56.3838912Z Updating files:  50% (513/1026)
2026-10-10T19:26:56.3848514Z Updating files:  51% (524/1026)
2026-10-10T19:26:56.3857651Z Updating files:  52% (534/1026)
2026-10-10T19:26:56.3866898Z Updating files:  53% (544/1026)
2026-10-10T19:26:56.3878121Z Updating files:  54% (555/1026)
2026-10-10T19:26:56.3886422Z Updating files:  55% (565/1026)
2026-10-10T19:26:56.3895351Z Updating files:  56% (575/1026)
2026-10-10T19:26:56.3931138Z Updating files:  57% (585/1026)
2026-10-10T19:26:56.3935954Z Updating files:  58% (596/1026)
2026-10-10T19:26:56.3944081Z Updating files:  59% (606/1026)
2026-10-10T19:26:56.3949251Z Updating files:  60% (616/1026)
2026-10-10T19:26:56.3958878Z Updating files:  61% (626/1026)
2026-10-10T19:26:56.3963378Z Updating files:  62% (637/1026)
2026-10-10T19:26:56.3972912Z Updating files:  63% (647/1026)
2026-10-10T19:26:56.3992583Z Updating files:  64% (657/1026)
2026-10-10T19:26:56.3999869Z Updating files:  65% (667/1026)
2026-10-10T19:26:56.4006355Z Updating files:  66% (678/1026)
2026-10-10T19:26:56.4017151Z Updating files:  67% (688/1026)
2026-10-10T19:26:56.4025159Z Updating files:  68% (698/1026)
2026-10-10T19:26:56.4030676Z Updating files:  69% (708/1026)
2026-10-10T19:26:56.4038120Z Updating files:  70% (719/1026)
2026-10-10T19:26:56.4043774Z Updating files:  71% (729/1026)
2026-10-10T19:26:56.4050489Z Updating files:  72% (739/1026)
2026-10-10T19:26:56.4058087Z Updating files:  73% (749/1026)
2026-10-10T19:26:56.4064945Z Updating files:  74% (760/1026)
2026-10-10T19:26:56.4074328Z Updating files:  75% (770/1026)
2026-10-10T19:26:56.4082804Z Updating files:  76% (780/1026)
2026-10-10T19:26:56.4088764Z Updating files:  77% (791/1026)
2026-10-10T19:26:56.4101579Z Updating files:  78% (801/1026)
2026-10-10T19:26:56.4108771Z Updating files:  79% (811/1026)
2026-10-10T19:26:56.4115452Z Updating files:  80% (821/1026)
2026-10-10T19:26:56.4123700Z Updating files:  81% (832/1026)
2026-10-10T19:26:56.4155924Z Updating files:  82% (842/1026)
2026-10-10T19:26:56.4160345Z Updating files:  83% (852/1026)
2026-10-10T19:26:56.4167886Z Updating files:  84% (862/1026)
2026-10-10T19:26:56.4172653Z Updating files:  85% (873/1026)
2026-10-10T19:26:56.4196869Z Updating files:  86% (883/1026)
2026-10-10T19:26:56.4214847Z Updating files:  87% (893/1026)
2026-10-10T19:26:56.4223621Z Updating files:  88% (903/1026)
2026-10-10T19:26:56.4230829Z Updating files:  89% (914/1026)
2026-10-10T19:26:56.4236581Z Updating files:  90% (924/1026)
2026-10-10T19:26:56.4242259Z Updating files:  91% (934/1026)
2026-10-10T19:26:56.4249030Z Updating files:  92% (944/1026)
2026-10-10T19:26:56.4254519Z Updating files:  93% (955/1026)
2026-10-10T19:26:56.4262506Z Updating files:  94% (965/1026)
2026-10-10T19:26:56.4269969Z Updating files:  95% (975/1026)
2026-10-10T19:26:56.4277716Z Updating files:  96% (985/1026)
2026-10-10T19:26:56.4284146Z Updating files:  97% (996/1026)
2026-10-10T19:26:56.4292040Z Updating files:  98% (1006/1026)
2026-10-10T19:26:56.4300248Z Updating files:  99% (1016/1026)
2026-10-10T19:26:56.4300923Z Updating files: 100% (1026/1026)
2026-10-10T19:26:56.4301682Z Updating files: 100% (1026/1026), done.
2026-10-10T19:26:56.4424964Z Switched to a new branch 'research/uqcf-overlapping-guard-exchange'
2026-10-10T19:26:56.4430305Z branch 'research/uqcf-overlapping-guard-exchange' set up to track 'origin/research/uqcf-overlapping-guard-exchange'.
2026-10-10T19:26:56.4513633Z ##[endgroup]
2026-10-10T19:26:56.4516093Z [command]/usr/bin/git log -1 --format=%H
2026-10-10T19:26:56.4527489Z 259416bd4962966a827d26aabd0f4ded517a17dc
2026-10-10T19:26:56.4537699Z ##[group]Removing auth
2026-10-10T19:26:56.4541870Z [command]/usr/bin/git config --local --name-only --get-regexp core\.sshCommand
2026-10-10T19:26:56.4577427Z [command]/usr/bin/git submodule foreach --recursive sh -c "git config --local --name-only --get-regexp 'core\.sshCommand' && git config --local --unset-all 'core.sshCommand' || :"
2026-10-10T19:26:56.4842691Z [command]/usr/bin/git config --local --name-only --get-regexp http\.https\:\/\/github\.com\/\.extraheader
2026-10-10T19:26:56.4873789Z http.https://github.com/.extraheader
2026-10-10T19:26:56.4881908Z [command]/usr/bin/git config --local --unset-all http.https://github.com/.extraheader
2026-10-10T19:26:56.4920656Z [command]/usr/bin/git submodule foreach --recursive sh -c "git config --local --name-only --get-regexp 'http\.https\:\/\/github\.com\/\.extraheader' && git config --local --unset-all 'http.https://github.com/.extraheader' || :"
2026-10-10T19:26:56.5178486Z [command]/usr/bin/git config --local --name-only --get-regexp ^includeIf\.gitdir:
2026-10-10T19:26:56.5215303Z [command]/usr/bin/git submodule foreach --recursive git config --local --show-origin --name-only --get-regexp remote.origin.url
2026-10-10T19:26:56.5480022Z ##[endgroup]
2026-10-10T19:26:56.5727324Z ##[group]Run actions/download-artifact@v4
2026-10-10T19:26:56.5727783Z with:
2026-10-10T19:26:56.5728172Z   name: c3-saturated-handover-fresh-reproduction
2026-10-10T19:26:56.5728686Z   path: saturated_verification
2026-10-10T19:26:56.5729127Z   merge-multiple: false
2026-10-10T19:26:56.5729559Z   repository: proteinfoldingengine/WetLabEngine
2026-10-10T19:26:56.5730004Z   run-id: 38079576180
2026-10-10T19:26:56.5730545Z ##[endgroup]
2026-10-10T19:26:56.7246348Z Downloading single artifact
2026-10-10T19:26:56.7424544Z (node:2976) [DEP0040] DeprecationWarning: The `punycode` module is deprecated. Please use a userland alternative instead.
2026-10-10T19:26:56.7425965Z (Use `node --trace-deprecation ...` to show where the warning was created)
2026-10-10T19:26:56.8635317Z Preparing to download the following artifacts:
2026-10-10T19:26:56.8636432Z - c3-saturated-handover-fresh-reproduction (ID: 11680061585, Size: 158725, Expected Digest: sha256:c4c6e68056ad6595e0c79527e49dfb16aefe8494af237dd06545b23dacb160a8)
2026-10-10T19:26:57.0046199Z Redirecting to blob download url: https://productionresultssa7.blob.core.windows.net/actions-results/67de41b7-c5cd-88d8-93ca-09eae3b8d733/workflow-job-run-a9755229-aabd-50bb-8565-941c3179458b/artifacts/a2a21d8d9cc71f5daa6ab2ccb21426e9e4ba77f39ffbf25c198fe46ab77d0dce.zip
2026-10-10T19:26:57.0048748Z Starting download of artifact to: /home/runner/work/WetLabEngine/WetLabEngine/saturated_verification
2026-10-10T19:26:57.1090509Z (node:2976) [DEP0005] DeprecationWarning: Buffer() is deprecated due to security and usability issues. Please use the Buffer.alloc(), Buffer.allocUnsafe(), or Buffer.from() methods instead.
2026-10-10T19:26:57.1775513Z SHA256 digest of downloaded artifact is c4c6e68056ad6595e0c79527e49dfb16aefe8494af237dd06545b23dacb160a8
2026-10-10T19:26:57.1776268Z Artifact download completed successfully.
2026-10-10T19:26:57.1776608Z Total of 1 artifact(s) downloaded
2026-10-10T19:26:57.1780718Z Download artifact has finished successfully
2026-10-10T19:26:57.1930573Z ##[group]Run python3 research_snapshot/.github/scripts/c3_saturated_handover_review.py
2026-10-10T19:26:57.1931682Z [36;1mpython3 research_snapshot/.github/scripts/c3_saturated_handover_review.py[0m
2026-10-10T19:26:57.2364515Z shell: /usr/bin/bash -e {0}
2026-10-10T19:26:57.2365134Z env:
2026-10-10T19:26:57.2366088Z   GEMINI_API_KEY: ***
2026-10-10T19:26:57.2366376Z ##[endgroup]
2026-10-10T19:27:24.3823115Z Saturated-handover independent verdict: ACCEPTED
2026-10-10T19:27:24.3823703Z Missing assumptions: 0
2026-10-10T19:27:24.3824047Z Counterexamples: 0
2026-10-10T19:27:24.3824622Z Response SHA256: d937c502fde93a6c5e22d285cc1d7996f7504ea97b16ad1995b6a9a859be996a
2026-10-10T19:27:24.3835872Z This is not scientific certification.
2026-10-10T19:27:24.3987166Z ##[group]Run actions/upload-artifact@v4
2026-10-10T19:27:24.3987468Z with:
2026-10-10T19:27:24.3987747Z   name: c3-saturated-handover-mathematical-review
2026-10-10T19:27:24.3988086Z   path: saturated_handover_review/
2026-10-10T19:27:24.3988367Z   if-no-files-found: warn
2026-10-10T19:27:24.3988614Z   compression-level: 6
2026-10-10T19:27:24.3988858Z   overwrite: false
2026-10-10T19:27:24.3989091Z   include-hidden-files: false
2026-10-10T19:27:24.3989349Z ##[endgroup]
2026-10-10T19:27:24.5618849Z (node:3058) [DEP0040] DeprecationWarning: The `punycode` module is deprecated. Please use a userland alternative instead.
2026-10-10T19:27:24.5619792Z (Use `node --trace-deprecation ...` to show where the warning was created)
2026-10-10T19:27:24.5697192Z With the provided path, there will be 2 files uploaded
2026-10-10T19:27:24.5698109Z Artifact name is valid!
2026-10-10T19:27:24.5698508Z Root directory input is valid!
2026-10-10T19:27:24.8223650Z Beginning upload of artifact content to blob storage
2026-10-10T19:27:24.8422265Z (node:3058) [DEP0169] DeprecationWarning: `url.parse()` behavior is not standardized and prone to errors that have security implications. Use the WHATWG URL API instead. CVEs are not issued for `url.parse()` vulnerabilities.
2026-10-10T19:27:24.9413853Z Uploaded bytes 4046
2026-10-10T19:27:24.9740872Z Finished uploading artifact content to blob storage!
2026-10-10T19:27:24.9741827Z SHA256 digest of uploaded artifact zip is 5060bd9b31e888791819e6de246e8258f50e29c6011bb34f727ce9d49e0529cb
2026-10-10T19:27:24.9744206Z Finalizing artifact upload
2026-10-10T19:27:25.1858795Z Artifact c3-saturated-handover-mathematical-review.zip successfully finalized. Artifact ID 11680510146
2026-10-10T19:27:25.1860644Z Artifact c3-saturated-handover-mathematical-review has been successfully uploaded! Final size is 4046 bytes. Artifact ID is 11680510146
2026-10-10T19:27:25.1886134Z Artifact download URL: https://github.com/proteinfoldingengine/WetLabEngine/actions/runs/38079576180/artifacts/11680510146
2026-10-10T19:27:25.3760098Z Post job cleanup.
2026-10-10T19:27:25.4691158Z [command]/usr/bin/git version
2026-10-10T19:27:25.4736632Z git version 2.55.0
2026-10-10T19:27:25.4778231Z Temporarily overriding HOME='/home/runner/work/_temp/a438e3d1-b1d8-45ef-a712-2dd009904f64' before making global git config changes
2026-10-10T19:27:25.4779447Z Adding repository directory to the temporary git global config as a safe directory
2026-10-10T19:27:25.4784440Z [command]/usr/bin/git config --global --add safe.directory /home/runner/work/WetLabEngine/WetLabEngine/research_snapshot
2026-10-10T19:27:25.4824154Z [command]/usr/bin/git config --local --name-only --get-regexp core\.sshCommand
2026-10-10T19:27:25.4859809Z [command]/usr/bin/git submodule foreach --recursive sh -c "git config --local --name-only --get-regexp 'core\.sshCommand' && git config --local --unset-all 'core.sshCommand' || :"
2026-10-10T19:27:25.5152345Z [command]/usr/bin/git config --local --name-only --get-regexp http\.https\:\/\/github\.com\/\.extraheader
2026-10-10T19:27:25.5187488Z [command]/usr/bin/git submodule foreach --recursive sh -c "git config --local --name-only --get-regexp 'http\.https\:\/\/github\.com\/\.extraheader' && git config --local --unset-all 'http.https://github.com/.extraheader' || :"
2026-10-10T19:27:25.5472164Z [command]/usr/bin/git config --local --name-only --get-regexp ^includeIf\.gitdir:
2026-10-10T19:27:25.5507768Z [command]/usr/bin/git submodule foreach --recursive git config --local --show-origin --name-only --get-regexp remote.origin.url
2026-10-10T19:27:25.5930615Z Cleaning up orphan processes
2026-10-10T19:27:25.6295132Z ##[warning]Node.js 20 is deprecated. The following actions target Node.js 20 but are being forced to run on Node.js 24: actions/checkout@v4, actions/download-artifact@v4, actions/upload-artifact@v4. For more information see: https://github.blog/changelog/2025-09-19-deprecation-of-node-20-on-github-actions-runners/
