2026-10-10T19:27:30.1857410Z Current runner version: '2.337.0'
2026-10-10T19:27:30.1875171Z ##[group]Runner Image Provisioner
2026-10-10T19:27:30.1875907Z Hosted Compute Agent
2026-10-10T19:27:30.1876252Z Version: 20261002.596
2026-10-10T19:27:30.1876643Z Commit: c3d12f3313a95f25162a1503be624f3b0617f8c0
2026-10-10T19:27:30.1877097Z Build Date: 2026-10-02T22:28:27Z
2026-10-10T19:27:30.1877514Z Worker ID: {8a3e69ec-e6a6-4e78-b81f-0f45f8b0886b}
2026-10-10T19:27:30.1877971Z Region: centralus
2026-10-10T19:27:30.1878297Z Cloud: Azure
2026-10-10T19:27:30.1878638Z ##[endgroup]
2026-10-10T19:27:30.1879483Z ##[group]Operating System
2026-10-10T19:27:30.1879866Z Ubuntu
2026-10-10T19:27:30.1880489Z 24.04.5
2026-10-10T19:27:30.1880792Z LTS
2026-10-10T19:27:30.1881120Z ##[endgroup]
2026-10-10T19:27:30.1881508Z ##[group]Runner Image
2026-10-10T19:27:30.1881896Z Image: ubuntu-24.04
2026-10-10T19:27:30.1882298Z Version: 20261004.327.1
2026-10-10T19:27:30.1883028Z Included Software: https://github.com/actions/runner-images/blob/ubuntu24/20261004.327/images/ubuntu/Ubuntu2404-Readme.md
2026-10-10T19:27:30.1883890Z Image Release: https://github.com/actions/runner-images/releases/tag/ubuntu24%2F20261004.327
2026-10-10T19:27:30.1884472Z ##[endgroup]
2026-10-10T19:27:30.1885127Z ##[group]GITHUB_TOKEN Permissions
2026-10-10T19:27:30.1886572Z Contents: read
2026-10-10T19:27:30.1886974Z Metadata: read
2026-10-10T19:27:30.1887332Z ##[endgroup]
2026-10-10T19:27:30.1888688Z Secret source: Actions
2026-10-10T19:27:30.1889235Z Cache mode: write
2026-10-10T19:27:30.1889661Z Prepare workflow directory
2026-10-10T19:27:30.2097181Z Prepare all required actions
2026-10-10T19:27:30.2127966Z Getting action download info
2026-10-10T19:27:30.4776327Z Download action repository 'actions/checkout@v4' (SHA:11d5960a326750d5838078e36cf38b85af677262)
2026-10-10T19:27:30.5798008Z Download action repository 'actions/download-artifact@v4' (SHA:d3f86a106a0bac45b974a628896c90dbdf5c8093)
2026-10-10T19:27:31.1561066Z Download action repository 'actions/upload-artifact@v4' (SHA:ea165f8d65b6e75b540449e92b4886f43607fa02)
2026-10-10T19:27:31.7761661Z Complete job name: publication-audit
2026-10-10T19:27:31.8519372Z ##[group]Run actions/checkout@v4
2026-10-10T19:27:31.8520144Z with:
2026-10-10T19:27:31.8520670Z   path: research_snapshot
2026-10-10T19:27:31.8521310Z   persist-credentials: false
2026-10-10T19:27:31.8522312Z   sparse-checkout: ResearchHistory/UQCF-GEM/research/physical-bridge
.github/scripts

2026-10-10T19:27:31.8523455Z   repository: proteinfoldingengine/WetLabEngine
2026-10-10T19:27:31.8529020Z   token: ***
2026-10-10T19:27:31.8529555Z   ssh-strict: true
2026-10-10T19:27:31.8530102Z   ssh-user: git
2026-10-10T19:27:31.8530640Z   clean: true
2026-10-10T19:27:31.8531212Z   sparse-checkout-cone-mode: true
2026-10-10T19:27:31.8531871Z   fetch-depth: 1
2026-10-10T19:27:31.8532439Z   fetch-tags: false
2026-10-10T19:27:31.8533004Z   show-progress: true
2026-10-10T19:27:31.8533571Z   lfs: false
2026-10-10T19:27:31.8534098Z   submodules: false
2026-10-10T19:27:31.8534674Z   set-safe-directory: true
2026-10-10T19:27:31.8535416Z   allow-unsafe-pr-checkout: false
2026-10-10T19:27:31.8536178Z ##[endgroup]
2026-10-10T19:27:31.9225870Z Syncing repository: proteinfoldingengine/WetLabEngine
2026-10-10T19:27:31.9227678Z ##[group]Getting Git version info
2026-10-10T19:27:31.9228759Z Working directory is '/home/runner/work/WetLabEngine/WetLabEngine/research_snapshot'
2026-10-10T19:27:31.9230171Z [command]/usr/bin/git version
2026-10-10T19:27:31.9502303Z git version 2.55.0
2026-10-10T19:27:31.9521377Z ##[endgroup]
2026-10-10T19:27:31.9533221Z Temporarily overriding HOME='/home/runner/work/_temp/806487cb-d7ad-4892-b9a2-4102ea315dfa' before making global git config changes
2026-10-10T19:27:31.9535974Z Adding repository directory to the temporary git global config as a safe directory
2026-10-10T19:27:31.9538584Z [command]/usr/bin/git config --global --add safe.directory /home/runner/work/WetLabEngine/WetLabEngine/research_snapshot
2026-10-10T19:27:31.9639567Z ##[group]Initializing the repository
2026-10-10T19:27:31.9650455Z [command]/usr/bin/git init /home/runner/work/WetLabEngine/WetLabEngine/research_snapshot
2026-10-10T19:27:32.0687419Z hint: Using 'master' as the name for the initial branch. This default branch name
2026-10-10T19:27:32.0689129Z hint: will change to "main" in Git 3.0. To configure the initial branch name
2026-10-10T19:27:32.0690714Z hint: to use in all of your new repositories, which will suppress this warning,
2026-10-10T19:27:32.0691943Z hint: call:
2026-10-10T19:27:32.0692421Z hint:
2026-10-10T19:27:32.0693034Z hint: 	git config --global init.defaultBranch <name>
2026-10-10T19:27:32.0693744Z hint:
2026-10-10T19:27:32.0694649Z hint: Names commonly chosen instead of 'master' are 'main', 'trunk' and
2026-10-10T19:27:32.0696246Z hint: 'development'. The just-created branch can be renamed via this command:
2026-10-10T19:27:32.0697528Z hint:
2026-10-10T19:27:32.0698251Z hint: 	git branch -m <name>
2026-10-10T19:27:32.0699064Z hint:
2026-10-10T19:27:32.0700153Z hint: Disable this message with "git config set advice.defaultBranchName false"
2026-10-10T19:27:32.0702236Z Initialized empty Git repository in /home/runner/work/WetLabEngine/WetLabEngine/research_snapshot/.git/
2026-10-10T19:27:32.0705857Z [command]/usr/bin/git remote add origin https://github.com/proteinfoldingengine/WetLabEngine
2026-10-10T19:27:32.1051098Z ##[endgroup]
2026-10-10T19:27:32.1051754Z ##[group]Disabling automatic garbage collection
2026-10-10T19:27:32.1054995Z [command]/usr/bin/git config --local gc.auto 0
2026-10-10T19:27:32.1243239Z ##[endgroup]
2026-10-10T19:27:32.1243732Z ##[group]Setting up auth
2026-10-10T19:27:32.1250006Z [command]/usr/bin/git config --local --name-only --get-regexp core\.sshCommand
2026-10-10T19:27:32.1283032Z [command]/usr/bin/git submodule foreach --recursive sh -c "git config --local --name-only --get-regexp 'core\.sshCommand' && git config --local --unset-all 'core.sshCommand' || :"
2026-10-10T19:27:32.1736432Z [command]/usr/bin/git config --local --name-only --get-regexp http\.https\:\/\/github\.com\/\.extraheader
2026-10-10T19:27:32.1757095Z [command]/usr/bin/git submodule foreach --recursive sh -c "git config --local --name-only --get-regexp 'http\.https\:\/\/github\.com\/\.extraheader' && git config --local --unset-all 'http.https://github.com/.extraheader' || :"
2026-10-10T19:27:32.1965495Z [command]/usr/bin/git config --local --name-only --get-regexp ^includeIf\.gitdir:
2026-10-10T19:27:32.1989911Z [command]/usr/bin/git submodule foreach --recursive git config --local --show-origin --name-only --get-regexp remote.origin.url
2026-10-10T19:27:32.2190036Z [command]/usr/bin/git config --local http.https://github.com/.extraheader AUTHORIZATION: basic ***
2026-10-10T19:27:32.2543069Z ##[endgroup]
2026-10-10T19:27:32.2543879Z ##[group]Fetching the repository
2026-10-10T19:27:32.2551829Z [command]/usr/bin/git -c protocol.version=2 fetch --no-tags --prune --no-recurse-submodules --filter=blob:none --depth=1 origin +259416bd4962966a827d26aabd0f4ded517a17dc:refs/remotes/origin/research/uqcf-overlapping-guard-exchange
2026-10-10T19:27:33.0276272Z From https://github.com/proteinfoldingengine/WetLabEngine
2026-10-10T19:27:33.0276778Z  * [new ref]         259416bd4962966a827d26aabd0f4ded517a17dc -> origin/research/uqcf-overlapping-guard-exchange
2026-10-10T19:27:33.0279540Z ##[endgroup]
2026-10-10T19:27:33.0279824Z ##[group]Determining the checkout info
2026-10-10T19:27:33.0281532Z ##[endgroup]
2026-10-10T19:27:33.0281739Z ##[group]Setting up sparse checkout
2026-10-10T19:27:33.0286267Z [command]/usr/bin/git sparse-checkout set ResearchHistory/UQCF-GEM/research/physical-bridge .github/scripts
2026-10-10T19:27:33.0765753Z ##[endgroup]
2026-10-10T19:27:33.0768833Z ##[group]Checking out the ref
2026-10-10T19:27:33.0769913Z [command]/usr/bin/git checkout --progress --force -B research/uqcf-overlapping-guard-exchange refs/remotes/origin/research/uqcf-overlapping-guard-exchange
2026-10-10T19:27:34.3020332Z Updating files:   0% (1/1026)
2026-10-10T19:27:34.3024375Z Updating files:   1% (11/1026)
2026-10-10T19:27:34.3029659Z Updating files:   2% (21/1026)
2026-10-10T19:27:34.3034024Z Updating files:   3% (31/1026)
2026-10-10T19:27:34.3038307Z Updating files:   4% (42/1026)
2026-10-10T19:27:34.3045149Z Updating files:   5% (52/1026)
2026-10-10T19:27:34.3050189Z Updating files:   6% (62/1026)
2026-10-10T19:27:34.3054942Z Updating files:   7% (72/1026)
2026-10-10T19:27:34.3059029Z Updating files:   8% (83/1026)
2026-10-10T19:27:34.3066008Z Updating files:   9% (93/1026)
2026-10-10T19:27:34.3070306Z Updating files:  10% (103/1026)
2026-10-10T19:27:34.3076512Z Updating files:  11% (113/1026)
2026-10-10T19:27:34.3080560Z Updating files:  12% (124/1026)
2026-10-10T19:27:34.3084344Z Updating files:  13% (134/1026)
2026-10-10T19:27:34.3090005Z Updating files:  14% (144/1026)
2026-10-10T19:27:34.3095325Z Updating files:  15% (154/1026)
2026-10-10T19:27:34.3099975Z Updating files:  16% (165/1026)
2026-10-10T19:27:34.3104042Z Updating files:  17% (175/1026)
2026-10-10T19:27:34.3108761Z Updating files:  18% (185/1026)
2026-10-10T19:27:34.3114134Z Updating files:  19% (195/1026)
2026-10-10T19:27:34.3119391Z Updating files:  20% (206/1026)
2026-10-10T19:27:34.3123860Z Updating files:  21% (216/1026)
2026-10-10T19:27:34.3128426Z Updating files:  22% (226/1026)
2026-10-10T19:27:34.3133354Z Updating files:  23% (236/1026)
2026-10-10T19:27:34.3139719Z Updating files:  24% (247/1026)
2026-10-10T19:27:34.3149199Z Updating files:  25% (257/1026)
2026-10-10T19:27:34.3149463Z Updating files:  26% (267/1026)
2026-10-10T19:27:34.3154090Z Updating files:  27% (278/1026)
2026-10-10T19:27:34.3158511Z Updating files:  28% (288/1026)
2026-10-10T19:27:34.3163272Z Updating files:  29% (298/1026)
2026-10-10T19:27:34.3169901Z Updating files:  30% (308/1026)
2026-10-10T19:27:34.3174475Z Updating files:  31% (319/1026)
2026-10-10T19:27:34.3178915Z Updating files:  32% (329/1026)
2026-10-10T19:27:34.3197978Z Updating files:  33% (339/1026)
2026-10-10T19:27:34.3198283Z Updating files:  34% (349/1026)
2026-10-10T19:27:34.3199222Z Updating files:  35% (360/1026)
2026-10-10T19:27:34.3207308Z Updating files:  36% (370/1026)
2026-10-10T19:27:34.3215470Z Updating files:  37% (380/1026)
2026-10-10T19:27:34.3220469Z Updating files:  38% (390/1026)
2026-10-10T19:27:34.3226611Z Updating files:  39% (401/1026)
2026-10-10T19:27:34.3232685Z Updating files:  40% (411/1026)
2026-10-10T19:27:34.3235223Z Updating files:  41% (421/1026)
2026-10-10T19:27:34.3242037Z Updating files:  42% (431/1026)
2026-10-10T19:27:34.3248677Z Updating files:  43% (442/1026)
2026-10-10T19:27:34.3253149Z Updating files:  44% (452/1026)
2026-10-10T19:27:34.3263879Z Updating files:  45% (462/1026)
2026-10-10T19:27:34.3267313Z Updating files:  46% (472/1026)
2026-10-10T19:27:34.3274345Z Updating files:  47% (483/1026)
2026-10-10T19:27:34.3299603Z Updating files:  48% (493/1026)
2026-10-10T19:27:34.3299943Z Updating files:  49% (503/1026)
2026-10-10T19:27:34.3300188Z Updating files:  50% (513/1026)
2026-10-10T19:27:34.3303476Z Updating files:  51% (524/1026)
2026-10-10T19:27:34.3309241Z Updating files:  52% (534/1026)
2026-10-10T19:27:34.3315259Z Updating files:  53% (544/1026)
2026-10-10T19:27:34.3322720Z Updating files:  54% (555/1026)
2026-10-10T19:27:34.3328158Z Updating files:  55% (565/1026)
2026-10-10T19:27:34.3336162Z Updating files:  56% (575/1026)
2026-10-10T19:27:34.3357628Z Updating files:  57% (585/1026)
2026-10-10T19:27:34.3361045Z Updating files:  58% (596/1026)
2026-10-10T19:27:34.3366680Z Updating files:  59% (606/1026)
2026-10-10T19:27:34.3370359Z Updating files:  60% (616/1026)
2026-10-10T19:27:34.3377222Z Updating files:  61% (626/1026)
2026-10-10T19:27:34.3380687Z Updating files:  62% (637/1026)
2026-10-10T19:27:34.3405758Z Updating files:  63% (647/1026)
2026-10-10T19:27:34.3416091Z Updating files:  64% (657/1026)
2026-10-10T19:27:34.3416492Z Updating files:  65% (667/1026)
2026-10-10T19:27:34.3469901Z Updating files:  66% (678/1026)
2026-10-10T19:27:34.3470299Z Updating files:  67% (688/1026)
2026-10-10T19:27:34.3475872Z Updating files:  68% (698/1026)
2026-10-10T19:27:34.3476311Z Updating files:  69% (708/1026)
2026-10-10T19:27:34.3476856Z Updating files:  70% (719/1026)
2026-10-10T19:27:34.3477077Z Updating files:  71% (729/1026)
2026-10-10T19:27:34.3477294Z Updating files:  72% (739/1026)
2026-10-10T19:27:34.3477502Z Updating files:  73% (749/1026)
2026-10-10T19:27:34.3477708Z Updating files:  74% (760/1026)
2026-10-10T19:27:34.3477908Z Updating files:  75% (770/1026)
2026-10-10T19:27:34.3478118Z Updating files:  76% (780/1026)
2026-10-10T19:27:34.3478329Z Updating files:  77% (791/1026)
2026-10-10T19:27:34.3478529Z Updating files:  78% (801/1026)
2026-10-10T19:27:34.3478753Z Updating files:  79% (811/1026)
2026-10-10T19:27:34.3485834Z Updating files:  80% (821/1026)
2026-10-10T19:27:34.3520464Z Updating files:  81% (832/1026)
2026-10-10T19:27:34.3525828Z Updating files:  82% (842/1026)
2026-10-10T19:27:34.3526045Z Updating files:  83% (852/1026)
2026-10-10T19:27:34.3526239Z Updating files:  84% (862/1026)
2026-10-10T19:27:34.3526437Z Updating files:  85% (873/1026)
2026-10-10T19:27:34.3539229Z Updating files:  86% (883/1026)
2026-10-10T19:27:34.3550780Z Updating files:  87% (893/1026)
2026-10-10T19:27:34.3556838Z Updating files:  88% (903/1026)
2026-10-10T19:27:34.3561591Z Updating files:  89% (914/1026)
2026-10-10T19:27:34.3565212Z Updating files:  90% (924/1026)
2026-10-10T19:27:34.3569042Z Updating files:  91% (934/1026)
2026-10-10T19:27:34.3573352Z Updating files:  92% (944/1026)
2026-10-10T19:27:34.3576570Z Updating files:  93% (955/1026)
2026-10-10T19:27:34.3584417Z Updating files:  94% (965/1026)
2026-10-10T19:27:34.3595932Z Updating files:  95% (975/1026)
2026-10-10T19:27:34.3596071Z Updating files:  96% (985/1026)
2026-10-10T19:27:34.3597942Z Updating files:  97% (996/1026)
2026-10-10T19:27:34.3602757Z Updating files:  98% (1006/1026)
2026-10-10T19:27:34.3607810Z Updating files:  99% (1016/1026)
2026-10-10T19:27:34.3608165Z Updating files: 100% (1026/1026)
2026-10-10T19:27:34.3608441Z Updating files: 100% (1026/1026), done.
2026-10-10T19:27:34.3691487Z Switched to a new branch 'research/uqcf-overlapping-guard-exchange'
2026-10-10T19:27:34.3697346Z branch 'research/uqcf-overlapping-guard-exchange' set up to track 'origin/research/uqcf-overlapping-guard-exchange'.
2026-10-10T19:27:34.3713228Z ##[endgroup]
2026-10-10T19:27:34.3751328Z [command]/usr/bin/git log -1 --format=%H
2026-10-10T19:27:34.3774558Z 259416bd4962966a827d26aabd0f4ded517a17dc
2026-10-10T19:27:34.3781278Z ##[group]Removing auth
2026-10-10T19:27:34.3783419Z [command]/usr/bin/git config --local --name-only --get-regexp core\.sshCommand
2026-10-10T19:27:34.3807891Z [command]/usr/bin/git submodule foreach --recursive sh -c "git config --local --name-only --get-regexp 'core\.sshCommand' && git config --local --unset-all 'core.sshCommand' || :"
2026-10-10T19:27:34.3994459Z [command]/usr/bin/git config --local --name-only --get-regexp http\.https\:\/\/github\.com\/\.extraheader
2026-10-10T19:27:34.4017550Z http.https://github.com/.extraheader
2026-10-10T19:27:34.4023370Z [command]/usr/bin/git config --local --unset-all http.https://github.com/.extraheader
2026-10-10T19:27:34.4407412Z [command]/usr/bin/git submodule foreach --recursive sh -c "git config --local --name-only --get-regexp 'http\.https\:\/\/github\.com\/\.extraheader' && git config --local --unset-all 'http.https://github.com/.extraheader' || :"
2026-10-10T19:27:34.5190052Z [command]/usr/bin/git config --local --name-only --get-regexp ^includeIf\.gitdir:
2026-10-10T19:27:34.5217005Z [command]/usr/bin/git submodule foreach --recursive git config --local --show-origin --name-only --get-regexp remote.origin.url
2026-10-10T19:27:34.5401150Z ##[endgroup]
2026-10-10T19:27:34.5618960Z ##[group]Run actions/download-artifact@v4
2026-10-10T19:27:34.5619209Z with:
2026-10-10T19:27:34.5619426Z   name: c3-saturated-handover-fresh-reproduction
2026-10-10T19:27:34.5619703Z   path: saturated_verification
2026-10-10T19:27:34.5619921Z   merge-multiple: false
2026-10-10T19:27:34.5620152Z   repository: proteinfoldingengine/WetLabEngine
2026-10-10T19:27:34.5620410Z   run-id: 38079576180
2026-10-10T19:27:34.5620735Z ##[endgroup]
2026-10-10T19:27:34.7872685Z Downloading single artifact
2026-10-10T19:27:34.7974259Z (node:2168) [DEP0040] DeprecationWarning: The `punycode` module is deprecated. Please use a userland alternative instead.
2026-10-10T19:27:34.7975056Z (Use `node --trace-deprecation ...` to show where the warning was created)
2026-10-10T19:27:34.9693624Z Preparing to download the following artifacts:
2026-10-10T19:27:34.9694382Z - c3-saturated-handover-fresh-reproduction (ID: 11680061585, Size: 158725, Expected Digest: sha256:c4c6e68056ad6595e0c79527e49dfb16aefe8494af237dd06545b23dacb160a8)
2026-10-10T19:27:35.1641397Z Redirecting to blob download url: https://productionresultssa7.blob.core.windows.net/actions-results/67de41b7-c5cd-88d8-93ca-09eae3b8d733/workflow-job-run-a9755229-aabd-50bb-8565-941c3179458b/artifacts/a2a21d8d9cc71f5daa6ab2ccb21426e9e4ba77f39ffbf25c198fe46ab77d0dce.zip
2026-10-10T19:27:35.1642640Z Starting download of artifact to: /home/runner/work/WetLabEngine/WetLabEngine/saturated_verification
2026-10-10T19:27:35.3344366Z (node:2168) [DEP0005] DeprecationWarning: Buffer() is deprecated due to security and usability issues. Please use the Buffer.alloc(), Buffer.allocUnsafe(), or Buffer.from() methods instead.
2026-10-10T19:27:35.4475794Z SHA256 digest of downloaded artifact is c4c6e68056ad6595e0c79527e49dfb16aefe8494af237dd06545b23dacb160a8
2026-10-10T19:27:35.4476131Z Artifact download completed successfully.
2026-10-10T19:27:35.4476316Z Total of 1 artifact(s) downloaded
2026-10-10T19:27:35.4480513Z Download artifact has finished successfully
2026-10-10T19:27:35.4599110Z ##[group]Run actions/download-artifact@v4
2026-10-10T19:27:35.4599275Z with:
2026-10-10T19:27:35.4599420Z   name: c3-saturated-handover-mathematical-review
2026-10-10T19:27:35.4599611Z   path: saturated_handover_review
2026-10-10T19:27:35.4599765Z   merge-multiple: false
2026-10-10T19:27:35.4599918Z   repository: proteinfoldingengine/WetLabEngine
2026-10-10T19:27:35.4600088Z   run-id: 38079576180
2026-10-10T19:27:35.4600223Z ##[endgroup]
2026-10-10T19:27:35.5565547Z Downloading single artifact
2026-10-10T19:27:35.5659932Z (node:2180) [DEP0040] DeprecationWarning: The `punycode` module is deprecated. Please use a userland alternative instead.
2026-10-10T19:27:35.5660324Z (Use `node --trace-deprecation ...` to show where the warning was created)
2026-10-10T19:27:35.7175963Z Preparing to download the following artifacts:
2026-10-10T19:27:35.7176788Z - c3-saturated-handover-mathematical-review (ID: 11680510146, Size: 4046, Expected Digest: sha256:5060bd9b31e888791819e6de246e8258f50e29c6011bb34f727ce9d49e0529cb)
2026-10-10T19:27:35.8833408Z Redirecting to blob download url: https://productionresultssa7.blob.core.windows.net/actions-results/67de41b7-c5cd-88d8-93ca-09eae3b8d733/workflow-job-run-15c4c441-f05f-5a5b-86ce-42c05357fd54/artifacts/2314db128f6033ae24a465b868e00cf51b77a8738946c524a4aff636e130e6b8.zip
2026-10-10T19:27:35.8834667Z Starting download of artifact to: /home/runner/work/WetLabEngine/WetLabEngine/saturated_handover_review
2026-10-10T19:27:36.0328707Z (node:2180) [DEP0005] DeprecationWarning: Buffer() is deprecated due to security and usability issues. Please use the Buffer.alloc(), Buffer.allocUnsafe(), or Buffer.from() methods instead.
2026-10-10T19:27:36.0380993Z SHA256 digest of downloaded artifact is 5060bd9b31e888791819e6de246e8258f50e29c6011bb34f727ce9d49e0529cb
2026-10-10T19:27:36.0381478Z Artifact download completed successfully.
2026-10-10T19:27:36.0381743Z Total of 1 artifact(s) downloaded
2026-10-10T19:27:36.0385271Z Download artifact has finished successfully
2026-10-10T19:27:36.0487954Z ##[group]Run set -euo pipefail
2026-10-10T19:27:36.0488192Z [36;1mset -euo pipefail[0m
2026-10-10T19:27:36.0488441Z [36;1mtest "$(git -C research_snapshot rev-parse HEAD)" = "$GITHUB_SHA"[0m
2026-10-10T19:27:36.0488741Z [36;1mROOT=research_snapshot/ResearchHistory/UQCF-GEM/research/physical-bridge[0m
2026-10-10T19:27:36.0489105Z [36;1mpython3 "$ROOT/saturated_handover/producer.py" /tmp/publication.json /tmp/publication_independent.json[0m
2026-10-10T19:27:36.0489587Z [36;1mcmp /tmp/publication.json saturated_verification/certificate.json[0m
2026-10-10T19:27:36.0489935Z [36;1mpython3 "$ROOT/saturated_handover/independent.py" /tmp/publication.json /tmp/publication_independent.json[0m
2026-10-10T19:27:36.0490212Z [36;1mpython3 - <<'PY'[0m
2026-10-10T19:27:36.0490362Z [36;1mimport hashlib,json,os,pathlib[0m
2026-10-10T19:27:36.0490616Z [36;1mmanifest=json.loads(pathlib.Path('saturated_handover_review/manifest.json').read_text())[0m
2026-10-10T19:27:36.0491000Z [36;1massert manifest['research_commit']==manifest['workflow_commit']==os.environ['GITHUB_SHA'][0m
2026-10-10T19:27:36.0491282Z [36;1mfor name,digest in manifest['input_sha256'].items():[0m
2026-10-10T19:27:36.0491713Z [36;1m    path=pathlib.Path('saturated_verification')/name[9:] if name.startswith('EVIDENCE/') else pathlib.Path('research_snapshot/ResearchHistory/UQCF-GEM/research/physical-bridge')/name[0m
2026-10-10T19:27:36.0492164Z [36;1m    assert hashlib.sha256(path.read_bytes()).hexdigest()==digest,name[0m
2026-10-10T19:27:36.0492438Z [36;1mraw=pathlib.Path('saturated_handover_review/review.txt').read_bytes()[0m
2026-10-10T19:27:36.0492711Z [36;1massert hashlib.sha256(raw).hexdigest()==manifest['response_sha256'][0m
2026-10-10T19:27:36.0493052Z [36;1mexpected=f"scientific_sha={os.environ['GITHUB_SHA']}\nworkflow_sha={os.environ['GITHUB_SHA']}\n"[0m
2026-10-10T19:27:36.0493388Z [36;1massert pathlib.Path('saturated_verification/provenance.txt').read_text()==expected[0m
2026-10-10T19:27:36.0493970Z [36;1mgate={'status':'PASS','scientific_commit':os.environ['GITHUB_SHA'],'verified_review_inputs':len(manifest['input_sha256']),'certificate_reproduced_byte_exact':True,'independent_full_reconstruction':True,'response_sha256':manifest['response_sha256']}[0m
2026-10-10T19:27:36.0494591Z [36;1mpathlib.Path('saturated_handover_gate.json').write_text(json.dumps(gate,indent=2)+'\n');print(json.dumps(gate))[0m
2026-10-10T19:27:36.0494865Z [36;1mPY[0m
2026-10-10T19:27:36.0709086Z shell: /usr/bin/bash --noprofile --norc -e -o pipefail {0}
2026-10-10T19:27:36.0709284Z ##[endgroup]
2026-10-10T19:27:53.9234166Z {"all_slice_occurrences": 37369, "capacity": 4, "capacity_vectors": 499, "component_minima": [7, 7, 8, 9], "count_components": 5, "count_edge_lift_slices": 24909, "count_edges": 4233, "count_vertices": 499, "graphs": 4, "hidden_checks": 36486118, "permutations": 147, "renewal": 3, "routes": 90, "script_slices": 2286, "sources": 4, "unique_hidden_states": 16608}
2026-10-10T19:28:10.7970579Z {"complete_identity_comparison": true, "counts": {"all_slice_occurrences": 37369, "capacity": 4, "capacity_vectors": 499, "component_minima": [7, 7, 8, 9], "count_components": 5, "count_edge_lift_slices": 24909, "count_edges": 4233, "count_vertices": 499, "graphs": 4, "hidden_checks": 36486118, "permutations": 147, "renewal": 3, "routes": 90, "script_slices": 2286, "sources": 4, "unique_hidden_states": 16608}, "status": "ACCEPTED"}
2026-10-10T19:28:11.1100726Z {"status": "PASS", "scientific_commit": "259416bd4962966a827d26aabd0f4ded517a17dc", "verified_review_inputs": 32, "certificate_reproduced_byte_exact": true, "independent_full_reconstruction": true, "response_sha256": "d937c502fde93a6c5e22d285cc1d7996f7504ea97b16ad1995b6a9a859be996a"}
2026-10-10T19:28:11.1167020Z ##[group]Run python3 research_snapshot/.github/scripts/c3_saturated_handover_review.py
2026-10-10T19:28:11.1167364Z [36;1mpython3 research_snapshot/.github/scripts/c3_saturated_handover_review.py[0m
2026-10-10T19:28:11.1218722Z shell: /usr/bin/bash -e {0}
2026-10-10T19:28:11.1218871Z env:
2026-10-10T19:28:11.1219178Z   GEMINI_API_KEY: ***
2026-10-10T19:28:11.1219316Z   REVIEW_PHASE: publication
2026-10-10T19:28:11.1219453Z ##[endgroup]
2026-10-10T19:28:39.6234108Z Saturated-handover independent verdict: ACCEPTED
2026-10-10T19:28:39.6234506Z Missing assumptions: 0
2026-10-10T19:28:39.6234725Z Counterexamples: 0
2026-10-10T19:28:39.6235051Z Response SHA256: b958c81d3435ef13b9e7e572ef3a7534210026042007d5f5cc66eff6b4580b40
2026-10-10T19:28:39.6235926Z This is not scientific certification.
2026-10-10T19:28:39.6368598Z ##[group]Run actions/upload-artifact@v4
2026-10-10T19:28:39.6368771Z with:
2026-10-10T19:28:39.6368918Z   name: c3-saturated-handover-publication-audit
2026-10-10T19:28:39.6369155Z   path: saturated_handover_publication/
saturated_handover_gate.json

2026-10-10T19:28:39.6369361Z   if-no-files-found: warn
2026-10-10T19:28:39.6369502Z   compression-level: 6
2026-10-10T19:28:39.6369631Z   overwrite: false
2026-10-10T19:28:39.6369762Z   include-hidden-files: false
2026-10-10T19:28:39.6369900Z ##[endgroup]
2026-10-10T19:28:39.7479017Z (node:2216) [DEP0040] DeprecationWarning: The `punycode` module is deprecated. Please use a userland alternative instead.
2026-10-10T19:28:39.7479575Z (Use `node --trace-deprecation ...` to show where the warning was created)
2026-10-10T19:28:39.7531873Z Multiple search paths detected. Calculating the least common ancestor of all paths
2026-10-10T19:28:39.7533149Z The least common ancestor is /home/runner/work/WetLabEngine/WetLabEngine. This will be the root directory of the artifact
2026-10-10T19:28:39.7533965Z With the provided path, there will be 3 files uploaded
2026-10-10T19:28:39.7555893Z Artifact name is valid!
2026-10-10T19:28:39.7556149Z Root directory input is valid!
2026-10-10T19:28:40.0506433Z Beginning upload of artifact content to blob storage
2026-10-10T19:28:40.0633600Z (node:2216) [DEP0169] DeprecationWarning: `url.parse()` behavior is not standardized and prone to errors that have security implications. Use the WHATWG URL API instead. CVEs are not issued for `url.parse()` vulnerabilities.
2026-10-10T19:28:40.2434375Z Uploaded bytes 4772
2026-10-10T19:28:40.2902359Z Finished uploading artifact content to blob storage!
2026-10-10T19:28:40.2903042Z SHA256 digest of uploaded artifact zip is c118696e4ae45b7faea1e33a79130f02c0a5fa4e2c121e666b25addb54440e55
2026-10-10T19:28:40.2903799Z Finalizing artifact upload
2026-10-10T19:28:40.5526763Z Artifact c3-saturated-handover-publication-audit.zip successfully finalized. Artifact ID 11680455303
2026-10-10T19:28:40.5527587Z Artifact c3-saturated-handover-publication-audit has been successfully uploaded! Final size is 4772 bytes. Artifact ID is 11680455303
2026-10-10T19:28:40.5532018Z Artifact download URL: https://github.com/proteinfoldingengine/WetLabEngine/actions/runs/38079576180/artifacts/11680455303
2026-10-10T19:28:40.5675681Z Post job cleanup.
2026-10-10T19:28:40.6213281Z [command]/usr/bin/git version
2026-10-10T19:28:40.6241090Z git version 2.55.0
2026-10-10T19:28:40.6269713Z Temporarily overriding HOME='/home/runner/work/_temp/5ff233a7-6fdb-4e6d-89ec-87e9d8d8ae9a' before making global git config changes
2026-10-10T19:28:40.6270628Z Adding repository directory to the temporary git global config as a safe directory
2026-10-10T19:28:40.6274205Z [command]/usr/bin/git config --global --add safe.directory /home/runner/work/WetLabEngine/WetLabEngine/research_snapshot
2026-10-10T19:28:40.6311671Z [command]/usr/bin/git config --local --name-only --get-regexp core\.sshCommand
2026-10-10T19:28:40.6342453Z [command]/usr/bin/git submodule foreach --recursive sh -c "git config --local --name-only --get-regexp 'core\.sshCommand' && git config --local --unset-all 'core.sshCommand' || :"
2026-10-10T19:28:40.6549162Z [command]/usr/bin/git config --local --name-only --get-regexp http\.https\:\/\/github\.com\/\.extraheader
2026-10-10T19:28:40.6578735Z [command]/usr/bin/git submodule foreach --recursive sh -c "git config --local --name-only --get-regexp 'http\.https\:\/\/github\.com\/\.extraheader' && git config --local --unset-all 'http.https://github.com/.extraheader' || :"
2026-10-10T19:28:40.6796440Z [command]/usr/bin/git config --local --name-only --get-regexp ^includeIf\.gitdir:
2026-10-10T19:28:40.6823384Z [command]/usr/bin/git submodule foreach --recursive git config --local --show-origin --name-only --get-regexp remote.origin.url
2026-10-10T19:28:40.7153580Z Cleaning up orphan processes
2026-10-10T19:28:40.7358405Z ##[warning]Node.js 20 is deprecated. The following actions target Node.js 20 but are being forced to run on Node.js 24: actions/checkout@v4, actions/download-artifact@v4, actions/upload-artifact@v4. For more information see: https://github.blog/changelog/2025-09-19-deprecation-of-node-20-on-github-actions-runners/
