2026-09-30T18:04:39.2294943Z Current runner version: '2.337.0'
2026-09-30T18:04:39.2334029Z ##[group]Runner Image Provisioner
2026-09-30T18:04:39.2335947Z Hosted Compute Agent
2026-09-30T18:04:39.2337437Z Version: 20260828.587
2026-09-30T18:04:39.2338717Z Commit: abac92662cab4cc7352de4f9f9d2e2419aad9c29
2026-09-30T18:04:39.2340034Z Build Date: 2026-08-28T16:44:25Z
2026-09-30T18:04:39.2341320Z Worker ID: {a2774cec-6b3d-46ca-aaf5-13bc7d640d06}
2026-09-30T18:04:39.2343129Z Azure Region: eastus
2026-09-30T18:04:39.2344178Z ##[endgroup]
2026-09-30T18:04:39.2348023Z ##[group]Operating System
2026-09-30T18:04:39.2349116Z Ubuntu
2026-09-30T18:04:39.2350176Z 24.04.5
2026-09-30T18:04:39.2351086Z LTS
2026-09-30T18:04:39.2352081Z ##[endgroup]
2026-09-30T18:04:39.2353471Z ##[group]Runner Image
2026-09-30T18:04:39.2354650Z Image: ubuntu-24.04
2026-09-30T18:04:39.2356077Z Version: 20260920.314.1
2026-09-30T18:04:39.2358354Z Included Software: https://github.com/actions/runner-images/blob/ubuntu24/20260920.314/images/ubuntu/Ubuntu2404-Readme.md
2026-09-30T18:04:39.2361540Z Image Release: https://github.com/actions/runner-images/releases/tag/ubuntu24%2F20260920.314
2026-09-30T18:04:39.2363303Z ##[endgroup]
2026-09-30T18:04:39.2365935Z ##[group]GITHUB_TOKEN Permissions
2026-09-30T18:04:39.2368906Z Contents: read
2026-09-30T18:04:39.2370269Z Metadata: read
2026-09-30T18:04:39.2371224Z ##[endgroup]
2026-09-30T18:04:39.2374658Z Secret source: Actions
2026-09-30T18:04:39.2376870Z Cache mode: write
2026-09-30T18:04:39.2378437Z Prepare workflow directory
2026-09-30T18:04:39.2897607Z Prepare all required actions
2026-09-30T18:04:39.2973211Z Getting action download info
2026-09-30T18:04:39.5036945Z Download action repository 'actions/checkout@11d5960a326750d5838078e36cf38b85af677262' (SHA:11d5960a326750d5838078e36cf38b85af677262)
2026-09-30T18:04:40.0961596Z Download action repository 'actions/setup-python@a26af69be951a213d495a4c3e4e4022e16d87065' (SHA:a26af69be951a213d495a4c3e4e4022e16d87065)
2026-09-30T18:04:40.2116545Z Download action repository 'actions/upload-artifact@ea165f8d65b6e75b540449e92b4886f43607fa02' (SHA:ea165f8d65b6e75b540449e92b4886f43607fa02)
2026-09-30T18:04:40.5046110Z Complete job name: science
2026-09-30T18:04:40.5969773Z ##[group]Run actions/checkout@11d5960a326750d5838078e36cf38b85af677262
2026-09-30T18:04:40.5971573Z with:
2026-09-30T18:04:40.5972335Z   fetch-depth: 64
2026-09-30T18:04:40.5973271Z   repository: proteinfoldingengine/WetLabEngine
2026-09-30T18:04:40.5982891Z   token: ***
2026-09-30T18:04:40.5983688Z   ssh-strict: true
2026-09-30T18:04:40.5984495Z   ssh-user: git
2026-09-30T18:04:40.5985305Z   persist-credentials: true
2026-09-30T18:04:40.5986346Z   clean: true
2026-09-30T18:04:40.5987160Z   sparse-checkout-cone-mode: true
2026-09-30T18:04:40.5988143Z   fetch-tags: false
2026-09-30T18:04:40.5988966Z   show-progress: true
2026-09-30T18:04:40.5989795Z   lfs: false
2026-09-30T18:04:40.5990560Z   submodules: false
2026-09-30T18:04:40.5991395Z   set-safe-directory: true
2026-09-30T18:04:40.5992348Z   allow-unsafe-pr-checkout: false
2026-09-30T18:04:40.5993650Z ##[endgroup]
2026-09-30T18:04:40.7027811Z Syncing repository: proteinfoldingengine/WetLabEngine
2026-09-30T18:04:40.7031889Z ##[group]Getting Git version info
2026-09-30T18:04:40.7034102Z Working directory is '/home/runner/work/WetLabEngine/WetLabEngine'
2026-09-30T18:04:40.7037789Z [command]/usr/bin/git version
2026-09-30T18:04:41.0334480Z git version 2.55.0
2026-09-30T18:04:41.0360352Z ##[endgroup]
2026-09-30T18:04:41.0378024Z Temporarily overriding HOME='/home/runner/work/_temp/8815d52f-5c35-46ab-bd61-e000667bb042' before making global git config changes
2026-09-30T18:04:41.0382803Z Adding repository directory to the temporary git global config as a safe directory
2026-09-30T18:04:41.0387077Z [command]/usr/bin/git config --global --add safe.directory /home/runner/work/WetLabEngine/WetLabEngine
2026-09-30T18:04:41.0698001Z Deleting the contents of '/home/runner/work/WetLabEngine/WetLabEngine'
2026-09-30T18:04:41.0702112Z ##[group]Initializing the repository
2026-09-30T18:04:41.0706753Z [command]/usr/bin/git init /home/runner/work/WetLabEngine/WetLabEngine
2026-09-30T18:04:41.1246672Z hint: Using 'master' as the name for the initial branch. This default branch name
2026-09-30T18:04:41.1249219Z hint: will change to "main" in Git 3.0. To configure the initial branch name
2026-09-30T18:04:41.1251666Z hint: to use in all of your new repositories, which will suppress this warning,
2026-09-30T18:04:41.1253492Z hint: call:
2026-09-30T18:04:41.1254471Z hint:
2026-09-30T18:04:41.1255966Z hint: 	git config --global init.defaultBranch <name>
2026-09-30T18:04:41.1257384Z hint:
2026-09-30T18:04:41.1258698Z hint: Names commonly chosen instead of 'master' are 'main', 'trunk' and
2026-09-30T18:04:41.1262421Z hint: 'development'. The just-created branch can be renamed via this command:
2026-09-30T18:04:41.1264543Z hint:
2026-09-30T18:04:41.1266240Z hint: 	git branch -m <name>
2026-09-30T18:04:41.1268026Z hint:
2026-09-30T18:04:41.1270500Z hint: Disable this message with "git config set advice.defaultBranchName false"
2026-09-30T18:04:41.1274558Z Initialized empty Git repository in /home/runner/work/WetLabEngine/WetLabEngine/.git/
2026-09-30T18:04:41.1279462Z [command]/usr/bin/git remote add origin https://github.com/proteinfoldingengine/WetLabEngine
2026-09-30T18:04:41.1564675Z ##[endgroup]
2026-09-30T18:04:41.1567567Z ##[group]Disabling automatic garbage collection
2026-09-30T18:04:41.1570073Z [command]/usr/bin/git config --local gc.auto 0
2026-09-30T18:04:41.1605124Z ##[endgroup]
2026-09-30T18:04:41.1607348Z ##[group]Setting up auth
2026-09-30T18:04:41.1611519Z [command]/usr/bin/git config --local --name-only --get-regexp core\.sshCommand
2026-09-30T18:04:41.1648254Z [command]/usr/bin/git submodule foreach --recursive sh -c "git config --local --name-only --get-regexp 'core\.sshCommand' && git config --local --unset-all 'core.sshCommand' || :"
2026-09-30T18:04:41.3773293Z [command]/usr/bin/git config --local --name-only --get-regexp http\.https\:\/\/github\.com\/\.extraheader
2026-09-30T18:04:41.3816841Z [command]/usr/bin/git submodule foreach --recursive sh -c "git config --local --name-only --get-regexp 'http\.https\:\/\/github\.com\/\.extraheader' && git config --local --unset-all 'http.https://github.com/.extraheader' || :"
2026-09-30T18:04:41.4054156Z [command]/usr/bin/git config --local --name-only --get-regexp ^includeIf\.gitdir:
2026-09-30T18:04:41.4096648Z [command]/usr/bin/git submodule foreach --recursive git config --local --show-origin --name-only --get-regexp remote.origin.url
2026-09-30T18:04:41.4337173Z [command]/usr/bin/git config --local http.https://github.com/.extraheader AUTHORIZATION: basic ***
2026-09-30T18:04:41.4381168Z ##[endgroup]
2026-09-30T18:04:41.4383547Z ##[group]Fetching the repository
2026-09-30T18:04:41.4392595Z [command]/usr/bin/git -c protocol.version=2 fetch --no-tags --prune --no-recurse-submodules --depth=64 origin +99c8cd073ff0766dcffc11c92cf86efcafdd9a6c:refs/remotes/origin/research/v16.38-six-vertex-barriers
2026-09-30T18:04:51.9348589Z From https://github.com/proteinfoldingengine/WetLabEngine
2026-09-30T18:04:51.9350044Z  * [new ref]         99c8cd073ff0766dcffc11c92cf86efcafdd9a6c -> origin/research/v16.38-six-vertex-barriers
2026-09-30T18:04:51.9352842Z ##[endgroup]
2026-09-30T18:04:51.9353683Z ##[group]Determining the checkout info
2026-09-30T18:04:51.9354411Z ##[endgroup]
2026-09-30T18:04:51.9354767Z [command]/usr/bin/git sparse-checkout disable
2026-09-30T18:04:51.9558201Z [command]/usr/bin/git config --local --unset-all extensions.worktreeConfig
2026-09-30T18:04:51.9593309Z ##[group]Checking out the ref
2026-09-30T18:04:51.9598495Z [command]/usr/bin/git checkout --progress --force -B research/v16.38-six-vertex-barriers refs/remotes/origin/research/v16.38-six-vertex-barriers
2026-09-30T18:04:53.0616420Z Updating files:  54% (3002/5533)
2026-09-30T18:04:53.0671931Z Updating files:  55% (3044/5533)
2026-09-30T18:04:53.0710107Z Updating files:  56% (3099/5533)
2026-09-30T18:04:53.0740458Z Updating files:  57% (3154/5533)
2026-09-30T18:04:53.0783603Z Updating files:  58% (3210/5533)
2026-09-30T18:04:53.1381046Z Updating files:  59% (3265/5533)
2026-09-30T18:04:53.1521904Z Updating files:  60% (3320/5533)
2026-09-30T18:04:53.1544884Z Updating files:  61% (3376/5533)
2026-09-30T18:04:53.1629540Z Updating files:  62% (3431/5533)
2026-09-30T18:04:53.1722384Z Updating files:  63% (3486/5533)
2026-09-30T18:04:53.1875007Z Updating files:  64% (3542/5533)
2026-09-30T18:04:53.2024735Z Updating files:  65% (3597/5533)
2026-09-30T18:04:53.2064938Z Updating files:  66% (3652/5533)
2026-09-30T18:04:53.2460356Z Updating files:  67% (3708/5533)
2026-09-30T18:04:53.3387353Z Updating files:  68% (3763/5533)
2026-09-30T18:04:53.5552967Z Updating files:  69% (3818/5533)
2026-09-30T18:04:53.5576803Z Updating files:  70% (3874/5533)
2026-09-30T18:04:53.6868723Z Updating files:  71% (3929/5533)
2026-09-30T18:04:53.7891420Z Updating files:  72% (3984/5533)
2026-09-30T18:04:53.8830447Z Updating files:  73% (4040/5533)
2026-09-30T18:04:53.9351401Z Updating files:  74% (4095/5533)
2026-09-30T18:04:53.9475073Z Updating files:  75% (4150/5533)
2026-09-30T18:04:53.9537889Z Updating files:  76% (4206/5533)
2026-09-30T18:04:53.9976084Z Updating files:  77% (4261/5533)
2026-09-30T18:04:54.0003627Z Updating files:  77% (4292/5533)
2026-09-30T18:04:54.0038922Z Updating files:  78% (4316/5533)
2026-09-30T18:04:54.0073947Z Updating files:  79% (4372/5533)
2026-09-30T18:04:54.0106814Z Updating files:  80% (4427/5533)
2026-09-30T18:04:54.0140355Z Updating files:  81% (4482/5533)
2026-09-30T18:04:54.0173613Z Updating files:  82% (4538/5533)
2026-09-30T18:04:54.0212910Z Updating files:  83% (4593/5533)
2026-09-30T18:04:54.0240391Z Updating files:  84% (4648/5533)
2026-09-30T18:04:54.0278669Z Updating files:  85% (4704/5533)
2026-09-30T18:04:54.0422513Z Updating files:  86% (4759/5533)
2026-09-30T18:04:54.4107617Z Updating files:  87% (4814/5533)
2026-09-30T18:04:54.4176857Z Updating files:  88% (4870/5533)
2026-09-30T18:04:54.4436182Z Updating files:  89% (4925/5533)
2026-09-30T18:04:54.4695527Z Updating files:  90% (4980/5533)
2026-09-30T18:04:54.4839092Z Updating files:  91% (5036/5533)
2026-09-30T18:04:54.5265810Z Updating files:  92% (5091/5533)
2026-09-30T18:04:54.5571445Z Updating files:  93% (5146/5533)
2026-09-30T18:04:54.5623159Z Updating files:  94% (5202/5533)
2026-09-30T18:04:54.5667064Z Updating files:  95% (5257/5533)
2026-09-30T18:04:54.5766807Z Updating files:  96% (5312/5533)
2026-09-30T18:04:54.5817368Z Updating files:  97% (5368/5533)
2026-09-30T18:04:54.5955760Z Updating files:  98% (5423/5533)
2026-09-30T18:04:54.6003679Z Updating files:  99% (5478/5533)
2026-09-30T18:04:54.6004269Z Updating files: 100% (5533/5533)
2026-09-30T18:04:54.6004611Z Updating files: 100% (5533/5533), done.
2026-09-30T18:04:54.6080122Z Switched to a new branch 'research/v16.38-six-vertex-barriers'
2026-09-30T18:04:54.6086307Z branch 'research/v16.38-six-vertex-barriers' set up to track 'origin/research/v16.38-six-vertex-barriers'.
2026-09-30T18:04:54.6178917Z ##[endgroup]
2026-09-30T18:04:54.6227768Z [command]/usr/bin/git log -1 --format=%H
2026-09-30T18:04:54.6257991Z 99c8cd073ff0766dcffc11c92cf86efcafdd9a6c
2026-09-30T18:04:54.6582831Z ##[group]Run actions/setup-python@a26af69be951a213d495a4c3e4e4022e16d87065
2026-09-30T18:04:54.6583239Z with:
2026-09-30T18:04:54.6583444Z   python-version: 3.11
2026-09-30T18:04:54.6583667Z   check-latest: false
2026-09-30T18:04:54.6586644Z   token: ***
2026-09-30T18:04:54.6586865Z   update-environment: true
2026-09-30T18:04:54.6587122Z   allow-prereleases: false
2026-09-30T18:04:54.6587351Z   freethreaded: false
2026-09-30T18:04:54.6587560Z ##[endgroup]
2026-09-30T18:04:54.7908641Z ##[group]Installed versions
2026-09-30T18:04:55.1185772Z (node:2252) [DEP0040] DeprecationWarning: The `punycode` module is deprecated. Please use a userland alternative instead.
2026-09-30T18:04:55.1186971Z (Use `node --trace-deprecation ...` to show where the warning was created)
2026-09-30T18:04:55.1187684Z Successfully set up CPython (3.11.16)
2026-09-30T18:04:55.1189313Z ##[endgroup]
2026-09-30T18:04:55.1389379Z ##[group]Run python -m pip install sympy==1.13.3 mpmath==1.3.0
2026-09-30T18:04:55.1390155Z [36;1mpython -m pip install sympy==1.13.3 mpmath==1.3.0[0m
2026-09-30T18:04:55.4297872Z shell: /usr/bin/bash -e {0}
2026-09-30T18:04:55.4298182Z env:
2026-09-30T18:04:55.4298492Z   pythonLocation: /opt/hostedtoolcache/Python/3.11.16/x64
2026-09-30T18:04:55.4299034Z   PKG_CONFIG_PATH: /opt/hostedtoolcache/Python/3.11.16/x64/lib/pkgconfig
2026-09-30T18:04:55.4299553Z   Python_ROOT_DIR: /opt/hostedtoolcache/Python/3.11.16/x64
2026-09-30T18:04:55.4300014Z   Python2_ROOT_DIR: /opt/hostedtoolcache/Python/3.11.16/x64
2026-09-30T18:04:55.4300472Z   Python3_ROOT_DIR: /opt/hostedtoolcache/Python/3.11.16/x64
2026-09-30T18:04:55.4300931Z   LD_LIBRARY_PATH: /opt/hostedtoolcache/Python/3.11.16/x64/lib
2026-09-30T18:04:55.4301312Z ##[endgroup]
2026-09-30T18:04:59.1924877Z Collecting sympy==1.13.3
2026-09-30T18:04:59.2420824Z   Downloading sympy-1.13.3-py3-none-any.whl.metadata (12 kB)
2026-09-30T18:04:59.2567348Z Collecting mpmath==1.3.0
2026-09-30T18:04:59.2611231Z   Downloading mpmath-1.3.0-py3-none-any.whl.metadata (8.6 kB)
2026-09-30T18:04:59.2730049Z Downloading sympy-1.13.3-py3-none-any.whl (6.2 MB)
2026-09-30T18:04:59.3279589Z    ━━━━━━━━━━━━━━━━━━━━━━━━━━━━━━━━━━━━━━━━ 6.2/6.2 MB 149.8 MB/s  0:00:00
2026-09-30T18:04:59.3320250Z Downloading mpmath-1.3.0-py3-none-any.whl (536 kB)
2026-09-30T18:04:59.3368012Z    ━━━━━━━━━━━━━━━━━━━━━━━━━━━━━━━━━━━━━━━━ 536.2/536.2 kB 102.5 MB/s  0:00:00
2026-09-30T18:04:59.6177787Z Installing collected packages: mpmath, sympy
2026-09-30T18:05:05.3951595Z 
2026-09-30T18:05:05.3960817Z Successfully installed mpmath-1.3.0 sympy-1.13.3
2026-09-30T18:05:05.4422173Z ##[group]Run set -euo pipefail
2026-09-30T18:05:05.4422531Z [36;1mset -euo pipefail[0m
2026-09-30T18:05:05.4422778Z [36;1mmkdir -p out/v1638/logs[0m
2026-09-30T18:05:05.4423140Z [36;1mD=ResearchHistory/UQCF-GEM/demos/v16.38-six-vertex-barriers[0m
2026-09-30T18:05:05.4423933Z [36;1mif python ResearchHistory/UQCF-GEM/demos/v16.37-certified-closure/test_historical_contract.py > out/v1638/logs/historical-red.log 2>&1; then exit 1; fi[0m
2026-09-30T18:05:05.4424863Z [36;1mgrep -q "AssertionError: ('HISTORICAL_LABEL_LOSS', (3, 2, 3), (3, 1, 3))" out/v1638/logs/historical-red.log[0m
2026-09-30T18:05:05.4425452Z [36;1mpython "$D/test_extension.py" 2>&1 | tee out/v1638/logs/tests.log[0m
2026-09-30T18:05:05.4489417Z shell: /usr/bin/bash -e {0}
2026-09-30T18:05:05.4489660Z env:
2026-09-30T18:05:05.4489926Z   pythonLocation: /opt/hostedtoolcache/Python/3.11.16/x64
2026-09-30T18:05:05.4490367Z   PKG_CONFIG_PATH: /opt/hostedtoolcache/Python/3.11.16/x64/lib/pkgconfig
2026-09-30T18:05:05.4490840Z   Python_ROOT_DIR: /opt/hostedtoolcache/Python/3.11.16/x64
2026-09-30T18:05:05.4491212Z   Python2_ROOT_DIR: /opt/hostedtoolcache/Python/3.11.16/x64
2026-09-30T18:05:05.4491585Z   Python3_ROOT_DIR: /opt/hostedtoolcache/Python/3.11.16/x64
2026-09-30T18:05:05.4491960Z   LD_LIBRARY_PATH: /opt/hostedtoolcache/Python/3.11.16/x64/lib
2026-09-30T18:05:05.4492274Z ##[endgroup]
2026-09-30T18:05:05.6483340Z test_changed_edges_rejected (__main__.Extension.test_changed_edges_rejected) ... ok
2026-09-30T18:05:05.6485278Z test_duplicate_graph_rejected (__main__.Extension.test_duplicate_graph_rejected) ... ok
2026-09-30T18:05:05.6486687Z test_identical_parent_accepted (__main__.Extension.test_identical_parent_accepted) ... ok
2026-09-30T18:05:05.6489413Z test_missing_graph_rejected (__main__.Extension.test_missing_graph_rejected) ... ok
2026-09-30T18:05:05.6491476Z test_reordered_graphs_accepted (__main__.Extension.test_reordered_graphs_accepted) ... ok
2026-09-30T18:05:05.6493723Z test_same_count_substitution_rejected (__main__.Extension.test_same_count_substitution_rejected) ... ok
2026-09-30T18:05:05.6494755Z test_six_vertex_domain (__main__.Extension.test_six_vertex_domain) ... ok
2026-09-30T18:05:05.6496357Z test_wrong_campaign_domain_rejected (__main__.Extension.test_wrong_campaign_domain_rejected) ... ok
2026-09-30T18:05:05.6496979Z 
2026-09-30T18:05:05.6497420Z ----------------------------------------------------------------------
2026-09-30T18:05:05.6498074Z Ran 8 tests in 0.002s
2026-09-30T18:05:05.6498235Z 
2026-09-30T18:05:05.6498419Z OK
2026-09-30T18:05:05.6604382Z ##[group]Run set -euo pipefail
2026-09-30T18:05:05.6604721Z [36;1mset -euo pipefail[0m
2026-09-30T18:05:05.6605345Z [36;1mpython ResearchHistory/UQCF-GEM/demos/v16.38-six-vertex-barriers/run_campaign.py out/v1638/scientific 2>&1 | tee out/v1638/logs/science.log[0m
2026-09-30T18:05:05.6669006Z shell: /usr/bin/bash -e {0}
2026-09-30T18:05:05.6669252Z env:
2026-09-30T18:05:05.6669517Z   pythonLocation: /opt/hostedtoolcache/Python/3.11.16/x64
2026-09-30T18:05:05.6669945Z   PKG_CONFIG_PATH: /opt/hostedtoolcache/Python/3.11.16/x64/lib/pkgconfig
2026-09-30T18:05:05.6670368Z   Python_ROOT_DIR: /opt/hostedtoolcache/Python/3.11.16/x64
2026-09-30T18:05:05.6670753Z   Python2_ROOT_DIR: /opt/hostedtoolcache/Python/3.11.16/x64
2026-09-30T18:05:05.6671130Z   Python3_ROOT_DIR: /opt/hostedtoolcache/Python/3.11.16/x64
2026-09-30T18:05:05.6671524Z   LD_LIBRARY_PATH: /opt/hostedtoolcache/Python/3.11.16/x64/lib
2026-09-30T18:05:05.6671840Z ##[endgroup]
2026-09-30T18:05:07.8466830Z PRODUCTION_COMPLETE
2026-09-30T18:07:09.8150898Z {"bound": 6, "campaign": "16.38", "certificate_schema": "inherited-v16.37", "outcome": "BOUNDED_UNIT_ONLY", "raw_bytes": 4730672, "raw_sha256": "6739fe31fe9e19de6a7e1ac52f7fdbc4b882db7cf2f6b5edd177305d18f7803e", "summary": {"component_pairs": 244, "endpoint_pairs": 1497, "graphs": 111, "nonunit_pairs": 0, "objective_distinctions": 0, "states": 52907}, "universal_unit_law": "UNRESOLVED"}
2026-09-30T18:07:09.8405042Z ##[group]Run set -euo pipefail
2026-09-30T18:07:09.8405356Z [36;1mset -euo pipefail[0m
2026-09-30T18:07:09.8406219Z [36;1mpython ResearchHistory/UQCF-GEM/demos/v16.38-six-vertex-barriers/run_inherited.py 2>&1 | tee out/v1638/logs/inherited.log[0m
2026-09-30T18:07:09.8468830Z shell: /usr/bin/bash -e {0}
2026-09-30T18:07:09.8469074Z env:
2026-09-30T18:07:09.8469334Z   pythonLocation: /opt/hostedtoolcache/Python/3.11.16/x64
2026-09-30T18:07:09.8469791Z   PKG_CONFIG_PATH: /opt/hostedtoolcache/Python/3.11.16/x64/lib/pkgconfig
2026-09-30T18:07:09.8470217Z   Python_ROOT_DIR: /opt/hostedtoolcache/Python/3.11.16/x64
2026-09-30T18:07:09.8470588Z   Python2_ROOT_DIR: /opt/hostedtoolcache/Python/3.11.16/x64
2026-09-30T18:07:09.8470956Z   Python3_ROOT_DIR: /opt/hostedtoolcache/Python/3.11.16/x64
2026-09-30T18:07:09.8471329Z   LD_LIBRARY_PATH: /opt/hostedtoolcache/Python/3.11.16/x64/lib
2026-09-30T18:07:09.8471653Z ##[endgroup]
2026-09-30T18:07:13.1626154Z {"outcome":"BOUNDED_UNIT_ONLY","raw_bytes":446574,"raw_sha256":"932b8a88a2fa1a15e5428f99564ae161cad9712468c929cb210e710820a715f0","summary":{"component_pairs":69,"endpoint_pairs":77,"graphs":51,"nonunit_pairs":0,"objective_distinctions":0,"states":6325},"universal_unit_law":"UNRESOLVED"}
2026-09-30T18:07:13.1628262Z 
2026-09-30T18:07:13.1709161Z PARENT_SCIENTIFIC_BYTES_IDENTICAL
2026-09-30T18:07:13.2275106Z test_changed_historical_value_rejected (__main__.Gates.test_changed_historical_value_rejected) ... ok
2026-09-30T18:07:13.2301633Z test_constructive_small_universe (__main__.Gates.test_constructive_small_universe) ... ok
2026-09-30T18:07:13.2313475Z test_duplicate_graph (__main__.Gates.test_duplicate_graph) ... ok
2026-09-30T18:07:13.2328804Z test_duplicate_pair (__main__.Gates.test_duplicate_pair) ... ok
2026-09-30T18:07:13.2361860Z test_false_endpoint_count (__main__.Gates.test_false_endpoint_count) ... ok
2026-09-30T18:07:13.2378059Z test_false_lower_threshold_cut (__main__.Gates.test_false_lower_threshold_cut) ... ok
2026-09-30T18:07:13.2386148Z test_float_certificate_rejected (__main__.Gates.test_float_certificate_rejected) ... ok
2026-09-30T18:07:13.2402865Z test_illegal_path (__main__.Gates.test_illegal_path) ... ok
2026-09-30T18:07:13.2404255Z test_lex_label_loss_control (__main__.Gates.test_lex_label_loss_control) ... ok
2026-09-30T18:07:13.2415683Z test_missing_graph (__main__.Gates.test_missing_graph) ... ok
2026-09-30T18:07:13.2430858Z test_missing_pair (__main__.Gates.test_missing_pair) ... ok
2026-09-30T18:07:13.2440828Z test_missing_required_field (__main__.Gates.test_missing_required_field) ... ok
2026-09-30T18:07:13.2477112Z test_missing_state (__main__.Gates.test_missing_state) ... ok
2026-09-30T18:07:13.4000592Z test_pair_order_accepted (__main__.Gates.test_pair_order_accepted) ... ok
2026-09-30T18:07:13.4012312Z test_same_count_substitution (__main__.Gates.test_same_count_substitution) ... ok
2026-09-30T18:07:13.4013368Z test_scalar_versus_lex_objective (__main__.Gates.test_scalar_versus_lex_objective) ... ok
2026-09-30T18:07:13.4541634Z test_shape_enumerators (__main__.Gates.test_shape_enumerators) ... ok
2026-09-30T18:07:13.4573818Z test_valid_graph_order (__main__.Gates.test_valid_graph_order) ... ok
2026-09-30T18:07:13.4589290Z test_wrong_barrier (__main__.Gates.test_wrong_barrier) ... ok
2026-09-30T18:07:13.4598803Z test_wrong_domain (__main__.Gates.test_wrong_domain) ... ok
2026-09-30T18:07:13.4609688Z test_wrong_q (__main__.Gates.test_wrong_q) ... ok
2026-09-30T18:07:13.4624651Z test_wrong_representative (__main__.Gates.test_wrong_representative) ... ok
2026-09-30T18:07:13.4656566Z test_wrong_verdict (__main__.Gates.test_wrong_verdict) ... ok
2026-09-30T18:07:13.4882495Z test_bound_provenance_accepts (__main__.Provenance.test_bound_provenance_accepts) ... ok
2026-09-30T18:07:13.4887083Z test_changed_and_omitted_source_rejected (__main__.Provenance.test_changed_and_omitted_source_rejected) ... ok
2026-09-30T18:07:13.4888172Z test_false_provenance_rejected (__main__.Provenance.test_false_provenance_rejected) ... ok
2026-09-30T18:07:13.4889391Z 
2026-09-30T18:07:13.4889739Z ----------------------------------------------------------------------
2026-09-30T18:07:13.4890352Z Ran 26 tests in 0.275s
2026-09-30T18:07:13.4890591Z 
2026-09-30T18:07:13.4890730Z OK
2026-09-30T18:07:35.7644671Z test_complete_small (__main__.T.test_complete_small) ... ok
2026-09-30T18:07:49.0495889Z test_extra_duplicate_pair_rejected (__main__.T.test_extra_duplicate_pair_rejected) ... ok
2026-09-30T18:08:02.3489359Z test_false_barrier_rejected (__main__.T.test_false_barrier_rejected) ... ok
2026-09-30T18:08:24.6990959Z test_false_extension_count_rejected (__main__.T.test_false_extension_count_rejected) ... ok
2026-09-30T18:08:37.9977431Z test_false_gate_d_rejected (__main__.T.test_false_gate_d_rejected) ... ok
2026-09-30T18:08:51.0314880Z test_false_group_count_rejected (__main__.T.test_false_group_count_rejected) ... ok
2026-09-30T18:09:04.4248967Z test_false_signature_rejected (__main__.T.test_false_signature_rejected) ... ok
2026-09-30T18:09:26.7400558Z test_false_ultrametric_count_rejected (__main__.T.test_false_ultrametric_count_rejected) ... ok
2026-09-30T18:09:48.9404148Z test_hidden_exclusion_rejected (__main__.T.test_hidden_exclusion_rejected) ... ok
2026-09-30T18:10:02.3673663Z test_missing_gate_rejected (__main__.T.test_missing_gate_rejected) ... ok
2026-09-30T18:10:15.8031223Z test_omitted_valid_pair_rejected (__main__.T.test_omitted_valid_pair_rejected) ... ok
2026-09-30T18:10:32.8555134Z test_substituted_pair_rejected (__main__.T.test_substituted_pair_rejected) ... ok
2026-09-30T18:10:32.8555908Z 
2026-09-30T18:10:32.8556155Z ----------------------------------------------------------------------
2026-09-30T18:10:32.8556687Z Ran 12 tests in 199.321s
2026-09-30T18:10:32.8556916Z 
2026-09-30T18:10:32.8557039Z OK
2026-09-30T18:10:32.9337617Z test_bad_alternative_minimax_rejected (__main__.T.test_bad_alternative_minimax_rejected) ... ok
2026-09-30T18:10:32.9480592Z test_bad_path_certificate_rejected (__main__.T.test_bad_path_certificate_rejected) ... ok
2026-09-30T18:10:32.9693241Z test_complete_small (__main__.T.test_complete_small) ... ok
2026-09-30T18:10:32.9892194Z test_corrupt_component_range_rejected (__main__.T.test_corrupt_component_range_rejected) ... ok
2026-09-30T18:10:33.0035172Z test_corrupt_localization_rejected (__main__.T.test_corrupt_localization_rejected) ... ok
2026-09-30T18:10:33.0178401Z test_false_bulk_count_rejected (__main__.T.test_false_bulk_count_rejected) ... ok
2026-09-30T18:10:33.0391113Z test_false_compulsory_coordinate_rejected (__main__.T.test_false_compulsory_coordinate_rejected) ... ok
2026-09-30T18:10:33.0601049Z test_false_gate_c_rejected (__main__.T.test_false_gate_c_rejected) ... ok
2026-09-30T18:10:33.0800852Z test_false_gate_d_rejected (__main__.T.test_false_gate_d_rejected) ... ok
2026-09-30T18:10:33.1013908Z test_false_gate_e_classification_rejected (__main__.T.test_false_gate_e_classification_rejected) ... ok
2026-09-30T18:10:33.1227907Z test_false_gate_e_rejected (__main__.T.test_false_gate_e_rejected) ... ok
2026-09-30T18:10:33.1441134Z test_false_possible_coordinate_rejected (__main__.T.test_false_possible_coordinate_rejected) ... ok
2026-09-30T18:10:33.1583502Z test_false_zero_rejected (__main__.T.test_false_zero_rejected) ... ok
2026-09-30T18:10:33.1669903Z test_missing_gate_adjudication_rejected (__main__.T.test_missing_gate_adjudication_rejected) ... ok
2026-09-30T18:10:33.1813219Z test_omitted_positive_pair_rejected (__main__.T.test_omitted_positive_pair_rejected) ... ok
2026-09-30T18:10:33.2028984Z test_positive_witness (__main__.T.test_positive_witness) ... ok
2026-09-30T18:10:33.2029622Z 
2026-09-30T18:10:33.2030124Z ----------------------------------------------------------------------
2026-09-30T18:10:33.2033021Z Ran 16 tests in 0.303s
2026-09-30T18:10:33.2033642Z 
2026-09-30T18:10:33.2033885Z OK
2026-09-30T18:10:33.2656047Z test_complete_small (__main__.T.test_complete_small) ... ok
2026-09-30T18:10:33.2777683Z test_connectivity_not_trusted (__main__.T.test_connectivity_not_trusted) ... ok
2026-09-30T18:10:33.2779020Z test_minimum_cover_exact_control (__main__.T.test_minimum_cover_exact_control) ... ok
2026-09-30T18:10:33.2780764Z test_omitted_minimum_cover_rejected (__main__.T.test_omitted_minimum_cover_rejected) ... ok
2026-09-30T18:10:33.2781332Z 
2026-09-30T18:10:33.2781776Z ----------------------------------------------------------------------
2026-09-30T18:10:33.2782232Z Ran 4 tests in 0.031s
2026-09-30T18:10:33.2782420Z 
2026-09-30T18:10:33.2782523Z OK
2026-09-30T18:10:33.3286691Z test_changed_tau_move_rejected_as_invisible (__main__.T.test_changed_tau_move_rejected_as_invisible) ... ok
2026-09-30T18:10:33.3448283Z test_complete_small (__main__.T.test_complete_small) ... ok
2026-09-30T18:10:33.3458664Z test_fake_unique_minimum_rejected (__main__.T.test_fake_unique_minimum_rejected) ... ok
2026-09-30T18:10:33.3460368Z test_invisible_and_visible_controls (__main__.T.test_invisible_and_visible_controls) ... ok
2026-09-30T18:10:33.3570136Z test_verifier_rejects_false_bulk_counts (__main__.T.test_verifier_rejects_false_bulk_counts) ... ok
2026-09-30T18:10:33.3678386Z test_verifier_rejects_false_connectivity (__main__.T.test_verifier_rejects_false_connectivity) ... ok
2026-09-30T18:10:33.3784637Z test_verifier_rejects_missing_class (__main__.T.test_verifier_rejects_missing_class) ... ok
2026-09-30T18:10:33.3891648Z test_verifier_rejects_omitted_member (__main__.T.test_verifier_rejects_omitted_member) ... ok
2026-09-30T18:10:33.3892188Z 
2026-09-30T18:10:33.3892392Z ----------------------------------------------------------------------
2026-09-30T18:10:33.3896509Z Ran 8 tests in 0.068s
2026-09-30T18:10:33.3896786Z 
2026-09-30T18:10:33.3896920Z OK
2026-09-30T18:10:33.4443560Z test_actual_collision_if_claimed (__main__.Tests.test_actual_collision_if_claimed) ... ok
2026-09-30T18:10:33.4446825Z test_changed_interval_rejected (__main__.Tests.test_changed_interval_rejected) ... ok
2026-09-30T18:10:33.4448029Z test_coarse_checker_collision (__main__.Tests.test_coarse_checker_collision) ... ok
2026-09-30T18:10:33.4451533Z test_fabricated_collision_rejected (__main__.Tests.test_fabricated_collision_rejected) ... ok
2026-09-30T18:10:33.4454805Z test_signature_must_not_contain_state_mask (__main__.Tests.test_signature_must_not_contain_state_mask) ... ok
2026-09-30T18:10:33.4455891Z 
2026-09-30T18:10:33.4456417Z ----------------------------------------------------------------------
2026-09-30T18:10:33.4457225Z Ran 5 tests in 0.014s
2026-09-30T18:10:33.4457655Z 
2026-09-30T18:10:33.4457743Z OK
2026-09-30T18:10:33.5078862Z test_actual_relabeling_and_view_storage (__main__.Tests.test_actual_relabeling_and_view_storage) ... ok
2026-09-30T18:10:33.5082742Z test_boolean_profile (__main__.Tests.test_boolean_profile) ... ok
2026-09-30T18:10:33.5297800Z test_complete_small_universe (__main__.Tests.test_complete_small_universe) ... ok
2026-09-30T18:10:33.5301114Z test_cross_parent_edge (__main__.Tests.test_cross_parent_edge) ... ok
2026-09-30T18:10:33.5349471Z test_duplicate_endpoint (__main__.Tests.test_duplicate_endpoint) ... ok
2026-09-30T18:10:33.5352830Z test_fabricated_cartesian_count (__main__.Tests.test_fabricated_cartesian_count) ... ok
2026-09-30T18:10:33.5356167Z test_false_profile (__main__.Tests.test_false_profile) ... ok
2026-09-30T18:10:33.5417347Z test_false_relabeling (__main__.Tests.test_false_relabeling) ... ok
2026-09-30T18:10:33.5419654Z test_foreign_origin (__main__.Tests.test_foreign_origin) ... ok
2026-09-30T18:10:33.5421837Z test_identity (__main__.Tests.test_identity) ... ok
2026-09-30T18:10:33.5424988Z test_invalid_endpoint_inputs (__main__.Tests.test_invalid_endpoint_inputs) ... ok
2026-09-30T18:10:33.5432856Z test_missing_actual_edge (__main__.Tests.test_missing_actual_edge) ... ok
2026-09-30T18:10:33.5433847Z test_missing_document_sections (__main__.Tests.test_missing_document_sections) ... ok
2026-09-30T18:10:33.5482091Z test_missing_endpoint (__main__.Tests.test_missing_endpoint) ... ok
2026-09-30T18:10:33.5486414Z test_missing_local_table (__main__.Tests.test_missing_local_table) ... ok
2026-09-30T18:10:33.5532503Z test_missing_shape (__main__.Tests.test_missing_shape) ... ok
2026-09-30T18:10:33.5535488Z test_missing_state (__main__.Tests.test_missing_state) ... ok
2026-09-30T18:10:33.5540551Z test_noncartesian_nonconstant_chain (__main__.Tests.test_noncartesian_nonconstant_chain) ... ok
2026-09-30T18:10:33.5547584Z test_retained_third_order (__main__.Tests.test_retained_third_order) ... ok
2026-09-30T18:10:33.5549404Z test_synthetic_cubic_all_background_not_baseline (__main__.Tests.test_synthetic_cubic_all_background_not_baseline) ... ok
2026-09-30T18:10:33.5551159Z test_synthetic_separate_components (__main__.Tests.test_synthetic_separate_components) ... ok
2026-09-30T18:10:33.5557680Z test_valid_reversed_records (__main__.Tests.test_valid_reversed_records) ... ok
2026-09-30T18:10:33.5672681Z test_verifier_no_producer_import (__main__.Tests.test_verifier_no_producer_import) ... ok
2026-09-30T18:10:33.5676506Z test_wrong_component_values (__main__.Tests.test_wrong_component_values) ... ok
2026-09-30T18:10:33.5677545Z test_wrong_cube_shape (__main__.Tests.test_wrong_cube_shape) ... ok
2026-09-30T18:10:33.5681134Z test_wrong_mobius (__main__.Tests.test_wrong_mobius) ... ok
2026-09-30T18:10:33.5684370Z test_wrong_parent_prelude (__main__.Tests.test_wrong_parent_prelude) ... ok
2026-09-30T18:10:33.5687405Z test_wrong_predecessor (__main__.Tests.test_wrong_predecessor) ... ok
2026-09-30T18:10:33.5687953Z 
2026-09-30T18:10:33.5688244Z ----------------------------------------------------------------------
2026-09-30T18:10:33.5688679Z Ran 28 tests in 0.075s
2026-09-30T18:10:33.5689973Z 
2026-09-30T18:10:33.5690133Z OK
2026-09-30T18:10:33.6176741Z test_fabricated_summary_is_not_complete (__main__.Contract.test_fabricated_summary_is_not_complete) ... ok
2026-09-30T18:10:33.6181418Z test_no_sections_is_not_complete (__main__.Contract.test_no_sections_is_not_complete) ... ok
2026-09-30T18:10:33.6186059Z test_untyped_empty_edges_are_not_a_certificate (__main__.Contract.test_untyped_empty_edges_are_not_a_certificate) ... ok
2026-09-30T18:10:33.6187000Z 
2026-09-30T18:10:33.6187199Z ----------------------------------------------------------------------
2026-09-30T18:10:33.6187638Z Ran 3 tests in 0.004s
2026-09-30T18:10:33.6187811Z 
2026-09-30T18:10:33.6187910Z OK
2026-09-30T18:10:33.6693227Z test_complete_small (__main__.Tests.test_complete_small) ... ok
2026-09-30T18:10:33.6697286Z test_cross_parent_edge_rejected (__main__.Tests.test_cross_parent_edge_rejected) ... ok
2026-09-30T18:10:33.6702976Z test_masked_has_local_edge_with_zero_global (__main__.Tests.test_masked_has_local_edge_with_zero_global) ... ok
2026-09-30T18:10:33.6708356Z test_max_only_cross_parent_has_no_local_edge (__main__.Tests.test_max_only_cross_parent_has_no_local_edge) ... ok
2026-09-30T18:10:33.6709624Z test_pure_three_way_checker_detected (__main__.Tests.test_pure_three_way_checker_detected) ... ok
2026-09-30T18:10:33.6710148Z 
2026-09-30T18:10:33.6710325Z ----------------------------------------------------------------------
2026-09-30T18:10:33.6710730Z Ran 5 tests in 0.011s
2026-09-30T18:10:33.6710891Z 
2026-09-30T18:10:33.6710984Z OK
2026-09-30T18:10:33.7292585Z test_actual_relabeling (__main__.Tests.test_actual_relabeling) ... ok
2026-09-30T18:10:33.7295730Z test_boolean_event (__main__.Tests.test_boolean_event) ... ok
2026-09-30T18:10:33.7300590Z test_boolean_height (__main__.Tests.test_boolean_height) ... ok
2026-09-30T18:10:33.7367786Z test_complete_small_universe (__main__.Tests.test_complete_small_universe) ... ok
2026-09-30T18:10:33.7399120Z test_extra_duplicate_case (__main__.Tests.test_extra_duplicate_case) ... ok
2026-09-30T18:10:33.7443786Z test_false_relabeling (__main__.Tests.test_false_relabeling) ... ok
2026-09-30T18:10:33.7446199Z test_foreign_origin (__main__.Tests.test_foreign_origin) ... ok
2026-09-30T18:10:33.7449153Z test_invalid_inputs (__main__.Tests.test_invalid_inputs) ... ok
2026-09-30T18:10:33.7452929Z test_local_masked (__main__.Tests.test_local_masked) ... ok
2026-09-30T18:10:33.7479725Z test_missing_case (__main__.Tests.test_missing_case) ... ok
2026-09-30T18:10:33.7481657Z test_missing_profile (__main__.Tests.test_missing_profile) ... ok
2026-09-30T18:10:33.7495337Z test_missing_shape (__main__.Tests.test_missing_shape) ... ok
2026-09-30T18:10:33.7498240Z test_missing_state (__main__.Tests.test_missing_state) ... ok
2026-09-30T18:10:33.7502208Z test_negative_max_only (__main__.Tests.test_negative_max_only) ... ok
2026-09-30T18:10:33.7506121Z test_positive_max_only (__main__.Tests.test_positive_max_only) ... ok
2026-09-30T18:10:33.7509845Z test_reversed_events (__main__.Tests.test_reversed_events) ... ok
2026-09-30T18:10:33.7514958Z test_reversed_storage (__main__.Tests.test_reversed_storage) ... ok
2026-09-30T18:10:33.7518567Z test_transmitted_negative (__main__.Tests.test_transmitted_negative) ... ok
2026-09-30T18:10:33.7521797Z test_transmitted_positive (__main__.Tests.test_transmitted_positive) ... ok
2026-09-30T18:10:33.7607854Z test_verifier_no_producer_import (__main__.Tests.test_verifier_no_producer_import) ... ok
2026-09-30T18:10:33.7611621Z test_wrong_background (__main__.Tests.test_wrong_background) ... ok
2026-09-30T18:10:33.7615387Z test_wrong_class (__main__.Tests.test_wrong_class) ... ok
2026-09-30T18:10:33.7619170Z test_wrong_height (__main__.Tests.test_wrong_height) ... ok
2026-09-30T18:10:33.7622963Z test_wrong_local_interaction (__main__.Tests.test_wrong_local_interaction) ... ok
2026-09-30T18:10:33.7626566Z test_wrong_parent_pair (__main__.Tests.test_wrong_parent_pair) ... ok
2026-09-30T18:10:33.7630457Z test_wrong_prediction (__main__.Tests.test_wrong_prediction) ... ok
2026-09-30T18:10:33.7633857Z test_wrong_profile (__main__.Tests.test_wrong_profile) ... ok
2026-09-30T18:10:33.7637748Z test_wrong_scalar_sign (__main__.Tests.test_wrong_scalar_sign) ... ok
2026-09-30T18:10:33.7640663Z test_wrong_state (__main__.Tests.test_wrong_state) ... ok
2026-09-30T18:10:33.7644098Z test_zero_control (__main__.Tests.test_zero_control) ... ok
2026-09-30T18:10:33.7644613Z 
2026-09-30T18:10:33.7644812Z ----------------------------------------------------------------------
2026-09-30T18:10:33.7645239Z Ran 30 tests in 0.048s
2026-09-30T18:10:33.7645425Z 
2026-09-30T18:10:33.7645521Z OK
2026-09-30T18:10:33.8223527Z test_actual_lineage_and_storage_relabeling (__main__.Tests.test_actual_lineage_and_storage_relabeling) ... ok
2026-09-30T18:10:33.8227866Z test_boolean_h (__main__.Tests.test_boolean_h) ... ok
2026-09-30T18:10:33.8231993Z test_chain_interval_is_not_a_no_go (__main__.Tests.test_chain_interval_is_not_a_no_go) ... ok
2026-09-30T18:10:33.8234896Z test_changed_union_rejected_by_verifier (__main__.Tests.test_changed_union_rejected_by_verifier) ... ok
2026-09-30T18:10:38.0212483Z test_complete_small_universe (__main__.Tests.test_complete_small_universe) ... ok
2026-09-30T18:10:38.0215038Z test_false_h (__main__.Tests.test_false_h) ... ok
2026-09-30T18:10:38.0219308Z test_false_independence (__main__.Tests.test_false_independence) ... ok
2026-09-30T18:10:38.0231272Z test_false_metamorphic_copy (__main__.Tests.test_false_metamorphic_copy) ... ok
2026-09-30T18:10:38.0234086Z test_false_mixed_difference (__main__.Tests.test_false_mixed_difference) ... ok
2026-09-30T18:10:38.0237572Z test_false_witness_heights (__main__.Tests.test_false_witness_heights) ... ok
2026-09-30T18:10:38.0240931Z test_fitted_weights_not_accepted (__main__.Tests.test_fitted_weights_not_accepted) ... ok
2026-09-30T18:10:38.0243188Z test_foreign_origin (__main__.Tests.test_foreign_origin) ... ok
2026-09-30T18:10:38.0245339Z test_identity_control (__main__.Tests.test_identity_control) ... ok
2026-09-30T18:10:38.0247979Z test_illegal_inputs_rejected (__main__.Tests.test_illegal_inputs_rejected) ... ok
2026-09-30T18:10:38.0250992Z test_missing_diamond (__main__.Tests.test_missing_diamond) ... ok
2026-09-30T18:10:38.0272376Z test_missing_endpoint (__main__.Tests.test_missing_endpoint) ... ok
2026-09-30T18:10:38.0274781Z test_missing_predecessor_field (__main__.Tests.test_missing_predecessor_field) ... ok
2026-09-30T18:10:38.0285914Z test_missing_shape (__main__.Tests.test_missing_shape) ... ok
2026-09-30T18:10:38.0288952Z test_missing_state (__main__.Tests.test_missing_state) ... ok
2026-09-30T18:10:38.0292143Z test_missing_witness (__main__.Tests.test_missing_witness) ... ok
2026-09-30T18:10:38.0295071Z test_one_event_positive_weight (__main__.Tests.test_one_event_positive_weight) ... ok
2026-09-30T18:10:38.0298575Z test_parent_counterexample (__main__.Tests.test_parent_counterexample) ... ok
2026-09-30T18:10:38.0301992Z test_positive_mixed_difference_control (__main__.Tests.test_positive_mixed_difference_control) ... ok
2026-09-30T18:10:38.0305131Z test_reordered_records_valid (__main__.Tests.test_reordered_records_valid) ... ok
2026-09-30T18:10:38.0308190Z test_same_total_wrong_coefficients_rejected (__main__.Tests.test_same_total_wrong_coefficients_rejected) ... ok
2026-09-30T18:10:38.0405107Z test_verifier_does_not_import_producer (__main__.Tests.test_verifier_does_not_import_producer) ... ok
2026-09-30T18:10:38.0408451Z test_wrong_event_identity (__main__.Tests.test_wrong_event_identity) ... ok
2026-09-30T18:10:38.0411861Z test_wrong_witness_path (__main__.Tests.test_wrong_witness_path) ... ok
2026-09-30T18:10:38.0412467Z 
2026-09-30T18:10:38.0412793Z ----------------------------------------------------------------------
2026-09-30T18:10:38.0413530Z Ran 28 tests in 4.231s
2026-09-30T18:10:38.0413779Z 
2026-09-30T18:10:38.0413895Z OK
2026-09-30T18:10:41.5205051Z test_changed_union_not_comparable (__main__.Tests.test_changed_union_not_comparable) ... ok
2026-09-30T18:10:41.8005216Z test_complete_small_universe (__main__.Tests.test_complete_small_universe) ... ok
2026-09-30T18:10:41.8007957Z test_direct_equals_staged_pushforward_exactly (__main__.Tests.test_direct_equals_staged_pushforward_exactly) ... ok
2026-09-30T18:10:41.8016202Z test_identity_refinement (__main__.Tests.test_identity_refinement) ... ok
2026-09-30T18:10:41.8017351Z test_illegal_nonprefix_refinement_rejected (__main__.Tests.test_illegal_nonprefix_refinement_rejected) ... ok
2026-09-30T18:10:41.8034657Z test_monotonic_refinement_and_strict_example (__main__.Tests.test_monotonic_refinement_and_strict_example) ... ok
2026-09-30T18:10:41.8036482Z test_not_componentwise_subview_rejected (__main__.Tests.test_not_componentwise_subview_rejected) ... ok
2026-09-30T18:10:41.8037847Z test_two_factorizations_same_final (__main__.Tests.test_two_factorizations_same_final) ... ok
2026-09-30T18:10:41.8042705Z test_verifier_rejects_corrupt_composition (__main__.Tests.test_verifier_rejects_corrupt_composition) ... ok
2026-09-30T18:10:41.8049800Z test_verifier_rejects_false_lower_after (__main__.Tests.test_verifier_rejects_false_lower_after) ... ok
2026-09-30T18:10:41.8055452Z test_verifier_rejects_nonprefix_intermediate (__main__.Tests.test_verifier_rejects_nonprefix_intermediate) ... ok
2026-09-30T18:10:41.8056282Z 
2026-09-30T18:10:41.8056537Z ----------------------------------------------------------------------
2026-09-30T18:10:41.8057089Z Ran 11 tests in 0.298s
2026-09-30T18:10:41.8057313Z 
2026-09-30T18:10:41.8057441Z OK
2026-09-30T18:10:42.1223403Z test_binary_views_sufficiency (__main__.Tests.test_binary_views_sufficiency) ... ok
2026-09-30T18:10:42.1296125Z test_branch_count_not_exact_cover_number (__main__.Tests.test_branch_count_not_exact_cover_number) ... ok
2026-09-30T18:10:42.1480833Z test_changed_lineage_and_storage (__main__.Tests.test_changed_lineage_and_storage) ... ok
2026-09-30T18:10:42.1861608Z test_complete_small_universe (__main__.Tests.test_complete_small_universe) ... ok
2026-09-30T18:10:42.1910606Z test_corrupt_dual (__main__.Tests.test_corrupt_dual) ... ok
2026-09-30T18:10:42.1946100Z test_corrupt_global_witness (__main__.Tests.test_corrupt_global_witness) ... ok
2026-09-30T18:10:42.1981951Z test_corrupt_local_marginal (__main__.Tests.test_corrupt_local_marginal) ... ok
2026-09-30T18:10:42.1983731Z test_exact_rational_pushforward (__main__.Tests.test_exact_rational_pushforward) ... ok
2026-09-30T18:10:42.2003891Z test_false_child_cover (__main__.Tests.test_false_child_cover) ... ok
2026-09-30T18:10:42.2023887Z test_false_high_threshold (__main__.Tests.test_false_high_threshold) ... ok
2026-09-30T18:10:42.2043331Z test_false_low_threshold (__main__.Tests.test_false_low_threshold) ... ok
2026-09-30T18:10:42.2174114Z test_false_metamorphic_claim (__main__.Tests.test_false_metamorphic_claim) ... ok
2026-09-30T18:10:42.2200376Z test_false_sample_verdict (__main__.Tests.test_false_sample_verdict) ... ok
2026-09-30T18:10:42.2219403Z test_foreign_origin (__main__.Tests.test_foreign_origin) ... ok
2026-09-30T18:10:42.2380241Z test_four_way_sharpness (__main__.Tests.test_four_way_sharpness) ... ok
2026-09-30T18:10:42.2400463Z test_full_view_and_redundancy (__main__.Tests.test_full_view_and_redundancy) ... ok
2026-09-30T18:10:42.2402218Z test_inexact_scalar_rejected (__main__.Tests.test_inexact_scalar_rejected) ... ok
2026-09-30T18:10:42.2404937Z test_invalid_parent_types_cycles (__main__.Tests.test_invalid_parent_types_cycles) ... ok
2026-09-30T18:10:42.2407792Z test_invalid_view_and_union (__main__.Tests.test_invalid_view_and_union) ... ok
2026-09-30T18:10:42.2412633Z test_linear_but_nonnatural_control (__main__.Tests.test_linear_but_nonnatural_control) ... ok
2026-09-30T18:10:42.2434313Z test_metadata_boolean_not_integer (__main__.Tests.test_metadata_boolean_not_integer) ... ok
2026-09-30T18:10:42.2784961Z test_missing_cover_rejected (__main__.Tests.test_missing_cover_rejected) ... ok
2026-09-30T18:10:42.2805100Z test_missing_required_field (__main__.Tests.test_missing_required_field) ... ok
2026-09-30T18:10:42.2839910Z test_missing_sample (__main__.Tests.test_missing_sample) ... ok
2026-09-30T18:10:42.2859638Z test_order_is_worst_case_not_every_input (__main__.Tests.test_order_is_worst_case_not_every_input) ... ok
2026-09-30T18:10:42.2876352Z test_root_and_path (__main__.Tests.test_root_and_path) ... ok
2026-09-30T18:10:42.2944444Z test_two_and_three_view_parent_witnesses (__main__.Tests.test_two_and_three_view_parent_witnesses) ... ok
2026-09-30T18:10:42.2984188Z test_valid_dual_and_rescaling (__main__.Tests.test_valid_dual_and_rescaling) ... ok
2026-09-30T18:10:42.2984677Z 
2026-09-30T18:10:42.2984874Z ----------------------------------------------------------------------
2026-09-30T18:10:42.2985316Z Ran 28 tests in 0.443s
2026-09-30T18:10:42.2985488Z 
2026-09-30T18:10:42.2985589Z OK
2026-09-30T18:10:42.5893320Z test_all_parent_targets_checked_before_traversal (__main__.Validation.test_all_parent_targets_checked_before_traversal) ... ok
2026-09-30T18:10:42.5895118Z test_reordered_valid_lineage_remains_accepted (__main__.Validation.test_reordered_valid_lineage_remains_accepted) ... ok
2026-09-30T18:10:42.5896066Z 
2026-09-30T18:10:42.5896435Z ----------------------------------------------------------------------
2026-09-30T18:10:42.5897095Z Ran 2 tests in 0.000s
2026-09-30T18:10:42.5897303Z 
2026-09-30T18:10:42.5897414Z OK
2026-09-30T18:10:42.8952056Z test_actual_signed_and_positive_pair_witness (__main__.Tests.test_actual_signed_and_positive_pair_witness) ... ok
2026-09-30T18:10:43.3357123Z test_changed_lineage_storage (__main__.Tests.test_changed_lineage_storage) ... ok
2026-09-30T18:10:43.4366786Z test_complete_small_certificate (__main__.Tests.test_complete_small_certificate) ... ok
2026-09-30T18:10:43.4656720Z test_corrupt_negative_witness_rejected (__main__.Tests.test_corrupt_negative_witness_rejected) ... ok
2026-09-30T18:10:43.4660370Z test_exact_scalars_and_lengths (__main__.Tests.test_exact_scalars_and_lengths) ... ok
2026-09-30T18:10:43.4945361Z test_false_positive_feasibility_rejected (__main__.Tests.test_false_positive_feasibility_rejected) ... ok
2026-09-30T18:10:43.4947104Z test_feasible_nonnegative_control (__main__.Tests.test_feasible_nonnegative_control) ... ok
2026-09-30T18:10:43.4957872Z test_foreign_origin_rejected (__main__.Tests.test_foreign_origin_rejected) ... ok
2026-09-30T18:10:43.4963242Z test_identity_root_and_repeated_views (__main__.Tests.test_identity_root_and_repeated_views) ... ok
2026-09-30T18:10:43.4966221Z test_incompatible_overlap_rejected (__main__.Tests.test_incompatible_overlap_rejected) ... ok
2026-09-30T18:10:43.4969501Z test_invalid_parent_and_retained_inputs (__main__.Tests.test_invalid_parent_and_retained_inputs) ... ok
2026-09-30T18:10:43.4975509Z test_linear_but_nonnatural_section_rejected (__main__.Tests.test_linear_but_nonnatural_section_rejected) ... ok
2026-09-30T18:10:43.6417664Z test_missing_coverage_rejected (__main__.Tests.test_missing_coverage_rejected) ... ok
2026-09-30T18:10:43.6437636Z test_missing_field_and_inexact_matrix_rejected (__main__.Tests.test_missing_field_and_inexact_matrix_rejected) ... ok
2026-09-30T18:10:43.6439065Z test_nonnegative_false_input_rejected (__main__.Tests.test_nonnegative_false_input_rejected) ... ok
2026-09-30T18:10:43.7202941Z test_off_domain_gluer_change_is_harmless (__main__.Tests.test_off_domain_gluer_change_is_harmless) ... ok
2026-09-30T18:10:43.7210224Z test_pairwise_positive_is_not_global (__main__.Tests.test_pairwise_positive_is_not_global) ... ok
2026-09-30T18:10:43.7211975Z test_response_representative_independence (__main__.Tests.test_response_representative_independence) ... ok
2026-09-30T18:10:43.7214236Z test_source_shift_is_not_potential_gauge (__main__.Tests.test_source_shift_is_not_potential_gauge) ... ok
2026-09-30T18:10:43.7228843Z test_wrong_gluer_on_compatible_data_rejected (__main__.Tests.test_wrong_gluer_on_compatible_data_rejected) ... ok
2026-09-30T18:10:43.7239471Z test_wrong_joint_readout_rejected (__main__.Tests.test_wrong_joint_readout_rejected) ... ok
2026-09-30T18:10:43.7905943Z test_wrong_overlap_rejected (__main__.Tests.test_wrong_overlap_rejected) ... ok
2026-09-30T18:10:43.7906626Z 
2026-09-30T18:10:43.7906822Z ----------------------------------------------------------------------
2026-09-30T18:10:43.7907258Z Ran 22 tests in 1.123s
2026-09-30T18:10:43.7907436Z 
2026-09-30T18:10:43.7907537Z OK
2026-09-30T18:10:44.1303359Z test_omitted_storage_reversal_rejected (__main__.SchemaTests.test_omitted_storage_reversal_rejected) ... ok
2026-09-30T18:10:44.1436101Z test_original_cannot_masquerade_as_relabelled (__main__.SchemaTests.test_original_cannot_masquerade_as_relabelled) ... ok
2026-09-30T18:10:44.2809405Z test_real_metamorphic_case_accepted (__main__.SchemaTests.test_real_metamorphic_case_accepted) ... ok
2026-09-30T18:10:44.2810337Z 
2026-09-30T18:10:44.2810562Z ----------------------------------------------------------------------
2026-09-30T18:10:44.2810985Z Ran 3 tests in 0.175s
2026-09-30T18:10:44.2811151Z 
2026-09-30T18:10:44.2811614Z OK
2026-09-30T18:10:44.6771253Z test_actual_old_kernel_witness (__main__.Tests.test_actual_old_kernel_witness) ... ok
2026-09-30T18:10:44.6841791Z test_bare_filtration_scaling_and_shear (__main__.Tests.test_bare_filtration_scaling_and_shear) ... ok
2026-09-30T18:10:44.6845517Z test_constructive_and_negative_linear_descent (__main__.Tests.test_constructive_and_negative_linear_descent) ... ok
2026-09-30T18:10:44.7032457Z test_corrupted_witness_rejected (__main__.Tests.test_corrupted_witness_rejected) ... ok
2026-09-30T18:10:44.7398081Z test_direct_fiber_sum_and_section (__main__.Tests.test_direct_fiber_sum_and_section) ... ok
2026-09-30T18:10:44.7399639Z test_exact_input_no_float_or_truncation (__main__.Tests.test_exact_input_no_float_or_truncation) ... ok
2026-09-30T18:10:44.7571500Z test_false_descent_rejected (__main__.Tests.test_false_descent_rejected) ... ok
2026-09-30T18:10:44.7641247Z test_foreign_domain_identity_rejected (__main__.Tests.test_foreign_domain_identity_rejected) ... ok
2026-09-30T18:10:44.7670073Z test_identity_and_root_zero_dimensional_cases (__main__.Tests.test_identity_and_root_zero_dimensional_cases) ... ok
2026-09-30T18:10:44.7671547Z test_illegal_target_and_origin_rejected (__main__.Tests.test_illegal_target_and_origin_rejected) ... ok
2026-09-30T18:10:44.7673013Z test_incompatible_composition_rejected (__main__.Tests.test_incompatible_composition_rejected) ... ok
2026-09-30T18:10:44.7676713Z test_invalid_carriers_are_not_repaired (__main__.Tests.test_invalid_carriers_are_not_repaired) ... ok
2026-09-30T18:10:44.7683018Z test_linear_right_inverse_can_fail_retained_naturality (__main__.Tests.test_linear_right_inverse_can_fail_retained_naturality) ... ok
2026-09-30T18:10:44.7877895Z test_missing_check_and_coverage_rejected (__main__.Tests.test_missing_check_and_coverage_rejected) ... ok
2026-09-30T18:10:44.7934463Z test_mutated_green_rejected (__main__.Tests.test_mutated_green_rejected) ... ok
2026-09-30T18:10:44.8006946Z test_mutated_pushforward_rejected (__main__.Tests.test_mutated_pushforward_rejected) ... ok
2026-09-30T18:10:44.8078072Z test_mutated_section_rejected (__main__.Tests.test_mutated_section_rejected) ... ok
2026-09-30T18:10:44.8079903Z test_nonlinear_boundary_is_not_linear_test (__main__.Tests.test_nonlinear_boundary_is_not_linear_test) ... ok
2026-09-30T18:10:44.8245382Z test_nonpermutation_coordinate_change (__main__.Tests.test_nonpermutation_coordinate_change) ... ok
2026-09-30T18:10:44.9560997Z test_relabel_and_storage_naturality (__main__.Tests.test_relabel_and_storage_naturality) ... ok
2026-09-30T18:10:44.9989967Z test_response_quotient_and_supplied_complement (__main__.Tests.test_response_quotient_and_supplied_complement) ... ok
2026-09-30T18:10:45.0028709Z test_shape_enumerators_agree_without_shared_implementation (__main__.Tests.test_shape_enumerators_agree_without_shared_implementation) ... ok
2026-09-30T18:10:45.0029677Z 
2026-09-30T18:10:45.0029926Z ----------------------------------------------------------------------
2026-09-30T18:10:45.0030513Z Ran 22 tests in 0.631s
2026-09-30T18:10:45.0030816Z 
2026-09-30T18:10:45.0030954Z OK
2026-09-30T18:10:45.0643735Z ##[group]Run python ResearchHistory/UQCF-GEM/demos/v16.38-six-vertex-barriers/evidence.py package out/v1638
2026-09-30T18:10:45.0644547Z [36;1mpython ResearchHistory/UQCF-GEM/demos/v16.38-six-vertex-barriers/evidence.py package out/v1638[0m
2026-09-30T18:10:45.0712133Z shell: /usr/bin/bash -e {0}
2026-09-30T18:10:45.0712404Z env:
2026-09-30T18:10:45.0712693Z   pythonLocation: /opt/hostedtoolcache/Python/3.11.16/x64
2026-09-30T18:10:45.0713177Z   PKG_CONFIG_PATH: /opt/hostedtoolcache/Python/3.11.16/x64/lib/pkgconfig
2026-09-30T18:10:45.0713653Z   Python_ROOT_DIR: /opt/hostedtoolcache/Python/3.11.16/x64
2026-09-30T18:10:45.0714098Z   Python2_ROOT_DIR: /opt/hostedtoolcache/Python/3.11.16/x64
2026-09-30T18:10:45.0714526Z   Python3_ROOT_DIR: /opt/hostedtoolcache/Python/3.11.16/x64
2026-09-30T18:10:45.0714950Z   LD_LIBRARY_PATH: /opt/hostedtoolcache/Python/3.11.16/x64/lib
2026-09-30T18:10:45.0715314Z ##[endgroup]
2026-09-30T18:10:47.3722019Z {"manifest": "VERIFIED", "members": 10}
2026-09-30T18:10:47.3901325Z ##[group]Run actions/upload-artifact@ea165f8d65b6e75b540449e92b4886f43607fa02
2026-09-30T18:10:47.3901751Z with:
2026-09-30T18:10:47.3902024Z   name: v1638-science-99c8cd073ff0766dcffc11c92cf86efcafdd9a6c
2026-09-30T18:10:47.3902364Z   path: out/v1638
2026-09-30T18:10:47.3902574Z   if-no-files-found: error
2026-09-30T18:10:47.3902810Z   compression-level: 6
2026-09-30T18:10:47.3903019Z   overwrite: false
2026-09-30T18:10:47.3903227Z   include-hidden-files: false
2026-09-30T18:10:47.3903452Z env:
2026-09-30T18:10:47.3903696Z   pythonLocation: /opt/hostedtoolcache/Python/3.11.16/x64
2026-09-30T18:10:47.3904116Z   PKG_CONFIG_PATH: /opt/hostedtoolcache/Python/3.11.16/x64/lib/pkgconfig
2026-09-30T18:10:47.3904527Z   Python_ROOT_DIR: /opt/hostedtoolcache/Python/3.11.16/x64
2026-09-30T18:10:47.3904901Z   Python2_ROOT_DIR: /opt/hostedtoolcache/Python/3.11.16/x64
2026-09-30T18:10:47.3905323Z   Python3_ROOT_DIR: /opt/hostedtoolcache/Python/3.11.16/x64
2026-09-30T18:10:47.3906001Z   LD_LIBRARY_PATH: /opt/hostedtoolcache/Python/3.11.16/x64/lib
2026-09-30T18:10:47.3906331Z ##[endgroup]
2026-09-30T18:10:47.5533086Z (node:2498) [DEP0040] DeprecationWarning: The `punycode` module is deprecated. Please use a userland alternative instead.
2026-09-30T18:10:47.5533869Z (Use `node --trace-deprecation ...` to show where the warning was created)
2026-09-30T18:10:47.5622256Z With the provided path, there will be 11 files uploaded
2026-09-30T18:10:47.5629487Z Artifact name is valid!
2026-09-30T18:10:47.5629972Z Root directory input is valid!
2026-09-30T18:10:47.7857022Z Beginning upload of artifact content to blob storage
2026-09-30T18:10:47.9554498Z (node:2498) [DEP0169] DeprecationWarning: `url.parse()` behavior is not standardized and prone to errors that have security implications. Use the WHATWG URL API instead. CVEs are not issued for `url.parse()` vulnerabilities.
2026-09-30T18:10:48.1242628Z Uploaded bytes 3931444
2026-09-30T18:10:48.1421153Z Finished uploading artifact content to blob storage!
2026-09-30T18:10:48.1422449Z SHA256 digest of uploaded artifact zip is d250404c71db1abd12070561664e88db9944123d26245e364eac4cdff305815f
2026-09-30T18:10:48.1424254Z Finalizing artifact upload
2026-09-30T18:10:48.3782886Z Artifact v1638-science-99c8cd073ff0766dcffc11c92cf86efcafdd9a6c.zip successfully finalized. Artifact ID 11116653570
2026-09-30T18:10:48.3784842Z Artifact v1638-science-99c8cd073ff0766dcffc11c92cf86efcafdd9a6c has been successfully uploaded! Final size is 3931444 bytes. Artifact ID is 11116653570
2026-09-30T18:10:48.3791517Z Artifact download URL: https://github.com/proteinfoldingengine/WetLabEngine/actions/runs/36755966936/artifacts/11116653570
2026-09-30T18:10:48.3977890Z Post job cleanup.
2026-09-30T18:10:48.5157994Z (node:2510) [DEP0040] DeprecationWarning: The `punycode` module is deprecated. Please use a userland alternative instead.
2026-09-30T18:10:48.5158914Z (Use `node --trace-deprecation ...` to show where the warning was created)
2026-09-30T18:10:48.5350815Z Post job cleanup.
2026-09-30T18:10:48.6326075Z [command]/usr/bin/git version
2026-09-30T18:10:48.6388186Z git version 2.55.0
2026-09-30T18:10:48.6434175Z Temporarily overriding HOME='/home/runner/work/_temp/0d3547f1-2121-4f9d-b6b0-bdf7772b8245' before making global git config changes
2026-09-30T18:10:48.6436291Z Adding repository directory to the temporary git global config as a safe directory
2026-09-30T18:10:48.6441254Z [command]/usr/bin/git config --global --add safe.directory /home/runner/work/WetLabEngine/WetLabEngine
2026-09-30T18:10:48.6491479Z [command]/usr/bin/git config --local --name-only --get-regexp core\.sshCommand
2026-09-30T18:10:48.6549856Z [command]/usr/bin/git submodule foreach --recursive sh -c "git config --local --name-only --get-regexp 'core\.sshCommand' && git config --local --unset-all 'core.sshCommand' || :"
2026-09-30T18:10:48.6826808Z [command]/usr/bin/git config --local --name-only --get-regexp http\.https\:\/\/github\.com\/\.extraheader
2026-09-30T18:10:48.6856293Z http.https://github.com/.extraheader
2026-09-30T18:10:48.6868618Z [command]/usr/bin/git config --local --unset-all http.https://github.com/.extraheader
2026-09-30T18:10:48.6917433Z [command]/usr/bin/git submodule foreach --recursive sh -c "git config --local --name-only --get-regexp 'http\.https\:\/\/github\.com\/\.extraheader' && git config --local --unset-all 'http.https://github.com/.extraheader' || :"
2026-09-30T18:10:48.7220070Z [command]/usr/bin/git config --local --name-only --get-regexp ^includeIf\.gitdir:
2026-09-30T18:10:48.7257738Z [command]/usr/bin/git submodule foreach --recursive git config --local --show-origin --name-only --get-regexp remote.origin.url
2026-09-30T18:10:48.7672689Z Cleaning up orphan processes
2026-09-30T18:10:48.7968693Z ##[warning]Node.js 20 is deprecated. The following actions target Node.js 20 but are being forced to run on Node.js 24: actions/checkout@11d5960a326750d5838078e36cf38b85af677262, actions/setup-python@a26af69be951a213d495a4c3e4e4022e16d87065, actions/upload-artifact@ea165f8d65b6e75b540449e92b4886f43607fa02. For more information see: https://github.blog/changelog/2025-09-19-deprecation-of-node-20-on-github-actions-runners/
