2026-10-09T01:37:14.2196121Z Current runner version: '2.337.0'
2026-10-09T01:37:14.2229217Z ##[group]Runner Image Provisioner
2026-10-09T01:37:14.2230608Z Hosted Compute Agent
2026-10-09T01:37:14.2231599Z Version: 20261002.596
2026-10-09T01:37:14.2232803Z Commit: c3d12f3313a95f25162a1503be624f3b0617f8c0
2026-10-09T01:37:14.2234044Z Build Date: 2026-10-02T22:28:27Z
2026-10-09T01:37:14.2235607Z Worker ID: {88f661b0-605f-44e9-be58-9f3b3dcf5b30}
2026-10-09T01:37:14.2236838Z Region: eastus
2026-10-09T01:37:14.2237785Z Cloud: Azure
2026-10-09T01:37:14.2238743Z ##[endgroup]
2026-10-09T01:37:14.2241536Z ##[group]Operating System
2026-10-09T01:37:14.2242634Z Ubuntu
2026-10-09T01:37:14.2243491Z 24.04.5
2026-10-09T01:37:14.2244638Z LTS
2026-10-09T01:37:14.2245696Z ##[endgroup]
2026-10-09T01:37:14.2246571Z ##[group]Runner Image
2026-10-09T01:37:14.2247691Z Image: ubuntu-24.04
2026-10-09T01:37:14.2248705Z Version: 20261004.327.1
2026-10-09T01:37:14.2251344Z Included Software: https://github.com/actions/runner-images/blob/ubuntu24/20261004.327/images/ubuntu/Ubuntu2404-Readme.md
2026-10-09T01:37:14.2254067Z Image Release: https://github.com/actions/runner-images/releases/tag/ubuntu24%2F20261004.327
2026-10-09T01:37:14.2256136Z ##[endgroup]
2026-10-09T01:37:14.2257972Z ##[group]GITHUB_TOKEN Permissions
2026-10-09T01:37:14.2260899Z Contents: read
2026-10-09T01:37:14.2261879Z Metadata: read
2026-10-09T01:37:14.2262905Z ##[endgroup]
2026-10-09T01:37:14.2266110Z Secret source: Actions
2026-10-09T01:37:14.2267682Z Cache mode: write
2026-10-09T01:37:14.2269328Z Prepare workflow directory
2026-10-09T01:37:14.2733271Z Prepare all required actions
2026-10-09T01:37:14.2804013Z Getting action download info
2026-10-09T01:37:14.4902987Z Download action repository 'actions/checkout@v4' (SHA:11d5960a326750d5838078e36cf38b85af677262)
2026-10-09T01:37:14.5770708Z Download action repository 'actions/upload-artifact@v4' (SHA:ea165f8d65b6e75b540449e92b4886f43607fa02)
2026-10-09T01:37:14.7950417Z Complete job name: verification
2026-10-09T01:37:14.8718869Z ##[group]Run actions/checkout@v4
2026-10-09T01:37:14.8719791Z with:
2026-10-09T01:37:14.8720262Z   path: research_snapshot
2026-10-09T01:37:14.8720810Z   persist-credentials: false
2026-10-09T01:37:14.8721413Z   repository: proteinfoldingengine/WetLabEngine
2026-10-09T01:37:14.8725944Z   token: ***
2026-10-09T01:37:14.8726416Z   ssh-strict: true
2026-10-09T01:37:14.8726891Z   ssh-user: git
2026-10-09T01:37:14.8727344Z   clean: true
2026-10-09T01:37:14.8727827Z   sparse-checkout-cone-mode: true
2026-10-09T01:37:14.8728392Z   fetch-depth: 1
2026-10-09T01:37:14.8728850Z   fetch-tags: false
2026-10-09T01:37:14.8729368Z   show-progress: true
2026-10-09T01:37:14.8729846Z   lfs: false
2026-10-09T01:37:14.8730298Z   submodules: false
2026-10-09T01:37:14.8730773Z   set-safe-directory: true
2026-10-09T01:37:14.8731314Z   allow-unsafe-pr-checkout: false
2026-10-09T01:37:14.8732154Z ##[endgroup]
2026-10-09T01:37:14.9759581Z Syncing repository: proteinfoldingengine/WetLabEngine
2026-10-09T01:37:14.9761816Z ##[group]Getting Git version info
2026-10-09T01:37:14.9763281Z Working directory is '/home/runner/work/WetLabEngine/WetLabEngine/research_snapshot'
2026-10-09T01:37:14.9765468Z [command]/usr/bin/git version
2026-10-09T01:37:14.9852522Z git version 2.55.0
2026-10-09T01:37:14.9886208Z ##[endgroup]
2026-10-09T01:37:14.9893356Z Temporarily overriding HOME='/home/runner/work/_temp/8254e543-5fa6-4c07-b63e-e25ee7bd5750' before making global git config changes
2026-10-09T01:37:14.9896309Z Adding repository directory to the temporary git global config as a safe directory
2026-10-09T01:37:14.9899141Z [command]/usr/bin/git config --global --add safe.directory /home/runner/work/WetLabEngine/WetLabEngine/research_snapshot
2026-10-09T01:37:14.9956551Z ##[group]Initializing the repository
2026-10-09T01:37:14.9957990Z [command]/usr/bin/git init /home/runner/work/WetLabEngine/WetLabEngine/research_snapshot
2026-10-09T01:37:15.0066193Z hint: Using 'master' as the name for the initial branch. This default branch name
2026-10-09T01:37:15.0068613Z hint: will change to "main" in Git 3.0. To configure the initial branch name
2026-10-09T01:37:15.0070483Z hint: to use in all of your new repositories, which will suppress this warning,
2026-10-09T01:37:15.0071787Z hint: call:
2026-10-09T01:37:15.0072461Z hint:
2026-10-09T01:37:15.0073258Z hint: 	git config --global init.defaultBranch <name>
2026-10-09T01:37:15.0074274Z hint:
2026-10-09T01:37:15.0075380Z hint: Names commonly chosen instead of 'master' are 'main', 'trunk' and
2026-10-09T01:37:15.0076992Z hint: 'development'. The just-created branch can be renamed via this command:
2026-10-09T01:37:15.0078217Z hint:
2026-10-09T01:37:15.0078863Z hint: 	git branch -m <name>
2026-10-09T01:37:15.0079609Z hint:
2026-10-09T01:37:15.0080676Z hint: Disable this message with "git config set advice.defaultBranchName false"
2026-10-09T01:37:15.0082885Z Initialized empty Git repository in /home/runner/work/WetLabEngine/WetLabEngine/research_snapshot/.git/
2026-10-09T01:37:15.0092235Z [command]/usr/bin/git remote add origin https://github.com/proteinfoldingengine/WetLabEngine
2026-10-09T01:37:15.0132917Z ##[endgroup]
2026-10-09T01:37:15.0134315Z ##[group]Disabling automatic garbage collection
2026-10-09T01:37:15.0137961Z [command]/usr/bin/git config --local gc.auto 0
2026-10-09T01:37:15.0171073Z ##[endgroup]
2026-10-09T01:37:15.0172463Z ##[group]Setting up auth
2026-10-09T01:37:15.0178784Z [command]/usr/bin/git config --local --name-only --get-regexp core\.sshCommand
2026-10-09T01:37:15.0212198Z [command]/usr/bin/git submodule foreach --recursive sh -c "git config --local --name-only --get-regexp 'core\.sshCommand' && git config --local --unset-all 'core.sshCommand' || :"
2026-10-09T01:37:15.0573392Z [command]/usr/bin/git config --local --name-only --get-regexp http\.https\:\/\/github\.com\/\.extraheader
2026-10-09T01:37:15.0615923Z [command]/usr/bin/git submodule foreach --recursive sh -c "git config --local --name-only --get-regexp 'http\.https\:\/\/github\.com\/\.extraheader' && git config --local --unset-all 'http.https://github.com/.extraheader' || :"
2026-10-09T01:37:15.0848540Z [command]/usr/bin/git config --local --name-only --get-regexp ^includeIf\.gitdir:
2026-10-09T01:37:15.0886893Z [command]/usr/bin/git submodule foreach --recursive git config --local --show-origin --name-only --get-regexp remote.origin.url
2026-10-09T01:37:15.1111587Z [command]/usr/bin/git config --local http.https://github.com/.extraheader AUTHORIZATION: basic ***
2026-10-09T01:37:15.1159904Z ##[endgroup]
2026-10-09T01:37:15.1160807Z ##[group]Fetching the repository
2026-10-09T01:37:15.1174642Z [command]/usr/bin/git -c protocol.version=2 fetch --no-tags --prune --no-recurse-submodules --depth=1 origin +cce161f5623ff91b349c4943db2a81891474c9d5:refs/remotes/origin/research/uqcf-overlapping-guard-exchange
2026-10-09T01:38:02.3378377Z From https://github.com/proteinfoldingengine/WetLabEngine
2026-10-09T01:38:02.3380087Z  * [new ref]         cce161f5623ff91b349c4943db2a81891474c9d5 -> origin/research/uqcf-overlapping-guard-exchange
2026-10-09T01:38:02.3384262Z ##[endgroup]
2026-10-09T01:38:02.3385401Z ##[group]Determining the checkout info
2026-10-09T01:38:02.3386837Z ##[endgroup]
2026-10-09T01:38:02.3392881Z [command]/usr/bin/git sparse-checkout disable
2026-10-09T01:38:02.3444709Z [command]/usr/bin/git config --local --unset-all extensions.worktreeConfig
2026-10-09T01:38:02.3477080Z ##[group]Checking out the ref
2026-10-09T01:38:02.3481926Z [command]/usr/bin/git checkout --progress --force -B research/uqcf-overlapping-guard-exchange refs/remotes/origin/research/uqcf-overlapping-guard-exchange
2026-10-09T01:38:03.5662177Z Updating files:  30% (2896/9598)
2026-10-09T01:38:03.9198864Z Updating files:  31% (2976/9598)
2026-10-09T01:38:04.2535914Z Updating files:  32% (3072/9598)
2026-10-09T01:38:04.4235462Z Updating files:  33% (3168/9598)
2026-10-09T01:38:04.4822543Z Updating files:  33% (3185/9598)
2026-10-09T01:38:05.0978031Z Updating files:  34% (3264/9598)
2026-10-09T01:38:05.2701302Z Updating files:  35% (3360/9598)
2026-10-09T01:38:05.3655759Z Updating files:  36% (3456/9598)
2026-10-09T01:38:05.9372356Z Updating files:  36% (3461/9598)
2026-10-09T01:38:06.0431295Z Updating files:  37% (3552/9598)
2026-10-09T01:38:06.4060657Z Updating files:  38% (3648/9598)
2026-10-09T01:38:06.6877917Z Updating files:  38% (3677/9598)
2026-10-09T01:38:06.8450283Z Updating files:  39% (3744/9598)
2026-10-09T01:38:07.3912895Z Updating files:  40% (3840/9598)
2026-10-09T01:38:07.3943323Z Updating files:  40% (3897/9598)
2026-10-09T01:38:07.6804250Z Updating files:  41% (3936/9598)
2026-10-09T01:38:08.2220318Z Updating files:  42% (4032/9598)
2026-10-09T01:38:08.3876227Z Updating files:  43% (4128/9598)
2026-10-09T01:38:08.4917335Z Updating files:  43% (4191/9598)
2026-10-09T01:38:08.7216373Z Updating files:  44% (4224/9598)
2026-10-09T01:38:09.2753844Z Updating files:  45% (4320/9598)
2026-10-09T01:38:09.3969862Z Updating files:  46% (4416/9598)
2026-10-09T01:38:09.5697045Z Updating files:  46% (4430/9598)
2026-10-09T01:38:10.1515440Z Updating files:  47% (4512/9598)
2026-10-09T01:38:10.3824990Z Updating files:  48% (4608/9598)
2026-10-09T01:38:10.4822687Z Updating files:  48% (4692/9598)
2026-10-09T01:38:10.5603909Z Updating files:  49% (4704/9598)
2026-10-09T01:38:11.2419811Z Updating files:  50% (4799/9598)
2026-10-09T01:38:11.4100409Z Updating files:  51% (4895/9598)
2026-10-09T01:38:11.5095068Z Updating files:  51% (4978/9598)
2026-10-09T01:38:11.5956733Z Updating files:  52% (4991/9598)
2026-10-09T01:38:11.6897085Z Updating files:  53% (5087/9598)
2026-10-09T01:38:12.3085772Z Updating files:  54% (5183/9598)
2026-10-09T01:38:12.3745522Z Updating files:  55% (5279/9598)
2026-10-09T01:38:12.5835869Z Updating files:  55% (5326/9598)
2026-10-09T01:38:12.6071204Z Updating files:  56% (5375/9598)
2026-10-09T01:38:12.6213199Z Updating files:  57% (5471/9598)
2026-10-09T01:38:12.9988536Z Updating files:  58% (5567/9598)
2026-10-09T01:38:13.2397141Z Updating files:  59% (5663/9598)
2026-10-09T01:38:13.2475704Z Updating files:  60% (5759/9598)
2026-10-09T01:38:13.2554966Z Updating files:  61% (5855/9598)
2026-10-09T01:38:13.2636074Z Updating files:  62% (5951/9598)
2026-10-09T01:38:13.2710632Z Updating files:  63% (6047/9598)
2026-10-09T01:38:13.2764046Z Updating files:  64% (6143/9598)
2026-10-09T01:38:13.2832402Z Updating files:  65% (6239/9598)
2026-10-09T01:38:13.2947621Z Updating files:  66% (6335/9598)
2026-10-09T01:38:13.3026604Z Updating files:  67% (6431/9598)
2026-10-09T01:38:13.3101223Z Updating files:  68% (6527/9598)
2026-10-09T01:38:13.4320701Z Updating files:  69% (6623/9598)
2026-10-09T01:38:13.8332384Z Updating files:  69% (6641/9598)
2026-10-09T01:38:13.8528205Z Updating files:  70% (6719/9598)
2026-10-09T01:38:13.8748142Z Updating files:  71% (6815/9598)
2026-10-09T01:38:14.0983680Z Updating files:  72% (6911/9598)
2026-10-09T01:38:14.1068204Z Updating files:  73% (7007/9598)
2026-10-09T01:38:14.1118815Z Updating files:  74% (7103/9598)
2026-10-09T01:38:14.1844035Z Updating files:  75% (7199/9598)
2026-10-09T01:38:14.1887291Z Updating files:  76% (7295/9598)
2026-10-09T01:38:14.2044884Z Updating files:  77% (7391/9598)
2026-10-09T01:38:14.2281216Z Updating files:  78% (7487/9598)
2026-10-09T01:38:14.2419747Z Updating files:  79% (7583/9598)
2026-10-09T01:38:14.3372965Z Updating files:  80% (7679/9598)
2026-10-09T01:38:14.3638977Z Updating files:  81% (7775/9598)
2026-10-09T01:38:14.5922577Z Updating files:  81% (7786/9598)
2026-10-09T01:38:14.7617071Z Updating files:  82% (7871/9598)
2026-10-09T01:38:14.9196142Z Updating files:  83% (7967/9598)
2026-10-09T01:38:14.9785606Z Updating files:  84% (8063/9598)
2026-10-09T01:38:14.9910206Z Updating files:  85% (8159/9598)
2026-10-09T01:38:15.0399921Z Updating files:  86% (8255/9598)
2026-10-09T01:38:15.0457934Z Updating files:  87% (8351/9598)
2026-10-09T01:38:15.0516624Z Updating files:  88% (8447/9598)
2026-10-09T01:38:15.0574688Z Updating files:  89% (8543/9598)
2026-10-09T01:38:15.0640749Z Updating files:  90% (8639/9598)
2026-10-09T01:38:15.4381954Z Updating files:  91% (8735/9598)
2026-10-09T01:38:15.4385254Z Updating files:  91% (8826/9598)
2026-10-09T01:38:15.4625997Z Updating files:  92% (8831/9598)
2026-10-09T01:38:15.5039234Z Updating files:  93% (8927/9598)
2026-10-09T01:38:15.5587570Z Updating files:  94% (9023/9598)
2026-10-09T01:38:15.5950269Z Updating files:  95% (9119/9598)
2026-10-09T01:38:15.6075848Z Updating files:  96% (9215/9598)
2026-10-09T01:38:15.6156502Z Updating files:  97% (9311/9598)
2026-10-09T01:38:15.6332300Z Updating files:  98% (9407/9598)
2026-10-09T01:38:15.6717093Z Updating files:  99% (9503/9598)
2026-10-09T01:38:15.6717857Z Updating files: 100% (9598/9598)
2026-10-09T01:38:15.6718496Z Updating files: 100% (9598/9598), done.
2026-10-09T01:38:16.0222626Z Switched to a new branch 'research/uqcf-overlapping-guard-exchange'
2026-10-09T01:38:16.0225359Z branch 'research/uqcf-overlapping-guard-exchange' set up to track 'origin/research/uqcf-overlapping-guard-exchange'.
2026-10-09T01:38:16.0487133Z ##[endgroup]
2026-10-09T01:38:16.0540504Z [command]/usr/bin/git log -1 --format=%H
2026-10-09T01:38:16.0571621Z cce161f5623ff91b349c4943db2a81891474c9d5
2026-10-09T01:38:16.0582507Z ##[group]Removing auth
2026-10-09T01:38:16.0586585Z [command]/usr/bin/git config --local --name-only --get-regexp core\.sshCommand
2026-10-09T01:38:16.0619187Z [command]/usr/bin/git submodule foreach --recursive sh -c "git config --local --name-only --get-regexp 'core\.sshCommand' && git config --local --unset-all 'core.sshCommand' || :"
2026-10-09T01:38:16.0859971Z [command]/usr/bin/git config --local --name-only --get-regexp http\.https\:\/\/github\.com\/\.extraheader
2026-10-09T01:38:16.0886223Z http.https://github.com/.extraheader
2026-10-09T01:38:16.0892749Z [command]/usr/bin/git config --local --unset-all http.https://github.com/.extraheader
2026-10-09T01:38:16.2730353Z [command]/usr/bin/git submodule foreach --recursive sh -c "git config --local --name-only --get-regexp 'http\.https\:\/\/github\.com\/\.extraheader' && git config --local --unset-all 'http.https://github.com/.extraheader' || :"
2026-10-09T01:38:16.2967033Z [command]/usr/bin/git config --local --name-only --get-regexp ^includeIf\.gitdir:
2026-10-09T01:38:16.2999749Z [command]/usr/bin/git submodule foreach --recursive git config --local --show-origin --name-only --get-regexp remote.origin.url
2026-10-09T01:38:16.3241673Z ##[endgroup]
2026-10-09T01:38:16.6679273Z ##[group]Run set -euo pipefail
2026-10-09T01:38:16.6679825Z [36;1mset -euo pipefail[0m
2026-10-09T01:38:16.6680265Z [36;1mmkdir handoff_verification[0m
2026-10-09T01:38:16.6680952Z [36;1mROOT=research_snapshot/ResearchHistory/UQCF-GEM/research/physical-bridge[0m
2026-10-09T01:38:16.6682229Z [36;1mpython3 -m unittest discover -s "$ROOT/renewable_handoff" -p test_handoff.py -v 2>&1 | tee handoff_verification/contracts.log[0m
2026-10-09T01:38:16.6683521Z [36;1mpython3 "$ROOT/renewable_handoff/producer.py" > handoff_verification/certificate.json[0m
2026-10-09T01:38:16.6684745Z [36;1mpython3 "$ROOT/renewable_handoff/producer.py" > /tmp/repeated.json[0m
2026-10-09T01:38:16.6685599Z [36;1mcmp handoff_verification/certificate.json /tmp/repeated.json[0m
2026-10-09T01:38:16.6686853Z [36;1mpython3 "$ROOT/renewable_handoff/independent.py" handoff_verification/certificate.json | tee handoff_verification/independent.json[0m
2026-10-09T01:38:16.6688502Z [36;1mpython3 -m unittest discover -s "$ROOT/core_readout" -p test_core_readout.py -v 2>&1 | tee handoff_verification/inherited_core.log[0m
2026-10-09T01:38:16.6690008Z [36;1mpython3 -m unittest discover -s "$ROOT/fresh_probe" -p test_probe.py -v 2>&1 | tee handoff_verification/inherited_fresh.log[0m
2026-10-09T01:38:16.6691394Z [36;1mecho "scientific_sha=$(git -C research_snapshot rev-parse HEAD)" > handoff_verification/provenance.txt[0m
2026-10-09T01:38:16.6692477Z [36;1mecho "workflow_sha=$GITHUB_SHA" >> handoff_verification/provenance.txt[0m
2026-10-09T01:38:16.6693522Z [36;1msha256sum handoff_verification/certificate.json > handoff_verification/certificate.sha256[0m
2026-10-09T01:38:17.9172830Z shell: /usr/bin/bash --noprofile --norc -e -o pipefail {0}
2026-10-09T01:38:17.9173383Z ##[endgroup]
2026-10-09T01:38:18.2923398Z test_duplicate_source (test_handoff.Contracts.test_duplicate_source) ... ok
2026-10-09T01:38:18.3184984Z test_false_observer_claim (test_handoff.Contracts.test_false_observer_claim) ... ok
2026-10-09T01:38:18.3445076Z test_false_optimality (test_handoff.Contracts.test_false_optimality) ... ok
2026-10-09T01:38:18.3733848Z test_false_progress_claim (test_handoff.Contracts.test_false_progress_claim) ... ok
2026-10-09T01:38:18.3996465Z test_false_provenance (test_handoff.Contracts.test_false_provenance) ... ok
2026-10-09T01:38:18.4083325Z test_full_independent_universe (test_handoff.Contracts.test_full_independent_universe) ... ok
2026-10-09T01:38:18.4345592Z test_illegal_intermediate (test_handoff.Contracts.test_illegal_intermediate) ... ok
2026-10-09T01:38:18.4608683Z test_invalid_spectator_classification (test_handoff.Contracts.test_invalid_spectator_classification) ... ok
2026-10-09T01:38:18.4870457Z test_missing_path (test_handoff.Contracts.test_missing_path) ... ok
2026-10-09T01:38:18.5133366Z test_missing_source (test_handoff.Contracts.test_missing_source) ... ok
2026-10-09T01:38:18.5397965Z test_numeric_boolean_substitution (test_handoff.Contracts.test_numeric_boolean_substitution) ... ok
2026-10-09T01:38:18.5661469Z test_substituted_path (test_handoff.Contracts.test_substituted_path) ... ok
2026-10-09T01:38:18.5927029Z test_unremoved_marker (test_handoff.Contracts.test_unremoved_marker) ... ok
2026-10-09T01:38:18.6189922Z test_wrong_floor_minimum (test_handoff.Contracts.test_wrong_floor_minimum) ... ok
2026-10-09T01:38:18.6471687Z test_wrong_renewal (test_handoff.Contracts.test_wrong_renewal) ... ok
2026-10-09T01:38:18.6733287Z test_wrong_tau (test_handoff.Contracts.test_wrong_tau) ... ok
2026-10-09T01:38:18.6733880Z 
2026-10-09T01:38:18.6734196Z ----------------------------------------------------------------------
2026-10-09T01:38:18.6735243Z Ran 16 tests in 0.580s
2026-10-09T01:38:18.6735541Z 
2026-10-09T01:38:18.6735698Z OK
2026-10-09T01:38:19.0175697Z {"paths": 384, "protected_sources": 192, "sources": 768, "status": "PASS", "two_exchange_words": 768}
2026-10-09T01:38:19.0955644Z test_certificate_fibers (test_core_readout.Contracts.test_certificate_fibers) ... ok
2026-10-09T01:38:19.1216258Z test_complete_identity (test_core_readout.Contracts.test_complete_identity) ... ok
2026-10-09T01:38:19.2217504Z test_corrupted_tau_type_and_guard (test_core_readout.Contracts.test_corrupted_tau_type_and_guard) ... ok
2026-10-09T01:38:19.3711253Z test_false_claims_and_provenance (test_core_readout.Contracts.test_false_claims_and_provenance) ... ok
2026-10-09T01:38:19.3718801Z test_independent_without_producer_and_duplicate_json (test_core_readout.Contracts.test_independent_without_producer_and_duplicate_json) ... ok
2026-10-09T01:38:19.5959113Z test_missing_duplicate_substitution (test_core_readout.Contracts.test_missing_duplicate_substitution) ... ok
2026-10-09T01:38:19.6240059Z test_paths_and_delayed_service (test_core_readout.Contracts.test_paths_and_delayed_service) ... ok
2026-10-09T01:38:19.6240799Z 
2026-10-09T01:38:19.6241056Z ----------------------------------------------------------------------
2026-10-09T01:38:19.6241626Z Ran 7 tests in 0.557s
2026-10-09T01:38:19.6241856Z 
2026-10-09T01:38:19.6241993Z OK
2026-10-09T01:38:19.7483733Z test_complete_domain (test_probe.Contracts.test_complete_domain) ... ok
2026-10-09T01:38:19.7638507Z test_decoder (test_probe.Contracts.test_decoder) ... ok
2026-10-09T01:38:19.8021524Z test_duplicate (test_probe.Contracts.test_duplicate) ... ok
2026-10-09T01:38:19.8424953Z test_invalid_support (test_probe.Contracts.test_invalid_support) ... ok
2026-10-09T01:38:19.8847113Z test_missing (test_probe.Contracts.test_missing) ... ok
2026-10-09T01:38:19.9479037Z test_native_and_scan (test_probe.Contracts.test_native_and_scan) ... ok
2026-10-09T01:38:19.9877020Z test_provenance (test_probe.Contracts.test_provenance) ... ok
2026-10-09T01:38:20.0308754Z test_scope (test_probe.Contracts.test_scope) ... ok
2026-10-09T01:38:20.0732624Z test_substitution (test_probe.Contracts.test_substitution) ... ok
2026-10-09T01:38:20.1548406Z test_wrong_count_or_floor (test_probe.Contracts.test_wrong_count_or_floor) ... ok
2026-10-09T01:38:20.1949291Z test_wrong_tau (test_probe.Contracts.test_wrong_tau) ... ok
2026-10-09T01:38:20.1956099Z 
2026-10-09T01:38:20.1956612Z ----------------------------------------------------------------------
2026-10-09T01:38:20.1957344Z Ran 11 tests in 0.520s
2026-10-09T01:38:20.1957639Z 
2026-10-09T01:38:20.1957797Z OK
2026-10-09T01:38:20.2143681Z ##[group]Run actions/upload-artifact@v4
2026-10-09T01:38:20.2143988Z with:
2026-10-09T01:38:20.2144195Z   name: c3-handoff-verification
2026-10-09T01:38:20.2144750Z   path: handoff_verification/
2026-10-09T01:38:20.2145008Z   if-no-files-found: warn
2026-10-09T01:38:20.2145249Z   compression-level: 6
2026-10-09T01:38:20.2145474Z   overwrite: false
2026-10-09T01:38:20.2145689Z   include-hidden-files: false
2026-10-09T01:38:20.2145927Z ##[endgroup]
2026-10-09T01:38:20.3785732Z (node:2440) [DEP0040] DeprecationWarning: The `punycode` module is deprecated. Please use a userland alternative instead.
2026-10-09T01:38:20.3786479Z (Use `node --trace-deprecation ...` to show where the warning was created)
2026-10-09T01:38:20.3851800Z With the provided path, there will be 7 files uploaded
2026-10-09T01:38:20.3867602Z Artifact name is valid!
2026-10-09T01:38:20.3885147Z Root directory input is valid!
2026-10-09T01:38:20.6041484Z Beginning upload of artifact content to blob storage
2026-10-09T01:38:20.6404864Z (node:2440) [DEP0169] DeprecationWarning: `url.parse()` behavior is not standardized and prone to errors that have security implications. Use the WHATWG URL API instead. CVEs are not issued for `url.parse()` vulnerabilities.
2026-10-09T01:38:20.6619834Z Uploaded bytes 28357
2026-10-09T01:38:20.6759950Z Finished uploading artifact content to blob storage!
2026-10-09T01:38:20.6761125Z SHA256 digest of uploaded artifact zip is 0430438a58085d876cb9f4f23a2da714ffeb93ad1af3eeeeedb5dd80656065b2
2026-10-09T01:38:20.6763067Z Finalizing artifact upload
2026-10-09T01:38:20.9148823Z Artifact c3-handoff-verification.zip successfully finalized. Artifact ID 11589684989
2026-10-09T01:38:20.9150722Z Artifact c3-handoff-verification has been successfully uploaded! Final size is 28357 bytes. Artifact ID is 11589684989
2026-10-09T01:38:20.9156170Z Artifact download URL: https://github.com/proteinfoldingengine/WetLabEngine/actions/runs/37870623125/artifacts/11589684989
2026-10-09T01:38:20.9369248Z Post job cleanup.
2026-10-09T01:38:21.0207336Z [command]/usr/bin/git version
2026-10-09T01:38:21.0249243Z git version 2.55.0
2026-10-09T01:38:21.0289187Z Temporarily overriding HOME='/home/runner/work/_temp/1f85cfd6-aa87-4c51-982a-02b0445c744d' before making global git config changes
2026-10-09T01:38:21.0290720Z Adding repository directory to the temporary git global config as a safe directory
2026-10-09T01:38:21.0296720Z [command]/usr/bin/git config --global --add safe.directory /home/runner/work/WetLabEngine/WetLabEngine/research_snapshot
2026-10-09T01:38:21.0335566Z [command]/usr/bin/git config --local --name-only --get-regexp core\.sshCommand
2026-10-09T01:38:21.0370049Z [command]/usr/bin/git submodule foreach --recursive sh -c "git config --local --name-only --get-regexp 'core\.sshCommand' && git config --local --unset-all 'core.sshCommand' || :"
2026-10-09T01:38:21.0639053Z [command]/usr/bin/git config --local --name-only --get-regexp http\.https\:\/\/github\.com\/\.extraheader
2026-10-09T01:38:21.0673312Z [command]/usr/bin/git submodule foreach --recursive sh -c "git config --local --name-only --get-regexp 'http\.https\:\/\/github\.com\/\.extraheader' && git config --local --unset-all 'http.https://github.com/.extraheader' || :"
2026-10-09T01:38:21.0955866Z [command]/usr/bin/git config --local --name-only --get-regexp ^includeIf\.gitdir:
2026-10-09T01:38:21.0982184Z [command]/usr/bin/git submodule foreach --recursive git config --local --show-origin --name-only --get-regexp remote.origin.url
2026-10-09T01:38:21.1407229Z Cleaning up orphan processes
2026-10-09T01:38:21.1705458Z ##[warning]Node.js 20 is deprecated. The following actions target Node.js 20 but are being forced to run on Node.js 24: actions/checkout@v4, actions/upload-artifact@v4. For more information see: https://github.blog/changelog/2025-09-19-deprecation-of-node-20-on-github-actions-runners/
