2026-10-09T23:43:06.3914829Z Current runner version: '2.337.0'
2026-10-09T23:43:06.3950508Z ##[group]Runner Image Provisioner
2026-10-09T23:43:06.3951852Z Hosted Compute Agent
2026-10-09T23:43:06.3952797Z Version: 20261002.596
2026-10-09T23:43:06.3953922Z Commit: c3d12f3313a95f25162a1503be624f3b0617f8c0
2026-10-09T23:43:06.3955164Z Build Date: 2026-10-02T22:28:27Z
2026-10-09T23:43:06.3956489Z Worker ID: {cd2df97a-60f4-4a9c-ae9f-4645b5176383}
2026-10-09T23:43:06.3957726Z Region: eastus
2026-10-09T23:43:06.3958705Z Cloud: Azure
2026-10-09T23:43:06.3960128Z ##[endgroup]
2026-10-09T23:43:06.3962330Z ##[group]Operating System
2026-10-09T23:43:06.3964001Z Ubuntu
2026-10-09T23:43:06.3964969Z 24.04.5
2026-10-09T23:43:06.3965843Z LTS
2026-10-09T23:43:06.3966762Z ##[endgroup]
2026-10-09T23:43:06.3967718Z ##[group]Runner Image
2026-10-09T23:43:06.3968933Z Image: ubuntu-24.04
2026-10-09T23:43:06.3970134Z Version: 20261004.327.1
2026-10-09T23:43:06.3972351Z Included Software: https://github.com/actions/runner-images/blob/ubuntu24/20261004.327/images/ubuntu/Ubuntu2404-Readme.md
2026-10-09T23:43:06.3975036Z Image Release: https://github.com/actions/runner-images/releases/tag/ubuntu24%2F20261004.327
2026-10-09T23:43:06.3976944Z ##[endgroup]
2026-10-09T23:43:06.3978898Z ##[group]GITHUB_TOKEN Permissions
2026-10-09T23:43:06.3982321Z Contents: read
2026-10-09T23:43:06.3983240Z Metadata: read
2026-10-09T23:43:06.3984381Z ##[endgroup]
2026-10-09T23:43:06.3987598Z Secret source: Actions
2026-10-09T23:43:06.3989236Z Cache mode: write
2026-10-09T23:43:06.3990946Z Prepare workflow directory
2026-10-09T23:43:06.4467640Z Prepare all required actions
2026-10-09T23:43:06.4539288Z Getting action download info
2026-10-09T23:43:06.6243779Z Download action repository 'actions/checkout@v4' (SHA:11d5960a326750d5838078e36cf38b85af677262)
2026-10-09T23:43:06.7125857Z Download action repository 'actions/download-artifact@v4' (SHA:d3f86a106a0bac45b974a628896c90dbdf5c8093)
2026-10-09T23:43:06.8651852Z Download action repository 'actions/upload-artifact@v4' (SHA:ea165f8d65b6e75b540449e92b4886f43607fa02)
2026-10-09T23:43:07.0823705Z Complete job name: mathematical-review
2026-10-09T23:43:07.1627119Z ##[group]Run actions/checkout@v4
2026-10-09T23:43:07.1628054Z with:
2026-10-09T23:43:07.1628524Z   path: research_snapshot
2026-10-09T23:43:07.1629074Z   persist-credentials: false
2026-10-09T23:43:07.1630172Z   sparse-checkout: ResearchHistory/UQCF-GEM/research/physical-bridge
.github/scripts

2026-10-09T23:43:07.1631087Z   repository: proteinfoldingengine/WetLabEngine
2026-10-09T23:43:07.1635194Z   token: ***
2026-10-09T23:43:07.1635643Z   ssh-strict: true
2026-10-09T23:43:07.1636099Z   ssh-user: git
2026-10-09T23:43:07.1636532Z   clean: true
2026-10-09T23:43:07.1636988Z   sparse-checkout-cone-mode: true
2026-10-09T23:43:07.1637546Z   fetch-depth: 1
2026-10-09T23:43:07.1637993Z   fetch-tags: false
2026-10-09T23:43:07.1638463Z   show-progress: true
2026-10-09T23:43:07.1638947Z   lfs: false
2026-10-09T23:43:07.1639382Z   submodules: false
2026-10-09T23:43:07.1640028Z   set-safe-directory: true
2026-10-09T23:43:07.1640633Z   allow-unsafe-pr-checkout: false
2026-10-09T23:43:07.1641518Z ##[endgroup]
2026-10-09T23:43:07.2711809Z Syncing repository: proteinfoldingengine/WetLabEngine
2026-10-09T23:43:07.2714769Z ##[group]Getting Git version info
2026-10-09T23:43:07.2716161Z Working directory is '/home/runner/work/WetLabEngine/WetLabEngine/research_snapshot'
2026-10-09T23:43:07.2718190Z [command]/usr/bin/git version
2026-10-09T23:43:07.2772927Z git version 2.55.0
2026-10-09T23:43:07.2793613Z ##[endgroup]
2026-10-09T23:43:07.2808015Z Temporarily overriding HOME='/home/runner/work/_temp/cbbaad69-bb7c-4801-bab6-be70591c1f7f' before making global git config changes
2026-10-09T23:43:07.2810654Z Adding repository directory to the temporary git global config as a safe directory
2026-10-09T23:43:07.2812845Z [command]/usr/bin/git config --global --add safe.directory /home/runner/work/WetLabEngine/WetLabEngine/research_snapshot
2026-10-09T23:43:07.2868543Z ##[group]Initializing the repository
2026-10-09T23:43:07.2878378Z [command]/usr/bin/git init /home/runner/work/WetLabEngine/WetLabEngine/research_snapshot
2026-10-09T23:43:07.2961593Z hint: Using 'master' as the name for the initial branch. This default branch name
2026-10-09T23:43:07.2963356Z hint: will change to "main" in Git 3.0. To configure the initial branch name
2026-10-09T23:43:07.2964934Z hint: to use in all of your new repositories, which will suppress this warning,
2026-10-09T23:43:07.2966340Z hint: call:
2026-10-09T23:43:07.2966769Z hint:
2026-10-09T23:43:07.2967307Z hint: 	git config --global init.defaultBranch <name>
2026-10-09T23:43:07.2967947Z hint:
2026-10-09T23:43:07.2968559Z hint: Names commonly chosen instead of 'master' are 'main', 'trunk' and
2026-10-09T23:43:07.2969515Z hint: 'development'. The just-created branch can be renamed via this command:
2026-10-09T23:43:07.2970996Z hint:
2026-10-09T23:43:07.2971775Z hint: 	git branch -m <name>
2026-10-09T23:43:07.2972643Z hint:
2026-10-09T23:43:07.2973780Z hint: Disable this message with "git config set advice.defaultBranchName false"
2026-10-09T23:43:07.2976582Z Initialized empty Git repository in /home/runner/work/WetLabEngine/WetLabEngine/research_snapshot/.git/
2026-10-09T23:43:07.2986513Z [command]/usr/bin/git remote add origin https://github.com/proteinfoldingengine/WetLabEngine
2026-10-09T23:43:07.3041009Z ##[endgroup]
2026-10-09T23:43:07.3042703Z ##[group]Disabling automatic garbage collection
2026-10-09T23:43:07.3046064Z [command]/usr/bin/git config --local gc.auto 0
2026-10-09T23:43:07.3086600Z ##[endgroup]
2026-10-09T23:43:07.3087811Z ##[group]Setting up auth
2026-10-09T23:43:07.3101621Z [command]/usr/bin/git config --local --name-only --get-regexp core\.sshCommand
2026-10-09T23:43:07.3133700Z [command]/usr/bin/git submodule foreach --recursive sh -c "git config --local --name-only --get-regexp 'core\.sshCommand' && git config --local --unset-all 'core.sshCommand' || :"
2026-10-09T23:43:07.3530807Z [command]/usr/bin/git config --local --name-only --get-regexp http\.https\:\/\/github\.com\/\.extraheader
2026-10-09T23:43:07.3585427Z [command]/usr/bin/git submodule foreach --recursive sh -c "git config --local --name-only --get-regexp 'http\.https\:\/\/github\.com\/\.extraheader' && git config --local --unset-all 'http.https://github.com/.extraheader' || :"
2026-10-09T23:43:07.3847136Z [command]/usr/bin/git config --local --name-only --get-regexp ^includeIf\.gitdir:
2026-10-09T23:43:07.3893601Z [command]/usr/bin/git submodule foreach --recursive git config --local --show-origin --name-only --get-regexp remote.origin.url
2026-10-09T23:43:07.4160866Z [command]/usr/bin/git config --local http.https://github.com/.extraheader AUTHORIZATION: basic ***
2026-10-09T23:43:07.4205920Z ##[endgroup]
2026-10-09T23:43:07.4207640Z ##[group]Fetching the repository
2026-10-09T23:43:07.4220048Z [command]/usr/bin/git -c protocol.version=2 fetch --no-tags --prune --no-recurse-submodules --filter=blob:none --depth=1 origin +9a68f2b25fccc9638366467b6ce2df9eab5e538b:refs/remotes/origin/research/uqcf-overlapping-guard-exchange
2026-10-09T23:43:07.6894579Z From https://github.com/proteinfoldingengine/WetLabEngine
2026-10-09T23:43:07.6895977Z  * [new ref]         9a68f2b25fccc9638366467b6ce2df9eab5e538b -> origin/research/uqcf-overlapping-guard-exchange
2026-10-09T23:43:07.6900054Z ##[endgroup]
2026-10-09T23:43:07.6901011Z ##[group]Determining the checkout info
2026-10-09T23:43:07.6903617Z ##[endgroup]
2026-10-09T23:43:07.6904960Z ##[group]Setting up sparse checkout
2026-10-09T23:43:07.6910271Z [command]/usr/bin/git sparse-checkout set ResearchHistory/UQCF-GEM/research/physical-bridge .github/scripts
2026-10-09T23:43:07.6959327Z ##[endgroup]
2026-10-09T23:43:07.6960921Z ##[group]Checking out the ref
2026-10-09T23:43:07.6965490Z [command]/usr/bin/git checkout --progress --force -B research/uqcf-overlapping-guard-exchange refs/remotes/origin/research/uqcf-overlapping-guard-exchange
2026-10-09T23:43:08.1767172Z Switched to a new branch 'research/uqcf-overlapping-guard-exchange'
2026-10-09T23:43:08.1772981Z branch 'research/uqcf-overlapping-guard-exchange' set up to track 'origin/research/uqcf-overlapping-guard-exchange'.
2026-10-09T23:43:08.1783324Z ##[endgroup]
2026-10-09T23:43:08.1838361Z [command]/usr/bin/git log -1 --format=%H
2026-10-09T23:43:08.1866228Z 9a68f2b25fccc9638366467b6ce2df9eab5e538b
2026-10-09T23:43:08.1876075Z ##[group]Removing auth
2026-10-09T23:43:08.1880088Z [command]/usr/bin/git config --local --name-only --get-regexp core\.sshCommand
2026-10-09T23:43:08.1914201Z [command]/usr/bin/git submodule foreach --recursive sh -c "git config --local --name-only --get-regexp 'core\.sshCommand' && git config --local --unset-all 'core.sshCommand' || :"
2026-10-09T23:43:08.2160936Z [command]/usr/bin/git config --local --name-only --get-regexp http\.https\:\/\/github\.com\/\.extraheader
2026-10-09T23:43:08.2191700Z http.https://github.com/.extraheader
2026-10-09T23:43:08.2201998Z [command]/usr/bin/git config --local --unset-all http.https://github.com/.extraheader
2026-10-09T23:43:08.2239546Z [command]/usr/bin/git submodule foreach --recursive sh -c "git config --local --name-only --get-regexp 'http\.https\:\/\/github\.com\/\.extraheader' && git config --local --unset-all 'http.https://github.com/.extraheader' || :"
2026-10-09T23:43:08.2481711Z [command]/usr/bin/git config --local --name-only --get-regexp ^includeIf\.gitdir:
2026-10-09T23:43:08.2518702Z [command]/usr/bin/git submodule foreach --recursive git config --local --show-origin --name-only --get-regexp remote.origin.url
2026-10-09T23:43:08.2754134Z ##[endgroup]
2026-10-09T23:43:08.3057324Z ##[group]Run actions/download-artifact@v4
2026-10-09T23:43:08.3058597Z with:
2026-10-09T23:43:08.3059483Z   name: c3-footprint-verification
2026-10-09T23:43:08.3061036Z   path: footprint_verification
2026-10-09T23:43:08.3062130Z   merge-multiple: false
2026-10-09T23:43:08.3063262Z   repository: proteinfoldingengine/WetLabEngine
2026-10-09T23:43:08.3064569Z   run-id: 38005748370
2026-10-09T23:43:08.3065479Z ##[endgroup]
2026-10-09T23:43:08.4633299Z Downloading single artifact
2026-10-09T23:43:08.4828481Z (node:2402) [DEP0040] DeprecationWarning: The `punycode` module is deprecated. Please use a userland alternative instead.
2026-10-09T23:43:08.4831991Z (Use `node --trace-deprecation ...` to show where the warning was created)
2026-10-09T23:43:08.5727958Z Preparing to download the following artifacts:
2026-10-09T23:43:08.5730316Z - c3-footprint-verification (ID: 11651072273, Size: 47579, Expected Digest: sha256:36b9b93f1ccc531089114e8bf75ad84886c3afc63b2ae59b148529ad2b5ed54d)
2026-10-09T23:43:08.6790560Z Redirecting to blob download url: https://productionresultssa17.blob.core.windows.net/actions-results/3070b1d6-2c3b-8350-b17e-6ad791b370f5/workflow-job-run-84ae75bf-580e-518a-b1a0-8b352e2af4f8/artifacts/8048d1f110dbf50a472f67c3f580e301194089d44c6862bc35fcc61d4651934a.zip
2026-10-09T23:43:08.6793955Z Starting download of artifact to: /home/runner/work/WetLabEngine/WetLabEngine/footprint_verification
2026-10-09T23:43:08.7380690Z (node:2402) [DEP0005] DeprecationWarning: Buffer() is deprecated due to security and usability issues. Please use the Buffer.alloc(), Buffer.allocUnsafe(), or Buffer.from() methods instead.
2026-10-09T23:43:08.7535798Z SHA256 digest of downloaded artifact is 36b9b93f1ccc531089114e8bf75ad84886c3afc63b2ae59b148529ad2b5ed54d
2026-10-09T23:43:08.7537632Z Artifact download completed successfully.
2026-10-09T23:43:08.7538898Z Total of 1 artifact(s) downloaded
2026-10-09T23:43:08.7542844Z Download artifact has finished successfully
2026-10-09T23:43:08.7693520Z ##[group]Run python3 research_snapshot/.github/scripts/c3_footprint_review.py
2026-10-09T23:43:08.7694461Z [36;1mpython3 research_snapshot/.github/scripts/c3_footprint_review.py[0m
2026-10-09T23:43:08.7942045Z shell: /usr/bin/bash -e {0}
2026-10-09T23:43:08.7942602Z env:
2026-10-09T23:43:08.7943434Z   GEMINI_API_KEY: ***
2026-10-09T23:43:08.7943929Z ##[endgroup]
2026-10-09T23:44:13.5399005Z Handoff independent verdict: ACCEPTED
2026-10-09T23:44:13.5399579Z Missing assumptions: 0
2026-10-09T23:44:13.5400844Z Counterexamples: 0
2026-10-09T23:44:13.5401933Z Response SHA256: 5988eabb0ae92f0e084f860920603bf5a6fb2306732b70eb0212d30e3bf540e3
2026-10-09T23:44:13.5402660Z This is not scientific certification.
2026-10-09T23:44:13.5566207Z ##[group]Run actions/upload-artifact@v4
2026-10-09T23:44:13.5566631Z with:
2026-10-09T23:44:13.5566853Z   name: c3-footprint-review
2026-10-09T23:44:13.5567119Z   path: footprint_review/
2026-10-09T23:44:13.5567379Z   if-no-files-found: warn
2026-10-09T23:44:13.5567620Z   compression-level: 6
2026-10-09T23:44:13.5567851Z   overwrite: false
2026-10-09T23:44:13.5568074Z   include-hidden-files: false
2026-10-09T23:44:13.5568319Z ##[endgroup]
2026-10-09T23:44:13.7152917Z (node:2449) [DEP0040] DeprecationWarning: The `punycode` module is deprecated. Please use a userland alternative instead.
2026-10-09T23:44:13.7154183Z (Use `node --trace-deprecation ...` to show where the warning was created)
2026-10-09T23:44:13.7207960Z With the provided path, there will be 2 files uploaded
2026-10-09T23:44:13.7213849Z Artifact name is valid!
2026-10-09T23:44:13.7214864Z Root directory input is valid!
2026-10-09T23:44:13.9093047Z Beginning upload of artifact content to blob storage
2026-10-09T23:44:13.9303252Z (node:2449) [DEP0169] DeprecationWarning: `url.parse()` behavior is not standardized and prone to errors that have security implications. Use the WHATWG URL API instead. CVEs are not issued for `url.parse()` vulnerabilities.
2026-10-09T23:44:13.9759940Z Uploaded bytes 2452
2026-10-09T23:44:13.9948193Z Finished uploading artifact content to blob storage!
2026-10-09T23:44:13.9949558Z SHA256 digest of uploaded artifact zip is 277d442eba902283747e00d191000fd8cb8c1c982e84ff81d6a94bce97a26580
2026-10-09T23:44:13.9950962Z Finalizing artifact upload
2026-10-09T23:44:14.2040512Z Artifact c3-footprint-review.zip successfully finalized. Artifact ID 11651675083
2026-10-09T23:44:14.2042389Z Artifact c3-footprint-review has been successfully uploaded! Final size is 2452 bytes. Artifact ID is 11651675083
2026-10-09T23:44:14.2048814Z Artifact download URL: https://github.com/proteinfoldingengine/WetLabEngine/actions/runs/38005748370/artifacts/11651675083
2026-10-09T23:44:14.2242601Z Post job cleanup.
2026-10-09T23:44:14.3108029Z [command]/usr/bin/git version
2026-10-09T23:44:14.3152970Z git version 2.55.0
2026-10-09T23:44:14.3194204Z Temporarily overriding HOME='/home/runner/work/_temp/1019a6aa-a2f0-4b99-a332-61c7c5b06e06' before making global git config changes
2026-10-09T23:44:14.3195673Z Adding repository directory to the temporary git global config as a safe directory
2026-10-09T23:44:14.3199213Z [command]/usr/bin/git config --global --add safe.directory /home/runner/work/WetLabEngine/WetLabEngine/research_snapshot
2026-10-09T23:44:14.3241009Z [command]/usr/bin/git config --local --name-only --get-regexp core\.sshCommand
2026-10-09T23:44:14.3276579Z [command]/usr/bin/git submodule foreach --recursive sh -c "git config --local --name-only --get-regexp 'core\.sshCommand' && git config --local --unset-all 'core.sshCommand' || :"
2026-10-09T23:44:14.3548897Z [command]/usr/bin/git config --local --name-only --get-regexp http\.https\:\/\/github\.com\/\.extraheader
2026-10-09T23:44:14.3589981Z [command]/usr/bin/git submodule foreach --recursive sh -c "git config --local --name-only --get-regexp 'http\.https\:\/\/github\.com\/\.extraheader' && git config --local --unset-all 'http.https://github.com/.extraheader' || :"
2026-10-09T23:44:14.3850377Z [command]/usr/bin/git config --local --name-only --get-regexp ^includeIf\.gitdir:
2026-10-09T23:44:14.3886259Z [command]/usr/bin/git submodule foreach --recursive git config --local --show-origin --name-only --get-regexp remote.origin.url
2026-10-09T23:44:14.4398998Z Cleaning up orphan processes
2026-10-09T23:44:14.4700584Z ##[warning]Node.js 20 is deprecated. The following actions target Node.js 20 but are being forced to run on Node.js 24: actions/checkout@v4, actions/download-artifact@v4, actions/upload-artifact@v4. For more information see: https://github.blog/changelog/2025-09-19-deprecation-of-node-20-on-github-actions-runners/
