2026-10-09T23:42:45.2956365Z Current runner version: '2.337.0'
2026-10-09T23:42:45.2982124Z ##[group]Runner Image Provisioner
2026-10-09T23:42:45.2983089Z Hosted Compute Agent
2026-10-09T23:42:45.2984056Z Version: 20261002.596
2026-10-09T23:42:45.2984704Z Commit: c3d12f3313a95f25162a1503be624f3b0617f8c0
2026-10-09T23:42:45.2985412Z Build Date: 2026-10-02T22:28:27Z
2026-10-09T23:42:45.2986163Z Worker ID: {7c0290b7-5165-49b6-8b94-5bd3f205ec93}
2026-10-09T23:42:45.2986902Z Region: westus
2026-10-09T23:42:45.2987476Z Cloud: Azure
2026-10-09T23:42:45.2988063Z ##[endgroup]
2026-10-09T23:42:45.2989711Z ##[group]Operating System
2026-10-09T23:42:45.2990502Z Ubuntu
2026-10-09T23:42:45.2991071Z 24.04.5
2026-10-09T23:42:45.2991612Z LTS
2026-10-09T23:42:45.2992142Z ##[endgroup]
2026-10-09T23:42:45.2992687Z ##[group]Runner Image
2026-10-09T23:42:45.2993610Z Image: ubuntu-24.04
2026-10-09T23:42:45.2994234Z Version: 20261004.327.1
2026-10-09T23:42:45.2995537Z Included Software: https://github.com/actions/runner-images/blob/ubuntu24/20261004.327/images/ubuntu/Ubuntu2404-Readme.md
2026-10-09T23:42:45.2997188Z Image Release: https://github.com/actions/runner-images/releases/tag/ubuntu24%2F20261004.327
2026-10-09T23:42:45.2998206Z ##[endgroup]
2026-10-09T23:42:45.2999426Z ##[group]GITHUB_TOKEN Permissions
2026-10-09T23:42:45.3002042Z Contents: read
2026-10-09T23:42:45.3002668Z Metadata: read
2026-10-09T23:42:45.3003595Z ##[endgroup]
2026-10-09T23:42:45.3005824Z Secret source: Actions
2026-10-09T23:42:45.3006769Z Cache mode: write
2026-10-09T23:42:45.3007576Z Prepare workflow directory
2026-10-09T23:42:45.3356960Z Prepare all required actions
2026-10-09T23:42:45.3407807Z Getting action download info
2026-10-09T23:42:45.6901675Z Download action repository 'actions/checkout@v4' (SHA:11d5960a326750d5838078e36cf38b85af677262)
2026-10-09T23:42:45.8009206Z Download action repository 'actions/upload-artifact@v4' (SHA:ea165f8d65b6e75b540449e92b4886f43607fa02)
2026-10-09T23:42:46.0113727Z Complete job name: verification
2026-10-09T23:42:46.0881270Z ##[group]Run actions/checkout@v4
2026-10-09T23:42:46.0882185Z with:
2026-10-09T23:42:46.0882629Z   path: research_snapshot
2026-10-09T23:42:46.0883411Z   persist-credentials: false
2026-10-09T23:42:46.0884219Z   sparse-checkout: ResearchHistory/UQCF-GEM/research/physical-bridge
.github/scripts

2026-10-09T23:42:46.0885113Z   repository: proteinfoldingengine/WetLabEngine
2026-10-09T23:42:46.0888905Z   token: ***
2026-10-09T23:42:46.0889337Z   ssh-strict: true
2026-10-09T23:42:46.0889775Z   ssh-user: git
2026-10-09T23:42:46.0890191Z   clean: true
2026-10-09T23:42:46.0890638Z   sparse-checkout-cone-mode: true
2026-10-09T23:42:46.0891158Z   fetch-depth: 1
2026-10-09T23:42:46.0891588Z   fetch-tags: false
2026-10-09T23:42:46.0892027Z   show-progress: true
2026-10-09T23:42:46.0892475Z   lfs: false
2026-10-09T23:42:46.0892884Z   submodules: false
2026-10-09T23:42:46.0893536Z   set-safe-directory: true
2026-10-09T23:42:46.0894046Z   allow-unsafe-pr-checkout: false
2026-10-09T23:42:46.0894915Z ##[endgroup]
2026-10-09T23:42:46.1903411Z Syncing repository: proteinfoldingengine/WetLabEngine
2026-10-09T23:42:46.1906238Z ##[group]Getting Git version info
2026-10-09T23:42:46.1907643Z Working directory is '/home/runner/work/WetLabEngine/WetLabEngine/research_snapshot'
2026-10-09T23:42:46.1909525Z [command]/usr/bin/git version
2026-10-09T23:42:46.1956555Z git version 2.55.0
2026-10-09T23:42:46.1977377Z ##[endgroup]
2026-10-09T23:42:46.1991318Z Temporarily overriding HOME='/home/runner/work/_temp/c2135f48-2a23-49eb-a149-90349a9fe4ac' before making global git config changes
2026-10-09T23:42:46.1993127Z Adding repository directory to the temporary git global config as a safe directory
2026-10-09T23:42:46.1996862Z [command]/usr/bin/git config --global --add safe.directory /home/runner/work/WetLabEngine/WetLabEngine/research_snapshot
2026-10-09T23:42:46.2054906Z ##[group]Initializing the repository
2026-10-09T23:42:46.2060739Z [command]/usr/bin/git init /home/runner/work/WetLabEngine/WetLabEngine/research_snapshot
2026-10-09T23:42:46.2167211Z hint: Using 'master' as the name for the initial branch. This default branch name
2026-10-09T23:42:46.2169627Z hint: will change to "main" in Git 3.0. To configure the initial branch name
2026-10-09T23:42:46.2171441Z hint: to use in all of your new repositories, which will suppress this warning,
2026-10-09T23:42:46.2173067Z hint: call:
2026-10-09T23:42:46.2174337Z hint:
2026-10-09T23:42:46.2175565Z hint: 	git config --global init.defaultBranch <name>
2026-10-09T23:42:46.2177011Z hint:
2026-10-09T23:42:46.2178339Z hint: Names commonly chosen instead of 'master' are 'main', 'trunk' and
2026-10-09T23:42:46.2180277Z hint: 'development'. The just-created branch can be renamed via this command:
2026-10-09T23:42:46.2181710Z hint:
2026-10-09T23:42:46.2182664Z hint: 	git branch -m <name>
2026-10-09T23:42:46.2184087Z hint:
2026-10-09T23:42:46.2185422Z hint: Disable this message with "git config set advice.defaultBranchName false"
2026-10-09T23:42:46.2187901Z Initialized empty Git repository in /home/runner/work/WetLabEngine/WetLabEngine/research_snapshot/.git/
2026-10-09T23:42:46.2191553Z [command]/usr/bin/git remote add origin https://github.com/proteinfoldingengine/WetLabEngine
2026-10-09T23:42:46.2239413Z ##[endgroup]
2026-10-09T23:42:46.2240826Z ##[group]Disabling automatic garbage collection
2026-10-09T23:42:46.2243657Z [command]/usr/bin/git config --local gc.auto 0
2026-10-09T23:42:46.2279430Z ##[endgroup]
2026-10-09T23:42:46.2280830Z ##[group]Setting up auth
2026-10-09T23:42:46.2288201Z [command]/usr/bin/git config --local --name-only --get-regexp core\.sshCommand
2026-10-09T23:42:46.2325114Z [command]/usr/bin/git submodule foreach --recursive sh -c "git config --local --name-only --get-regexp 'core\.sshCommand' && git config --local --unset-all 'core.sshCommand' || :"
2026-10-09T23:42:46.2700018Z [command]/usr/bin/git config --local --name-only --get-regexp http\.https\:\/\/github\.com\/\.extraheader
2026-10-09T23:42:46.2741372Z [command]/usr/bin/git submodule foreach --recursive sh -c "git config --local --name-only --get-regexp 'http\.https\:\/\/github\.com\/\.extraheader' && git config --local --unset-all 'http.https://github.com/.extraheader' || :"
2026-10-09T23:42:46.2986960Z [command]/usr/bin/git config --local --name-only --get-regexp ^includeIf\.gitdir:
2026-10-09T23:42:46.3024031Z [command]/usr/bin/git submodule foreach --recursive git config --local --show-origin --name-only --get-regexp remote.origin.url
2026-10-09T23:42:46.3251207Z [command]/usr/bin/git config --local http.https://github.com/.extraheader AUTHORIZATION: basic ***
2026-10-09T23:42:46.3292366Z ##[endgroup]
2026-10-09T23:42:46.3293562Z ##[group]Fetching the repository
2026-10-09T23:42:46.3302656Z [command]/usr/bin/git -c protocol.version=2 fetch --no-tags --prune --no-recurse-submodules --filter=blob:none --depth=1 origin +9a68f2b25fccc9638366467b6ce2df9eab5e538b:refs/remotes/origin/research/uqcf-overlapping-guard-exchange
2026-10-09T23:42:47.9548802Z From https://github.com/proteinfoldingengine/WetLabEngine
2026-10-09T23:42:47.9550543Z  * [new ref]         9a68f2b25fccc9638366467b6ce2df9eab5e538b -> origin/research/uqcf-overlapping-guard-exchange
2026-10-09T23:42:47.9555019Z ##[endgroup]
2026-10-09T23:42:47.9556594Z ##[group]Determining the checkout info
2026-10-09T23:42:47.9563469Z ##[endgroup]
2026-10-09T23:42:47.9574050Z ##[group]Setting up sparse checkout
2026-10-09T23:42:47.9576248Z [command]/usr/bin/git sparse-checkout set ResearchHistory/UQCF-GEM/research/physical-bridge .github/scripts
2026-10-09T23:42:47.9614885Z ##[endgroup]
2026-10-09T23:42:47.9616472Z ##[group]Checking out the ref
2026-10-09T23:42:47.9622147Z [command]/usr/bin/git checkout --progress --force -B research/uqcf-overlapping-guard-exchange refs/remotes/origin/research/uqcf-overlapping-guard-exchange
2026-10-09T23:42:48.8251988Z Switched to a new branch 'research/uqcf-overlapping-guard-exchange'
2026-10-09T23:42:48.8257263Z branch 'research/uqcf-overlapping-guard-exchange' set up to track 'origin/research/uqcf-overlapping-guard-exchange'.
2026-10-09T23:42:48.8282841Z ##[endgroup]
2026-10-09T23:42:48.8331148Z [command]/usr/bin/git log -1 --format=%H
2026-10-09T23:42:48.8364010Z 9a68f2b25fccc9638366467b6ce2df9eab5e538b
2026-10-09T23:42:48.8376820Z ##[group]Removing auth
2026-10-09T23:42:48.8377674Z [command]/usr/bin/git config --local --name-only --get-regexp core\.sshCommand
2026-10-09T23:42:48.8411844Z [command]/usr/bin/git submodule foreach --recursive sh -c "git config --local --name-only --get-regexp 'core\.sshCommand' && git config --local --unset-all 'core.sshCommand' || :"
2026-10-09T23:42:48.8681029Z [command]/usr/bin/git config --local --name-only --get-regexp http\.https\:\/\/github\.com\/\.extraheader
2026-10-09T23:42:48.8710146Z http.https://github.com/.extraheader
2026-10-09T23:42:48.8719193Z [command]/usr/bin/git config --local --unset-all http.https://github.com/.extraheader
2026-10-09T23:42:48.8755407Z [command]/usr/bin/git submodule foreach --recursive sh -c "git config --local --name-only --get-regexp 'http\.https\:\/\/github\.com\/\.extraheader' && git config --local --unset-all 'http.https://github.com/.extraheader' || :"
2026-10-09T23:42:48.8995572Z [command]/usr/bin/git config --local --name-only --get-regexp ^includeIf\.gitdir:
2026-10-09T23:42:48.9029697Z [command]/usr/bin/git submodule foreach --recursive git config --local --show-origin --name-only --get-regexp remote.origin.url
2026-10-09T23:42:48.9265170Z ##[endgroup]
2026-10-09T23:42:48.9474451Z ##[group]Run set -euo pipefail
2026-10-09T23:42:48.9474908Z [36;1mset -euo pipefail[0m
2026-10-09T23:42:48.9475230Z [36;1mmkdir footprint_verification[0m
2026-10-09T23:42:48.9475717Z [36;1mROOT=research_snapshot/ResearchHistory/UQCF-GEM/research/physical-bridge[0m
2026-10-09T23:42:48.9476523Z [36;1mpython3 -m unittest discover -s "$ROOT/footprint" -p test_footprint.py -v 2>&1 | tee footprint_verification/contracts.log[0m
2026-10-09T23:42:48.9477453Z [36;1mpython3 "$ROOT/footprint/producer.py" footprint_verification/certificate.json | tee footprint_verification/counts.json[0m
2026-10-09T23:42:48.9478158Z [36;1mpython3 "$ROOT/footprint/producer.py" /tmp/repeated.json[0m
2026-10-09T23:42:48.9478704Z [36;1mcmp footprint_verification/certificate.json /tmp/repeated.json[0m
2026-10-09T23:42:48.9479484Z [36;1mpython3 "$ROOT/footprint/independent.py" footprint_verification/certificate.json | tee footprint_verification/independent.json[0m
2026-10-09T23:42:48.9480523Z [36;1mpython3 -m unittest discover -s "$ROOT/fixed_family" -p test_fixed_family.py -v 2>&1 | tee footprint_verification/inherited_fixed_family.log[0m
2026-10-09T23:42:48.9481442Z [36;1mecho "scientific_sha=$(git -C research_snapshot rev-parse HEAD)" > footprint_verification/provenance.txt[0m
2026-10-09T23:42:48.9482138Z [36;1mecho "workflow_sha=$GITHUB_SHA" >> footprint_verification/provenance.txt[0m
2026-10-09T23:42:48.9482802Z [36;1msha256sum footprint_verification/certificate.json > footprint_verification/certificate.sha256[0m
2026-10-09T23:42:48.9727941Z shell: /usr/bin/bash --noprofile --norc -e -o pipefail {0}
2026-10-09T23:42:48.9728450Z ##[endgroup]
2026-10-09T23:42:51.0670962Z test_complete_independent_reconstruction (test_footprint.Contracts.test_complete_independent_reconstruction) ... ok
2026-10-09T23:42:51.0672540Z test_cross_role_hidden_witness (test_footprint.Contracts.test_cross_role_hidden_witness) ... ok
2026-10-09T23:42:51.0674097Z test_declared_universe (test_footprint.Contracts.test_declared_universe) ... ok
2026-10-09T23:42:51.0675100Z test_premature_deletion (test_footprint.Contracts.test_premature_deletion) ... ok
2026-10-09T23:42:51.2256538Z test_reject_boolean_type (test_footprint.Contracts.test_reject_boolean_type) ... ok
2026-10-09T23:42:51.3024519Z test_reject_classification (test_footprint.Contracts.test_reject_classification) ... ok
2026-10-09T23:42:51.3788270Z test_reject_conditions (test_footprint.Contracts.test_reject_conditions) ... ok
2026-10-09T23:42:51.5411804Z test_reject_deadlock (test_footprint.Contracts.test_reject_deadlock) ... ok
2026-10-09T23:42:51.6265958Z test_reject_duplicate_row (test_footprint.Contracts.test_reject_duplicate_row) ... ok
2026-10-09T23:42:51.7095479Z test_reject_floor (test_footprint.Contracts.test_reject_floor) ... ok
2026-10-09T23:42:51.8808559Z test_reject_missing_fixture (test_footprint.Contracts.test_reject_missing_fixture) ... ok
2026-10-09T23:42:51.9648925Z test_reject_missing_row (test_footprint.Contracts.test_reject_missing_row) ... ok
2026-10-09T23:42:52.0440471Z test_reject_path (test_footprint.Contracts.test_reject_path) ... ok
2026-10-09T23:42:52.1984668Z test_reject_protected_mask (test_footprint.Contracts.test_reject_protected_mask) ... ok
2026-10-09T23:42:52.2786900Z test_reject_provenance (test_footprint.Contracts.test_reject_provenance) ... ok
2026-10-09T23:42:52.4406417Z test_reject_source_core (test_footprint.Contracts.test_reject_source_core) ... ok
2026-10-09T23:42:52.5235597Z test_reject_tau (test_footprint.Contracts.test_reject_tau) ... ok
2026-10-09T23:42:52.6079453Z test_reject_unknown_field (test_footprint.Contracts.test_reject_unknown_field) ... ok
2026-10-09T23:42:52.7725459Z test_reject_upper (test_footprint.Contracts.test_reject_upper) ... ok
2026-10-09T23:42:52.8517960Z test_reject_violations (test_footprint.Contracts.test_reject_violations) ... ok
2026-10-09T23:42:52.8519110Z test_sharp_exchange (test_footprint.Contracts.test_sharp_exchange) ... ok
2026-10-09T23:42:52.8520422Z test_upper_control (test_footprint.Contracts.test_upper_control) ... ok
2026-10-09T23:42:52.8520910Z 
2026-10-09T23:42:52.8524364Z ----------------------------------------------------------------------
2026-10-09T23:42:52.8525124Z Ran 22 tests in 3.788s
2026-10-09T23:42:52.8525378Z 
2026-10-09T23:42:52.8525521Z OK
2026-10-09T23:42:53.7510880Z {"candidates": 12913, "exchange_slices": 11, "exchange_sources": 53, "safe_by_fixture": {"overlapping-role": 6, "repeated-role": 6, "tau4-singleton-candidates": 24, "three-with-spare": 60}, "source_masks_by_fixture": {"overlapping-role": 9, "repeated-role": 10, "tau4-singleton-candidates": 11, "three-with-spare": 4}}
2026-10-09T23:42:54.4645037Z {"candidates": 12913, "exchange_slices": 11, "exchange_sources": 53, "safe_by_fixture": {"overlapping-role": 6, "repeated-role": 6, "tau4-singleton-candidates": 24, "three-with-spare": 60}, "source_masks_by_fixture": {"overlapping-role": 9, "repeated-role": 10, "tau4-singleton-candidates": 11, "three-with-spare": 4}}
2026-10-09T23:42:55.8350240Z {"status": "PASS", "method": "complete independent set/representative-union reconstruction"}
2026-10-09T23:42:56.3274734Z test_all_categories (test_fixed_family.Contracts.test_all_categories) ... ok
2026-10-09T23:42:56.8051951Z test_category (test_fixed_family.Contracts.test_category) ... ok
2026-10-09T23:42:56.9644018Z test_complement_tau (test_fixed_family.Contracts.test_complement_tau) ... ok
2026-10-09T23:42:57.0080009Z test_complete (test_fixed_family.Contracts.test_complete) ... ok
2026-10-09T23:42:57.1701001Z test_core_intersection (test_fixed_family.Contracts.test_core_intersection) ... ok
2026-10-09T23:42:57.3261171Z test_duplicate_completion (test_fixed_family.Contracts.test_duplicate_completion) ... ok
2026-10-09T23:42:57.4878021Z test_duplicate_state (test_fixed_family.Contracts.test_duplicate_state) ... ok
2026-10-09T23:42:57.6529940Z test_false_floor_extension (test_fixed_family.Contracts.test_false_floor_extension) ... ok
2026-10-09T23:42:57.8318508Z test_false_hidden_control (test_fixed_family.Contracts.test_false_hidden_control) ... ok
2026-10-09T23:42:57.9887728Z test_false_native_access (test_fixed_family.Contracts.test_false_native_access) ... ok
2026-10-09T23:42:58.1442443Z test_false_retarget (test_fixed_family.Contracts.test_false_retarget) ... ok
2026-10-09T23:42:58.3105811Z test_floor (test_fixed_family.Contracts.test_floor) ... ok
2026-10-09T23:42:58.3202000Z test_full_partition (test_fixed_family.Contracts.test_full_partition) ... ok
2026-10-09T23:42:58.4787079Z test_missing_completion (test_fixed_family.Contracts.test_missing_completion) ... ok
2026-10-09T23:42:58.6411413Z test_missing_false_member (test_fixed_family.Contracts.test_missing_false_member) ... ok
2026-10-09T23:42:58.7973679Z test_missing_fiber (test_fixed_family.Contracts.test_missing_fiber) ... ok
2026-10-09T23:42:58.9653829Z test_missing_state (test_fixed_family.Contracts.test_missing_state) ... ok
2026-10-09T23:42:59.1227356Z test_preparation (test_fixed_family.Contracts.test_preparation) ... ok
2026-10-09T23:42:59.2783926Z test_protected (test_fixed_family.Contracts.test_protected) ... ok
2026-10-09T23:42:59.4422696Z test_scope (test_fixed_family.Contracts.test_scope) ... ok
2026-10-09T23:42:59.4442904Z test_sharp_preparation (test_fixed_family.Contracts.test_sharp_preparation) ... ok
2026-10-09T23:42:59.6061102Z test_state (test_fixed_family.Contracts.test_state) ... ok
2026-10-09T23:42:59.7688428Z test_substitute_fiber (test_fixed_family.Contracts.test_substitute_fiber) ... ok
2026-10-09T23:42:59.9230951Z test_substituted_truth (test_fixed_family.Contracts.test_substituted_truth) ... ok
2026-10-09T23:43:00.0969830Z test_tau (test_fixed_family.Contracts.test_tau) ... ok
2026-10-09T23:43:00.2552221Z test_type (test_fixed_family.Contracts.test_type) ... ok
2026-10-09T23:43:00.4143515Z test_witness_protected (test_fixed_family.Contracts.test_witness_protected) ... ok
2026-10-09T23:43:00.5786845Z test_witness_tau (test_fixed_family.Contracts.test_witness_tau) ... ok
2026-10-09T23:43:00.5787887Z 
2026-10-09T23:43:00.5788882Z ----------------------------------------------------------------------
2026-10-09T23:43:00.5789761Z Ran 28 tests in 4.543s
2026-10-09T23:43:00.5790128Z 
2026-10-09T23:43:00.5790339Z OK
2026-10-09T23:43:00.6202557Z ##[group]Run actions/upload-artifact@v4
2026-10-09T23:43:00.6202854Z with:
2026-10-09T23:43:00.6203055Z   name: c3-footprint-verification
2026-10-09T23:43:00.6203625Z   path: footprint_verification/
2026-10-09T23:43:00.6203891Z   if-no-files-found: warn
2026-10-09T23:43:00.6204120Z   compression-level: 6
2026-10-09T23:43:00.6204341Z   overwrite: false
2026-10-09T23:43:00.6204552Z   include-hidden-files: false
2026-10-09T23:43:00.6204779Z ##[endgroup]
2026-10-09T23:43:00.7869061Z (node:2383) [DEP0040] DeprecationWarning: The `punycode` module is deprecated. Please use a userland alternative instead.
2026-10-09T23:43:00.7869911Z (Use `node --trace-deprecation ...` to show where the warning was created)
2026-10-09T23:43:00.7974340Z With the provided path, there will be 7 files uploaded
2026-10-09T23:43:00.8004157Z Artifact name is valid!
2026-10-09T23:43:00.8004657Z Root directory input is valid!
2026-10-09T23:43:01.1675850Z Beginning upload of artifact content to blob storage
2026-10-09T23:43:01.2034489Z (node:2383) [DEP0169] DeprecationWarning: `url.parse()` behavior is not standardized and prone to errors that have security implications. Use the WHATWG URL API instead. CVEs are not issued for `url.parse()` vulnerabilities.
2026-10-09T23:43:01.5814343Z Uploaded bytes 47579
2026-10-09T23:43:01.6544878Z Finished uploading artifact content to blob storage!
2026-10-09T23:43:01.6546053Z SHA256 digest of uploaded artifact zip is 36b9b93f1ccc531089114e8bf75ad84886c3afc63b2ae59b148529ad2b5ed54d
2026-10-09T23:43:01.6547387Z Finalizing artifact upload
2026-10-09T23:43:01.9226787Z Artifact c3-footprint-verification.zip successfully finalized. Artifact ID 11651072273
2026-10-09T23:43:01.9228302Z Artifact c3-footprint-verification has been successfully uploaded! Final size is 47579 bytes. Artifact ID is 11651072273
2026-10-09T23:43:01.9234647Z Artifact download URL: https://github.com/proteinfoldingengine/WetLabEngine/actions/runs/38005748370/artifacts/11651072273
2026-10-09T23:43:01.9470885Z Post job cleanup.
2026-10-09T23:43:02.0417648Z [command]/usr/bin/git version
2026-10-09T23:43:02.0473973Z git version 2.55.0
2026-10-09T23:43:02.0516464Z Temporarily overriding HOME='/home/runner/work/_temp/838e24f6-1aa8-43b5-817c-1e4042c445a2' before making global git config changes
2026-10-09T23:43:02.0517993Z Adding repository directory to the temporary git global config as a safe directory
2026-10-09T23:43:02.0534388Z [command]/usr/bin/git config --global --add safe.directory /home/runner/work/WetLabEngine/WetLabEngine/research_snapshot
2026-10-09T23:43:02.0589379Z [command]/usr/bin/git config --local --name-only --get-regexp core\.sshCommand
2026-10-09T23:43:02.0622796Z [command]/usr/bin/git submodule foreach --recursive sh -c "git config --local --name-only --get-regexp 'core\.sshCommand' && git config --local --unset-all 'core.sshCommand' || :"
2026-10-09T23:43:02.0944345Z [command]/usr/bin/git config --local --name-only --get-regexp http\.https\:\/\/github\.com\/\.extraheader
2026-10-09T23:43:02.1019726Z [command]/usr/bin/git submodule foreach --recursive sh -c "git config --local --name-only --get-regexp 'http\.https\:\/\/github\.com\/\.extraheader' && git config --local --unset-all 'http.https://github.com/.extraheader' || :"
2026-10-09T23:43:02.1433680Z [command]/usr/bin/git config --local --name-only --get-regexp ^includeIf\.gitdir:
2026-10-09T23:43:02.1485089Z [command]/usr/bin/git submodule foreach --recursive git config --local --show-origin --name-only --get-regexp remote.origin.url
2026-10-09T23:43:02.2020544Z Cleaning up orphan processes
2026-10-09T23:43:02.2426755Z ##[warning]Node.js 20 is deprecated. The following actions target Node.js 20 but are being forced to run on Node.js 24: actions/checkout@v4, actions/upload-artifact@v4. For more information see: https://github.blog/changelog/2025-09-19-deprecation-of-node-20-on-github-actions-runners/
