2026-09-30T20:50:07.2858478Z Current runner version: '2.337.0'
2026-09-30T20:50:07.2884832Z ##[group]Runner Image Provisioner
2026-09-30T20:50:07.2885776Z Hosted Compute Agent
2026-09-30T20:50:07.2886443Z Version: 20260901.588
2026-09-30T20:50:07.2887097Z Commit: f88ec8081b781fac6c440065ac7ff9e710ce3d0b
2026-09-30T20:50:07.2887897Z Build Date: 2026-09-01T19:56:44Z
2026-09-30T20:50:07.2888560Z Worker ID: {7d6186c4-b70a-4208-8010-9a371a5dc202}
2026-09-30T20:50:07.2889301Z Azure Region: westus
2026-09-30T20:50:07.2889925Z ##[endgroup]
2026-09-30T20:50:07.2892068Z ##[group]Operating System
2026-09-30T20:50:07.2892808Z Ubuntu
2026-09-30T20:50:07.2893335Z 24.04.5
2026-09-30T20:50:07.2893828Z LTS
2026-09-30T20:50:07.2894441Z ##[endgroup]
2026-09-30T20:50:07.2895024Z ##[group]Runner Image
2026-09-30T20:50:07.2895663Z Image: ubuntu-24.04
2026-09-30T20:50:07.2896222Z Version: 20260927.320.1
2026-09-30T20:50:07.2897543Z Included Software: https://github.com/actions/runner-images/blob/ubuntu24/20260927.320/images/ubuntu/Ubuntu2404-Readme.md
2026-09-30T20:50:07.2899082Z Image Release: https://github.com/actions/runner-images/releases/tag/ubuntu24%2F20260927.320
2026-09-30T20:50:07.2900135Z ##[endgroup]
2026-09-30T20:50:07.2901639Z ##[group]GITHUB_TOKEN Permissions
2026-09-30T20:50:07.2903698Z Contents: read
2026-09-30T20:50:07.2904310Z Metadata: read
2026-09-30T20:50:07.2904904Z ##[endgroup]
2026-09-30T20:50:07.2907112Z Secret source: Actions
2026-09-30T20:50:07.2908080Z Cache mode: write
2026-09-30T20:50:07.2908935Z Prepare workflow directory
2026-09-30T20:50:07.3260058Z Prepare all required actions
2026-09-30T20:50:07.3310369Z Getting action download info
2026-09-30T20:50:07.7015155Z Download action repository 'actions/checkout@11d5960a326750d5838078e36cf38b85af677262' (SHA:11d5960a326750d5838078e36cf38b85af677262)
2026-09-30T20:50:07.8319734Z Download action repository 'actions/setup-python@a26af69be951a213d495a4c3e4e4022e16d87065' (SHA:a26af69be951a213d495a4c3e4e4022e16d87065)
2026-09-30T20:50:07.9084475Z Download action repository 'actions/upload-artifact@ea165f8d65b6e75b540449e92b4886f43607fa02' (SHA:ea165f8d65b6e75b540449e92b4886f43607fa02)
2026-09-30T20:50:08.2455713Z Complete job name: post_merge
2026-09-30T20:50:08.3265456Z ##[group]Run actions/checkout@11d5960a326750d5838078e36cf38b85af677262
2026-09-30T20:50:08.3266531Z with:
2026-09-30T20:50:08.3266960Z   fetch-depth: 64
2026-09-30T20:50:08.3267478Z   repository: proteinfoldingengine/WetLabEngine
2026-09-30T20:50:08.3271677Z   token: ***
2026-09-30T20:50:08.3272112Z   ssh-strict: true
2026-09-30T20:50:08.3272547Z   ssh-user: git
2026-09-30T20:50:08.3272985Z   persist-credentials: true
2026-09-30T20:50:08.3273467Z   clean: true
2026-09-30T20:50:08.3273915Z   sparse-checkout-cone-mode: true
2026-09-30T20:50:08.3274437Z   fetch-tags: false
2026-09-30T20:50:08.3274873Z   show-progress: true
2026-09-30T20:50:08.3275312Z   lfs: false
2026-09-30T20:50:08.3275721Z   submodules: false
2026-09-30T20:50:08.3276169Z   set-safe-directory: true
2026-09-30T20:50:08.3276669Z   allow-unsafe-pr-checkout: false
2026-09-30T20:50:08.3277482Z ##[endgroup]
2026-09-30T20:50:08.4305637Z Syncing repository: proteinfoldingengine/WetLabEngine
2026-09-30T20:50:08.4307966Z ##[group]Getting Git version info
2026-09-30T20:50:08.4308804Z Working directory is '/home/runner/work/WetLabEngine/WetLabEngine'
2026-09-30T20:50:08.4309889Z [command]/usr/bin/git version
2026-09-30T20:50:08.4361341Z git version 2.55.0
2026-09-30T20:50:08.4385444Z ##[endgroup]
2026-09-30T20:50:08.4413610Z Temporarily overriding HOME='/home/runner/work/_temp/d5cfb420-db6c-4c3f-a924-9b0a53edfc78' before making global git config changes
2026-09-30T20:50:08.4416106Z Adding repository directory to the temporary git global config as a safe directory
2026-09-30T20:50:08.4420969Z [command]/usr/bin/git config --global --add safe.directory /home/runner/work/WetLabEngine/WetLabEngine
2026-09-30T20:50:08.4501736Z Deleting the contents of '/home/runner/work/WetLabEngine/WetLabEngine'
2026-09-30T20:50:08.4503934Z ##[group]Initializing the repository
2026-09-30T20:50:08.4505489Z [command]/usr/bin/git init /home/runner/work/WetLabEngine/WetLabEngine
2026-09-30T20:50:08.4622095Z hint: Using 'master' as the name for the initial branch. This default branch name
2026-09-30T20:50:08.4624341Z hint: will change to "main" in Git 3.0. To configure the initial branch name
2026-09-30T20:50:08.4626094Z hint: to use in all of your new repositories, which will suppress this warning,
2026-09-30T20:50:08.4628056Z hint: call:
2026-09-30T20:50:08.4629315Z hint:
2026-09-30T20:50:08.4631063Z hint: 	git config --global init.defaultBranch <name>
2026-09-30T20:50:08.4632297Z hint:
2026-09-30T20:50:08.4633275Z hint: Names commonly chosen instead of 'master' are 'main', 'trunk' and
2026-09-30T20:50:08.4634868Z hint: 'development'. The just-created branch can be renamed via this command:
2026-09-30T20:50:08.4636152Z hint:
2026-09-30T20:50:08.4636818Z hint: 	git branch -m <name>
2026-09-30T20:50:08.4637571Z hint:
2026-09-30T20:50:08.4638567Z hint: Disable this message with "git config set advice.defaultBranchName false"
2026-09-30T20:50:08.4640563Z Initialized empty Git repository in /home/runner/work/WetLabEngine/WetLabEngine/.git/
2026-09-30T20:50:08.4650373Z [command]/usr/bin/git remote add origin https://github.com/proteinfoldingengine/WetLabEngine
2026-09-30T20:50:08.4696797Z ##[endgroup]
2026-09-30T20:50:08.4698001Z ##[group]Disabling automatic garbage collection
2026-09-30T20:50:08.4701075Z [command]/usr/bin/git config --local gc.auto 0
2026-09-30T20:50:08.4739768Z ##[endgroup]
2026-09-30T20:50:08.4741450Z ##[group]Setting up auth
2026-09-30T20:50:08.4747867Z [command]/usr/bin/git config --local --name-only --get-regexp core\.sshCommand
2026-09-30T20:50:08.4790419Z [command]/usr/bin/git submodule foreach --recursive sh -c "git config --local --name-only --get-regexp 'core\.sshCommand' && git config --local --unset-all 'core.sshCommand' || :"
2026-09-30T20:50:08.5185316Z [command]/usr/bin/git config --local --name-only --get-regexp http\.https\:\/\/github\.com\/\.extraheader
2026-09-30T20:50:08.5234530Z [command]/usr/bin/git submodule foreach --recursive sh -c "git config --local --name-only --get-regexp 'http\.https\:\/\/github\.com\/\.extraheader' && git config --local --unset-all 'http.https://github.com/.extraheader' || :"
2026-09-30T20:50:08.5477109Z [command]/usr/bin/git config --local --name-only --get-regexp ^includeIf\.gitdir:
2026-09-30T20:50:08.5516543Z [command]/usr/bin/git submodule foreach --recursive git config --local --show-origin --name-only --get-regexp remote.origin.url
2026-09-30T20:50:08.5747871Z [command]/usr/bin/git config --local http.https://github.com/.extraheader AUTHORIZATION: basic ***
2026-09-30T20:50:08.5791171Z ##[endgroup]
2026-09-30T20:50:08.5792013Z ##[group]Fetching the repository
2026-09-30T20:50:08.5801871Z [command]/usr/bin/git -c protocol.version=2 fetch --no-tags --prune --no-recurse-submodules --depth=64 origin +09f3e608e70d8aa70f064ad70909961eaef21bad:refs/remotes/origin/research/v16.34-fiber-component-invariant
2026-09-30T20:51:05.1367594Z From https://github.com/proteinfoldingengine/WetLabEngine
2026-09-30T20:51:05.1370032Z  * [new ref]         09f3e608e70d8aa70f064ad70909961eaef21bad -> origin/research/v16.34-fiber-component-invariant
2026-09-30T20:51:05.1373185Z ##[endgroup]
2026-09-30T20:51:05.1373985Z ##[group]Determining the checkout info
2026-09-30T20:51:05.1376083Z ##[endgroup]
2026-09-30T20:51:05.1383320Z [command]/usr/bin/git sparse-checkout disable
2026-09-30T20:51:05.1447066Z [command]/usr/bin/git config --local --unset-all extensions.worktreeConfig
2026-09-30T20:51:05.1489597Z ##[group]Checking out the ref
2026-09-30T20:51:05.1531268Z [command]/usr/bin/git checkout --progress --force -B research/v16.34-fiber-component-invariant refs/remotes/origin/research/v16.34-fiber-component-invariant
2026-09-30T20:51:06.1814211Z Updating files:  53% (3064/5712)
2026-09-30T20:51:06.3268931Z Updating files:  54% (3085/5712)
2026-09-30T20:51:06.3324718Z Updating files:  55% (3142/5712)
2026-09-30T20:51:06.3358820Z Updating files:  56% (3199/5712)
2026-09-30T20:51:06.3391757Z Updating files:  57% (3256/5712)
2026-09-30T20:51:06.3737429Z Updating files:  58% (3313/5712)
2026-09-30T20:51:06.4158403Z Updating files:  59% (3371/5712)
2026-09-30T20:51:06.4184500Z Updating files:  60% (3428/5712)
2026-09-30T20:51:06.4207099Z Updating files:  61% (3485/5712)
2026-09-30T20:51:06.4352126Z Updating files:  62% (3542/5712)
2026-09-30T20:51:06.4469204Z Updating files:  63% (3599/5712)
2026-09-30T20:51:06.4637196Z Updating files:  64% (3656/5712)
2026-09-30T20:51:06.4719346Z Updating files:  65% (3713/5712)
2026-09-30T20:51:06.4750492Z Updating files:  66% (3770/5712)
2026-09-30T20:51:06.5172070Z Updating files:  67% (3828/5712)
2026-09-30T20:51:06.6837081Z Updating files:  68% (3885/5712)
2026-09-30T20:51:06.8277434Z Updating files:  69% (3942/5712)
2026-09-30T20:51:06.9289691Z Updating files:  70% (3999/5712)
2026-09-30T20:51:07.0625343Z Updating files:  71% (4056/5712)
2026-09-30T20:51:07.1553934Z Updating files:  72% (4113/5712)
2026-09-30T20:51:07.1632850Z Updating files:  73% (4170/5712)
2026-09-30T20:51:07.2046628Z Updating files:  73% (4195/5712)
2026-09-30T20:51:07.2248232Z Updating files:  74% (4227/5712)
2026-09-30T20:51:07.2304266Z Updating files:  75% (4284/5712)
2026-09-30T20:51:07.2782065Z Updating files:  76% (4342/5712)
2026-09-30T20:51:07.2819905Z Updating files:  77% (4399/5712)
2026-09-30T20:51:07.2858146Z Updating files:  78% (4456/5712)
2026-09-30T20:51:07.2892113Z Updating files:  79% (4513/5712)
2026-09-30T20:51:07.2928588Z Updating files:  80% (4570/5712)
2026-09-30T20:51:07.2961410Z Updating files:  81% (4627/5712)
2026-09-30T20:51:07.3002135Z Updating files:  82% (4684/5712)
2026-09-30T20:51:07.3032177Z Updating files:  83% (4741/5712)
2026-09-30T20:51:07.3111756Z Updating files:  84% (4799/5712)
2026-09-30T20:51:07.3220803Z Updating files:  85% (4856/5712)
2026-09-30T20:51:07.6897443Z Updating files:  86% (4913/5712)
2026-09-30T20:51:07.6984654Z Updating files:  87% (4970/5712)
2026-09-30T20:51:07.7295790Z Updating files:  88% (5027/5712)
2026-09-30T20:51:07.7515517Z Updating files:  89% (5084/5712)
2026-09-30T20:51:07.7789354Z Updating files:  90% (5141/5712)
2026-09-30T20:51:07.8259645Z Updating files:  91% (5198/5712)
2026-09-30T20:51:07.8408752Z Updating files:  92% (5256/5712)
2026-09-30T20:51:07.8447864Z Updating files:  93% (5313/5712)
2026-09-30T20:51:07.8544862Z Updating files:  94% (5370/5712)
2026-09-30T20:51:07.8594422Z Updating files:  95% (5427/5712)
2026-09-30T20:51:07.8712263Z Updating files:  96% (5484/5712)
2026-09-30T20:51:07.8786116Z Updating files:  97% (5541/5712)
2026-09-30T20:51:07.8929293Z Updating files:  98% (5598/5712)
2026-09-30T20:51:07.9193467Z Updating files:  99% (5655/5712)
2026-09-30T20:51:07.9194323Z Updating files: 100% (5712/5712)
2026-09-30T20:51:07.9194885Z Updating files: 100% (5712/5712), done.
2026-09-30T20:51:07.9271349Z Switched to a new branch 'research/v16.34-fiber-component-invariant'
2026-09-30T20:51:07.9278605Z branch 'research/v16.34-fiber-component-invariant' set up to track 'origin/research/v16.34-fiber-component-invariant'.
2026-09-30T20:51:07.9413507Z ##[endgroup]
2026-09-30T20:51:07.9472381Z [command]/usr/bin/git log -1 --format=%H
2026-09-30T20:51:07.9505610Z 09f3e608e70d8aa70f064ad70909961eaef21bad
2026-09-30T20:51:07.9845292Z ##[group]Run actions/setup-python@a26af69be951a213d495a4c3e4e4022e16d87065
2026-09-30T20:51:07.9845703Z with:
2026-09-30T20:51:07.9845913Z   python-version: 3.11
2026-09-30T20:51:07.9846138Z   check-latest: false
2026-09-30T20:51:07.9848485Z   token: ***
2026-09-30T20:51:07.9848700Z   update-environment: true
2026-09-30T20:51:07.9848945Z   allow-prereleases: false
2026-09-30T20:51:07.9849181Z   freethreaded: false
2026-09-30T20:51:07.9849391Z ##[endgroup]
2026-09-30T20:51:08.1233353Z ##[group]Installed versions
2026-09-30T20:51:08.1333921Z (node:2323) [DEP0040] DeprecationWarning: The `punycode` module is deprecated. Please use a userland alternative instead.
2026-09-30T20:51:08.1334643Z (Use `node --trace-deprecation ...` to show where the warning was created)
2026-09-30T20:51:08.1335687Z Successfully set up CPython (3.11.16)
2026-09-30T20:51:08.1336838Z ##[endgroup]
2026-09-30T20:51:08.1487023Z ##[group]Run python -m pip install sympy==1.13.3 mpmath==1.3.0
2026-09-30T20:51:08.1487563Z [36;1mpython -m pip install sympy==1.13.3 mpmath==1.3.0[0m
2026-09-30T20:51:08.2157489Z shell: /usr/bin/bash -e {0}
2026-09-30T20:51:08.2157847Z env:
2026-09-30T20:51:08.2158219Z   pythonLocation: /opt/hostedtoolcache/Python/3.11.16/x64
2026-09-30T20:51:08.2158806Z   PKG_CONFIG_PATH: /opt/hostedtoolcache/Python/3.11.16/x64/lib/pkgconfig
2026-09-30T20:51:08.2159384Z   Python_ROOT_DIR: /opt/hostedtoolcache/Python/3.11.16/x64
2026-09-30T20:51:08.2159893Z   Python2_ROOT_DIR: /opt/hostedtoolcache/Python/3.11.16/x64
2026-09-30T20:51:08.2160616Z   Python3_ROOT_DIR: /opt/hostedtoolcache/Python/3.11.16/x64
2026-09-30T20:51:08.2161131Z   LD_LIBRARY_PATH: /opt/hostedtoolcache/Python/3.11.16/x64/lib
2026-09-30T20:51:08.2161558Z ##[endgroup]
2026-09-30T20:51:12.7183265Z Collecting sympy==1.13.3
2026-09-30T20:51:12.7664386Z   Downloading sympy-1.13.3-py3-none-any.whl.metadata (12 kB)
2026-09-30T20:51:12.7820795Z Collecting mpmath==1.3.0
2026-09-30T20:51:12.7855595Z   Downloading mpmath-1.3.0-py3-none-any.whl.metadata (8.6 kB)
2026-09-30T20:51:12.7987610Z Downloading sympy-1.13.3-py3-none-any.whl (6.2 MB)
2026-09-30T20:51:12.8522598Z    ━━━━━━━━━━━━━━━━━━━━━━━━━━━━━━━━━━━━━━━━ 6.2/6.2 MB 161.5 MB/s  0:00:00
2026-09-30T20:51:12.8562715Z Downloading mpmath-1.3.0-py3-none-any.whl (536 kB)
2026-09-30T20:51:12.8618167Z    ━━━━━━━━━━━━━━━━━━━━━━━━━━━━━━━━━━━━━━━━ 536.2/536.2 kB 88.9 MB/s  0:00:00
2026-09-30T20:51:13.1116623Z Installing collected packages: mpmath, sympy
2026-09-30T20:51:19.0280101Z 
2026-09-30T20:51:19.0290055Z Successfully installed mpmath-1.3.0 sympy-1.13.3
2026-09-30T20:51:19.0951019Z ##[group]Run python tools/retained_ci/publish.py verify
2026-09-30T20:51:19.0951514Z [36;1mpython tools/retained_ci/publish.py verify[0m
2026-09-30T20:51:19.1018221Z shell: /usr/bin/bash -e {0}
2026-09-30T20:51:19.1018515Z env:
2026-09-30T20:51:19.1018847Z   pythonLocation: /opt/hostedtoolcache/Python/3.11.16/x64
2026-09-30T20:51:19.1019355Z   PKG_CONFIG_PATH: /opt/hostedtoolcache/Python/3.11.16/x64/lib/pkgconfig
2026-09-30T20:51:19.1019855Z   Python_ROOT_DIR: /opt/hostedtoolcache/Python/3.11.16/x64
2026-09-30T20:51:19.1020540Z   Python2_ROOT_DIR: /opt/hostedtoolcache/Python/3.11.16/x64
2026-09-30T20:51:19.1020985Z   Python3_ROOT_DIR: /opt/hostedtoolcache/Python/3.11.16/x64
2026-09-30T20:51:19.1021426Z   LD_LIBRARY_PATH: /opt/hostedtoolcache/Python/3.11.16/x64/lib
2026-09-30T20:51:19.1021798Z ##[endgroup]
2026-09-30T20:51:20.0232229Z {"package": "VERIFIED", "source_members": 1331}
2026-09-30T20:51:20.0232851Z {"package": "VERIFIED", "source_members": 1331}
2026-09-30T20:51:20.0233442Z {"publication": "VERIFIED", "members": 92}
2026-09-30T20:51:20.0389889Z ##[group]Run python tools/retained_ci/run.py phase out/merge
2026-09-30T20:51:20.0390672Z [36;1mpython tools/retained_ci/run.py phase out/merge[0m
2026-09-30T20:51:20.0456401Z shell: /usr/bin/bash -e {0}
2026-09-30T20:51:20.0456719Z env:
2026-09-30T20:51:20.0457021Z   pythonLocation: /opt/hostedtoolcache/Python/3.11.16/x64
2026-09-30T20:51:20.0457518Z   PKG_CONFIG_PATH: /opt/hostedtoolcache/Python/3.11.16/x64/lib/pkgconfig
2026-09-30T20:51:20.0457994Z   Python_ROOT_DIR: /opt/hostedtoolcache/Python/3.11.16/x64
2026-09-30T20:51:20.0458415Z   Python2_ROOT_DIR: /opt/hostedtoolcache/Python/3.11.16/x64
2026-09-30T20:51:20.0458833Z   Python3_ROOT_DIR: /opt/hostedtoolcache/Python/3.11.16/x64
2026-09-30T20:51:20.0459279Z   LD_LIBRARY_PATH: /opt/hostedtoolcache/Python/3.11.16/x64/lib
2026-09-30T20:51:20.0459654Z ##[endgroup]
2026-09-30T20:53:32.1865670Z {"parallel_phase_seconds": 130.871731426, "commands": {"science": {"argv": ["/opt/hostedtoolcache/Python/3.11.16/x64/bin/python", "/home/runner/work/WetLabEngine/WetLabEngine/ResearchHistory/UQCF-GEM/demos/v16.39-theorem-validation/run_campaign.py", "out/merge/scientific"], "returncode": 0, "start_seconds": 0.0002927190000008295, "end_seconds": 130.871035556}, "inherited": {"argv": ["/opt/hostedtoolcache/Python/3.11.16/x64/bin/python", "/home/runner/work/WetLabEngine/WetLabEngine/tools/retained_ci/run.py", "inherited", "out/merge/inherited"], "returncode": 0, "start_seconds": 0.0004992429999930437, "end_seconds": 81.74536183999999}}, "inherited_tests": 261, "current_controls": 28, "scientific_bytes_identical": true}
2026-09-30T20:53:32.1985182Z ##[group]Run python tools/retained_ci/run.py package out/merge post_merge
2026-09-30T20:53:32.1985765Z [36;1mpython tools/retained_ci/run.py package out/merge post_merge[0m
2026-09-30T20:53:32.2051017Z shell: /usr/bin/bash -e {0}
2026-09-30T20:53:32.2051279Z env:
2026-09-30T20:53:32.2051554Z   pythonLocation: /opt/hostedtoolcache/Python/3.11.16/x64
2026-09-30T20:53:32.2052018Z   PKG_CONFIG_PATH: /opt/hostedtoolcache/Python/3.11.16/x64/lib/pkgconfig
2026-09-30T20:53:32.2052466Z   Python_ROOT_DIR: /opt/hostedtoolcache/Python/3.11.16/x64
2026-09-30T20:53:32.2052858Z   Python2_ROOT_DIR: /opt/hostedtoolcache/Python/3.11.16/x64
2026-09-30T20:53:32.2053264Z   Python3_ROOT_DIR: /opt/hostedtoolcache/Python/3.11.16/x64
2026-09-30T20:53:32.2053656Z   LD_LIBRARY_PATH: /opt/hostedtoolcache/Python/3.11.16/x64/lib
2026-09-30T20:53:32.2053987Z ##[endgroup]
2026-09-30T20:53:34.9866777Z {"package": "VERIFIED", "source_members": 1331}
2026-09-30T20:53:35.0054333Z ##[group]Run actions/upload-artifact@ea165f8d65b6e75b540449e92b4886f43607fa02
2026-09-30T20:53:35.0054771Z with:
2026-09-30T20:53:35.0055073Z   name: retained-ci-post_merge-09f3e608e70d8aa70f064ad70909961eaef21bad
2026-09-30T20:53:35.0055457Z   path: out/merge
2026-09-30T20:53:35.0055679Z   if-no-files-found: error
2026-09-30T20:53:35.0055912Z   compression-level: 6
2026-09-30T20:53:35.0056120Z   overwrite: false
2026-09-30T20:53:35.0056333Z   include-hidden-files: false
2026-09-30T20:53:35.0056560Z env:
2026-09-30T20:53:35.0056823Z   pythonLocation: /opt/hostedtoolcache/Python/3.11.16/x64
2026-09-30T20:53:35.0057257Z   PKG_CONFIG_PATH: /opt/hostedtoolcache/Python/3.11.16/x64/lib/pkgconfig
2026-09-30T20:53:35.0057703Z   Python_ROOT_DIR: /opt/hostedtoolcache/Python/3.11.16/x64
2026-09-30T20:53:35.0058085Z   Python2_ROOT_DIR: /opt/hostedtoolcache/Python/3.11.16/x64
2026-09-30T20:53:35.0058475Z   Python3_ROOT_DIR: /opt/hostedtoolcache/Python/3.11.16/x64
2026-09-30T20:53:35.0058893Z   LD_LIBRARY_PATH: /opt/hostedtoolcache/Python/3.11.16/x64/lib
2026-09-30T20:53:35.0059222Z ##[endgroup]
2026-09-30T20:53:35.1836731Z (node:2471) [DEP0040] DeprecationWarning: The `punycode` module is deprecated. Please use a userland alternative instead.
2026-09-30T20:53:35.1837627Z (Use `node --trace-deprecation ...` to show where the warning was created)
2026-09-30T20:53:35.2001546Z With the provided path, there will be 35 files uploaded
2026-09-30T20:53:35.2007551Z Artifact name is valid!
2026-09-30T20:53:35.2007980Z Root directory input is valid!
2026-09-30T20:53:35.6042389Z Beginning upload of artifact content to blob storage
2026-09-30T20:53:35.8338652Z (node:2471) [DEP0169] DeprecationWarning: `url.parse()` behavior is not standardized and prone to errors that have security implications. Use the WHATWG URL API instead. CVEs are not issued for `url.parse()` vulnerabilities.
2026-09-30T20:53:36.6785236Z Uploaded bytes 5155313
2026-09-30T20:53:36.7571903Z Finished uploading artifact content to blob storage!
2026-09-30T20:53:36.7573024Z SHA256 digest of uploaded artifact zip is 2f458d5f73068fc06c6a5b634eb4b1445dc7edac05a64591a7098fadcce8de18
2026-09-30T20:53:36.7574535Z Finalizing artifact upload
2026-09-30T20:53:37.0488376Z Artifact retained-ci-post_merge-09f3e608e70d8aa70f064ad70909961eaef21bad.zip successfully finalized. Artifact ID 11125902542
2026-09-30T20:53:37.0491397Z Artifact retained-ci-post_merge-09f3e608e70d8aa70f064ad70909961eaef21bad has been successfully uploaded! Final size is 5155313 bytes. Artifact ID is 11125902542
2026-09-30T20:53:37.0497032Z Artifact download URL: https://github.com/proteinfoldingengine/WetLabEngine/actions/runs/36775324482/artifacts/11125902542
2026-09-30T20:53:37.0686705Z Post job cleanup.
2026-09-30T20:53:37.1948255Z (node:2483) [DEP0040] DeprecationWarning: The `punycode` module is deprecated. Please use a userland alternative instead.
2026-09-30T20:53:37.1949217Z (Use `node --trace-deprecation ...` to show where the warning was created)
2026-09-30T20:53:37.2143169Z Post job cleanup.
2026-09-30T20:53:37.3103592Z [command]/usr/bin/git version
2026-09-30T20:53:37.3155150Z git version 2.55.0
2026-09-30T20:53:37.3211561Z Temporarily overriding HOME='/home/runner/work/_temp/9338eb60-c535-49ce-82d9-73cfb06aef40' before making global git config changes
2026-09-30T20:53:37.3219570Z Adding repository directory to the temporary git global config as a safe directory
2026-09-30T20:53:37.3220991Z [command]/usr/bin/git config --global --add safe.directory /home/runner/work/WetLabEngine/WetLabEngine
2026-09-30T20:53:37.3275016Z [command]/usr/bin/git config --local --name-only --get-regexp core\.sshCommand
2026-09-30T20:53:37.3345941Z [command]/usr/bin/git submodule foreach --recursive sh -c "git config --local --name-only --get-regexp 'core\.sshCommand' && git config --local --unset-all 'core.sshCommand' || :"
2026-09-30T20:53:37.3635940Z [command]/usr/bin/git config --local --name-only --get-regexp http\.https\:\/\/github\.com\/\.extraheader
2026-09-30T20:53:37.3667801Z http.https://github.com/.extraheader
2026-09-30T20:53:37.3680557Z [command]/usr/bin/git config --local --unset-all http.https://github.com/.extraheader
2026-09-30T20:53:37.3721839Z [command]/usr/bin/git submodule foreach --recursive sh -c "git config --local --name-only --get-regexp 'http\.https\:\/\/github\.com\/\.extraheader' && git config --local --unset-all 'http.https://github.com/.extraheader' || :"
2026-09-30T20:53:37.4008335Z [command]/usr/bin/git config --local --name-only --get-regexp ^includeIf\.gitdir:
2026-09-30T20:53:37.4052992Z [command]/usr/bin/git submodule foreach --recursive git config --local --show-origin --name-only --get-regexp remote.origin.url
2026-09-30T20:53:37.4497417Z Cleaning up orphan processes
2026-09-30T20:53:37.4810032Z ##[warning]Node.js 20 is deprecated. The following actions target Node.js 20 but are being forced to run on Node.js 24: actions/checkout@11d5960a326750d5838078e36cf38b85af677262, actions/setup-python@a26af69be951a213d495a4c3e4e4022e16d87065, actions/upload-artifact@ea165f8d65b6e75b540449e92b4886f43607fa02. For more information see: https://github.blog/changelog/2025-09-19-deprecation-of-node-20-on-github-actions-runners/
