2026-10-10T21:15:51.7509626Z Current runner version: '2.337.0'
2026-10-10T21:15:51.7536638Z ##[group]Runner Image Provisioner
2026-10-10T21:15:51.7537708Z Hosted Compute Agent
2026-10-10T21:15:51.7538447Z Version: 20261002.596
2026-10-10T21:15:51.7539293Z Commit: c3d12f3313a95f25162a1503be624f3b0617f8c0
2026-10-10T21:15:51.7540167Z Build Date: 2026-10-02T22:28:27Z
2026-10-10T21:15:51.7541203Z Worker ID: {8baf9ec4-b6df-494e-852c-23b41d54320c}
2026-10-10T21:15:51.7542131Z Region: eastus
2026-10-10T21:15:51.7542780Z Cloud: Azure
2026-10-10T21:15:51.7543556Z ##[endgroup]
2026-10-10T21:15:51.7545247Z ##[group]Operating System
2026-10-10T21:15:51.7546444Z Ubuntu
2026-10-10T21:15:51.7547090Z 24.04.5
2026-10-10T21:15:51.7547682Z LTS
2026-10-10T21:15:51.7548406Z ##[endgroup]
2026-10-10T21:15:51.7549266Z ##[group]Runner Image
2026-10-10T21:15:51.7550044Z Image: ubuntu-24.04
2026-10-10T21:15:51.7550884Z Version: 20261004.327.1
2026-10-10T21:15:51.7552539Z Included Software: https://github.com/actions/runner-images/blob/ubuntu24/20261004.327/images/ubuntu/Ubuntu2404-Readme.md
2026-10-10T21:15:51.7554468Z Image Release: https://github.com/actions/runner-images/releases/tag/ubuntu24%2F20261004.327
2026-10-10T21:15:51.7555762Z ##[endgroup]
2026-10-10T21:15:51.7557103Z ##[group]GITHUB_TOKEN Permissions
2026-10-10T21:15:51.7559662Z Contents: read
2026-10-10T21:15:51.7560362Z Metadata: read
2026-10-10T21:15:51.7561369Z ##[endgroup]
2026-10-10T21:15:51.7563655Z Secret source: Actions
2026-10-10T21:15:51.7564821Z Cache mode: write
2026-10-10T21:15:51.7565931Z Prepare workflow directory
2026-10-10T21:15:51.7923171Z Prepare all required actions
2026-10-10T21:15:51.7978183Z Getting action download info
2026-10-10T21:15:51.9549934Z Download action repository 'actions/checkout@v4' (SHA:11d5960a326750d5838078e36cf38b85af677262)
2026-10-10T21:15:52.0504023Z Download action repository 'actions/download-artifact@v4' (SHA:d3f86a106a0bac45b974a628896c90dbdf5c8093)
2026-10-10T21:15:52.2964470Z Download action repository 'actions/upload-artifact@v4' (SHA:ea165f8d65b6e75b540449e92b4886f43607fa02)
2026-10-10T21:15:52.6256759Z Complete job name: mathematical-review
2026-10-10T21:15:52.6949814Z ##[group]Run actions/checkout@v4
2026-10-10T21:15:52.6951036Z with:
2026-10-10T21:15:52.6951661Z   path: research_snapshot
2026-10-10T21:15:52.6952414Z   persist-credentials: false
2026-10-10T21:15:52.6953611Z   sparse-checkout: ResearchHistory/UQCF-GEM/research/physical-bridge
.github/scripts

2026-10-10T21:15:52.6954997Z   repository: proteinfoldingengine/WetLabEngine
2026-10-10T21:15:52.6961513Z   token: ***
2026-10-10T21:15:52.6962143Z   ssh-strict: true
2026-10-10T21:15:52.6962786Z   ssh-user: git
2026-10-10T21:15:52.6963407Z   clean: true
2026-10-10T21:15:52.6964062Z   sparse-checkout-cone-mode: true
2026-10-10T21:15:52.6964847Z   fetch-depth: 1
2026-10-10T21:15:52.6965514Z   fetch-tags: false
2026-10-10T21:15:52.6966176Z   show-progress: true
2026-10-10T21:15:52.6966843Z   lfs: false
2026-10-10T21:15:52.6967441Z   submodules: false
2026-10-10T21:15:52.6968116Z   set-safe-directory: true
2026-10-10T21:15:52.6968900Z   allow-unsafe-pr-checkout: false
2026-10-10T21:15:52.6969894Z ##[endgroup]
2026-10-10T21:15:52.7860631Z Syncing repository: proteinfoldingengine/WetLabEngine
2026-10-10T21:15:52.7864022Z ##[group]Getting Git version info
2026-10-10T21:15:52.7865939Z Working directory is '/home/runner/work/WetLabEngine/WetLabEngine/research_snapshot'
2026-10-10T21:15:52.7868394Z [command]/usr/bin/git version
2026-10-10T21:15:52.7976122Z git version 2.55.0
2026-10-10T21:15:52.8004036Z ##[endgroup]
2026-10-10T21:15:52.8013682Z Temporarily overriding HOME='/home/runner/work/_temp/17639456-d47d-4fe4-9086-53b0638111e0' before making global git config changes
2026-10-10T21:15:52.8017184Z Adding repository directory to the temporary git global config as a safe directory
2026-10-10T21:15:52.8020386Z [command]/usr/bin/git config --global --add safe.directory /home/runner/work/WetLabEngine/WetLabEngine/research_snapshot
2026-10-10T21:15:52.8090933Z ##[group]Initializing the repository
2026-10-10T21:15:52.8093658Z [command]/usr/bin/git init /home/runner/work/WetLabEngine/WetLabEngine/research_snapshot
2026-10-10T21:15:52.8174158Z hint: Using 'master' as the name for the initial branch. This default branch name
2026-10-10T21:15:52.8176468Z hint: will change to "main" in Git 3.0. To configure the initial branch name
2026-10-10T21:15:52.8178782Z hint: to use in all of your new repositories, which will suppress this warning,
2026-10-10T21:15:52.8180839Z hint: call:
2026-10-10T21:15:52.8181781Z hint:
2026-10-10T21:15:52.8182936Z hint: 	git config --global init.defaultBranch <name>
2026-10-10T21:15:52.8184376Z hint:
2026-10-10T21:15:52.8185662Z hint: Names commonly chosen instead of 'master' are 'main', 'trunk' and
2026-10-10T21:15:52.8187807Z hint: 'development'. The just-created branch can be renamed via this command:
2026-10-10T21:15:52.8199045Z hint:
2026-10-10T21:15:52.8200597Z hint: 	git branch -m <name>
2026-10-10T21:15:52.8201739Z hint:
2026-10-10T21:15:52.8203196Z hint: Disable this message with "git config set advice.defaultBranchName false"
2026-10-10T21:15:52.8205613Z Initialized empty Git repository in /home/runner/work/WetLabEngine/WetLabEngine/research_snapshot/.git/
2026-10-10T21:15:52.8209964Z [command]/usr/bin/git remote add origin https://github.com/proteinfoldingengine/WetLabEngine
2026-10-10T21:15:52.8247187Z ##[endgroup]
2026-10-10T21:15:52.8248975Z ##[group]Disabling automatic garbage collection
2026-10-10T21:15:52.8250663Z [command]/usr/bin/git config --local gc.auto 0
2026-10-10T21:15:52.8280641Z ##[endgroup]
2026-10-10T21:15:52.8282216Z ##[group]Setting up auth
2026-10-10T21:15:52.8292184Z [command]/usr/bin/git config --local --name-only --get-regexp core\.sshCommand
2026-10-10T21:15:52.8351069Z [command]/usr/bin/git submodule foreach --recursive sh -c "git config --local --name-only --get-regexp 'core\.sshCommand' && git config --local --unset-all 'core.sshCommand' || :"
2026-10-10T21:15:52.8692385Z [command]/usr/bin/git config --local --name-only --get-regexp http\.https\:\/\/github\.com\/\.extraheader
2026-10-10T21:15:52.8728140Z [command]/usr/bin/git submodule foreach --recursive sh -c "git config --local --name-only --get-regexp 'http\.https\:\/\/github\.com\/\.extraheader' && git config --local --unset-all 'http.https://github.com/.extraheader' || :"
2026-10-10T21:15:52.8918756Z [command]/usr/bin/git config --local --name-only --get-regexp ^includeIf\.gitdir:
2026-10-10T21:15:52.8951750Z [command]/usr/bin/git submodule foreach --recursive git config --local --show-origin --name-only --get-regexp remote.origin.url
2026-10-10T21:15:52.9143070Z [command]/usr/bin/git config --local http.https://github.com/.extraheader AUTHORIZATION: basic ***
2026-10-10T21:15:52.9178424Z ##[endgroup]
2026-10-10T21:15:52.9179686Z ##[group]Fetching the repository
2026-10-10T21:15:52.9187689Z [command]/usr/bin/git -c protocol.version=2 fetch --no-tags --prune --no-recurse-submodules --filter=blob:none --depth=1 origin +81c26f9e6098b659dde01656639ad3b2b9f1d4c5:refs/remotes/origin/research/uqcf-overlapping-guard-exchange
2026-10-10T21:15:53.2623659Z From https://github.com/proteinfoldingengine/WetLabEngine
2026-10-10T21:15:53.2625027Z  * [new ref]         81c26f9e6098b659dde01656639ad3b2b9f1d4c5 -> origin/research/uqcf-overlapping-guard-exchange
2026-10-10T21:15:53.2626975Z ##[endgroup]
2026-10-10T21:15:53.2627467Z ##[group]Determining the checkout info
2026-10-10T21:15:53.2628112Z ##[endgroup]
2026-10-10T21:15:53.2628621Z ##[group]Setting up sparse checkout
2026-10-10T21:15:53.2634176Z [command]/usr/bin/git sparse-checkout set ResearchHistory/UQCF-GEM/research/physical-bridge .github/scripts
2026-10-10T21:15:53.3324267Z ##[endgroup]
2026-10-10T21:15:53.3324839Z ##[group]Checking out the ref
2026-10-10T21:15:53.3328849Z [command]/usr/bin/git checkout --progress --force -B research/uqcf-overlapping-guard-exchange refs/remotes/origin/research/uqcf-overlapping-guard-exchange
2026-10-10T21:15:54.1528507Z Switched to a new branch 'research/uqcf-overlapping-guard-exchange'
2026-10-10T21:15:54.1534594Z branch 'research/uqcf-overlapping-guard-exchange' set up to track 'origin/research/uqcf-overlapping-guard-exchange'.
2026-10-10T21:15:54.1544032Z ##[endgroup]
2026-10-10T21:15:54.1591061Z [command]/usr/bin/git log -1 --format=%H
2026-10-10T21:15:54.1614057Z 81c26f9e6098b659dde01656639ad3b2b9f1d4c5
2026-10-10T21:15:54.1621604Z ##[group]Removing auth
2026-10-10T21:15:54.1624623Z [command]/usr/bin/git config --local --name-only --get-regexp core\.sshCommand
2026-10-10T21:15:54.1651033Z [command]/usr/bin/git submodule foreach --recursive sh -c "git config --local --name-only --get-regexp 'core\.sshCommand' && git config --local --unset-all 'core.sshCommand' || :"
2026-10-10T21:15:54.1857901Z [command]/usr/bin/git config --local --name-only --get-regexp http\.https\:\/\/github\.com\/\.extraheader
2026-10-10T21:15:54.1892110Z http.https://github.com/.extraheader
2026-10-10T21:15:54.1898618Z [command]/usr/bin/git config --local --unset-all http.https://github.com/.extraheader
2026-10-10T21:15:54.1928908Z [command]/usr/bin/git submodule foreach --recursive sh -c "git config --local --name-only --get-regexp 'http\.https\:\/\/github\.com\/\.extraheader' && git config --local --unset-all 'http.https://github.com/.extraheader' || :"
2026-10-10T21:15:54.2132892Z [command]/usr/bin/git config --local --name-only --get-regexp ^includeIf\.gitdir:
2026-10-10T21:15:54.2161423Z [command]/usr/bin/git submodule foreach --recursive git config --local --show-origin --name-only --get-regexp remote.origin.url
2026-10-10T21:15:54.2363266Z ##[endgroup]
2026-10-10T21:15:54.2554596Z ##[group]Run actions/download-artifact@v4
2026-10-10T21:15:54.2554882Z with:
2026-10-10T21:15:54.2555129Z   name: c3-fingerprint-lock-fresh-reproduction
2026-10-10T21:15:54.2555421Z   path: fingerprint_verification
2026-10-10T21:15:54.2555666Z   merge-multiple: false
2026-10-10T21:15:54.2555928Z   repository: proteinfoldingengine/WetLabEngine
2026-10-10T21:15:54.2556206Z   run-id: 38086587211
2026-10-10T21:15:54.2556423Z ##[endgroup]
2026-10-10T21:15:54.3837946Z Downloading single artifact
2026-10-10T21:15:54.3952743Z (node:2159) [DEP0040] DeprecationWarning: The `punycode` module is deprecated. Please use a userland alternative instead.
2026-10-10T21:15:54.3953472Z (Use `node --trace-deprecation ...` to show where the warning was created)
2026-10-10T21:15:54.5213940Z Preparing to download the following artifacts:
2026-10-10T21:15:54.5214961Z - c3-fingerprint-lock-fresh-reproduction (ID: 11682248987, Size: 7409530, Expected Digest: sha256:9ccbf5ee765daf782399b6dd500c6c93183bfa6f484f9f7386a4f8c204d58362)
2026-10-10T21:15:54.6255776Z Redirecting to blob download url: https://productionresultssa4.blob.core.windows.net/actions-results/e796c7db-64a3-84fe-9a9a-6b6305b371b5/workflow-job-run-e6b6ecab-3ff0-5ec2-963d-af2f5ffd18af/artifacts/3ac592d6699079301883f969ea1425dcdf0b3aac0fa6c617992230626a456b68.zip
2026-10-10T21:15:54.6257567Z Starting download of artifact to: /home/runner/work/WetLabEngine/WetLabEngine/fingerprint_verification
2026-10-10T21:15:54.7227098Z (node:2159) [DEP0005] DeprecationWarning: Buffer() is deprecated due to security and usability issues. Please use the Buffer.alloc(), Buffer.allocUnsafe(), or Buffer.from() methods instead.
2026-10-10T21:15:54.8320884Z SHA256 digest of downloaded artifact is 9ccbf5ee765daf782399b6dd500c6c93183bfa6f484f9f7386a4f8c204d58362
2026-10-10T21:15:54.8321605Z Artifact download completed successfully.
2026-10-10T21:15:54.8321981Z Total of 1 artifact(s) downloaded
2026-10-10T21:15:54.8325795Z Download artifact has finished successfully
2026-10-10T21:15:54.8460021Z ##[group]Run python3 research_snapshot/.github/scripts/c3_fingerprint_lock_review.py
2026-10-10T21:15:54.8460753Z [36;1mpython3 research_snapshot/.github/scripts/c3_fingerprint_lock_review.py[0m
2026-10-10T21:15:54.8687059Z shell: /usr/bin/bash -e {0}
2026-10-10T21:15:54.8687301Z env:
2026-10-10T21:15:54.8687727Z   GEMINI_API_KEY: ***
2026-10-10T21:15:54.8687920Z ##[endgroup]
2026-10-10T21:17:04.7747844Z Fingerprint-lock independent verdict: ACCEPTED
2026-10-10T21:17:04.7748237Z Missing assumptions: 0
2026-10-10T21:17:04.7748874Z Counterexamples: 0
2026-10-10T21:17:04.7749326Z Response SHA256: f857c70067e52d24b0f461c74cdd390d6e99c6c9e984c1a8c789dd6553b0f4cb
2026-10-10T21:17:04.7749748Z This is not scientific certification.
2026-10-10T21:17:04.7903089Z ##[group]Run actions/upload-artifact@v4
2026-10-10T21:17:04.7903367Z with:
2026-10-10T21:17:04.7903582Z   name: c3-fingerprint-lock-mathematical-review
2026-10-10T21:17:04.7903839Z   path: fingerprint_lock_review/
2026-10-10T21:17:04.7904053Z   if-no-files-found: warn
2026-10-10T21:17:04.7904259Z   compression-level: 6
2026-10-10T21:17:04.7904450Z   overwrite: false
2026-10-10T21:17:04.7904636Z   include-hidden-files: false
2026-10-10T21:17:04.7904842Z ##[endgroup]
2026-10-10T21:17:04.9208034Z (node:2219) [DEP0040] DeprecationWarning: The `punycode` module is deprecated. Please use a userland alternative instead.
2026-10-10T21:17:04.9208735Z (Use `node --trace-deprecation ...` to show where the warning was created)
2026-10-10T21:17:04.9252382Z With the provided path, there will be 2 files uploaded
2026-10-10T21:17:04.9257080Z Artifact name is valid!
2026-10-10T21:17:04.9257908Z Root directory input is valid!
2026-10-10T21:17:05.1168956Z Beginning upload of artifact content to blob storage
2026-10-10T21:17:05.1327509Z (node:2219) [DEP0169] DeprecationWarning: `url.parse()` behavior is not standardized and prone to errors that have security implications. Use the WHATWG URL API instead. CVEs are not issued for `url.parse()` vulnerabilities.
2026-10-10T21:17:05.1581500Z Uploaded bytes 3176
2026-10-10T21:17:05.1726317Z Finished uploading artifact content to blob storage!
2026-10-10T21:17:05.1727038Z SHA256 digest of uploaded artifact zip is f877e77f1e4ed9223049e3ae096ff7d5c2eed4b6254d83371d7d1db55f66cf2d
2026-10-10T21:17:05.1728048Z Finalizing artifact upload
2026-10-10T21:17:05.3897531Z Artifact c3-fingerprint-lock-mathematical-review.zip successfully finalized. Artifact ID 11682262657
2026-10-10T21:17:05.3898608Z Artifact c3-fingerprint-lock-mathematical-review has been successfully uploaded! Final size is 3176 bytes. Artifact ID is 11682262657
2026-10-10T21:17:05.3904676Z Artifact download URL: https://github.com/proteinfoldingengine/WetLabEngine/actions/runs/38086587211/artifacts/11682262657
2026-10-10T21:17:05.4057990Z Post job cleanup.
2026-10-10T21:17:05.4735873Z [command]/usr/bin/git version
2026-10-10T21:17:05.4769334Z git version 2.55.0
2026-10-10T21:17:05.4800214Z Temporarily overriding HOME='/home/runner/work/_temp/e21fe5ca-2cf3-4508-a4d0-0e5469775466' before making global git config changes
2026-10-10T21:17:05.4801386Z Adding repository directory to the temporary git global config as a safe directory
2026-10-10T21:17:05.4806675Z [command]/usr/bin/git config --global --add safe.directory /home/runner/work/WetLabEngine/WetLabEngine/research_snapshot
2026-10-10T21:17:05.4841957Z [command]/usr/bin/git config --local --name-only --get-regexp core\.sshCommand
2026-10-10T21:17:05.4872518Z [command]/usr/bin/git submodule foreach --recursive sh -c "git config --local --name-only --get-regexp 'core\.sshCommand' && git config --local --unset-all 'core.sshCommand' || :"
2026-10-10T21:17:05.5092613Z [command]/usr/bin/git config --local --name-only --get-regexp http\.https\:\/\/github\.com\/\.extraheader
2026-10-10T21:17:05.5124330Z [command]/usr/bin/git submodule foreach --recursive sh -c "git config --local --name-only --get-regexp 'http\.https\:\/\/github\.com\/\.extraheader' && git config --local --unset-all 'http.https://github.com/.extraheader' || :"
2026-10-10T21:17:05.5359676Z [command]/usr/bin/git config --local --name-only --get-regexp ^includeIf\.gitdir:
2026-10-10T21:17:05.5392972Z [command]/usr/bin/git submodule foreach --recursive git config --local --show-origin --name-only --get-regexp remote.origin.url
2026-10-10T21:17:05.5745086Z Cleaning up orphan processes
2026-10-10T21:17:05.5960675Z ##[warning]Node.js 20 is deprecated. The following actions target Node.js 20 but are being forced to run on Node.js 24: actions/checkout@v4, actions/download-artifact@v4, actions/upload-artifact@v4. For more information see: https://github.blog/changelog/2025-09-19-deprecation-of-node-20-on-github-actions-runners/
