2026-10-10T21:17:09.3129268Z Current runner version: '2.337.0'
2026-10-10T21:17:09.3149430Z ##[group]Runner Image Provisioner
2026-10-10T21:17:09.3150165Z Hosted Compute Agent
2026-10-10T21:17:09.3150679Z Version: 20261002.596
2026-10-10T21:17:09.3151274Z Commit: c3d12f3313a95f25162a1503be624f3b0617f8c0
2026-10-10T21:17:09.3151909Z Build Date: 2026-10-02T22:28:27Z
2026-10-10T21:17:09.3152524Z Worker ID: {cad8a054-b476-43ae-87a1-0f385c7a1834}
2026-10-10T21:17:09.3153107Z Region: westus3
2026-10-10T21:17:09.3153587Z Cloud: Azure
2026-10-10T21:17:09.3154102Z ##[endgroup]
2026-10-10T21:17:09.3155259Z ##[group]Operating System
2026-10-10T21:17:09.3156157Z Ubuntu
2026-10-10T21:17:09.3156633Z 24.04.5
2026-10-10T21:17:09.3157047Z LTS
2026-10-10T21:17:09.3157665Z ##[endgroup]
2026-10-10T21:17:09.3158131Z ##[group]Runner Image
2026-10-10T21:17:09.3158661Z Image: ubuntu-24.04
2026-10-10T21:17:09.3159226Z Version: 20261004.327.1
2026-10-10T21:17:09.3160269Z Included Software: https://github.com/actions/runner-images/blob/ubuntu24/20261004.327/images/ubuntu/Ubuntu2404-Readme.md
2026-10-10T21:17:09.3161560Z Image Release: https://github.com/actions/runner-images/releases/tag/ubuntu24%2F20261004.327
2026-10-10T21:17:09.3162420Z ##[endgroup]
2026-10-10T21:17:09.3163349Z ##[group]GITHUB_TOKEN Permissions
2026-10-10T21:17:09.3165170Z Contents: read
2026-10-10T21:17:09.3165672Z Metadata: read
2026-10-10T21:17:09.3166128Z ##[endgroup]
2026-10-10T21:17:09.3168071Z Secret source: Actions
2026-10-10T21:17:09.3168861Z Cache mode: write
2026-10-10T21:17:09.3169523Z Prepare workflow directory
2026-10-10T21:17:09.3432845Z Prepare all required actions
2026-10-10T21:17:09.3472075Z Getting action download info
2026-10-10T21:17:09.6617783Z Download action repository 'actions/checkout@v4' (SHA:11d5960a326750d5838078e36cf38b85af677262)
2026-10-10T21:17:09.7398080Z Download action repository 'actions/download-artifact@v4' (SHA:d3f86a106a0bac45b974a628896c90dbdf5c8093)
2026-10-10T21:17:10.5412613Z Download action repository 'actions/upload-artifact@v4' (SHA:ea165f8d65b6e75b540449e92b4886f43607fa02)
2026-10-10T21:17:10.9734225Z Complete job name: publication-audit
2026-10-10T21:17:11.0473851Z ##[group]Run actions/checkout@v4
2026-10-10T21:17:11.0474969Z with:
2026-10-10T21:17:11.0475660Z   path: research_snapshot
2026-10-10T21:17:11.0476487Z   persist-credentials: false
2026-10-10T21:17:11.0477994Z   sparse-checkout: ResearchHistory/UQCF-GEM/research/physical-bridge
.github/scripts

2026-10-10T21:17:11.0479447Z   repository: proteinfoldingengine/WetLabEngine
2026-10-10T21:17:11.0486576Z   token: ***
2026-10-10T21:17:11.0487273Z   ssh-strict: true
2026-10-10T21:17:11.0488117Z   ssh-user: git
2026-10-10T21:17:11.0488815Z   clean: true
2026-10-10T21:17:11.0489552Z   sparse-checkout-cone-mode: true
2026-10-10T21:17:11.0490412Z   fetch-depth: 1
2026-10-10T21:17:11.0491120Z   fetch-tags: false
2026-10-10T21:17:11.0491861Z   show-progress: true
2026-10-10T21:17:11.0492607Z   lfs: false
2026-10-10T21:17:11.0493296Z   submodules: false
2026-10-10T21:17:11.0494038Z   set-safe-directory: true
2026-10-10T21:17:11.0494905Z   allow-unsafe-pr-checkout: false
2026-10-10T21:17:11.0496038Z ##[endgroup]
2026-10-10T21:17:11.1339126Z Syncing repository: proteinfoldingengine/WetLabEngine
2026-10-10T21:17:11.1342486Z ##[group]Getting Git version info
2026-10-10T21:17:11.1344511Z Working directory is '/home/runner/work/WetLabEngine/WetLabEngine/research_snapshot'
2026-10-10T21:17:11.1347590Z [command]/usr/bin/git version
2026-10-10T21:17:11.1428386Z git version 2.55.0
2026-10-10T21:17:11.1445345Z ##[endgroup]
2026-10-10T21:17:11.1455761Z Temporarily overriding HOME='/home/runner/work/_temp/71905288-fdaf-402f-9b37-a3a049872c4f' before making global git config changes
2026-10-10T21:17:11.1459487Z Adding repository directory to the temporary git global config as a safe directory
2026-10-10T21:17:11.1463100Z [command]/usr/bin/git config --global --add safe.directory /home/runner/work/WetLabEngine/WetLabEngine/research_snapshot
2026-10-10T21:17:11.1508681Z ##[group]Initializing the repository
2026-10-10T21:17:11.1512006Z [command]/usr/bin/git init /home/runner/work/WetLabEngine/WetLabEngine/research_snapshot
2026-10-10T21:17:11.1611243Z hint: Using 'master' as the name for the initial branch. This default branch name
2026-10-10T21:17:11.1613655Z hint: will change to "main" in Git 3.0. To configure the initial branch name
2026-10-10T21:17:11.1615715Z hint: to use in all of your new repositories, which will suppress this warning,
2026-10-10T21:17:11.1617172Z hint: call:
2026-10-10T21:17:11.1618036Z hint:
2026-10-10T21:17:11.1618887Z hint: 	git config --global init.defaultBranch <name>
2026-10-10T21:17:11.1619922Z hint:
2026-10-10T21:17:11.1620969Z hint: Names commonly chosen instead of 'master' are 'main', 'trunk' and
2026-10-10T21:17:11.1622623Z hint: 'development'. The just-created branch can be renamed via this command:
2026-10-10T21:17:11.1623839Z hint:
2026-10-10T21:17:11.1624527Z hint: 	git branch -m <name>
2026-10-10T21:17:11.1625317Z hint:
2026-10-10T21:17:11.1626342Z hint: Disable this message with "git config set advice.defaultBranchName false"
2026-10-10T21:17:11.1629462Z Initialized empty Git repository in /home/runner/work/WetLabEngine/WetLabEngine/research_snapshot/.git/
2026-10-10T21:17:11.1634470Z [command]/usr/bin/git remote add origin https://github.com/proteinfoldingengine/WetLabEngine
2026-10-10T21:17:11.1683107Z ##[endgroup]
2026-10-10T21:17:11.1685531Z ##[group]Disabling automatic garbage collection
2026-10-10T21:17:11.1687815Z [command]/usr/bin/git config --local gc.auto 0
2026-10-10T21:17:11.1715385Z ##[endgroup]
2026-10-10T21:17:11.1717104Z ##[group]Setting up auth
2026-10-10T21:17:11.1720023Z [command]/usr/bin/git config --local --name-only --get-regexp core\.sshCommand
2026-10-10T21:17:11.1749683Z [command]/usr/bin/git submodule foreach --recursive sh -c "git config --local --name-only --get-regexp 'core\.sshCommand' && git config --local --unset-all 'core.sshCommand' || :"
2026-10-10T21:17:11.2080688Z [command]/usr/bin/git config --local --name-only --get-regexp http\.https\:\/\/github\.com\/\.extraheader
2026-10-10T21:17:11.2114059Z [command]/usr/bin/git submodule foreach --recursive sh -c "git config --local --name-only --get-regexp 'http\.https\:\/\/github\.com\/\.extraheader' && git config --local --unset-all 'http.https://github.com/.extraheader' || :"
2026-10-10T21:17:11.2303138Z [command]/usr/bin/git config --local --name-only --get-regexp ^includeIf\.gitdir:
2026-10-10T21:17:11.2333846Z [command]/usr/bin/git submodule foreach --recursive git config --local --show-origin --name-only --get-regexp remote.origin.url
2026-10-10T21:17:11.2522460Z [command]/usr/bin/git config --local http.https://github.com/.extraheader AUTHORIZATION: basic ***
2026-10-10T21:17:11.2558140Z ##[endgroup]
2026-10-10T21:17:11.2559377Z ##[group]Fetching the repository
2026-10-10T21:17:11.2566155Z [command]/usr/bin/git -c protocol.version=2 fetch --no-tags --prune --no-recurse-submodules --filter=blob:none --depth=1 origin +81c26f9e6098b659dde01656639ad3b2b9f1d4c5:refs/remotes/origin/research/uqcf-overlapping-guard-exchange
2026-10-10T21:17:12.2580281Z From https://github.com/proteinfoldingengine/WetLabEngine
2026-10-10T21:17:12.2582125Z  * [new ref]         81c26f9e6098b659dde01656639ad3b2b9f1d4c5 -> origin/research/uqcf-overlapping-guard-exchange
2026-10-10T21:17:12.2583973Z ##[endgroup]
2026-10-10T21:17:12.2584464Z ##[group]Determining the checkout info
2026-10-10T21:17:12.2584995Z ##[endgroup]
2026-10-10T21:17:12.2585510Z ##[group]Setting up sparse checkout
2026-10-10T21:17:12.2589658Z [command]/usr/bin/git sparse-checkout set ResearchHistory/UQCF-GEM/research/physical-bridge .github/scripts
2026-10-10T21:17:12.2631883Z ##[endgroup]
2026-10-10T21:17:12.2632329Z ##[group]Checking out the ref
2026-10-10T21:17:12.2635670Z [command]/usr/bin/git checkout --progress --force -B research/uqcf-overlapping-guard-exchange refs/remotes/origin/research/uqcf-overlapping-guard-exchange
2026-10-10T21:17:14.2433422Z Updating files:   0% (1/1141)
2026-10-10T21:17:14.2437918Z Updating files:   1% (12/1141)
2026-10-10T21:17:14.2446341Z Updating files:   2% (23/1141)
2026-10-10T21:17:14.2451817Z Updating files:   3% (35/1141)
2026-10-10T21:17:14.2457405Z Updating files:   4% (46/1141)
2026-10-10T21:17:14.2463187Z Updating files:   5% (58/1141)
2026-10-10T21:17:14.2470399Z Updating files:   6% (69/1141)
2026-10-10T21:17:14.2475217Z Updating files:   7% (80/1141)
2026-10-10T21:17:14.2480402Z Updating files:   8% (92/1141)
2026-10-10T21:17:14.2490793Z Updating files:   9% (103/1141)
2026-10-10T21:17:14.2498744Z Updating files:  10% (115/1141)
2026-10-10T21:17:14.2503473Z Updating files:  11% (126/1141)
2026-10-10T21:17:14.2509872Z Updating files:  12% (137/1141)
2026-10-10T21:17:14.2516084Z Updating files:  13% (149/1141)
2026-10-10T21:17:14.2522524Z Updating files:  14% (160/1141)
2026-10-10T21:17:14.2527418Z Updating files:  15% (172/1141)
2026-10-10T21:17:14.2532724Z Updating files:  16% (183/1141)
2026-10-10T21:17:14.2539202Z Updating files:  17% (194/1141)
2026-10-10T21:17:14.2547534Z Updating files:  18% (206/1141)
2026-10-10T21:17:14.2553285Z Updating files:  19% (217/1141)
2026-10-10T21:17:14.2558677Z Updating files:  20% (229/1141)
2026-10-10T21:17:14.2564358Z Updating files:  21% (240/1141)
2026-10-10T21:17:14.2570291Z Updating files:  22% (252/1141)
2026-10-10T21:17:14.2575849Z Updating files:  23% (263/1141)
2026-10-10T21:17:14.2582121Z Updating files:  24% (274/1141)
2026-10-10T21:17:14.2588321Z Updating files:  25% (286/1141)
2026-10-10T21:17:14.2594338Z Updating files:  26% (297/1141)
2026-10-10T21:17:14.2599909Z Updating files:  27% (309/1141)
2026-10-10T21:17:14.2604895Z Updating files:  28% (320/1141)
2026-10-10T21:17:14.2612447Z Updating files:  29% (331/1141)
2026-10-10T21:17:14.2618865Z Updating files:  30% (343/1141)
2026-10-10T21:17:14.2627839Z Updating files:  31% (354/1141)
2026-10-10T21:17:14.2632934Z Updating files:  32% (366/1141)
2026-10-10T21:17:14.2639014Z Updating files:  33% (377/1141)
2026-10-10T21:17:14.2646890Z Updating files:  34% (388/1141)
2026-10-10T21:17:14.2655137Z Updating files:  35% (400/1141)
2026-10-10T21:17:14.2664342Z Updating files:  36% (411/1141)
2026-10-10T21:17:14.2674810Z Updating files:  37% (423/1141)
2026-10-10T21:17:14.2678854Z Updating files:  38% (434/1141)
2026-10-10T21:17:14.2683019Z Updating files:  39% (445/1141)
2026-10-10T21:17:14.2691291Z Updating files:  40% (457/1141)
2026-10-10T21:17:14.2698756Z Updating files:  41% (468/1141)
2026-10-10T21:17:14.2709548Z Updating files:  42% (480/1141)
2026-10-10T21:17:14.2720836Z Updating files:  43% (491/1141)
2026-10-10T21:17:14.2726730Z Updating files:  44% (503/1141)
2026-10-10T21:17:14.2742540Z Updating files:  45% (514/1141)
2026-10-10T21:17:14.2743628Z Updating files:  46% (525/1141)
2026-10-10T21:17:14.2748892Z Updating files:  46% (527/1141)
2026-10-10T21:17:14.2754365Z Updating files:  47% (537/1141)
2026-10-10T21:17:14.2762760Z Updating files:  48% (548/1141)
2026-10-10T21:17:14.2770878Z Updating files:  49% (560/1141)
2026-10-10T21:17:14.2779028Z Updating files:  50% (571/1141)
2026-10-10T21:17:14.2787849Z Updating files:  51% (582/1141)
2026-10-10T21:17:14.2793793Z Updating files:  52% (594/1141)
2026-10-10T21:17:14.2822808Z Updating files:  53% (605/1141)
2026-10-10T21:17:14.2826449Z Updating files:  54% (617/1141)
2026-10-10T21:17:14.2833350Z Updating files:  55% (628/1141)
2026-10-10T21:17:14.2839179Z Updating files:  56% (639/1141)
2026-10-10T21:17:14.2845298Z Updating files:  57% (651/1141)
2026-10-10T21:17:14.2849851Z Updating files:  58% (662/1141)
2026-10-10T21:17:14.2861426Z Updating files:  59% (674/1141)
2026-10-10T21:17:14.2874143Z Updating files:  60% (685/1141)
2026-10-10T21:17:14.2880283Z Updating files:  61% (697/1141)
2026-10-10T21:17:14.2957533Z Updating files:  62% (708/1141)
2026-10-10T21:17:14.2970601Z Updating files:  63% (719/1141)
2026-10-10T21:17:14.2971196Z Updating files:  64% (731/1141)
2026-10-10T21:17:14.2971569Z Updating files:  65% (742/1141)
2026-10-10T21:17:14.2971885Z Updating files:  66% (754/1141)
2026-10-10T21:17:14.2972180Z Updating files:  67% (765/1141)
2026-10-10T21:17:14.2972401Z Updating files:  68% (776/1141)
2026-10-10T21:17:14.2972816Z Updating files:  69% (788/1141)
2026-10-10T21:17:14.2973022Z Updating files:  70% (799/1141)
2026-10-10T21:17:14.2973283Z Updating files:  71% (811/1141)
2026-10-10T21:17:14.2982131Z Updating files:  72% (822/1141)
2026-10-10T21:17:14.2994030Z Updating files:  73% (833/1141)
2026-10-10T21:17:14.2999610Z Updating files:  74% (845/1141)
2026-10-10T21:17:14.3007569Z Updating files:  75% (856/1141)
2026-10-10T21:17:14.3013154Z Updating files:  76% (868/1141)
2026-10-10T21:17:14.3022249Z Updating files:  77% (879/1141)
2026-10-10T21:17:14.3028490Z Updating files:  78% (890/1141)
2026-10-10T21:17:14.3033243Z Updating files:  79% (902/1141)
2026-10-10T21:17:14.3061019Z Updating files:  80% (913/1141)
2026-10-10T21:17:14.3070771Z Updating files:  81% (925/1141)
2026-10-10T21:17:14.3081220Z Updating files:  82% (936/1141)
2026-10-10T21:17:14.3084719Z Updating files:  83% (948/1141)
2026-10-10T21:17:14.3089575Z Updating files:  84% (959/1141)
2026-10-10T21:17:14.3093938Z Updating files:  85% (970/1141)
2026-10-10T21:17:14.3112732Z Updating files:  86% (982/1141)
2026-10-10T21:17:14.3129495Z Updating files:  87% (993/1141)
2026-10-10T21:17:14.3135156Z Updating files:  88% (1005/1141)
2026-10-10T21:17:14.3140633Z Updating files:  89% (1016/1141)
2026-10-10T21:17:14.3146871Z Updating files:  90% (1027/1141)
2026-10-10T21:17:14.3158341Z Updating files:  91% (1039/1141)
2026-10-10T21:17:14.3158689Z Updating files:  92% (1050/1141)
2026-10-10T21:17:14.3164071Z Updating files:  93% (1062/1141)
2026-10-10T21:17:14.3171064Z Updating files:  94% (1073/1141)
2026-10-10T21:17:14.3177362Z Updating files:  95% (1084/1141)
2026-10-10T21:17:14.3183680Z Updating files:  96% (1096/1141)
2026-10-10T21:17:14.3189869Z Updating files:  97% (1107/1141)
2026-10-10T21:17:14.3194762Z Updating files:  98% (1119/1141)
2026-10-10T21:17:14.3200991Z Updating files:  99% (1130/1141)
2026-10-10T21:17:14.3201352Z Updating files: 100% (1141/1141)
2026-10-10T21:17:14.3201684Z Updating files: 100% (1141/1141), done.
2026-10-10T21:17:14.3301291Z Switched to a new branch 'research/uqcf-overlapping-guard-exchange'
2026-10-10T21:17:14.3306208Z branch 'research/uqcf-overlapping-guard-exchange' set up to track 'origin/research/uqcf-overlapping-guard-exchange'.
2026-10-10T21:17:14.3316034Z ##[endgroup]
2026-10-10T21:17:14.4339075Z [command]/usr/bin/git log -1 --format=%H
2026-10-10T21:17:14.4366799Z 81c26f9e6098b659dde01656639ad3b2b9f1d4c5
2026-10-10T21:17:14.4374712Z ##[group]Removing auth
2026-10-10T21:17:14.4377752Z [command]/usr/bin/git config --local --name-only --get-regexp core\.sshCommand
2026-10-10T21:17:14.4404565Z [command]/usr/bin/git submodule foreach --recursive sh -c "git config --local --name-only --get-regexp 'core\.sshCommand' && git config --local --unset-all 'core.sshCommand' || :"
2026-10-10T21:17:14.4624524Z [command]/usr/bin/git config --local --name-only --get-regexp http\.https\:\/\/github\.com\/\.extraheader
2026-10-10T21:17:14.4652020Z http.https://github.com/.extraheader
2026-10-10T21:17:14.4660908Z [command]/usr/bin/git config --local --unset-all http.https://github.com/.extraheader
2026-10-10T21:17:14.4695162Z [command]/usr/bin/git submodule foreach --recursive sh -c "git config --local --name-only --get-regexp 'http\.https\:\/\/github\.com\/\.extraheader' && git config --local --unset-all 'http.https://github.com/.extraheader' || :"
2026-10-10T21:17:14.4909870Z [command]/usr/bin/git config --local --name-only --get-regexp ^includeIf\.gitdir:
2026-10-10T21:17:14.4940481Z [command]/usr/bin/git submodule foreach --recursive git config --local --show-origin --name-only --get-regexp remote.origin.url
2026-10-10T21:17:14.5141470Z ##[endgroup]
2026-10-10T21:17:14.5325535Z ##[group]Run actions/download-artifact@v4
2026-10-10T21:17:14.5325772Z with:
2026-10-10T21:17:14.5325971Z   name: c3-fingerprint-lock-fresh-reproduction
2026-10-10T21:17:14.5326227Z   path: fingerprint_verification
2026-10-10T21:17:14.5326445Z   merge-multiple: false
2026-10-10T21:17:14.5326675Z   repository: proteinfoldingengine/WetLabEngine
2026-10-10T21:17:14.5327051Z   run-id: 38086587211
2026-10-10T21:17:14.5327230Z ##[endgroup]
2026-10-10T21:17:14.6493682Z Downloading single artifact
2026-10-10T21:17:14.6606041Z (node:2171) [DEP0040] DeprecationWarning: The `punycode` module is deprecated. Please use a userland alternative instead.
2026-10-10T21:17:14.6606596Z (Use `node --trace-deprecation ...` to show where the warning was created)
2026-10-10T21:17:14.8715780Z Preparing to download the following artifacts:
2026-10-10T21:17:14.8716505Z - c3-fingerprint-lock-fresh-reproduction (ID: 11682248987, Size: 7409530, Expected Digest: sha256:9ccbf5ee765daf782399b6dd500c6c93183bfa6f484f9f7386a4f8c204d58362)
2026-10-10T21:17:15.1056332Z Redirecting to blob download url: https://productionresultssa4.blob.core.windows.net/actions-results/e796c7db-64a3-84fe-9a9a-6b6305b371b5/workflow-job-run-e6b6ecab-3ff0-5ec2-963d-af2f5ffd18af/artifacts/3ac592d6699079301883f969ea1425dcdf0b3aac0fa6c617992230626a456b68.zip
2026-10-10T21:17:15.1057625Z Starting download of artifact to: /home/runner/work/WetLabEngine/WetLabEngine/fingerprint_verification
2026-10-10T21:17:15.3700356Z (node:2171) [DEP0005] DeprecationWarning: Buffer() is deprecated due to security and usability issues. Please use the Buffer.alloc(), Buffer.allocUnsafe(), or Buffer.from() methods instead.
2026-10-10T21:17:16.2223091Z SHA256 digest of downloaded artifact is 9ccbf5ee765daf782399b6dd500c6c93183bfa6f484f9f7386a4f8c204d58362
2026-10-10T21:17:16.2223576Z Artifact download completed successfully.
2026-10-10T21:17:16.2223821Z Total of 1 artifact(s) downloaded
2026-10-10T21:17:16.2227393Z Download artifact has finished successfully
2026-10-10T21:17:16.2369569Z ##[group]Run actions/download-artifact@v4
2026-10-10T21:17:16.2369820Z with:
2026-10-10T21:17:16.2370034Z   name: c3-fingerprint-lock-mathematical-review
2026-10-10T21:17:16.2370302Z   path: fingerprint_lock_review
2026-10-10T21:17:16.2370517Z   merge-multiple: false
2026-10-10T21:17:16.2370737Z   repository: proteinfoldingengine/WetLabEngine
2026-10-10T21:17:16.2370989Z   run-id: 38086587211
2026-10-10T21:17:16.2371166Z ##[endgroup]
2026-10-10T21:17:16.3555772Z Downloading single artifact
2026-10-10T21:17:16.3669784Z (node:2183) [DEP0040] DeprecationWarning: The `punycode` module is deprecated. Please use a userland alternative instead.
2026-10-10T21:17:16.3670800Z (Use `node --trace-deprecation ...` to show where the warning was created)
2026-10-10T21:17:16.5776595Z Preparing to download the following artifacts:
2026-10-10T21:17:16.5777842Z - c3-fingerprint-lock-mathematical-review (ID: 11682262657, Size: 3176, Expected Digest: sha256:f877e77f1e4ed9223049e3ae096ff7d5c2eed4b6254d83371d7d1db55f66cf2d)
2026-10-10T21:17:16.8020476Z Redirecting to blob download url: https://productionresultssa4.blob.core.windows.net/actions-results/e796c7db-64a3-84fe-9a9a-6b6305b371b5/workflow-job-run-c320b316-846b-5aaf-b7a3-c8fe82eb6d8b/artifacts/4c42732f39d4fab689260615f794e18f4e765d2360da125a4ba58d6a82725ff3.zip
2026-10-10T21:17:16.8022291Z Starting download of artifact to: /home/runner/work/WetLabEngine/WetLabEngine/fingerprint_lock_review
2026-10-10T21:17:17.0256777Z (node:2183) [DEP0005] DeprecationWarning: Buffer() is deprecated due to security and usability issues. Please use the Buffer.alloc(), Buffer.allocUnsafe(), or Buffer.from() methods instead.
2026-10-10T21:17:17.0313881Z SHA256 digest of downloaded artifact is f877e77f1e4ed9223049e3ae096ff7d5c2eed4b6254d83371d7d1db55f66cf2d
2026-10-10T21:17:17.0314587Z Artifact download completed successfully.
2026-10-10T21:17:17.0314965Z Total of 1 artifact(s) downloaded
2026-10-10T21:17:17.0318331Z Download artifact has finished successfully
2026-10-10T21:17:17.0429001Z ##[group]Run set -euo pipefail
2026-10-10T21:17:17.0429341Z [36;1mset -euo pipefail[0m
2026-10-10T21:17:17.0429696Z [36;1mtest "$(git -C research_snapshot rev-parse HEAD)" = "$GITHUB_SHA"[0m
2026-10-10T21:17:17.0430144Z [36;1mROOT=research_snapshot/ResearchHistory/UQCF-GEM/research/physical-bridge[0m
2026-10-10T21:17:17.0430580Z [36;1mpython3 "$ROOT/fingerprint_lock/producer.py" /tmp/publication.json[0m
2026-10-10T21:17:17.0431146Z [36;1mcmp /tmp/publication.json fingerprint_verification/certificate.json[0m
2026-10-10T21:17:17.0431681Z [36;1mcmp /tmp/publication.json.identities.jsonl.gz fingerprint_verification/certificate.json.identities.jsonl.gz[0m
2026-10-10T21:17:17.0432294Z [36;1mpython3 "$ROOT/fingerprint_lock/independent.py" /tmp/publication.json /tmp/publication_independent.json[0m
2026-10-10T21:17:17.0432710Z [36;1mpython3 - <<'PY'[0m
2026-10-10T21:17:17.0432937Z [36;1mimport hashlib,json,os,pathlib[0m
2026-10-10T21:17:17.0433349Z [36;1mmanifest=json.loads(pathlib.Path('fingerprint_lock_review/manifest.json').read_text())[0m
2026-10-10T21:17:17.0433877Z [36;1massert manifest['research_commit']==manifest['workflow_commit']==os.environ['GITHUB_SHA'][0m
2026-10-10T21:17:17.0434302Z [36;1mfor name,digest in manifest['input_sha256'].items():[0m
2026-10-10T21:17:17.0434980Z [36;1m    path=pathlib.Path('fingerprint_verification')/name[9:] if name.startswith('EVIDENCE/') else pathlib.Path('research_snapshot/ResearchHistory/UQCF-GEM/research/physical-bridge')/name[0m
2026-10-10T21:17:17.0435679Z [36;1m    assert hashlib.sha256(path.read_bytes()).hexdigest()==digest,name[0m
2026-10-10T21:17:17.0436079Z [36;1mraw=pathlib.Path('fingerprint_lock_review/review.txt').read_bytes()[0m
2026-10-10T21:17:17.0436480Z [36;1massert hashlib.sha256(raw).hexdigest()==manifest['response_sha256'][0m
2026-10-10T21:17:17.0436947Z [36;1mexpected=f"scientific_sha={os.environ['GITHUB_SHA']}\nworkflow_sha={os.environ['GITHUB_SHA']}\n"[0m
2026-10-10T21:17:17.0437624Z [36;1massert pathlib.Path('fingerprint_verification/provenance.txt').read_text()==expected[0m
2026-10-10T21:17:17.0438733Z [36;1mgate={'status':'PASS','scientific_commit':os.environ['GITHUB_SHA'],'verified_review_inputs':len(manifest['input_sha256']),'certificate_reproduced_byte_exact':True,'independent_full_reconstruction':True,'response_sha256':manifest['response_sha256']}[0m
2026-10-10T21:17:17.0439718Z [36;1mpathlib.Path('fingerprint_lock_gate.json').write_text(json.dumps(gate,indent=2)+'\n');print(json.dumps(gate))[0m
2026-10-10T21:17:17.0440128Z [36;1mPY[0m
2026-10-10T21:17:17.0778474Z shell: /usr/bin/bash --noprofile --norc -e -o pipefail {0}
2026-10-10T21:17:17.0778791Z ##[endgroup]
2026-10-10T21:18:13.3715475Z {"batches": 4, "first_routes": 48, "graph_cases": 2048, "hidden_checks": 48245883, "raw_vertices": 49176, "slice_occurrences": 826147}
2026-10-10T21:19:02.8641653Z {"certificate_sha256": "ea5739d98cda28c3140fecad5a50f3f36e9f7d215792759472eddd913df9f503", "complete_independent_reconstruction": true, "counts": {"batches": 4, "first_routes": 48, "graph_cases": 2048, "hidden_checks": 48245883, "raw_vertices": 49176, "slice_occurrences": 826147}, "status": "PASS"}
2026-10-10T21:19:02.9147875Z {"status": "PASS", "scientific_commit": "81c26f9e6098b659dde01656639ad3b2b9f1d4c5", "verified_review_inputs": 36, "certificate_reproduced_byte_exact": true, "independent_full_reconstruction": true, "response_sha256": "f857c70067e52d24b0f461c74cdd390d6e99c6c9e984c1a8c789dd6553b0f4cb"}
2026-10-10T21:19:02.9223400Z ##[group]Run python3 research_snapshot/.github/scripts/c3_fingerprint_lock_review.py
2026-10-10T21:19:02.9223900Z [36;1mpython3 research_snapshot/.github/scripts/c3_fingerprint_lock_review.py[0m
2026-10-10T21:19:02.9278875Z shell: /usr/bin/bash -e {0}
2026-10-10T21:19:02.9279093Z env:
2026-10-10T21:19:02.9279499Z   GEMINI_API_KEY: ***
2026-10-10T21:19:02.9279698Z   REVIEW_PHASE: publication
2026-10-10T21:19:02.9279895Z ##[endgroup]
2026-10-10T21:19:26.9286928Z Fingerprint-lock independent verdict: ACCEPTED
2026-10-10T21:19:26.9287780Z Missing assumptions: 0
2026-10-10T21:19:26.9288179Z Counterexamples: 0
2026-10-10T21:19:26.9288616Z Response SHA256: f895a52c2a924904ed98cc6dd8a741375974a32bb4c9a3f8c2426e02b2e1244a
2026-10-10T21:19:26.9367985Z This is not scientific certification.
2026-10-10T21:19:26.9432754Z ##[group]Run actions/upload-artifact@v4
2026-10-10T21:19:26.9432999Z with:
2026-10-10T21:19:26.9433333Z   name: c3-fingerprint-lock-publication-audit
2026-10-10T21:19:26.9433654Z   path: fingerprint_lock_publication/
fingerprint_lock_gate.json

2026-10-10T21:19:26.9433945Z   if-no-files-found: warn
2026-10-10T21:19:26.9434149Z   compression-level: 6
2026-10-10T21:19:26.9434337Z   overwrite: false
2026-10-10T21:19:26.9434525Z   include-hidden-files: false
2026-10-10T21:19:26.9434731Z ##[endgroup]
2026-10-10T21:19:27.0732544Z (node:2232) [DEP0040] DeprecationWarning: The `punycode` module is deprecated. Please use a userland alternative instead.
2026-10-10T21:19:27.0733435Z (Use `node --trace-deprecation ...` to show where the warning was created)
2026-10-10T21:19:27.0791002Z Multiple search paths detected. Calculating the least common ancestor of all paths
2026-10-10T21:19:27.0792927Z The least common ancestor is /home/runner/work/WetLabEngine/WetLabEngine. This will be the root directory of the artifact
2026-10-10T21:19:27.0793706Z With the provided path, there will be 3 files uploaded
2026-10-10T21:19:27.0797753Z Artifact name is valid!
2026-10-10T21:19:27.0818107Z Root directory input is valid!
2026-10-10T21:19:27.4134617Z Beginning upload of artifact content to blob storage
2026-10-10T21:19:27.4298150Z (node:2232) [DEP0169] DeprecationWarning: `url.parse()` behavior is not standardized and prone to errors that have security implications. Use the WHATWG URL API instead. CVEs are not issued for `url.parse()` vulnerabilities.
2026-10-10T21:19:27.6512088Z Uploaded bytes 4920
2026-10-10T21:19:27.7137930Z Finished uploading artifact content to blob storage!
2026-10-10T21:19:27.7138712Z SHA256 digest of uploaded artifact zip is af64cc5c462f89a840c66f7f4fcfc36444f3dbeedf17cc2319a767ce249f2e0f
2026-10-10T21:19:27.7139590Z Finalizing artifact upload
2026-10-10T21:19:27.9847089Z Artifact c3-fingerprint-lock-publication-audit.zip successfully finalized. Artifact ID 11682728543
2026-10-10T21:19:27.9848076Z Artifact c3-fingerprint-lock-publication-audit has been successfully uploaded! Final size is 4920 bytes. Artifact ID is 11682728543
2026-10-10T21:19:27.9852978Z Artifact download URL: https://github.com/proteinfoldingengine/WetLabEngine/actions/runs/38086587211/artifacts/11682728543
2026-10-10T21:19:28.0004146Z Post job cleanup.
2026-10-10T21:19:28.0678747Z [command]/usr/bin/git version
2026-10-10T21:19:28.0713463Z git version 2.55.0
2026-10-10T21:19:28.0741890Z Temporarily overriding HOME='/home/runner/work/_temp/be690cf3-7b53-4487-8468-448debe2c7ba' before making global git config changes
2026-10-10T21:19:28.0742952Z Adding repository directory to the temporary git global config as a safe directory
2026-10-10T21:19:28.0746922Z [command]/usr/bin/git config --global --add safe.directory /home/runner/work/WetLabEngine/WetLabEngine/research_snapshot
2026-10-10T21:19:28.0777185Z [command]/usr/bin/git config --local --name-only --get-regexp core\.sshCommand
2026-10-10T21:19:28.0805450Z [command]/usr/bin/git submodule foreach --recursive sh -c "git config --local --name-only --get-regexp 'core\.sshCommand' && git config --local --unset-all 'core.sshCommand' || :"
2026-10-10T21:19:28.1025981Z [command]/usr/bin/git config --local --name-only --get-regexp http\.https\:\/\/github\.com\/\.extraheader
2026-10-10T21:19:28.1055479Z [command]/usr/bin/git submodule foreach --recursive sh -c "git config --local --name-only --get-regexp 'http\.https\:\/\/github\.com\/\.extraheader' && git config --local --unset-all 'http.https://github.com/.extraheader' || :"
2026-10-10T21:19:28.1284486Z [command]/usr/bin/git config --local --name-only --get-regexp ^includeIf\.gitdir:
2026-10-10T21:19:28.1316911Z [command]/usr/bin/git submodule foreach --recursive git config --local --show-origin --name-only --get-regexp remote.origin.url
2026-10-10T21:19:28.1664408Z Cleaning up orphan processes
2026-10-10T21:19:28.1903265Z ##[warning]Node.js 20 is deprecated. The following actions target Node.js 20 but are being forced to run on Node.js 24: actions/checkout@v4, actions/download-artifact@v4, actions/upload-artifact@v4. For more information see: https://github.blog/changelog/2025-09-19-deprecation-of-node-20-on-github-actions-runners/
