2026-10-09T14:20:14.2648793Z Current runner version: '2.337.0'
2026-10-09T14:20:14.2671949Z ##[group]Runner Image Provisioner
2026-10-09T14:20:14.2673058Z Hosted Compute Agent
2026-10-09T14:20:14.2673784Z Version: 20261002.596
2026-10-09T14:20:14.2674506Z Commit: c3d12f3313a95f25162a1503be624f3b0617f8c0
2026-10-09T14:20:14.2675335Z Build Date: 2026-10-02T22:28:27Z
2026-10-09T14:20:14.2676197Z Worker ID: {136c5b98-4bbd-4ea0-aa2b-b0a2f93abd89}
2026-10-09T14:20:14.2677058Z Region: eastus
2026-10-09T14:20:14.2677700Z Cloud: Azure
2026-10-09T14:20:14.2678306Z ##[endgroup]
2026-10-09T14:20:14.2680172Z ##[group]Operating System
2026-10-09T14:20:14.2680953Z Ubuntu
2026-10-09T14:20:14.2681494Z 24.04.5
2026-10-09T14:20:14.2682187Z LTS
2026-10-09T14:20:14.2682749Z ##[endgroup]
2026-10-09T14:20:14.2683365Z ##[group]Runner Image
2026-10-09T14:20:14.2684165Z Image: ubuntu-24.04
2026-10-09T14:20:14.2684857Z Version: 20261004.327.1
2026-10-09T14:20:14.2686349Z Included Software: https://github.com/actions/runner-images/blob/ubuntu24/20261004.327/images/ubuntu/Ubuntu2404-Readme.md
2026-10-09T14:20:14.2688377Z Image Release: https://github.com/actions/runner-images/releases/tag/ubuntu24%2F20261004.327
2026-10-09T14:20:14.2689568Z ##[endgroup]
2026-10-09T14:20:14.2690894Z ##[group]GITHUB_TOKEN Permissions
2026-10-09T14:20:14.2693193Z Contents: read
2026-10-09T14:20:14.2693845Z Metadata: read
2026-10-09T14:20:14.2694507Z ##[endgroup]
2026-10-09T14:20:14.2696583Z Secret source: Actions
2026-10-09T14:20:14.2697705Z Cache mode: write
2026-10-09T14:20:14.2698782Z Prepare workflow directory
2026-10-09T14:20:14.4053405Z Prepare all required actions
2026-10-09T14:20:14.4091757Z Getting action download info
2026-10-09T14:20:14.5558054Z Download action repository 'actions/checkout@v4' (SHA:11d5960a326750d5838078e36cf38b85af677262)
2026-10-09T14:20:14.9952411Z Download action repository 'actions/upload-artifact@v4' (SHA:ea165f8d65b6e75b540449e92b4886f43607fa02)
2026-10-09T14:20:15.7844261Z Complete job name: verification
2026-10-09T14:20:15.8637800Z ##[group]Run actions/checkout@v4
2026-10-09T14:20:15.8638866Z with:
2026-10-09T14:20:15.8639491Z   path: research_snapshot
2026-10-09T14:20:15.8640253Z   persist-credentials: false
2026-10-09T14:20:15.8641468Z   sparse-checkout: ResearchHistory/UQCF-GEM/research/physical-bridge
.github/scripts

2026-10-09T14:20:15.8643018Z   repository: proteinfoldingengine/WetLabEngine
2026-10-09T14:20:15.8650392Z   token: ***
2026-10-09T14:20:15.8651029Z   ssh-strict: true
2026-10-09T14:20:15.8651671Z   ssh-user: git
2026-10-09T14:20:15.8652369Z   clean: true
2026-10-09T14:20:15.8653025Z   sparse-checkout-cone-mode: true
2026-10-09T14:20:15.8653811Z   fetch-depth: 1
2026-10-09T14:20:15.8654490Z   fetch-tags: false
2026-10-09T14:20:15.8655157Z   show-progress: true
2026-10-09T14:20:15.8655854Z   lfs: false
2026-10-09T14:20:15.8656455Z   submodules: false
2026-10-09T14:20:15.8657111Z   set-safe-directory: true
2026-10-09T14:20:15.8657866Z   allow-unsafe-pr-checkout: false
2026-10-09T14:20:15.8658909Z ##[endgroup]
2026-10-09T14:20:15.9488262Z Syncing repository: proteinfoldingengine/WetLabEngine
2026-10-09T14:20:15.9490714Z ##[group]Getting Git version info
2026-10-09T14:20:15.9491998Z Working directory is '/home/runner/work/WetLabEngine/WetLabEngine/research_snapshot'
2026-10-09T14:20:15.9494253Z [command]/usr/bin/git version
2026-10-09T14:20:16.0036124Z git version 2.55.0
2026-10-09T14:20:16.0059606Z ##[endgroup]
2026-10-09T14:20:16.0068118Z Temporarily overriding HOME='/home/runner/work/_temp/a4c917f0-a858-4127-837d-2372fd811f24' before making global git config changes
2026-10-09T14:20:16.0071470Z Adding repository directory to the temporary git global config as a safe directory
2026-10-09T14:20:16.0074989Z [command]/usr/bin/git config --global --add safe.directory /home/runner/work/WetLabEngine/WetLabEngine/research_snapshot
2026-10-09T14:20:16.0118074Z ##[group]Initializing the repository
2026-10-09T14:20:16.0121579Z [command]/usr/bin/git init /home/runner/work/WetLabEngine/WetLabEngine/research_snapshot
2026-10-09T14:20:16.0199513Z hint: Using 'master' as the name for the initial branch. This default branch name
2026-10-09T14:20:16.0201991Z hint: will change to "main" in Git 3.0. To configure the initial branch name
2026-10-09T14:20:16.0204480Z hint: to use in all of your new repositories, which will suppress this warning,
2026-10-09T14:20:16.0206301Z hint: call:
2026-10-09T14:20:16.0207202Z hint:
2026-10-09T14:20:16.0208268Z hint: 	git config --global init.defaultBranch <name>
2026-10-09T14:20:16.0209658Z hint:
2026-10-09T14:20:16.0211050Z hint: Names commonly chosen instead of 'master' are 'main', 'trunk' and
2026-10-09T14:20:16.0213431Z hint: 'development'. The just-created branch can be renamed via this command:
2026-10-09T14:20:16.0215112Z hint:
2026-10-09T14:20:16.0215976Z hint: 	git branch -m <name>
2026-10-09T14:20:16.0217002Z hint:
2026-10-09T14:20:16.0218379Z hint: Disable this message with "git config set advice.defaultBranchName false"
2026-10-09T14:20:16.0220722Z Initialized empty Git repository in /home/runner/work/WetLabEngine/WetLabEngine/research_snapshot/.git/
2026-10-09T14:20:16.0223955Z [command]/usr/bin/git remote add origin https://github.com/proteinfoldingengine/WetLabEngine
2026-10-09T14:20:16.0261014Z ##[endgroup]
2026-10-09T14:20:16.0262964Z ##[group]Disabling automatic garbage collection
2026-10-09T14:20:16.0264588Z [command]/usr/bin/git config --local gc.auto 0
2026-10-09T14:20:16.0293890Z ##[endgroup]
2026-10-09T14:20:16.0295521Z ##[group]Setting up auth
2026-10-09T14:20:16.0299377Z [command]/usr/bin/git config --local --name-only --get-regexp core\.sshCommand
2026-10-09T14:20:16.0329508Z [command]/usr/bin/git submodule foreach --recursive sh -c "git config --local --name-only --get-regexp 'core\.sshCommand' && git config --local --unset-all 'core.sshCommand' || :"
2026-10-09T14:20:16.0642696Z [command]/usr/bin/git config --local --name-only --get-regexp http\.https\:\/\/github\.com\/\.extraheader
2026-10-09T14:20:16.0674157Z [command]/usr/bin/git submodule foreach --recursive sh -c "git config --local --name-only --get-regexp 'http\.https\:\/\/github\.com\/\.extraheader' && git config --local --unset-all 'http.https://github.com/.extraheader' || :"
2026-10-09T14:20:16.0860029Z [command]/usr/bin/git config --local --name-only --get-regexp ^includeIf\.gitdir:
2026-10-09T14:20:16.0889952Z [command]/usr/bin/git submodule foreach --recursive git config --local --show-origin --name-only --get-regexp remote.origin.url
2026-10-09T14:20:16.1077328Z [command]/usr/bin/git config --local http.https://github.com/.extraheader AUTHORIZATION: basic ***
2026-10-09T14:20:16.1113157Z ##[endgroup]
2026-10-09T14:20:16.1114265Z ##[group]Fetching the repository
2026-10-09T14:20:16.1121217Z [command]/usr/bin/git -c protocol.version=2 fetch --no-tags --prune --no-recurse-submodules --filter=blob:none --depth=1 origin +a20f56bb0e02f49a7120e925f1900ad5a3e63fb5:refs/remotes/origin/research/uqcf-overlapping-guard-exchange
2026-10-09T14:20:16.4476445Z From https://github.com/proteinfoldingengine/WetLabEngine
2026-10-09T14:20:16.4478310Z  * [new ref]         a20f56bb0e02f49a7120e925f1900ad5a3e63fb5 -> origin/research/uqcf-overlapping-guard-exchange
2026-10-09T14:20:16.4481698Z ##[endgroup]
2026-10-09T14:20:16.4483084Z ##[group]Determining the checkout info
2026-10-09T14:20:16.4484408Z ##[endgroup]
2026-10-09T14:20:16.4485564Z ##[group]Setting up sparse checkout
2026-10-09T14:20:16.4487629Z [command]/usr/bin/git sparse-checkout set ResearchHistory/UQCF-GEM/research/physical-bridge .github/scripts
2026-10-09T14:20:16.4528832Z ##[endgroup]
2026-10-09T14:20:16.4530031Z ##[group]Checking out the ref
2026-10-09T14:20:16.4533176Z [command]/usr/bin/git checkout --progress --force -B research/uqcf-overlapping-guard-exchange refs/remotes/origin/research/uqcf-overlapping-guard-exchange
2026-10-09T14:20:17.1986060Z Switched to a new branch 'research/uqcf-overlapping-guard-exchange'
2026-10-09T14:20:17.1993929Z branch 'research/uqcf-overlapping-guard-exchange' set up to track 'origin/research/uqcf-overlapping-guard-exchange'.
2026-10-09T14:20:17.1997094Z ##[endgroup]
2026-10-09T14:20:17.2044064Z [command]/usr/bin/git log -1 --format=%H
2026-10-09T14:20:17.2068195Z a20f56bb0e02f49a7120e925f1900ad5a3e63fb5
2026-10-09T14:20:17.2075738Z ##[group]Removing auth
2026-10-09T14:20:17.2078510Z [command]/usr/bin/git config --local --name-only --get-regexp core\.sshCommand
2026-10-09T14:20:17.2104703Z [command]/usr/bin/git submodule foreach --recursive sh -c "git config --local --name-only --get-regexp 'core\.sshCommand' && git config --local --unset-all 'core.sshCommand' || :"
2026-10-09T14:20:17.2308754Z [command]/usr/bin/git config --local --name-only --get-regexp http\.https\:\/\/github\.com\/\.extraheader
2026-10-09T14:20:17.2334127Z http.https://github.com/.extraheader
2026-10-09T14:20:17.2340185Z [command]/usr/bin/git config --local --unset-all http.https://github.com/.extraheader
2026-10-09T14:20:17.2369912Z [command]/usr/bin/git submodule foreach --recursive sh -c "git config --local --name-only --get-regexp 'http\.https\:\/\/github\.com\/\.extraheader' && git config --local --unset-all 'http.https://github.com/.extraheader' || :"
2026-10-09T14:20:17.2573198Z [command]/usr/bin/git config --local --name-only --get-regexp ^includeIf\.gitdir:
2026-10-09T14:20:17.2601291Z [command]/usr/bin/git submodule foreach --recursive git config --local --show-origin --name-only --get-regexp remote.origin.url
2026-10-09T14:20:17.2804403Z ##[endgroup]
2026-10-09T14:20:17.2984363Z ##[group]Run set -euo pipefail
2026-10-09T14:20:17.2984868Z [36;1mset -euo pipefail[0m
2026-10-09T14:20:17.2985278Z [36;1mmkdir admission_verification[0m
2026-10-09T14:20:17.2985837Z [36;1mROOT=research_snapshot/ResearchHistory/UQCF-GEM/research/physical-bridge[0m
2026-10-09T14:20:17.2986654Z [36;1mpython3 -m unittest discover -s "$ROOT/admission" -p test_admission.py -v 2>&1 | tee admission_verification/contracts.log[0m
2026-10-09T14:20:17.2987603Z [36;1mpython3 "$ROOT/admission/producer.py" admission_verification/certificate.json | tee admission_verification/counts.json[0m
2026-10-09T14:20:17.2988367Z [36;1mpython3 "$ROOT/admission/producer.py" /tmp/repeated.json[0m
2026-10-09T14:20:17.2988979Z [36;1mcmp admission_verification/certificate.json /tmp/repeated.json[0m
2026-10-09T14:20:17.2989783Z [36;1mpython3 "$ROOT/admission/independent.py" admission_verification/certificate.json | tee admission_verification/independent.json[0m
2026-10-09T14:20:17.2990845Z [36;1mpython3 -m unittest discover -s "$ROOT/visible_buffer" -p test_visible.py -v 2>&1 | tee admission_verification/inherited_visible.log[0m
2026-10-09T14:20:17.2991768Z [36;1mecho "scientific_sha=$(git -C research_snapshot rev-parse HEAD)" > admission_verification/provenance.txt[0m
2026-10-09T14:20:17.2992718Z [36;1mecho "workflow_sha=$GITHUB_SHA" >> admission_verification/provenance.txt[0m
2026-10-09T14:20:17.2993460Z [36;1msha256sum admission_verification/certificate.json > admission_verification/certificate.sha256[0m
2026-10-09T14:20:17.3333215Z shell: /usr/bin/bash --noprofile --norc -e -o pipefail {0}
2026-10-09T14:20:17.3333738Z ##[endgroup]
2026-10-09T14:20:17.5098254Z test_budget (test_admission.Contracts.test_budget) ... ok
2026-10-09T14:20:17.5157127Z test_complete (test_admission.Contracts.test_complete) ... ok
2026-10-09T14:20:17.5433163Z test_duplicate_edge (test_admission.Contracts.test_duplicate_edge) ... ok
2026-10-09T14:20:17.5736525Z test_duplicate_node (test_admission.Contracts.test_duplicate_node) ... ok
2026-10-09T14:20:17.6005947Z test_duplicate_source (test_admission.Contracts.test_duplicate_source) ... ok
2026-10-09T14:20:17.6007399Z test_exact_admission_and_extension (test_admission.Contracts.test_exact_admission_and_extension) ... ok
2026-10-09T14:20:17.6278985Z test_false_admission_sensor (test_admission.Contracts.test_false_admission_sensor) ... ok
2026-10-09T14:20:17.6547173Z test_false_exact_tau (test_admission.Contracts.test_false_exact_tau) ... ok
2026-10-09T14:20:17.6813247Z test_false_guard_needed (test_admission.Contracts.test_false_guard_needed) ... ok
2026-10-09T14:20:17.7202913Z test_false_native_guard (test_admission.Contracts.test_false_native_guard) ... ok
2026-10-09T14:20:17.7534862Z test_false_new_label (test_admission.Contracts.test_false_new_label) ... ok
2026-10-09T14:20:17.7806275Z test_false_optimality (test_admission.Contracts.test_false_optimality) ... ok
2026-10-09T14:20:17.8080855Z test_false_origin (test_admission.Contracts.test_false_origin) ... ok
2026-10-09T14:20:17.8350247Z test_false_progress (test_admission.Contracts.test_false_progress) ... ok
2026-10-09T14:20:17.8662379Z test_false_tau3_universal (test_admission.Contracts.test_false_tau3_universal) ... ok
2026-10-09T14:20:17.8934786Z test_false_uniform_safety (test_admission.Contracts.test_false_uniform_safety) ... ok
2026-10-09T14:20:17.9204604Z test_false_unobservable (test_admission.Contracts.test_false_unobservable) ... ok
2026-10-09T14:20:17.9476496Z test_floor (test_admission.Contracts.test_floor) ... ok
2026-10-09T14:20:17.9749183Z test_guarded_edge_mismatch (test_admission.Contracts.test_guarded_edge_mismatch) ... ok
2026-10-09T14:20:18.0018298Z test_hidden_read (test_admission.Contracts.test_hidden_read) ... ok
2026-10-09T14:20:18.0316939Z test_illegal_host_delete (test_admission.Contracts.test_illegal_host_delete) ... ok
2026-10-09T14:20:18.0584910Z test_intersection (test_admission.Contracts.test_intersection) ... ok
2026-10-09T14:20:18.0850407Z test_marker_insert (test_admission.Contracts.test_marker_insert) ... ok
2026-10-09T14:20:18.1115151Z test_missing_edge (test_admission.Contracts.test_missing_edge) ... ok
2026-10-09T14:20:18.1383779Z test_missing_graph (test_admission.Contracts.test_missing_graph) ... ok
2026-10-09T14:20:18.1684427Z test_missing_node (test_admission.Contracts.test_missing_node) ... ok
2026-10-09T14:20:18.1952329Z test_missing_noop (test_admission.Contracts.test_missing_noop) ... ok
2026-10-09T14:20:18.2225969Z test_missing_path (test_admission.Contracts.test_missing_path) ... ok
2026-10-09T14:20:18.2496674Z test_missing_rejection (test_admission.Contracts.test_missing_rejection) ... ok
2026-10-09T14:20:18.2774296Z test_missing_source (test_admission.Contracts.test_missing_source) ... ok
2026-10-09T14:20:18.3085470Z test_missing_triangle (test_admission.Contracts.test_missing_triangle) ... ok
2026-10-09T14:20:18.3086413Z test_no_runtime_guard_query (test_admission.Contracts.test_no_runtime_guard_query) ... ok
2026-10-09T14:20:18.3095099Z test_observable_deterministic_endpoint (test_admission.Contracts.test_observable_deterministic_endpoint) ... ok
2026-10-09T14:20:18.3365789Z test_path_command (test_admission.Contracts.test_path_command) ... ok
2026-10-09T14:20:18.3639483Z test_protected (test_admission.Contracts.test_protected) ... ok
2026-10-09T14:20:18.3918150Z test_provenance (test_admission.Contracts.test_provenance) ... ok
2026-10-09T14:20:18.4187079Z test_rank (test_admission.Contracts.test_rank) ... ok
2026-10-09T14:20:18.4457240Z test_rejection_tau (test_admission.Contracts.test_rejection_tau) ... ok
2026-10-09T14:20:18.4759507Z test_reverse_edge (test_admission.Contracts.test_reverse_edge) ... ok
2026-10-09T14:20:18.4760248Z test_sharp_boundary (test_admission.Contracts.test_sharp_boundary) ... ok
2026-10-09T14:20:18.5058021Z test_singleton_count (test_admission.Contracts.test_singleton_count) ... ok
2026-10-09T14:20:18.5327838Z test_source_admission (test_admission.Contracts.test_source_admission) ... ok
2026-10-09T14:20:18.5597971Z test_source_tau (test_admission.Contracts.test_source_tau) ... ok
2026-10-09T14:20:18.5866262Z test_substituted_graph (test_admission.Contracts.test_substituted_graph) ... ok
2026-10-09T14:20:18.6172274Z test_target (test_admission.Contracts.test_target) ... ok
2026-10-09T14:20:18.6447755Z test_type (test_admission.Contracts.test_type) ... ok
2026-10-09T14:20:18.6719870Z test_wrong_formula (test_admission.Contracts.test_wrong_formula) ... ok
2026-10-09T14:20:18.7004425Z test_wrong_residual_tau (test_admission.Contracts.test_wrong_residual_tau) ... ok
2026-10-09T14:20:18.7004876Z 
2026-10-09T14:20:18.7032930Z ----------------------------------------------------------------------
2026-10-09T14:20:18.7033702Z Ran 48 tests in 1.283s
2026-10-09T14:20:18.7033829Z 
2026-10-09T14:20:18.7033895Z OK
2026-10-09T14:20:18.7583392Z {"sources": 256, "protected": 192, "admitted": 128, "new_tau3": 54, "rejected_protected": 64, "paths": 64, "nodes": 1152, "syntax_edges": 2048, "guarded_edges": 2048}
2026-10-09T14:20:18.8100930Z {"sources": 256, "protected": 192, "admitted": 128, "new_tau3": 54, "rejected_protected": 64, "paths": 64, "nodes": 1152, "syntax_edges": 2048, "guarded_edges": 2048}
2026-10-09T14:20:18.8807600Z PASS independent complete admission, rejection and restricted graph reconstruction
2026-10-09T14:20:18.9794532Z test_budget (test_visible.Contracts.test_budget) ... ok
2026-10-09T14:20:18.9830282Z test_complete (test_visible.Contracts.test_complete) ... ok
2026-10-09T14:20:18.9996866Z test_duplicate_edge (test_visible.Contracts.test_duplicate_edge) ... ok
2026-10-09T14:20:19.0158181Z test_duplicate_node (test_visible.Contracts.test_duplicate_node) ... ok
2026-10-09T14:20:19.0318827Z test_duplicate_source (test_visible.Contracts.test_duplicate_source) ... ok
2026-10-09T14:20:19.0515020Z test_false_exact_tau (test_visible.Contracts.test_false_exact_tau) ... ok
2026-10-09T14:20:19.0677042Z test_false_guard_needed (test_visible.Contracts.test_false_guard_needed) ... ok
2026-10-09T14:20:19.0839491Z test_false_native_guard (test_visible.Contracts.test_false_native_guard) ... ok
2026-10-09T14:20:19.0998559Z test_false_new_label (test_visible.Contracts.test_false_new_label) ... ok
2026-10-09T14:20:19.1158629Z test_false_optimality (test_visible.Contracts.test_false_optimality) ... ok
2026-10-09T14:20:19.1324319Z test_false_origin (test_visible.Contracts.test_false_origin) ... ok
2026-10-09T14:20:19.1483939Z test_false_progress (test_visible.Contracts.test_false_progress) ... ok
2026-10-09T14:20:19.1640901Z test_false_tau3_universal (test_visible.Contracts.test_false_tau3_universal) ... ok
2026-10-09T14:20:19.1800968Z test_false_uniform_safety (test_visible.Contracts.test_false_uniform_safety) ... ok
2026-10-09T14:20:19.1991718Z test_false_unobservable (test_visible.Contracts.test_false_unobservable) ... ok
2026-10-09T14:20:19.2154193Z test_floor (test_visible.Contracts.test_floor) ... ok
2026-10-09T14:20:19.2314032Z test_guarded_edge_mismatch (test_visible.Contracts.test_guarded_edge_mismatch) ... ok
2026-10-09T14:20:19.2474048Z test_hidden_read (test_visible.Contracts.test_hidden_read) ... ok
2026-10-09T14:20:19.2636616Z test_illegal_host_delete (test_visible.Contracts.test_illegal_host_delete) ... ok
2026-10-09T14:20:19.2796633Z test_marker_insert (test_visible.Contracts.test_marker_insert) ... ok
2026-10-09T14:20:19.2957508Z test_missing_edge (test_visible.Contracts.test_missing_edge) ... ok
2026-10-09T14:20:19.3119585Z test_missing_graph (test_visible.Contracts.test_missing_graph) ... ok
2026-10-09T14:20:19.3279074Z test_missing_node (test_visible.Contracts.test_missing_node) ... ok
2026-10-09T14:20:19.3470247Z test_missing_noop (test_visible.Contracts.test_missing_noop) ... ok
2026-10-09T14:20:19.3657259Z test_missing_path (test_visible.Contracts.test_missing_path) ... ok
2026-10-09T14:20:19.3819307Z test_missing_source (test_visible.Contracts.test_missing_source) ... ok
2026-10-09T14:20:19.3982960Z test_missing_triangle (test_visible.Contracts.test_missing_triangle) ... ok
2026-10-09T14:20:19.3983806Z test_no_runtime_guard_query (test_visible.Contracts.test_no_runtime_guard_query) ... ok
2026-10-09T14:20:19.3989948Z test_observable_deterministic_endpoint (test_visible.Contracts.test_observable_deterministic_endpoint) ... ok
2026-10-09T14:20:19.4152246Z test_path_command (test_visible.Contracts.test_path_command) ... ok
2026-10-09T14:20:19.4313363Z test_provenance (test_visible.Contracts.test_provenance) ... ok
2026-10-09T14:20:19.4471331Z test_rank (test_visible.Contracts.test_rank) ... ok
2026-10-09T14:20:19.4640146Z test_reverse_edge (test_visible.Contracts.test_reverse_edge) ... ok
2026-10-09T14:20:19.4640752Z test_sharp_boundary (test_visible.Contracts.test_sharp_boundary) ... ok
2026-10-09T14:20:19.4813649Z test_source_admission (test_visible.Contracts.test_source_admission) ... ok
2026-10-09T14:20:19.5004204Z test_source_tau (test_visible.Contracts.test_source_tau) ... ok
2026-10-09T14:20:19.5167106Z test_substituted_graph (test_visible.Contracts.test_substituted_graph) ... ok
2026-10-09T14:20:19.5328025Z test_target (test_visible.Contracts.test_target) ... ok
2026-10-09T14:20:19.5492997Z test_type (test_visible.Contracts.test_type) ... ok
2026-10-09T14:20:19.5656953Z test_wrong_formula (test_visible.Contracts.test_wrong_formula) ... ok
2026-10-09T14:20:19.5817001Z test_wrong_residual_tau (test_visible.Contracts.test_wrong_residual_tau) ... ok
2026-10-09T14:20:19.5817465Z 
2026-10-09T14:20:19.5817750Z ----------------------------------------------------------------------
2026-10-09T14:20:19.5820378Z Ran 41 tests in 0.662s
2026-10-09T14:20:19.5820939Z 
2026-10-09T14:20:19.5822492Z OK
2026-10-09T14:20:19.6047162Z ##[group]Run actions/upload-artifact@v4
2026-10-09T14:20:19.6047391Z with:
2026-10-09T14:20:19.6047579Z   name: c3-admission-verification
2026-10-09T14:20:19.6047788Z   path: admission_verification/
2026-10-09T14:20:19.6047989Z   if-no-files-found: warn
2026-10-09T14:20:19.6048174Z   compression-level: 6
2026-10-09T14:20:19.6048362Z   overwrite: false
2026-10-09T14:20:19.6048538Z   include-hidden-files: false
2026-10-09T14:20:19.6048726Z ##[endgroup]
2026-10-09T14:20:19.7331606Z (node:2209) [DEP0040] DeprecationWarning: The `punycode` module is deprecated. Please use a userland alternative instead.
2026-10-09T14:20:19.7332398Z (Use `node --trace-deprecation ...` to show where the warning was created)
2026-10-09T14:20:19.7409574Z With the provided path, there will be 7 files uploaded
2026-10-09T14:20:19.7410236Z Artifact name is valid!
2026-10-09T14:20:19.7410540Z Root directory input is valid!
2026-10-09T14:20:19.9378254Z Beginning upload of artifact content to blob storage
2026-10-09T14:20:19.9661543Z (node:2209) [DEP0169] DeprecationWarning: `url.parse()` behavior is not standardized and prone to errors that have security implications. Use the WHATWG URL API instead. CVEs are not issued for `url.parse()` vulnerabilities.
2026-10-09T14:20:20.0180439Z Uploaded bytes 16244
2026-10-09T14:20:20.0337709Z Finished uploading artifact content to blob storage!
2026-10-09T14:20:20.0338450Z SHA256 digest of uploaded artifact zip is d7a4ecb018ba206f13f246046ca2b62030f491c960cd4ff95518c60a09ac668a
2026-10-09T14:20:20.0339842Z Finalizing artifact upload
2026-10-09T14:20:20.2524041Z Artifact c3-admission-verification.zip successfully finalized. Artifact ID 11623271555
2026-10-09T14:20:20.2524721Z Artifact c3-admission-verification has been successfully uploaded! Final size is 16244 bytes. Artifact ID is 11623271555
2026-10-09T14:20:20.2529602Z Artifact download URL: https://github.com/proteinfoldingengine/WetLabEngine/actions/runs/37943399282/artifacts/11623271555
2026-10-09T14:20:20.2701512Z Post job cleanup.
2026-10-09T14:20:20.3376580Z [command]/usr/bin/git version
2026-10-09T14:20:20.3397928Z git version 2.55.0
2026-10-09T14:20:20.3429639Z Temporarily overriding HOME='/home/runner/work/_temp/13574214-527a-4760-8dbb-13d2e697d4d2' before making global git config changes
2026-10-09T14:20:20.3430367Z Adding repository directory to the temporary git global config as a safe directory
2026-10-09T14:20:20.3434529Z [command]/usr/bin/git config --global --add safe.directory /home/runner/work/WetLabEngine/WetLabEngine/research_snapshot
2026-10-09T14:20:20.3467740Z [command]/usr/bin/git config --local --name-only --get-regexp core\.sshCommand
2026-10-09T14:20:20.3497223Z [command]/usr/bin/git submodule foreach --recursive sh -c "git config --local --name-only --get-regexp 'core\.sshCommand' && git config --local --unset-all 'core.sshCommand' || :"
2026-10-09T14:20:20.3722540Z [command]/usr/bin/git config --local --name-only --get-regexp http\.https\:\/\/github\.com\/\.extraheader
2026-10-09T14:20:20.3754486Z [command]/usr/bin/git submodule foreach --recursive sh -c "git config --local --name-only --get-regexp 'http\.https\:\/\/github\.com\/\.extraheader' && git config --local --unset-all 'http.https://github.com/.extraheader' || :"
2026-10-09T14:20:20.3979157Z [command]/usr/bin/git config --local --name-only --get-regexp ^includeIf\.gitdir:
2026-10-09T14:20:20.4013995Z [command]/usr/bin/git submodule foreach --recursive git config --local --show-origin --name-only --get-regexp remote.origin.url
2026-10-09T14:20:20.4363481Z Cleaning up orphan processes
2026-10-09T14:20:20.4625332Z ##[warning]Node.js 20 is deprecated. The following actions target Node.js 20 but are being forced to run on Node.js 24: actions/checkout@v4, actions/upload-artifact@v4. For more information see: https://github.blog/changelog/2025-09-19-deprecation-of-node-20-on-github-actions-runners/
