2026-09-30T21:22:52.4818611Z Current runner version: '2.337.0'
2026-09-30T21:22:52.4839612Z ##[group]Runner Image Provisioner
2026-09-30T21:22:52.4840424Z Hosted Compute Agent
2026-09-30T21:22:52.4840907Z Version: 20260901.588
2026-09-30T21:22:52.4841387Z Commit: f88ec8081b781fac6c440065ac7ff9e710ce3d0b
2026-09-30T21:22:52.4841978Z Build Date: 2026-09-01T19:56:44Z
2026-09-30T21:22:52.4842501Z Worker ID: {2f2cfd5a-5008-4387-917a-44a50fddb732}
2026-09-30T21:22:52.4843059Z Azure Region: centralus
2026-09-30T21:22:52.4843577Z ##[endgroup]
2026-09-30T21:22:52.4844651Z ##[group]Operating System
2026-09-30T21:22:52.4845154Z Ubuntu
2026-09-30T21:22:52.4845556Z 24.04.5
2026-09-30T21:22:52.4845958Z LTS
2026-09-30T21:22:52.4846386Z ##[endgroup]
2026-09-30T21:22:52.4846808Z ##[group]Runner Image
2026-09-30T21:22:52.4847286Z Image: ubuntu-24.04
2026-09-30T21:22:52.4847835Z Version: 20260927.320.1
2026-09-30T21:22:52.4848994Z Included Software: https://github.com/actions/runner-images/blob/ubuntu24/20260927.320/images/ubuntu/Ubuntu2404-Readme.md
2026-09-30T21:22:52.4850214Z Image Release: https://github.com/actions/runner-images/releases/tag/ubuntu24%2F20260927.320
2026-09-30T21:22:52.4851361Z ##[endgroup]
2026-09-30T21:22:52.4852246Z ##[group]GITHUB_TOKEN Permissions
2026-09-30T21:22:52.4854230Z Contents: read
2026-09-30T21:22:52.4854702Z Metadata: read
2026-09-30T21:22:52.4855144Z ##[endgroup]
2026-09-30T21:22:52.4856916Z Secret source: Actions
2026-09-30T21:22:52.4857607Z Cache mode: write
2026-09-30T21:22:52.4858250Z Prepare workflow directory
2026-09-30T21:22:52.6031223Z Prepare all required actions
2026-09-30T21:22:52.6069601Z Getting action download info
2026-09-30T21:22:52.8747227Z Download action repository 'actions/checkout@11d5960a326750d5838078e36cf38b85af677262' (SHA:11d5960a326750d5838078e36cf38b85af677262)
2026-09-30T21:22:53.1409274Z Download action repository 'actions/setup-python@a26af69be951a213d495a4c3e4e4022e16d87065' (SHA:a26af69be951a213d495a4c3e4e4022e16d87065)
2026-09-30T21:22:53.4087769Z Download action repository 'actions/upload-artifact@ea165f8d65b6e75b540449e92b4886f43607fa02' (SHA:ea165f8d65b6e75b540449e92b4886f43607fa02)
2026-09-30T21:22:53.9596172Z Complete job name: science
2026-09-30T21:22:54.0346249Z ##[group]Run actions/checkout@11d5960a326750d5838078e36cf38b85af677262
2026-09-30T21:22:54.0347925Z with:
2026-09-30T21:22:54.0348694Z   fetch-depth: 64
2026-09-30T21:22:54.0349946Z   repository: proteinfoldingengine/WetLabEngine
2026-09-30T21:22:54.0356902Z   token: ***
2026-09-30T21:22:54.0357746Z   ssh-strict: true
2026-09-30T21:22:54.0358910Z   ssh-user: git
2026-09-30T21:22:54.0359772Z   persist-credentials: true
2026-09-30T21:22:54.0360684Z   clean: true
2026-09-30T21:22:54.0361687Z   sparse-checkout-cone-mode: true
2026-09-30T21:22:54.0362756Z   fetch-tags: false
2026-09-30T21:22:54.0363683Z   show-progress: true
2026-09-30T21:22:54.0364580Z   lfs: false
2026-09-30T21:22:54.0365576Z   submodules: false
2026-09-30T21:22:54.0366452Z   set-safe-directory: true
2026-09-30T21:22:54.0367419Z   allow-unsafe-pr-checkout: false
2026-09-30T21:22:54.0368922Z ##[endgroup]
2026-09-30T21:22:54.1276494Z Syncing repository: proteinfoldingengine/WetLabEngine
2026-09-30T21:22:54.1280320Z ##[group]Getting Git version info
2026-09-30T21:22:54.1282126Z Working directory is '/home/runner/work/WetLabEngine/WetLabEngine'
2026-09-30T21:22:54.1284666Z [command]/usr/bin/git version
2026-09-30T21:22:54.1392639Z git version 2.55.0
2026-09-30T21:22:54.1409487Z ##[endgroup]
2026-09-30T21:22:54.1431183Z Temporarily overriding HOME='/home/runner/work/_temp/81b9b5d5-cd08-45fa-b418-699b969f053a' before making global git config changes
2026-09-30T21:22:54.1440306Z Adding repository directory to the temporary git global config as a safe directory
2026-09-30T21:22:54.1443408Z [command]/usr/bin/git config --global --add safe.directory /home/runner/work/WetLabEngine/WetLabEngine
2026-09-30T21:22:54.1884468Z Deleting the contents of '/home/runner/work/WetLabEngine/WetLabEngine'
2026-09-30T21:22:54.1896030Z ##[group]Initializing the repository
2026-09-30T21:22:54.1899698Z [command]/usr/bin/git init /home/runner/work/WetLabEngine/WetLabEngine
2026-09-30T21:22:54.2305026Z hint: Using 'master' as the name for the initial branch. This default branch name
2026-09-30T21:22:54.2306981Z hint: will change to "main" in Git 3.0. To configure the initial branch name
2026-09-30T21:22:54.2308726Z hint: to use in all of your new repositories, which will suppress this warning,
2026-09-30T21:22:54.2310344Z hint: call:
2026-09-30T21:22:54.2311126Z hint:
2026-09-30T21:22:54.2312114Z hint: 	git config --global init.defaultBranch <name>
2026-09-30T21:22:54.2313234Z hint:
2026-09-30T21:22:54.2314593Z hint: Names commonly chosen instead of 'master' are 'main', 'trunk' and
2026-09-30T21:22:54.2316411Z hint: 'development'. The just-created branch can be renamed via this command:
2026-09-30T21:22:54.2317739Z hint:
2026-09-30T21:22:54.2318519Z hint: 	git branch -m <name>
2026-09-30T21:22:54.2319607Z hint:
2026-09-30T21:22:54.2320969Z hint: Disable this message with "git config set advice.defaultBranchName false"
2026-09-30T21:22:54.2322855Z Initialized empty Git repository in /home/runner/work/WetLabEngine/WetLabEngine/.git/
2026-09-30T21:22:54.2326033Z [command]/usr/bin/git remote add origin https://github.com/proteinfoldingengine/WetLabEngine
2026-09-30T21:22:54.3394717Z ##[endgroup]
2026-09-30T21:22:54.3395478Z ##[group]Disabling automatic garbage collection
2026-09-30T21:22:54.3399056Z [command]/usr/bin/git config --local gc.auto 0
2026-09-30T21:22:54.3994401Z ##[endgroup]
2026-09-30T21:22:54.3994971Z ##[group]Setting up auth
2026-09-30T21:22:54.4001627Z [command]/usr/bin/git config --local --name-only --get-regexp core\.sshCommand
2026-09-30T21:22:54.4031895Z [command]/usr/bin/git submodule foreach --recursive sh -c "git config --local --name-only --get-regexp 'core\.sshCommand' && git config --local --unset-all 'core.sshCommand' || :"
2026-09-30T21:22:54.4319662Z [command]/usr/bin/git config --local --name-only --get-regexp http\.https\:\/\/github\.com\/\.extraheader
2026-09-30T21:22:54.4346924Z [command]/usr/bin/git submodule foreach --recursive sh -c "git config --local --name-only --get-regexp 'http\.https\:\/\/github\.com\/\.extraheader' && git config --local --unset-all 'http.https://github.com/.extraheader' || :"
2026-09-30T21:22:54.4512564Z [command]/usr/bin/git config --local --name-only --get-regexp ^includeIf\.gitdir:
2026-09-30T21:22:54.4541255Z [command]/usr/bin/git submodule foreach --recursive git config --local --show-origin --name-only --get-regexp remote.origin.url
2026-09-30T21:22:54.4700770Z [command]/usr/bin/git config --local http.https://github.com/.extraheader AUTHORIZATION: basic ***
2026-09-30T21:22:54.5702230Z ##[endgroup]
2026-09-30T21:22:54.5703051Z ##[group]Fetching the repository
2026-09-30T21:22:54.5714690Z [command]/usr/bin/git -c protocol.version=2 fetch --no-tags --prune --no-recurse-submodules --depth=64 origin +c3d21261359b56480ae6a3401ade2ba741de5f54:refs/remotes/origin/research/v16.40-coordinate-obstruction
2026-09-30T21:23:08.7412602Z From https://github.com/proteinfoldingengine/WetLabEngine
2026-09-30T21:23:08.7413493Z  * [new ref]         c3d21261359b56480ae6a3401ade2ba741de5f54 -> origin/research/v16.40-coordinate-obstruction
2026-09-30T21:23:08.7416711Z ##[endgroup]
2026-09-30T21:23:08.7417487Z ##[group]Determining the checkout info
2026-09-30T21:23:08.7419656Z ##[endgroup]
2026-09-30T21:23:08.7425511Z [command]/usr/bin/git sparse-checkout disable
2026-09-30T21:23:08.7477012Z [command]/usr/bin/git config --local --unset-all extensions.worktreeConfig
2026-09-30T21:23:08.7503162Z ##[group]Checking out the ref
2026-09-30T21:23:08.7507386Z [command]/usr/bin/git checkout --progress --force -B research/v16.40-coordinate-obstruction refs/remotes/origin/research/v16.40-coordinate-obstruction
2026-09-30T21:23:09.8218090Z Updating files:  54% (3103/5726)
2026-09-30T21:23:09.8252778Z Updating files:  55% (3150/5726)
2026-09-30T21:23:09.8273726Z Updating files:  56% (3207/5726)
2026-09-30T21:23:09.8287427Z Updating files:  57% (3264/5726)
2026-09-30T21:23:09.8322690Z Updating files:  58% (3322/5726)
2026-09-30T21:23:09.9038343Z Updating files:  59% (3379/5726)
2026-09-30T21:23:09.9059800Z Updating files:  60% (3436/5726)
2026-09-30T21:23:09.9078428Z Updating files:  61% (3493/5726)
2026-09-30T21:23:09.9186934Z Updating files:  62% (3551/5726)
2026-09-30T21:23:09.9275621Z Updating files:  63% (3608/5726)
2026-09-30T21:23:09.9405064Z Updating files:  64% (3665/5726)
2026-09-30T21:23:09.9480367Z Updating files:  65% (3722/5726)
2026-09-30T21:23:09.9497601Z Updating files:  66% (3780/5726)
2026-09-30T21:23:09.9898648Z Updating files:  67% (3837/5726)
2026-09-30T21:23:10.1450567Z Updating files:  68% (3894/5726)
2026-09-30T21:23:10.2919111Z Updating files:  69% (3951/5726)
2026-09-30T21:23:10.3841768Z Updating files:  70% (4009/5726)
2026-09-30T21:23:10.5374439Z Updating files:  71% (4066/5726)
2026-09-30T21:23:10.6300389Z Updating files:  72% (4123/5726)
2026-09-30T21:23:10.6924439Z Updating files:  73% (4180/5726)
2026-09-30T21:23:10.7139576Z Updating files:  74% (4238/5726)
2026-09-30T21:23:10.7192423Z Updating files:  75% (4295/5726)
2026-09-30T21:23:10.7705729Z Updating files:  76% (4352/5726)
2026-09-30T21:23:10.7719619Z Updating files:  76% (4392/5726)
2026-09-30T21:23:10.7751207Z Updating files:  77% (4410/5726)
2026-09-30T21:23:10.7775425Z Updating files:  78% (4467/5726)
2026-09-30T21:23:10.7796761Z Updating files:  79% (4524/5726)
2026-09-30T21:23:10.7819063Z Updating files:  80% (4581/5726)
2026-09-30T21:23:10.7840556Z Updating files:  81% (4639/5726)
2026-09-30T21:23:10.7868214Z Updating files:  82% (4696/5726)
2026-09-30T21:23:10.7884968Z Updating files:  83% (4753/5726)
2026-09-30T21:23:10.7929255Z Updating files:  84% (4810/5726)
2026-09-30T21:23:10.8062058Z Updating files:  85% (4868/5726)
2026-09-30T21:23:11.1861494Z Updating files:  86% (4925/5726)
2026-09-30T21:23:11.1930452Z Updating files:  87% (4982/5726)
2026-09-30T21:23:11.2285922Z Updating files:  88% (5039/5726)
2026-09-30T21:23:11.2527787Z Updating files:  89% (5097/5726)
2026-09-30T21:23:11.2818936Z Updating files:  90% (5154/5726)
2026-09-30T21:23:11.3301990Z Updating files:  91% (5211/5726)
2026-09-30T21:23:11.3455354Z Updating files:  92% (5268/5726)
2026-09-30T21:23:11.3483334Z Updating files:  93% (5326/5726)
2026-09-30T21:23:11.3561534Z Updating files:  94% (5383/5726)
2026-09-30T21:23:11.3596212Z Updating files:  95% (5440/5726)
2026-09-30T21:23:11.3696415Z Updating files:  96% (5497/5726)
2026-09-30T21:23:11.3755028Z Updating files:  97% (5555/5726)
2026-09-30T21:23:11.3895551Z Updating files:  98% (5612/5726)
2026-09-30T21:23:11.4160728Z Updating files:  99% (5669/5726)
2026-09-30T21:23:11.4161090Z Updating files: 100% (5726/5726)
2026-09-30T21:23:11.4161555Z Updating files: 100% (5726/5726), done.
2026-09-30T21:23:11.4972616Z Switched to a new branch 'research/v16.40-coordinate-obstruction'
2026-09-30T21:23:11.4973805Z branch 'research/v16.40-coordinate-obstruction' set up to track 'origin/research/v16.40-coordinate-obstruction'.
2026-09-30T21:23:11.5042864Z ##[endgroup]
2026-09-30T21:23:11.5083061Z [command]/usr/bin/git log -1 --format=%H
2026-09-30T21:23:11.5106636Z c3d21261359b56480ae6a3401ade2ba741de5f54
2026-09-30T21:23:11.5331631Z ##[group]Run actions/setup-python@a26af69be951a213d495a4c3e4e4022e16d87065
2026-09-30T21:23:11.5331996Z with:
2026-09-30T21:23:11.5332231Z   python-version: 3.11
2026-09-30T21:23:11.5332483Z   check-latest: false
2026-09-30T21:23:11.5334605Z   token: ***
2026-09-30T21:23:11.5334838Z   update-environment: true
2026-09-30T21:23:11.5335117Z   allow-prereleases: false
2026-09-30T21:23:11.5335369Z   freethreaded: false
2026-09-30T21:23:11.5335593Z ##[endgroup]
2026-09-30T21:23:11.6418267Z ##[group]Installed versions
2026-09-30T21:23:11.6483607Z (node:2085) [DEP0040] DeprecationWarning: The `punycode` module is deprecated. Please use a userland alternative instead.
2026-09-30T21:23:11.6484362Z (Use `node --trace-deprecation ...` to show where the warning was created)
2026-09-30T21:23:11.6484886Z Successfully set up CPython (3.11.16)
2026-09-30T21:23:11.6485392Z ##[endgroup]
2026-09-30T21:23:11.6642890Z ##[group]Run python -m pip install sympy==1.13.3 mpmath==1.3.0
2026-09-30T21:23:11.6643434Z [36;1mpython -m pip install sympy==1.13.3 mpmath==1.3.0[0m
2026-09-30T21:23:11.7065059Z shell: /usr/bin/bash -e {0}
2026-09-30T21:23:11.7065467Z env:
2026-09-30T21:23:11.7065871Z   pythonLocation: /opt/hostedtoolcache/Python/3.11.16/x64
2026-09-30T21:23:11.7066578Z   PKG_CONFIG_PATH: /opt/hostedtoolcache/Python/3.11.16/x64/lib/pkgconfig
2026-09-30T21:23:11.7067144Z   Python_ROOT_DIR: /opt/hostedtoolcache/Python/3.11.16/x64
2026-09-30T21:23:11.7067661Z   Python2_ROOT_DIR: /opt/hostedtoolcache/Python/3.11.16/x64
2026-09-30T21:23:11.7068154Z   Python3_ROOT_DIR: /opt/hostedtoolcache/Python/3.11.16/x64
2026-09-30T21:23:11.7068673Z   LD_LIBRARY_PATH: /opt/hostedtoolcache/Python/3.11.16/x64/lib
2026-09-30T21:23:11.7069385Z ##[endgroup]
2026-09-30T21:23:21.8132198Z Collecting sympy==1.13.3
2026-09-30T21:23:21.8798036Z   Downloading sympy-1.13.3-py3-none-any.whl.metadata (12 kB)
2026-09-30T21:23:21.9019014Z Collecting mpmath==1.3.0
2026-09-30T21:23:21.9123462Z   Downloading mpmath-1.3.0-py3-none-any.whl.metadata (8.6 kB)
2026-09-30T21:23:21.9283293Z Downloading sympy-1.13.3-py3-none-any.whl (6.2 MB)
2026-09-30T21:23:22.0653456Z    ━━━━━━━━━━━━━━━━━━━━━━━━━━━━━━━━━━━━━━━━ 6.2/6.2 MB 55.6 MB/s  0:00:00
2026-09-30T21:23:22.0760031Z Downloading mpmath-1.3.0-py3-none-any.whl (536 kB)
2026-09-30T21:23:22.0806765Z    ━━━━━━━━━━━━━━━━━━━━━━━━━━━━━━━━━━━━━━━━ 536.2/536.2 kB 98.9 MB/s  0:00:00
2026-09-30T21:23:22.5597862Z Installing collected packages: mpmath, sympy
2026-09-30T21:23:26.2550071Z 
2026-09-30T21:23:26.2559349Z Successfully installed mpmath-1.3.0 sympy-1.13.3
2026-09-30T21:23:26.3097021Z ##[group]Run python ResearchHistory/UQCF-GEM/demos/v16.40-coordinate-obstruction/run.py phase out/science
2026-09-30T21:23:26.3097778Z [36;1mpython ResearchHistory/UQCF-GEM/demos/v16.40-coordinate-obstruction/run.py phase out/science[0m
2026-09-30T21:23:26.3135266Z shell: /usr/bin/bash -e {0}
2026-09-30T21:23:26.3135622Z env:
2026-09-30T21:23:26.3135935Z   pythonLocation: /opt/hostedtoolcache/Python/3.11.16/x64
2026-09-30T21:23:26.3136372Z   PKG_CONFIG_PATH: /opt/hostedtoolcache/Python/3.11.16/x64/lib/pkgconfig
2026-09-30T21:23:26.3136779Z   Python_ROOT_DIR: /opt/hostedtoolcache/Python/3.11.16/x64
2026-09-30T21:23:26.3137174Z   Python2_ROOT_DIR: /opt/hostedtoolcache/Python/3.11.16/x64
2026-09-30T21:23:26.3137607Z   Python3_ROOT_DIR: /opt/hostedtoolcache/Python/3.11.16/x64
2026-09-30T21:23:26.3137977Z   LD_LIBRARY_PATH: /opt/hostedtoolcache/Python/3.11.16/x64/lib
2026-09-30T21:23:26.3138312Z ##[endgroup]
2026-09-30T21:24:50.2673855Z ##[group]Run python ResearchHistory/UQCF-GEM/demos/v16.40-coordinate-obstruction/run.py package out/science science
2026-09-30T21:24:50.2674534Z [36;1mpython ResearchHistory/UQCF-GEM/demos/v16.40-coordinate-obstruction/run.py package out/science science[0m
2026-09-30T21:24:50.2709228Z shell: /usr/bin/bash -e {0}
2026-09-30T21:24:50.2709507Z env:
2026-09-30T21:24:50.2709765Z   pythonLocation: /opt/hostedtoolcache/Python/3.11.16/x64
2026-09-30T21:24:50.2710166Z   PKG_CONFIG_PATH: /opt/hostedtoolcache/Python/3.11.16/x64/lib/pkgconfig
2026-09-30T21:24:50.2710524Z   Python_ROOT_DIR: /opt/hostedtoolcache/Python/3.11.16/x64
2026-09-30T21:24:50.2710913Z   Python2_ROOT_DIR: /opt/hostedtoolcache/Python/3.11.16/x64
2026-09-30T21:24:50.2711240Z   Python3_ROOT_DIR: /opt/hostedtoolcache/Python/3.11.16/x64
2026-09-30T21:24:50.2711559Z   LD_LIBRARY_PATH: /opt/hostedtoolcache/Python/3.11.16/x64/lib
2026-09-30T21:24:50.2711853Z ##[endgroup]
2026-09-30T21:24:52.4537136Z {"package": "VERIFIED", "source_members": 1348}
2026-09-30T21:24:52.4722543Z ##[group]Run actions/upload-artifact@ea165f8d65b6e75b540449e92b4886f43607fa02
2026-09-30T21:24:52.4722936Z with:
2026-09-30T21:24:52.4723206Z   name: v1640-science-c3d21261359b56480ae6a3401ade2ba741de5f54
2026-09-30T21:24:52.4723504Z   path: out/science
2026-09-30T21:24:52.4723789Z   if-no-files-found: error
2026-09-30T21:24:52.4724022Z   compression-level: 6
2026-09-30T21:24:52.4724424Z   overwrite: false
2026-09-30T21:24:52.4724657Z   include-hidden-files: false
2026-09-30T21:24:52.4724902Z env:
2026-09-30T21:24:52.4725198Z   pythonLocation: /opt/hostedtoolcache/Python/3.11.16/x64
2026-09-30T21:24:52.4725574Z   PKG_CONFIG_PATH: /opt/hostedtoolcache/Python/3.11.16/x64/lib/pkgconfig
2026-09-30T21:24:52.4725961Z   Python_ROOT_DIR: /opt/hostedtoolcache/Python/3.11.16/x64
2026-09-30T21:24:52.4726289Z   Python2_ROOT_DIR: /opt/hostedtoolcache/Python/3.11.16/x64
2026-09-30T21:24:52.4726643Z   Python3_ROOT_DIR: /opt/hostedtoolcache/Python/3.11.16/x64
2026-09-30T21:24:52.4727087Z   LD_LIBRARY_PATH: /opt/hostedtoolcache/Python/3.11.16/x64/lib
2026-09-30T21:24:52.4727375Z ##[endgroup]
2026-09-30T21:24:52.5976686Z (node:2210) [DEP0040] DeprecationWarning: The `punycode` module is deprecated. Please use a userland alternative instead.
2026-09-30T21:24:52.5977714Z (Use `node --trace-deprecation ...` to show where the warning was created)
2026-09-30T21:24:52.6083616Z With the provided path, there will be 40 files uploaded
2026-09-30T21:24:52.6088346Z Artifact name is valid!
2026-09-30T21:24:52.6088713Z Root directory input is valid!
2026-09-30T21:24:52.9377490Z Beginning upload of artifact content to blob storage
2026-09-30T21:24:53.1665643Z (node:2210) [DEP0169] DeprecationWarning: `url.parse()` behavior is not standardized and prone to errors that have security implications. Use the WHATWG URL API instead. CVEs are not issued for `url.parse()` vulnerabilities.
2026-09-30T21:24:53.6616568Z Uploaded bytes 6843992
2026-09-30T21:24:53.7080722Z Finished uploading artifact content to blob storage!
2026-09-30T21:24:53.7081653Z SHA256 digest of uploaded artifact zip is c09d1461bd578355348f347d0ffb591aef78b9f04583bdbe0fc2201e64d4c718
2026-09-30T21:24:53.7084161Z Finalizing artifact upload
2026-09-30T21:24:53.9461238Z Artifact v1640-science-c3d21261359b56480ae6a3401ade2ba741de5f54.zip successfully finalized. Artifact ID 11126074551
2026-09-30T21:24:53.9462078Z Artifact v1640-science-c3d21261359b56480ae6a3401ade2ba741de5f54 has been successfully uploaded! Final size is 6843992 bytes. Artifact ID is 11126074551
2026-09-30T21:24:53.9465946Z Artifact download URL: https://github.com/proteinfoldingengine/WetLabEngine/actions/runs/36778996998/artifacts/11126074551
2026-09-30T21:24:53.9614139Z Post job cleanup.
2026-09-30T21:24:54.0576350Z (node:2223) [DEP0040] DeprecationWarning: The `punycode` module is deprecated. Please use a userland alternative instead.
2026-09-30T21:24:54.0576948Z (Use `node --trace-deprecation ...` to show where the warning was created)
2026-09-30T21:24:54.0709318Z Post job cleanup.
2026-09-30T21:24:54.1404149Z [command]/usr/bin/git version
2026-09-30T21:24:54.1437910Z git version 2.55.0
2026-09-30T21:24:54.1468322Z Temporarily overriding HOME='/home/runner/work/_temp/d8343a5a-800a-4e60-9ca2-12b62c6a29b6' before making global git config changes
2026-09-30T21:24:54.1469190Z Adding repository directory to the temporary git global config as a safe directory
2026-09-30T21:24:54.1471483Z [command]/usr/bin/git config --global --add safe.directory /home/runner/work/WetLabEngine/WetLabEngine
2026-09-30T21:24:54.1505650Z [command]/usr/bin/git config --local --name-only --get-regexp core\.sshCommand
2026-09-30T21:24:54.1533185Z [command]/usr/bin/git submodule foreach --recursive sh -c "git config --local --name-only --get-regexp 'core\.sshCommand' && git config --local --unset-all 'core.sshCommand' || :"
2026-09-30T21:24:54.1768036Z [command]/usr/bin/git config --local --name-only --get-regexp http\.https\:\/\/github\.com\/\.extraheader
2026-09-30T21:24:54.1797389Z http.https://github.com/.extraheader
2026-09-30T21:24:54.1850650Z [command]/usr/bin/git config --local --unset-all http.https://github.com/.extraheader
2026-09-30T21:24:54.1879434Z [command]/usr/bin/git submodule foreach --recursive sh -c "git config --local --name-only --get-regexp 'http\.https\:\/\/github\.com\/\.extraheader' && git config --local --unset-all 'http.https://github.com/.extraheader' || :"
2026-09-30T21:24:54.2124857Z [command]/usr/bin/git config --local --name-only --get-regexp ^includeIf\.gitdir:
2026-09-30T21:24:54.2184936Z [command]/usr/bin/git submodule foreach --recursive git config --local --show-origin --name-only --get-regexp remote.origin.url
2026-09-30T21:24:54.2517193Z Cleaning up orphan processes
2026-09-30T21:24:54.2739682Z ##[warning]Node.js 20 is deprecated. The following actions target Node.js 20 but are being forced to run on Node.js 24: actions/checkout@11d5960a326750d5838078e36cf38b85af677262, actions/setup-python@a26af69be951a213d495a4c3e4e4022e16d87065, actions/upload-artifact@ea165f8d65b6e75b540449e92b4886f43607fa02. For more information see: https://github.blog/changelog/2025-09-19-deprecation-of-node-20-on-github-actions-runners/
