2026-10-09T04:04:24.9648600Z Current runner version: '2.337.0'
2026-10-09T04:04:24.9676460Z ##[group]Runner Image Provisioner
2026-10-09T04:04:24.9677373Z Hosted Compute Agent
2026-10-09T04:04:24.9677965Z Version: 20261002.596
2026-10-09T04:04:24.9678676Z Commit: c3d12f3313a95f25162a1503be624f3b0617f8c0
2026-10-09T04:04:24.9679401Z Build Date: 2026-10-02T22:28:27Z
2026-10-09T04:04:24.9680166Z Worker ID: {92033d73-679a-4af7-a76c-fd5bc5231210}
2026-10-09T04:04:24.9680940Z Region: eastus
2026-10-09T04:04:24.9681491Z Cloud: Azure
2026-10-09T04:04:24.9682074Z ##[endgroup]
2026-10-09T04:04:24.9683589Z ##[group]Operating System
2026-10-09T04:04:24.9684465Z Ubuntu
2026-10-09T04:04:24.9685167Z 24.04.5
2026-10-09T04:04:24.9685681Z LTS
2026-10-09T04:04:24.9686650Z ##[endgroup]
2026-10-09T04:04:24.9687230Z ##[group]Runner Image
2026-10-09T04:04:24.9687824Z Image: ubuntu-24.04
2026-10-09T04:04:24.9688493Z Version: 20261004.327.1
2026-10-09T04:04:24.9689894Z Included Software: https://github.com/actions/runner-images/blob/ubuntu24/20261004.327/images/ubuntu/Ubuntu2404-Readme.md
2026-10-09T04:04:24.9691492Z Image Release: https://github.com/actions/runner-images/releases/tag/ubuntu24%2F20261004.327
2026-10-09T04:04:24.9692542Z ##[endgroup]
2026-10-09T04:04:24.9693680Z ##[group]GITHUB_TOKEN Permissions
2026-10-09T04:04:24.9696117Z Contents: read
2026-10-09T04:04:24.9696747Z Metadata: read
2026-10-09T04:04:24.9697295Z ##[endgroup]
2026-10-09T04:04:24.9699758Z Secret source: Actions
2026-10-09T04:04:24.9700749Z Cache mode: write
2026-10-09T04:04:24.9701727Z Prepare workflow directory
2026-10-09T04:04:25.0048314Z Prepare all required actions
2026-10-09T04:04:25.0097551Z Getting action download info
2026-10-09T04:04:25.2267501Z Download action repository 'actions/checkout@v4' (SHA:11d5960a326750d5838078e36cf38b85af677262)
2026-10-09T04:04:25.3617763Z Download action repository 'actions/download-artifact@v4' (SHA:d3f86a106a0bac45b974a628896c90dbdf5c8093)
2026-10-09T04:04:25.5493714Z Download action repository 'actions/upload-artifact@v4' (SHA:ea165f8d65b6e75b540449e92b4886f43607fa02)
2026-10-09T04:04:25.7915109Z Complete job name: mathematical-review
2026-10-09T04:04:25.8724666Z ##[group]Run actions/checkout@v4
2026-10-09T04:04:25.8725643Z with:
2026-10-09T04:04:25.8726115Z   path: research_snapshot
2026-10-09T04:04:25.8726631Z   persist-credentials: false
2026-10-09T04:04:25.8727428Z   sparse-checkout: ResearchHistory/UQCF-GEM/research/physical-bridge
.github/scripts

2026-10-09T04:04:25.8728322Z   repository: proteinfoldingengine/WetLabEngine
2026-10-09T04:04:25.8732258Z   token: ***
2026-10-09T04:04:25.8732701Z   ssh-strict: true
2026-10-09T04:04:25.8733147Z   ssh-user: git
2026-10-09T04:04:25.8733566Z   clean: true
2026-10-09T04:04:25.8734279Z   sparse-checkout-cone-mode: true
2026-10-09T04:04:25.8734809Z   fetch-depth: 1
2026-10-09T04:04:25.8735241Z   fetch-tags: false
2026-10-09T04:04:25.8735741Z   show-progress: true
2026-10-09T04:04:25.8736184Z   lfs: false
2026-10-09T04:04:25.8736599Z   submodules: false
2026-10-09T04:04:25.8737042Z   set-safe-directory: true
2026-10-09T04:04:25.8737646Z   allow-unsafe-pr-checkout: false
2026-10-09T04:04:25.8738500Z ##[endgroup]
2026-10-09T04:04:25.9788783Z Syncing repository: proteinfoldingengine/WetLabEngine
2026-10-09T04:04:25.9791780Z ##[group]Getting Git version info
2026-10-09T04:04:25.9793194Z Working directory is '/home/runner/work/WetLabEngine/WetLabEngine/research_snapshot'
2026-10-09T04:04:25.9795372Z [command]/usr/bin/git version
2026-10-09T04:04:25.9895220Z git version 2.55.0
2026-10-09T04:04:25.9920239Z ##[endgroup]
2026-10-09T04:04:25.9946769Z Temporarily overriding HOME='/home/runner/work/_temp/a1ea13a0-9367-4c17-84ca-ab6104dd39ac' before making global git config changes
2026-10-09T04:04:25.9949153Z Adding repository directory to the temporary git global config as a safe directory
2026-10-09T04:04:25.9951400Z [command]/usr/bin/git config --global --add safe.directory /home/runner/work/WetLabEngine/WetLabEngine/research_snapshot
2026-10-09T04:04:26.0024792Z ##[group]Initializing the repository
2026-10-09T04:04:26.0026730Z [command]/usr/bin/git init /home/runner/work/WetLabEngine/WetLabEngine/research_snapshot
2026-10-09T04:04:26.0163515Z hint: Using 'master' as the name for the initial branch. This default branch name
2026-10-09T04:04:26.0165817Z hint: will change to "main" in Git 3.0. To configure the initial branch name
2026-10-09T04:04:26.0176183Z hint: to use in all of your new repositories, which will suppress this warning,
2026-10-09T04:04:26.0177881Z hint: call:
2026-10-09T04:04:26.0179142Z hint:
2026-10-09T04:04:26.0180437Z hint: 	git config --global init.defaultBranch <name>
2026-10-09T04:04:26.0181835Z hint:
2026-10-09T04:04:26.0182912Z hint: Names commonly chosen instead of 'master' are 'main', 'trunk' and
2026-10-09T04:04:26.0185043Z hint: 'development'. The just-created branch can be renamed via this command:
2026-10-09T04:04:26.0186515Z hint:
2026-10-09T04:04:26.0187445Z hint: 	git branch -m <name>
2026-10-09T04:04:26.0188413Z hint:
2026-10-09T04:04:26.0189670Z hint: Disable this message with "git config set advice.defaultBranchName false"
2026-10-09T04:04:26.0191916Z Initialized empty Git repository in /home/runner/work/WetLabEngine/WetLabEngine/research_snapshot/.git/
2026-10-09T04:04:26.0196243Z [command]/usr/bin/git remote add origin https://github.com/proteinfoldingengine/WetLabEngine
2026-10-09T04:04:26.0270083Z ##[endgroup]
2026-10-09T04:04:26.0271671Z ##[group]Disabling automatic garbage collection
2026-10-09T04:04:26.0277083Z [command]/usr/bin/git config --local gc.auto 0
2026-10-09T04:04:26.0333098Z ##[endgroup]
2026-10-09T04:04:26.0334625Z ##[group]Setting up auth
2026-10-09T04:04:26.0344287Z [command]/usr/bin/git config --local --name-only --get-regexp core\.sshCommand
2026-10-09T04:04:26.0405117Z [command]/usr/bin/git submodule foreach --recursive sh -c "git config --local --name-only --get-regexp 'core\.sshCommand' && git config --local --unset-all 'core.sshCommand' || :"
2026-10-09T04:04:26.0854421Z [command]/usr/bin/git config --local --name-only --get-regexp http\.https\:\/\/github\.com\/\.extraheader
2026-10-09T04:04:26.0904530Z [command]/usr/bin/git submodule foreach --recursive sh -c "git config --local --name-only --get-regexp 'http\.https\:\/\/github\.com\/\.extraheader' && git config --local --unset-all 'http.https://github.com/.extraheader' || :"
2026-10-09T04:04:26.1177796Z [command]/usr/bin/git config --local --name-only --get-regexp ^includeIf\.gitdir:
2026-10-09T04:04:26.1216732Z [command]/usr/bin/git submodule foreach --recursive git config --local --show-origin --name-only --get-regexp remote.origin.url
2026-10-09T04:04:26.1449637Z [command]/usr/bin/git config --local http.https://github.com/.extraheader AUTHORIZATION: basic ***
2026-10-09T04:04:26.1495400Z ##[endgroup]
2026-10-09T04:04:26.1496261Z ##[group]Fetching the repository
2026-10-09T04:04:26.1509662Z [command]/usr/bin/git -c protocol.version=2 fetch --no-tags --prune --no-recurse-submodules --filter=blob:none --depth=1 origin +baa8ff7a71f4a9d289bd9a3e8a397bb8dad0a0d0:refs/remotes/origin/research/uqcf-overlapping-guard-exchange
2026-10-09T04:04:26.3760052Z From https://github.com/proteinfoldingengine/WetLabEngine
2026-10-09T04:04:26.3761551Z  * [new ref]         baa8ff7a71f4a9d289bd9a3e8a397bb8dad0a0d0 -> origin/research/uqcf-overlapping-guard-exchange
2026-10-09T04:04:26.3764844Z ##[endgroup]
2026-10-09T04:04:26.3766191Z ##[group]Determining the checkout info
2026-10-09T04:04:26.3768917Z ##[endgroup]
2026-10-09T04:04:26.3770263Z ##[group]Setting up sparse checkout
2026-10-09T04:04:26.3775723Z [command]/usr/bin/git sparse-checkout set ResearchHistory/UQCF-GEM/research/physical-bridge .github/scripts
2026-10-09T04:04:26.3824839Z ##[endgroup]
2026-10-09T04:04:26.3826159Z ##[group]Checking out the ref
2026-10-09T04:04:26.3830893Z [command]/usr/bin/git checkout --progress --force -B research/uqcf-overlapping-guard-exchange refs/remotes/origin/research/uqcf-overlapping-guard-exchange
2026-10-09T04:04:27.1222845Z Switched to a new branch 'research/uqcf-overlapping-guard-exchange'
2026-10-09T04:04:27.1231081Z branch 'research/uqcf-overlapping-guard-exchange' set up to track 'origin/research/uqcf-overlapping-guard-exchange'.
2026-10-09T04:04:27.1241356Z ##[endgroup]
2026-10-09T04:04:27.1296858Z [command]/usr/bin/git log -1 --format=%H
2026-10-09T04:04:27.1325707Z baa8ff7a71f4a9d289bd9a3e8a397bb8dad0a0d0
2026-10-09T04:04:27.1335109Z ##[group]Removing auth
2026-10-09T04:04:27.1339005Z [command]/usr/bin/git config --local --name-only --get-regexp core\.sshCommand
2026-10-09T04:04:27.1375832Z [command]/usr/bin/git submodule foreach --recursive sh -c "git config --local --name-only --get-regexp 'core\.sshCommand' && git config --local --unset-all 'core.sshCommand' || :"
2026-10-09T04:04:27.1628198Z [command]/usr/bin/git config --local --name-only --get-regexp http\.https\:\/\/github\.com\/\.extraheader
2026-10-09T04:04:27.1661116Z http.https://github.com/.extraheader
2026-10-09T04:04:27.1672927Z [command]/usr/bin/git config --local --unset-all http.https://github.com/.extraheader
2026-10-09T04:04:27.1714378Z [command]/usr/bin/git submodule foreach --recursive sh -c "git config --local --name-only --get-regexp 'http\.https\:\/\/github\.com\/\.extraheader' && git config --local --unset-all 'http.https://github.com/.extraheader' || :"
2026-10-09T04:04:27.1975837Z [command]/usr/bin/git config --local --name-only --get-regexp ^includeIf\.gitdir:
2026-10-09T04:04:27.2014959Z [command]/usr/bin/git submodule foreach --recursive git config --local --show-origin --name-only --get-regexp remote.origin.url
2026-10-09T04:04:27.2274268Z ##[endgroup]
2026-10-09T04:04:27.2603420Z ##[group]Run actions/download-artifact@v4
2026-10-09T04:04:27.2604921Z with:
2026-10-09T04:04:27.2605815Z   name: c3-visible-verification
2026-10-09T04:04:27.2606929Z   path: visible_verification
2026-10-09T04:04:27.2608000Z   merge-multiple: false
2026-10-09T04:04:27.2609156Z   repository: proteinfoldingengine/WetLabEngine
2026-10-09T04:04:27.2610456Z   run-id: 37882153190
2026-10-09T04:04:27.2611355Z ##[endgroup]
2026-10-09T04:04:27.4476658Z Downloading single artifact
2026-10-09T04:04:27.4650357Z (node:2362) [DEP0040] DeprecationWarning: The `punycode` module is deprecated. Please use a userland alternative instead.
2026-10-09T04:04:27.4653014Z (Use `node --trace-deprecation ...` to show where the warning was created)
2026-10-09T04:04:27.5397812Z Preparing to download the following artifacts:
2026-10-09T04:04:27.5399122Z - c3-visible-verification (ID: 11594836579, Size: 11626, Expected Digest: sha256:a6ffc92b99a0c004a5a2db92ff7aafae99395353f4b77f05f4fb6573ee56547d)
2026-10-09T04:04:27.6604982Z Redirecting to blob download url: https://productionresultssa15.blob.core.windows.net/actions-results/df05706c-e819-8fa4-b7b5-cf531ecd33b1/workflow-job-run-96bbc40e-3307-5531-81c3-6775d2a57ca8/artifacts/fe56e137651c4af74c4030e63fea1a61ad106628522a23d0e712b3d564c203e7.zip
2026-10-09T04:04:27.6608305Z Starting download of artifact to: /home/runner/work/WetLabEngine/WetLabEngine/visible_verification
2026-10-09T04:04:27.7093549Z (node:2362) [DEP0005] DeprecationWarning: Buffer() is deprecated due to security and usability issues. Please use the Buffer.alloc(), Buffer.allocUnsafe(), or Buffer.from() methods instead.
2026-10-09T04:04:27.7213453Z SHA256 digest of downloaded artifact is a6ffc92b99a0c004a5a2db92ff7aafae99395353f4b77f05f4fb6573ee56547d
2026-10-09T04:04:27.7215492Z Artifact download completed successfully.
2026-10-09T04:04:27.7216556Z Total of 1 artifact(s) downloaded
2026-10-09T04:04:27.7220102Z Download artifact has finished successfully
2026-10-09T04:04:27.7373548Z ##[group]Run python3 research_snapshot/.github/scripts/c3_visible_buffer_review.py
2026-10-09T04:04:27.7374873Z [36;1mpython3 research_snapshot/.github/scripts/c3_visible_buffer_review.py[0m
2026-10-09T04:04:27.7653080Z shell: /usr/bin/bash -e {0}
2026-10-09T04:04:27.7653704Z env:
2026-10-09T04:04:27.7655098Z   GEMINI_API_KEY: ***
2026-10-09T04:04:27.7655603Z ##[endgroup]
2026-10-09T04:05:12.5672886Z Handoff independent verdict: ACCEPTED
2026-10-09T04:05:12.5675220Z Missing assumptions: 0
2026-10-09T04:05:12.5675709Z Counterexamples: 0
2026-10-09T04:05:12.5677027Z Response SHA256: 43142b0e2a297941b69a4da6352b76a0fa325e9f0aca023df9e292e7960d8de5
2026-10-09T04:05:12.5677534Z This is not scientific certification.
2026-10-09T04:05:12.5851527Z ##[group]Run actions/upload-artifact@v4
2026-10-09T04:05:12.5851866Z with:
2026-10-09T04:05:12.5852092Z   name: c3-visible-review
2026-10-09T04:05:12.5852349Z   path: visible_review/
2026-10-09T04:05:12.5852583Z   if-no-files-found: warn
2026-10-09T04:05:12.5852825Z   compression-level: 6
2026-10-09T04:05:12.5853049Z   overwrite: false
2026-10-09T04:05:12.5853275Z   include-hidden-files: false
2026-10-09T04:05:12.5853524Z ##[endgroup]
2026-10-09T04:05:12.7555154Z (node:2422) [DEP0040] DeprecationWarning: The `punycode` module is deprecated. Please use a userland alternative instead.
2026-10-09T04:05:12.7556668Z (Use `node --trace-deprecation ...` to show where the warning was created)
2026-10-09T04:05:12.7674741Z With the provided path, there will be 2 files uploaded
2026-10-09T04:05:12.7677111Z Artifact name is valid!
2026-10-09T04:05:12.7678342Z Root directory input is valid!
2026-10-09T04:05:12.9961870Z Beginning upload of artifact content to blob storage
2026-10-09T04:05:13.0176901Z (node:2422) [DEP0169] DeprecationWarning: `url.parse()` behavior is not standardized and prone to errors that have security implications. Use the WHATWG URL API instead. CVEs are not issued for `url.parse()` vulnerabilities.
2026-10-09T04:05:13.0647439Z Uploaded bytes 2326
2026-10-09T04:05:13.0831056Z Finished uploading artifact content to blob storage!
2026-10-09T04:05:13.0832172Z SHA256 digest of uploaded artifact zip is c9315b586444f90772dd005c030d2bab1c59eff9eb6f981cd10ec7b940011553
2026-10-09T04:05:13.0833715Z Finalizing artifact upload
2026-10-09T04:05:13.2895734Z Artifact c3-visible-review.zip successfully finalized. Artifact ID 11595022332
2026-10-09T04:05:13.2897268Z Artifact c3-visible-review has been successfully uploaded! Final size is 2326 bytes. Artifact ID is 11595022332
2026-10-09T04:05:13.2904525Z Artifact download URL: https://github.com/proteinfoldingengine/WetLabEngine/actions/runs/37882153190/artifacts/11595022332
2026-10-09T04:05:13.3102239Z Post job cleanup.
2026-10-09T04:05:13.3972727Z [command]/usr/bin/git version
2026-10-09T04:05:13.4017813Z git version 2.55.0
2026-10-09T04:05:13.4059434Z Temporarily overriding HOME='/home/runner/work/_temp/af0ca1b6-7d5c-438b-a295-4461fa93ff39' before making global git config changes
2026-10-09T04:05:13.4060796Z Adding repository directory to the temporary git global config as a safe directory
2026-10-09T04:05:13.4067277Z [command]/usr/bin/git config --global --add safe.directory /home/runner/work/WetLabEngine/WetLabEngine/research_snapshot
2026-10-09T04:05:13.4111444Z [command]/usr/bin/git config --local --name-only --get-regexp core\.sshCommand
2026-10-09T04:05:13.4152040Z [command]/usr/bin/git submodule foreach --recursive sh -c "git config --local --name-only --get-regexp 'core\.sshCommand' && git config --local --unset-all 'core.sshCommand' || :"
2026-10-09T04:05:13.4432206Z [command]/usr/bin/git config --local --name-only --get-regexp http\.https\:\/\/github\.com\/\.extraheader
2026-10-09T04:05:13.4469926Z [command]/usr/bin/git submodule foreach --recursive sh -c "git config --local --name-only --get-regexp 'http\.https\:\/\/github\.com\/\.extraheader' && git config --local --unset-all 'http.https://github.com/.extraheader' || :"
2026-10-09T04:05:13.4758653Z [command]/usr/bin/git config --local --name-only --get-regexp ^includeIf\.gitdir:
2026-10-09T04:05:13.4835909Z [command]/usr/bin/git submodule foreach --recursive git config --local --show-origin --name-only --get-regexp remote.origin.url
2026-10-09T04:05:13.5307553Z Cleaning up orphan processes
2026-10-09T04:05:13.5747780Z ##[warning]Node.js 20 is deprecated. The following actions target Node.js 20 but are being forced to run on Node.js 24: actions/checkout@v4, actions/download-artifact@v4, actions/upload-artifact@v4. For more information see: https://github.blog/changelog/2025-09-19-deprecation-of-node-20-on-github-actions-runners/
