2026-10-09T04:04:11.0907161Z Current runner version: '2.337.0'
2026-10-09T04:04:11.0934172Z ##[group]Runner Image Provisioner
2026-10-09T04:04:11.0935315Z Hosted Compute Agent
2026-10-09T04:04:11.0935940Z Version: 20261002.596
2026-10-09T04:04:11.0936628Z Commit: c3d12f3313a95f25162a1503be624f3b0617f8c0
2026-10-09T04:04:11.0937422Z Build Date: 2026-10-02T22:28:27Z
2026-10-09T04:04:11.0938118Z Worker ID: {a92c325a-78f5-4ac7-8820-b4724364bcc8}
2026-10-09T04:04:11.0938871Z Region: westus
2026-10-09T04:04:11.0939420Z Cloud: Azure
2026-10-09T04:04:11.0940017Z ##[endgroup]
2026-10-09T04:04:11.0941767Z ##[group]Operating System
2026-10-09T04:04:11.0942428Z Ubuntu
2026-10-09T04:04:11.0943043Z 24.04.5
2026-10-09T04:04:11.0943792Z LTS
2026-10-09T04:04:11.0944307Z ##[endgroup]
2026-10-09T04:04:11.0944982Z ##[group]Runner Image
2026-10-09T04:04:11.0945594Z Image: ubuntu-24.04
2026-10-09T04:04:11.0946199Z Version: 20261004.327.1
2026-10-09T04:04:11.0947505Z Included Software: https://github.com/actions/runner-images/blob/ubuntu24/20261004.327/images/ubuntu/Ubuntu2404-Readme.md
2026-10-09T04:04:11.0949158Z Image Release: https://github.com/actions/runner-images/releases/tag/ubuntu24%2F20261004.327
2026-10-09T04:04:11.0950120Z ##[endgroup]
2026-10-09T04:04:11.0951352Z ##[group]GITHUB_TOKEN Permissions
2026-10-09T04:04:11.0953998Z Contents: read
2026-10-09T04:04:11.0955251Z Metadata: read
2026-10-09T04:04:11.0955908Z ##[endgroup]
2026-10-09T04:04:11.0958214Z Secret source: Actions
2026-10-09T04:04:11.0959274Z Cache mode: write
2026-10-09T04:04:11.0960021Z Prepare workflow directory
2026-10-09T04:04:11.1323675Z Prepare all required actions
2026-10-09T04:04:11.1378856Z Getting action download info
2026-10-09T04:04:11.4922347Z Download action repository 'actions/checkout@v4' (SHA:11d5960a326750d5838078e36cf38b85af677262)
2026-10-09T04:04:11.6124279Z Download action repository 'actions/upload-artifact@v4' (SHA:ea165f8d65b6e75b540449e92b4886f43607fa02)
2026-10-09T04:04:11.8249145Z Complete job name: verification
2026-10-09T04:04:11.9085758Z ##[group]Run actions/checkout@v4
2026-10-09T04:04:11.9086707Z with:
2026-10-09T04:04:11.9087169Z   path: research_snapshot
2026-10-09T04:04:11.9087696Z   persist-credentials: false
2026-10-09T04:04:11.9088503Z   sparse-checkout: ResearchHistory/UQCF-GEM/research/physical-bridge
.github/scripts

2026-10-09T04:04:11.9089419Z   repository: proteinfoldingengine/WetLabEngine
2026-10-09T04:04:11.9093890Z   token: ***
2026-10-09T04:04:11.9094347Z   ssh-strict: true
2026-10-09T04:04:11.9094794Z   ssh-user: git
2026-10-09T04:04:11.9095229Z   clean: true
2026-10-09T04:04:11.9095678Z   sparse-checkout-cone-mode: true
2026-10-09T04:04:11.9096215Z   fetch-depth: 1
2026-10-09T04:04:11.9096657Z   fetch-tags: false
2026-10-09T04:04:11.9097112Z   show-progress: true
2026-10-09T04:04:11.9097577Z   lfs: false
2026-10-09T04:04:11.9098001Z   submodules: false
2026-10-09T04:04:11.9098470Z   set-safe-directory: true
2026-10-09T04:04:11.9098995Z   allow-unsafe-pr-checkout: false
2026-10-09T04:04:11.9099838Z ##[endgroup]
2026-10-09T04:04:12.0207209Z Syncing repository: proteinfoldingengine/WetLabEngine
2026-10-09T04:04:12.0210199Z ##[group]Getting Git version info
2026-10-09T04:04:12.0211614Z Working directory is '/home/runner/work/WetLabEngine/WetLabEngine/research_snapshot'
2026-10-09T04:04:12.0213983Z [command]/usr/bin/git version
2026-10-09T04:04:12.0268154Z git version 2.55.0
2026-10-09T04:04:12.0292137Z ##[endgroup]
2026-10-09T04:04:12.0311214Z Temporarily overriding HOME='/home/runner/work/_temp/1dfc3620-3949-4cb5-939f-6c779a8c266e' before making global git config changes
2026-10-09T04:04:12.0314468Z Adding repository directory to the temporary git global config as a safe directory
2026-10-09T04:04:12.0319838Z [command]/usr/bin/git config --global --add safe.directory /home/runner/work/WetLabEngine/WetLabEngine/research_snapshot
2026-10-09T04:04:12.0381373Z ##[group]Initializing the repository
2026-10-09T04:04:12.0387256Z [command]/usr/bin/git init /home/runner/work/WetLabEngine/WetLabEngine/research_snapshot
2026-10-09T04:04:12.0536303Z hint: Using 'master' as the name for the initial branch. This default branch name
2026-10-09T04:04:12.0539151Z hint: will change to "main" in Git 3.0. To configure the initial branch name
2026-10-09T04:04:12.0540797Z hint: to use in all of your new repositories, which will suppress this warning,
2026-10-09T04:04:12.0542088Z hint: call:
2026-10-09T04:04:12.0542793Z hint:
2026-10-09T04:04:12.0543946Z hint: 	git config --global init.defaultBranch <name>
2026-10-09T04:04:12.0544910Z hint:
2026-10-09T04:04:12.0545748Z hint: Names commonly chosen instead of 'master' are 'main', 'trunk' and
2026-10-09T04:04:12.0547084Z hint: 'development'. The just-created branch can be renamed via this command:
2026-10-09T04:04:12.0548129Z hint:
2026-10-09T04:04:12.0548732Z hint: 	git branch -m <name>
2026-10-09T04:04:12.0554724Z hint:
2026-10-09T04:04:12.0555811Z hint: Disable this message with "git config set advice.defaultBranchName false"
2026-10-09T04:04:12.0683977Z Initialized empty Git repository in /home/runner/work/WetLabEngine/WetLabEngine/research_snapshot/.git/
2026-10-09T04:04:12.0697284Z [command]/usr/bin/git remote add origin https://github.com/proteinfoldingengine/WetLabEngine
2026-10-09T04:04:12.0759922Z ##[endgroup]
2026-10-09T04:04:12.0761143Z ##[group]Disabling automatic garbage collection
2026-10-09T04:04:12.0765429Z [command]/usr/bin/git config --local gc.auto 0
2026-10-09T04:04:12.0804312Z ##[endgroup]
2026-10-09T04:04:12.0805108Z ##[group]Setting up auth
2026-10-09T04:04:12.0814203Z [command]/usr/bin/git config --local --name-only --get-regexp core\.sshCommand
2026-10-09T04:04:12.0869188Z [command]/usr/bin/git submodule foreach --recursive sh -c "git config --local --name-only --get-regexp 'core\.sshCommand' && git config --local --unset-all 'core.sshCommand' || :"
2026-10-09T04:04:12.1277838Z [command]/usr/bin/git config --local --name-only --get-regexp http\.https\:\/\/github\.com\/\.extraheader
2026-10-09T04:04:12.1326278Z [command]/usr/bin/git submodule foreach --recursive sh -c "git config --local --name-only --get-regexp 'http\.https\:\/\/github\.com\/\.extraheader' && git config --local --unset-all 'http.https://github.com/.extraheader' || :"
2026-10-09T04:04:12.1588269Z [command]/usr/bin/git config --local --name-only --get-regexp ^includeIf\.gitdir:
2026-10-09T04:04:12.1633873Z [command]/usr/bin/git submodule foreach --recursive git config --local --show-origin --name-only --get-regexp remote.origin.url
2026-10-09T04:04:12.1906015Z [command]/usr/bin/git config --local http.https://github.com/.extraheader AUTHORIZATION: basic ***
2026-10-09T04:04:12.1955890Z ##[endgroup]
2026-10-09T04:04:12.1966786Z ##[group]Fetching the repository
2026-10-09T04:04:12.1968572Z [command]/usr/bin/git -c protocol.version=2 fetch --no-tags --prune --no-recurse-submodules --filter=blob:none --depth=1 origin +baa8ff7a71f4a9d289bd9a3e8a397bb8dad0a0d0:refs/remotes/origin/research/uqcf-overlapping-guard-exchange
2026-10-09T04:04:12.7012156Z From https://github.com/proteinfoldingengine/WetLabEngine
2026-10-09T04:04:12.7016516Z  * [new ref]         baa8ff7a71f4a9d289bd9a3e8a397bb8dad0a0d0 -> origin/research/uqcf-overlapping-guard-exchange
2026-10-09T04:04:12.7025691Z ##[endgroup]
2026-10-09T04:04:12.7027031Z ##[group]Determining the checkout info
2026-10-09T04:04:12.7028014Z ##[endgroup]
2026-10-09T04:04:12.7028951Z ##[group]Setting up sparse checkout
2026-10-09T04:04:12.7030080Z [command]/usr/bin/git sparse-checkout set ResearchHistory/UQCF-GEM/research/physical-bridge .github/scripts
2026-10-09T04:04:12.7081661Z ##[endgroup]
2026-10-09T04:04:12.7082573Z ##[group]Checking out the ref
2026-10-09T04:04:12.7090382Z [command]/usr/bin/git checkout --progress --force -B research/uqcf-overlapping-guard-exchange refs/remotes/origin/research/uqcf-overlapping-guard-exchange
2026-10-09T04:04:13.7245810Z Switched to a new branch 'research/uqcf-overlapping-guard-exchange'
2026-10-09T04:04:13.7255625Z branch 'research/uqcf-overlapping-guard-exchange' set up to track 'origin/research/uqcf-overlapping-guard-exchange'.
2026-10-09T04:04:13.7265112Z ##[endgroup]
2026-10-09T04:04:13.7332434Z [command]/usr/bin/git log -1 --format=%H
2026-10-09T04:04:13.7369404Z baa8ff7a71f4a9d289bd9a3e8a397bb8dad0a0d0
2026-10-09T04:04:13.7388768Z ##[group]Removing auth
2026-10-09T04:04:13.7392374Z [command]/usr/bin/git config --local --name-only --get-regexp core\.sshCommand
2026-10-09T04:04:13.7435619Z [command]/usr/bin/git submodule foreach --recursive sh -c "git config --local --name-only --get-regexp 'core\.sshCommand' && git config --local --unset-all 'core.sshCommand' || :"
2026-10-09T04:04:13.7725174Z [command]/usr/bin/git config --local --name-only --get-regexp http\.https\:\/\/github\.com\/\.extraheader
2026-10-09T04:04:13.7757079Z http.https://github.com/.extraheader
2026-10-09T04:04:13.7768064Z [command]/usr/bin/git config --local --unset-all http.https://github.com/.extraheader
2026-10-09T04:04:13.7807590Z [command]/usr/bin/git submodule foreach --recursive sh -c "git config --local --name-only --get-regexp 'http\.https\:\/\/github\.com\/\.extraheader' && git config --local --unset-all 'http.https://github.com/.extraheader' || :"
2026-10-09T04:04:13.8065136Z [command]/usr/bin/git config --local --name-only --get-regexp ^includeIf\.gitdir:
2026-10-09T04:04:13.8103174Z [command]/usr/bin/git submodule foreach --recursive git config --local --show-origin --name-only --get-regexp remote.origin.url
2026-10-09T04:04:13.8355213Z ##[endgroup]
2026-10-09T04:04:13.8618204Z ##[group]Run set -euo pipefail
2026-10-09T04:04:13.8619647Z [36;1mset -euo pipefail[0m
2026-10-09T04:04:13.8620891Z [36;1mmkdir visible_verification[0m
2026-10-09T04:04:13.8622857Z [36;1mROOT=research_snapshot/ResearchHistory/UQCF-GEM/research/physical-bridge[0m
2026-10-09T04:04:13.8626381Z [36;1mpython3 -m unittest discover -s "$ROOT/visible_buffer" -p test_visible.py -v 2>&1 | tee visible_verification/contracts.log[0m
2026-10-09T04:04:13.8630387Z [36;1mpython3 "$ROOT/visible_buffer/producer.py" visible_verification/certificate.json | tee visible_verification/counts.json[0m
2026-10-09T04:04:13.8633712Z [36;1mpython3 "$ROOT/visible_buffer/producer.py" /tmp/repeated.json[0m
2026-10-09T04:04:13.8635939Z [36;1mcmp visible_verification/certificate.json /tmp/repeated.json[0m
2026-10-09T04:04:13.8639175Z [36;1mpython3 "$ROOT/visible_buffer/independent.py" visible_verification/certificate.json | tee visible_verification/independent.json[0m
2026-10-09T04:04:13.8643576Z [36;1mpython3 -m unittest discover -s "$ROOT/reactive_handoff" -p test_reactive.py -v 2>&1 | tee visible_verification/inherited_reactive.log[0m
2026-10-09T04:04:13.8647315Z [36;1mecho "scientific_sha=$(git -C research_snapshot rev-parse HEAD)" > visible_verification/provenance.txt[0m
2026-10-09T04:04:13.8650151Z [36;1mecho "workflow_sha=$GITHUB_SHA" >> visible_verification/provenance.txt[0m
2026-10-09T04:04:13.8652813Z [36;1msha256sum visible_verification/certificate.json > visible_verification/certificate.sha256[0m
2026-10-09T04:04:13.8928732Z shell: /usr/bin/bash --noprofile --norc -e -o pipefail {0}
2026-10-09T04:04:13.8930925Z ##[endgroup]
2026-10-09T04:04:14.0693573Z test_budget (test_visible.Contracts.test_budget) ... ok
2026-10-09T04:04:14.0745031Z test_complete (test_visible.Contracts.test_complete) ... ok
2026-10-09T04:04:14.0970943Z test_duplicate_edge (test_visible.Contracts.test_duplicate_edge) ... ok
2026-10-09T04:04:14.1193169Z test_duplicate_node (test_visible.Contracts.test_duplicate_node) ... ok
2026-10-09T04:04:14.1412848Z test_duplicate_source (test_visible.Contracts.test_duplicate_source) ... ok
2026-10-09T04:04:14.1675391Z test_false_exact_tau (test_visible.Contracts.test_false_exact_tau) ... ok
2026-10-09T04:04:14.1898485Z test_false_guard_needed (test_visible.Contracts.test_false_guard_needed) ... ok
2026-10-09T04:04:14.2126070Z test_false_native_guard (test_visible.Contracts.test_false_native_guard) ... ok
2026-10-09T04:04:14.2348060Z test_false_new_label (test_visible.Contracts.test_false_new_label) ... ok
2026-10-09T04:04:14.2566941Z test_false_optimality (test_visible.Contracts.test_false_optimality) ... ok
2026-10-09T04:04:14.2788535Z test_false_origin (test_visible.Contracts.test_false_origin) ... ok
2026-10-09T04:04:14.3008960Z test_false_progress (test_visible.Contracts.test_false_progress) ... ok
2026-10-09T04:04:14.3233089Z test_false_tau3_universal (test_visible.Contracts.test_false_tau3_universal) ... ok
2026-10-09T04:04:14.3459353Z test_false_uniform_safety (test_visible.Contracts.test_false_uniform_safety) ... ok
2026-10-09T04:04:14.3723287Z test_false_unobservable (test_visible.Contracts.test_false_unobservable) ... ok
2026-10-09T04:04:14.3946842Z test_floor (test_visible.Contracts.test_floor) ... ok
2026-10-09T04:04:14.4167497Z test_guarded_edge_mismatch (test_visible.Contracts.test_guarded_edge_mismatch) ... ok
2026-10-09T04:04:14.4389887Z test_hidden_read (test_visible.Contracts.test_hidden_read) ... ok
2026-10-09T04:04:14.4613799Z test_illegal_host_delete (test_visible.Contracts.test_illegal_host_delete) ... ok
2026-10-09T04:04:14.4841567Z test_marker_insert (test_visible.Contracts.test_marker_insert) ... ok
2026-10-09T04:04:14.5061955Z test_missing_edge (test_visible.Contracts.test_missing_edge) ... ok
2026-10-09T04:04:14.5281820Z test_missing_graph (test_visible.Contracts.test_missing_graph) ... ok
2026-10-09T04:04:14.5506825Z test_missing_node (test_visible.Contracts.test_missing_node) ... ok
2026-10-09T04:04:14.5771657Z test_missing_noop (test_visible.Contracts.test_missing_noop) ... ok
2026-10-09T04:04:14.5993696Z test_missing_path (test_visible.Contracts.test_missing_path) ... ok
2026-10-09T04:04:14.6210612Z test_missing_source (test_visible.Contracts.test_missing_source) ... ok
2026-10-09T04:04:14.6431103Z test_missing_triangle (test_visible.Contracts.test_missing_triangle) ... ok
2026-10-09T04:04:14.6432551Z test_no_runtime_guard_query (test_visible.Contracts.test_no_runtime_guard_query) ... ok
2026-10-09T04:04:14.6441411Z test_observable_deterministic_endpoint (test_visible.Contracts.test_observable_deterministic_endpoint) ... ok
2026-10-09T04:04:14.6664826Z test_path_command (test_visible.Contracts.test_path_command) ... ok
2026-10-09T04:04:14.6886139Z test_provenance (test_visible.Contracts.test_provenance) ... ok
2026-10-09T04:04:14.7119104Z test_rank (test_visible.Contracts.test_rank) ... ok
2026-10-09T04:04:14.7343787Z test_reverse_edge (test_visible.Contracts.test_reverse_edge) ... ok
2026-10-09T04:04:14.7345128Z test_sharp_boundary (test_visible.Contracts.test_sharp_boundary) ... ok
2026-10-09T04:04:14.7566191Z test_source_admission (test_visible.Contracts.test_source_admission) ... ok
2026-10-09T04:04:14.7820229Z test_source_tau (test_visible.Contracts.test_source_tau) ... ok
2026-10-09T04:04:14.8038533Z test_substituted_graph (test_visible.Contracts.test_substituted_graph) ... ok
2026-10-09T04:04:14.8264186Z test_target (test_visible.Contracts.test_target) ... ok
2026-10-09T04:04:14.8488413Z test_type (test_visible.Contracts.test_type) ... ok
2026-10-09T04:04:14.8712502Z test_wrong_formula (test_visible.Contracts.test_wrong_formula) ... ok
2026-10-09T04:04:14.8938049Z test_wrong_residual_tau (test_visible.Contracts.test_wrong_residual_tau) ... ok
2026-10-09T04:04:14.8939320Z 
2026-10-09T04:04:14.8940370Z ----------------------------------------------------------------------
2026-10-09T04:04:14.8941292Z Ran 41 tests in 0.907s
2026-10-09T04:04:14.8941625Z 
2026-10-09T04:04:14.8941800Z OK
2026-10-09T04:04:14.9545591Z {"sources": 256, "eligible_sources": 74, "paths": 64, "graphs": 74, "nodes": 666, "syntax_edges": 1184, "guarded_edges": 1184}
2026-10-09T04:04:15.0100113Z {"sources": 256, "eligible_sources": 74, "paths": 64, "graphs": 74, "nodes": 666, "syntax_edges": 1184, "guarded_edges": 1184}
2026-10-09T04:04:15.0829335Z PASS independent full syntax-only/guarded equivalence and exact stopping reconstruction
2026-10-09T04:04:15.5214051Z test_complete (test_reactive.Contracts.test_complete) ... ok
2026-10-09T04:04:15.6651945Z test_duplicate_edge (test_reactive.Contracts.test_duplicate_edge) ... ok
2026-10-09T04:04:15.7932354Z test_duplicate_source (test_reactive.Contracts.test_duplicate_source) ... ok
2026-10-09T04:04:15.9223673Z test_duplicate_state (test_reactive.Contracts.test_duplicate_state) ... ok
2026-10-09T04:04:16.0449107Z test_eligibility (test_reactive.Contracts.test_eligibility) ... ok
2026-10-09T04:04:16.1736373Z test_excess (test_reactive.Contracts.test_excess) ... ok
2026-10-09T04:04:16.3057696Z test_false_completion (test_reactive.Contracts.test_false_completion) ... ok
2026-10-09T04:04:16.4247029Z test_false_composition (test_reactive.Contracts.test_false_composition) ... ok
2026-10-09T04:04:16.5567841Z test_false_marker_read (test_reactive.Contracts.test_false_marker_read) ... ok
2026-10-09T04:04:16.6754109Z test_false_origin (test_reactive.Contracts.test_false_origin) ... ok
2026-10-09T04:04:16.8110634Z test_false_progress (test_reactive.Contracts.test_false_progress) ... ok
2026-10-09T04:04:16.9281797Z test_false_uniform_safety (test_reactive.Contracts.test_false_uniform_safety) ... ok
2026-10-09T04:04:17.0599168Z test_floor (test_reactive.Contracts.test_floor) ... ok
2026-10-09T04:04:17.0614634Z test_hidden_marker_alias (test_reactive.Contracts.test_hidden_marker_alias) ... ok
2026-10-09T04:04:17.1920604Z test_illegal_direct_deletion (test_reactive.Contracts.test_illegal_direct_deletion) ... ok
2026-10-09T04:04:17.3124450Z test_marker_observation (test_reactive.Contracts.test_marker_observation) ... ok
2026-10-09T04:04:17.4420477Z test_missing_edge (test_reactive.Contracts.test_missing_edge) ... ok
2026-10-09T04:04:17.5628714Z test_missing_graph (test_reactive.Contracts.test_missing_graph) ... ok
2026-10-09T04:04:17.6913250Z test_missing_source (test_reactive.Contracts.test_missing_source) ... ok
2026-10-09T04:04:17.8257132Z test_missing_state (test_reactive.Contracts.test_missing_state) ... ok
2026-10-09T04:04:17.9454963Z test_omitted_noop (test_reactive.Contracts.test_omitted_noop) ... ok
2026-10-09T04:04:18.0776186Z test_policy (test_reactive.Contracts.test_policy) ... ok
2026-10-09T04:04:18.1951084Z test_provenance (test_reactive.Contracts.test_provenance) ... ok
2026-10-09T04:04:18.3253742Z test_rank (test_reactive.Contracts.test_rank) ... ok
2026-10-09T04:04:18.4442049Z test_reverse_change (test_reactive.Contracts.test_reverse_change) ... ok
2026-10-09T04:04:18.5718381Z test_substituted_graph (test_reactive.Contracts.test_substituted_graph) ... ok
2026-10-09T04:04:18.7032902Z test_target (test_reactive.Contracts.test_target) ... ok
2026-10-09T04:04:18.8289754Z test_tau (test_reactive.Contracts.test_tau) ... ok
2026-10-09T04:04:18.9645389Z test_type (test_reactive.Contracts.test_type) ... ok
2026-10-09T04:04:18.9645999Z 
2026-10-09T04:04:18.9646443Z ----------------------------------------------------------------------
2026-10-09T04:04:18.9647298Z Ran 29 tests in 3.829s
2026-10-09T04:04:18.9647654Z 
2026-10-09T04:04:18.9647849Z OK
2026-10-09T04:04:19.0112649Z ##[group]Run actions/upload-artifact@v4
2026-10-09T04:04:19.0112961Z with:
2026-10-09T04:04:19.0113174Z   name: c3-visible-verification
2026-10-09T04:04:19.0113752Z   path: visible_verification/
2026-10-09T04:04:19.0114001Z   if-no-files-found: warn
2026-10-09T04:04:19.0114257Z   compression-level: 6
2026-10-09T04:04:19.0114476Z   overwrite: false
2026-10-09T04:04:19.0114685Z   include-hidden-files: false
2026-10-09T04:04:19.0114923Z ##[endgroup]
2026-10-09T04:04:19.1872669Z (node:2332) [DEP0040] DeprecationWarning: The `punycode` module is deprecated. Please use a userland alternative instead.
2026-10-09T04:04:19.1873746Z (Use `node --trace-deprecation ...` to show where the warning was created)
2026-10-09T04:04:19.1960851Z With the provided path, there will be 7 files uploaded
2026-10-09T04:04:19.1984422Z Artifact name is valid!
2026-10-09T04:04:19.1984867Z Root directory input is valid!
2026-10-09T04:04:19.5892702Z Beginning upload of artifact content to blob storage
2026-10-09T04:04:19.6228596Z (node:2332) [DEP0169] DeprecationWarning: `url.parse()` behavior is not standardized and prone to errors that have security implications. Use the WHATWG URL API instead. CVEs are not issued for `url.parse()` vulnerabilities.
2026-10-09T04:04:19.8841080Z Uploaded bytes 11626
2026-10-09T04:04:19.9571780Z Finished uploading artifact content to blob storage!
2026-10-09T04:04:19.9572991Z SHA256 digest of uploaded artifact zip is a6ffc92b99a0c004a5a2db92ff7aafae99395353f4b77f05f4fb6573ee56547d
2026-10-09T04:04:19.9574752Z Finalizing artifact upload
2026-10-09T04:04:20.1975152Z Artifact c3-visible-verification.zip successfully finalized. Artifact ID 11594836579
2026-10-09T04:04:20.1976973Z Artifact c3-visible-verification has been successfully uploaded! Final size is 11626 bytes. Artifact ID is 11594836579
2026-10-09T04:04:20.1986455Z Artifact download URL: https://github.com/proteinfoldingengine/WetLabEngine/actions/runs/37882153190/artifacts/11594836579
2026-10-09T04:04:20.2214206Z Post job cleanup.
2026-10-09T04:04:20.3172163Z [command]/usr/bin/git version
2026-10-09T04:04:20.3225842Z git version 2.55.0
2026-10-09T04:04:20.3270570Z Temporarily overriding HOME='/home/runner/work/_temp/0a146eed-2865-465f-8ed8-9cf61ac15727' before making global git config changes
2026-10-09T04:04:20.3272217Z Adding repository directory to the temporary git global config as a safe directory
2026-10-09T04:04:20.3276843Z [command]/usr/bin/git config --global --add safe.directory /home/runner/work/WetLabEngine/WetLabEngine/research_snapshot
2026-10-09T04:04:20.3324515Z [command]/usr/bin/git config --local --name-only --get-regexp core\.sshCommand
2026-10-09T04:04:20.3365749Z [command]/usr/bin/git submodule foreach --recursive sh -c "git config --local --name-only --get-regexp 'core\.sshCommand' && git config --local --unset-all 'core.sshCommand' || :"
2026-10-09T04:04:20.3636400Z [command]/usr/bin/git config --local --name-only --get-regexp http\.https\:\/\/github\.com\/\.extraheader
2026-10-09T04:04:20.3683139Z [command]/usr/bin/git submodule foreach --recursive sh -c "git config --local --name-only --get-regexp 'http\.https\:\/\/github\.com\/\.extraheader' && git config --local --unset-all 'http.https://github.com/.extraheader' || :"
2026-10-09T04:04:20.3970304Z [command]/usr/bin/git config --local --name-only --get-regexp ^includeIf\.gitdir:
2026-10-09T04:04:20.4026045Z [command]/usr/bin/git submodule foreach --recursive git config --local --show-origin --name-only --get-regexp remote.origin.url
2026-10-09T04:04:20.4517322Z Cleaning up orphan processes
2026-10-09T04:04:20.4820202Z ##[warning]Node.js 20 is deprecated. The following actions target Node.js 20 but are being forced to run on Node.js 24: actions/checkout@v4, actions/upload-artifact@v4. For more information see: https://github.blog/changelog/2025-09-19-deprecation-of-node-20-on-github-actions-runners/
