test_budget (test_visible.Contracts.test_budget) ... ok
test_complete (test_visible.Contracts.test_complete) ... ok
test_duplicate_edge (test_visible.Contracts.test_duplicate_edge) ... ok
test_duplicate_node (test_visible.Contracts.test_duplicate_node) ... ok
test_duplicate_source (test_visible.Contracts.test_duplicate_source) ... ok
test_false_exact_tau (test_visible.Contracts.test_false_exact_tau) ... ok
test_false_guard_needed (test_visible.Contracts.test_false_guard_needed) ... ok
test_false_native_guard (test_visible.Contracts.test_false_native_guard) ... ok
test_false_new_label (test_visible.Contracts.test_false_new_label) ... ok
test_false_optimality (test_visible.Contracts.test_false_optimality) ... ok
test_false_origin (test_visible.Contracts.test_false_origin) ... ok
test_false_progress (test_visible.Contracts.test_false_progress) ... ok
test_false_tau3_universal (test_visible.Contracts.test_false_tau3_universal) ... ok
test_false_uniform_safety (test_visible.Contracts.test_false_uniform_safety) ... ok
test_false_unobservable (test_visible.Contracts.test_false_unobservable) ... ok
test_floor (test_visible.Contracts.test_floor) ... ok
test_guarded_edge_mismatch (test_visible.Contracts.test_guarded_edge_mismatch) ... ok
test_hidden_read (test_visible.Contracts.test_hidden_read) ... ok
test_illegal_host_delete (test_visible.Contracts.test_illegal_host_delete) ... ok
test_marker_insert (test_visible.Contracts.test_marker_insert) ... ok
test_missing_edge (test_visible.Contracts.test_missing_edge) ... ok
test_missing_graph (test_visible.Contracts.test_missing_graph) ... ok
test_missing_node (test_visible.Contracts.test_missing_node) ... ok
test_missing_noop (test_visible.Contracts.test_missing_noop) ... ok
test_missing_path (test_visible.Contracts.test_missing_path) ... ok
test_missing_source (test_visible.Contracts.test_missing_source) ... ok
test_missing_triangle (test_visible.Contracts.test_missing_triangle) ... ok
test_no_runtime_guard_query (test_visible.Contracts.test_no_runtime_guard_query) ... ok
test_observable_deterministic_endpoint (test_visible.Contracts.test_observable_deterministic_endpoint) ... ok
test_path_command (test_visible.Contracts.test_path_command) ... ok
test_provenance (test_visible.Contracts.test_provenance) ... ok
test_rank (test_visible.Contracts.test_rank) ... ok
test_reverse_edge (test_visible.Contracts.test_reverse_edge) ... ok
test_sharp_boundary (test_visible.Contracts.test_sharp_boundary) ... ok
test_source_admission (test_visible.Contracts.test_source_admission) ... ok
test_source_tau (test_visible.Contracts.test_source_tau) ... ok
test_substituted_graph (test_visible.Contracts.test_substituted_graph) ... ok
test_target (test_visible.Contracts.test_target) ... ok
test_type (test_visible.Contracts.test_type) ... ok
test_wrong_formula (test_visible.Contracts.test_wrong_formula) ... ok
test_wrong_residual_tau (test_visible.Contracts.test_wrong_residual_tau) ... ok

----------------------------------------------------------------------
Ran 41 tests in 0.662s

OK
