2026-10-01T16:17:54.6402390Z Current runner version: '2.337.0'
2026-10-01T16:17:54.6419489Z ##[group]Runner Image Provisioner
2026-10-01T16:17:54.6420076Z Hosted Compute Agent
2026-10-01T16:17:54.6420489Z Version: 20260901.588
2026-10-01T16:17:54.6420886Z Commit: f88ec8081b781fac6c440065ac7ff9e710ce3d0b
2026-10-01T16:17:54.6421369Z Build Date: 2026-09-01T19:56:44Z
2026-10-01T16:17:54.6421824Z Worker ID: {c6a6c8c2-b178-4580-8790-aee248045661}
2026-10-01T16:17:54.6422344Z Azure Region: centralus
2026-10-01T16:17:54.6422720Z ##[endgroup]
2026-10-01T16:17:54.6423487Z ##[group]Operating System
2026-10-01T16:17:54.6423903Z Ubuntu
2026-10-01T16:17:54.6424230Z 24.04.5
2026-10-01T16:17:54.6424547Z LTS
2026-10-01T16:17:54.6424944Z ##[endgroup]
2026-10-01T16:17:54.6425287Z ##[group]Runner Image
2026-10-01T16:17:54.6425683Z Image: ubuntu-24.04
2026-10-01T16:17:54.6426053Z Version: 20260927.320.1
2026-10-01T16:17:54.6427059Z Included Software: https://github.com/actions/runner-images/blob/ubuntu24/20260927.320/images/ubuntu/Ubuntu2404-Readme.md
2026-10-01T16:17:54.6427963Z Image Release: https://github.com/actions/runner-images/releases/tag/ubuntu24%2F20260927.320
2026-10-01T16:17:54.6428562Z ##[endgroup]
2026-10-01T16:17:54.6429263Z ##[group]GITHUB_TOKEN Permissions
2026-10-01T16:17:54.6430501Z Contents: read
2026-10-01T16:17:54.6430899Z Metadata: read
2026-10-01T16:17:54.6431238Z ##[endgroup]
2026-10-01T16:17:54.6432536Z Secret source: Actions
2026-10-01T16:17:54.6433123Z Cache mode: write
2026-10-01T16:17:54.6433599Z Prepare workflow directory
2026-10-01T16:17:54.6682111Z Prepare all required actions
2026-10-01T16:17:54.6714238Z Getting action download info
2026-10-01T16:17:54.9082119Z Download action repository 'actions/checkout@11d5960a326750d5838078e36cf38b85af677262' (SHA:11d5960a326750d5838078e36cf38b85af677262)
2026-10-01T16:17:55.2118279Z Download action repository 'actions/setup-python@a26af69be951a213d495a4c3e4e4022e16d87065' (SHA:a26af69be951a213d495a4c3e4e4022e16d87065)
2026-10-01T16:17:55.4267571Z Download action repository 'actions/upload-artifact@ea165f8d65b6e75b540449e92b4886f43607fa02' (SHA:ea165f8d65b6e75b540449e92b4886f43607fa02)
2026-10-01T16:17:56.1159216Z Complete job name: post_merge
2026-10-01T16:17:56.1614429Z ##[group]Run actions/checkout@11d5960a326750d5838078e36cf38b85af677262
2026-10-01T16:17:56.1614790Z with:
2026-10-01T16:17:56.1614944Z   fetch-depth: 64
2026-10-01T16:17:56.1615128Z   repository: proteinfoldingengine/WetLabEngine
2026-10-01T16:17:56.1616778Z   token: ***
2026-10-01T16:17:56.1616940Z   ssh-strict: true
2026-10-01T16:17:56.1617087Z   ssh-user: git
2026-10-01T16:17:56.1617243Z   persist-credentials: true
2026-10-01T16:17:56.1617408Z   clean: true
2026-10-01T16:17:56.1617566Z   sparse-checkout-cone-mode: true
2026-10-01T16:17:56.1617742Z   fetch-tags: false
2026-10-01T16:17:56.1617890Z   show-progress: true
2026-10-01T16:17:56.1618042Z   lfs: false
2026-10-01T16:17:56.1618189Z   submodules: false
2026-10-01T16:17:56.1618348Z   set-safe-directory: true
2026-10-01T16:17:56.1618523Z   allow-unsafe-pr-checkout: false
2026-10-01T16:17:56.1618816Z ##[endgroup]
2026-10-01T16:17:56.2264296Z Syncing repository: proteinfoldingengine/WetLabEngine
2026-10-01T16:17:56.2265319Z ##[group]Getting Git version info
2026-10-01T16:17:56.2265581Z Working directory is '/home/runner/work/WetLabEngine/WetLabEngine'
2026-10-01T16:17:56.2265983Z [command]/usr/bin/git version
2026-10-01T16:17:56.2335505Z git version 2.55.0
2026-10-01T16:17:56.2349459Z ##[endgroup]
2026-10-01T16:17:56.2365165Z Temporarily overriding HOME='/home/runner/work/_temp/704ebdc9-382b-4fec-b994-c1dee610a122' before making global git config changes
2026-10-01T16:17:56.2365968Z Adding repository directory to the temporary git global config as a safe directory
2026-10-01T16:17:56.2369299Z [command]/usr/bin/git config --global --add safe.directory /home/runner/work/WetLabEngine/WetLabEngine
2026-10-01T16:17:56.3279607Z Deleting the contents of '/home/runner/work/WetLabEngine/WetLabEngine'
2026-10-01T16:17:56.3283312Z ##[group]Initializing the repository
2026-10-01T16:17:56.3287702Z [command]/usr/bin/git init /home/runner/work/WetLabEngine/WetLabEngine
2026-10-01T16:17:56.4501584Z hint: Using 'master' as the name for the initial branch. This default branch name
2026-10-01T16:17:56.4502143Z hint: will change to "main" in Git 3.0. To configure the initial branch name
2026-10-01T16:17:56.4502514Z hint: to use in all of your new repositories, which will suppress this warning,
2026-10-01T16:17:56.4502755Z hint: call:
2026-10-01T16:17:56.4502897Z hint:
2026-10-01T16:17:56.4503185Z hint: 	git config --global init.defaultBranch <name>
2026-10-01T16:17:56.4503394Z hint:
2026-10-01T16:17:56.4503591Z hint: Names commonly chosen instead of 'master' are 'main', 'trunk' and
2026-10-01T16:17:56.4503896Z hint: 'development'. The just-created branch can be renamed via this command:
2026-10-01T16:17:56.4504134Z hint:
2026-10-01T16:17:56.4504278Z hint: 	git branch -m <name>
2026-10-01T16:17:56.4504440Z hint:
2026-10-01T16:17:56.4504646Z hint: Disable this message with "git config set advice.defaultBranchName false"
2026-10-01T16:17:56.4505178Z Initialized empty Git repository in /home/runner/work/WetLabEngine/WetLabEngine/.git/
2026-10-01T16:17:56.4512609Z [command]/usr/bin/git remote add origin https://github.com/proteinfoldingengine/WetLabEngine
2026-10-01T16:17:56.5093547Z ##[endgroup]
2026-10-01T16:17:56.5093853Z ##[group]Disabling automatic garbage collection
2026-10-01T16:17:56.5096009Z [command]/usr/bin/git config --local gc.auto 0
2026-10-01T16:17:56.5677720Z ##[endgroup]
2026-10-01T16:17:56.5678512Z ##[group]Setting up auth
2026-10-01T16:17:56.5683059Z [command]/usr/bin/git config --local --name-only --get-regexp core\.sshCommand
2026-10-01T16:17:56.5714413Z [command]/usr/bin/git submodule foreach --recursive sh -c "git config --local --name-only --get-regexp 'core\.sshCommand' && git config --local --unset-all 'core.sshCommand' || :"
2026-10-01T16:17:56.6005789Z [command]/usr/bin/git config --local --name-only --get-regexp http\.https\:\/\/github\.com\/\.extraheader
2026-10-01T16:17:56.6034563Z [command]/usr/bin/git submodule foreach --recursive sh -c "git config --local --name-only --get-regexp 'http\.https\:\/\/github\.com\/\.extraheader' && git config --local --unset-all 'http.https://github.com/.extraheader' || :"
2026-10-01T16:17:56.6217808Z [command]/usr/bin/git config --local --name-only --get-regexp ^includeIf\.gitdir:
2026-10-01T16:17:56.6248444Z [command]/usr/bin/git submodule foreach --recursive git config --local --show-origin --name-only --get-regexp remote.origin.url
2026-10-01T16:17:56.6423896Z [command]/usr/bin/git config --local http.https://github.com/.extraheader AUTHORIZATION: basic ***
2026-10-01T16:17:56.6879116Z ##[endgroup]
2026-10-01T16:17:56.6879757Z ##[group]Fetching the repository
2026-10-01T16:17:56.6887273Z [command]/usr/bin/git -c protocol.version=2 fetch --no-tags --prune --no-recurse-submodules --depth=64 origin +76f373c8940433efc463762e675daf3e231f8cb5:refs/remotes/origin/research/v16.34-fiber-component-invariant
2026-10-01T16:18:45.5004930Z From https://github.com/proteinfoldingengine/WetLabEngine
2026-10-01T16:18:45.5006751Z  * [new ref]         76f373c8940433efc463762e675daf3e231f8cb5 -> origin/research/v16.34-fiber-component-invariant
2026-10-01T16:18:45.5009203Z ##[endgroup]
2026-10-01T16:18:45.5009761Z ##[group]Determining the checkout info
2026-10-01T16:18:45.5011423Z ##[endgroup]
2026-10-01T16:18:45.5017096Z [command]/usr/bin/git sparse-checkout disable
2026-10-01T16:18:45.5077100Z [command]/usr/bin/git config --local --unset-all extensions.worktreeConfig
2026-10-01T16:18:45.5088188Z ##[group]Checking out the ref
2026-10-01T16:18:45.5107331Z [command]/usr/bin/git checkout --progress --force -B research/v16.34-fiber-component-invariant refs/remotes/origin/research/v16.34-fiber-component-invariant
2026-10-01T16:18:46.5377374Z Updating files:  37% (2964/7874)
2026-10-01T16:18:46.7226713Z Updating files:  38% (2993/7874)
2026-10-01T16:18:46.9846011Z Updating files:  39% (3071/7874)
2026-10-01T16:18:47.1665118Z Updating files:  40% (3150/7874)
2026-10-01T16:18:47.5026807Z Updating files:  41% (3229/7874)
2026-10-01T16:18:47.5745846Z Updating files:  42% (3308/7874)
2026-10-01T16:18:47.6982392Z Updating files:  42% (3328/7874)
2026-10-01T16:18:48.0817583Z Updating files:  43% (3386/7874)
2026-10-01T16:18:48.2840682Z Updating files:  44% (3465/7874)
2026-10-01T16:18:48.3492910Z Updating files:  45% (3544/7874)
2026-10-01T16:18:48.5349498Z Updating files:  46% (3623/7874)
2026-10-01T16:18:48.7497893Z Updating files:  46% (3651/7874)
2026-10-01T16:18:48.9754257Z Updating files:  47% (3701/7874)
2026-10-01T16:18:49.1578649Z Updating files:  48% (3780/7874)
2026-10-01T16:18:49.5537303Z Updating files:  49% (3859/7874)
2026-10-01T16:18:49.5932554Z Updating files:  49% (3876/7874)
2026-10-01T16:18:49.9936115Z Updating files:  50% (3937/7874)
2026-10-01T16:18:50.5719097Z Updating files:  51% (4016/7874)
2026-10-01T16:18:50.9937687Z Updating files:  51% (4089/7874)
2026-10-01T16:18:51.5323342Z Updating files:  52% (4095/7874)
2026-10-01T16:18:51.5367729Z Updating files:  52% (4170/7874)
2026-10-01T16:18:51.9237895Z Updating files:  53% (4174/7874)
2026-10-01T16:18:52.5642463Z Updating files:  54% (4252/7874)
2026-10-01T16:18:53.1786847Z Updating files:  54% (4322/7874)
2026-10-01T16:18:53.5372187Z Updating files:  55% (4331/7874)
2026-10-01T16:18:53.6951088Z Updating files:  55% (4400/7874)
2026-10-01T16:18:54.1529506Z Updating files:  56% (4410/7874)
2026-10-01T16:18:54.5303563Z Updating files:  57% (4489/7874)
2026-10-01T16:18:54.5448237Z Updating files:  57% (4561/7874)
2026-10-01T16:18:55.5309600Z Updating files:  58% (4567/7874)
2026-10-01T16:18:56.0222838Z Updating files:  58% (4583/7874)
2026-10-01T16:18:56.4312179Z Updating files:  59% (4646/7874)
2026-10-01T16:18:56.4356780Z Updating files:  60% (4725/7874)
2026-10-01T16:18:56.4400236Z Updating files:  61% (4804/7874)
2026-10-01T16:18:56.7092475Z Updating files:  62% (4882/7874)
2026-10-01T16:18:56.9569788Z Updating files:  62% (4917/7874)
2026-10-01T16:18:57.4945172Z Updating files:  63% (4961/7874)
2026-10-01T16:18:57.5249571Z Updating files:  64% (5040/7874)
2026-10-01T16:18:57.5298754Z Updating files:  64% (5086/7874)
2026-10-01T16:18:57.5622487Z Updating files:  65% (5119/7874)
2026-10-01T16:18:58.1428144Z Updating files:  66% (5197/7874)
2026-10-01T16:18:58.1481557Z Updating files:  67% (5276/7874)
2026-10-01T16:18:58.1594126Z Updating files:  68% (5355/7874)
2026-10-01T16:18:58.1630987Z Updating files:  69% (5434/7874)
2026-10-01T16:18:58.3020407Z Updating files:  70% (5512/7874)
2026-10-01T16:18:58.3045127Z Updating files:  71% (5591/7874)
2026-10-01T16:18:58.3394731Z Updating files:  72% (5670/7874)
2026-10-01T16:18:58.3739047Z Updating files:  73% (5749/7874)
2026-10-01T16:18:58.4222077Z Updating files:  74% (5827/7874)
2026-10-01T16:18:58.4256137Z Updating files:  75% (5906/7874)
2026-10-01T16:18:58.5408546Z Updating files:  76% (5985/7874)
2026-10-01T16:18:58.6053720Z Updating files:  76% (6050/7874)
2026-10-01T16:18:59.0055194Z Updating files:  77% (6063/7874)
2026-10-01T16:18:59.2151172Z Updating files:  78% (6142/7874)
2026-10-01T16:18:59.3849924Z Updating files:  79% (6221/7874)
2026-10-01T16:18:59.5190920Z Updating files:  80% (6300/7874)
2026-10-01T16:18:59.5389203Z Updating files:  80% (6334/7874)
2026-10-01T16:18:59.6244829Z Updating files:  81% (6378/7874)
2026-10-01T16:18:59.6395207Z Updating files:  82% (6457/7874)
2026-10-01T16:18:59.7055025Z Updating files:  83% (6536/7874)
2026-10-01T16:18:59.7091357Z Updating files:  84% (6615/7874)
2026-10-01T16:18:59.7127855Z Updating files:  85% (6693/7874)
2026-10-01T16:18:59.7162247Z Updating files:  86% (6772/7874)
2026-10-01T16:18:59.7200610Z Updating files:  87% (6851/7874)
2026-10-01T16:18:59.7240802Z Updating files:  88% (6930/7874)
2026-10-01T16:18:59.7461071Z Updating files:  89% (7008/7874)
2026-10-01T16:19:00.2453814Z Updating files:  90% (7087/7874)
2026-10-01T16:19:00.2864404Z Updating files:  91% (7166/7874)
2026-10-01T16:19:00.3169836Z Updating files:  92% (7245/7874)
2026-10-01T16:19:00.4009920Z Updating files:  93% (7323/7874)
2026-10-01T16:19:00.4515013Z Updating files:  94% (7402/7874)
2026-10-01T16:19:00.4555735Z Updating files:  95% (7481/7874)
2026-10-01T16:19:00.4738985Z Updating files:  96% (7560/7874)
2026-10-01T16:19:00.5183398Z Updating files:  97% (7638/7874)
2026-10-01T16:19:00.5186073Z Updating files:  98% (7717/7874)
2026-10-01T16:19:00.5344850Z Updating files:  98% (7721/7874)
2026-10-01T16:19:00.6179868Z Updating files:  99% (7796/7874)
2026-10-01T16:19:00.6180046Z Updating files: 100% (7874/7874)
2026-10-01T16:19:00.6180204Z Updating files: 100% (7874/7874), done.
2026-10-01T16:19:00.8316825Z Switched to a new branch 'research/v16.34-fiber-component-invariant'
2026-10-01T16:19:00.8319273Z branch 'research/v16.34-fiber-component-invariant' set up to track 'origin/research/v16.34-fiber-component-invariant'.
2026-10-01T16:19:00.8531051Z ##[endgroup]
2026-10-01T16:19:00.8580886Z [command]/usr/bin/git log -1 --format=%H
2026-10-01T16:19:00.8607289Z 76f373c8940433efc463762e675daf3e231f8cb5
2026-10-01T16:19:00.8789747Z ##[group]Run actions/setup-python@a26af69be951a213d495a4c3e4e4022e16d87065
2026-10-01T16:19:00.8789980Z with:
2026-10-01T16:19:00.8790105Z   python-version: 3.11
2026-10-01T16:19:00.8790236Z   check-latest: false
2026-10-01T16:19:00.8791660Z   token: ***
2026-10-01T16:19:00.8791781Z   update-environment: true
2026-10-01T16:19:00.8791921Z   allow-prereleases: false
2026-10-01T16:19:00.8792054Z   freethreaded: false
2026-10-01T16:19:00.8792179Z ##[endgroup]
2026-10-01T16:19:00.9634287Z ##[group]Installed versions
2026-10-01T16:19:00.9691183Z (node:2092) [DEP0040] DeprecationWarning: The `punycode` module is deprecated. Please use a userland alternative instead.
2026-10-01T16:19:00.9691609Z (Use `node --trace-deprecation ...` to show where the warning was created)
2026-10-01T16:19:00.9692179Z Successfully set up CPython (3.11.16)
2026-10-01T16:19:00.9692579Z ##[endgroup]
2026-10-01T16:19:00.9859364Z ##[group]Run python -m pip install sympy==1.13.3 mpmath==1.3.0
2026-10-01T16:19:00.9859864Z [36;1mpython -m pip install sympy==1.13.3 mpmath==1.3.0[0m
2026-10-01T16:19:01.0696633Z shell: /usr/bin/bash -e {0}
2026-10-01T16:19:01.0696821Z env:
2026-10-01T16:19:01.0697003Z   pythonLocation: /opt/hostedtoolcache/Python/3.11.16/x64
2026-10-01T16:19:01.0697270Z   PKG_CONFIG_PATH: /opt/hostedtoolcache/Python/3.11.16/x64/lib/pkgconfig
2026-10-01T16:19:01.0697518Z   Python_ROOT_DIR: /opt/hostedtoolcache/Python/3.11.16/x64
2026-10-01T16:19:01.0697739Z   Python2_ROOT_DIR: /opt/hostedtoolcache/Python/3.11.16/x64
2026-10-01T16:19:01.0697962Z   Python3_ROOT_DIR: /opt/hostedtoolcache/Python/3.11.16/x64
2026-10-01T16:19:01.0698187Z   LD_LIBRARY_PATH: /opt/hostedtoolcache/Python/3.11.16/x64/lib
2026-10-01T16:19:01.0698379Z ##[endgroup]
2026-10-01T16:19:02.8463922Z Collecting sympy==1.13.3
2026-10-01T16:19:02.9048023Z   Downloading sympy-1.13.3-py3-none-any.whl.metadata (12 kB)
2026-10-01T16:19:03.3444028Z Collecting mpmath==1.3.0
2026-10-01T16:19:03.3548377Z   Downloading mpmath-1.3.0-py3-none-any.whl.metadata (8.6 kB)
2026-10-01T16:19:03.6554457Z Downloading sympy-1.13.3-py3-none-any.whl (6.2 MB)
2026-10-01T16:19:04.1153158Z    ━━━━━━━━━━━━━━━━━━━━━━━━━━━━━━━━━━━━━━━━ 6.2/6.2 MB 13.8 MB/s  0:00:00
2026-10-01T16:19:04.1260606Z Downloading mpmath-1.3.0-py3-none-any.whl (536 kB)
2026-10-01T16:19:04.4843336Z    ━━━━━━━━━━━━━━━━━━━━━━━━━━━━━━━━━━━━━━━━ 536.2/536.2 kB 768.0 kB/s  0:00:00
2026-10-01T16:19:04.6146756Z Installing collected packages: mpmath, sympy
2026-10-01T16:19:08.1170911Z 
2026-10-01T16:19:08.1177563Z Successfully installed mpmath-1.3.0 sympy-1.13.3
2026-10-01T16:19:08.1589857Z ##[group]Run python ResearchHistory/UQCF-GEM/demos/v16.51-ternary-interface/publish.py verify
2026-10-01T16:19:08.1590292Z [36;1mpython ResearchHistory/UQCF-GEM/demos/v16.51-ternary-interface/publish.py verify[0m
2026-10-01T16:19:08.1647530Z shell: /usr/bin/bash -e {0}
2026-10-01T16:19:08.1647681Z env:
2026-10-01T16:19:08.1647843Z   pythonLocation: /opt/hostedtoolcache/Python/3.11.16/x64
2026-10-01T16:19:08.1648099Z   PKG_CONFIG_PATH: /opt/hostedtoolcache/Python/3.11.16/x64/lib/pkgconfig
2026-10-01T16:19:08.1648502Z   Python_ROOT_DIR: /opt/hostedtoolcache/Python/3.11.16/x64
2026-10-01T16:19:08.1648723Z   Python2_ROOT_DIR: /opt/hostedtoolcache/Python/3.11.16/x64
2026-10-01T16:19:08.1648940Z   Python3_ROOT_DIR: /opt/hostedtoolcache/Python/3.11.16/x64
2026-10-01T16:19:08.1649163Z   LD_LIBRARY_PATH: /opt/hostedtoolcache/Python/3.11.16/x64/lib
2026-10-01T16:19:08.1649347Z ##[endgroup]
2026-10-01T16:19:14.2478172Z {"package": "VERIFIED", "source_members": 1850}
2026-10-01T16:19:14.2478765Z {"package": "VERIFIED", "source_members": 1850}
2026-10-01T16:19:14.2479052Z {"publication": "VERIFIED", "members": 263}
2026-10-01T16:19:14.2644767Z ##[group]Run python ResearchHistory/UQCF-GEM/demos/v16.51-ternary-interface/run.py phase out/merge
2026-10-01T16:19:14.2645196Z [36;1mpython ResearchHistory/UQCF-GEM/demos/v16.51-ternary-interface/run.py phase out/merge[0m
2026-10-01T16:19:14.2701275Z shell: /usr/bin/bash -e {0}
2026-10-01T16:19:14.2701418Z env:
2026-10-01T16:19:14.2701575Z   pythonLocation: /opt/hostedtoolcache/Python/3.11.16/x64
2026-10-01T16:19:14.2701838Z   PKG_CONFIG_PATH: /opt/hostedtoolcache/Python/3.11.16/x64/lib/pkgconfig
2026-10-01T16:19:14.2702082Z   Python_ROOT_DIR: /opt/hostedtoolcache/Python/3.11.16/x64
2026-10-01T16:19:14.2702307Z   Python2_ROOT_DIR: /opt/hostedtoolcache/Python/3.11.16/x64
2026-10-01T16:19:14.2702526Z   Python3_ROOT_DIR: /opt/hostedtoolcache/Python/3.11.16/x64
2026-10-01T16:19:14.2702747Z   LD_LIBRARY_PATH: /opt/hostedtoolcache/Python/3.11.16/x64/lib
2026-10-01T16:19:14.2702938Z ##[endgroup]
2026-10-01T16:25:18.1252700Z ##[group]Run python ResearchHistory/UQCF-GEM/demos/v16.51-ternary-interface/run.py package out/merge post_merge
2026-10-01T16:25:18.1253157Z [36;1mpython ResearchHistory/UQCF-GEM/demos/v16.51-ternary-interface/run.py package out/merge post_merge[0m
2026-10-01T16:25:18.1309704Z shell: /usr/bin/bash -e {0}
2026-10-01T16:25:18.1309847Z env:
2026-10-01T16:25:18.1310005Z   pythonLocation: /opt/hostedtoolcache/Python/3.11.16/x64
2026-10-01T16:25:18.1310267Z   PKG_CONFIG_PATH: /opt/hostedtoolcache/Python/3.11.16/x64/lib/pkgconfig
2026-10-01T16:25:18.1310507Z   Python_ROOT_DIR: /opt/hostedtoolcache/Python/3.11.16/x64
2026-10-01T16:25:18.1310725Z   Python2_ROOT_DIR: /opt/hostedtoolcache/Python/3.11.16/x64
2026-10-01T16:25:18.1310940Z   Python3_ROOT_DIR: /opt/hostedtoolcache/Python/3.11.16/x64
2026-10-01T16:25:18.1311156Z   LD_LIBRARY_PATH: /opt/hostedtoolcache/Python/3.11.16/x64/lib
2026-10-01T16:25:18.1311340Z ##[endgroup]
2026-10-01T16:25:24.6495935Z {"package": "VERIFIED", "source_members": 1850}
2026-10-01T16:25:24.6695977Z ##[group]Run actions/upload-artifact@ea165f8d65b6e75b540449e92b4886f43607fa02
2026-10-01T16:25:24.6696219Z with:
2026-10-01T16:25:24.6696829Z   name: v1651-post_merge-76f373c8940433efc463762e675daf3e231f8cb5
2026-10-01T16:25:24.6697110Z   path: out/merge
2026-10-01T16:25:24.6697238Z   if-no-files-found: error
2026-10-01T16:25:24.6697377Z   compression-level: 6
2026-10-01T16:25:24.6697503Z   overwrite: false
2026-10-01T16:25:24.6697645Z   include-hidden-files: false
2026-10-01T16:25:24.6697783Z env:
2026-10-01T16:25:24.6697937Z   pythonLocation: /opt/hostedtoolcache/Python/3.11.16/x64
2026-10-01T16:25:24.6698189Z   PKG_CONFIG_PATH: /opt/hostedtoolcache/Python/3.11.16/x64/lib/pkgconfig
2026-10-01T16:25:24.6698431Z   Python_ROOT_DIR: /opt/hostedtoolcache/Python/3.11.16/x64
2026-10-01T16:25:24.6698653Z   Python2_ROOT_DIR: /opt/hostedtoolcache/Python/3.11.16/x64
2026-10-01T16:25:24.6698878Z   Python3_ROOT_DIR: /opt/hostedtoolcache/Python/3.11.16/x64
2026-10-01T16:25:24.6699138Z   LD_LIBRARY_PATH: /opt/hostedtoolcache/Python/3.11.16/x64/lib
2026-10-01T16:25:24.6699328Z ##[endgroup]
2026-10-01T16:25:24.7871734Z (node:2610) [DEP0040] DeprecationWarning: The `punycode` module is deprecated. Please use a userland alternative instead.
2026-10-01T16:25:24.7872255Z (Use `node --trace-deprecation ...` to show where the warning was created)
2026-10-01T16:25:24.8017257Z With the provided path, there will be 102 files uploaded
2026-10-01T16:25:24.8022097Z Artifact name is valid!
2026-10-01T16:25:24.8022365Z Root directory input is valid!
2026-10-01T16:25:25.0790298Z Beginning upload of artifact content to blob storage
2026-10-01T16:25:25.2780456Z (node:2610) [DEP0169] DeprecationWarning: `url.parse()` behavior is not standardized and prone to errors that have security implications. Use the WHATWG URL API instead. CVEs are not issued for `url.parse()` vulnerabilities.
2026-10-01T16:25:25.8474950Z Uploaded bytes 8388608
2026-10-01T16:25:25.9700010Z Uploaded bytes 16777216
2026-10-01T16:25:26.0546022Z Uploaded bytes 25165824
2026-10-01T16:25:26.2004639Z Uploaded bytes 33554432
2026-10-01T16:25:26.3470624Z Uploaded bytes 41943040
2026-10-01T16:25:26.3632522Z Uploaded bytes 50331648
2026-10-01T16:25:26.7394546Z Uploaded bytes 58720256
2026-10-01T16:25:26.8499493Z Uploaded bytes 67108864
2026-10-01T16:25:27.0785787Z Uploaded bytes 75497472
2026-10-01T16:25:27.3233422Z Uploaded bytes 83886080
2026-10-01T16:25:27.5023873Z Uploaded bytes 92274688
2026-10-01T16:25:27.7871182Z Uploaded bytes 100663296
2026-10-01T16:25:27.9393700Z Uploaded bytes 109051904
2026-10-01T16:25:28.0115459Z Uploaded bytes 110351627
2026-10-01T16:25:28.0559830Z Finished uploading artifact content to blob storage!
2026-10-01T16:25:28.0561189Z SHA256 digest of uploaded artifact zip is 57f70e55d24160346f22975005fc6d7d5e8f748b880bff1836aeb1f8a79d5f14
2026-10-01T16:25:28.0562874Z Finalizing artifact upload
2026-10-01T16:25:28.2871161Z Artifact v1651-post_merge-76f373c8940433efc463762e675daf3e231f8cb5.zip successfully finalized. Artifact ID 11177375422
2026-10-01T16:25:28.2872094Z Artifact v1651-post_merge-76f373c8940433efc463762e675daf3e231f8cb5 has been successfully uploaded! Final size is 110351627 bytes. Artifact ID is 11177375422
2026-10-01T16:25:28.2878576Z Artifact download URL: https://github.com/proteinfoldingengine/WetLabEngine/actions/runs/36890668837/artifacts/11177375422
2026-10-01T16:25:28.3049807Z Post job cleanup.
2026-10-01T16:25:28.3904005Z (node:2623) [DEP0040] DeprecationWarning: The `punycode` module is deprecated. Please use a userland alternative instead.
2026-10-01T16:25:28.3904766Z (Use `node --trace-deprecation ...` to show where the warning was created)
2026-10-01T16:25:28.4034779Z Post job cleanup.
2026-10-01T16:25:28.4633607Z [command]/usr/bin/git version
2026-10-01T16:25:28.4670856Z git version 2.55.0
2026-10-01T16:25:28.4702182Z Temporarily overriding HOME='/home/runner/work/_temp/9cf8a206-0a02-40b6-9b0a-75073bc1dd93' before making global git config changes
2026-10-01T16:25:28.4702925Z Adding repository directory to the temporary git global config as a safe directory
2026-10-01T16:25:28.4706107Z [command]/usr/bin/git config --global --add safe.directory /home/runner/work/WetLabEngine/WetLabEngine
2026-10-01T16:25:28.4743745Z [command]/usr/bin/git config --local --name-only --get-regexp core\.sshCommand
2026-10-01T16:25:28.4778493Z [command]/usr/bin/git submodule foreach --recursive sh -c "git config --local --name-only --get-regexp 'core\.sshCommand' && git config --local --unset-all 'core.sshCommand' || :"
2026-10-01T16:25:28.5028181Z [command]/usr/bin/git config --local --name-only --get-regexp http\.https\:\/\/github\.com\/\.extraheader
2026-10-01T16:25:28.5042524Z http.https://github.com/.extraheader
2026-10-01T16:25:28.5073571Z [command]/usr/bin/git config --local --unset-all http.https://github.com/.extraheader
2026-10-01T16:25:28.5117482Z [command]/usr/bin/git submodule foreach --recursive sh -c "git config --local --name-only --get-regexp 'http\.https\:\/\/github\.com\/\.extraheader' && git config --local --unset-all 'http.https://github.com/.extraheader' || :"
2026-10-01T16:25:28.5382446Z [command]/usr/bin/git config --local --name-only --get-regexp ^includeIf\.gitdir:
2026-10-01T16:25:28.5417990Z [command]/usr/bin/git submodule foreach --recursive git config --local --show-origin --name-only --get-regexp remote.origin.url
2026-10-01T16:25:28.5802908Z Cleaning up orphan processes
2026-10-01T16:25:28.6027536Z ##[warning]Node.js 20 is deprecated. The following actions target Node.js 20 but are being forced to run on Node.js 24: actions/checkout@11d5960a326750d5838078e36cf38b85af677262, actions/setup-python@a26af69be951a213d495a4c3e4e4022e16d87065, actions/upload-artifact@ea165f8d65b6e75b540449e92b4886f43607fa02. For more information see: https://github.blog/changelog/2025-09-19-deprecation-of-node-20-on-github-actions-runners/
