2026-09-29T14:33:43.6816396Z Current runner version: '2.337.0'
2026-09-29T14:33:43.6842898Z ##[group]Runner Image Provisioner
2026-09-29T14:33:43.6843819Z Hosted Compute Agent
2026-09-29T14:33:43.6844545Z Version: 20260828.587
2026-09-29T14:33:43.6845258Z Commit: abac92662cab4cc7352de4f9f9d2e2419aad9c29
2026-09-29T14:33:43.6846096Z Build Date: 2026-08-28T16:44:25Z
2026-09-29T14:33:43.6846823Z Worker ID: {3fc7ee1d-2fb1-4056-9356-d530fe79792c}
2026-09-29T14:33:43.6847562Z Azure Region: centralus
2026-09-29T14:33:43.6848229Z ##[endgroup]
2026-09-29T14:33:43.6849956Z ##[group]Operating System
2026-09-29T14:33:43.6850601Z Ubuntu
2026-09-29T14:33:43.6851267Z 24.04.5
2026-09-29T14:33:43.6851806Z LTS
2026-09-29T14:33:43.6852377Z ##[endgroup]
2026-09-29T14:33:43.6853027Z ##[group]Runner Image
2026-09-29T14:33:43.6853676Z Image: ubuntu-24.04
2026-09-29T14:33:43.6854334Z Version: 20260920.314.1
2026-09-29T14:33:43.6855621Z Included Software: https://github.com/actions/runner-images/blob/ubuntu24/20260920.314/images/ubuntu/Ubuntu2404-Readme.md
2026-09-29T14:33:43.6857790Z Image Release: https://github.com/actions/runner-images/releases/tag/ubuntu24%2F20260920.314
2026-09-29T14:33:43.6858758Z ##[endgroup]
2026-09-29T14:33:43.6860375Z ##[group]GITHUB_TOKEN Permissions
2026-09-29T14:33:43.6862711Z Contents: read
2026-09-29T14:33:43.6863503Z Metadata: read
2026-09-29T14:33:43.6864123Z ##[endgroup]
2026-09-29T14:33:43.6866338Z Secret source: Actions
2026-09-29T14:33:43.6867398Z Cache mode: write
2026-09-29T14:33:43.6868510Z Prepare workflow directory
2026-09-29T14:33:43.7262286Z Prepare all required actions
2026-09-29T14:33:43.7311828Z Getting action download info
2026-09-29T14:33:44.0151967Z Download action repository 'actions/checkout@11d5960a326750d5838078e36cf38b85af677262' (SHA:11d5960a326750d5838078e36cf38b85af677262)
2026-09-29T14:33:44.1000764Z Download action repository 'actions/setup-python@a26af69be951a213d495a4c3e4e4022e16d87065' (SHA:a26af69be951a213d495a4c3e4e4022e16d87065)
2026-09-29T14:33:44.1792683Z Download action repository 'actions/upload-artifact@ea165f8d65b6e75b540449e92b4886f43607fa02' (SHA:ea165f8d65b6e75b540449e92b4886f43607fa02)
2026-09-29T14:33:44.3902650Z Complete job name: verify
2026-09-29T14:33:44.4651393Z ##[group]Run actions/checkout@11d5960a326750d5838078e36cf38b85af677262
2026-09-29T14:33:44.4652383Z with:
2026-09-29T14:33:44.4652868Z   ref: 1335532db55062af83fbe2bfd875c18eecb7d490
2026-09-29T14:33:44.4653518Z   repository: proteinfoldingengine/WetLabEngine
2026-09-29T14:33:44.4657467Z   token: ***
2026-09-29T14:33:44.4657914Z   ssh-strict: true
2026-09-29T14:33:44.4658360Z   ssh-user: git
2026-09-29T14:33:44.4658815Z   persist-credentials: true
2026-09-29T14:33:44.4659513Z   clean: true
2026-09-29T14:33:44.4659980Z   sparse-checkout-cone-mode: true
2026-09-29T14:33:44.4660502Z   fetch-depth: 1
2026-09-29T14:33:44.4660938Z   fetch-tags: false
2026-09-29T14:33:44.4661382Z   show-progress: true
2026-09-29T14:33:44.4661837Z   lfs: false
2026-09-29T14:33:44.4662254Z   submodules: false
2026-09-29T14:33:44.4662698Z   set-safe-directory: true
2026-09-29T14:33:44.4663235Z   allow-unsafe-pr-checkout: false
2026-09-29T14:33:44.4663930Z env:
2026-09-29T14:33:44.4664496Z   P: ResearchHistory/UQCF-GEM/demos/v16.24-consistency-order
2026-09-29T14:33:44.4665135Z ##[endgroup]
2026-09-29T14:33:44.5680271Z Syncing repository: proteinfoldingengine/WetLabEngine
2026-09-29T14:33:44.5682929Z ##[group]Getting Git version info
2026-09-29T14:33:44.5684071Z Working directory is '/home/runner/work/WetLabEngine/WetLabEngine'
2026-09-29T14:33:44.5685769Z [command]/usr/bin/git version
2026-09-29T14:33:44.5760331Z git version 2.55.0
2026-09-29T14:33:44.5798877Z ##[endgroup]
2026-09-29T14:33:44.5810884Z Temporarily overriding HOME='/home/runner/work/_temp/63b8d33c-5e36-40a6-bbdd-834a00f9c89d' before making global git config changes
2026-09-29T14:33:44.5813494Z Adding repository directory to the temporary git global config as a safe directory
2026-09-29T14:33:44.5817254Z [command]/usr/bin/git config --global --add safe.directory /home/runner/work/WetLabEngine/WetLabEngine
2026-09-29T14:33:44.5880422Z Deleting the contents of '/home/runner/work/WetLabEngine/WetLabEngine'
2026-09-29T14:33:44.5882748Z ##[group]Initializing the repository
2026-09-29T14:33:44.5884131Z [command]/usr/bin/git init /home/runner/work/WetLabEngine/WetLabEngine
2026-09-29T14:33:44.5978967Z hint: Using 'master' as the name for the initial branch. This default branch name
2026-09-29T14:33:44.5981008Z hint: will change to "main" in Git 3.0. To configure the initial branch name
2026-09-29T14:33:44.5982089Z hint: to use in all of your new repositories, which will suppress this warning,
2026-09-29T14:33:44.5982880Z hint: call:
2026-09-29T14:33:44.5983310Z hint:
2026-09-29T14:33:44.5983837Z hint: 	git config --global init.defaultBranch <name>
2026-09-29T14:33:44.5984642Z hint:
2026-09-29T14:33:44.5985583Z hint: Names commonly chosen instead of 'master' are 'main', 'trunk' and
2026-09-29T14:33:44.5987069Z hint: 'development'. The just-created branch can be renamed via this command:
2026-09-29T14:33:44.5987965Z hint:
2026-09-29T14:33:44.5988396Z hint: 	git branch -m <name>
2026-09-29T14:33:44.5989040Z hint:
2026-09-29T14:33:44.5990182Z hint: Disable this message with "git config set advice.defaultBranchName false"
2026-09-29T14:33:44.5991496Z Initialized empty Git repository in /home/runner/work/WetLabEngine/WetLabEngine/.git/
2026-09-29T14:33:44.5995520Z [command]/usr/bin/git remote add origin https://github.com/proteinfoldingengine/WetLabEngine
2026-09-29T14:33:44.6044289Z ##[endgroup]
2026-09-29T14:33:44.6045316Z ##[group]Disabling automatic garbage collection
2026-09-29T14:33:44.6047929Z [command]/usr/bin/git config --local gc.auto 0
2026-09-29T14:33:44.6081326Z ##[endgroup]
2026-09-29T14:33:44.6082267Z ##[group]Setting up auth
2026-09-29T14:33:44.6088525Z [command]/usr/bin/git config --local --name-only --get-regexp core\.sshCommand
2026-09-29T14:33:44.6123148Z [command]/usr/bin/git submodule foreach --recursive sh -c "git config --local --name-only --get-regexp 'core\.sshCommand' && git config --local --unset-all 'core.sshCommand' || :"
2026-09-29T14:33:44.6520757Z [command]/usr/bin/git config --local --name-only --get-regexp http\.https\:\/\/github\.com\/\.extraheader
2026-09-29T14:33:44.6568611Z [command]/usr/bin/git submodule foreach --recursive sh -c "git config --local --name-only --get-regexp 'http\.https\:\/\/github\.com\/\.extraheader' && git config --local --unset-all 'http.https://github.com/.extraheader' || :"
2026-09-29T14:33:44.6850240Z [command]/usr/bin/git config --local --name-only --get-regexp ^includeIf\.gitdir:
2026-09-29T14:33:44.6896282Z [command]/usr/bin/git submodule foreach --recursive git config --local --show-origin --name-only --get-regexp remote.origin.url
2026-09-29T14:33:44.7156645Z [command]/usr/bin/git config --local http.https://github.com/.extraheader AUTHORIZATION: basic ***
2026-09-29T14:33:44.7202422Z ##[endgroup]
2026-09-29T14:33:44.7203666Z ##[group]Fetching the repository
2026-09-29T14:33:44.7214348Z [command]/usr/bin/git -c protocol.version=2 fetch --no-tags --prune --no-recurse-submodules --depth=1 origin 1335532db55062af83fbe2bfd875c18eecb7d490
2026-09-29T14:33:56.4354022Z From https://github.com/proteinfoldingengine/WetLabEngine
2026-09-29T14:33:56.4355541Z  * branch            1335532db55062af83fbe2bfd875c18eecb7d490 -> FETCH_HEAD
2026-09-29T14:33:56.4358638Z ##[endgroup]
2026-09-29T14:33:56.4360308Z ##[group]Determining the checkout info
2026-09-29T14:33:56.4361855Z ##[endgroup]
2026-09-29T14:33:56.4366676Z [command]/usr/bin/git sparse-checkout disable
2026-09-29T14:33:56.4421771Z [command]/usr/bin/git config --local --unset-all extensions.worktreeConfig
2026-09-29T14:33:56.4458527Z ##[group]Checking out the ref
2026-09-29T14:33:56.4463615Z [command]/usr/bin/git checkout --progress --force 1335532db55062af83fbe2bfd875c18eecb7d490
2026-09-29T14:33:57.5502319Z Updating files:  47% (2328/4857)
2026-09-29T14:33:57.5535195Z Updating files:  48% (2332/4857)
2026-09-29T14:33:57.5583009Z Updating files:  49% (2380/4857)
2026-09-29T14:33:57.5619113Z Updating files:  50% (2429/4857)
2026-09-29T14:33:57.5644263Z Updating files:  51% (2478/4857)
2026-09-29T14:33:57.5676536Z Updating files:  52% (2526/4857)
2026-09-29T14:33:57.6047086Z Updating files:  53% (2575/4857)
2026-09-29T14:33:57.6470009Z Updating files:  54% (2623/4857)
2026-09-29T14:33:57.6491781Z Updating files:  55% (2672/4857)
2026-09-29T14:33:57.6511682Z Updating files:  56% (2720/4857)
2026-09-29T14:33:57.6646835Z Updating files:  57% (2769/4857)
2026-09-29T14:33:57.6693028Z Updating files:  58% (2818/4857)
2026-09-29T14:33:57.6834539Z Updating files:  59% (2866/4857)
2026-09-29T14:33:57.6998180Z Updating files:  60% (2915/4857)
2026-09-29T14:33:57.7046452Z Updating files:  61% (2963/4857)
2026-09-29T14:33:57.7071927Z Updating files:  62% (3012/4857)
2026-09-29T14:33:57.7518995Z Updating files:  63% (3060/4857)
2026-09-29T14:33:57.8932720Z Updating files:  64% (3109/4857)
2026-09-29T14:33:58.0864917Z Updating files:  65% (3158/4857)
2026-09-29T14:33:58.0885898Z Updating files:  66% (3206/4857)
2026-09-29T14:33:58.2260088Z Updating files:  67% (3255/4857)
2026-09-29T14:33:58.3443777Z Updating files:  68% (3303/4857)
2026-09-29T14:33:58.4265300Z Updating files:  69% (3352/4857)
2026-09-29T14:33:58.4611947Z Updating files:  70% (3400/4857)
2026-09-29T14:33:58.4619925Z Updating files:  70% (3447/4857)
2026-09-29T14:33:58.5141413Z Updating files:  71% (3449/4857)
2026-09-29T14:33:58.5228384Z Updating files:  72% (3498/4857)
2026-09-29T14:33:58.5292015Z Updating files:  73% (3546/4857)
2026-09-29T14:33:58.5808088Z Updating files:  74% (3595/4857)
2026-09-29T14:33:58.5833938Z Updating files:  75% (3643/4857)
2026-09-29T14:33:58.5877178Z Updating files:  76% (3692/4857)
2026-09-29T14:33:58.5913492Z Updating files:  77% (3740/4857)
2026-09-29T14:33:58.5942948Z Updating files:  78% (3789/4857)
2026-09-29T14:33:58.5973966Z Updating files:  79% (3838/4857)
2026-09-29T14:33:58.6002187Z Updating files:  80% (3886/4857)
2026-09-29T14:33:58.6039925Z Updating files:  81% (3935/4857)
2026-09-29T14:33:58.6064061Z Updating files:  82% (3983/4857)
2026-09-29T14:33:58.6083575Z Updating files:  83% (4032/4857)
2026-09-29T14:33:58.6250693Z Updating files:  84% (4080/4857)
2026-09-29T14:33:58.9300968Z Updating files:  85% (4129/4857)
2026-09-29T14:33:59.0303952Z Updating files:  86% (4178/4857)
2026-09-29T14:33:59.0475055Z Updating files:  87% (4226/4857)
2026-09-29T14:33:59.0696922Z Updating files:  88% (4275/4857)
2026-09-29T14:33:59.0931737Z Updating files:  89% (4323/4857)
2026-09-29T14:33:59.1071492Z Updating files:  90% (4372/4857)
2026-09-29T14:33:59.1358605Z Updating files:  91% (4420/4857)
2026-09-29T14:33:59.1846373Z Updating files:  92% (4469/4857)
2026-09-29T14:33:59.1910592Z Updating files:  93% (4518/4857)
2026-09-29T14:33:59.1952215Z Updating files:  94% (4566/4857)
2026-09-29T14:33:59.2044173Z Updating files:  95% (4615/4857)
2026-09-29T14:33:59.2090496Z Updating files:  96% (4663/4857)
2026-09-29T14:33:59.2133809Z Updating files:  97% (4712/4857)
2026-09-29T14:33:59.2281210Z Updating files:  98% (4760/4857)
2026-09-29T14:33:59.2323869Z Updating files:  99% (4809/4857)
2026-09-29T14:33:59.2324428Z Updating files: 100% (4857/4857)
2026-09-29T14:33:59.2324916Z Updating files: 100% (4857/4857), done.
2026-09-29T14:33:59.2397940Z Note: switching to '1335532db55062af83fbe2bfd875c18eecb7d490'.
2026-09-29T14:33:59.2398482Z 
2026-09-29T14:33:59.2398765Z You are in 'detached HEAD' state. You can look around, make experimental
2026-09-29T14:33:59.2399804Z changes and commit them, and you can discard any commits you make in this
2026-09-29T14:33:59.2400544Z state without impacting any branches by switching back to a branch.
2026-09-29T14:33:59.2400973Z 
2026-09-29T14:33:59.2401276Z If you want to create a new branch to retain commits you create, you may
2026-09-29T14:33:59.2401974Z do so (now or later) by using -c with the switch command. Example:
2026-09-29T14:33:59.2402370Z 
2026-09-29T14:33:59.2402528Z   git switch -c <new-branch-name>
2026-09-29T14:33:59.2402804Z 
2026-09-29T14:33:59.2402951Z Or undo this operation with:
2026-09-29T14:33:59.2403535Z 
2026-09-29T14:33:59.2403663Z   git switch -
2026-09-29T14:33:59.2403852Z 
2026-09-29T14:33:59.2404193Z Turn off this advice by setting config variable advice.detachedHead to false
2026-09-29T14:33:59.2404664Z 
2026-09-29T14:33:59.2405089Z HEAD is now at 1335532 v16.24 preregister exact consistency-order proofs and rejecting RED tests
2026-09-29T14:33:59.2505662Z ##[endgroup]
2026-09-29T14:33:59.2558427Z [command]/usr/bin/git log -1 --format=%H
2026-09-29T14:33:59.2593414Z 1335532db55062af83fbe2bfd875c18eecb7d490
2026-09-29T14:33:59.2933986Z ##[group]Run actions/setup-python@a26af69be951a213d495a4c3e4e4022e16d87065
2026-09-29T14:33:59.2934403Z with:
2026-09-29T14:33:59.2934627Z   python-version: 3.11
2026-09-29T14:33:59.2934878Z   check-latest: false
2026-09-29T14:33:59.2937423Z   token: ***
2026-09-29T14:33:59.2937646Z   update-environment: true
2026-09-29T14:33:59.2937895Z   allow-prereleases: false
2026-09-29T14:33:59.2938125Z   freethreaded: false
2026-09-29T14:33:59.2938345Z env:
2026-09-29T14:33:59.2938629Z   P: ResearchHistory/UQCF-GEM/demos/v16.24-consistency-order
2026-09-29T14:33:59.2938989Z ##[endgroup]
2026-09-29T14:33:59.4264325Z ##[group]Installed versions
2026-09-29T14:33:59.4349951Z (node:2248) [DEP0040] DeprecationWarning: The `punycode` module is deprecated. Please use a userland alternative instead.
2026-09-29T14:33:59.4350915Z (Use `node --trace-deprecation ...` to show where the warning was created)
2026-09-29T14:33:59.4351581Z Successfully set up CPython (3.11.16)
2026-09-29T14:33:59.4352378Z ##[endgroup]
2026-09-29T14:33:59.4576893Z ##[group]Run python -m pip install sympy==1.13.3 mpmath==1.3.0
2026-09-29T14:33:59.4577433Z [36;1mpython -m pip install sympy==1.13.3 mpmath==1.3.0[0m
2026-09-29T14:33:59.4895956Z shell: /usr/bin/bash -e {0}
2026-09-29T14:33:59.4896266Z env:
2026-09-29T14:33:59.4896590Z   P: ResearchHistory/UQCF-GEM/demos/v16.24-consistency-order
2026-09-29T14:33:59.4897170Z   pythonLocation: /opt/hostedtoolcache/Python/3.11.16/x64
2026-09-29T14:33:59.4897650Z   PKG_CONFIG_PATH: /opt/hostedtoolcache/Python/3.11.16/x64/lib/pkgconfig
2026-09-29T14:33:59.4898143Z   Python_ROOT_DIR: /opt/hostedtoolcache/Python/3.11.16/x64
2026-09-29T14:33:59.4898541Z   Python2_ROOT_DIR: /opt/hostedtoolcache/Python/3.11.16/x64
2026-09-29T14:33:59.4898926Z   Python3_ROOT_DIR: /opt/hostedtoolcache/Python/3.11.16/x64
2026-09-29T14:33:59.4899594Z   LD_LIBRARY_PATH: /opt/hostedtoolcache/Python/3.11.16/x64/lib
2026-09-29T14:33:59.4899955Z ##[endgroup]
2026-09-29T14:34:00.2808082Z Collecting sympy==1.13.3
2026-09-29T14:34:00.3502329Z   Downloading sympy-1.13.3-py3-none-any.whl.metadata (12 kB)
2026-09-29T14:34:00.3736861Z Collecting mpmath==1.3.0
2026-09-29T14:34:00.3845870Z   Downloading mpmath-1.3.0-py3-none-any.whl.metadata (8.6 kB)
2026-09-29T14:34:00.4021780Z Downloading sympy-1.13.3-py3-none-any.whl (6.2 MB)
2026-09-29T14:34:00.5190554Z    ━━━━━━━━━━━━━━━━━━━━━━━━━━━━━━━━━━━━━━━━ 6.2/6.2 MB 69.4 MB/s  0:00:00
2026-09-29T14:34:00.5312296Z Downloading mpmath-1.3.0-py3-none-any.whl (536 kB)
2026-09-29T14:34:00.5376293Z    ━━━━━━━━━━━━━━━━━━━━━━━━━━━━━━━━━━━━━━━━ 536.2/536.2 kB 82.5 MB/s  0:00:00
2026-09-29T14:34:00.6166151Z Installing collected packages: mpmath, sympy
2026-09-29T14:34:06.1186824Z 
2026-09-29T14:34:06.1196025Z Successfully installed mpmath-1.3.0 sympy-1.13.3
2026-09-29T14:34:06.1768944Z ##[group]Run set -euo pipefail
2026-09-29T14:34:06.1769595Z [36;1mset -euo pipefail[0m
2026-09-29T14:34:06.1769851Z [36;1mcd "$P"[0m
2026-09-29T14:34:06.1770075Z [36;1mmkdir -p evidence[0m
2026-09-29T14:34:06.1770766Z [36;1mrun() { local name="$1"; shift; set +e; "$@" > "evidence/$name.log" 2>&1; local code=$?; set -e; cat "evidence/$name.log"; printf '%s\t%s\n' "$name" "$code" >> evidence/exit_codes.tsv; return "$code"; }[0m
2026-09-29T14:34:06.1771527Z [36;1mrun tests python test_gate.py[0m
2026-09-29T14:34:06.1772017Z [36;1mrun v1623 bash -c 'cd ../v16.23-overlap-descent && python test_gate.py && python test_schema.py'[0m
2026-09-29T14:34:06.1772667Z [36;1mrun v1622 bash -c 'cd ../v16.22-response-selection-closure && python -m unittest discover -v'[0m
2026-09-29T14:34:06.1773497Z [36;1mrun v1621 bash -c 'cd ../../foundational-closure-verification && python tests/test_fcv.py'[0m
2026-09-29T14:34:06.1774261Z [36;1mrun exact-parent bash -c 'cd ../v15.56-response-selector-obstruction && python -m unittest -v test_pruning_consistency_audit'[0m
2026-09-29T14:34:06.1774838Z [36;1mrun producer python engine.py[0m
2026-09-29T14:34:06.1775125Z [36;1mrun verifier python verify.py[0m
2026-09-29T14:34:06.1848491Z shell: /usr/bin/bash -e {0}
2026-09-29T14:34:06.1848760Z env:
2026-09-29T14:34:06.1849047Z   P: ResearchHistory/UQCF-GEM/demos/v16.24-consistency-order
2026-09-29T14:34:06.1849599Z   pythonLocation: /opt/hostedtoolcache/Python/3.11.16/x64
2026-09-29T14:34:06.1850036Z   PKG_CONFIG_PATH: /opt/hostedtoolcache/Python/3.11.16/x64/lib/pkgconfig
2026-09-29T14:34:06.1850465Z   Python_ROOT_DIR: /opt/hostedtoolcache/Python/3.11.16/x64
2026-09-29T14:34:06.1850845Z   Python2_ROOT_DIR: /opt/hostedtoolcache/Python/3.11.16/x64
2026-09-29T14:34:06.1851239Z   Python3_ROOT_DIR: /opt/hostedtoolcache/Python/3.11.16/x64
2026-09-29T14:34:06.1851622Z   LD_LIBRARY_PATH: /opt/hostedtoolcache/Python/3.11.16/x64/lib
2026-09-29T14:34:06.1851949Z ##[endgroup]
2026-09-29T14:34:06.2856752Z test_binary_views_sufficiency (__main__.Tests.test_binary_views_sufficiency) ... FAIL
2026-09-29T14:34:06.2857799Z test_branch_count_not_exact_cover_number (__main__.Tests.test_branch_count_not_exact_cover_number) ... FAIL
2026-09-29T14:34:06.2858687Z test_changed_lineage_and_storage (__main__.Tests.test_changed_lineage_and_storage) ... FAIL
2026-09-29T14:34:06.2859729Z test_complete_small_universe (__main__.Tests.test_complete_small_universe) ... FAIL
2026-09-29T14:34:06.2860447Z test_corrupt_dual (__main__.Tests.test_corrupt_dual) ... FAIL
2026-09-29T14:34:06.2861353Z test_corrupt_global_witness (__main__.Tests.test_corrupt_global_witness) ... FAIL
2026-09-29T14:34:06.2862199Z test_corrupt_local_marginal (__main__.Tests.test_corrupt_local_marginal) ... FAIL
2026-09-29T14:34:06.2863086Z test_exact_rational_pushforward (__main__.Tests.test_exact_rational_pushforward) ... FAIL
2026-09-29T14:34:06.2863919Z test_false_child_cover (__main__.Tests.test_false_child_cover) ... FAIL
2026-09-29T14:34:06.2864414Z test_false_high_threshold (__main__.Tests.test_false_high_threshold) ... FAIL
2026-09-29T14:34:06.2864912Z test_false_low_threshold (__main__.Tests.test_false_low_threshold) ... FAIL
2026-09-29T14:34:06.2865415Z test_false_metamorphic_claim (__main__.Tests.test_false_metamorphic_claim) ... FAIL
2026-09-29T14:34:06.2865922Z test_false_sample_verdict (__main__.Tests.test_false_sample_verdict) ... FAIL
2026-09-29T14:34:06.2866369Z test_foreign_origin (__main__.Tests.test_foreign_origin) ... FAIL
2026-09-29T14:34:06.2866805Z test_four_way_sharpness (__main__.Tests.test_four_way_sharpness) ... FAIL
2026-09-29T14:34:06.2867308Z test_full_view_and_redundancy (__main__.Tests.test_full_view_and_redundancy) ... FAIL
2026-09-29T14:34:06.2867828Z test_inexact_scalar_rejected (__main__.Tests.test_inexact_scalar_rejected) ... FAIL
2026-09-29T14:34:06.2868386Z test_invalid_parent_types_cycles (__main__.Tests.test_invalid_parent_types_cycles) ... FAIL
2026-09-29T14:34:06.2869405Z test_invalid_view_and_union (__main__.Tests.test_invalid_view_and_union) ... FAIL
2026-09-29T14:34:06.2870292Z test_linear_but_nonnatural_control (__main__.Tests.test_linear_but_nonnatural_control) ... FAIL
2026-09-29T14:34:06.2870975Z test_metadata_boolean_not_integer (__main__.Tests.test_metadata_boolean_not_integer) ... FAIL
2026-09-29T14:34:06.2871883Z test_missing_cover_rejected (__main__.Tests.test_missing_cover_rejected) ... FAIL
2026-09-29T14:34:06.2872672Z test_missing_required_field (__main__.Tests.test_missing_required_field) ... FAIL
2026-09-29T14:34:06.2873140Z test_missing_sample (__main__.Tests.test_missing_sample) ... FAIL
2026-09-29T14:34:06.2873698Z test_order_is_worst_case_not_every_input (__main__.Tests.test_order_is_worst_case_not_every_input) ... FAIL
2026-09-29T14:34:06.2874524Z test_root_and_path (__main__.Tests.test_root_and_path) ... FAIL
2026-09-29T14:34:06.2875060Z test_two_and_three_view_parent_witnesses (__main__.Tests.test_two_and_three_view_parent_witnesses) ... FAIL
2026-09-29T14:34:06.2875666Z test_valid_dual_and_rescaling (__main__.Tests.test_valid_dual_and_rescaling) ... FAIL
2026-09-29T14:34:06.2875985Z 
2026-09-29T14:34:06.2876125Z ======================================================================
2026-09-29T14:34:06.2876577Z FAIL: test_binary_views_sufficiency (__main__.Tests.test_binary_views_sufficiency)
2026-09-29T14:34:06.2877041Z ----------------------------------------------------------------------
2026-09-29T14:34:06.2877471Z Traceback (most recent call last):
2026-09-29T14:34:06.2884490Z   File "/home/runner/work/WetLabEngine/WetLabEngine/ResearchHistory/UQCF-GEM/demos/v16.24-consistency-order/test_gate.py", line 43, in test_binary_views_sufficiency
2026-09-29T14:34:06.2885362Z     e,v=self.modules();d=e.certify((-1,0,0,1,1),[(0,1,3),(0,1,4),(0,2)])
2026-09-29T14:34:06.2885763Z         ^^^^^^^^^^^^^^
2026-09-29T14:34:06.2886420Z   File "/home/runner/work/WetLabEngine/WetLabEngine/ResearchHistory/UQCF-GEM/demos/v16.24-consistency-order/test_gate.py", line 13, in modules
2026-09-29T14:34:06.2887218Z     self.assertTrue((HERE/(name+'.py')).is_file(),'expected wiring RED: missing '+name)
2026-09-29T14:34:06.2887733Z AssertionError: False is not true : expected wiring RED: missing engine
2026-09-29T14:34:06.2888018Z 
2026-09-29T14:34:06.2888151Z ======================================================================
2026-09-29T14:34:06.2888681Z FAIL: test_branch_count_not_exact_cover_number (__main__.Tests.test_branch_count_not_exact_cover_number)
2026-09-29T14:34:06.2889439Z ----------------------------------------------------------------------
2026-09-29T14:34:06.2889829Z Traceback (most recent call last):
2026-09-29T14:34:06.2890641Z   File "/home/runner/work/WetLabEngine/WetLabEngine/ResearchHistory/UQCF-GEM/demos/v16.24-consistency-order/test_gate.py", line 35, in test_branch_count_not_exact_cover_number
2026-09-29T14:34:06.2891445Z     e,v=self.modules();d=e.certify((-1,0,0,0,0),[(0,1,2),(0,3,4)])
2026-09-29T14:34:06.2891775Z         ^^^^^^^^^^^^^^
2026-09-29T14:34:06.2892375Z   File "/home/runner/work/WetLabEngine/WetLabEngine/ResearchHistory/UQCF-GEM/demos/v16.24-consistency-order/test_gate.py", line 13, in modules
2026-09-29T14:34:06.2893115Z     self.assertTrue((HERE/(name+'.py')).is_file(),'expected wiring RED: missing '+name)
2026-09-29T14:34:06.2893619Z AssertionError: False is not true : expected wiring RED: missing engine
2026-09-29T14:34:06.2893909Z 
2026-09-29T14:34:06.2894028Z ======================================================================
2026-09-29T14:34:06.2894478Z FAIL: test_changed_lineage_and_storage (__main__.Tests.test_changed_lineage_and_storage)
2026-09-29T14:34:06.2894946Z ----------------------------------------------------------------------
2026-09-29T14:34:06.2895287Z Traceback (most recent call last):
2026-09-29T14:34:06.2896015Z   File "/home/runner/work/WetLabEngine/WetLabEngine/ResearchHistory/UQCF-GEM/demos/v16.24-consistency-order/test_gate.py", line 65, in test_changed_lineage_and_storage
2026-09-29T14:34:06.2897000Z     e,v=self.modules();a=e.certify((-1,0,0,1,1),[(0,1,3),(0,1,4),(0,2)])
2026-09-29T14:34:06.2897351Z         ^^^^^^^^^^^^^^
2026-09-29T14:34:06.2897936Z   File "/home/runner/work/WetLabEngine/WetLabEngine/ResearchHistory/UQCF-GEM/demos/v16.24-consistency-order/test_gate.py", line 13, in modules
2026-09-29T14:34:06.2898657Z     self.assertTrue((HERE/(name+'.py')).is_file(),'expected wiring RED: missing '+name)
2026-09-29T14:34:06.2899144Z AssertionError: False is not true : expected wiring RED: missing engine
2026-09-29T14:34:06.2899620Z 
2026-09-29T14:34:06.2899734Z ======================================================================
2026-09-29T14:34:06.2900153Z FAIL: test_complete_small_universe (__main__.Tests.test_complete_small_universe)
2026-09-29T14:34:06.2900593Z ----------------------------------------------------------------------
2026-09-29T14:34:06.2901060Z Traceback (most recent call last):
2026-09-29T14:34:06.2901771Z   File "/home/runner/work/WetLabEngine/WetLabEngine/ResearchHistory/UQCF-GEM/demos/v16.24-consistency-order/test_gate.py", line 100, in test_complete_small_universe
2026-09-29T14:34:06.2902591Z     e,v=self.modules();r=v.verify_document(e.produce(3),3);self.assertGreater(r['covers'],0)
2026-09-29T14:34:06.2903002Z         ^^^^^^^^^^^^^^
2026-09-29T14:34:06.2903588Z   File "/home/runner/work/WetLabEngine/WetLabEngine/ResearchHistory/UQCF-GEM/demos/v16.24-consistency-order/test_gate.py", line 13, in modules
2026-09-29T14:34:06.2904403Z     self.assertTrue((HERE/(name+'.py')).is_file(),'expected wiring RED: missing '+name)
2026-09-29T14:34:06.2904884Z AssertionError: False is not true : expected wiring RED: missing engine
2026-09-29T14:34:06.2905152Z 
2026-09-29T14:34:06.2905267Z ======================================================================
2026-09-29T14:34:06.2905616Z FAIL: test_corrupt_dual (__main__.Tests.test_corrupt_dual)
2026-09-29T14:34:06.2905990Z ----------------------------------------------------------------------
2026-09-29T14:34:06.2906313Z Traceback (most recent call last):
2026-09-29T14:34:06.2907008Z   File "/home/runner/work/WetLabEngine/WetLabEngine/ResearchHistory/UQCF-GEM/demos/v16.24-consistency-order/test_gate.py", line 77, in test_corrupt_dual
2026-09-29T14:34:06.2907846Z     def test_corrupt_dual(self):self.reject('corrupt-dual',lambda d:d['witness']['dual'].__setitem__(0,99))
2026-09-29T14:34:06.2908370Z                                 ^^^^^^^^^^^^^^^^^^^^^^^^^^^^^^^^^^^^^^^^^^^^^^^^^^^^^^^^^^^^^^^^^^^^^^^^^^^
2026-09-29T14:34:06.2909045Z   File "/home/runner/work/WetLabEngine/WetLabEngine/ResearchHistory/UQCF-GEM/demos/v16.24-consistency-order/test_gate.py", line 18, in reject
2026-09-29T14:34:06.2909952Z     _,v=self.modules();d=self.fixture();mutate(d)
2026-09-29T14:34:06.2910245Z         ^^^^^^^^^^^^^^
2026-09-29T14:34:06.2910828Z   File "/home/runner/work/WetLabEngine/WetLabEngine/ResearchHistory/UQCF-GEM/demos/v16.24-consistency-order/test_gate.py", line 13, in modules
2026-09-29T14:34:06.2911544Z     self.assertTrue((HERE/(name+'.py')).is_file(),'expected wiring RED: missing '+name)
2026-09-29T14:34:06.2912052Z AssertionError: False is not true : expected wiring RED: missing engine
2026-09-29T14:34:06.2912331Z 
2026-09-29T14:34:06.2912441Z ======================================================================
2026-09-29T14:34:06.2912849Z FAIL: test_corrupt_global_witness (__main__.Tests.test_corrupt_global_witness)
2026-09-29T14:34:06.2913282Z ----------------------------------------------------------------------
2026-09-29T14:34:06.2913608Z Traceback (most recent call last):
2026-09-29T14:34:06.2914287Z   File "/home/runner/work/WetLabEngine/WetLabEngine/ResearchHistory/UQCF-GEM/demos/v16.24-consistency-order/test_gate.py", line 75, in test_corrupt_global_witness
2026-09-29T14:34:06.2915228Z     def test_corrupt_global_witness(self):self.reject('corrupt-global-witness',lambda d:d['witness']['global'].__setitem__(0,0))
2026-09-29T14:34:06.2915857Z                                           ^^^^^^^^^^^^^^^^^^^^^^^^^^^^^^^^^^^^^^^^^^^^^^^^^^^^^^^^^^^^^^^^^^^^^^^^^^^^^^^^^^^^^^
2026-09-29T14:34:06.2916698Z   File "/home/runner/work/WetLabEngine/WetLabEngine/ResearchHistory/UQCF-GEM/demos/v16.24-consistency-order/test_gate.py", line 18, in reject
2026-09-29T14:34:06.2917337Z     _,v=self.modules();d=self.fixture();mutate(d)
2026-09-29T14:34:06.2917615Z         ^^^^^^^^^^^^^^
2026-09-29T14:34:06.2918192Z   File "/home/runner/work/WetLabEngine/WetLabEngine/ResearchHistory/UQCF-GEM/demos/v16.24-consistency-order/test_gate.py", line 13, in modules
2026-09-29T14:34:06.2918903Z     self.assertTrue((HERE/(name+'.py')).is_file(),'expected wiring RED: missing '+name)
2026-09-29T14:34:06.2919600Z AssertionError: False is not true : expected wiring RED: missing engine
2026-09-29T14:34:06.2919880Z 
2026-09-29T14:34:06.2919995Z ======================================================================
2026-09-29T14:34:06.2920543Z FAIL: test_corrupt_local_marginal (__main__.Tests.test_corrupt_local_marginal)
2026-09-29T14:34:06.2920983Z ----------------------------------------------------------------------
2026-09-29T14:34:06.2921318Z Traceback (most recent call last):
2026-09-29T14:34:06.2922004Z   File "/home/runner/work/WetLabEngine/WetLabEngine/ResearchHistory/UQCF-GEM/demos/v16.24-consistency-order/test_gate.py", line 76, in test_corrupt_local_marginal
2026-09-29T14:34:06.2922951Z     def test_corrupt_local_marginal(self):self.reject('corrupt-local-marginal',lambda d:d['witness']['local'][0].__setitem__(0,99))
2026-09-29T14:34:06.2923579Z                                           ^^^^^^^^^^^^^^^^^^^^^^^^^^^^^^^^^^^^^^^^^^^^^^^^^^^^^^^^^^^^^^^^^^^^^^^^^^^^^^^^^^^^^^^^^
2026-09-29T14:34:06.2924290Z   File "/home/runner/work/WetLabEngine/WetLabEngine/ResearchHistory/UQCF-GEM/demos/v16.24-consistency-order/test_gate.py", line 18, in reject
2026-09-29T14:34:06.2924907Z     _,v=self.modules();d=self.fixture();mutate(d)
2026-09-29T14:34:06.2925200Z         ^^^^^^^^^^^^^^
2026-09-29T14:34:06.2925761Z   File "/home/runner/work/WetLabEngine/WetLabEngine/ResearchHistory/UQCF-GEM/demos/v16.24-consistency-order/test_gate.py", line 13, in modules
2026-09-29T14:34:06.2926475Z     self.assertTrue((HERE/(name+'.py')).is_file(),'expected wiring RED: missing '+name)
2026-09-29T14:34:06.2926972Z AssertionError: False is not true : expected wiring RED: missing engine
2026-09-29T14:34:06.2927262Z 
2026-09-29T14:34:06.2927381Z ======================================================================
2026-09-29T14:34:06.2927817Z FAIL: test_exact_rational_pushforward (__main__.Tests.test_exact_rational_pushforward)
2026-09-29T14:34:06.2928274Z ----------------------------------------------------------------------
2026-09-29T14:34:06.2928597Z Traceback (most recent call last):
2026-09-29T14:34:06.2929518Z   File "/home/runner/work/WetLabEngine/WetLabEngine/ResearchHistory/UQCF-GEM/demos/v16.24-consistency-order/test_gate.py", line 49, in test_exact_rational_pushforward
2026-09-29T14:34:06.2930363Z     e,_=self.modules();self.assertEqual(e.push((-1,0,0),(0,1),(F(1,3),F(1,2),F(1,6))),(F(1,2),F(1,2)))
2026-09-29T14:34:06.2930791Z         ^^^^^^^^^^^^^^
2026-09-29T14:34:06.2931360Z   File "/home/runner/work/WetLabEngine/WetLabEngine/ResearchHistory/UQCF-GEM/demos/v16.24-consistency-order/test_gate.py", line 13, in modules
2026-09-29T14:34:06.2932069Z     self.assertTrue((HERE/(name+'.py')).is_file(),'expected wiring RED: missing '+name)
2026-09-29T14:34:06.2932542Z AssertionError: False is not true : expected wiring RED: missing engine
2026-09-29T14:34:06.2932818Z 
2026-09-29T14:34:06.2932926Z ======================================================================
2026-09-29T14:34:06.2933297Z FAIL: test_false_child_cover (__main__.Tests.test_false_child_cover)
2026-09-29T14:34:06.2933699Z ----------------------------------------------------------------------
2026-09-29T14:34:06.2934018Z Traceback (most recent call last):
2026-09-29T14:34:06.2934689Z   File "/home/runner/work/WetLabEngine/WetLabEngine/ResearchHistory/UQCF-GEM/demos/v16.24-consistency-order/test_gate.py", line 74, in test_false_child_cover
2026-09-29T14:34:06.2935741Z     def test_false_child_cover(self):self.reject('false-child-cover',lambda d:d['child_covers'][0].__setitem__('support',[0]))
2026-09-29T14:34:06.2936352Z                                      ^^^^^^^^^^^^^^^^^^^^^^^^^^^^^^^^^^^^^^^^^^^^^^^^^^^^^^^^^^^^^^^^^^^^^^^^^^^^^^^^^^^^^^^^^
2026-09-29T14:34:06.2937077Z   File "/home/runner/work/WetLabEngine/WetLabEngine/ResearchHistory/UQCF-GEM/demos/v16.24-consistency-order/test_gate.py", line 18, in reject
2026-09-29T14:34:06.2937703Z     _,v=self.modules();d=self.fixture();mutate(d)
2026-09-29T14:34:06.2937987Z         ^^^^^^^^^^^^^^
2026-09-29T14:34:06.2938555Z   File "/home/runner/work/WetLabEngine/WetLabEngine/ResearchHistory/UQCF-GEM/demos/v16.24-consistency-order/test_gate.py", line 13, in modules
2026-09-29T14:34:06.2939422Z     self.assertTrue((HERE/(name+'.py')).is_file(),'expected wiring RED: missing '+name)
2026-09-29T14:34:06.2940123Z AssertionError: False is not true : expected wiring RED: missing engine
2026-09-29T14:34:06.2940413Z 
2026-09-29T14:34:06.2940539Z ======================================================================
2026-09-29T14:34:06.2940953Z FAIL: test_false_high_threshold (__main__.Tests.test_false_high_threshold)
2026-09-29T14:34:06.2941376Z ----------------------------------------------------------------------
2026-09-29T14:34:06.2941709Z Traceback (most recent call last):
2026-09-29T14:34:06.2942410Z   File "/home/runner/work/WetLabEngine/WetLabEngine/ResearchHistory/UQCF-GEM/demos/v16.24-consistency-order/test_gate.py", line 73, in test_false_high_threshold
2026-09-29T14:34:06.2943269Z     def test_false_high_threshold(self):self.reject('false-high-threshold',lambda d:d.__setitem__('h',4))
2026-09-29T14:34:06.2943799Z                                         ^^^^^^^^^^^^^^^^^^^^^^^^^^^^^^^^^^^^^^^^^^^^^^^^^^^^^^^^^^^^^^^^^
2026-09-29T14:34:06.2944500Z   File "/home/runner/work/WetLabEngine/WetLabEngine/ResearchHistory/UQCF-GEM/demos/v16.24-consistency-order/test_gate.py", line 18, in reject
2026-09-29T14:34:06.2945129Z     _,v=self.modules();d=self.fixture();mutate(d)
2026-09-29T14:34:06.2945425Z         ^^^^^^^^^^^^^^
2026-09-29T14:34:06.2945994Z   File "/home/runner/work/WetLabEngine/WetLabEngine/ResearchHistory/UQCF-GEM/demos/v16.24-consistency-order/test_gate.py", line 13, in modules
2026-09-29T14:34:06.2946729Z     self.assertTrue((HERE/(name+'.py')).is_file(),'expected wiring RED: missing '+name)
2026-09-29T14:34:06.2947224Z AssertionError: False is not true : expected wiring RED: missing engine
2026-09-29T14:34:06.2947513Z 
2026-09-29T14:34:06.2947641Z ======================================================================
2026-09-29T14:34:06.2948035Z FAIL: test_false_low_threshold (__main__.Tests.test_false_low_threshold)
2026-09-29T14:34:06.2948441Z ----------------------------------------------------------------------
2026-09-29T14:34:06.2948774Z Traceback (most recent call last):
2026-09-29T14:34:06.2949552Z   File "/home/runner/work/WetLabEngine/WetLabEngine/ResearchHistory/UQCF-GEM/demos/v16.24-consistency-order/test_gate.py", line 72, in test_false_low_threshold
2026-09-29T14:34:06.2950403Z     def test_false_low_threshold(self):self.reject('false-low-threshold',lambda d:d.__setitem__('h',1))
2026-09-29T14:34:06.2950917Z                                        ^^^^^^^^^^^^^^^^^^^^^^^^^^^^^^^^^^^^^^^^^^^^^^^^^^^^^^^^^^^^^^^^
2026-09-29T14:34:06.2951623Z   File "/home/runner/work/WetLabEngine/WetLabEngine/ResearchHistory/UQCF-GEM/demos/v16.24-consistency-order/test_gate.py", line 18, in reject
2026-09-29T14:34:06.2952242Z     _,v=self.modules();d=self.fixture();mutate(d)
2026-09-29T14:34:06.2952524Z         ^^^^^^^^^^^^^^
2026-09-29T14:34:06.2953082Z   File "/home/runner/work/WetLabEngine/WetLabEngine/ResearchHistory/UQCF-GEM/demos/v16.24-consistency-order/test_gate.py", line 13, in modules
2026-09-29T14:34:06.2953808Z     self.assertTrue((HERE/(name+'.py')).is_file(),'expected wiring RED: missing '+name)
2026-09-29T14:34:06.2954288Z AssertionError: False is not true : expected wiring RED: missing engine
2026-09-29T14:34:06.2954552Z 
2026-09-29T14:34:06.2954822Z ======================================================================
2026-09-29T14:34:06.2955248Z FAIL: test_false_metamorphic_claim (__main__.Tests.test_false_metamorphic_claim)
2026-09-29T14:34:06.2955689Z ----------------------------------------------------------------------
2026-09-29T14:34:06.2956023Z Traceback (most recent call last):
2026-09-29T14:34:06.2956711Z   File "/home/runner/work/WetLabEngine/WetLabEngine/ResearchHistory/UQCF-GEM/demos/v16.24-consistency-order/test_gate.py", line 95, in test_false_metamorphic_claim
2026-09-29T14:34:06.2957396Z     e,v=self.modules();doc=e.produce(3)
2026-09-29T14:34:06.2957650Z         ^^^^^^^^^^^^^^
2026-09-29T14:34:06.2958203Z   File "/home/runner/work/WetLabEngine/WetLabEngine/ResearchHistory/UQCF-GEM/demos/v16.24-consistency-order/test_gate.py", line 13, in modules
2026-09-29T14:34:06.2959056Z     self.assertTrue((HERE/(name+'.py')).is_file(),'expected wiring RED: missing '+name)
2026-09-29T14:34:06.2959642Z AssertionError: False is not true : expected wiring RED: missing engine
2026-09-29T14:34:06.2959916Z 
2026-09-29T14:34:06.2960024Z ======================================================================
2026-09-29T14:34:06.2960420Z FAIL: test_false_sample_verdict (__main__.Tests.test_false_sample_verdict)
2026-09-29T14:34:06.2960848Z ----------------------------------------------------------------------
2026-09-29T14:34:06.2961167Z Traceback (most recent call last):
2026-09-29T14:34:06.2961855Z   File "/home/runner/work/WetLabEngine/WetLabEngine/ResearchHistory/UQCF-GEM/demos/v16.24-consistency-order/test_gate.py", line 82, in test_false_sample_verdict
2026-09-29T14:34:06.2962550Z     self.reject('false-sample-feasibility',change)
2026-09-29T14:34:06.2963195Z   File "/home/runner/work/WetLabEngine/WetLabEngine/ResearchHistory/UQCF-GEM/demos/v16.24-consistency-order/test_gate.py", line 18, in reject
2026-09-29T14:34:06.2963822Z     _,v=self.modules();d=self.fixture();mutate(d)
2026-09-29T14:34:06.2964098Z         ^^^^^^^^^^^^^^
2026-09-29T14:34:06.2964653Z   File "/home/runner/work/WetLabEngine/WetLabEngine/ResearchHistory/UQCF-GEM/demos/v16.24-consistency-order/test_gate.py", line 13, in modules
2026-09-29T14:34:06.2965354Z     self.assertTrue((HERE/(name+'.py')).is_file(),'expected wiring RED: missing '+name)
2026-09-29T14:34:06.2965826Z AssertionError: False is not true : expected wiring RED: missing engine
2026-09-29T14:34:06.2966098Z 
2026-09-29T14:34:06.2966208Z ======================================================================
2026-09-29T14:34:06.2966568Z FAIL: test_foreign_origin (__main__.Tests.test_foreign_origin)
2026-09-29T14:34:06.2966945Z ----------------------------------------------------------------------
2026-09-29T14:34:06.2967263Z Traceback (most recent call last):
2026-09-29T14:34:06.2967915Z   File "/home/runner/work/WetLabEngine/WetLabEngine/ResearchHistory/UQCF-GEM/demos/v16.24-consistency-order/test_gate.py", line 83, in test_foreign_origin
2026-09-29T14:34:06.2968782Z     def test_foreign_origin(self):self.reject('foreign-origin',lambda d:d.__setitem__('genesis','another-origin'))
2026-09-29T14:34:06.2969559Z                                   ^^^^^^^^^^^^^^^^^^^^^^^^^^^^^^^^^^^^^^^^^^^^^^^^^^^^^^^^^^^^^^^^^^^^^^^^^^^^^^^^
2026-09-29T14:34:06.2970252Z   File "/home/runner/work/WetLabEngine/WetLabEngine/ResearchHistory/UQCF-GEM/demos/v16.24-consistency-order/test_gate.py", line 18, in reject
2026-09-29T14:34:06.2970865Z     _,v=self.modules();d=self.fixture();mutate(d)
2026-09-29T14:34:06.2971139Z         ^^^^^^^^^^^^^^
2026-09-29T14:34:06.2971690Z   File "/home/runner/work/WetLabEngine/WetLabEngine/ResearchHistory/UQCF-GEM/demos/v16.24-consistency-order/test_gate.py", line 13, in modules
2026-09-29T14:34:06.2972393Z     self.assertTrue((HERE/(name+'.py')).is_file(),'expected wiring RED: missing '+name)
2026-09-29T14:34:06.2972878Z AssertionError: False is not true : expected wiring RED: missing engine
2026-09-29T14:34:06.2973154Z 
2026-09-29T14:34:06.2973271Z ======================================================================
2026-09-29T14:34:06.2973799Z FAIL: test_four_way_sharpness (__main__.Tests.test_four_way_sharpness)
2026-09-29T14:34:06.2974233Z ----------------------------------------------------------------------
2026-09-29T14:34:06.2974560Z Traceback (most recent call last):
2026-09-29T14:34:06.2975240Z   File "/home/runner/work/WetLabEngine/WetLabEngine/ResearchHistory/UQCF-GEM/demos/v16.24-consistency-order/test_gate.py", line 32, in test_four_way_sharpness
2026-09-29T14:34:06.2975972Z     e,v=self.modules();d=e.certify((-1,0,0,0,0),[(0,1),(0,2),(0,3),(0,4)])
2026-09-29T14:34:06.2976309Z         ^^^^^^^^^^^^^^
2026-09-29T14:34:06.2976862Z   File "/home/runner/work/WetLabEngine/WetLabEngine/ResearchHistory/UQCF-GEM/demos/v16.24-consistency-order/test_gate.py", line 13, in modules
2026-09-29T14:34:06.2977730Z     self.assertTrue((HERE/(name+'.py')).is_file(),'expected wiring RED: missing '+name)
2026-09-29T14:34:06.2978219Z AssertionError: False is not true : expected wiring RED: missing engine
2026-09-29T14:34:06.2978488Z 
2026-09-29T14:34:06.2978609Z ======================================================================
2026-09-29T14:34:06.2979020Z FAIL: test_full_view_and_redundancy (__main__.Tests.test_full_view_and_redundancy)
2026-09-29T14:34:06.2979726Z ----------------------------------------------------------------------
2026-09-29T14:34:06.2980056Z Traceback (most recent call last):
2026-09-29T14:34:06.2980747Z   File "/home/runner/work/WetLabEngine/WetLabEngine/ResearchHistory/UQCF-GEM/demos/v16.24-consistency-order/test_gate.py", line 38, in test_full_view_and_redundancy
2026-09-29T14:34:06.2981466Z     e,v=self.modules();p=(-1,0,0);ys=[(0,1),(0,2),(0,1,2)]
2026-09-29T14:34:06.2981777Z         ^^^^^^^^^^^^^^
2026-09-29T14:34:06.2982359Z   File "/home/runner/work/WetLabEngine/WetLabEngine/ResearchHistory/UQCF-GEM/demos/v16.24-consistency-order/test_gate.py", line 13, in modules
2026-09-29T14:34:06.2983089Z     self.assertTrue((HERE/(name+'.py')).is_file(),'expected wiring RED: missing '+name)
2026-09-29T14:34:06.2983576Z AssertionError: False is not true : expected wiring RED: missing engine
2026-09-29T14:34:06.2983860Z 
2026-09-29T14:34:06.2983983Z ======================================================================
2026-09-29T14:34:06.2984413Z FAIL: test_inexact_scalar_rejected (__main__.Tests.test_inexact_scalar_rejected)
2026-09-29T14:34:06.2984864Z ----------------------------------------------------------------------
2026-09-29T14:34:06.2985198Z Traceback (most recent call last):
2026-09-29T14:34:06.2985901Z   File "/home/runner/work/WetLabEngine/WetLabEngine/ResearchHistory/UQCF-GEM/demos/v16.24-consistency-order/test_gate.py", line 61, in test_inexact_scalar_rejected
2026-09-29T14:34:06.2986573Z     e,_=self.modules()
2026-09-29T14:34:06.2986790Z         ^^^^^^^^^^^^^^
2026-09-29T14:34:06.2987363Z   File "/home/runner/work/WetLabEngine/WetLabEngine/ResearchHistory/UQCF-GEM/demos/v16.24-consistency-order/test_gate.py", line 13, in modules
2026-09-29T14:34:06.2988105Z     self.assertTrue((HERE/(name+'.py')).is_file(),'expected wiring RED: missing '+name)
2026-09-29T14:34:06.2988608Z AssertionError: False is not true : expected wiring RED: missing engine
2026-09-29T14:34:06.2988882Z 
2026-09-29T14:34:06.2989005Z ======================================================================
2026-09-29T14:34:06.2989611Z FAIL: test_invalid_parent_types_cycles (__main__.Tests.test_invalid_parent_types_cycles)
2026-09-29T14:34:06.2990086Z ----------------------------------------------------------------------
2026-09-29T14:34:06.2990418Z Traceback (most recent call last):
2026-09-29T14:34:06.2991141Z   File "/home/runner/work/WetLabEngine/WetLabEngine/ResearchHistory/UQCF-GEM/demos/v16.24-consistency-order/test_gate.py", line 51, in test_invalid_parent_types_cycles
2026-09-29T14:34:06.2991837Z     e,v=self.modules()
2026-09-29T14:34:06.2992050Z         ^^^^^^^^^^^^^^
2026-09-29T14:34:06.2992609Z   File "/home/runner/work/WetLabEngine/WetLabEngine/ResearchHistory/UQCF-GEM/demos/v16.24-consistency-order/test_gate.py", line 13, in modules
2026-09-29T14:34:06.2993486Z     self.assertTrue((HERE/(name+'.py')).is_file(),'expected wiring RED: missing '+name)
2026-09-29T14:34:06.2993985Z AssertionError: False is not true : expected wiring RED: missing engine
2026-09-29T14:34:06.2994272Z 
2026-09-29T14:34:06.2994388Z ======================================================================
2026-09-29T14:34:06.2994800Z FAIL: test_invalid_view_and_union (__main__.Tests.test_invalid_view_and_union)
2026-09-29T14:34:06.2995230Z ----------------------------------------------------------------------
2026-09-29T14:34:06.2995552Z Traceback (most recent call last):
2026-09-29T14:34:06.2996237Z   File "/home/runner/work/WetLabEngine/WetLabEngine/ResearchHistory/UQCF-GEM/demos/v16.24-consistency-order/test_gate.py", line 56, in test_invalid_view_and_union
2026-09-29T14:34:06.2997027Z     e,_=self.modules()
2026-09-29T14:34:06.2997239Z         ^^^^^^^^^^^^^^
2026-09-29T14:34:06.2997811Z   File "/home/runner/work/WetLabEngine/WetLabEngine/ResearchHistory/UQCF-GEM/demos/v16.24-consistency-order/test_gate.py", line 13, in modules
2026-09-29T14:34:06.2998514Z     self.assertTrue((HERE/(name+'.py')).is_file(),'expected wiring RED: missing '+name)
2026-09-29T14:34:06.2999001Z AssertionError: False is not true : expected wiring RED: missing engine
2026-09-29T14:34:06.2999387Z 
2026-09-29T14:34:06.2999509Z ======================================================================
2026-09-29T14:34:06.2999957Z FAIL: test_linear_but_nonnatural_control (__main__.Tests.test_linear_but_nonnatural_control)
2026-09-29T14:34:06.3000429Z ----------------------------------------------------------------------
2026-09-29T14:34:06.3000751Z Traceback (most recent call last):
2026-09-29T14:34:06.3001465Z   File "/home/runner/work/WetLabEngine/WetLabEngine/ResearchHistory/UQCF-GEM/demos/v16.24-consistency-order/test_gate.py", line 87, in test_linear_but_nonnatural_control
2026-09-29T14:34:06.3002311Z     _,v=self.modules();s=v.sp;P=s.Matrix([[1,1,1]]);I=s.Matrix([0,1,0]);A=s.Matrix([[1,0,0],[0,0,1],[0,1,0]])
2026-09-29T14:34:06.3002722Z         ^^^^^^^^^^^^^^
2026-09-29T14:34:06.3003278Z   File "/home/runner/work/WetLabEngine/WetLabEngine/ResearchHistory/UQCF-GEM/demos/v16.24-consistency-order/test_gate.py", line 13, in modules
2026-09-29T14:34:06.3003988Z     self.assertTrue((HERE/(name+'.py')).is_file(),'expected wiring RED: missing '+name)
2026-09-29T14:34:06.3004472Z AssertionError: False is not true : expected wiring RED: missing engine
2026-09-29T14:34:06.3004739Z 
2026-09-29T14:34:06.3004858Z ======================================================================
2026-09-29T14:34:06.3005295Z FAIL: test_metadata_boolean_not_integer (__main__.Tests.test_metadata_boolean_not_integer)
2026-09-29T14:34:06.3005765Z ----------------------------------------------------------------------
2026-09-29T14:34:06.3006103Z Traceback (most recent call last):
2026-09-29T14:34:06.3006803Z   File "/home/runner/work/WetLabEngine/WetLabEngine/ResearchHistory/UQCF-GEM/demos/v16.24-consistency-order/test_gate.py", line 85, in test_metadata_boolean_not_integer
2026-09-29T14:34:06.3007701Z     def test_metadata_boolean_not_integer(self):self.reject('boolean-threshold',lambda d:d.__setitem__('h',True))
2026-09-29T14:34:06.3008260Z                                                 ^^^^^^^^^^^^^^^^^^^^^^^^^^^^^^^^^^^^^^^^^^^^^^^^^^^^^^^^^^^^^^^^^
2026-09-29T14:34:06.3008933Z   File "/home/runner/work/WetLabEngine/WetLabEngine/ResearchHistory/UQCF-GEM/demos/v16.24-consistency-order/test_gate.py", line 18, in reject
2026-09-29T14:34:06.3009662Z     _,v=self.modules();d=self.fixture();mutate(d)
2026-09-29T14:34:06.3009953Z         ^^^^^^^^^^^^^^
2026-09-29T14:34:06.3010520Z   File "/home/runner/work/WetLabEngine/WetLabEngine/ResearchHistory/UQCF-GEM/demos/v16.24-consistency-order/test_gate.py", line 13, in modules
2026-09-29T14:34:06.3011251Z     self.assertTrue((HERE/(name+'.py')).is_file(),'expected wiring RED: missing '+name)
2026-09-29T14:34:06.3011728Z AssertionError: False is not true : expected wiring RED: missing engine
2026-09-29T14:34:06.3012143Z 
2026-09-29T14:34:06.3012266Z ======================================================================
2026-09-29T14:34:06.3012672Z FAIL: test_missing_cover_rejected (__main__.Tests.test_missing_cover_rejected)
2026-09-29T14:34:06.3013099Z ----------------------------------------------------------------------
2026-09-29T14:34:06.3013419Z Traceback (most recent call last):
2026-09-29T14:34:06.3014107Z   File "/home/runner/work/WetLabEngine/WetLabEngine/ResearchHistory/UQCF-GEM/demos/v16.24-consistency-order/test_gate.py", line 92, in test_missing_cover_rejected
2026-09-29T14:34:06.3014867Z     e,v=self.modules();doc=e.produce(3);doc['instances'][0]['cases'].pop()
2026-09-29T14:34:06.3015214Z         ^^^^^^^^^^^^^^
2026-09-29T14:34:06.3015899Z   File "/home/runner/work/WetLabEngine/WetLabEngine/ResearchHistory/UQCF-GEM/demos/v16.24-consistency-order/test_gate.py", line 13, in modules
2026-09-29T14:34:06.3016600Z     self.assertTrue((HERE/(name+'.py')).is_file(),'expected wiring RED: missing '+name)
2026-09-29T14:34:06.3017090Z AssertionError: False is not true : expected wiring RED: missing engine
2026-09-29T14:34:06.3017361Z 
2026-09-29T14:34:06.3017469Z ======================================================================
2026-09-29T14:34:06.3017870Z FAIL: test_missing_required_field (__main__.Tests.test_missing_required_field)
2026-09-29T14:34:06.3018291Z ----------------------------------------------------------------------
2026-09-29T14:34:06.3018612Z Traceback (most recent call last):
2026-09-29T14:34:06.3019500Z   File "/home/runner/work/WetLabEngine/WetLabEngine/ResearchHistory/UQCF-GEM/demos/v16.24-consistency-order/test_gate.py", line 84, in test_missing_required_field
2026-09-29T14:34:06.3020446Z     def test_missing_required_field(self):self.reject('missing-child-ledger',lambda d:d.pop('child_covers'))
2026-09-29T14:34:06.3020997Z                                           ^^^^^^^^^^^^^^^^^^^^^^^^^^^^^^^^^^^^^^^^^^^^^^^^^^^^^^^^^^^^^^^^^^
2026-09-29T14:34:06.3021708Z   File "/home/runner/work/WetLabEngine/WetLabEngine/ResearchHistory/UQCF-GEM/demos/v16.24-consistency-order/test_gate.py", line 18, in reject
2026-09-29T14:34:06.3022326Z     _,v=self.modules();d=self.fixture();mutate(d)
2026-09-29T14:34:06.3022607Z         ^^^^^^^^^^^^^^
2026-09-29T14:34:06.3023161Z   File "/home/runner/work/WetLabEngine/WetLabEngine/ResearchHistory/UQCF-GEM/demos/v16.24-consistency-order/test_gate.py", line 13, in modules
2026-09-29T14:34:06.3023860Z     self.assertTrue((HERE/(name+'.py')).is_file(),'expected wiring RED: missing '+name)
2026-09-29T14:34:06.3024348Z AssertionError: False is not true : expected wiring RED: missing engine
2026-09-29T14:34:06.3024615Z 
2026-09-29T14:34:06.3024730Z ======================================================================
2026-09-29T14:34:06.3025083Z FAIL: test_missing_sample (__main__.Tests.test_missing_sample)
2026-09-29T14:34:06.3025462Z ----------------------------------------------------------------------
2026-09-29T14:34:06.3025784Z Traceback (most recent call last):
2026-09-29T14:34:06.3026438Z   File "/home/runner/work/WetLabEngine/WetLabEngine/ResearchHistory/UQCF-GEM/demos/v16.24-consistency-order/test_gate.py", line 78, in test_missing_sample
2026-09-29T14:34:06.3027229Z     def test_missing_sample(self):self.reject('missing-sample',lambda d:d['samples'].pop())
2026-09-29T14:34:06.3027701Z                                   ^^^^^^^^^^^^^^^^^^^^^^^^^^^^^^^^^^^^^^^^^^^^^^^^^^^^^^^^^
2026-09-29T14:34:06.3028346Z   File "/home/runner/work/WetLabEngine/WetLabEngine/ResearchHistory/UQCF-GEM/demos/v16.24-consistency-order/test_gate.py", line 18, in reject
2026-09-29T14:34:06.3028959Z     _,v=self.modules();d=self.fixture();mutate(d)
2026-09-29T14:34:06.3029341Z         ^^^^^^^^^^^^^^
2026-09-29T14:34:06.3029903Z   File "/home/runner/work/WetLabEngine/WetLabEngine/ResearchHistory/UQCF-GEM/demos/v16.24-consistency-order/test_gate.py", line 13, in modules
2026-09-29T14:34:06.3030616Z     self.assertTrue((HERE/(name+'.py')).is_file(),'expected wiring RED: missing '+name)
2026-09-29T14:34:06.3031281Z AssertionError: False is not true : expected wiring RED: missing engine
2026-09-29T14:34:06.3031568Z 
2026-09-29T14:34:06.3031686Z ======================================================================
2026-09-29T14:34:06.3032162Z FAIL: test_order_is_worst_case_not_every_input (__main__.Tests.test_order_is_worst_case_not_every_input)
2026-09-29T14:34:06.3032660Z ----------------------------------------------------------------------
2026-09-29T14:34:06.3032980Z Traceback (most recent call last):
2026-09-29T14:34:06.3033721Z   File "/home/runner/work/WetLabEngine/WetLabEngine/ResearchHistory/UQCF-GEM/demos/v16.24-consistency-order/test_gate.py", line 46, in test_order_is_worst_case_not_every_input
2026-09-29T14:34:06.3034585Z     e,_=self.modules();d=self.fixture()
2026-09-29T14:34:06.3034834Z         ^^^^^^^^^^^^^^
2026-09-29T14:34:06.3035395Z   File "/home/runner/work/WetLabEngine/WetLabEngine/ResearchHistory/UQCF-GEM/demos/v16.24-consistency-order/test_gate.py", line 13, in modules
2026-09-29T14:34:06.3036111Z     self.assertTrue((HERE/(name+'.py')).is_file(),'expected wiring RED: missing '+name)
2026-09-29T14:34:06.3036586Z AssertionError: False is not true : expected wiring RED: missing engine
2026-09-29T14:34:06.3036910Z 
2026-09-29T14:34:06.3037020Z ======================================================================
2026-09-29T14:34:06.3037382Z FAIL: test_root_and_path (__main__.Tests.test_root_and_path)
2026-09-29T14:34:06.3037747Z ----------------------------------------------------------------------
2026-09-29T14:34:06.3038068Z Traceback (most recent call last):
2026-09-29T14:34:06.3038720Z   File "/home/runner/work/WetLabEngine/WetLabEngine/ResearchHistory/UQCF-GEM/demos/v16.24-consistency-order/test_gate.py", line 22, in test_root_and_path
2026-09-29T14:34:06.3039562Z     e,v=self.modules()
2026-09-29T14:34:06.3039770Z         ^^^^^^^^^^^^^^
2026-09-29T14:34:06.3040336Z   File "/home/runner/work/WetLabEngine/WetLabEngine/ResearchHistory/UQCF-GEM/demos/v16.24-consistency-order/test_gate.py", line 13, in modules
2026-09-29T14:34:06.3041058Z     self.assertTrue((HERE/(name+'.py')).is_file(),'expected wiring RED: missing '+name)
2026-09-29T14:34:06.3041563Z AssertionError: False is not true : expected wiring RED: missing engine
2026-09-29T14:34:06.3041842Z 
2026-09-29T14:34:06.3041968Z ======================================================================
2026-09-29T14:34:06.3042456Z FAIL: test_two_and_three_view_parent_witnesses (__main__.Tests.test_two_and_three_view_parent_witnesses)
2026-09-29T14:34:06.3042966Z ----------------------------------------------------------------------
2026-09-29T14:34:06.3043298Z Traceback (most recent call last):
2026-09-29T14:34:06.3044042Z   File "/home/runner/work/WetLabEngine/WetLabEngine/ResearchHistory/UQCF-GEM/demos/v16.24-consistency-order/test_gate.py", line 26, in test_two_and_three_view_parent_witnesses
2026-09-29T14:34:06.3044739Z     e,v=self.modules()
2026-09-29T14:34:06.3044954Z         ^^^^^^^^^^^^^^
2026-09-29T14:34:06.3045522Z   File "/home/runner/work/WetLabEngine/WetLabEngine/ResearchHistory/UQCF-GEM/demos/v16.24-consistency-order/test_gate.py", line 13, in modules
2026-09-29T14:34:06.3046256Z     self.assertTrue((HERE/(name+'.py')).is_file(),'expected wiring RED: missing '+name)
2026-09-29T14:34:06.3046748Z AssertionError: False is not true : expected wiring RED: missing engine
2026-09-29T14:34:06.3066635Z 
2026-09-29T14:34:06.3066786Z ======================================================================
2026-09-29T14:34:06.3067288Z FAIL: test_valid_dual_and_rescaling (__main__.Tests.test_valid_dual_and_rescaling)
2026-09-29T14:34:06.3067766Z ----------------------------------------------------------------------
2026-09-29T14:34:06.3068134Z Traceback (most recent call last):
2026-09-29T14:34:06.3068935Z   File "/home/runner/work/WetLabEngine/WetLabEngine/ResearchHistory/UQCF-GEM/demos/v16.24-consistency-order/test_gate.py", line 69, in test_valid_dual_and_rescaling
2026-09-29T14:34:06.3070041Z     _,v=self.modules();d=self.fixture();w=d['witness']
2026-09-29T14:34:06.3070351Z         ^^^^^^^^^^^^^^
2026-09-29T14:34:06.3070976Z   File "/home/runner/work/WetLabEngine/WetLabEngine/ResearchHistory/UQCF-GEM/demos/v16.24-consistency-order/test_gate.py", line 13, in modules
2026-09-29T14:34:06.3071732Z     self.assertTrue((HERE/(name+'.py')).is_file(),'expected wiring RED: missing '+name)
2026-09-29T14:34:06.3072246Z AssertionError: False is not true : expected wiring RED: missing engine
2026-09-29T14:34:06.3072526Z 
2026-09-29T14:34:06.3072688Z ----------------------------------------------------------------------
2026-09-29T14:34:06.3073025Z Ran 28 tests in 0.005s
2026-09-29T14:34:06.3073166Z 
2026-09-29T14:34:06.3073255Z FAILED (failures=28)
2026-09-29T14:34:06.3083038Z ##[error]Process completed with exit code 1.
2026-09-29T14:34:06.3137227Z ##[group]Run mkdir -p "$P/evidence"
2026-09-29T14:34:06.3137582Z [36;1mmkdir -p "$P/evidence"[0m
2026-09-29T14:34:06.3137851Z [36;1mpython - <<'PY'[0m
2026-09-29T14:34:06.3138175Z [36;1mimport pathlib,os,subprocess,json,hashlib,zipfile[0m
2026-09-29T14:34:06.3138594Z [36;1mp=pathlib.Path(os.environ['P']);out=p/'evidence'[0m
2026-09-29T14:34:06.3139120Z [36;1mdata={k:os.environ.get(k) for k in ['GITHUB_SHA','GITHUB_RUN_ID','GITHUB_RUN_ATTEMPT','GITHUB_JOB']}[0m
2026-09-29T14:34:06.3139918Z [36;1mdata['python']=subprocess.check_output(['python','--version'],text=True).strip()[0m
2026-09-29T14:34:06.3140548Z [36;1mdata['dependencies']=subprocess.check_output(['python','-m','pip','freeze'],text=True).splitlines()[0m
2026-09-29T14:34:06.3141130Z [36;1m(out/'EXECUTION.json').write_text(json.dumps(data,indent=2)+'\n')[0m
2026-09-29T14:34:06.3141875Z [36;1mtracked=subprocess.check_output(['git','ls-files',str(p),'.github/workflows/uqcf-v1624-consistency-order.yml'],text=True).splitlines()[0m
2026-09-29T14:34:06.3142595Z [36;1mwith zipfile.ZipFile(out/'source.zip','w',zipfile.ZIP_DEFLATED) as z:[0m
2026-09-29T14:34:06.3143021Z [36;1m  for name in tracked:z.write(name,name)[0m
2026-09-29T14:34:06.3143454Z [36;1mfiles=sorted(x for x in out.iterdir() if x.is_file() and x.name!='SHA256SUMS')[0m
2026-09-29T14:34:06.3144105Z [36;1m(out/'SHA256SUMS').write_text(''.join(hashlib.sha256(x.read_bytes()).hexdigest()+'  '+x.name+'\n' for x in files))[0m
2026-09-29T14:34:06.3144614Z [36;1mPY[0m
2026-09-29T14:34:06.3216884Z shell: /usr/bin/bash -e {0}
2026-09-29T14:34:06.3217148Z env:
2026-09-29T14:34:06.3217436Z   P: ResearchHistory/UQCF-GEM/demos/v16.24-consistency-order
2026-09-29T14:34:06.3217851Z   pythonLocation: /opt/hostedtoolcache/Python/3.11.16/x64
2026-09-29T14:34:06.3218271Z   PKG_CONFIG_PATH: /opt/hostedtoolcache/Python/3.11.16/x64/lib/pkgconfig
2026-09-29T14:34:06.3218693Z   Python_ROOT_DIR: /opt/hostedtoolcache/Python/3.11.16/x64
2026-09-29T14:34:06.3219100Z   Python2_ROOT_DIR: /opt/hostedtoolcache/Python/3.11.16/x64
2026-09-29T14:34:06.3219611Z   Python3_ROOT_DIR: /opt/hostedtoolcache/Python/3.11.16/x64
2026-09-29T14:34:06.3219999Z   LD_LIBRARY_PATH: /opt/hostedtoolcache/Python/3.11.16/x64/lib
2026-09-29T14:34:06.3220326Z ##[endgroup]
2026-09-29T14:34:06.6622611Z ##[group]Run actions/upload-artifact@ea165f8d65b6e75b540449e92b4886f43607fa02
2026-09-29T14:34:06.6623029Z with:
2026-09-29T14:34:06.6623293Z   name: v1624-1335532db55062af83fbe2bfd875c18eecb7d490
2026-09-29T14:34:06.6623719Z   path: ResearchHistory/UQCF-GEM/demos/v16.24-consistency-order/evidence
2026-09-29T14:34:06.6624106Z   if-no-files-found: error
2026-09-29T14:34:06.6624364Z   compression-level: 6
2026-09-29T14:34:06.6624590Z   overwrite: false
2026-09-29T14:34:06.6624820Z   include-hidden-files: false
2026-09-29T14:34:06.6625077Z env:
2026-09-29T14:34:06.6625342Z   P: ResearchHistory/UQCF-GEM/demos/v16.24-consistency-order
2026-09-29T14:34:06.6625739Z   pythonLocation: /opt/hostedtoolcache/Python/3.11.16/x64
2026-09-29T14:34:06.6626185Z   PKG_CONFIG_PATH: /opt/hostedtoolcache/Python/3.11.16/x64/lib/pkgconfig
2026-09-29T14:34:06.6626603Z   Python_ROOT_DIR: /opt/hostedtoolcache/Python/3.11.16/x64
2026-09-29T14:34:06.6627016Z   Python2_ROOT_DIR: /opt/hostedtoolcache/Python/3.11.16/x64
2026-09-29T14:34:06.6627411Z   Python3_ROOT_DIR: /opt/hostedtoolcache/Python/3.11.16/x64
2026-09-29T14:34:06.6627790Z   LD_LIBRARY_PATH: /opt/hostedtoolcache/Python/3.11.16/x64/lib
2026-09-29T14:34:06.6628123Z ##[endgroup]
2026-09-29T14:34:06.8364443Z (node:2297) [DEP0040] DeprecationWarning: The `punycode` module is deprecated. Please use a userland alternative instead.
2026-09-29T14:34:06.8365803Z (Use `node --trace-deprecation ...` to show where the warning was created)
2026-09-29T14:34:06.8490884Z With the provided path, there will be 6 files uploaded
2026-09-29T14:34:06.8510730Z Artifact name is valid!
2026-09-29T14:34:06.8511348Z Root directory input is valid!
2026-09-29T14:34:07.1435511Z Beginning upload of artifact content to blob storage
2026-09-29T14:34:07.1693060Z (node:2297) [DEP0169] DeprecationWarning: `url.parse()` behavior is not standardized and prone to errors that have security implications. Use the WHATWG URL API instead. CVEs are not issued for `url.parse()` vulnerabilities.
2026-09-29T14:34:07.3281850Z Uploaded bytes 13771
2026-09-29T14:34:07.3676911Z Finished uploading artifact content to blob storage!
2026-09-29T14:34:07.3678156Z SHA256 digest of uploaded artifact zip is 0dd183b6cba84cfbdd6f78de037f82df749db77788c7dc8108c600bd163ed78b
2026-09-29T14:34:07.3679587Z Finalizing artifact upload
2026-09-29T14:34:07.5942736Z Artifact v1624-1335532db55062af83fbe2bfd875c18eecb7d490.zip successfully finalized. Artifact ID 11040492589
2026-09-29T14:34:07.5944023Z Artifact v1624-1335532db55062af83fbe2bfd875c18eecb7d490 has been successfully uploaded! Final size is 13771 bytes. Artifact ID is 11040492589
2026-09-29T14:34:07.5949824Z Artifact download URL: https://github.com/proteinfoldingengine/WetLabEngine/actions/runs/36583580004/artifacts/11040492589
2026-09-29T14:34:07.6427915Z Post job cleanup.
2026-09-29T14:34:07.7361472Z [command]/usr/bin/git version
2026-09-29T14:34:07.7408506Z git version 2.55.0
2026-09-29T14:34:07.7449982Z Temporarily overriding HOME='/home/runner/work/_temp/abdb6643-f2e9-49ef-91ae-5324d158778a' before making global git config changes
2026-09-29T14:34:07.7451156Z Adding repository directory to the temporary git global config as a safe directory
2026-09-29T14:34:07.7456076Z [command]/usr/bin/git config --global --add safe.directory /home/runner/work/WetLabEngine/WetLabEngine
2026-09-29T14:34:07.8330035Z [command]/usr/bin/git config --local --name-only --get-regexp core\.sshCommand
2026-09-29T14:34:07.8388278Z [command]/usr/bin/git submodule foreach --recursive sh -c "git config --local --name-only --get-regexp 'core\.sshCommand' && git config --local --unset-all 'core.sshCommand' || :"
2026-09-29T14:34:07.8684220Z [command]/usr/bin/git config --local --name-only --get-regexp http\.https\:\/\/github\.com\/\.extraheader
2026-09-29T14:34:07.9860384Z http.https://github.com/.extraheader
2026-09-29T14:34:07.9874650Z [command]/usr/bin/git config --local --unset-all http.https://github.com/.extraheader
2026-09-29T14:34:08.0347831Z [command]/usr/bin/git submodule foreach --recursive sh -c "git config --local --name-only --get-regexp 'http\.https\:\/\/github\.com\/\.extraheader' && git config --local --unset-all 'http.https://github.com/.extraheader' || :"
2026-09-29T14:34:08.0614412Z [command]/usr/bin/git config --local --name-only --get-regexp ^includeIf\.gitdir:
2026-09-29T14:34:08.0652422Z [command]/usr/bin/git submodule foreach --recursive git config --local --show-origin --name-only --get-regexp remote.origin.url
2026-09-29T14:34:08.1085460Z Cleaning up orphan processes
2026-09-29T14:34:08.1456735Z ##[warning]Node.js 20 is deprecated. The following actions target Node.js 20 but are being forced to run on Node.js 24: actions/checkout@11d5960a326750d5838078e36cf38b85af677262, actions/setup-python@a26af69be951a213d495a4c3e4e4022e16d87065, actions/upload-artifact@ea165f8d65b6e75b540449e92b4886f43607fa02. For more information see: https://github.blog/changelog/2025-09-19-deprecation-of-node-20-on-github-actions-runners/
