2026-09-28T22:49:09.6187603Z Current runner version: '2.337.0'
2026-09-28T22:49:09.6209725Z ##[group]Runner Image Provisioner
2026-09-28T22:49:09.6210505Z Hosted Compute Agent
2026-09-28T22:49:09.6211010Z Version: 20260828.587
2026-09-28T22:49:09.6211531Z Commit: abac92662cab4cc7352de4f9f9d2e2419aad9c29
2026-09-28T22:49:09.6212206Z Build Date: 2026-08-28T16:44:25Z
2026-09-28T22:49:09.6212820Z Worker ID: {4f3cce40-52bc-4eab-a8e5-1e33fe5913c6}
2026-09-28T22:49:09.6213657Z Azure Region: westus3
2026-09-28T22:49:09.6214148Z ##[endgroup]
2026-09-28T22:49:09.6215340Z ##[group]Operating System
2026-09-28T22:49:09.6215899Z Ubuntu
2026-09-28T22:49:09.6216365Z 24.04.5
2026-09-28T22:49:09.6216774Z LTS
2026-09-28T22:49:09.6217262Z ##[endgroup]
2026-09-28T22:49:09.6217746Z ##[group]Runner Image
2026-09-28T22:49:09.6218354Z Image: ubuntu-24.04
2026-09-28T22:49:09.6218848Z Version: 20260920.314.1
2026-09-28T22:49:09.6219910Z Included Software: https://github.com/actions/runner-images/blob/ubuntu24/20260920.314/images/ubuntu/Ubuntu2404-Readme.md
2026-09-28T22:49:09.6221176Z Image Release: https://github.com/actions/runner-images/releases/tag/ubuntu24%2F20260920.314
2026-09-28T22:49:09.6222327Z ##[endgroup]
2026-09-28T22:49:09.6223324Z ##[group]GITHUB_TOKEN Permissions
2026-09-28T22:49:09.6225140Z Contents: read
2026-09-28T22:49:09.6225629Z Metadata: read
2026-09-28T22:49:09.6226078Z ##[endgroup]
2026-09-28T22:49:09.6227861Z Secret source: Actions
2026-09-28T22:49:09.6228615Z Cache mode: write
2026-09-28T22:49:09.6229264Z Prepare workflow directory
2026-09-28T22:49:09.6497792Z Prepare all required actions
2026-09-28T22:49:09.6539609Z Getting action download info
2026-09-28T22:49:09.9520153Z Download action repository 'actions/checkout@11d5960a326750d5838078e36cf38b85af677262' (SHA:11d5960a326750d5838078e36cf38b85af677262)
2026-09-28T22:49:10.3780957Z Download action repository 'actions/setup-python@a26af69be951a213d495a4c3e4e4022e16d87065' (SHA:a26af69be951a213d495a4c3e4e4022e16d87065)
2026-09-28T22:49:10.5513620Z Download action repository 'actions/upload-artifact@v4' (SHA:ea165f8d65b6e75b540449e92b4886f43607fa02)
2026-09-28T22:49:10.8493898Z Complete job name: audit
2026-09-28T22:49:10.9112673Z ##[group]Run actions/checkout@11d5960a326750d5838078e36cf38b85af677262
2026-09-28T22:49:10.9113767Z with:
2026-09-28T22:49:10.9114206Z   repository: proteinfoldingengine/WetLabEngine
2026-09-28T22:49:10.9117596Z   token: ***
2026-09-28T22:49:10.9117960Z   ssh-strict: true
2026-09-28T22:49:10.9118311Z   ssh-user: git
2026-09-28T22:49:10.9118673Z   persist-credentials: true
2026-09-28T22:49:10.9119063Z   clean: true
2026-09-28T22:49:10.9119421Z   sparse-checkout-cone-mode: true
2026-09-28T22:49:10.9119835Z   fetch-depth: 1
2026-09-28T22:49:10.9120186Z   fetch-tags: false
2026-09-28T22:49:10.9120547Z   show-progress: true
2026-09-28T22:49:10.9120900Z   lfs: false
2026-09-28T22:49:10.9121240Z   submodules: false
2026-09-28T22:49:10.9121661Z   set-safe-directory: true
2026-09-28T22:49:10.9122080Z   allow-unsafe-pr-checkout: false
2026-09-28T22:49:10.9122664Z ##[endgroup]
2026-09-28T22:49:10.9918086Z Syncing repository: proteinfoldingengine/WetLabEngine
2026-09-28T22:49:10.9920389Z ##[group]Getting Git version info
2026-09-28T22:49:10.9921390Z Working directory is '/home/runner/work/WetLabEngine/WetLabEngine'
2026-09-28T22:49:10.9922659Z [command]/usr/bin/git version
2026-09-28T22:49:11.0272278Z git version 2.55.0
2026-09-28T22:49:11.0288415Z ##[endgroup]
2026-09-28T22:49:11.0302280Z Temporarily overriding HOME='/home/runner/work/_temp/7b99f82e-3b24-41a1-beb4-2d95f4c78d59' before making global git config changes
2026-09-28T22:49:11.0304153Z Adding repository directory to the temporary git global config as a safe directory
2026-09-28T22:49:11.0307200Z [command]/usr/bin/git config --global --add safe.directory /home/runner/work/WetLabEngine/WetLabEngine
2026-09-28T22:49:11.0353567Z Deleting the contents of '/home/runner/work/WetLabEngine/WetLabEngine'
2026-09-28T22:49:11.0356958Z ##[group]Initializing the repository
2026-09-28T22:49:11.0371347Z [command]/usr/bin/git init /home/runner/work/WetLabEngine/WetLabEngine
2026-09-28T22:49:11.0469581Z hint: Using 'master' as the name for the initial branch. This default branch name
2026-09-28T22:49:11.0471181Z hint: will change to "main" in Git 3.0. To configure the initial branch name
2026-09-28T22:49:11.0474803Z hint: to use in all of your new repositories, which will suppress this warning,
2026-09-28T22:49:11.0475928Z hint: call:
2026-09-28T22:49:11.0476938Z hint:
2026-09-28T22:49:11.0477759Z hint: 	git config --global init.defaultBranch <name>
2026-09-28T22:49:11.0479544Z hint:
2026-09-28T22:49:11.0480445Z hint: Names commonly chosen instead of 'master' are 'main', 'trunk' and
2026-09-28T22:49:11.0481760Z hint: 'development'. The just-created branch can be renamed via this command:
2026-09-28T22:49:11.0482853Z hint:
2026-09-28T22:49:11.0483656Z hint: 	git branch -m <name>
2026-09-28T22:49:11.0484402Z hint:
2026-09-28T22:49:11.0485432Z hint: Disable this message with "git config set advice.defaultBranchName false"
2026-09-28T22:49:11.0487274Z Initialized empty Git repository in /home/runner/work/WetLabEngine/WetLabEngine/.git/
2026-09-28T22:49:11.0490130Z [command]/usr/bin/git remote add origin https://github.com/proteinfoldingengine/WetLabEngine
2026-09-28T22:49:11.0528457Z ##[endgroup]
2026-09-28T22:49:11.0529418Z ##[group]Disabling automatic garbage collection
2026-09-28T22:49:11.0532206Z [command]/usr/bin/git config --local gc.auto 0
2026-09-28T22:49:11.0564696Z ##[endgroup]
2026-09-28T22:49:11.0565608Z ##[group]Setting up auth
2026-09-28T22:49:11.0570707Z [command]/usr/bin/git config --local --name-only --get-regexp core\.sshCommand
2026-09-28T22:49:11.0602203Z [command]/usr/bin/git submodule foreach --recursive sh -c "git config --local --name-only --get-regexp 'core\.sshCommand' && git config --local --unset-all 'core.sshCommand' || :"
2026-09-28T22:49:11.1103975Z [command]/usr/bin/git config --local --name-only --get-regexp http\.https\:\/\/github\.com\/\.extraheader
2026-09-28T22:49:11.1136941Z [command]/usr/bin/git submodule foreach --recursive sh -c "git config --local --name-only --get-regexp 'http\.https\:\/\/github\.com\/\.extraheader' && git config --local --unset-all 'http.https://github.com/.extraheader' || :"
2026-09-28T22:49:11.1326484Z [command]/usr/bin/git config --local --name-only --get-regexp ^includeIf\.gitdir:
2026-09-28T22:49:11.1357082Z [command]/usr/bin/git submodule foreach --recursive git config --local --show-origin --name-only --get-regexp remote.origin.url
2026-09-28T22:49:11.1548477Z [command]/usr/bin/git config --local http.https://github.com/.extraheader AUTHORIZATION: basic ***
2026-09-28T22:49:11.1584671Z ##[endgroup]
2026-09-28T22:49:11.1585589Z ##[group]Fetching the repository
2026-09-28T22:49:11.1592992Z [command]/usr/bin/git -c protocol.version=2 fetch --no-tags --prune --no-recurse-submodules --depth=1 origin +2122ebd4972223d66504520003e5e4ae7f8453e5:refs/remotes/origin/research/v16.11-coherence-family
2026-09-28T22:49:24.0880264Z From https://github.com/proteinfoldingengine/WetLabEngine
2026-09-28T22:49:24.0881050Z  * [new ref]         2122ebd4972223d66504520003e5e4ae7f8453e5 -> origin/research/v16.11-coherence-family
2026-09-28T22:49:24.0883789Z ##[endgroup]
2026-09-28T22:49:24.0884472Z ##[group]Determining the checkout info
2026-09-28T22:49:24.0886002Z ##[endgroup]
2026-09-28T22:49:24.0891256Z [command]/usr/bin/git sparse-checkout disable
2026-09-28T22:49:24.0939379Z [command]/usr/bin/git config --local --unset-all extensions.worktreeConfig
2026-09-28T22:49:24.0967015Z ##[group]Checking out the ref
2026-09-28T22:49:24.0970420Z [command]/usr/bin/git checkout --progress --force -B research/v16.11-coherence-family refs/remotes/origin/research/v16.11-coherence-family
2026-09-28T22:49:25.2112225Z Updating files:  62% (2874/4604)
2026-09-28T22:49:25.3622469Z Updating files:  63% (2901/4604)
2026-09-28T22:49:25.3637437Z Updating files:  64% (2947/4604)
2026-09-28T22:49:25.4396519Z Updating files:  65% (2993/4604)
2026-09-28T22:49:25.5617961Z Updating files:  66% (3039/4604)
2026-09-28T22:49:25.5980173Z Updating files:  67% (3085/4604)
2026-09-28T22:49:25.6462738Z Updating files:  68% (3131/4604)
2026-09-28T22:49:25.6877783Z Updating files:  69% (3177/4604)
2026-09-28T22:49:25.6973393Z Updating files:  70% (3223/4604)
2026-09-28T22:49:25.7000829Z Updating files:  71% (3269/4604)
2026-09-28T22:49:25.7041204Z Updating files:  72% (3315/4604)
2026-09-28T22:49:25.7441623Z Updating files:  73% (3361/4604)
2026-09-28T22:49:25.7460651Z Updating files:  74% (3407/4604)
2026-09-28T22:49:25.7484300Z Updating files:  75% (3453/4604)
2026-09-28T22:49:25.7505778Z Updating files:  76% (3500/4604)
2026-09-28T22:49:25.7528511Z Updating files:  77% (3546/4604)
2026-09-28T22:49:25.7550656Z Updating files:  78% (3592/4604)
2026-09-28T22:49:25.7572199Z Updating files:  79% (3638/4604)
2026-09-28T22:49:25.7597009Z Updating files:  80% (3684/4604)
2026-09-28T22:49:25.7615288Z Updating files:  81% (3730/4604)
2026-09-28T22:49:25.7629582Z Updating files:  82% (3776/4604)
2026-09-28T22:49:25.7758498Z Updating files:  83% (3822/4604)
2026-09-28T22:49:25.8318713Z Updating files:  84% (3868/4604)
2026-09-28T22:49:26.0894976Z Updating files:  85% (3914/4604)
2026-09-28T22:49:26.0941932Z Updating files:  86% (3960/4604)
2026-09-28T22:49:26.1047905Z Updating files:  87% (4006/4604)
2026-09-28T22:49:26.1163718Z Updating files:  87% (4020/4604)
2026-09-28T22:49:26.1334921Z Updating files:  88% (4052/4604)
2026-09-28T22:49:26.1450900Z Updating files:  89% (4098/4604)
2026-09-28T22:49:26.1654971Z Updating files:  90% (4144/4604)
2026-09-28T22:49:26.2024653Z Updating files:  91% (4190/4604)
2026-09-28T22:49:26.2140839Z Updating files:  92% (4236/4604)
2026-09-28T22:49:26.2169923Z Updating files:  93% (4282/4604)
2026-09-28T22:49:26.2201118Z Updating files:  94% (4328/4604)
2026-09-28T22:49:26.2271961Z Updating files:  95% (4374/4604)
2026-09-28T22:49:26.2307178Z Updating files:  96% (4420/4604)
2026-09-28T22:49:26.2339311Z Updating files:  97% (4466/4604)
2026-09-28T22:49:26.2449345Z Updating files:  98% (4512/4604)
2026-09-28T22:49:26.2479915Z Updating files:  99% (4558/4604)
2026-09-28T22:49:26.2480354Z Updating files: 100% (4604/4604)
2026-09-28T22:49:26.2480886Z Updating files: 100% (4604/4604), done.
2026-09-28T22:49:26.2536056Z Switched to a new branch 'research/v16.11-coherence-family'
2026-09-28T22:49:26.2541498Z branch 'research/v16.11-coherence-family' set up to track 'origin/research/v16.11-coherence-family'.
2026-09-28T22:49:26.2620230Z ##[endgroup]
2026-09-28T22:49:26.2661393Z [command]/usr/bin/git log -1 --format=%H
2026-09-28T22:49:26.2687235Z 2122ebd4972223d66504520003e5e4ae7f8453e5
2026-09-28T22:49:26.2969639Z ##[group]Run actions/setup-python@a26af69be951a213d495a4c3e4e4022e16d87065
2026-09-28T22:49:26.2969969Z with:
2026-09-28T22:49:26.2970148Z   python-version: 3.11
2026-09-28T22:49:26.2970350Z   check-latest: false
2026-09-28T22:49:26.2972769Z   token: ***
2026-09-28T22:49:26.2972955Z   update-environment: true
2026-09-28T22:49:26.2973292Z   allow-prereleases: false
2026-09-28T22:49:26.2973478Z   freethreaded: false
2026-09-28T22:49:26.2973669Z ##[endgroup]
2026-09-28T22:49:26.3994424Z ##[group]Installed versions
2026-09-28T22:49:26.4065964Z (node:2043) [DEP0040] DeprecationWarning: The `punycode` module is deprecated. Please use a userland alternative instead.
2026-09-28T22:49:26.4066906Z (Use `node --trace-deprecation ...` to show where the warning was created)
2026-09-28T22:49:26.4067443Z Successfully set up CPython (3.11.16)
2026-09-28T22:49:26.4068051Z ##[endgroup]
2026-09-28T22:49:26.4239298Z ##[group]Run python -m pip install numpy==2.3.5 sympy==1.13.3 mpmath==1.3.0
2026-09-28T22:49:26.4240036Z [36;1mpython -m pip install numpy==2.3.5 sympy==1.13.3 mpmath==1.3.0[0m
2026-09-28T22:49:26.4524493Z shell: /usr/bin/bash -e {0}
2026-09-28T22:49:26.4524747Z env:
2026-09-28T22:49:26.4525006Z   pythonLocation: /opt/hostedtoolcache/Python/3.11.16/x64
2026-09-28T22:49:26.4525388Z   PKG_CONFIG_PATH: /opt/hostedtoolcache/Python/3.11.16/x64/lib/pkgconfig
2026-09-28T22:49:26.4525748Z   Python_ROOT_DIR: /opt/hostedtoolcache/Python/3.11.16/x64
2026-09-28T22:49:26.4526299Z   Python2_ROOT_DIR: /opt/hostedtoolcache/Python/3.11.16/x64
2026-09-28T22:49:26.4526608Z   Python3_ROOT_DIR: /opt/hostedtoolcache/Python/3.11.16/x64
2026-09-28T22:49:26.4526919Z   LD_LIBRARY_PATH: /opt/hostedtoolcache/Python/3.11.16/x64/lib
2026-09-28T22:49:26.4527190Z ##[endgroup]
2026-09-28T22:49:27.4321741Z Collecting numpy==2.3.5
2026-09-28T22:49:27.4775108Z   Downloading numpy-2.3.5-cp311-cp311-manylinux_2_27_x86_64.manylinux_2_28_x86_64.whl.metadata (62 kB)
2026-09-28T22:49:27.5217649Z Collecting sympy==1.13.3
2026-09-28T22:49:27.5254424Z   Downloading sympy-1.13.3-py3-none-any.whl.metadata (12 kB)
2026-09-28T22:49:27.5364902Z Collecting mpmath==1.3.0
2026-09-28T22:49:27.5398931Z   Downloading mpmath-1.3.0-py3-none-any.whl.metadata (8.6 kB)
2026-09-28T22:49:27.5487472Z Downloading numpy-2.3.5-cp311-cp311-manylinux_2_27_x86_64.manylinux_2_28_x86_64.whl (16.9 MB)
2026-09-28T22:49:27.7919163Z    ━━━━━━━━━━━━━━━━━━━━━━━━━━━━━━━━━━━━━━━━ 16.9/16.9 MB 71.9 MB/s  0:00:00
2026-09-28T22:49:27.7959107Z Downloading sympy-1.13.3-py3-none-any.whl (6.2 MB)
2026-09-28T22:49:27.8595373Z    ━━━━━━━━━━━━━━━━━━━━━━━━━━━━━━━━━━━━━━━━ 6.2/6.2 MB 98.8 MB/s  0:00:00
2026-09-28T22:49:27.8630163Z Downloading mpmath-1.3.0-py3-none-any.whl (536 kB)
2026-09-28T22:49:27.8669745Z    ━━━━━━━━━━━━━━━━━━━━━━━━━━━━━━━━━━━━━━━━ 536.2/536.2 kB 119.9 MB/s  0:00:00
2026-09-28T22:49:27.9534422Z Installing collected packages: mpmath, sympy, numpy
2026-09-28T22:49:33.9574547Z 
2026-09-28T22:49:33.9581476Z Successfully installed mpmath-1.3.0 numpy-2.3.5 sympy-1.13.3
2026-09-28T22:49:34.0068643Z ##[group]Run set -o pipefail
2026-09-28T22:49:34.0068943Z [36;1mset -o pipefail[0m
2026-09-28T22:49:34.0069178Z [36;1mgit rev-parse HEAD > execution_head.txt[0m
2026-09-28T22:49:34.0069608Z [36;1mcd ResearchHistory/UQCF-GEM/demos/v15.56-response-selector-obstruction/coherence-family[0m
2026-09-28T22:49:34.0070041Z [36;1mpython -m unittest -v 2>&1 | tee test.log[0m
2026-09-28T22:49:34.0070396Z [36;1m(cd ../source-reversal && python -m unittest -v) 2>&1 | tee parent-test.log[0m
2026-09-28T22:49:34.0070787Z [36;1mpython gate.py 2>&1 | tee audit.log[0m
2026-09-28T22:49:34.0126851Z shell: /usr/bin/bash -e {0}
2026-09-28T22:49:34.0127067Z env:
2026-09-28T22:49:34.0127297Z   pythonLocation: /opt/hostedtoolcache/Python/3.11.16/x64
2026-09-28T22:49:34.0127668Z   PKG_CONFIG_PATH: /opt/hostedtoolcache/Python/3.11.16/x64/lib/pkgconfig
2026-09-28T22:49:34.0128020Z   Python_ROOT_DIR: /opt/hostedtoolcache/Python/3.11.16/x64
2026-09-28T22:49:34.0128381Z   Python2_ROOT_DIR: /opt/hostedtoolcache/Python/3.11.16/x64
2026-09-28T22:49:34.0128691Z   Python3_ROOT_DIR: /opt/hostedtoolcache/Python/3.11.16/x64
2026-09-28T22:49:34.0129008Z   LD_LIBRARY_PATH: /opt/hostedtoolcache/Python/3.11.16/x64/lib
2026-09-28T22:49:34.0129281Z   OPENBLAS_NUM_THREADS: 1
2026-09-28T22:49:34.0129475Z ##[endgroup]
2026-09-28T22:49:34.9442743Z test_affine_source_endpoints (test_gate.Tests.test_affine_source_endpoints) ... ok
2026-09-28T22:49:34.9962530Z test_continuum_bound (test_gate.Tests.test_continuum_bound) ... ok
2026-09-28T22:49:35.0459090Z test_convex_channel_domain (test_gate.Tests.test_convex_channel_domain) ... ok
2026-09-28T22:49:35.0933481Z test_verdict_negative_cases (test_gate.Tests.test_verdict_negative_cases) ... ok
2026-09-28T22:49:35.1658633Z test_zero_normal_not_enough (test_gate.Tests.test_zero_normal_not_enough) ... ok
2026-09-28T22:49:35.1658950Z 
2026-09-28T22:49:35.1659090Z ----------------------------------------------------------------------
2026-09-28T22:49:35.1659415Z Ran 5 tests in 0.679s
2026-09-28T22:49:35.1659573Z 
2026-09-28T22:49:35.1664123Z OK
2026-09-28T22:49:35.5197452Z test_exact_reversal_requires_nonzero (test_gate.Tests.test_exact_reversal_requires_nonzero) ... ok
2026-09-28T22:49:35.5671781Z test_gap_theorem (test_gate.Tests.test_gap_theorem) ... ok
2026-09-28T22:49:35.7940730Z test_ordered_paths_share_baseline (test_gate.Tests.test_ordered_paths_share_baseline) ... ok
2026-09-28T22:49:35.9614000Z test_source_transfer_and_cptp (test_gate.Tests.test_source_transfer_and_cptp) ... ok
2026-09-28T22:49:35.9614827Z 
2026-09-28T22:49:35.9615016Z ----------------------------------------------------------------------
2026-09-28T22:49:35.9615434Z Ran 4 tests in 0.532s
2026-09-28T22:49:35.9615602Z 
2026-09-28T22:49:35.9615690Z OK
2026-09-28T22:49:38.3526815Z Symbolic family candidate 13
2026-09-28T22:49:40.0821238Z Symbolic family candidate 16
2026-09-28T22:49:41.8635354Z Symbolic family candidate 22
2026-09-28T22:49:43.6479293Z Symbolic family candidate 25
2026-09-28T22:49:45.4019098Z Symbolic family candidate 27
2026-09-28T22:49:47.2022048Z Symbolic family candidate 29
2026-09-28T22:49:48.9410908Z Symbolic family candidate 37
2026-09-28T22:49:50.7202065Z Symbolic family candidate 39
2026-09-28T22:49:52.4808775Z Symbolic family candidate 46
2026-09-28T22:49:54.2189375Z Symbolic family candidate 50
2026-09-28T22:49:55.9391092Z Symbolic family candidate 66
2026-09-28T22:49:57.6372201Z Symbolic family candidate 77
2026-09-28T22:49:58.1931245Z {"all_valid": false, "verdict": "INVALID"}
2026-09-28T22:49:58.3097507Z ##[error]Process completed with exit code 2.
2026-09-28T22:49:58.3178958Z ##[group]Run actions/upload-artifact@v4
2026-09-28T22:49:58.3179213Z with:
2026-09-28T22:49:58.3179462Z   name: coherence-family-2122ebd4972223d66504520003e5e4ae7f8453e5
2026-09-28T22:49:58.3180554Z   path: execution_head.txt
ResearchHistory/UQCF-GEM/demos/v15.56-response-selector-obstruction/coherence-family/*.log
ResearchHistory/UQCF-GEM/demos/v15.56-response-selector-obstruction/coherence-family/result.json
ResearchHistory/UQCF-GEM/demos/v15.56-response-selector-obstruction/coherence-family/SHA256SUMS

2026-09-28T22:49:58.3181537Z   if-no-files-found: warn
2026-09-28T22:49:58.3181742Z   compression-level: 6
2026-09-28T22:49:58.3181942Z   overwrite: false
2026-09-28T22:49:58.3182129Z   include-hidden-files: false
2026-09-28T22:49:58.3182334Z env:
2026-09-28T22:49:58.3182548Z   pythonLocation: /opt/hostedtoolcache/Python/3.11.16/x64
2026-09-28T22:49:58.3182905Z   PKG_CONFIG_PATH: /opt/hostedtoolcache/Python/3.11.16/x64/lib/pkgconfig
2026-09-28T22:49:58.3183693Z   Python_ROOT_DIR: /opt/hostedtoolcache/Python/3.11.16/x64
2026-09-28T22:49:58.3184011Z   Python2_ROOT_DIR: /opt/hostedtoolcache/Python/3.11.16/x64
2026-09-28T22:49:58.3184329Z   Python3_ROOT_DIR: /opt/hostedtoolcache/Python/3.11.16/x64
2026-09-28T22:49:58.3184651Z   LD_LIBRARY_PATH: /opt/hostedtoolcache/Python/3.11.16/x64/lib
2026-09-28T22:49:58.3184922Z ##[endgroup]
2026-09-28T22:49:58.4473481Z (node:2091) [DEP0040] DeprecationWarning: The `punycode` module is deprecated. Please use a userland alternative instead.
2026-09-28T22:49:58.4474085Z (Use `node --trace-deprecation ...` to show where the warning was created)
2026-09-28T22:49:58.4568438Z Multiple search paths detected. Calculating the least common ancestor of all paths
2026-09-28T22:49:58.4570741Z The least common ancestor is /home/runner/work/WetLabEngine/WetLabEngine. This will be the root directory of the artifact
2026-09-28T22:49:58.4571271Z With the provided path, there will be 8 files uploaded
2026-09-28T22:49:58.4593851Z Artifact name is valid!
2026-09-28T22:49:58.4594454Z Root directory input is valid!
2026-09-28T22:49:58.7981627Z Beginning upload of artifact content to blob storage
2026-09-28T22:49:58.8219740Z (node:2091) [DEP0169] DeprecationWarning: `url.parse()` behavior is not standardized and prone to errors that have security implications. Use the WHATWG URL API instead. CVEs are not issued for `url.parse()` vulnerabilities.
2026-09-28T22:49:59.0321149Z Uploaded bytes 11446
2026-09-28T22:49:59.0897434Z Finished uploading artifact content to blob storage!
2026-09-28T22:49:59.0898268Z SHA256 digest of uploaded artifact zip is d1ff7068891481328c143e226dc33eaa46f774ba65d9632602fdc51a8c04e60e
2026-09-28T22:49:59.0899088Z Finalizing artifact upload
2026-09-28T22:49:59.9164843Z Artifact coherence-family-2122ebd4972223d66504520003e5e4ae7f8453e5.zip successfully finalized. Artifact ID 11003040350
2026-09-28T22:49:59.9165937Z Artifact coherence-family-2122ebd4972223d66504520003e5e4ae7f8453e5 has been successfully uploaded! Final size is 11446 bytes. Artifact ID is 11003040350
2026-09-28T22:49:59.9168589Z Artifact download URL: https://github.com/proteinfoldingengine/WetLabEngine/actions/runs/36494592601/artifacts/11003040350
2026-09-28T22:49:59.9329996Z Post job cleanup.
2026-09-28T22:50:00.0010099Z [command]/usr/bin/git version
2026-09-28T22:50:00.0045242Z git version 2.55.0
2026-09-28T22:50:00.0074365Z Temporarily overriding HOME='/home/runner/work/_temp/3f12536f-f12c-4dfe-8604-01f6477f2cc8' before making global git config changes
2026-09-28T22:50:00.0075600Z Adding repository directory to the temporary git global config as a safe directory
2026-09-28T22:50:00.0078819Z [command]/usr/bin/git config --global --add safe.directory /home/runner/work/WetLabEngine/WetLabEngine
2026-09-28T22:50:00.0752652Z [command]/usr/bin/git config --local --name-only --get-regexp core\.sshCommand
2026-09-28T22:50:00.0789014Z [command]/usr/bin/git submodule foreach --recursive sh -c "git config --local --name-only --get-regexp 'core\.sshCommand' && git config --local --unset-all 'core.sshCommand' || :"
2026-09-28T22:50:00.0997607Z [command]/usr/bin/git config --local --name-only --get-regexp http\.https\:\/\/github\.com\/\.extraheader
2026-09-28T22:50:00.1368419Z http.https://github.com/.extraheader
2026-09-28T22:50:00.1369861Z [command]/usr/bin/git config --local --unset-all http.https://github.com/.extraheader
2026-09-28T22:50:00.1952769Z [command]/usr/bin/git submodule foreach --recursive sh -c "git config --local --name-only --get-regexp 'http\.https\:\/\/github\.com\/\.extraheader' && git config --local --unset-all 'http.https://github.com/.extraheader' || :"
2026-09-28T22:50:00.2172217Z [command]/usr/bin/git config --local --name-only --get-regexp ^includeIf\.gitdir:
2026-09-28T22:50:00.2208354Z [command]/usr/bin/git submodule foreach --recursive git config --local --show-origin --name-only --get-regexp remote.origin.url
2026-09-28T22:50:00.2541285Z Cleaning up orphan processes
2026-09-28T22:50:00.2785500Z ##[warning]Node.js 20 is deprecated. The following actions target Node.js 20 but are being forced to run on Node.js 24: actions/checkout@11d5960a326750d5838078e36cf38b85af677262, actions/setup-python@a26af69be951a213d495a4c3e4e4022e16d87065, actions/upload-artifact@v4. For more information see: https://github.blog/changelog/2025-09-19-deprecation-of-node-20-on-github-actions-runners/
