2026-09-28T22:53:51.0598646Z Current runner version: '2.337.0'
2026-09-28T22:53:51.0619084Z ##[group]Runner Image Provisioner
2026-09-28T22:53:51.0619900Z Hosted Compute Agent
2026-09-28T22:53:51.0620454Z Version: 20260828.587
2026-09-28T22:53:51.0620981Z Commit: abac92662cab4cc7352de4f9f9d2e2419aad9c29
2026-09-28T22:53:51.0621634Z Build Date: 2026-08-28T16:44:25Z
2026-09-28T22:53:51.0622204Z Worker ID: {0b1b5f72-8c46-40be-9294-8b60e66ee1e7}
2026-09-28T22:53:51.0622783Z Azure Region: westus3
2026-09-28T22:53:51.0623352Z ##[endgroup]
2026-09-28T22:53:51.0624520Z ##[group]Operating System
2026-09-28T22:53:51.0625360Z Ubuntu
2026-09-28T22:53:51.0625803Z 24.04.5
2026-09-28T22:53:51.0626218Z LTS
2026-09-28T22:53:51.0626737Z ##[endgroup]
2026-09-28T22:53:51.0627208Z ##[group]Runner Image
2026-09-28T22:53:51.0627725Z Image: ubuntu-24.04
2026-09-28T22:53:51.0628210Z Version: 20260920.314.1
2026-09-28T22:53:51.0629331Z Included Software: https://github.com/actions/runner-images/blob/ubuntu24/20260920.314/images/ubuntu/Ubuntu2404-Readme.md
2026-09-28T22:53:51.0630603Z Image Release: https://github.com/actions/runner-images/releases/tag/ubuntu24%2F20260920.314
2026-09-28T22:53:51.0631710Z ##[endgroup]
2026-09-28T22:53:51.0632657Z ##[group]GITHUB_TOKEN Permissions
2026-09-28T22:53:51.0634418Z Contents: read
2026-09-28T22:53:51.0635071Z Metadata: read
2026-09-28T22:53:51.0635541Z ##[endgroup]
2026-09-28T22:53:51.0637248Z Secret source: Actions
2026-09-28T22:53:51.0638080Z Cache mode: write
2026-09-28T22:53:51.0638717Z Prepare workflow directory
2026-09-28T22:53:51.1714887Z Prepare all required actions
2026-09-28T22:53:51.1752948Z Getting action download info
2026-09-28T22:53:51.5539249Z Download action repository 'actions/checkout@11d5960a326750d5838078e36cf38b85af677262' (SHA:11d5960a326750d5838078e36cf38b85af677262)
2026-09-28T22:53:52.0040277Z Download action repository 'actions/setup-python@a26af69be951a213d495a4c3e4e4022e16d87065' (SHA:a26af69be951a213d495a4c3e4e4022e16d87065)
2026-09-28T22:53:52.3641401Z Download action repository 'actions/upload-artifact@v4' (SHA:ea165f8d65b6e75b540449e92b4886f43607fa02)
2026-09-28T22:53:52.6135804Z Complete job name: audit
2026-09-28T22:53:52.6853080Z ##[group]Run actions/checkout@11d5960a326750d5838078e36cf38b85af677262
2026-09-28T22:53:52.6854534Z with:
2026-09-28T22:53:52.6855489Z   repository: proteinfoldingengine/WetLabEngine
2026-09-28T22:53:52.6862264Z   token: ***
2026-09-28T22:53:52.6862995Z   ssh-strict: true
2026-09-28T22:53:52.6863787Z   ssh-user: git
2026-09-28T22:53:52.6864547Z   persist-credentials: true
2026-09-28T22:53:52.6865471Z   clean: true
2026-09-28T22:53:52.6866239Z   sparse-checkout-cone-mode: true
2026-09-28T22:53:52.6867131Z   fetch-depth: 1
2026-09-28T22:53:52.6867875Z   fetch-tags: false
2026-09-28T22:53:52.6868647Z   show-progress: true
2026-09-28T22:53:52.6869421Z   lfs: false
2026-09-28T22:53:52.6870136Z   submodules: false
2026-09-28T22:53:52.6870912Z   set-safe-directory: true
2026-09-28T22:53:52.6871777Z   allow-unsafe-pr-checkout: false
2026-09-28T22:53:52.6872856Z ##[endgroup]
2026-09-28T22:53:52.7719935Z Syncing repository: proteinfoldingengine/WetLabEngine
2026-09-28T22:53:52.7723212Z ##[group]Getting Git version info
2026-09-28T22:53:52.7724508Z Working directory is '/home/runner/work/WetLabEngine/WetLabEngine'
2026-09-28T22:53:52.7726983Z [command]/usr/bin/git version
2026-09-28T22:53:52.7771885Z git version 2.55.0
2026-09-28T22:53:52.7790325Z ##[endgroup]
2026-09-28T22:53:52.7807074Z Temporarily overriding HOME='/home/runner/work/_temp/c1297cd2-a21a-4dfd-9acc-465b1ba33985' before making global git config changes
2026-09-28T22:53:52.7810658Z Adding repository directory to the temporary git global config as a safe directory
2026-09-28T22:53:52.7813896Z [command]/usr/bin/git config --global --add safe.directory /home/runner/work/WetLabEngine/WetLabEngine
2026-09-28T22:53:52.7855021Z Deleting the contents of '/home/runner/work/WetLabEngine/WetLabEngine'
2026-09-28T22:53:52.7859622Z ##[group]Initializing the repository
2026-09-28T22:53:52.7862450Z [command]/usr/bin/git init /home/runner/work/WetLabEngine/WetLabEngine
2026-09-28T22:53:52.7931358Z hint: Using 'master' as the name for the initial branch. This default branch name
2026-09-28T22:53:52.7933808Z hint: will change to "main" in Git 3.0. To configure the initial branch name
2026-09-28T22:53:52.7936210Z hint: to use in all of your new repositories, which will suppress this warning,
2026-09-28T22:53:52.7938154Z hint: call:
2026-09-28T22:53:52.7939333Z hint:
2026-09-28T22:53:52.7940552Z hint: 	git config --global init.defaultBranch <name>
2026-09-28T22:53:52.7942078Z hint:
2026-09-28T22:53:52.7943528Z hint: Names commonly chosen instead of 'master' are 'main', 'trunk' and
2026-09-28T22:53:52.7945958Z hint: 'development'. The just-created branch can be renamed via this command:
2026-09-28T22:53:52.7947828Z hint:
2026-09-28T22:53:52.7948680Z hint: 	git branch -m <name>
2026-09-28T22:53:52.7950004Z hint:
2026-09-28T22:53:52.7951529Z hint: Disable this message with "git config set advice.defaultBranchName false"
2026-09-28T22:53:52.7954122Z Initialized empty Git repository in /home/runner/work/WetLabEngine/WetLabEngine/.git/
2026-09-28T22:53:52.7958652Z [command]/usr/bin/git remote add origin https://github.com/proteinfoldingengine/WetLabEngine
2026-09-28T22:53:52.7985076Z ##[endgroup]
2026-09-28T22:53:52.7986890Z ##[group]Disabling automatic garbage collection
2026-09-28T22:53:52.7988525Z [command]/usr/bin/git config --local gc.auto 0
2026-09-28T22:53:52.8016108Z ##[endgroup]
2026-09-28T22:53:52.8017797Z ##[group]Setting up auth
2026-09-28T22:53:52.8020751Z [command]/usr/bin/git config --local --name-only --get-regexp core\.sshCommand
2026-09-28T22:53:52.8049845Z [command]/usr/bin/git submodule foreach --recursive sh -c "git config --local --name-only --get-regexp 'core\.sshCommand' && git config --local --unset-all 'core.sshCommand' || :"
2026-09-28T22:53:52.8351700Z [command]/usr/bin/git config --local --name-only --get-regexp http\.https\:\/\/github\.com\/\.extraheader
2026-09-28T22:53:52.8386171Z [command]/usr/bin/git submodule foreach --recursive sh -c "git config --local --name-only --get-regexp 'http\.https\:\/\/github\.com\/\.extraheader' && git config --local --unset-all 'http.https://github.com/.extraheader' || :"
2026-09-28T22:53:52.8580471Z [command]/usr/bin/git config --local --name-only --get-regexp ^includeIf\.gitdir:
2026-09-28T22:53:52.8611002Z [command]/usr/bin/git submodule foreach --recursive git config --local --show-origin --name-only --get-regexp remote.origin.url
2026-09-28T22:53:52.8798305Z [command]/usr/bin/git config --local http.https://github.com/.extraheader AUTHORIZATION: basic ***
2026-09-28T22:53:52.8832786Z ##[endgroup]
2026-09-28T22:53:52.8834022Z ##[group]Fetching the repository
2026-09-28T22:53:52.8840965Z [command]/usr/bin/git -c protocol.version=2 fetch --no-tags --prune --no-recurse-submodules --depth=1 origin +12e477696c361f919c9c947db24503e9ac64153d:refs/remotes/origin/research/v16.11-coherence-family
2026-09-28T22:54:05.8994065Z From https://github.com/proteinfoldingengine/WetLabEngine
2026-09-28T22:54:05.8994926Z  * [new ref]         12e477696c361f919c9c947db24503e9ac64153d -> origin/research/v16.11-coherence-family
2026-09-28T22:54:05.8997744Z ##[endgroup]
2026-09-28T22:54:05.8998297Z ##[group]Determining the checkout info
2026-09-28T22:54:05.9000442Z ##[endgroup]
2026-09-28T22:54:05.9006570Z [command]/usr/bin/git sparse-checkout disable
2026-09-28T22:54:05.9052572Z [command]/usr/bin/git config --local --unset-all extensions.worktreeConfig
2026-09-28T22:54:05.9081219Z ##[group]Checking out the ref
2026-09-28T22:54:05.9085339Z [command]/usr/bin/git checkout --progress --force -B research/v16.11-coherence-family refs/remotes/origin/research/v16.11-coherence-family
2026-09-28T22:54:06.9991591Z Updating files:  62% (2886/4616)
2026-09-28T22:54:07.1638905Z Updating files:  63% (2909/4616)
2026-09-28T22:54:07.1654939Z Updating files:  64% (2955/4616)
2026-09-28T22:54:07.2404115Z Updating files:  65% (3001/4616)
2026-09-28T22:54:07.3639598Z Updating files:  66% (3047/4616)
2026-09-28T22:54:07.3946710Z Updating files:  67% (3093/4616)
2026-09-28T22:54:07.4499535Z Updating files:  68% (3139/4616)
2026-09-28T22:54:07.4918640Z Updating files:  69% (3186/4616)
2026-09-28T22:54:07.4982714Z Updating files:  70% (3232/4616)
2026-09-28T22:54:07.5045078Z Updating files:  71% (3278/4616)
2026-09-28T22:54:07.5090135Z Updating files:  72% (3324/4616)
2026-09-28T22:54:07.5499521Z Updating files:  73% (3370/4616)
2026-09-28T22:54:07.5519500Z Updating files:  74% (3416/4616)
2026-09-28T22:54:07.5542984Z Updating files:  75% (3462/4616)
2026-09-28T22:54:07.5569183Z Updating files:  76% (3509/4616)
2026-09-28T22:54:07.5600683Z Updating files:  77% (3555/4616)
2026-09-28T22:54:07.5631168Z Updating files:  78% (3601/4616)
2026-09-28T22:54:07.5658203Z Updating files:  79% (3647/4616)
2026-09-28T22:54:07.5687966Z Updating files:  80% (3693/4616)
2026-09-28T22:54:07.5712484Z Updating files:  81% (3739/4616)
2026-09-28T22:54:07.5732963Z Updating files:  82% (3786/4616)
2026-09-28T22:54:07.5893945Z Updating files:  83% (3832/4616)
2026-09-28T22:54:07.5921461Z Updating files:  84% (3878/4616)
2026-09-28T22:54:07.9048665Z Updating files:  85% (3924/4616)
2026-09-28T22:54:07.9092962Z Updating files:  86% (3970/4616)
2026-09-28T22:54:07.9200809Z Updating files:  87% (4016/4616)
2026-09-28T22:54:07.9320024Z Updating files:  87% (4029/4616)
2026-09-28T22:54:07.9474535Z Updating files:  88% (4063/4616)
2026-09-28T22:54:07.9609922Z Updating files:  89% (4109/4616)
2026-09-28T22:54:07.9806882Z Updating files:  90% (4155/4616)
2026-09-28T22:54:08.0183643Z Updating files:  91% (4201/4616)
2026-09-28T22:54:08.0298325Z Updating files:  92% (4247/4616)
2026-09-28T22:54:08.0330773Z Updating files:  93% (4293/4616)
2026-09-28T22:54:08.0362773Z Updating files:  94% (4340/4616)
2026-09-28T22:54:08.0436333Z Updating files:  95% (4386/4616)
2026-09-28T22:54:08.0470903Z Updating files:  96% (4432/4616)
2026-09-28T22:54:08.0502375Z Updating files:  97% (4478/4616)
2026-09-28T22:54:08.0613918Z Updating files:  98% (4524/4616)
2026-09-28T22:54:08.0649635Z Updating files:  99% (4570/4616)
2026-09-28T22:54:08.0650008Z Updating files: 100% (4616/4616)
2026-09-28T22:54:08.0650585Z Updating files: 100% (4616/4616), done.
2026-09-28T22:54:08.1227785Z Switched to a new branch 'research/v16.11-coherence-family'
2026-09-28T22:54:08.1229515Z branch 'research/v16.11-coherence-family' set up to track 'origin/research/v16.11-coherence-family'.
2026-09-28T22:54:08.1312366Z ##[endgroup]
2026-09-28T22:54:08.1352958Z [command]/usr/bin/git log -1 --format=%H
2026-09-28T22:54:08.1379136Z 12e477696c361f919c9c947db24503e9ac64153d
2026-09-28T22:54:08.1665145Z ##[group]Run actions/setup-python@a26af69be951a213d495a4c3e4e4022e16d87065
2026-09-28T22:54:08.1665663Z with:
2026-09-28T22:54:08.1665907Z   python-version: 3.11
2026-09-28T22:54:08.1666194Z   check-latest: false
2026-09-28T22:54:08.1669597Z   token: ***
2026-09-28T22:54:08.1669872Z   update-environment: true
2026-09-28T22:54:08.1670180Z   allow-prereleases: false
2026-09-28T22:54:08.1670461Z   freethreaded: false
2026-09-28T22:54:08.1670740Z ##[endgroup]
2026-09-28T22:54:08.2760840Z ##[group]Installed versions
2026-09-28T22:54:08.3127677Z (node:2036) [DEP0040] DeprecationWarning: The `punycode` module is deprecated. Please use a userland alternative instead.
2026-09-28T22:54:08.3128367Z (Use `node --trace-deprecation ...` to show where the warning was created)
2026-09-28T22:54:08.3129083Z Successfully set up CPython (3.11.16)
2026-09-28T22:54:08.3129682Z ##[endgroup]
2026-09-28T22:54:08.3335410Z ##[group]Run python -m pip install numpy==2.3.5 sympy==1.13.3 mpmath==1.3.0
2026-09-28T22:54:08.3336126Z [36;1mpython -m pip install numpy==2.3.5 sympy==1.13.3 mpmath==1.3.0[0m
2026-09-28T22:54:08.3805325Z shell: /usr/bin/bash -e {0}
2026-09-28T22:54:08.3805553Z env:
2026-09-28T22:54:08.3805797Z   pythonLocation: /opt/hostedtoolcache/Python/3.11.16/x64
2026-09-28T22:54:08.3806153Z   PKG_CONFIG_PATH: /opt/hostedtoolcache/Python/3.11.16/x64/lib/pkgconfig
2026-09-28T22:54:08.3806483Z   Python_ROOT_DIR: /opt/hostedtoolcache/Python/3.11.16/x64
2026-09-28T22:54:08.3807004Z   Python2_ROOT_DIR: /opt/hostedtoolcache/Python/3.11.16/x64
2026-09-28T22:54:08.3807291Z   Python3_ROOT_DIR: /opt/hostedtoolcache/Python/3.11.16/x64
2026-09-28T22:54:08.3807577Z   LD_LIBRARY_PATH: /opt/hostedtoolcache/Python/3.11.16/x64/lib
2026-09-28T22:54:08.3807827Z ##[endgroup]
2026-09-28T22:54:09.9222494Z Collecting numpy==2.3.5
2026-09-28T22:54:09.9614162Z   Downloading numpy-2.3.5-cp311-cp311-manylinux_2_27_x86_64.manylinux_2_28_x86_64.whl.metadata (62 kB)
2026-09-28T22:54:10.0313700Z Collecting sympy==1.13.3
2026-09-28T22:54:10.0350106Z   Downloading sympy-1.13.3-py3-none-any.whl.metadata (12 kB)
2026-09-28T22:54:10.1278001Z Collecting mpmath==1.3.0
2026-09-28T22:54:10.1315163Z   Downloading mpmath-1.3.0-py3-none-any.whl.metadata (8.6 kB)
2026-09-28T22:54:10.1505188Z Downloading numpy-2.3.5-cp311-cp311-manylinux_2_27_x86_64.manylinux_2_28_x86_64.whl (16.9 MB)
2026-09-28T22:54:10.3701584Z    ━━━━━━━━━━━━━━━━━━━━━━━━━━━━━━━━━━━━━━━━ 16.9/16.9 MB 79.1 MB/s  0:00:00
2026-09-28T22:54:10.3749001Z Downloading sympy-1.13.3-py3-none-any.whl (6.2 MB)
2026-09-28T22:54:10.7716322Z    ━━━━━━━━━━━━━━━━━━━━━━━━━━━━━━━━━━━━━━━━ 6.2/6.2 MB 15.0 MB/s  0:00:00
2026-09-28T22:54:10.7749018Z Downloading mpmath-1.3.0-py3-none-any.whl (536 kB)
2026-09-28T22:54:10.7805535Z    ━━━━━━━━━━━━━━━━━━━━━━━━━━━━━━━━━━━━━━━━ 536.2/536.2 kB 68.3 MB/s  0:00:00
2026-09-28T22:54:10.8587431Z Installing collected packages: mpmath, sympy, numpy
2026-09-28T22:54:17.4418900Z 
2026-09-28T22:54:17.4427025Z Successfully installed mpmath-1.3.0 numpy-2.3.5 sympy-1.13.3
2026-09-28T22:54:17.4878322Z ##[group]Run set -o pipefail
2026-09-28T22:54:17.4878614Z [36;1mset -o pipefail[0m
2026-09-28T22:54:17.4878837Z [36;1mgit rev-parse HEAD > execution_head.txt[0m
2026-09-28T22:54:17.4879239Z [36;1mcd ResearchHistory/UQCF-GEM/demos/v15.56-response-selector-obstruction/coherence-family[0m
2026-09-28T22:54:17.4879662Z [36;1mpython -m unittest -v 2>&1 | tee test.log[0m
2026-09-28T22:54:17.4880000Z [36;1m(cd ../source-reversal && python -m unittest -v) 2>&1 | tee parent-test.log[0m
2026-09-28T22:54:17.4880347Z [36;1mpython gate.py 2>&1 | tee audit.log[0m
2026-09-28T22:54:17.4936272Z shell: /usr/bin/bash -e {0}
2026-09-28T22:54:17.4936483Z env:
2026-09-28T22:54:17.4936703Z   pythonLocation: /opt/hostedtoolcache/Python/3.11.16/x64
2026-09-28T22:54:17.4937044Z   PKG_CONFIG_PATH: /opt/hostedtoolcache/Python/3.11.16/x64/lib/pkgconfig
2026-09-28T22:54:17.4937370Z   Python_ROOT_DIR: /opt/hostedtoolcache/Python/3.11.16/x64
2026-09-28T22:54:17.4937712Z   Python2_ROOT_DIR: /opt/hostedtoolcache/Python/3.11.16/x64
2026-09-28T22:54:17.4938000Z   Python3_ROOT_DIR: /opt/hostedtoolcache/Python/3.11.16/x64
2026-09-28T22:54:17.4938290Z   LD_LIBRARY_PATH: /opt/hostedtoolcache/Python/3.11.16/x64/lib
2026-09-28T22:54:17.4938548Z   OPENBLAS_NUM_THREADS: 1
2026-09-28T22:54:17.4938726Z ##[endgroup]
2026-09-28T22:54:18.4010478Z test_affine_source_endpoints (test_gate.Tests.test_affine_source_endpoints) ... ok
2026-09-28T22:54:18.4541192Z test_continuum_bound (test_gate.Tests.test_continuum_bound) ... ok
2026-09-28T22:54:18.5034079Z test_convex_channel_domain (test_gate.Tests.test_convex_channel_domain) ... ok
2026-09-28T22:54:18.5548985Z test_rank_one_determinant_regression (test_gate.Tests.test_rank_one_determinant_regression) ... ok
2026-09-28T22:54:18.6192269Z test_verdict_negative_cases (test_gate.Tests.test_verdict_negative_cases) ... ok
2026-09-28T22:54:18.6694827Z test_zero_normal_not_enough (test_gate.Tests.test_zero_normal_not_enough) ... ok
2026-09-28T22:54:18.6695285Z 
2026-09-28T22:54:18.6695507Z ----------------------------------------------------------------------
2026-09-28T22:54:18.6695961Z Ran 6 tests in 0.661s
2026-09-28T22:54:18.6696121Z 
2026-09-28T22:54:18.6696222Z OK
2026-09-28T22:54:19.0167491Z test_exact_reversal_requires_nonzero (test_gate.Tests.test_exact_reversal_requires_nonzero) ... ok
2026-09-28T22:54:19.0628407Z test_gap_theorem (test_gate.Tests.test_gap_theorem) ... ok
2026-09-28T22:54:19.2881759Z test_ordered_paths_share_baseline (test_gate.Tests.test_ordered_paths_share_baseline) ... ok
2026-09-28T22:54:19.4611928Z test_source_transfer_and_cptp (test_gate.Tests.test_source_transfer_and_cptp) ... ok
2026-09-28T22:54:19.4612341Z 
2026-09-28T22:54:19.4612517Z ----------------------------------------------------------------------
2026-09-28T22:54:19.4612909Z Ran 4 tests in 0.532s
2026-09-28T22:54:19.4613067Z 
2026-09-28T22:54:19.4613161Z OK
2026-09-28T22:54:21.7854099Z Symbolic family candidate 13
2026-09-28T22:54:23.4487338Z Symbolic family candidate 16
2026-09-28T22:54:25.1367571Z Symbolic family candidate 22
2026-09-28T22:54:26.8268553Z Symbolic family candidate 25
2026-09-28T22:54:28.5083566Z Symbolic family candidate 27
2026-09-28T22:54:30.2201235Z Symbolic family candidate 29
2026-09-28T22:54:31.8956173Z Symbolic family candidate 37
2026-09-28T22:54:33.6101993Z Symbolic family candidate 39
2026-09-28T22:54:35.2727480Z Symbolic family candidate 46
2026-09-28T22:54:36.9856636Z Symbolic family candidate 50
2026-09-28T22:54:38.6481224Z Symbolic family candidate 66
2026-09-28T22:54:40.3210095Z Symbolic family candidate 77
2026-09-28T22:54:43.2705008Z Completed precision 80
2026-09-28T22:54:54.2612700Z Completed precision 120
2026-09-28T22:54:54.3596239Z {"all_valid": true, "verdict": "THREE_COHERENCE_BOUNDARY_CLASSES_CERTIFIED"}
2026-09-28T22:54:54.4909938Z ##[group]Run actions/upload-artifact@v4
2026-09-28T22:54:54.4910177Z with:
2026-09-28T22:54:54.4910416Z   name: coherence-family-12e477696c361f919c9c947db24503e9ac64153d
2026-09-28T22:54:54.4911422Z   path: execution_head.txt
ResearchHistory/UQCF-GEM/demos/v15.56-response-selector-obstruction/coherence-family/*.log
ResearchHistory/UQCF-GEM/demos/v15.56-response-selector-obstruction/coherence-family/result.json
ResearchHistory/UQCF-GEM/demos/v15.56-response-selector-obstruction/coherence-family/SHA256SUMS

2026-09-28T22:54:54.4912339Z   if-no-files-found: warn
2026-09-28T22:54:54.4912534Z   compression-level: 6
2026-09-28T22:54:54.4912717Z   overwrite: false
2026-09-28T22:54:54.4912906Z   include-hidden-files: false
2026-09-28T22:54:54.4913115Z env:
2026-09-28T22:54:54.4913376Z   pythonLocation: /opt/hostedtoolcache/Python/3.11.16/x64
2026-09-28T22:54:54.4913712Z   PKG_CONFIG_PATH: /opt/hostedtoolcache/Python/3.11.16/x64/lib/pkgconfig
2026-09-28T22:54:54.4914072Z   Python_ROOT_DIR: /opt/hostedtoolcache/Python/3.11.16/x64
2026-09-28T22:54:54.4914373Z   Python2_ROOT_DIR: /opt/hostedtoolcache/Python/3.11.16/x64
2026-09-28T22:54:54.4914783Z   Python3_ROOT_DIR: /opt/hostedtoolcache/Python/3.11.16/x64
2026-09-28T22:54:54.4915241Z   LD_LIBRARY_PATH: /opt/hostedtoolcache/Python/3.11.16/x64/lib
2026-09-28T22:54:54.4915505Z ##[endgroup]
2026-09-28T22:54:54.6216833Z (node:2089) [DEP0040] DeprecationWarning: The `punycode` module is deprecated. Please use a userland alternative instead.
2026-09-28T22:54:54.6217585Z (Use `node --trace-deprecation ...` to show where the warning was created)
2026-09-28T22:54:54.6299458Z Multiple search paths detected. Calculating the least common ancestor of all paths
2026-09-28T22:54:54.6302112Z The least common ancestor is /home/runner/work/WetLabEngine/WetLabEngine. This will be the root directory of the artifact
2026-09-28T22:54:54.6303051Z With the provided path, there will be 13 files uploaded
2026-09-28T22:54:54.6307960Z Artifact name is valid!
2026-09-28T22:54:54.6308381Z Root directory input is valid!
2026-09-28T22:54:54.9822658Z Beginning upload of artifact content to blob storage
2026-09-28T22:54:55.0800485Z (node:2089) [DEP0169] DeprecationWarning: `url.parse()` behavior is not standardized and prone to errors that have security implications. Use the WHATWG URL API instead. CVEs are not issued for `url.parse()` vulnerabilities.
2026-09-28T22:54:55.6298658Z Uploaded bytes 1116102
2026-09-28T22:54:55.6852555Z Finished uploading artifact content to blob storage!
2026-09-28T22:54:55.6853073Z SHA256 digest of uploaded artifact zip is fb675974ec0fdd21779533bc655a35ef970a5b734529f9ab4948a723862f83c0
2026-09-28T22:54:55.6854649Z Finalizing artifact upload
2026-09-28T22:54:55.9292985Z Artifact coherence-family-12e477696c361f919c9c947db24503e9ac64153d.zip successfully finalized. Artifact ID 11001914399
2026-09-28T22:54:55.9293925Z Artifact coherence-family-12e477696c361f919c9c947db24503e9ac64153d has been successfully uploaded! Final size is 1116102 bytes. Artifact ID is 11001914399
2026-09-28T22:54:55.9298600Z Artifact download URL: https://github.com/proteinfoldingengine/WetLabEngine/actions/runs/36495025125/artifacts/11001914399
2026-09-28T22:54:55.9444989Z Post job cleanup.
2026-09-28T22:54:56.0359036Z (node:2102) [DEP0040] DeprecationWarning: The `punycode` module is deprecated. Please use a userland alternative instead.
2026-09-28T22:54:56.0359621Z (Use `node --trace-deprecation ...` to show where the warning was created)
2026-09-28T22:54:56.0533880Z Post job cleanup.
2026-09-28T22:54:56.1250780Z [command]/usr/bin/git version
2026-09-28T22:54:56.1284186Z git version 2.55.0
2026-09-28T22:54:56.1312488Z Temporarily overriding HOME='/home/runner/work/_temp/c36009a9-c895-4895-8f28-ff3fd3873d65' before making global git config changes
2026-09-28T22:54:56.1313486Z Adding repository directory to the temporary git global config as a safe directory
2026-09-28T22:54:56.1317183Z [command]/usr/bin/git config --global --add safe.directory /home/runner/work/WetLabEngine/WetLabEngine
2026-09-28T22:54:56.1348191Z [command]/usr/bin/git config --local --name-only --get-regexp core\.sshCommand
2026-09-28T22:54:56.1406394Z [command]/usr/bin/git submodule foreach --recursive sh -c "git config --local --name-only --get-regexp 'core\.sshCommand' && git config --local --unset-all 'core.sshCommand' || :"
2026-09-28T22:54:56.1633518Z [command]/usr/bin/git config --local --name-only --get-regexp http\.https\:\/\/github\.com\/\.extraheader
2026-09-28T22:54:56.1659464Z http.https://github.com/.extraheader
2026-09-28T22:54:56.1680129Z [command]/usr/bin/git config --local --unset-all http.https://github.com/.extraheader
2026-09-28T22:54:56.1707449Z [command]/usr/bin/git submodule foreach --recursive sh -c "git config --local --name-only --get-regexp 'http\.https\:\/\/github\.com\/\.extraheader' && git config --local --unset-all 'http.https://github.com/.extraheader' || :"
2026-09-28T22:54:56.1924119Z [command]/usr/bin/git config --local --name-only --get-regexp ^includeIf\.gitdir:
2026-09-28T22:54:56.1963296Z [command]/usr/bin/git submodule foreach --recursive git config --local --show-origin --name-only --get-regexp remote.origin.url
2026-09-28T22:54:56.2300813Z Cleaning up orphan processes
2026-09-28T22:54:56.2565510Z ##[warning]Node.js 20 is deprecated. The following actions target Node.js 20 but are being forced to run on Node.js 24: actions/checkout@11d5960a326750d5838078e36cf38b85af677262, actions/setup-python@a26af69be951a213d495a4c3e4e4022e16d87065, actions/upload-artifact@v4. For more information see: https://github.blog/changelog/2025-09-19-deprecation-of-node-20-on-github-actions-runners/
