2026-10-10T15:29:18.9577145Z Current runner version: '2.337.0'
2026-10-10T15:29:18.9599360Z ##[group]Runner Image Provisioner
2026-10-10T15:29:18.9600231Z Hosted Compute Agent
2026-10-10T15:29:18.9600825Z Version: 20261002.596
2026-10-10T15:29:18.9601409Z Commit: c3d12f3313a95f25162a1503be624f3b0617f8c0
2026-10-10T15:29:18.9602065Z Build Date: 2026-10-02T22:28:27Z
2026-10-10T15:29:18.9602720Z Worker ID: {beb68781-8ca5-4bef-8722-806b8c2c43cb}
2026-10-10T15:29:18.9603348Z Region: westus3
2026-10-10T15:29:18.9603817Z Cloud: Azure
2026-10-10T15:29:18.9604321Z ##[endgroup]
2026-10-10T15:29:18.9606124Z ##[group]Operating System
2026-10-10T15:29:18.9606751Z Ubuntu
2026-10-10T15:29:18.9607222Z 24.04.5
2026-10-10T15:29:18.9607694Z LTS
2026-10-10T15:29:18.9608179Z ##[endgroup]
2026-10-10T15:29:18.9608669Z ##[group]Runner Image
2026-10-10T15:29:18.9609234Z Image: ubuntu-24.04
2026-10-10T15:29:18.9609746Z Version: 20261004.327.1
2026-10-10T15:29:18.9610894Z Included Software: https://github.com/actions/runner-images/blob/ubuntu24/20261004.327/images/ubuntu/Ubuntu2404-Readme.md
2026-10-10T15:29:18.9612253Z Image Release: https://github.com/actions/runner-images/releases/tag/ubuntu24%2F20261004.327
2026-10-10T15:29:18.9613433Z ##[endgroup]
2026-10-10T15:29:18.9614506Z ##[group]GITHUB_TOKEN Permissions
2026-10-10T15:29:18.9616787Z Contents: read
2026-10-10T15:29:18.9617329Z Metadata: read
2026-10-10T15:29:18.9617849Z ##[endgroup]
2026-10-10T15:29:18.9619784Z Secret source: Actions
2026-10-10T15:29:18.9620613Z Cache mode: write
2026-10-10T15:29:18.9621380Z Prepare workflow directory
2026-10-10T15:29:18.9981513Z Prepare all required actions
2026-10-10T15:29:19.0028912Z Getting action download info
2026-10-10T15:29:19.3140265Z Download action repository 'actions/checkout@v4' (SHA:11d5960a326750d5838078e36cf38b85af677262)
2026-10-10T15:29:19.3836842Z Download action repository 'actions/download-artifact@v4' (SHA:d3f86a106a0bac45b974a628896c90dbdf5c8093)
2026-10-10T15:29:20.0508656Z Download action repository 'actions/upload-artifact@v4' (SHA:ea165f8d65b6e75b540449e92b4886f43607fa02)
2026-10-10T15:29:20.2338374Z Complete job name: fresh-reproduction
2026-10-10T15:29:20.3163822Z ##[group]Run actions/checkout@v4
2026-10-10T15:29:20.3164738Z with:
2026-10-10T15:29:20.3165408Z   path: research_snapshot
2026-10-10T15:29:20.3165963Z   persist-credentials: false
2026-10-10T15:29:20.3166698Z   sparse-checkout: ResearchHistory/UQCF-GEM/research/physical-bridge
2026-10-10T15:29:20.3167560Z   repository: proteinfoldingengine/WetLabEngine
2026-10-10T15:29:20.3172000Z   token: ***
2026-10-10T15:29:20.3172466Z   ssh-strict: true
2026-10-10T15:29:20.3172941Z   ssh-user: git
2026-10-10T15:29:20.3173399Z   clean: true
2026-10-10T15:29:20.3173882Z   sparse-checkout-cone-mode: true
2026-10-10T15:29:20.3174456Z   fetch-depth: 1
2026-10-10T15:29:20.3175240Z   fetch-tags: false
2026-10-10T15:29:20.3175749Z   show-progress: true
2026-10-10T15:29:20.3176243Z   lfs: false
2026-10-10T15:29:20.3176699Z   submodules: false
2026-10-10T15:29:20.3177195Z   set-safe-directory: true
2026-10-10T15:29:20.3177782Z   allow-unsafe-pr-checkout: false
2026-10-10T15:29:20.3178695Z ##[endgroup]
2026-10-10T15:29:20.4161841Z Syncing repository: proteinfoldingengine/WetLabEngine
2026-10-10T15:29:20.4165725Z ##[group]Getting Git version info
2026-10-10T15:29:20.4167477Z Working directory is '/home/runner/work/WetLabEngine/WetLabEngine/research_snapshot'
2026-10-10T15:29:20.4170208Z [command]/usr/bin/git version
2026-10-10T15:29:20.4185732Z git version 2.55.0
2026-10-10T15:29:20.4205136Z ##[endgroup]
2026-10-10T15:29:20.4217442Z Temporarily overriding HOME='/home/runner/work/_temp/0c01ee6a-6c8c-46ff-acf4-d00185379cfa' before making global git config changes
2026-10-10T15:29:20.4220499Z Adding repository directory to the temporary git global config as a safe directory
2026-10-10T15:29:20.4223339Z [command]/usr/bin/git config --global --add safe.directory /home/runner/work/WetLabEngine/WetLabEngine/research_snapshot
2026-10-10T15:29:20.4263234Z ##[group]Initializing the repository
2026-10-10T15:29:20.4267416Z [command]/usr/bin/git init /home/runner/work/WetLabEngine/WetLabEngine/research_snapshot
2026-10-10T15:29:20.4357411Z hint: Using 'master' as the name for the initial branch. This default branch name
2026-10-10T15:29:20.4358596Z hint: will change to "main" in Git 3.0. To configure the initial branch name
2026-10-10T15:29:20.4359800Z hint: to use in all of your new repositories, which will suppress this warning,
2026-10-10T15:29:20.4360610Z hint: call:
2026-10-10T15:29:20.4361077Z hint:
2026-10-10T15:29:20.4361645Z hint: 	git config --global init.defaultBranch <name>
2026-10-10T15:29:20.4362307Z hint:
2026-10-10T15:29:20.4362945Z hint: Names commonly chosen instead of 'master' are 'main', 'trunk' and
2026-10-10T15:29:20.4363940Z hint: 'development'. The just-created branch can be renamed via this command:
2026-10-10T15:29:20.4364740Z hint:
2026-10-10T15:29:20.4365488Z hint: 	git branch -m <name>
2026-10-10T15:29:20.4366036Z hint:
2026-10-10T15:29:20.4366723Z hint: Disable this message with "git config set advice.defaultBranchName false"
2026-10-10T15:29:20.4371764Z Initialized empty Git repository in /home/runner/work/WetLabEngine/WetLabEngine/research_snapshot/.git/
2026-10-10T15:29:20.4381224Z [command]/usr/bin/git remote add origin https://github.com/proteinfoldingengine/WetLabEngine
2026-10-10T15:29:20.4418183Z ##[endgroup]
2026-10-10T15:29:20.4419893Z ##[group]Disabling automatic garbage collection
2026-10-10T15:29:20.4421369Z [command]/usr/bin/git config --local gc.auto 0
2026-10-10T15:29:20.4446864Z ##[endgroup]
2026-10-10T15:29:20.4448589Z ##[group]Setting up auth
2026-10-10T15:29:20.4450962Z [command]/usr/bin/git config --local --name-only --get-regexp core\.sshCommand
2026-10-10T15:29:20.4477381Z [command]/usr/bin/git submodule foreach --recursive sh -c "git config --local --name-only --get-regexp 'core\.sshCommand' && git config --local --unset-all 'core.sshCommand' || :"
2026-10-10T15:29:20.4771090Z [command]/usr/bin/git config --local --name-only --get-regexp http\.https\:\/\/github\.com\/\.extraheader
2026-10-10T15:29:20.4810978Z [command]/usr/bin/git submodule foreach --recursive sh -c "git config --local --name-only --get-regexp 'http\.https\:\/\/github\.com\/\.extraheader' && git config --local --unset-all 'http.https://github.com/.extraheader' || :"
2026-10-10T15:29:20.5006338Z [command]/usr/bin/git config --local --name-only --get-regexp ^includeIf\.gitdir:
2026-10-10T15:29:20.5041659Z [command]/usr/bin/git submodule foreach --recursive git config --local --show-origin --name-only --get-regexp remote.origin.url
2026-10-10T15:29:20.5215874Z [command]/usr/bin/git config --local http.https://github.com/.extraheader AUTHORIZATION: basic ***
2026-10-10T15:29:20.5247488Z ##[endgroup]
2026-10-10T15:29:20.5249038Z ##[group]Fetching the repository
2026-10-10T15:29:20.5259195Z [command]/usr/bin/git -c protocol.version=2 fetch --no-tags --prune --no-recurse-submodules --filter=blob:none --depth=1 origin +9096ecef1b3ddba39fa34f54d6aa0e9d1c58e7ba:refs/remotes/origin/research/uqcf-overlapping-guard-exchange
2026-10-10T15:29:21.1584352Z From https://github.com/proteinfoldingengine/WetLabEngine
2026-10-10T15:29:21.1587599Z  * [new ref]         9096ecef1b3ddba39fa34f54d6aa0e9d1c58e7ba -> origin/research/uqcf-overlapping-guard-exchange
2026-10-10T15:29:21.1592363Z ##[endgroup]
2026-10-10T15:29:21.1593895Z ##[group]Determining the checkout info
2026-10-10T15:29:21.1596068Z ##[endgroup]
2026-10-10T15:29:21.1598516Z ##[group]Setting up sparse checkout
2026-10-10T15:29:21.1601468Z [command]/usr/bin/git sparse-checkout set ResearchHistory/UQCF-GEM/research/physical-bridge
2026-10-10T15:29:21.1638783Z ##[endgroup]
2026-10-10T15:29:21.1641174Z ##[group]Checking out the ref
2026-10-10T15:29:21.1646111Z [command]/usr/bin/git checkout --progress --force -B research/uqcf-overlapping-guard-exchange refs/remotes/origin/research/uqcf-overlapping-guard-exchange
2026-10-10T15:29:22.5186780Z Updating files:   0% (1/938)
2026-10-10T15:29:22.5189016Z Updating files:   1% (10/938)
2026-10-10T15:29:22.5193280Z Updating files:   2% (19/938)
2026-10-10T15:29:22.5198055Z Updating files:   3% (29/938)
2026-10-10T15:29:22.5203430Z Updating files:   4% (38/938)
2026-10-10T15:29:22.5208251Z Updating files:   5% (47/938)
2026-10-10T15:29:22.5211478Z Updating files:   6% (57/938)
2026-10-10T15:29:22.5218965Z Updating files:   7% (66/938)
2026-10-10T15:29:22.5222473Z Updating files:   8% (76/938)
2026-10-10T15:29:22.5227552Z Updating files:   9% (85/938)
2026-10-10T15:29:22.5231303Z Updating files:  10% (94/938)
2026-10-10T15:29:22.5235077Z Updating files:  11% (104/938)
2026-10-10T15:29:22.5239384Z Updating files:  12% (113/938)
2026-10-10T15:29:22.5244836Z Updating files:  13% (122/938)
2026-10-10T15:29:22.5249502Z Updating files:  14% (132/938)
2026-10-10T15:29:22.5253062Z Updating files:  15% (141/938)
2026-10-10T15:29:22.5256809Z Updating files:  16% (151/938)
2026-10-10T15:29:22.5260110Z Updating files:  17% (160/938)
2026-10-10T15:29:22.5265166Z Updating files:  18% (169/938)
2026-10-10T15:29:22.5269608Z Updating files:  19% (179/938)
2026-10-10T15:29:22.5273410Z Updating files:  20% (188/938)
2026-10-10T15:29:22.5277637Z Updating files:  21% (197/938)
2026-10-10T15:29:22.5281690Z Updating files:  22% (207/938)
2026-10-10T15:29:22.5286353Z Updating files:  23% (216/938)
2026-10-10T15:29:22.5290387Z Updating files:  24% (226/938)
2026-10-10T15:29:22.5294800Z Updating files:  25% (235/938)
2026-10-10T15:29:22.5299838Z Updating files:  26% (244/938)
2026-10-10T15:29:22.5303814Z Updating files:  27% (254/938)
2026-10-10T15:29:22.5308213Z Updating files:  28% (263/938)
2026-10-10T15:29:22.5315074Z Updating files:  29% (273/938)
2026-10-10T15:29:22.5325608Z Updating files:  30% (282/938)
2026-10-10T15:29:22.5326315Z Updating files:  31% (291/938)
2026-10-10T15:29:22.5330029Z Updating files:  32% (301/938)
2026-10-10T15:29:22.5334717Z Updating files:  33% (310/938)
2026-10-10T15:29:22.5340595Z Updating files:  34% (319/938)
2026-10-10T15:29:22.5346983Z Updating files:  35% (329/938)
2026-10-10T15:29:22.5353621Z Updating files:  36% (338/938)
2026-10-10T15:29:22.5361276Z Updating files:  37% (348/938)
2026-10-10T15:29:22.5365859Z Updating files:  38% (357/938)
2026-10-10T15:29:22.5375692Z Updating files:  39% (366/938)
2026-10-10T15:29:22.5378867Z Updating files:  40% (376/938)
2026-10-10T15:29:22.5380984Z Updating files:  41% (385/938)
2026-10-10T15:29:22.5391059Z Updating files:  42% (394/938)
2026-10-10T15:29:22.5397289Z Updating files:  43% (404/938)
2026-10-10T15:29:22.5402104Z Updating files:  44% (413/938)
2026-10-10T15:29:22.5413673Z Updating files:  45% (423/938)
2026-10-10T15:29:22.5416973Z Updating files:  46% (432/938)
2026-10-10T15:29:22.5421434Z Updating files:  47% (441/938)
2026-10-10T15:29:22.5432056Z Updating files:  48% (451/938)
2026-10-10T15:29:22.5443633Z Updating files:  49% (460/938)
2026-10-10T15:29:22.5446816Z Updating files:  50% (469/938)
2026-10-10T15:29:22.5451493Z Updating files:  51% (479/938)
2026-10-10T15:29:22.5463146Z Updating files:  52% (488/938)
2026-10-10T15:29:22.5470854Z Updating files:  53% (498/938)
2026-10-10T15:29:22.5477041Z Updating files:  54% (507/938)
2026-10-10T15:29:22.5487077Z Updating files:  55% (516/938)
2026-10-10T15:29:22.5493516Z Updating files:  56% (526/938)
2026-10-10T15:29:22.5498225Z Updating files:  57% (535/938)
2026-10-10T15:29:22.5531123Z Updating files:  58% (545/938)
2026-10-10T15:29:22.5533846Z Updating files:  59% (554/938)
2026-10-10T15:29:22.5540310Z Updating files:  60% (563/938)
2026-10-10T15:29:22.5543414Z Updating files:  61% (573/938)
2026-10-10T15:29:22.5547717Z Updating files:  62% (582/938)
2026-10-10T15:29:22.5554994Z Updating files:  63% (591/938)
2026-10-10T15:29:22.5559095Z Updating files:  64% (601/938)
2026-10-10T15:29:22.5567405Z Updating files:  65% (610/938)
2026-10-10T15:29:22.5574567Z Updating files:  66% (620/938)
2026-10-10T15:29:22.5582840Z Updating files:  67% (629/938)
2026-10-10T15:29:22.5588258Z Updating files:  68% (638/938)
2026-10-10T15:29:22.5592866Z Updating files:  69% (648/938)
2026-10-10T15:29:22.5599419Z Updating files:  70% (657/938)
2026-10-10T15:29:22.5602545Z Updating files:  71% (666/938)
2026-10-10T15:29:22.5607294Z Updating files:  72% (676/938)
2026-10-10T15:29:22.5612727Z Updating files:  73% (685/938)
2026-10-10T15:29:22.5617248Z Updating files:  74% (695/938)
2026-10-10T15:29:22.5622553Z Updating files:  75% (704/938)
2026-10-10T15:29:22.5630116Z Updating files:  76% (713/938)
2026-10-10T15:29:22.5636344Z Updating files:  77% (723/938)
2026-10-10T15:29:22.5640045Z Updating files:  78% (732/938)
2026-10-10T15:29:22.5649318Z Updating files:  79% (742/938)
2026-10-10T15:29:22.5654256Z Updating files:  80% (751/938)
2026-10-10T15:29:22.5657525Z Updating files:  81% (760/938)
2026-10-10T15:29:22.5663715Z Updating files:  82% (770/938)
2026-10-10T15:29:22.5693584Z Updating files:  83% (779/938)
2026-10-10T15:29:22.5696669Z Updating files:  84% (788/938)
2026-10-10T15:29:22.5699797Z Updating files:  85% (798/938)
2026-10-10T15:29:22.5704651Z Updating files:  86% (807/938)
2026-10-10T15:29:22.5707420Z Updating files:  87% (817/938)
2026-10-10T15:29:22.5731324Z Updating files:  88% (826/938)
2026-10-10T15:29:22.5734394Z Updating files:  89% (835/938)
2026-10-10T15:29:22.5737715Z Updating files:  90% (845/938)
2026-10-10T15:29:22.5742566Z Updating files:  91% (854/938)
2026-10-10T15:29:22.5747439Z Updating files:  92% (863/938)
2026-10-10T15:29:22.5750883Z Updating files:  93% (873/938)
2026-10-10T15:29:22.5755448Z Updating files:  94% (882/938)
2026-10-10T15:29:22.5760843Z Updating files:  95% (892/938)
2026-10-10T15:29:22.5766115Z Updating files:  96% (901/938)
2026-10-10T15:29:22.5770766Z Updating files:  97% (910/938)
2026-10-10T15:29:22.5774816Z Updating files:  98% (920/938)
2026-10-10T15:29:22.5779844Z Updating files:  99% (929/938)
2026-10-10T15:29:22.5780383Z Updating files: 100% (938/938)
2026-10-10T15:29:22.5780864Z Updating files: 100% (938/938), done.
2026-10-10T15:29:22.5900325Z Switched to a new branch 'research/uqcf-overlapping-guard-exchange'
2026-10-10T15:29:22.5905369Z branch 'research/uqcf-overlapping-guard-exchange' set up to track 'origin/research/uqcf-overlapping-guard-exchange'.
2026-10-10T15:29:22.5913324Z ##[endgroup]
2026-10-10T15:29:22.5952422Z [command]/usr/bin/git log -1 --format=%H
2026-10-10T15:29:22.5973319Z 9096ecef1b3ddba39fa34f54d6aa0e9d1c58e7ba
2026-10-10T15:29:22.5983684Z ##[group]Removing auth
2026-10-10T15:29:22.5985849Z [command]/usr/bin/git config --local --name-only --get-regexp core\.sshCommand
2026-10-10T15:29:22.6011070Z [command]/usr/bin/git submodule foreach --recursive sh -c "git config --local --name-only --get-regexp 'core\.sshCommand' && git config --local --unset-all 'core.sshCommand' || :"
2026-10-10T15:29:22.6194156Z [command]/usr/bin/git config --local --name-only --get-regexp http\.https\:\/\/github\.com\/\.extraheader
2026-10-10T15:29:22.6215355Z http.https://github.com/.extraheader
2026-10-10T15:29:22.6221900Z [command]/usr/bin/git config --local --unset-all http.https://github.com/.extraheader
2026-10-10T15:29:22.6247070Z [command]/usr/bin/git submodule foreach --recursive sh -c "git config --local --name-only --get-regexp 'http\.https\:\/\/github\.com\/\.extraheader' && git config --local --unset-all 'http.https://github.com/.extraheader' || :"
2026-10-10T15:29:22.6421570Z [command]/usr/bin/git config --local --name-only --get-regexp ^includeIf\.gitdir:
2026-10-10T15:29:22.6443858Z [command]/usr/bin/git submodule foreach --recursive git config --local --show-origin --name-only --get-regexp remote.origin.url
2026-10-10T15:29:22.6619218Z ##[endgroup]
2026-10-10T15:29:22.6811831Z ##[group]Run actions/download-artifact@v4
2026-10-10T15:29:22.6812178Z with:
2026-10-10T15:29:22.6812447Z   name: c3-handover-graph-verification
2026-10-10T15:29:22.6812764Z   path: handover_fresh
2026-10-10T15:29:22.6813046Z   merge-multiple: false
2026-10-10T15:29:22.6813366Z   repository: proteinfoldingengine/WetLabEngine
2026-10-10T15:29:22.6813705Z   run-id: 38063679686
2026-10-10T15:29:22.6813956Z ##[endgroup]
2026-10-10T15:29:22.8236394Z Downloading single artifact
2026-10-10T15:29:22.8408714Z (node:2390) [DEP0040] DeprecationWarning: The `punycode` module is deprecated. Please use a userland alternative instead.
2026-10-10T15:29:22.8410013Z (Use `node --trace-deprecation ...` to show where the warning was created)
2026-10-10T15:29:23.0704739Z Preparing to download the following artifacts:
2026-10-10T15:29:23.0706177Z - c3-handover-graph-verification (ID: 11674175469, Size: 117778, Expected Digest: sha256:f2ddea10853be67b16a05f0455bf13fb57ceb2a81b782231dbde71b96677c473)
2026-10-10T15:29:23.2894826Z Redirecting to blob download url: https://productionresultssa0.blob.core.windows.net/actions-results/662d70f5-1f35-851c-9177-45de6c7919b3/workflow-job-run-f55034d9-b9f9-56b8-a0f6-a41768e208c3/artifacts/e300c7519e51e53720b85d090f398aee795b546cf8d16ea99d322bd855c0883b.zip
2026-10-10T15:29:23.2896757Z Starting download of artifact to: /home/runner/work/WetLabEngine/WetLabEngine/handover_fresh
2026-10-10T15:29:23.5160129Z (node:2390) [DEP0005] DeprecationWarning: Buffer() is deprecated due to security and usability issues. Please use the Buffer.alloc(), Buffer.allocUnsafe(), or Buffer.from() methods instead.
2026-10-10T15:29:23.6254536Z SHA256 digest of downloaded artifact is f2ddea10853be67b16a05f0455bf13fb57ceb2a81b782231dbde71b96677c473
2026-10-10T15:29:23.6255245Z Artifact download completed successfully.
2026-10-10T15:29:23.6255543Z Total of 1 artifact(s) downloaded
2026-10-10T15:29:23.6259955Z Download artifact has finished successfully
2026-10-10T15:29:23.6356615Z ##[group]Run set -euo pipefail
2026-10-10T15:29:23.6357014Z [36;1mset -euo pipefail[0m
2026-10-10T15:29:23.6357404Z [36;1mtest "$(git -C research_snapshot rev-parse HEAD)" = "$GITHUB_SHA"[0m
2026-10-10T15:29:23.6357915Z [36;1mROOT=research_snapshot/ResearchHistory/UQCF-GEM/research/physical-bridge[0m
2026-10-10T15:29:23.6358401Z [36;1mpython3 "$ROOT/handover_graph/producer.py" /tmp/fresh.json[0m
2026-10-10T15:29:23.6358819Z [36;1mcmp /tmp/fresh.json handover_fresh/certificate.json[0m
2026-10-10T15:29:23.6359365Z [36;1mpython3 "$ROOT/handover_graph/independent.py" /tmp/fresh.json | tee handover_fresh/fresh_independent.json[0m
2026-10-10T15:29:23.6536332Z shell: /usr/bin/bash --noprofile --norc -e -o pipefail {0}
2026-10-10T15:29:23.6536713Z ##[endgroup]
2026-10-10T15:29:27.4089112Z {"compressed_components": 1582, "compressed_edges": 9504, "compressed_vertices": 5016, "floor_cases": 4896, "full_components": 1582, "full_edges": 36480, "full_hidden_slice_checks": 161208, "full_states": 18648, "lifted_slice_checks": 29664, "nonmonotone_only_cases": 0, "regions": 177, "sources": 2448}
2026-10-10T15:29:38.6170448Z {"compressed_components": 1582, "compressed_edges": 9504, "compressed_vertices": 5016, "floor_cases": 4896, "full_components": 1582, "full_edges": 36480, "full_hidden_slice_checks": 161208, "full_states": 18648, "lifted_slice_checks": 29664, "nonmonotone_only_cases": 0, "regions": 177, "sources": 2448}
2026-10-10T15:29:38.7787964Z ##[group]Run actions/upload-artifact@v4
2026-10-10T15:29:38.7788246Z with:
2026-10-10T15:29:38.7788485Z   name: c3-handover-graph-fresh-reproduction
2026-10-10T15:29:38.7788799Z   path: handover_fresh/
2026-10-10T15:29:38.7789049Z   if-no-files-found: warn
2026-10-10T15:29:38.7789279Z   compression-level: 6
2026-10-10T15:29:38.7789495Z   overwrite: false
2026-10-10T15:29:38.7789709Z   include-hidden-files: false
2026-10-10T15:29:38.7789955Z ##[endgroup]
2026-10-10T15:29:38.9398919Z (node:2412) [DEP0040] DeprecationWarning: The `punycode` module is deprecated. Please use a userland alternative instead.
2026-10-10T15:29:38.9399602Z (Use `node --trace-deprecation ...` to show where the warning was created)
2026-10-10T15:29:38.9501281Z With the provided path, there will be 19 files uploaded
2026-10-10T15:29:38.9502180Z Artifact name is valid!
2026-10-10T15:29:38.9502595Z Root directory input is valid!
2026-10-10T15:29:39.3249813Z Beginning upload of artifact content to blob storage
2026-10-10T15:29:39.3925241Z (node:2412) [DEP0169] DeprecationWarning: `url.parse()` behavior is not standardized and prone to errors that have security implications. Use the WHATWG URL API instead. CVEs are not issued for `url.parse()` vulnerabilities.
2026-10-10T15:29:39.7605677Z Uploaded bytes 118084
2026-10-10T15:29:39.8246713Z Finished uploading artifact content to blob storage!
2026-10-10T15:29:39.8247566Z SHA256 digest of uploaded artifact zip is 726aabf97a8adfb8404dd958fe45bc35e221e939ed11b7ac30b90319b39337ba
2026-10-10T15:29:39.8249477Z Finalizing artifact upload
2026-10-10T15:29:40.0763603Z Artifact c3-handover-graph-fresh-reproduction.zip successfully finalized. Artifact ID 11673829345
2026-10-10T15:29:40.0765464Z Artifact c3-handover-graph-fresh-reproduction has been successfully uploaded! Final size is 118084 bytes. Artifact ID is 11673829345
2026-10-10T15:29:40.0773138Z Artifact download URL: https://github.com/proteinfoldingengine/WetLabEngine/actions/runs/38063679686/artifacts/11673829345
2026-10-10T15:29:40.0947211Z Post job cleanup.
2026-10-10T15:29:40.1796145Z [command]/usr/bin/git version
2026-10-10T15:29:40.1834703Z git version 2.55.0
2026-10-10T15:29:40.1872023Z Temporarily overriding HOME='/home/runner/work/_temp/f6025204-9de7-4b2c-a4ac-0f3aa9a34305' before making global git config changes
2026-10-10T15:29:40.1873401Z Adding repository directory to the temporary git global config as a safe directory
2026-10-10T15:29:40.1879006Z [command]/usr/bin/git config --global --add safe.directory /home/runner/work/WetLabEngine/WetLabEngine/research_snapshot
2026-10-10T15:29:40.1915700Z [command]/usr/bin/git config --local --name-only --get-regexp core\.sshCommand
2026-10-10T15:29:40.1947435Z [command]/usr/bin/git submodule foreach --recursive sh -c "git config --local --name-only --get-regexp 'core\.sshCommand' && git config --local --unset-all 'core.sshCommand' || :"
2026-10-10T15:29:40.2157287Z [command]/usr/bin/git config --local --name-only --get-regexp http\.https\:\/\/github\.com\/\.extraheader
2026-10-10T15:29:40.2186548Z [command]/usr/bin/git submodule foreach --recursive sh -c "git config --local --name-only --get-regexp 'http\.https\:\/\/github\.com\/\.extraheader' && git config --local --unset-all 'http.https://github.com/.extraheader' || :"
2026-10-10T15:29:40.2423288Z [command]/usr/bin/git config --local --name-only --get-regexp ^includeIf\.gitdir:
2026-10-10T15:29:40.2451984Z [command]/usr/bin/git submodule foreach --recursive git config --local --show-origin --name-only --get-regexp remote.origin.url
2026-10-10T15:29:40.2823357Z Cleaning up orphan processes
2026-10-10T15:29:40.3154026Z ##[warning]Node.js 20 is deprecated. The following actions target Node.js 20 but are being forced to run on Node.js 24: actions/checkout@v4, actions/download-artifact@v4, actions/upload-artifact@v4. For more information see: https://github.blog/changelog/2025-09-19-deprecation-of-node-20-on-github-actions-runners/
