2026-10-10T15:31:31.7386891Z Current runner version: '2.337.0'
2026-10-10T15:31:31.7418796Z ##[group]Runner Image Provisioner
2026-10-10T15:31:31.7419689Z Hosted Compute Agent
2026-10-10T15:31:31.7420397Z Version: 20261002.596
2026-10-10T15:31:31.7421045Z Commit: c3d12f3313a95f25162a1503be624f3b0617f8c0
2026-10-10T15:31:31.7422073Z Build Date: 2026-10-02T22:28:27Z
2026-10-10T15:31:31.7422777Z Worker ID: {b65631bf-111b-42f4-af6b-e871fb7d99d2}
2026-10-10T15:31:31.7423459Z Region: southcentralus
2026-10-10T15:31:31.7424002Z Cloud: Azure
2026-10-10T15:31:31.7424598Z ##[endgroup]
2026-10-10T15:31:31.7426601Z ##[group]Operating System
2026-10-10T15:31:31.7427262Z Ubuntu
2026-10-10T15:31:31.7427772Z 24.04.5
2026-10-10T15:31:31.7428249Z LTS
2026-10-10T15:31:31.7428786Z ##[endgroup]
2026-10-10T15:31:31.7429333Z ##[group]Runner Image
2026-10-10T15:31:31.7429912Z Image: ubuntu-24.04
2026-10-10T15:31:31.7430468Z Version: 20261004.327.1
2026-10-10T15:31:31.7431967Z Included Software: https://github.com/actions/runner-images/blob/ubuntu24/20261004.327/images/ubuntu/Ubuntu2404-Readme.md
2026-10-10T15:31:31.7433498Z Image Release: https://github.com/actions/runner-images/releases/tag/ubuntu24%2F20261004.327
2026-10-10T15:31:31.7434810Z ##[endgroup]
2026-10-10T15:31:31.7435922Z ##[group]GITHUB_TOKEN Permissions
2026-10-10T15:31:31.7438272Z Contents: read
2026-10-10T15:31:31.7438925Z Metadata: read
2026-10-10T15:31:31.7439446Z ##[endgroup]
2026-10-10T15:31:31.7441638Z Secret source: Actions
2026-10-10T15:31:31.7442789Z Cache mode: write
2026-10-10T15:31:31.7443518Z Prepare workflow directory
2026-10-10T15:31:31.8746522Z Prepare all required actions
2026-10-10T15:31:31.8799950Z Getting action download info
2026-10-10T15:31:32.1518623Z Download action repository 'actions/checkout@v4' (SHA:11d5960a326750d5838078e36cf38b85af677262)
2026-10-10T15:31:32.2524361Z Download action repository 'actions/download-artifact@v4' (SHA:d3f86a106a0bac45b974a628896c90dbdf5c8093)
2026-10-10T15:31:32.8585554Z Download action repository 'actions/upload-artifact@v4' (SHA:ea165f8d65b6e75b540449e92b4886f43607fa02)
2026-10-10T15:31:33.1162926Z Complete job name: fresh-reproduction
2026-10-10T15:31:33.1935563Z ##[group]Run actions/checkout@v4
2026-10-10T15:31:33.1936565Z with:
2026-10-10T15:31:33.1937099Z   path: research_snapshot
2026-10-10T15:31:33.1937716Z   persist-credentials: false
2026-10-10T15:31:33.1938592Z   sparse-checkout: ResearchHistory/UQCF-GEM/research/physical-bridge
2026-10-10T15:31:33.1939581Z   repository: proteinfoldingengine/WetLabEngine
2026-10-10T15:31:33.1944844Z   token: ***
2026-10-10T15:31:33.1945390Z   ssh-strict: true
2026-10-10T15:31:33.1945903Z   ssh-user: git
2026-10-10T15:31:33.1946439Z   clean: true
2026-10-10T15:31:33.1946974Z   sparse-checkout-cone-mode: true
2026-10-10T15:31:33.1947652Z   fetch-depth: 1
2026-10-10T15:31:33.1948236Z   fetch-tags: false
2026-10-10T15:31:33.1948768Z   show-progress: true
2026-10-10T15:31:33.1949336Z   lfs: false
2026-10-10T15:31:33.1949832Z   submodules: false
2026-10-10T15:31:33.1950412Z   set-safe-directory: true
2026-10-10T15:31:33.1951086Z   allow-unsafe-pr-checkout: false
2026-10-10T15:31:33.1952406Z ##[endgroup]
2026-10-10T15:31:33.3000432Z Syncing repository: proteinfoldingengine/WetLabEngine
2026-10-10T15:31:33.3004263Z ##[group]Getting Git version info
2026-10-10T15:31:33.3005877Z Working directory is '/home/runner/work/WetLabEngine/WetLabEngine/research_snapshot'
2026-10-10T15:31:33.3008211Z [command]/usr/bin/git version
2026-10-10T15:31:33.3009142Z git version 2.55.0
2026-10-10T15:31:33.3028196Z ##[endgroup]
2026-10-10T15:31:33.3043016Z Temporarily overriding HOME='/home/runner/work/_temp/939ad75c-f21b-4d62-93d5-fbbf80f8c5de' before making global git config changes
2026-10-10T15:31:33.3045558Z Adding repository directory to the temporary git global config as a safe directory
2026-10-10T15:31:33.3048424Z [command]/usr/bin/git config --global --add safe.directory /home/runner/work/WetLabEngine/WetLabEngine/research_snapshot
2026-10-10T15:31:33.3101497Z ##[group]Initializing the repository
2026-10-10T15:31:33.3107259Z [command]/usr/bin/git init /home/runner/work/WetLabEngine/WetLabEngine/research_snapshot
2026-10-10T15:31:33.3208189Z hint: Using 'master' as the name for the initial branch. This default branch name
2026-10-10T15:31:33.3212544Z hint: will change to "main" in Git 3.0. To configure the initial branch name
2026-10-10T15:31:33.3214692Z hint: to use in all of your new repositories, which will suppress this warning,
2026-10-10T15:31:33.3216297Z hint: call:
2026-10-10T15:31:33.3217107Z hint:
2026-10-10T15:31:33.3218186Z hint: 	git config --global init.defaultBranch <name>
2026-10-10T15:31:33.3219465Z hint:
2026-10-10T15:31:33.3220646Z hint: Names commonly chosen instead of 'master' are 'main', 'trunk' and
2026-10-10T15:31:33.3223568Z hint: 'development'. The just-created branch can be renamed via this command:
2026-10-10T15:31:33.3225321Z hint:
2026-10-10T15:31:33.3226371Z hint: 	git branch -m <name>
2026-10-10T15:31:33.3227394Z hint:
2026-10-10T15:31:33.3228654Z hint: Disable this message with "git config set advice.defaultBranchName false"
2026-10-10T15:31:33.3231675Z Initialized empty Git repository in /home/runner/work/WetLabEngine/WetLabEngine/research_snapshot/.git/
2026-10-10T15:31:33.3236021Z [command]/usr/bin/git remote add origin https://github.com/proteinfoldingengine/WetLabEngine
2026-10-10T15:31:33.3270495Z ##[endgroup]
2026-10-10T15:31:33.3272181Z ##[group]Disabling automatic garbage collection
2026-10-10T15:31:33.3273895Z [command]/usr/bin/git config --local gc.auto 0
2026-10-10T15:31:33.3306802Z ##[endgroup]
2026-10-10T15:31:33.3307945Z ##[group]Setting up auth
2026-10-10T15:31:33.3314242Z [command]/usr/bin/git config --local --name-only --get-regexp core\.sshCommand
2026-10-10T15:31:33.3347795Z [command]/usr/bin/git submodule foreach --recursive sh -c "git config --local --name-only --get-regexp 'core\.sshCommand' && git config --local --unset-all 'core.sshCommand' || :"
2026-10-10T15:31:33.3703591Z [command]/usr/bin/git config --local --name-only --get-regexp http\.https\:\/\/github\.com\/\.extraheader
2026-10-10T15:31:33.3736635Z [command]/usr/bin/git submodule foreach --recursive sh -c "git config --local --name-only --get-regexp 'http\.https\:\/\/github\.com\/\.extraheader' && git config --local --unset-all 'http.https://github.com/.extraheader' || :"
2026-10-10T15:31:33.3955357Z [command]/usr/bin/git config --local --name-only --get-regexp ^includeIf\.gitdir:
2026-10-10T15:31:33.3989941Z [command]/usr/bin/git submodule foreach --recursive git config --local --show-origin --name-only --get-regexp remote.origin.url
2026-10-10T15:31:33.4187667Z [command]/usr/bin/git config --local http.https://github.com/.extraheader AUTHORIZATION: basic ***
2026-10-10T15:31:33.4428373Z ##[endgroup]
2026-10-10T15:31:33.4429943Z ##[group]Fetching the repository
2026-10-10T15:31:33.4441642Z [command]/usr/bin/git -c protocol.version=2 fetch --no-tags --prune --no-recurse-submodules --filter=blob:none --depth=1 origin +c2669a01bd73ad853aaea1beac19e217c1894e70:refs/remotes/origin/research/uqcf-overlapping-guard-exchange
2026-10-10T15:31:33.9872147Z From https://github.com/proteinfoldingengine/WetLabEngine
2026-10-10T15:31:33.9876540Z  * [new ref]         c2669a01bd73ad853aaea1beac19e217c1894e70 -> origin/research/uqcf-overlapping-guard-exchange
2026-10-10T15:31:33.9882002Z ##[endgroup]
2026-10-10T15:31:33.9883885Z ##[group]Determining the checkout info
2026-10-10T15:31:33.9886293Z ##[endgroup]
2026-10-10T15:31:33.9888070Z ##[group]Setting up sparse checkout
2026-10-10T15:31:33.9890156Z [command]/usr/bin/git sparse-checkout set ResearchHistory/UQCF-GEM/research/physical-bridge
2026-10-10T15:31:33.9935392Z ##[endgroup]
2026-10-10T15:31:33.9937286Z ##[group]Checking out the ref
2026-10-10T15:31:33.9940912Z [command]/usr/bin/git checkout --progress --force -B research/uqcf-overlapping-guard-exchange refs/remotes/origin/research/uqcf-overlapping-guard-exchange
2026-10-10T15:31:35.2723703Z Updating files:   0% (1/940)
2026-10-10T15:31:35.2733563Z Updating files:   1% (10/940)
2026-10-10T15:31:35.2734329Z Updating files:   2% (19/940)
2026-10-10T15:31:35.2736589Z Updating files:   3% (29/940)
2026-10-10T15:31:35.2743168Z Updating files:   4% (38/940)
2026-10-10T15:31:35.2748010Z Updating files:   5% (47/940)
2026-10-10T15:31:35.2751066Z Updating files:   6% (57/940)
2026-10-10T15:31:35.2760451Z Updating files:   7% (66/940)
2026-10-10T15:31:35.2764325Z Updating files:   8% (76/940)
2026-10-10T15:31:35.2769248Z Updating files:   9% (85/940)
2026-10-10T15:31:35.2773502Z Updating files:  10% (94/940)
2026-10-10T15:31:35.2777424Z Updating files:  11% (104/940)
2026-10-10T15:31:35.2782631Z Updating files:  12% (113/940)
2026-10-10T15:31:35.2787998Z Updating files:  13% (123/940)
2026-10-10T15:31:35.2792990Z Updating files:  14% (132/940)
2026-10-10T15:31:35.2797320Z Updating files:  15% (141/940)
2026-10-10T15:31:35.2800861Z Updating files:  16% (151/940)
2026-10-10T15:31:35.2805297Z Updating files:  17% (160/940)
2026-10-10T15:31:35.2810183Z Updating files:  18% (170/940)
2026-10-10T15:31:35.2815074Z Updating files:  19% (179/940)
2026-10-10T15:31:35.2820071Z Updating files:  20% (188/940)
2026-10-10T15:31:35.2823810Z Updating files:  21% (198/940)
2026-10-10T15:31:35.2829850Z Updating files:  22% (207/940)
2026-10-10T15:31:35.2833676Z Updating files:  23% (217/940)
2026-10-10T15:31:35.2837893Z Updating files:  24% (226/940)
2026-10-10T15:31:35.2843037Z Updating files:  25% (235/940)
2026-10-10T15:31:35.2848004Z Updating files:  26% (245/940)
2026-10-10T15:31:35.2853405Z Updating files:  27% (254/940)
2026-10-10T15:31:35.2857819Z Updating files:  28% (264/940)
2026-10-10T15:31:35.2862675Z Updating files:  29% (273/940)
2026-10-10T15:31:35.2869191Z Updating files:  30% (282/940)
2026-10-10T15:31:35.2872850Z Updating files:  31% (292/940)
2026-10-10T15:31:35.2877729Z Updating files:  32% (301/940)
2026-10-10T15:31:35.2883016Z Updating files:  33% (311/940)
2026-10-10T15:31:35.2888264Z Updating files:  34% (320/940)
2026-10-10T15:31:35.2895415Z Updating files:  35% (329/940)
2026-10-10T15:31:35.2901499Z Updating files:  36% (339/940)
2026-10-10T15:31:35.2909767Z Updating files:  37% (348/940)
2026-10-10T15:31:35.2914363Z Updating files:  38% (358/940)
2026-10-10T15:31:35.2924278Z Updating files:  39% (367/940)
2026-10-10T15:31:35.2927422Z Updating files:  40% (376/940)
2026-10-10T15:31:35.2929688Z Updating files:  41% (386/940)
2026-10-10T15:31:35.2938785Z Updating files:  42% (395/940)
2026-10-10T15:31:35.2946394Z Updating files:  43% (405/940)
2026-10-10T15:31:35.2957386Z Updating files:  44% (414/940)
2026-10-10T15:31:35.2965716Z Updating files:  45% (423/940)
2026-10-10T15:31:35.2968679Z Updating files:  46% (433/940)
2026-10-10T15:31:35.2972849Z Updating files:  47% (442/940)
2026-10-10T15:31:35.2983388Z Updating files:  48% (452/940)
2026-10-10T15:31:35.2996199Z Updating files:  49% (461/940)
2026-10-10T15:31:35.3000042Z Updating files:  50% (470/940)
2026-10-10T15:31:35.3005237Z Updating files:  51% (480/940)
2026-10-10T15:31:35.3017270Z Updating files:  52% (489/940)
2026-10-10T15:31:35.3025203Z Updating files:  53% (499/940)
2026-10-10T15:31:35.3030724Z Updating files:  54% (508/940)
2026-10-10T15:31:35.3038959Z Updating files:  55% (517/940)
2026-10-10T15:31:35.3047346Z Updating files:  56% (527/940)
2026-10-10T15:31:35.3052679Z Updating files:  57% (536/940)
2026-10-10T15:31:35.3093929Z Updating files:  58% (546/940)
2026-10-10T15:31:35.3096810Z Updating files:  59% (555/940)
2026-10-10T15:31:35.3103732Z Updating files:  60% (564/940)
2026-10-10T15:31:35.3106568Z Updating files:  61% (574/940)
2026-10-10T15:31:35.3110259Z Updating files:  62% (583/940)
2026-10-10T15:31:35.3118226Z Updating files:  63% (593/940)
2026-10-10T15:31:35.3121057Z Updating files:  64% (602/940)
2026-10-10T15:31:35.3129537Z Updating files:  65% (611/940)
2026-10-10T15:31:35.3138174Z Updating files:  66% (621/940)
2026-10-10T15:31:35.3147916Z Updating files:  67% (630/940)
2026-10-10T15:31:35.3153776Z Updating files:  68% (640/940)
2026-10-10T15:31:35.3158225Z Updating files:  69% (649/940)
2026-10-10T15:31:35.3164650Z Updating files:  70% (658/940)
2026-10-10T15:31:35.3166998Z Updating files:  71% (668/940)
2026-10-10T15:31:35.3171885Z Updating files:  72% (677/940)
2026-10-10T15:31:35.3177212Z Updating files:  73% (687/940)
2026-10-10T15:31:35.3181307Z Updating files:  74% (696/940)
2026-10-10T15:31:35.3186778Z Updating files:  75% (705/940)
2026-10-10T15:31:35.3194953Z Updating files:  76% (715/940)
2026-10-10T15:31:35.3201426Z Updating files:  77% (724/940)
2026-10-10T15:31:35.3204064Z Updating files:  78% (734/940)
2026-10-10T15:31:35.3214135Z Updating files:  79% (743/940)
2026-10-10T15:31:35.3219443Z Updating files:  80% (752/940)
2026-10-10T15:31:35.3221647Z Updating files:  81% (762/940)
2026-10-10T15:31:35.3228746Z Updating files:  82% (771/940)
2026-10-10T15:31:35.3266608Z Updating files:  83% (781/940)
2026-10-10T15:31:35.3267885Z Updating files:  84% (790/940)
2026-10-10T15:31:35.3271973Z Updating files:  85% (799/940)
2026-10-10T15:31:35.3276519Z Updating files:  86% (809/940)
2026-10-10T15:31:35.3279854Z Updating files:  87% (818/940)
2026-10-10T15:31:35.3307455Z Updating files:  88% (828/940)
2026-10-10T15:31:35.3310924Z Updating files:  89% (837/940)
2026-10-10T15:31:35.3314066Z Updating files:  90% (846/940)
2026-10-10T15:31:35.3318839Z Updating files:  91% (856/940)
2026-10-10T15:31:35.3323423Z Updating files:  92% (865/940)
2026-10-10T15:31:35.3326251Z Updating files:  93% (875/940)
2026-10-10T15:31:35.3329306Z Updating files:  94% (884/940)
2026-10-10T15:31:35.3336482Z Updating files:  95% (893/940)
2026-10-10T15:31:35.3341077Z Updating files:  96% (903/940)
2026-10-10T15:31:35.3345597Z Updating files:  97% (912/940)
2026-10-10T15:31:35.3349680Z Updating files:  98% (922/940)
2026-10-10T15:31:35.3354830Z Updating files:  99% (931/940)
2026-10-10T15:31:35.3357524Z Updating files: 100% (940/940)
2026-10-10T15:31:35.3358015Z Updating files: 100% (940/940), done.
2026-10-10T15:31:35.3472641Z Switched to a new branch 'research/uqcf-overlapping-guard-exchange'
2026-10-10T15:31:35.3478229Z branch 'research/uqcf-overlapping-guard-exchange' set up to track 'origin/research/uqcf-overlapping-guard-exchange'.
2026-10-10T15:31:35.3487498Z ##[endgroup]
2026-10-10T15:31:35.3531127Z [command]/usr/bin/git log -1 --format=%H
2026-10-10T15:31:35.3556918Z c2669a01bd73ad853aaea1beac19e217c1894e70
2026-10-10T15:31:35.3564492Z ##[group]Removing auth
2026-10-10T15:31:35.3567707Z [command]/usr/bin/git config --local --name-only --get-regexp core\.sshCommand
2026-10-10T15:31:35.3595420Z [command]/usr/bin/git submodule foreach --recursive sh -c "git config --local --name-only --get-regexp 'core\.sshCommand' && git config --local --unset-all 'core.sshCommand' || :"
2026-10-10T15:31:35.3802137Z [command]/usr/bin/git config --local --name-only --get-regexp http\.https\:\/\/github\.com\/\.extraheader
2026-10-10T15:31:35.3827543Z http.https://github.com/.extraheader
2026-10-10T15:31:35.3834306Z [command]/usr/bin/git config --local --unset-all http.https://github.com/.extraheader
2026-10-10T15:31:35.3863866Z [command]/usr/bin/git submodule foreach --recursive sh -c "git config --local --name-only --get-regexp 'http\.https\:\/\/github\.com\/\.extraheader' && git config --local --unset-all 'http.https://github.com/.extraheader' || :"
2026-10-10T15:31:35.4059503Z [command]/usr/bin/git config --local --name-only --get-regexp ^includeIf\.gitdir:
2026-10-10T15:31:35.4086138Z [command]/usr/bin/git submodule foreach --recursive git config --local --show-origin --name-only --get-regexp remote.origin.url
2026-10-10T15:31:35.4282712Z ##[endgroup]
2026-10-10T15:31:35.4501875Z ##[group]Run actions/download-artifact@v4
2026-10-10T15:31:35.4502387Z with:
2026-10-10T15:31:35.4502795Z   name: c3-handover-graph-verification
2026-10-10T15:31:35.4503219Z   path: handover_fresh
2026-10-10T15:31:35.4503613Z   merge-multiple: false
2026-10-10T15:31:35.4504066Z   repository: proteinfoldingengine/WetLabEngine
2026-10-10T15:31:35.4504563Z   run-id: 38063828876
2026-10-10T15:31:35.4504966Z ##[endgroup]
2026-10-10T15:31:35.6063652Z Downloading single artifact
2026-10-10T15:31:35.6213569Z (node:2369) [DEP0040] DeprecationWarning: The `punycode` module is deprecated. Please use a userland alternative instead.
2026-10-10T15:31:35.6215707Z (Use `node --trace-deprecation ...` to show where the warning was created)
2026-10-10T15:31:35.7940721Z Preparing to download the following artifacts:
2026-10-10T15:31:35.7942295Z - c3-handover-graph-verification (ID: 11673719800, Size: 117780, Expected Digest: sha256:13b2d40fdfbfe36ab03618a03eba78e87e2e51cc4a2437dbb2e74ad2e97db886)
2026-10-10T15:31:35.9849074Z Redirecting to blob download url: https://productionresultssa14.blob.core.windows.net/actions-results/49f22abb-3bf6-8cd4-beb8-939bd0456daf/workflow-job-run-dafd5ca5-8464-58ff-b060-8898af0eeed7/artifacts/e300c7519e51e53720b85d090f398aee795b546cf8d16ea99d322bd855c0883b.zip
2026-10-10T15:31:35.9851624Z Starting download of artifact to: /home/runner/work/WetLabEngine/WetLabEngine/handover_fresh
2026-10-10T15:31:36.1359490Z (node:2369) [DEP0005] DeprecationWarning: Buffer() is deprecated due to security and usability issues. Please use the Buffer.alloc(), Buffer.allocUnsafe(), or Buffer.from() methods instead.
2026-10-10T15:31:36.2096866Z SHA256 digest of downloaded artifact is 13b2d40fdfbfe36ab03618a03eba78e87e2e51cc4a2437dbb2e74ad2e97db886
2026-10-10T15:31:36.2097698Z Artifact download completed successfully.
2026-10-10T15:31:36.2098277Z Total of 1 artifact(s) downloaded
2026-10-10T15:31:36.2101797Z Download artifact has finished successfully
2026-10-10T15:31:36.2212893Z ##[group]Run set -euo pipefail
2026-10-10T15:31:36.2213531Z [36;1mset -euo pipefail[0m
2026-10-10T15:31:36.2214008Z [36;1mtest "$(git -C research_snapshot rev-parse HEAD)" = "$GITHUB_SHA"[0m
2026-10-10T15:31:36.2214608Z [36;1mROOT=research_snapshot/ResearchHistory/UQCF-GEM/research/physical-bridge[0m
2026-10-10T15:31:36.2215203Z [36;1mpython3 "$ROOT/handover_graph/producer.py" /tmp/fresh.json[0m
2026-10-10T15:31:36.2215712Z [36;1mcmp /tmp/fresh.json handover_fresh/certificate.json[0m
2026-10-10T15:31:36.2216365Z [36;1mpython3 "$ROOT/handover_graph/independent.py" /tmp/fresh.json | tee handover_fresh/fresh_independent.json[0m
2026-10-10T15:31:36.2405062Z shell: /usr/bin/bash --noprofile --norc -e -o pipefail {0}
2026-10-10T15:31:36.2405638Z ##[endgroup]
2026-10-10T15:31:39.5974222Z {"compressed_components": 1582, "compressed_edges": 9504, "compressed_vertices": 5016, "floor_cases": 4896, "full_components": 1582, "full_edges": 36480, "full_hidden_slice_checks": 161208, "full_states": 18648, "lifted_slice_checks": 29664, "nonmonotone_only_cases": 0, "regions": 177, "sources": 2448}
2026-10-10T15:31:49.0218442Z {"compressed_components": 1582, "compressed_edges": 9504, "compressed_vertices": 5016, "floor_cases": 4896, "full_components": 1582, "full_edges": 36480, "full_hidden_slice_checks": 161208, "full_states": 18648, "lifted_slice_checks": 29664, "nonmonotone_only_cases": 0, "regions": 177, "sources": 2448}
2026-10-10T15:31:49.1995957Z ##[group]Run actions/upload-artifact@v4
2026-10-10T15:31:49.1996337Z with:
2026-10-10T15:31:49.1996679Z   name: c3-handover-graph-fresh-reproduction
2026-10-10T15:31:49.1997147Z   path: handover_fresh/
2026-10-10T15:31:49.1997456Z   if-no-files-found: warn
2026-10-10T15:31:49.1997831Z   compression-level: 6
2026-10-10T15:31:49.1998142Z   overwrite: false
2026-10-10T15:31:49.1998630Z   include-hidden-files: false
2026-10-10T15:31:49.1998950Z ##[endgroup]
2026-10-10T15:31:49.3606839Z (node:2393) [DEP0040] DeprecationWarning: The `punycode` module is deprecated. Please use a userland alternative instead.
2026-10-10T15:31:49.3607925Z (Use `node --trace-deprecation ...` to show where the warning was created)
2026-10-10T15:31:49.3750199Z With the provided path, there will be 19 files uploaded
2026-10-10T15:31:49.3751640Z Artifact name is valid!
2026-10-10T15:31:49.3752255Z Root directory input is valid!
2026-10-10T15:31:49.6768216Z Beginning upload of artifact content to blob storage
2026-10-10T15:31:49.7467272Z (node:2393) [DEP0169] DeprecationWarning: `url.parse()` behavior is not standardized and prone to errors that have security implications. Use the WHATWG URL API instead. CVEs are not issued for `url.parse()` vulnerabilities.
2026-10-10T15:31:49.9951172Z Uploaded bytes 118086
2026-10-10T15:31:50.0412688Z Finished uploading artifact content to blob storage!
2026-10-10T15:31:50.0414062Z SHA256 digest of uploaded artifact zip is 85402fb20094edeba4de5322a98595e23ae07d120534d78e6c0ae6b31b6defa9
2026-10-10T15:31:50.0415494Z Finalizing artifact upload
2026-10-10T15:31:50.2737139Z Artifact c3-handover-graph-fresh-reproduction.zip successfully finalized. Artifact ID 11673979518
2026-10-10T15:31:50.2738298Z Artifact c3-handover-graph-fresh-reproduction has been successfully uploaded! Final size is 118086 bytes. Artifact ID is 11673979518
2026-10-10T15:31:50.2744990Z Artifact download URL: https://github.com/proteinfoldingengine/WetLabEngine/actions/runs/38063828876/artifacts/11673979518
2026-10-10T15:31:50.2914227Z Post job cleanup.
2026-10-10T15:31:50.3716509Z [command]/usr/bin/git version
2026-10-10T15:31:50.3753768Z git version 2.55.0
2026-10-10T15:31:50.3789813Z Temporarily overriding HOME='/home/runner/work/_temp/8d62418c-4b43-463c-9697-9c479054cfee' before making global git config changes
2026-10-10T15:31:50.3798167Z Adding repository directory to the temporary git global config as a safe directory
2026-10-10T15:31:50.3799581Z [command]/usr/bin/git config --global --add safe.directory /home/runner/work/WetLabEngine/WetLabEngine/research_snapshot
2026-10-10T15:31:50.3826981Z [command]/usr/bin/git config --local --name-only --get-regexp core\.sshCommand
2026-10-10T15:31:50.3858183Z [command]/usr/bin/git submodule foreach --recursive sh -c "git config --local --name-only --get-regexp 'core\.sshCommand' && git config --local --unset-all 'core.sshCommand' || :"
2026-10-10T15:31:50.4082890Z [command]/usr/bin/git config --local --name-only --get-regexp http\.https\:\/\/github\.com\/\.extraheader
2026-10-10T15:31:50.4111996Z [command]/usr/bin/git submodule foreach --recursive sh -c "git config --local --name-only --get-regexp 'http\.https\:\/\/github\.com\/\.extraheader' && git config --local --unset-all 'http.https://github.com/.extraheader' || :"
2026-10-10T15:31:50.4331889Z [command]/usr/bin/git config --local --name-only --get-regexp ^includeIf\.gitdir:
2026-10-10T15:31:50.4371784Z [command]/usr/bin/git submodule foreach --recursive git config --local --show-origin --name-only --get-regexp remote.origin.url
2026-10-10T15:31:50.4747292Z Cleaning up orphan processes
2026-10-10T15:31:50.5017812Z ##[warning]Node.js 20 is deprecated. The following actions target Node.js 20 but are being forced to run on Node.js 24: actions/checkout@v4, actions/download-artifact@v4, actions/upload-artifact@v4. For more information see: https://github.blog/changelog/2025-09-19-deprecation-of-node-20-on-github-actions-runners/
