2026-10-10T15:29:41.6864900Z Current runner version: '2.337.0'
2026-10-10T15:29:41.6891809Z ##[group]Runner Image Provisioner
2026-10-10T15:29:41.6892761Z Hosted Compute Agent
2026-10-10T15:29:41.6893359Z Version: 20261002.596
2026-10-10T15:29:41.6894072Z Commit: c3d12f3313a95f25162a1503be624f3b0617f8c0
2026-10-10T15:29:41.6894816Z Build Date: 2026-10-02T22:28:27Z
2026-10-10T15:29:41.6895559Z Worker ID: {c000ee75-e9b2-4dd0-8e20-b10772aad359}
2026-10-10T15:29:41.6896329Z Region: eastus
2026-10-10T15:29:41.6896857Z Cloud: Azure
2026-10-10T15:29:41.6897453Z ##[endgroup]
2026-10-10T15:29:41.6899372Z ##[group]Operating System
2026-10-10T15:29:41.6900032Z Ubuntu
2026-10-10T15:29:41.6900634Z 24.04.5
2026-10-10T15:29:41.6901145Z LTS
2026-10-10T15:29:41.6901696Z ##[endgroup]
2026-10-10T15:29:41.6902317Z ##[group]Runner Image
2026-10-10T15:29:41.6902951Z Image: ubuntu-24.04
2026-10-10T15:29:41.6903554Z Version: 20261004.327.1
2026-10-10T15:29:41.6904838Z Included Software: https://github.com/actions/runner-images/blob/ubuntu24/20261004.327/images/ubuntu/Ubuntu2404-Readme.md
2026-10-10T15:29:41.6906437Z Image Release: https://github.com/actions/runner-images/releases/tag/ubuntu24%2F20261004.327
2026-10-10T15:29:41.6907410Z ##[endgroup]
2026-10-10T15:29:41.6909256Z ##[group]GITHUB_TOKEN Permissions
2026-10-10T15:29:41.6911587Z Contents: read
2026-10-10T15:29:41.6912307Z Metadata: read
2026-10-10T15:29:41.6912870Z ##[endgroup]
2026-10-10T15:29:41.6915418Z Secret source: Actions
2026-10-10T15:29:41.6916451Z Cache mode: write
2026-10-10T15:29:41.6917538Z Prepare workflow directory
2026-10-10T15:29:41.7261619Z Prepare all required actions
2026-10-10T15:29:41.7311258Z Getting action download info
2026-10-10T15:29:41.9396963Z Download action repository 'actions/checkout@v4' (SHA:11d5960a326750d5838078e36cf38b85af677262)
2026-10-10T15:29:42.0375344Z Download action repository 'actions/upload-artifact@v4' (SHA:ea165f8d65b6e75b540449e92b4886f43607fa02)
2026-10-10T15:29:42.2579920Z Complete job name: verification
2026-10-10T15:29:42.3392327Z ##[group]Run actions/checkout@v4
2026-10-10T15:29:42.3393346Z with:
2026-10-10T15:29:42.3393795Z   path: research_snapshot
2026-10-10T15:29:42.3394307Z   persist-credentials: false
2026-10-10T15:29:42.3394985Z   sparse-checkout: ResearchHistory/UQCF-GEM/research/physical-bridge
2026-10-10T15:29:42.3395769Z   repository: proteinfoldingengine/WetLabEngine
2026-10-10T15:29:42.3399977Z   token: ***
2026-10-10T15:29:42.3400424Z   ssh-strict: true
2026-10-10T15:29:42.3400872Z   ssh-user: git
2026-10-10T15:29:42.3401298Z   clean: true
2026-10-10T15:29:42.3401756Z   sparse-checkout-cone-mode: true
2026-10-10T15:29:42.3402288Z   fetch-depth: 1
2026-10-10T15:29:42.3402722Z   fetch-tags: false
2026-10-10T15:29:42.3403172Z   show-progress: true
2026-10-10T15:29:42.3403625Z   lfs: false
2026-10-10T15:29:42.3404044Z   submodules: false
2026-10-10T15:29:42.3404502Z   set-safe-directory: true
2026-10-10T15:29:42.3405010Z   allow-unsafe-pr-checkout: false
2026-10-10T15:29:42.3405806Z ##[endgroup]
2026-10-10T15:29:42.4492164Z Syncing repository: proteinfoldingengine/WetLabEngine
2026-10-10T15:29:42.4494405Z ##[group]Getting Git version info
2026-10-10T15:29:42.4495418Z Working directory is '/home/runner/work/WetLabEngine/WetLabEngine/research_snapshot'
2026-10-10T15:29:42.4496633Z [command]/usr/bin/git version
2026-10-10T15:29:42.4590808Z git version 2.55.0
2026-10-10T15:29:42.4600512Z ##[endgroup]
2026-10-10T15:29:42.4617877Z Temporarily overriding HOME='/home/runner/work/_temp/b430311c-b82f-4a0b-b7cd-bc8aaa905350' before making global git config changes
2026-10-10T15:29:42.4620950Z Adding repository directory to the temporary git global config as a safe directory
2026-10-10T15:29:42.4624053Z [command]/usr/bin/git config --global --add safe.directory /home/runner/work/WetLabEngine/WetLabEngine/research_snapshot
2026-10-10T15:29:42.4690336Z ##[group]Initializing the repository
2026-10-10T15:29:42.4691903Z [command]/usr/bin/git init /home/runner/work/WetLabEngine/WetLabEngine/research_snapshot
2026-10-10T15:29:42.4819886Z hint: Using 'master' as the name for the initial branch. This default branch name
2026-10-10T15:29:42.4822281Z hint: will change to "main" in Git 3.0. To configure the initial branch name
2026-10-10T15:29:42.4824186Z hint: to use in all of your new repositories, which will suppress this warning,
2026-10-10T15:29:42.4825677Z hint: call:
2026-10-10T15:29:42.4826474Z hint:
2026-10-10T15:29:42.4827493Z hint: 	git config --global init.defaultBranch <name>
2026-10-10T15:29:42.4828950Z hint:
2026-10-10T15:29:42.4830005Z hint: Names commonly chosen instead of 'master' are 'main', 'trunk' and
2026-10-10T15:29:42.4831739Z hint: 'development'. The just-created branch can be renamed via this command:
2026-10-10T15:29:42.4833051Z hint:
2026-10-10T15:29:42.4833750Z hint: 	git branch -m <name>
2026-10-10T15:29:42.4834550Z hint:
2026-10-10T15:29:42.4835587Z hint: Disable this message with "git config set advice.defaultBranchName false"
2026-10-10T15:29:42.4837713Z Initialized empty Git repository in /home/runner/work/WetLabEngine/WetLabEngine/research_snapshot/.git/
2026-10-10T15:29:42.4841554Z [command]/usr/bin/git remote add origin https://github.com/proteinfoldingengine/WetLabEngine
2026-10-10T15:29:42.4942182Z ##[endgroup]
2026-10-10T15:29:42.4943534Z ##[group]Disabling automatic garbage collection
2026-10-10T15:29:42.4947846Z [command]/usr/bin/git config --local gc.auto 0
2026-10-10T15:29:42.4991323Z ##[endgroup]
2026-10-10T15:29:42.4992963Z ##[group]Setting up auth
2026-10-10T15:29:42.5003343Z [command]/usr/bin/git config --local --name-only --get-regexp core\.sshCommand
2026-10-10T15:29:42.5042628Z [command]/usr/bin/git submodule foreach --recursive sh -c "git config --local --name-only --get-regexp 'core\.sshCommand' && git config --local --unset-all 'core.sshCommand' || :"
2026-10-10T15:29:42.5471388Z [command]/usr/bin/git config --local --name-only --get-regexp http\.https\:\/\/github\.com\/\.extraheader
2026-10-10T15:29:42.5510654Z [command]/usr/bin/git submodule foreach --recursive sh -c "git config --local --name-only --get-regexp 'http\.https\:\/\/github\.com\/\.extraheader' && git config --local --unset-all 'http.https://github.com/.extraheader' || :"
2026-10-10T15:29:42.5747839Z [command]/usr/bin/git config --local --name-only --get-regexp ^includeIf\.gitdir:
2026-10-10T15:29:42.5786411Z [command]/usr/bin/git submodule foreach --recursive git config --local --show-origin --name-only --get-regexp remote.origin.url
2026-10-10T15:29:42.6027686Z [command]/usr/bin/git config --local http.https://github.com/.extraheader AUTHORIZATION: basic ***
2026-10-10T15:29:42.6073210Z ##[endgroup]
2026-10-10T15:29:42.6074065Z ##[group]Fetching the repository
2026-10-10T15:29:42.6083984Z [command]/usr/bin/git -c protocol.version=2 fetch --no-tags --prune --no-recurse-submodules --filter=blob:none --depth=1 origin +c2669a01bd73ad853aaea1beac19e217c1894e70:refs/remotes/origin/research/uqcf-overlapping-guard-exchange
2026-10-10T15:29:42.8533662Z From https://github.com/proteinfoldingengine/WetLabEngine
2026-10-10T15:29:42.8535330Z  * [new ref]         c2669a01bd73ad853aaea1beac19e217c1894e70 -> origin/research/uqcf-overlapping-guard-exchange
2026-10-10T15:29:42.8539365Z ##[endgroup]
2026-10-10T15:29:42.8540568Z ##[group]Determining the checkout info
2026-10-10T15:29:42.8542355Z ##[endgroup]
2026-10-10T15:29:42.8543307Z ##[group]Setting up sparse checkout
2026-10-10T15:29:42.8549212Z [command]/usr/bin/git sparse-checkout set ResearchHistory/UQCF-GEM/research/physical-bridge
2026-10-10T15:29:42.8606880Z ##[endgroup]
2026-10-10T15:29:42.8608753Z ##[group]Checking out the ref
2026-10-10T15:29:42.8614106Z [command]/usr/bin/git checkout --progress --force -B research/uqcf-overlapping-guard-exchange refs/remotes/origin/research/uqcf-overlapping-guard-exchange
2026-10-10T15:29:43.6007699Z Switched to a new branch 'research/uqcf-overlapping-guard-exchange'
2026-10-10T15:29:43.6015505Z branch 'research/uqcf-overlapping-guard-exchange' set up to track 'origin/research/uqcf-overlapping-guard-exchange'.
2026-10-10T15:29:43.6027772Z ##[endgroup]
2026-10-10T15:29:43.6083972Z [command]/usr/bin/git log -1 --format=%H
2026-10-10T15:29:43.6116518Z c2669a01bd73ad853aaea1beac19e217c1894e70
2026-10-10T15:29:43.6126647Z ##[group]Removing auth
2026-10-10T15:29:43.6131355Z [command]/usr/bin/git config --local --name-only --get-regexp core\.sshCommand
2026-10-10T15:29:43.6168966Z [command]/usr/bin/git submodule foreach --recursive sh -c "git config --local --name-only --get-regexp 'core\.sshCommand' && git config --local --unset-all 'core.sshCommand' || :"
2026-10-10T15:29:43.6423894Z [command]/usr/bin/git config --local --name-only --get-regexp http\.https\:\/\/github\.com\/\.extraheader
2026-10-10T15:29:43.6456891Z http.https://github.com/.extraheader
2026-10-10T15:29:43.6468752Z [command]/usr/bin/git config --local --unset-all http.https://github.com/.extraheader
2026-10-10T15:29:43.6512348Z [command]/usr/bin/git submodule foreach --recursive sh -c "git config --local --name-only --get-regexp 'http\.https\:\/\/github\.com\/\.extraheader' && git config --local --unset-all 'http.https://github.com/.extraheader' || :"
2026-10-10T15:29:43.6773266Z [command]/usr/bin/git config --local --name-only --get-regexp ^includeIf\.gitdir:
2026-10-10T15:29:43.6811552Z [command]/usr/bin/git submodule foreach --recursive git config --local --show-origin --name-only --get-regexp remote.origin.url
2026-10-10T15:29:43.7065767Z ##[endgroup]
2026-10-10T15:29:43.7329804Z ##[group]Run set -euo pipefail
2026-10-10T15:29:43.7331423Z [36;1mset -euo pipefail[0m
2026-10-10T15:29:43.7333096Z [36;1mtest "$(git -C research_snapshot rev-parse HEAD)" = "$GITHUB_SHA"[0m
2026-10-10T15:29:43.7335541Z [36;1mROOT=research_snapshot/ResearchHistory/UQCF-GEM/research/physical-bridge[0m
2026-10-10T15:29:43.7337610Z [36;1mmkdir handover_verification[0m
2026-10-10T15:29:43.7340903Z [36;1mpython3 -m unittest discover -s "$ROOT/handover_graph" -p test_handover.py -v 2>&1 | tee handover_verification/contracts.log[0m
2026-10-10T15:29:43.7344926Z [36;1mpython3 "$ROOT/handover_graph/producer.py" handover_verification/certificate.json | tee handover_verification/counts.json[0m
2026-10-10T15:29:43.7349372Z [36;1mpython3 "$ROOT/handover_graph/independent.py" handover_verification/certificate.json | tee handover_verification/independent.json[0m
2026-10-10T15:29:43.7355614Z [36;1mfor SPEC in 'anchored_release test_anchored.py' 'local_progress test_progress.py' 'capacity_gap test_capacity.py' 'saturated_transfer test_transfer.py' 'label_release test_release.py' 'footprint test_footprint.py' 'fixed_family test_fixed_family.py'; do[0m
2026-10-10T15:29:43.7360484Z [36;1m  read -r DIR PATTERN <<< "$SPEC"[0m
2026-10-10T15:29:43.7362961Z [36;1m  python3 -m unittest discover -s "$ROOT/$DIR" -p "$PATTERN" -v 2>&1 | tee "handover_verification/inherited_$DIR.log"[0m
2026-10-10T15:29:43.7365372Z [36;1mdone[0m
2026-10-10T15:29:43.7367515Z [36;1mprintf 'scientific_sha=%s\nworkflow_sha=%s\n' "$GITHUB_SHA" "$GITHUB_SHA" > handover_verification/provenance.txt[0m
2026-10-10T15:29:43.7370993Z [36;1mcp "$ROOT/COUPLED_C3_HANDOVER_GRAPH_RESULT.md" handover_verification/frozen_proof_scope.md[0m
2026-10-10T15:29:43.7375322Z [36;1mcp "$ROOT/handover_graph/producer.py" "$ROOT/handover_graph/independent.py" "$ROOT/handover_graph/test_handover.py" "$ROOT/handover_graph/red.log" handover_verification/[0m
2026-10-10T15:29:43.7379717Z [36;1msha256sum handover_verification/certificate.json > handover_verification/certificate.sha256[0m
2026-10-10T15:29:43.7667316Z shell: /usr/bin/bash --noprofile --norc -e -o pipefail {0}
2026-10-10T15:29:43.7669304Z ##[endgroup]
2026-10-10T15:29:43.8692004Z test_actual_nonmonotone_handover_toggles (test_handover.Contract.test_actual_nonmonotone_handover_toggles) ... ok
2026-10-10T15:29:43.8697603Z test_upper_four_meet_accepted (test_handover.Contract.test_upper_four_meet_accepted) ... ok
2026-10-10T15:29:43.8702376Z test_zero_bridge_lift (test_handover.Contract.test_zero_bridge_lift) ... ok
2026-10-10T15:29:44.1656903Z test_corrupted_compressed_partition_rejected (test_handover.GraphContracts.test_corrupted_compressed_partition_rejected) ... ok
2026-10-10T15:29:44.2361840Z test_corrupted_full_partition_rejected (test_handover.GraphContracts.test_corrupted_full_partition_rejected) ... ok
2026-10-10T15:29:44.2363621Z test_empty_coordinate_retained_in_expansion (test_handover.GraphContracts.test_empty_coordinate_retained_in_expansion) ... ok
2026-10-10T15:29:44.2365132Z test_floor_rejects_vertex (test_handover.GraphContracts.test_floor_rejects_vertex) ... ok
2026-10-10T15:29:44.3131731Z test_full_component_equivalence (test_handover.GraphContracts.test_full_component_equivalence) ... ok
2026-10-10T15:29:44.3133434Z test_multiple_coordinates_are_not_an_edge_lift (test_handover.GraphContracts.test_multiple_coordinates_are_not_an_edge_lift) ... ok
2026-10-10T15:29:44.3135271Z test_nonmonotone_lift_restores_exact_labelled_source (test_handover.GraphContracts.test_nonmonotone_lift_restores_exact_labelled_source) ... ok
2026-10-10T15:29:44.3843747Z test_omitted_compressed_vertex_rejected (test_handover.GraphContracts.test_omitted_compressed_vertex_rejected) ... ok
2026-10-10T15:29:44.4558785Z test_omitted_edge_rejected (test_handover.GraphContracts.test_omitted_edge_rejected) ... ok
2026-10-10T15:29:44.5261638Z test_omitted_full_vertex_rejected (test_handover.GraphContracts.test_omitted_full_vertex_rejected) ... ok
2026-10-10T15:29:45.4777327Z test_source_omission_rejected (test_handover.GraphContracts.test_source_omission_rejected) ... ok
2026-10-10T15:29:45.4779515Z test_true_upper_cover_handover_obstruction (test_handover.GraphContracts.test_true_upper_cover_handover_obstruction) ... ok
2026-10-10T15:29:45.4798584Z test_all_expansion_choices_share_a_component (test_handover.InheritedBoundaryContracts.test_all_expansion_choices_share_a_component) ... ok
2026-10-10T15:29:45.4799906Z test_hidden_upper_control_rejects_empty_meet (test_handover.InheritedBoundaryContracts.test_hidden_upper_control_rejects_empty_meet) ... ok
2026-10-10T15:29:45.4804812Z test_isolated_obstruction_has_singleton_assignment_component (test_handover.InheritedBoundaryContracts.test_isolated_obstruction_has_singleton_assignment_component) ... ok
2026-10-10T15:29:45.4807445Z test_lift_cost_is_symmetric_difference (test_handover.InheritedBoundaryContracts.test_lift_cost_is_symmetric_difference) ... ok
2026-10-10T15:29:45.4812657Z test_local_motion_collapses_without_reserve (test_handover.InheritedBoundaryContracts.test_local_motion_collapses_without_reserve) ... ok
2026-10-10T15:29:45.4813617Z 
2026-10-10T15:29:45.4813820Z ----------------------------------------------------------------------
2026-10-10T15:29:45.4814383Z Ran 20 tests in 1.613s
2026-10-10T15:29:45.4814654Z 
2026-10-10T15:29:45.4814801Z OK
2026-10-10T15:29:49.6661099Z {"compressed_components": 1582, "compressed_edges": 9504, "compressed_vertices": 5016, "floor_cases": 4896, "full_components": 1582, "full_edges": 36480, "full_hidden_slice_checks": 161208, "full_states": 18648, "lifted_slice_checks": 29664, "nonmonotone_only_cases": 0, "regions": 177, "sources": 2448}
2026-10-10T15:30:01.1336719Z {"compressed_components": 1582, "compressed_edges": 9504, "compressed_vertices": 5016, "floor_cases": 4896, "full_components": 1582, "full_edges": 36480, "full_hidden_slice_checks": 161208, "full_states": 18648, "lifted_slice_checks": 29664, "nonmonotone_only_cases": 0, "regions": 177, "sources": 2448}
2026-10-10T15:30:08.6846434Z test_anchoring_control (test_anchored.Contracts.test_anchoring_control) ... ok
2026-10-10T15:30:08.6847800Z test_arbitrary_reserve_moving_permutations (test_anchored.Contracts.test_arbitrary_reserve_moving_permutations) ... ok
2026-10-10T15:30:08.7860099Z test_bool_for_int (test_anchored.Contracts.test_bool_for_int) ... ok
2026-10-10T15:30:08.8273788Z test_complete_independent_identity (test_anchored.Contracts.test_complete_independent_identity) ... ok
2026-10-10T15:30:08.9040288Z test_duplicate_primary (test_anchored.Contracts.test_duplicate_primary) ... ok
2026-10-10T15:30:08.9042326Z test_exact_primary_coverage (test_anchored.Contracts.test_exact_primary_coverage) ... ok
2026-10-10T15:30:08.9971692Z test_extra_field (test_anchored.Contracts.test_extra_field) ... ok
2026-10-10T15:30:09.1129771Z test_false_coverage (test_anchored.Contracts.test_false_coverage) ... ok
2026-10-10T15:30:09.1130512Z test_floor_demand_control (test_anchored.Contracts.test_floor_demand_control) ... ok
2026-10-10T15:30:09.2102814Z test_missing_primary (test_anchored.Contracts.test_missing_primary) ... ok
2026-10-10T15:30:09.2103678Z test_multi_donor_without_backbone (test_anchored.Contracts.test_multi_donor_without_backbone) ... ok
2026-10-10T15:30:09.2104501Z test_old_obstructions_retained (test_anchored.Contracts.test_old_obstructions_retained) ... ok
2026-10-10T15:30:09.2109223Z test_original_domination_control (test_anchored.Contracts.test_original_domination_control) ... ok
2026-10-10T15:30:09.2831828Z test_substituted_source (test_anchored.Contracts.test_substituted_source) ... ok
2026-10-10T15:30:09.2833103Z test_upper_cover_control (test_anchored.Contracts.test_upper_cover_control) ... ok
2026-10-10T15:30:09.3959584Z test_wrong_endpoint (test_anchored.Contracts.test_wrong_endpoint) ... ok
2026-10-10T15:30:09.5236576Z test_wrong_hidden_mask (test_anchored.Contracts.test_wrong_hidden_mask) ... ok
2026-10-10T15:30:09.6002887Z test_wrong_reserve (test_anchored.Contracts.test_wrong_reserve) ... ok
2026-10-10T15:30:09.7283073Z test_wrong_script (test_anchored.Contracts.test_wrong_script) ... ok
2026-10-10T15:30:09.8042764Z test_wrong_witness (test_anchored.Contracts.test_wrong_witness) ... ok
2026-10-10T15:30:09.8043254Z 
2026-10-10T15:30:09.8043476Z ----------------------------------------------------------------------
2026-10-10T15:30:09.8043984Z Ran 20 tests in 8.391s
2026-10-10T15:30:09.8044192Z 
2026-10-10T15:30:09.8044308Z OK
2026-10-10T15:30:37.0852594Z test_boolean_integer (test_progress.Contracts.test_boolean_integer) ... ok
2026-10-10T15:30:37.1007071Z test_duplicate_family (test_progress.Contracts.test_duplicate_family) ... ok
2026-10-10T15:30:37.1133635Z test_duplicate_state (test_progress.Contracts.test_duplicate_state) ... ok
2026-10-10T15:30:37.1221373Z test_exact_independent_universe (test_progress.Contracts.test_exact_independent_universe) ... ok
2026-10-10T15:30:37.1345705Z test_extra_field (test_progress.Contracts.test_extra_field) ... ok
2026-10-10T15:30:37.1473018Z test_missing_edge (test_progress.Contracts.test_missing_edge) ... ok
2026-10-10T15:30:37.1674389Z test_missing_family (test_progress.Contracts.test_missing_family) ... ok
2026-10-10T15:30:37.1800206Z test_missing_state (test_progress.Contracts.test_missing_state) ... ok
2026-10-10T15:30:37.1924806Z test_missing_witness (test_progress.Contracts.test_missing_witness) ... ok
2026-10-10T15:30:37.1925963Z test_no_reachable_absent_label (test_progress.Contracts.test_no_reachable_absent_label) ... ok
2026-10-10T15:30:37.1927282Z test_nonisolated_seven_state_component (test_progress.Contracts.test_nonisolated_seven_state_component) ... ok
2026-10-10T15:30:37.1928802Z test_static_reserve_grows (test_progress.Contracts.test_static_reserve_grows) ... ok
2026-10-10T15:30:37.2054062Z test_substituted_edge (test_progress.Contracts.test_substituted_edge) ... ok
2026-10-10T15:30:37.2178927Z test_wrong_capacity (test_progress.Contracts.test_wrong_capacity) ... ok
2026-10-10T15:30:37.2306973Z test_wrong_floor (test_progress.Contracts.test_wrong_floor) ... ok
2026-10-10T15:30:37.2435092Z test_wrong_target (test_progress.Contracts.test_wrong_target) ... ok
2026-10-10T15:30:37.2564856Z test_wrong_witness (test_progress.Contracts.test_wrong_witness) ... ok
2026-10-10T15:30:37.2565396Z 
2026-10-10T15:30:37.2565628Z ----------------------------------------------------------------------
2026-10-10T15:30:37.2566142Z Ran 17 tests in 27.337s
2026-10-10T15:30:37.2566357Z 
2026-10-10T15:30:37.2566466Z OK
2026-10-10T15:30:39.3541158Z test_complete (test_capacity.Contracts.test_complete) ... ok
2026-10-10T15:30:39.3722996Z test_duplicate_core (test_capacity.Contracts.test_duplicate_core) ... ok
2026-10-10T15:30:39.3898745Z test_extra (test_capacity.Contracts.test_extra) ... ok
2026-10-10T15:30:39.4215343Z test_fake_absence (test_capacity.Contracts.test_fake_absence) ... ok
2026-10-10T15:30:39.4537029Z test_fake_witness (test_capacity.Contracts.test_fake_witness) ... ok
2026-10-10T15:30:39.4537837Z test_family_capacity (test_capacity.Contracts.test_family_capacity) ... ok
2026-10-10T15:30:39.4603072Z test_general_domain (test_capacity.Contracts.test_general_domain) ... ok
2026-10-10T15:30:39.4864746Z test_hidden_omission (test_capacity.Contracts.test_hidden_omission) ... ok
2026-10-10T15:30:39.5039665Z test_missing_core (test_capacity.Contracts.test_missing_core) ... ok
2026-10-10T15:30:39.5363434Z test_missing_family (test_capacity.Contracts.test_missing_family) ... ok
2026-10-10T15:30:39.5622732Z test_missing_maximal (test_capacity.Contracts.test_missing_maximal) ... ok
2026-10-10T15:30:39.5945601Z test_missing_toggle (test_capacity.Contracts.test_missing_toggle) ... ok
2026-10-10T15:30:39.6264608Z test_type (test_capacity.Contracts.test_type) ... ok
2026-10-10T15:30:39.6265516Z test_unbounded_pattern (test_capacity.Contracts.test_unbounded_pattern) ... ok
2026-10-10T15:30:39.6606386Z test_upper_forgery (test_capacity.Contracts.test_upper_forgery) ... ok
2026-10-10T15:30:39.6607421Z test_upper_native_control (test_capacity.Contracts.test_upper_native_control) ... ok
2026-10-10T15:30:39.6785055Z test_wrong_capacity (test_capacity.Contracts.test_wrong_capacity) ... ok
2026-10-10T15:30:39.7129684Z test_wrong_counts (test_capacity.Contracts.test_wrong_counts) ... ok
2026-10-10T15:30:39.7453270Z test_wrong_source (test_capacity.Contracts.test_wrong_source) ... ok
2026-10-10T15:30:39.7775808Z test_wrong_target (test_capacity.Contracts.test_wrong_target) ... ok
2026-10-10T15:30:39.7776626Z 
2026-10-10T15:30:39.7776989Z ----------------------------------------------------------------------
2026-10-10T15:30:39.7777840Z Ran 20 tests in 2.232s
2026-10-10T15:30:39.7778472Z 
2026-10-10T15:30:39.7778679Z OK
2026-10-10T15:30:51.9454756Z test_bool_for_int (test_transfer.TransferContracts.test_bool_for_int) ... ok
2026-10-10T15:30:52.0374140Z test_duplicate_case (test_transfer.TransferContracts.test_duplicate_case) ... ok
2026-10-10T15:30:52.0375574Z test_empty_hidden_protected (test_transfer.TransferContracts.test_empty_hidden_protected) ... ok
2026-10-10T15:30:52.1522676Z test_entire_typed_domain (test_transfer.TransferContracts.test_entire_typed_domain) ... ok
2026-10-10T15:30:52.1527283Z test_every_forward_reverse_exact (test_transfer.TransferContracts.test_every_forward_reverse_exact) ... ok
2026-10-10T15:30:52.2692730Z test_extra_field (test_transfer.TransferContracts.test_extra_field) ... ok
2026-10-10T15:30:52.3599172Z test_floor_forged (test_transfer.TransferContracts.test_floor_forged) ... ok
2026-10-10T15:30:52.5644928Z test_forged_control (test_transfer.TransferContracts.test_forged_control) ... ok
2026-10-10T15:30:52.7705977Z test_forged_counts (test_transfer.TransferContracts.test_forged_counts) ... ok
2026-10-10T15:30:52.8791092Z test_hidden_change (test_transfer.TransferContracts.test_hidden_change) ... ok
2026-10-10T15:30:52.9708583Z test_missing_case (test_transfer.TransferContracts.test_missing_case) ... ok
2026-10-10T15:30:53.0626279Z test_missing_hidden (test_transfer.TransferContracts.test_missing_hidden) ... ok
2026-10-10T15:30:53.2845884Z test_missing_isolation (test_transfer.TransferContracts.test_missing_isolation) ... ok
2026-10-10T15:30:53.3745212Z test_missing_partition (test_transfer.TransferContracts.test_missing_partition) ... ok
2026-10-10T15:30:53.5804404Z test_missing_toggle (test_transfer.TransferContracts.test_missing_toggle) ... ok
2026-10-10T15:30:53.5805670Z test_native_rejecting_controls (test_transfer.TransferContracts.test_native_rejecting_controls) ... ok
2026-10-10T15:30:53.5806913Z test_one_block_isolation (test_transfer.TransferContracts.test_one_block_isolation) ... ok
2026-10-10T15:30:53.6706950Z test_private_cleanup_omitted (test_transfer.TransferContracts.test_private_cleanup_omitted) ... ok
2026-10-10T15:30:53.7781699Z test_wrong_donor (test_transfer.TransferContracts.test_wrong_donor) ... ok
2026-10-10T15:30:53.8696507Z test_wrong_hitting (test_transfer.TransferContracts.test_wrong_hitting) ... ok
2026-10-10T15:30:53.9613093Z test_wrong_reserve (test_transfer.TransferContracts.test_wrong_reserve) ... ok
2026-10-10T15:30:54.0519494Z test_wrong_reverse (test_transfer.TransferContracts.test_wrong_reverse) ... ok
2026-10-10T15:30:54.0520087Z 
2026-10-10T15:30:54.0520321Z ----------------------------------------------------------------------
2026-10-10T15:30:54.0520859Z Ran 22 tests in 14.187s
2026-10-10T15:30:54.0521099Z 
2026-10-10T15:30:54.0521222Z OK
2026-10-10T15:30:58.2251960Z test_first_progress_equivalence (test_release.Contracts.test_first_progress_equivalence) ... ok
2026-10-10T15:31:07.1552726Z test_full_independent_reconstruction (test_release.Contracts.test_full_independent_reconstruction) ... ok
2026-10-10T15:31:07.1553918Z test_host_only_endpoint_cost (test_release.Contracts.test_host_only_endpoint_cost) ... ok
2026-10-10T15:31:07.1585949Z test_loan_renewal (test_release.Contracts.test_loan_renewal) ... ok
2026-10-10T15:31:07.1586750Z test_native_capacity_obstruction (test_release.Contracts.test_native_capacity_obstruction) ... ok
2026-10-10T15:31:07.1587553Z test_native_upper_control (test_release.Contracts.test_native_upper_control) ... ok
2026-10-10T15:31:07.4935843Z test_reject_bad_mask (test_release.Contracts.test_reject_bad_mask) ... ok
2026-10-10T15:31:07.8181682Z test_reject_capacity (test_release.Contracts.test_reject_capacity) ... ok
2026-10-10T15:31:08.4696085Z test_reject_extra (test_release.Contracts.test_reject_extra) ... ok
2026-10-10T15:31:08.7982611Z test_reject_first_toggles (test_release.Contracts.test_reject_first_toggles) ... ok
2026-10-10T15:31:09.4830284Z test_reject_loan_cost (test_release.Contracts.test_reject_loan_cost) ... ok
2026-10-10T15:31:09.8131826Z test_reject_loan_mask (test_release.Contracts.test_reject_loan_mask) ... ok
2026-10-10T15:31:10.4945002Z test_reject_loan_slice (test_release.Contracts.test_reject_loan_slice) ... ok
2026-10-10T15:31:10.8245774Z test_reject_loan_tau (test_release.Contracts.test_reject_loan_tau) ... ok
2026-10-10T15:31:11.1581735Z test_reject_missing_loan (test_release.Contracts.test_reject_missing_loan) ... ok
2026-10-10T15:31:11.8227098Z test_reject_missing_mask (test_release.Contracts.test_reject_missing_mask) ... ok
2026-10-10T15:31:12.1602239Z test_reject_missing_source (test_release.Contracts.test_reject_missing_source) ... ok
2026-10-10T15:31:12.8414626Z test_reject_provenance (test_release.Contracts.test_reject_provenance) ... ok
2026-10-10T15:31:13.1745781Z test_reject_release_value (test_release.Contracts.test_reject_release_value) ... ok
2026-10-10T15:31:13.5051333Z test_reject_release_witness (test_release.Contracts.test_reject_release_witness) ... ok
2026-10-10T15:31:14.1773524Z test_reject_source_core (test_release.Contracts.test_reject_source_core) ... ok
2026-10-10T15:31:14.5100197Z test_reject_source_tau (test_release.Contracts.test_reject_source_tau) ... ok
2026-10-10T15:31:14.8403310Z test_reject_strict_pair (test_release.Contracts.test_reject_strict_pair) ... ok
2026-10-10T15:31:15.4891320Z test_reject_type (test_release.Contracts.test_reject_type) ... ok
2026-10-10T15:31:15.8148433Z test_reject_upper (test_release.Contracts.test_reject_upper) ... ok
2026-10-10T15:31:15.8186056Z test_release_criterion (test_release.Contracts.test_release_criterion) ... ok
2026-10-10T15:31:15.8186534Z 
2026-10-10T15:31:15.8186722Z ----------------------------------------------------------------------
2026-10-10T15:31:15.8187160Z Ran 26 tests in 21.637s
2026-10-10T15:31:15.8187334Z 
2026-10-10T15:31:15.8187432Z OK
2026-10-10T15:31:19.0043778Z test_complete_independent_reconstruction (test_footprint.Contracts.test_complete_independent_reconstruction) ... ok
2026-10-10T15:31:19.0045201Z test_cross_role_hidden_witness (test_footprint.Contracts.test_cross_role_hidden_witness) ... ok
2026-10-10T15:31:19.0046297Z test_declared_universe (test_footprint.Contracts.test_declared_universe) ... ok
2026-10-10T15:31:19.0047284Z test_premature_deletion (test_footprint.Contracts.test_premature_deletion) ... ok
2026-10-10T15:31:19.1904257Z test_reject_boolean_type (test_footprint.Contracts.test_reject_boolean_type) ... ok
2026-10-10T15:31:19.2787454Z test_reject_classification (test_footprint.Contracts.test_reject_classification) ... ok
2026-10-10T15:31:19.3669386Z test_reject_conditions (test_footprint.Contracts.test_reject_conditions) ... ok
2026-10-10T15:31:19.5518730Z test_reject_deadlock (test_footprint.Contracts.test_reject_deadlock) ... ok
2026-10-10T15:31:19.6384458Z test_reject_duplicate_row (test_footprint.Contracts.test_reject_duplicate_row) ... ok
2026-10-10T15:31:19.7272489Z test_reject_floor (test_footprint.Contracts.test_reject_floor) ... ok
2026-10-10T15:31:19.9099658Z test_reject_missing_fixture (test_footprint.Contracts.test_reject_missing_fixture) ... ok
2026-10-10T15:31:19.9974730Z test_reject_missing_row (test_footprint.Contracts.test_reject_missing_row) ... ok
2026-10-10T15:31:20.0847003Z test_reject_path (test_footprint.Contracts.test_reject_path) ... ok
2026-10-10T15:31:20.2697092Z test_reject_protected_mask (test_footprint.Contracts.test_reject_protected_mask) ... ok
2026-10-10T15:31:20.3578949Z test_reject_provenance (test_footprint.Contracts.test_reject_provenance) ... ok
2026-10-10T15:31:20.5427183Z test_reject_source_core (test_footprint.Contracts.test_reject_source_core) ... ok
2026-10-10T15:31:20.6317431Z test_reject_tau (test_footprint.Contracts.test_reject_tau) ... ok
2026-10-10T15:31:20.7192187Z test_reject_unknown_field (test_footprint.Contracts.test_reject_unknown_field) ... ok
2026-10-10T15:31:20.9070952Z test_reject_upper (test_footprint.Contracts.test_reject_upper) ... ok
2026-10-10T15:31:20.9947309Z test_reject_violations (test_footprint.Contracts.test_reject_violations) ... ok
2026-10-10T15:31:20.9948798Z test_sharp_exchange (test_footprint.Contracts.test_sharp_exchange) ... ok
2026-10-10T15:31:20.9949838Z test_upper_control (test_footprint.Contracts.test_upper_control) ... ok
2026-10-10T15:31:20.9950340Z 
2026-10-10T15:31:20.9950535Z ----------------------------------------------------------------------
2026-10-10T15:31:20.9950974Z Ran 22 tests in 4.078s
2026-10-10T15:31:20.9951151Z 
2026-10-10T15:31:20.9951254Z OK
2026-10-10T15:31:21.6374379Z test_all_categories (test_fixed_family.Contracts.test_all_categories) ... ok
2026-10-10T15:31:22.1218657Z test_category (test_fixed_family.Contracts.test_category) ... ok
2026-10-10T15:31:22.2843291Z test_complement_tau (test_fixed_family.Contracts.test_complement_tau) ... ok
2026-10-10T15:31:22.3276032Z test_complete (test_fixed_family.Contracts.test_complete) ... ok
2026-10-10T15:31:22.4961869Z test_core_intersection (test_fixed_family.Contracts.test_core_intersection) ... ok
2026-10-10T15:31:22.6559268Z test_duplicate_completion (test_fixed_family.Contracts.test_duplicate_completion) ... ok
2026-10-10T15:31:22.8306772Z test_duplicate_state (test_fixed_family.Contracts.test_duplicate_state) ... ok
2026-10-10T15:31:22.9911321Z test_false_floor_extension (test_fixed_family.Contracts.test_false_floor_extension) ... ok
2026-10-10T15:31:23.1640103Z test_false_hidden_control (test_fixed_family.Contracts.test_false_hidden_control) ... ok
2026-10-10T15:31:23.3263137Z test_false_native_access (test_fixed_family.Contracts.test_false_native_access) ... ok
2026-10-10T15:31:23.4875905Z test_false_retarget (test_fixed_family.Contracts.test_false_retarget) ... ok
2026-10-10T15:31:23.6559315Z test_floor (test_fixed_family.Contracts.test_floor) ... ok
2026-10-10T15:31:23.6655408Z test_full_partition (test_fixed_family.Contracts.test_full_partition) ... ok
2026-10-10T15:31:23.8285661Z test_missing_completion (test_fixed_family.Contracts.test_missing_completion) ... ok
2026-10-10T15:31:23.9975595Z test_missing_false_member (test_fixed_family.Contracts.test_missing_false_member) ... ok
2026-10-10T15:31:24.1613281Z test_missing_fiber (test_fixed_family.Contracts.test_missing_fiber) ... ok
2026-10-10T15:31:24.3376288Z test_missing_state (test_fixed_family.Contracts.test_missing_state) ... ok
2026-10-10T15:31:24.4990171Z test_preparation (test_fixed_family.Contracts.test_preparation) ... ok
2026-10-10T15:31:24.6623237Z test_protected (test_fixed_family.Contracts.test_protected) ... ok
2026-10-10T15:31:24.8396532Z test_scope (test_fixed_family.Contracts.test_scope) ... ok
2026-10-10T15:31:24.8415914Z test_sharp_preparation (test_fixed_family.Contracts.test_sharp_preparation) ... ok
2026-10-10T15:31:25.0067641Z test_state (test_fixed_family.Contracts.test_state) ... ok
2026-10-10T15:31:25.1797271Z test_substitute_fiber (test_fixed_family.Contracts.test_substitute_fiber) ... ok
2026-10-10T15:31:25.3458398Z test_substituted_truth (test_fixed_family.Contracts.test_substituted_truth) ... ok
2026-10-10T15:31:25.5211103Z test_tau (test_fixed_family.Contracts.test_tau) ... ok
2026-10-10T15:31:25.6851545Z test_type (test_fixed_family.Contracts.test_type) ... ok
2026-10-10T15:31:25.8514670Z test_witness_protected (test_fixed_family.Contracts.test_witness_protected) ... ok
2026-10-10T15:31:26.0231292Z test_witness_tau (test_fixed_family.Contracts.test_witness_tau) ... ok
2026-10-10T15:31:26.0231895Z 
2026-10-10T15:31:26.0232134Z ----------------------------------------------------------------------
2026-10-10T15:31:26.0232648Z Ran 28 tests in 4.681s
2026-10-10T15:31:26.0232864Z 
2026-10-10T15:31:26.0232984Z OK
2026-10-10T15:31:26.0615271Z ##[group]Run actions/upload-artifact@v4
2026-10-10T15:31:26.0615597Z with:
2026-10-10T15:31:26.0615832Z   name: c3-handover-graph-verification
2026-10-10T15:31:26.0616115Z   path: handover_verification/
2026-10-10T15:31:26.0616362Z   if-no-files-found: warn
2026-10-10T15:31:26.0616601Z   compression-level: 6
2026-10-10T15:31:26.0616815Z   overwrite: false
2026-10-10T15:31:26.0617026Z   include-hidden-files: false
2026-10-10T15:31:26.0617259Z ##[endgroup]
2026-10-10T15:31:26.2328892Z (node:2462) [DEP0040] DeprecationWarning: The `punycode` module is deprecated. Please use a userland alternative instead.
2026-10-10T15:31:26.2330262Z (Use `node --trace-deprecation ...` to show where the warning was created)
2026-10-10T15:31:26.2452201Z With the provided path, there will be 18 files uploaded
2026-10-10T15:31:26.2453170Z Artifact name is valid!
2026-10-10T15:31:26.2453410Z Root directory input is valid!
2026-10-10T15:31:26.4461171Z Beginning upload of artifact content to blob storage
2026-10-10T15:31:26.5259755Z (node:2462) [DEP0169] DeprecationWarning: `url.parse()` behavior is not standardized and prone to errors that have security implications. Use the WHATWG URL API instead. CVEs are not issued for `url.parse()` vulnerabilities.
2026-10-10T15:31:26.5641570Z Uploaded bytes 117780
2026-10-10T15:31:26.5814946Z Finished uploading artifact content to blob storage!
2026-10-10T15:31:26.5816651Z SHA256 digest of uploaded artifact zip is 13b2d40fdfbfe36ab03618a03eba78e87e2e51cc4a2437dbb2e74ad2e97db886
2026-10-10T15:31:26.5818805Z Finalizing artifact upload
2026-10-10T15:31:26.7847200Z Artifact c3-handover-graph-verification.zip successfully finalized. Artifact ID 11673719800
2026-10-10T15:31:26.7849373Z Artifact c3-handover-graph-verification has been successfully uploaded! Final size is 117780 bytes. Artifact ID is 11673719800
2026-10-10T15:31:26.7857700Z Artifact download URL: https://github.com/proteinfoldingengine/WetLabEngine/actions/runs/38063828876/artifacts/11673719800
2026-10-10T15:31:26.8081784Z Post job cleanup.
2026-10-10T15:31:26.8966208Z [command]/usr/bin/git version
2026-10-10T15:31:26.9014151Z git version 2.55.0
2026-10-10T15:31:26.9058602Z Temporarily overriding HOME='/home/runner/work/_temp/ec085c37-486d-4acf-915e-3c876a75db8c' before making global git config changes
2026-10-10T15:31:26.9060248Z Adding repository directory to the temporary git global config as a safe directory
2026-10-10T15:31:26.9065278Z [command]/usr/bin/git config --global --add safe.directory /home/runner/work/WetLabEngine/WetLabEngine/research_snapshot
2026-10-10T15:31:26.9111571Z [command]/usr/bin/git config --local --name-only --get-regexp core\.sshCommand
2026-10-10T15:31:26.9154703Z [command]/usr/bin/git submodule foreach --recursive sh -c "git config --local --name-only --get-regexp 'core\.sshCommand' && git config --local --unset-all 'core.sshCommand' || :"
2026-10-10T15:31:26.9446670Z [command]/usr/bin/git config --local --name-only --get-regexp http\.https\:\/\/github\.com\/\.extraheader
2026-10-10T15:31:26.9492754Z [command]/usr/bin/git submodule foreach --recursive sh -c "git config --local --name-only --get-regexp 'http\.https\:\/\/github\.com\/\.extraheader' && git config --local --unset-all 'http.https://github.com/.extraheader' || :"
2026-10-10T15:31:26.9781594Z [command]/usr/bin/git config --local --name-only --get-regexp ^includeIf\.gitdir:
2026-10-10T15:31:26.9827430Z [command]/usr/bin/git submodule foreach --recursive git config --local --show-origin --name-only --get-regexp remote.origin.url
2026-10-10T15:31:27.0263077Z Cleaning up orphan processes
2026-10-10T15:31:27.0701353Z ##[warning]Node.js 20 is deprecated. The following actions target Node.js 20 but are being forced to run on Node.js 24: actions/checkout@v4, actions/upload-artifact@v4. For more information see: https://github.blog/changelog/2025-09-19-deprecation-of-node-20-on-github-actions-runners/
