2026-09-29T20:49:45.3889920Z Current runner version: '2.337.0'
2026-09-29T20:49:45.3913585Z ##[group]Runner Image Provisioner
2026-09-29T20:49:45.3914456Z Hosted Compute Agent
2026-09-29T20:49:45.3915162Z Version: 20260828.587
2026-09-29T20:49:45.3915823Z Commit: abac92662cab4cc7352de4f9f9d2e2419aad9c29
2026-09-29T20:49:45.3916547Z Build Date: 2026-08-28T16:44:25Z
2026-09-29T20:49:45.3917323Z Worker ID: {c039301d-ee93-4ae8-b0c5-8757fd3dd1d0}
2026-09-29T20:49:45.3918513Z Azure Region: westcentralus
2026-09-29T20:49:45.3919228Z ##[endgroup]
2026-09-29T20:49:45.3920891Z ##[group]Operating System
2026-09-29T20:49:45.3921562Z Ubuntu
2026-09-29T20:49:45.3922214Z 24.04.5
2026-09-29T20:49:45.3922718Z LTS
2026-09-29T20:49:45.3923264Z ##[endgroup]
2026-09-29T20:49:45.3923834Z ##[group]Runner Image
2026-09-29T20:49:45.3924424Z Image: ubuntu-24.04
2026-09-29T20:49:45.3925063Z Version: 20260920.314.1
2026-09-29T20:49:45.3926307Z Included Software: https://github.com/actions/runner-images/blob/ubuntu24/20260920.314/images/ubuntu/Ubuntu2404-Readme.md
2026-09-29T20:49:45.3928155Z Image Release: https://github.com/actions/runner-images/releases/tag/ubuntu24%2F20260920.314
2026-09-29T20:49:45.3929132Z ##[endgroup]
2026-09-29T20:49:45.3930670Z ##[group]GITHUB_TOKEN Permissions
2026-09-29T20:49:45.3932754Z Contents: read
2026-09-29T20:49:45.3933463Z Metadata: read
2026-09-29T20:49:45.3934021Z ##[endgroup]
2026-09-29T20:49:45.3936006Z Secret source: Actions
2026-09-29T20:49:45.3937112Z Cache mode: write
2026-09-29T20:49:45.3938004Z Prepare workflow directory
2026-09-29T20:49:45.4419239Z Prepare all required actions
2026-09-29T20:49:45.4466556Z Getting action download info
2026-09-29T20:49:45.7422749Z Download action repository 'actions/checkout@11d5960a326750d5838078e36cf38b85af677262' (SHA:11d5960a326750d5838078e36cf38b85af677262)
2026-09-29T20:49:45.8490741Z Download action repository 'actions/setup-python@a26af69be951a213d495a4c3e4e4022e16d87065' (SHA:a26af69be951a213d495a4c3e4e4022e16d87065)
2026-09-29T20:49:45.9249111Z Download action repository 'actions/upload-artifact@ea165f8d65b6e75b540449e92b4886f43607fa02' (SHA:ea165f8d65b6e75b540449e92b4886f43607fa02)
2026-09-29T20:49:46.1360667Z Complete job name: certify
2026-09-29T20:49:46.2115525Z ##[group]Run actions/checkout@11d5960a326750d5838078e36cf38b85af677262
2026-09-29T20:49:46.2116570Z with:
2026-09-29T20:49:46.2117072Z   repository: proteinfoldingengine/WetLabEngine
2026-09-29T20:49:46.2121355Z   token: ***
2026-09-29T20:49:46.2121796Z   ssh-strict: true
2026-09-29T20:49:46.2122243Z   ssh-user: git
2026-09-29T20:49:46.2122733Z   persist-credentials: true
2026-09-29T20:49:46.2123223Z   clean: true
2026-09-29T20:49:46.2123664Z   sparse-checkout-cone-mode: true
2026-09-29T20:49:46.2124211Z   fetch-depth: 1
2026-09-29T20:49:46.2124639Z   fetch-tags: false
2026-09-29T20:49:46.2125082Z   show-progress: true
2026-09-29T20:49:46.2125520Z   lfs: false
2026-09-29T20:49:46.2125928Z   submodules: false
2026-09-29T20:49:46.2126371Z   set-safe-directory: true
2026-09-29T20:49:46.2126875Z   allow-unsafe-pr-checkout: false
2026-09-29T20:49:46.2127844Z env:
2026-09-29T20:49:46.2128474Z   P: ResearchHistory/UQCF-GEM/demos/v16.28-diamond-attribution-closure
2026-09-29T20:49:46.2129231Z ##[endgroup]
2026-09-29T20:49:46.3115244Z Syncing repository: proteinfoldingengine/WetLabEngine
2026-09-29T20:49:46.3118137Z ##[group]Getting Git version info
2026-09-29T20:49:46.3119370Z Working directory is '/home/runner/work/WetLabEngine/WetLabEngine'
2026-09-29T20:49:46.3121076Z [command]/usr/bin/git version
2026-09-29T20:49:46.3168630Z git version 2.55.0
2026-09-29T20:49:46.3190536Z ##[endgroup]
2026-09-29T20:49:46.3204644Z Temporarily overriding HOME='/home/runner/work/_temp/1f3dbad2-4508-443f-be39-506fb8311a59' before making global git config changes
2026-09-29T20:49:46.3207042Z Adding repository directory to the temporary git global config as a safe directory
2026-09-29T20:49:46.3210223Z [command]/usr/bin/git config --global --add safe.directory /home/runner/work/WetLabEngine/WetLabEngine
2026-09-29T20:49:46.3273223Z Deleting the contents of '/home/runner/work/WetLabEngine/WetLabEngine'
2026-09-29T20:49:46.3276190Z ##[group]Initializing the repository
2026-09-29T20:49:46.3280552Z [command]/usr/bin/git init /home/runner/work/WetLabEngine/WetLabEngine
2026-09-29T20:49:46.3377881Z hint: Using 'master' as the name for the initial branch. This default branch name
2026-09-29T20:49:46.3379307Z hint: will change to "main" in Git 3.0. To configure the initial branch name
2026-09-29T20:49:46.3380553Z hint: to use in all of your new repositories, which will suppress this warning,
2026-09-29T20:49:46.3381321Z hint: call:
2026-09-29T20:49:46.3381756Z hint:
2026-09-29T20:49:46.3382300Z hint: 	git config --global init.defaultBranch <name>
2026-09-29T20:49:46.3382953Z hint:
2026-09-29T20:49:46.3383570Z hint: Names commonly chosen instead of 'master' are 'main', 'trunk' and
2026-09-29T20:49:46.3384888Z hint: 'development'. The just-created branch can be renamed via this command:
2026-09-29T20:49:46.3385874Z hint:
2026-09-29T20:49:46.3386418Z hint: 	git branch -m <name>
2026-09-29T20:49:46.3387024Z hint:
2026-09-29T20:49:46.3387981Z hint: Disable this message with "git config set advice.defaultBranchName false"
2026-09-29T20:49:46.3391836Z Initialized empty Git repository in /home/runner/work/WetLabEngine/WetLabEngine/.git/
2026-09-29T20:49:46.3403206Z [command]/usr/bin/git remote add origin https://github.com/proteinfoldingengine/WetLabEngine
2026-09-29T20:49:46.3452660Z ##[endgroup]
2026-09-29T20:49:46.3454015Z ##[group]Disabling automatic garbage collection
2026-09-29T20:49:46.3456980Z [command]/usr/bin/git config --local gc.auto 0
2026-09-29T20:49:46.3490803Z ##[endgroup]
2026-09-29T20:49:46.3492192Z ##[group]Setting up auth
2026-09-29T20:49:46.3498117Z [command]/usr/bin/git config --local --name-only --get-regexp core\.sshCommand
2026-09-29T20:49:46.3532579Z [command]/usr/bin/git submodule foreach --recursive sh -c "git config --local --name-only --get-regexp 'core\.sshCommand' && git config --local --unset-all 'core.sshCommand' || :"
2026-09-29T20:49:46.3898673Z [command]/usr/bin/git config --local --name-only --get-regexp http\.https\:\/\/github\.com\/\.extraheader
2026-09-29T20:49:46.3939484Z [command]/usr/bin/git submodule foreach --recursive sh -c "git config --local --name-only --get-regexp 'http\.https\:\/\/github\.com\/\.extraheader' && git config --local --unset-all 'http.https://github.com/.extraheader' || :"
2026-09-29T20:49:46.4173160Z [command]/usr/bin/git config --local --name-only --get-regexp ^includeIf\.gitdir:
2026-09-29T20:49:46.4209052Z [command]/usr/bin/git submodule foreach --recursive git config --local --show-origin --name-only --get-regexp remote.origin.url
2026-09-29T20:49:46.4443525Z [command]/usr/bin/git config --local http.https://github.com/.extraheader AUTHORIZATION: basic ***
2026-09-29T20:49:46.4488008Z ##[endgroup]
2026-09-29T20:49:46.4489828Z ##[group]Fetching the repository
2026-09-29T20:49:46.4499814Z [command]/usr/bin/git -c protocol.version=2 fetch --no-tags --prune --no-recurse-submodules --depth=1 origin +02954512b3e84e62a978dfe56f6007c501ef3b7f:refs/remotes/origin/research/v16.28-diamond-attribution-closure
2026-09-29T20:49:58.0481661Z From https://github.com/proteinfoldingengine/WetLabEngine
2026-09-29T20:49:58.0482727Z  * [new ref]         02954512b3e84e62a978dfe56f6007c501ef3b7f -> origin/research/v16.28-diamond-attribution-closure
2026-09-29T20:49:58.0485618Z ##[endgroup]
2026-09-29T20:49:58.0486557Z ##[group]Determining the checkout info
2026-09-29T20:49:58.0489107Z ##[endgroup]
2026-09-29T20:49:58.0494929Z [command]/usr/bin/git sparse-checkout disable
2026-09-29T20:49:58.0545261Z [command]/usr/bin/git config --local --unset-all extensions.worktreeConfig
2026-09-29T20:49:58.0576706Z ##[group]Checking out the ref
2026-09-29T20:49:58.0581537Z [command]/usr/bin/git checkout --progress --force -B research/v16.28-diamond-attribution-closure refs/remotes/origin/research/v16.28-diamond-attribution-closure
2026-09-29T20:49:59.0959390Z Updating files:  50% (2590/5118)
2026-09-29T20:49:59.0998431Z Updating files:  51% (2611/5118)
2026-09-29T20:49:59.1048926Z Updating files:  52% (2662/5118)
2026-09-29T20:49:59.1077440Z Updating files:  53% (2713/5118)
2026-09-29T20:49:59.1103978Z Updating files:  54% (2764/5118)
2026-09-29T20:49:59.1150586Z Updating files:  55% (2815/5118)
2026-09-29T20:49:59.1858298Z Updating files:  56% (2867/5118)
2026-09-29T20:49:59.1882556Z Updating files:  57% (2918/5118)
2026-09-29T20:49:59.1903262Z Updating files:  58% (2969/5118)
2026-09-29T20:49:59.1984609Z Updating files:  59% (3020/5118)
2026-09-29T20:49:59.2071139Z Updating files:  60% (3071/5118)
2026-09-29T20:49:59.2196745Z Updating files:  61% (3122/5118)
2026-09-29T20:49:59.2361935Z Updating files:  62% (3174/5118)
2026-09-29T20:49:59.2410711Z Updating files:  63% (3225/5118)
2026-09-29T20:49:59.2436447Z Updating files:  64% (3276/5118)
2026-09-29T20:49:59.2842337Z Updating files:  65% (3327/5118)
2026-09-29T20:49:59.4294721Z Updating files:  66% (3378/5118)
2026-09-29T20:49:59.5924887Z Updating files:  67% (3430/5118)
2026-09-29T20:49:59.5952308Z Updating files:  68% (3481/5118)
2026-09-29T20:49:59.7672011Z Updating files:  69% (3532/5118)
2026-09-29T20:49:59.8274215Z Updating files:  70% (3583/5118)
2026-09-29T20:49:59.9193996Z Updating files:  71% (3634/5118)
2026-09-29T20:49:59.9701733Z Updating files:  72% (3685/5118)
2026-09-29T20:49:59.9821638Z Updating files:  73% (3737/5118)
2026-09-29T20:49:59.9867062Z Updating files:  74% (3788/5118)
2026-09-29T20:50:00.0331638Z Updating files:  75% (3839/5118)
2026-09-29T20:50:00.0372195Z Updating files:  76% (3890/5118)
2026-09-29T20:50:00.0404867Z Updating files:  77% (3941/5118)
2026-09-29T20:50:00.0435636Z Updating files:  78% (3993/5118)
2026-09-29T20:50:00.0465453Z Updating files:  79% (4044/5118)
2026-09-29T20:50:00.0498082Z Updating files:  80% (4095/5118)
2026-09-29T20:50:00.0528317Z Updating files:  81% (4146/5118)
2026-09-29T20:50:00.0564009Z Updating files:  82% (4197/5118)
2026-09-29T20:50:00.0591472Z Updating files:  83% (4248/5118)
2026-09-29T20:50:00.0633090Z Updating files:  84% (4300/5118)
2026-09-29T20:50:00.0672225Z Updating files:  85% (4351/5118)
2026-09-29T20:50:00.0768081Z Updating files:  85% (4359/5118)
2026-09-29T20:50:00.4450449Z Updating files:  86% (4402/5118)
2026-09-29T20:50:00.4530411Z Updating files:  87% (4453/5118)
2026-09-29T20:50:00.4710108Z Updating files:  88% (4504/5118)
2026-09-29T20:50:00.4932472Z Updating files:  89% (4556/5118)
2026-09-29T20:50:00.5138016Z Updating files:  90% (4607/5118)
2026-09-29T20:50:00.5407199Z Updating files:  91% (4658/5118)
2026-09-29T20:50:00.5886679Z Updating files:  92% (4709/5118)
2026-09-29T20:50:00.5963956Z Updating files:  93% (4760/5118)
2026-09-29T20:50:00.5998702Z Updating files:  94% (4811/5118)
2026-09-29T20:50:00.6035118Z Updating files:  95% (4863/5118)
2026-09-29T20:50:00.6130745Z Updating files:  96% (4914/5118)
2026-09-29T20:50:00.6178255Z Updating files:  97% (4965/5118)
2026-09-29T20:50:00.6315623Z Updating files:  98% (5016/5118)
2026-09-29T20:50:00.6359633Z Updating files:  99% (5067/5118)
2026-09-29T20:50:00.6360175Z Updating files: 100% (5118/5118)
2026-09-29T20:50:00.6360608Z Updating files: 100% (5118/5118), done.
2026-09-29T20:50:00.6428245Z Switched to a new branch 'research/v16.28-diamond-attribution-closure'
2026-09-29T20:50:00.6431904Z branch 'research/v16.28-diamond-attribution-closure' set up to track 'origin/research/v16.28-diamond-attribution-closure'.
2026-09-29T20:50:00.6525075Z ##[endgroup]
2026-09-29T20:50:00.6573119Z [command]/usr/bin/git log -1 --format=%H
2026-09-29T20:50:00.6608252Z 02954512b3e84e62a978dfe56f6007c501ef3b7f
2026-09-29T20:50:00.6941846Z ##[group]Run actions/setup-python@a26af69be951a213d495a4c3e4e4022e16d87065
2026-09-29T20:50:00.6942279Z with:
2026-09-29T20:50:00.6942497Z   python-version: 3.11
2026-09-29T20:50:00.6942730Z   check-latest: false
2026-09-29T20:50:00.6945434Z   token: ***
2026-09-29T20:50:00.6945650Z   update-environment: true
2026-09-29T20:50:00.6945897Z   allow-prereleases: false
2026-09-29T20:50:00.6946126Z   freethreaded: false
2026-09-29T20:50:00.6946332Z env:
2026-09-29T20:50:00.6946819Z   P: ResearchHistory/UQCF-GEM/demos/v16.28-diamond-attribution-closure
2026-09-29T20:50:00.6947194Z ##[endgroup]
2026-09-29T20:50:00.8261487Z ##[group]Installed versions
2026-09-29T20:50:00.8365986Z (node:2369) [DEP0040] DeprecationWarning: The `punycode` module is deprecated. Please use a userland alternative instead.
2026-09-29T20:50:00.8366927Z (Use `node --trace-deprecation ...` to show where the warning was created)
2026-09-29T20:50:00.8367755Z Successfully set up CPython (3.11.16)
2026-09-29T20:50:00.8368674Z ##[endgroup]
2026-09-29T20:50:00.8558724Z ##[group]Run python -m pip install sympy==1.13.3 mpmath==1.3.0
2026-09-29T20:50:00.8559260Z [36;1mpython -m pip install sympy==1.13.3 mpmath==1.3.0[0m
2026-09-29T20:50:00.8859859Z shell: /usr/bin/bash -e {0}
2026-09-29T20:50:00.8860163Z env:
2026-09-29T20:50:00.8860497Z   P: ResearchHistory/UQCF-GEM/demos/v16.28-diamond-attribution-closure
2026-09-29T20:50:00.8860970Z   pythonLocation: /opt/hostedtoolcache/Python/3.11.16/x64
2026-09-29T20:50:00.8861431Z   PKG_CONFIG_PATH: /opt/hostedtoolcache/Python/3.11.16/x64/lib/pkgconfig
2026-09-29T20:50:00.8861856Z   Python_ROOT_DIR: /opt/hostedtoolcache/Python/3.11.16/x64
2026-09-29T20:50:00.8862258Z   Python2_ROOT_DIR: /opt/hostedtoolcache/Python/3.11.16/x64
2026-09-29T20:50:00.8862653Z   Python3_ROOT_DIR: /opt/hostedtoolcache/Python/3.11.16/x64
2026-09-29T20:50:00.8863050Z   LD_LIBRARY_PATH: /opt/hostedtoolcache/Python/3.11.16/x64/lib
2026-09-29T20:50:00.8863380Z ##[endgroup]
2026-09-29T20:50:01.7616037Z Collecting sympy==1.13.3
2026-09-29T20:50:01.8559769Z   Downloading sympy-1.13.3-py3-none-any.whl.metadata (12 kB)
2026-09-29T20:50:01.8892865Z Collecting mpmath==1.3.0
2026-09-29T20:50:01.9085754Z   Downloading mpmath-1.3.0-py3-none-any.whl.metadata (8.6 kB)
2026-09-29T20:50:01.9412608Z Downloading sympy-1.13.3-py3-none-any.whl (6.2 MB)
2026-09-29T20:50:02.1317768Z    ━━━━━━━━━━━━━━━━━━━━━━━━━━━━━━━━━━━━━━━━ 6.2/6.2 MB 43.4 MB/s  0:00:00
2026-09-29T20:50:02.1513223Z Downloading mpmath-1.3.0-py3-none-any.whl (536 kB)
2026-09-29T20:50:02.1559401Z    ━━━━━━━━━━━━━━━━━━━━━━━━━━━━━━━━━━━━━━━━ 536.2/536.2 kB 110.3 MB/s  0:00:00
2026-09-29T20:50:02.2253329Z Installing collected packages: mpmath, sympy
2026-09-29T20:50:07.5559687Z 
2026-09-29T20:50:07.5569960Z Successfully installed mpmath-1.3.0 sympy-1.13.3
2026-09-29T20:50:07.6084175Z ##[group]Run python "$P/run_campaign.py"
2026-09-29T20:50:07.6084549Z [36;1mpython "$P/run_campaign.py"[0m
2026-09-29T20:50:07.6149749Z shell: /usr/bin/bash -e {0}
2026-09-29T20:50:07.6150000Z env:
2026-09-29T20:50:07.6150312Z   P: ResearchHistory/UQCF-GEM/demos/v16.28-diamond-attribution-closure
2026-09-29T20:50:07.6150778Z   pythonLocation: /opt/hostedtoolcache/Python/3.11.16/x64
2026-09-29T20:50:07.6151210Z   PKG_CONFIG_PATH: /opt/hostedtoolcache/Python/3.11.16/x64/lib/pkgconfig
2026-09-29T20:50:07.6151642Z   Python_ROOT_DIR: /opt/hostedtoolcache/Python/3.11.16/x64
2026-09-29T20:50:07.6152027Z   Python2_ROOT_DIR: /opt/hostedtoolcache/Python/3.11.16/x64
2026-09-29T20:50:07.6152452Z   Python3_ROOT_DIR: /opt/hostedtoolcache/Python/3.11.16/x64
2026-09-29T20:50:07.6152847Z   LD_LIBRARY_PATH: /opt/hostedtoolcache/Python/3.11.16/x64/lib
2026-09-29T20:50:07.6153172Z ##[endgroup]
2026-09-29T20:50:15.6096232Z {"name": "v1628-tests", "cwd": "ResearchHistory/UQCF-GEM/demos/v16.28-diamond-attribution-closure", "command": ["/opt/hostedtoolcache/Python/3.11.16/x64/bin/python", "test_gate.py"], "exit_code": 0, "tests": [28]}
2026-09-29T20:50:20.2151660Z {"name": "producer", "cwd": "ResearchHistory/UQCF-GEM/demos/v16.28-diamond-attribution-closure", "command": ["/opt/hostedtoolcache/Python/3.11.16/x64/bin/python", "producer.py"], "exit_code": 0, "tests": []}
2026-09-29T20:50:26.1699332Z {"name": "verifier", "cwd": "ResearchHistory/UQCF-GEM/demos/v16.28-diamond-attribution-closure", "command": ["/opt/hostedtoolcache/Python/3.11.16/x64/bin/python", "verifier.py"], "exit_code": 0, "tests": []}
2026-09-29T20:50:26.2279182Z {"name": "v1627-contract", "cwd": "ResearchHistory/UQCF-GEM/demos/v16.27-increment-attribution-closure/completion", "command": ["/opt/hostedtoolcache/Python/3.11.16/x64/bin/python", "test_contract.py"], "exit_code": 0, "tests": [11]}
2026-09-29T20:50:26.3184081Z {"name": "v1627-complete", "cwd": "ResearchHistory/UQCF-GEM/demos/v16.27-increment-attribution-closure/completion", "command": ["/opt/hostedtoolcache/Python/3.11.16/x64/bin/python", "test_complete.py"], "exit_code": 0, "tests": [23]}
2026-09-29T20:51:01.8439195Z {"name": "v1627-original", "cwd": "ResearchHistory/UQCF-GEM/demos/v16.27-increment-attribution-closure", "command": ["/opt/hostedtoolcache/Python/3.11.16/x64/bin/python", "test_gate.py"], "exit_code": 0, "tests": [5]}
2026-09-29T20:51:02.0174263Z {"name": "v1626", "cwd": "ResearchHistory/UQCF-GEM/demos/v16.26-consistency-increment-law", "command": ["/opt/hostedtoolcache/Python/3.11.16/x64/bin/python", "test_gate.py"], "exit_code": 0, "tests": [8]}
2026-09-29T20:51:02.3558393Z {"name": "v1625", "cwd": "ResearchHistory/UQCF-GEM/demos/v16.25-pruning-refinement-closure", "command": ["/opt/hostedtoolcache/Python/3.11.16/x64/bin/python", "test_gate.py"], "exit_code": 0, "tests": [11]}
2026-09-29T20:51:02.8858910Z {"name": "v1624", "cwd": "ResearchHistory/UQCF-GEM/demos/v16.24-consistency-order", "command": ["/opt/hostedtoolcache/Python/3.11.16/x64/bin/python", "test_gate.py"], "exit_code": 0, "tests": [28]}
2026-09-29T20:51:03.1840878Z {"name": "v1624-validation", "cwd": "ResearchHistory/UQCF-GEM/demos/v16.24-consistency-order", "command": ["/opt/hostedtoolcache/Python/3.11.16/x64/bin/python", "test_validation.py"], "exit_code": 0, "tests": [2]}
2026-09-29T20:51:04.3705617Z {"name": "v1623", "cwd": "ResearchHistory/UQCF-GEM/demos/v16.23-overlap-descent", "command": ["/opt/hostedtoolcache/Python/3.11.16/x64/bin/python", "test_gate.py"], "exit_code": 0, "tests": [22]}
2026-09-29T20:51:04.8382637Z {"name": "v1623-schema", "cwd": "ResearchHistory/UQCF-GEM/demos/v16.23-overlap-descent", "command": ["/opt/hostedtoolcache/Python/3.11.16/x64/bin/python", "test_schema.py"], "exit_code": 0, "tests": [3]}
2026-09-29T20:51:05.3136441Z {"name": "v1622", "cwd": "ResearchHistory/UQCF-GEM/demos/v16.22-response-selection-closure", "command": ["/opt/hostedtoolcache/Python/3.11.16/x64/bin/python", "-m", "unittest", "discover", "-v"], "exit_code": 0, "tests": [20]}
2026-09-29T20:51:06.0179659Z {"name": "v1621", "cwd": "ResearchHistory/UQCF-GEM/foundational-closure-verification", "command": ["/opt/hostedtoolcache/Python/3.11.16/x64/bin/python", "tests/test_fcv.py"], "exit_code": 0, "tests": [22]}
2026-09-29T20:51:07.2780723Z {"name": "exact-parent", "cwd": "ResearchHistory/UQCF-GEM/demos/v15.56-response-selector-obstruction", "command": ["/opt/hostedtoolcache/Python/3.11.16/x64/bin/python", "-m", "unittest", "-v", "test_pruning_consistency_audit"], "exit_code": 0, "tests": [15]}
2026-09-29T20:51:07.3152653Z ##[group]Run actions/upload-artifact@ea165f8d65b6e75b540449e92b4886f43607fa02
2026-09-29T20:51:07.3153085Z with:
2026-09-29T20:51:07.3153324Z   name: v1628-02954512b3e84e62a978dfe56f6007c501ef3b7f
2026-09-29T20:51:07.3153660Z   if-no-files-found: error
2026-09-29T20:51:07.3154047Z   path: ResearchHistory/UQCF-GEM/demos/v16.28-diamond-attribution-closure/evidence
2026-09-29T20:51:07.3154471Z   compression-level: 6
2026-09-29T20:51:07.3154686Z   overwrite: false
2026-09-29T20:51:07.3154902Z   include-hidden-files: false
2026-09-29T20:51:07.3155133Z env:
2026-09-29T20:51:07.3155427Z   P: ResearchHistory/UQCF-GEM/demos/v16.28-diamond-attribution-closure
2026-09-29T20:51:07.3155858Z   pythonLocation: /opt/hostedtoolcache/Python/3.11.16/x64
2026-09-29T20:51:07.3156275Z   PKG_CONFIG_PATH: /opt/hostedtoolcache/Python/3.11.16/x64/lib/pkgconfig
2026-09-29T20:51:07.3156688Z   Python_ROOT_DIR: /opt/hostedtoolcache/Python/3.11.16/x64
2026-09-29T20:51:07.3157094Z   Python2_ROOT_DIR: /opt/hostedtoolcache/Python/3.11.16/x64
2026-09-29T20:51:07.3157829Z   Python3_ROOT_DIR: /opt/hostedtoolcache/Python/3.11.16/x64
2026-09-29T20:51:07.3158347Z   LD_LIBRARY_PATH: /opt/hostedtoolcache/Python/3.11.16/x64/lib
2026-09-29T20:51:07.3158870Z ##[endgroup]
2026-09-29T20:51:07.4835981Z (node:2437) [DEP0040] DeprecationWarning: The `punycode` module is deprecated. Please use a userland alternative instead.
2026-09-29T20:51:07.4836903Z (Use `node --trace-deprecation ...` to show where the warning was created)
2026-09-29T20:51:07.4970469Z With the provided path, there will be 25 files uploaded
2026-09-29T20:51:07.4971385Z Artifact name is valid!
2026-09-29T20:51:07.4971820Z Root directory input is valid!
2026-09-29T20:51:07.8282511Z Beginning upload of artifact content to blob storage
2026-09-29T20:51:07.8770655Z (node:2437) [DEP0169] DeprecationWarning: `url.parse()` behavior is not standardized and prone to errors that have security implications. Use the WHATWG URL API instead. CVEs are not issued for `url.parse()` vulnerabilities.
2026-09-29T20:51:08.1847975Z Uploaded bytes 91794
2026-09-29T20:51:08.2469731Z Finished uploading artifact content to blob storage!
2026-09-29T20:51:08.2470795Z SHA256 digest of uploaded artifact zip is 31fe8aab386f318d4679962da638d4a01cb3f3d95f6772dfec13c0029e78997a
2026-09-29T20:51:08.2472008Z Finalizing artifact upload
2026-09-29T20:51:08.5001527Z Artifact v1628-02954512b3e84e62a978dfe56f6007c501ef3b7f.zip successfully finalized. Artifact ID 11061821105
2026-09-29T20:51:08.5003107Z Artifact v1628-02954512b3e84e62a978dfe56f6007c501ef3b7f has been successfully uploaded! Final size is 91794 bytes. Artifact ID is 11061821105
2026-09-29T20:51:08.5011189Z Artifact download URL: https://github.com/proteinfoldingengine/WetLabEngine/actions/runs/36629091598/artifacts/11061821105
2026-09-29T20:51:08.5189110Z Post job cleanup.
2026-09-29T20:51:08.6398351Z (node:2449) [DEP0040] DeprecationWarning: The `punycode` module is deprecated. Please use a userland alternative instead.
2026-09-29T20:51:08.6399179Z (Use `node --trace-deprecation ...` to show where the warning was created)
2026-09-29T20:51:08.6602468Z Post job cleanup.
2026-09-29T20:51:08.7552560Z [command]/usr/bin/git version
2026-09-29T20:51:08.7603470Z git version 2.55.0
2026-09-29T20:51:08.7646528Z Temporarily overriding HOME='/home/runner/work/_temp/52989475-273f-4e7a-9594-883fb687df96' before making global git config changes
2026-09-29T20:51:08.7648494Z Adding repository directory to the temporary git global config as a safe directory
2026-09-29T20:51:08.7653010Z [command]/usr/bin/git config --global --add safe.directory /home/runner/work/WetLabEngine/WetLabEngine
2026-09-29T20:51:08.7702112Z [command]/usr/bin/git config --local --name-only --get-regexp core\.sshCommand
2026-09-29T20:51:08.7745138Z [command]/usr/bin/git submodule foreach --recursive sh -c "git config --local --name-only --get-regexp 'core\.sshCommand' && git config --local --unset-all 'core.sshCommand' || :"
2026-09-29T20:51:08.8069299Z [command]/usr/bin/git config --local --name-only --get-regexp http\.https\:\/\/github\.com\/\.extraheader
2026-09-29T20:51:08.8098769Z http.https://github.com/.extraheader
2026-09-29T20:51:08.8116391Z [command]/usr/bin/git config --local --unset-all http.https://github.com/.extraheader
2026-09-29T20:51:08.8170079Z [command]/usr/bin/git submodule foreach --recursive sh -c "git config --local --name-only --get-regexp 'http\.https\:\/\/github\.com\/\.extraheader' && git config --local --unset-all 'http.https://github.com/.extraheader' || :"
2026-09-29T20:51:08.8519546Z [command]/usr/bin/git config --local --name-only --get-regexp ^includeIf\.gitdir:
2026-09-29T20:51:08.8558864Z [command]/usr/bin/git submodule foreach --recursive git config --local --show-origin --name-only --get-regexp remote.origin.url
2026-09-29T20:51:08.8997825Z Cleaning up orphan processes
2026-09-29T20:51:08.9289889Z ##[warning]Node.js 20 is deprecated. The following actions target Node.js 20 but are being forced to run on Node.js 24: actions/checkout@11d5960a326750d5838078e36cf38b85af677262, actions/setup-python@a26af69be951a213d495a4c3e4e4022e16d87065, actions/upload-artifact@ea165f8d65b6e75b540449e92b4886f43607fa02. For more information see: https://github.blog/changelog/2025-09-19-deprecation-of-node-20-on-github-actions-runners/
