test_bound (test_shared.Contracts.test_bound) ... FAIL
test_broken_substitution (test_shared.Contracts.test_broken_substitution) ... FAIL
test_changed_plan (test_shared.Contracts.test_changed_plan) ... FAIL
test_complete (test_shared.Contracts.test_complete) ... FAIL
test_coupled_positive (test_shared.Contracts.test_coupled_positive) ... FAIL
test_duplicate_source (test_shared.Contracts.test_duplicate_source) ... FAIL
test_false_admissibility (test_shared.Contracts.test_false_admissibility) ... FAIL
test_invalid_intermediate (test_shared.Contracts.test_invalid_intermediate) ... FAIL
test_marker_retained (test_shared.Contracts.test_marker_retained) ... FAIL
test_missing_goal (test_shared.Contracts.test_missing_goal) ... FAIL
test_missing_source (test_shared.Contracts.test_missing_source) ... FAIL
test_observer (test_shared.Contracts.test_observer) ... FAIL
test_optimality (test_shared.Contracts.test_optimality) ... FAIL
test_progress (test_shared.Contracts.test_progress) ... FAIL
test_provenance (test_shared.Contracts.test_provenance) ... FAIL
test_substituted_path (test_shared.Contracts.test_substituted_path) ... FAIL
test_type (test_shared.Contracts.test_type) ... FAIL
test_wrong_floor (test_shared.Contracts.test_wrong_floor) ... FAIL
test_wrong_target (test_shared.Contracts.test_wrong_target) ... FAIL
test_wrong_tau (test_shared.Contracts.test_wrong_tau) ... FAIL

======================================================================
FAIL: test_bound (test_shared.Contracts.test_bound)
----------------------------------------------------------------------
Traceback (most recent call last):
  File "/workspace/scratch/e1b2c832a87f/shared_host/test_shared.py", line 31, in test_bound
    def test_bound(self):self.reject(lambda c:c['claims'].__setitem__('edit_bound_factor',8))
                         ^^^^^^^^^^^^^^^^^^^^^^^^^^^^^^^^^^^^^^^^^^^^^^^^^^^^^^^^^^^^^^^^^^^^
  File "/workspace/scratch/e1b2c832a87f/shared_host/test_shared.py", line 14, in reject
    self.ready();c=copy.deepcopy(self.cert);f(c)
    ^^^^^^^^^^^^
  File "/workspace/scratch/e1b2c832a87f/shared_host/test_shared.py", line 12, in ready
    def ready(self):self.assertEqual(set(self.mods),{'producer','independent'},'intended RED: absent implementation')
                    ^^^^^^^^^^^^^^^^^^^^^^^^^^^^^^^^^^^^^^^^^^^^^^^^^^^^^^^^^^^^^^^^^^^^^^^^^^^^^^^^^^^^^^^^^^^^^^^^^
AssertionError: Items in the second set but not the first:
'independent'
'producer' : intended RED: absent implementation

======================================================================
FAIL: test_broken_substitution (test_shared.Contracts.test_broken_substitution)
----------------------------------------------------------------------
Traceback (most recent call last):
  File "/workspace/scratch/e1b2c832a87f/shared_host/test_shared.py", line 26, in test_broken_substitution
    def test_broken_substitution(self):self.reject(lambda c:c['handoffs'][0]['maps'][3].__setitem__(2,2))
                                       ^^^^^^^^^^^^^^^^^^^^^^^^^^^^^^^^^^^^^^^^^^^^^^^^^^^^^^^^^^^^^^^^^^
  File "/workspace/scratch/e1b2c832a87f/shared_host/test_shared.py", line 14, in reject
    self.ready();c=copy.deepcopy(self.cert);f(c)
    ^^^^^^^^^^^^
  File "/workspace/scratch/e1b2c832a87f/shared_host/test_shared.py", line 12, in ready
    def ready(self):self.assertEqual(set(self.mods),{'producer','independent'},'intended RED: absent implementation')
                    ^^^^^^^^^^^^^^^^^^^^^^^^^^^^^^^^^^^^^^^^^^^^^^^^^^^^^^^^^^^^^^^^^^^^^^^^^^^^^^^^^^^^^^^^^^^^^^^^^
AssertionError: Items in the second set but not the first:
'independent'
'producer' : intended RED: absent implementation

======================================================================
FAIL: test_changed_plan (test_shared.Contracts.test_changed_plan)
----------------------------------------------------------------------
Traceback (most recent call last):
  File "/workspace/scratch/e1b2c832a87f/shared_host/test_shared.py", line 30, in test_changed_plan
    def test_changed_plan(self):self.reject(lambda c:c['goals'][1]['exchanges'].append([0,2]))
                                ^^^^^^^^^^^^^^^^^^^^^^^^^^^^^^^^^^^^^^^^^^^^^^^^^^^^^^^^^^^^^^
  File "/workspace/scratch/e1b2c832a87f/shared_host/test_shared.py", line 14, in reject
    self.ready();c=copy.deepcopy(self.cert);f(c)
    ^^^^^^^^^^^^
  File "/workspace/scratch/e1b2c832a87f/shared_host/test_shared.py", line 12, in ready
    def ready(self):self.assertEqual(set(self.mods),{'producer','independent'},'intended RED: absent implementation')
                    ^^^^^^^^^^^^^^^^^^^^^^^^^^^^^^^^^^^^^^^^^^^^^^^^^^^^^^^^^^^^^^^^^^^^^^^^^^^^^^^^^^^^^^^^^^^^^^^^^
AssertionError: Items in the second set but not the first:
'independent'
'producer' : intended RED: absent implementation

======================================================================
FAIL: test_complete (test_shared.Contracts.test_complete)
----------------------------------------------------------------------
Traceback (most recent call last):
  File "/workspace/scratch/e1b2c832a87f/shared_host/test_shared.py", line 17, in test_complete
    self.ready();self.mods['independent'].verify(self.cert)
    ^^^^^^^^^^^^
  File "/workspace/scratch/e1b2c832a87f/shared_host/test_shared.py", line 12, in ready
    def ready(self):self.assertEqual(set(self.mods),{'producer','independent'},'intended RED: absent implementation')
                    ^^^^^^^^^^^^^^^^^^^^^^^^^^^^^^^^^^^^^^^^^^^^^^^^^^^^^^^^^^^^^^^^^^^^^^^^^^^^^^^^^^^^^^^^^^^^^^^^^
AssertionError: Items in the second set but not the first:
'independent'
'producer' : intended RED: absent implementation

======================================================================
FAIL: test_coupled_positive (test_shared.Contracts.test_coupled_positive)
----------------------------------------------------------------------
Traceback (most recent call last):
  File "/workspace/scratch/e1b2c832a87f/shared_host/test_shared.py", line 38, in test_coupled_positive
    self.ready();r=next(x for x in self.cert['sources_a'] if x['id']==[33,0])
    ^^^^^^^^^^^^
  File "/workspace/scratch/e1b2c832a87f/shared_host/test_shared.py", line 12, in ready
    def ready(self):self.assertEqual(set(self.mods),{'producer','independent'},'intended RED: absent implementation')
                    ^^^^^^^^^^^^^^^^^^^^^^^^^^^^^^^^^^^^^^^^^^^^^^^^^^^^^^^^^^^^^^^^^^^^^^^^^^^^^^^^^^^^^^^^^^^^^^^^^
AssertionError: Items in the second set but not the first:
'independent'
'producer' : intended RED: absent implementation

======================================================================
FAIL: test_duplicate_source (test_shared.Contracts.test_duplicate_source)
----------------------------------------------------------------------
Traceback (most recent call last):
  File "/workspace/scratch/e1b2c832a87f/shared_host/test_shared.py", line 20, in test_duplicate_source
    def test_duplicate_source(self):self.reject(lambda c:c['sources_b'].__setitem__(1,c['sources_b'][0]))
                                    ^^^^^^^^^^^^^^^^^^^^^^^^^^^^^^^^^^^^^^^^^^^^^^^^^^^^^^^^^^^^^^^^^^^^^
  File "/workspace/scratch/e1b2c832a87f/shared_host/test_shared.py", line 14, in reject
    self.ready();c=copy.deepcopy(self.cert);f(c)
    ^^^^^^^^^^^^
  File "/workspace/scratch/e1b2c832a87f/shared_host/test_shared.py", line 12, in ready
    def ready(self):self.assertEqual(set(self.mods),{'producer','independent'},'intended RED: absent implementation')
                    ^^^^^^^^^^^^^^^^^^^^^^^^^^^^^^^^^^^^^^^^^^^^^^^^^^^^^^^^^^^^^^^^^^^^^^^^^^^^^^^^^^^^^^^^^^^^^^^^^
AssertionError: Items in the second set but not the first:
'independent'
'producer' : intended RED: absent implementation

======================================================================
FAIL: test_false_admissibility (test_shared.Contracts.test_false_admissibility)
----------------------------------------------------------------------
Traceback (most recent call last):
  File "/workspace/scratch/e1b2c832a87f/shared_host/test_shared.py", line 24, in test_false_admissibility
    def test_false_admissibility(self):self.reject(lambda c:c['sources_a'][0].__setitem__('protected',False))
                                       ^^^^^^^^^^^^^^^^^^^^^^^^^^^^^^^^^^^^^^^^^^^^^^^^^^^^^^^^^^^^^^^^^^^^^^
  File "/workspace/scratch/e1b2c832a87f/shared_host/test_shared.py", line 14, in reject
    self.ready();c=copy.deepcopy(self.cert);f(c)
    ^^^^^^^^^^^^
  File "/workspace/scratch/e1b2c832a87f/shared_host/test_shared.py", line 12, in ready
    def ready(self):self.assertEqual(set(self.mods),{'producer','independent'},'intended RED: absent implementation')
                    ^^^^^^^^^^^^^^^^^^^^^^^^^^^^^^^^^^^^^^^^^^^^^^^^^^^^^^^^^^^^^^^^^^^^^^^^^^^^^^^^^^^^^^^^^^^^^^^^^
AssertionError: Items in the second set but not the first:
'independent'
'producer' : intended RED: absent implementation

======================================================================
FAIL: test_invalid_intermediate (test_shared.Contracts.test_invalid_intermediate)
----------------------------------------------------------------------
Traceback (most recent call last):
  File "/workspace/scratch/e1b2c832a87f/shared_host/test_shared.py", line 25, in test_invalid_intermediate
    def test_invalid_intermediate(self):self.reject(lambda c:c['handoffs'][0]['states'][2].__setitem__(5,0))
                                        ^^^^^^^^^^^^^^^^^^^^^^^^^^^^^^^^^^^^^^^^^^^^^^^^^^^^^^^^^^^^^^^^^^^^
  File "/workspace/scratch/e1b2c832a87f/shared_host/test_shared.py", line 14, in reject
    self.ready();c=copy.deepcopy(self.cert);f(c)
    ^^^^^^^^^^^^
  File "/workspace/scratch/e1b2c832a87f/shared_host/test_shared.py", line 12, in ready
    def ready(self):self.assertEqual(set(self.mods),{'producer','independent'},'intended RED: absent implementation')
                    ^^^^^^^^^^^^^^^^^^^^^^^^^^^^^^^^^^^^^^^^^^^^^^^^^^^^^^^^^^^^^^^^^^^^^^^^^^^^^^^^^^^^^^^^^^^^^^^^^
AssertionError: Items in the second set but not the first:
'independent'
'producer' : intended RED: absent implementation

======================================================================
FAIL: test_marker_retained (test_shared.Contracts.test_marker_retained)
----------------------------------------------------------------------
Traceback (most recent call last):
  File "/workspace/scratch/e1b2c832a87f/shared_host/test_shared.py", line 29, in test_marker_retained
    def test_marker_retained(self):self.reject(lambda c:c['handoffs'][0]['states'][-1].__setitem__(5,c['handoffs'][0]['states'][-1][5]|64))
                                   ^^^^^^^^^^^^^^^^^^^^^^^^^^^^^^^^^^^^^^^^^^^^^^^^^^^^^^^^^^^^^^^^^^^^^^^^^^^^^^^^^^^^^^^^^^^^^^^^^^^^^^^^
  File "/workspace/scratch/e1b2c832a87f/shared_host/test_shared.py", line 14, in reject
    self.ready();c=copy.deepcopy(self.cert);f(c)
    ^^^^^^^^^^^^
  File "/workspace/scratch/e1b2c832a87f/shared_host/test_shared.py", line 12, in ready
    def ready(self):self.assertEqual(set(self.mods),{'producer','independent'},'intended RED: absent implementation')
                    ^^^^^^^^^^^^^^^^^^^^^^^^^^^^^^^^^^^^^^^^^^^^^^^^^^^^^^^^^^^^^^^^^^^^^^^^^^^^^^^^^^^^^^^^^^^^^^^^^
AssertionError: Items in the second set but not the first:
'independent'
'producer' : intended RED: absent implementation

======================================================================
FAIL: test_missing_goal (test_shared.Contracts.test_missing_goal)
----------------------------------------------------------------------
Traceback (most recent call last):
  File "/workspace/scratch/e1b2c832a87f/shared_host/test_shared.py", line 22, in test_missing_goal
    def test_missing_goal(self):self.reject(lambda c:c['goals'].pop())
                                ^^^^^^^^^^^^^^^^^^^^^^^^^^^^^^^^^^^^^^
  File "/workspace/scratch/e1b2c832a87f/shared_host/test_shared.py", line 14, in reject
    self.ready();c=copy.deepcopy(self.cert);f(c)
    ^^^^^^^^^^^^
  File "/workspace/scratch/e1b2c832a87f/shared_host/test_shared.py", line 12, in ready
    def ready(self):self.assertEqual(set(self.mods),{'producer','independent'},'intended RED: absent implementation')
                    ^^^^^^^^^^^^^^^^^^^^^^^^^^^^^^^^^^^^^^^^^^^^^^^^^^^^^^^^^^^^^^^^^^^^^^^^^^^^^^^^^^^^^^^^^^^^^^^^^
AssertionError: Items in the second set but not the first:
'independent'
'producer' : intended RED: absent implementation

======================================================================
FAIL: test_missing_source (test_shared.Contracts.test_missing_source)
----------------------------------------------------------------------
Traceback (most recent call last):
  File "/workspace/scratch/e1b2c832a87f/shared_host/test_shared.py", line 19, in test_missing_source
    def test_missing_source(self):self.reject(lambda c:c['sources_a'].pop())
                                  ^^^^^^^^^^^^^^^^^^^^^^^^^^^^^^^^^^^^^^^^^^
  File "/workspace/scratch/e1b2c832a87f/shared_host/test_shared.py", line 14, in reject
    self.ready();c=copy.deepcopy(self.cert);f(c)
    ^^^^^^^^^^^^
  File "/workspace/scratch/e1b2c832a87f/shared_host/test_shared.py", line 12, in ready
    def ready(self):self.assertEqual(set(self.mods),{'producer','independent'},'intended RED: absent implementation')
                    ^^^^^^^^^^^^^^^^^^^^^^^^^^^^^^^^^^^^^^^^^^^^^^^^^^^^^^^^^^^^^^^^^^^^^^^^^^^^^^^^^^^^^^^^^^^^^^^^^
AssertionError: Items in the second set but not the first:
'independent'
'producer' : intended RED: absent implementation

======================================================================
FAIL: test_observer (test_shared.Contracts.test_observer)
----------------------------------------------------------------------
Traceback (most recent call last):
  File "/workspace/scratch/e1b2c832a87f/shared_host/test_shared.py", line 33, in test_observer
    def test_observer(self):self.reject(lambda c:c['claims'].__setitem__('observer_origin',True))
                            ^^^^^^^^^^^^^^^^^^^^^^^^^^^^^^^^^^^^^^^^^^^^^^^^^^^^^^^^^^^^^^^^^^^^^
  File "/workspace/scratch/e1b2c832a87f/shared_host/test_shared.py", line 14, in reject
    self.ready();c=copy.deepcopy(self.cert);f(c)
    ^^^^^^^^^^^^
  File "/workspace/scratch/e1b2c832a87f/shared_host/test_shared.py", line 12, in ready
    def ready(self):self.assertEqual(set(self.mods),{'producer','independent'},'intended RED: absent implementation')
                    ^^^^^^^^^^^^^^^^^^^^^^^^^^^^^^^^^^^^^^^^^^^^^^^^^^^^^^^^^^^^^^^^^^^^^^^^^^^^^^^^^^^^^^^^^^^^^^^^^
AssertionError: Items in the second set but not the first:
'independent'
'producer' : intended RED: absent implementation

======================================================================
FAIL: test_optimality (test_shared.Contracts.test_optimality)
----------------------------------------------------------------------
Traceback (most recent call last):
  File "/workspace/scratch/e1b2c832a87f/shared_host/test_shared.py", line 35, in test_optimality
    def test_optimality(self):self.reject(lambda c:c['claims'].__setitem__('optimal',True))
                              ^^^^^^^^^^^^^^^^^^^^^^^^^^^^^^^^^^^^^^^^^^^^^^^^^^^^^^^^^^^^^
  File "/workspace/scratch/e1b2c832a87f/shared_host/test_shared.py", line 14, in reject
    self.ready();c=copy.deepcopy(self.cert);f(c)
    ^^^^^^^^^^^^
  File "/workspace/scratch/e1b2c832a87f/shared_host/test_shared.py", line 12, in ready
    def ready(self):self.assertEqual(set(self.mods),{'producer','independent'},'intended RED: absent implementation')
                    ^^^^^^^^^^^^^^^^^^^^^^^^^^^^^^^^^^^^^^^^^^^^^^^^^^^^^^^^^^^^^^^^^^^^^^^^^^^^^^^^^^^^^^^^^^^^^^^^^
AssertionError: Items in the second set but not the first:
'independent'
'producer' : intended RED: absent implementation

======================================================================
FAIL: test_progress (test_shared.Contracts.test_progress)
----------------------------------------------------------------------
Traceback (most recent call last):
  File "/workspace/scratch/e1b2c832a87f/shared_host/test_shared.py", line 34, in test_progress
    def test_progress(self):self.reject(lambda c:c['claims'].__setitem__('guaranteed_requests',True))
                            ^^^^^^^^^^^^^^^^^^^^^^^^^^^^^^^^^^^^^^^^^^^^^^^^^^^^^^^^^^^^^^^^^^^^^^^^^
  File "/workspace/scratch/e1b2c832a87f/shared_host/test_shared.py", line 14, in reject
    self.ready();c=copy.deepcopy(self.cert);f(c)
    ^^^^^^^^^^^^
  File "/workspace/scratch/e1b2c832a87f/shared_host/test_shared.py", line 12, in ready
    def ready(self):self.assertEqual(set(self.mods),{'producer','independent'},'intended RED: absent implementation')
                    ^^^^^^^^^^^^^^^^^^^^^^^^^^^^^^^^^^^^^^^^^^^^^^^^^^^^^^^^^^^^^^^^^^^^^^^^^^^^^^^^^^^^^^^^^^^^^^^^^
AssertionError: Items in the second set but not the first:
'independent'
'producer' : intended RED: absent implementation

======================================================================
FAIL: test_provenance (test_shared.Contracts.test_provenance)
----------------------------------------------------------------------
Traceback (most recent call last):
  File "/workspace/scratch/e1b2c832a87f/shared_host/test_shared.py", line 32, in test_provenance
    def test_provenance(self):self.reject(lambda c:c.__setitem__('scope_commit','0'*40))
                              ^^^^^^^^^^^^^^^^^^^^^^^^^^^^^^^^^^^^^^^^^^^^^^^^^^^^^^^^^^
  File "/workspace/scratch/e1b2c832a87f/shared_host/test_shared.py", line 14, in reject
    self.ready();c=copy.deepcopy(self.cert);f(c)
    ^^^^^^^^^^^^
  File "/workspace/scratch/e1b2c832a87f/shared_host/test_shared.py", line 12, in ready
    def ready(self):self.assertEqual(set(self.mods),{'producer','independent'},'intended RED: absent implementation')
                    ^^^^^^^^^^^^^^^^^^^^^^^^^^^^^^^^^^^^^^^^^^^^^^^^^^^^^^^^^^^^^^^^^^^^^^^^^^^^^^^^^^^^^^^^^^^^^^^^^
AssertionError: Items in the second set but not the first:
'independent'
'producer' : intended RED: absent implementation

======================================================================
FAIL: test_substituted_path (test_shared.Contracts.test_substituted_path)
----------------------------------------------------------------------
Traceback (most recent call last):
  File "/workspace/scratch/e1b2c832a87f/shared_host/test_shared.py", line 21, in test_substituted_path
    def test_substituted_path(self):self.reject(lambda c:c['handoffs'].__setitem__(1,c['handoffs'][0]))
                                    ^^^^^^^^^^^^^^^^^^^^^^^^^^^^^^^^^^^^^^^^^^^^^^^^^^^^^^^^^^^^^^^^^^^
  File "/workspace/scratch/e1b2c832a87f/shared_host/test_shared.py", line 14, in reject
    self.ready();c=copy.deepcopy(self.cert);f(c)
    ^^^^^^^^^^^^
  File "/workspace/scratch/e1b2c832a87f/shared_host/test_shared.py", line 12, in ready
    def ready(self):self.assertEqual(set(self.mods),{'producer','independent'},'intended RED: absent implementation')
                    ^^^^^^^^^^^^^^^^^^^^^^^^^^^^^^^^^^^^^^^^^^^^^^^^^^^^^^^^^^^^^^^^^^^^^^^^^^^^^^^^^^^^^^^^^^^^^^^^^
AssertionError: Items in the second set but not the first:
'independent'
'producer' : intended RED: absent implementation

======================================================================
FAIL: test_type (test_shared.Contracts.test_type)
----------------------------------------------------------------------
Traceback (most recent call last):
  File "/workspace/scratch/e1b2c832a87f/shared_host/test_shared.py", line 36, in test_type
    def test_type(self):self.reject(lambda c:c['sources_a'][0]['id'].__setitem__(0,False))
                        ^^^^^^^^^^^^^^^^^^^^^^^^^^^^^^^^^^^^^^^^^^^^^^^^^^^^^^^^^^^^^^^^^^
  File "/workspace/scratch/e1b2c832a87f/shared_host/test_shared.py", line 14, in reject
    self.ready();c=copy.deepcopy(self.cert);f(c)
    ^^^^^^^^^^^^
  File "/workspace/scratch/e1b2c832a87f/shared_host/test_shared.py", line 12, in ready
    def ready(self):self.assertEqual(set(self.mods),{'producer','independent'},'intended RED: absent implementation')
                    ^^^^^^^^^^^^^^^^^^^^^^^^^^^^^^^^^^^^^^^^^^^^^^^^^^^^^^^^^^^^^^^^^^^^^^^^^^^^^^^^^^^^^^^^^^^^^^^^^
AssertionError: Items in the second set but not the first:
'independent'
'producer' : intended RED: absent implementation

======================================================================
FAIL: test_wrong_floor (test_shared.Contracts.test_wrong_floor)
----------------------------------------------------------------------
Traceback (most recent call last):
  File "/workspace/scratch/e1b2c832a87f/shared_host/test_shared.py", line 27, in test_wrong_floor
    def test_wrong_floor(self):self.reject(lambda c:c['handoffs'][0]['minimum_sizes'].__setitem__(0,1))
                               ^^^^^^^^^^^^^^^^^^^^^^^^^^^^^^^^^^^^^^^^^^^^^^^^^^^^^^^^^^^^^^^^^^^^^^^^
  File "/workspace/scratch/e1b2c832a87f/shared_host/test_shared.py", line 14, in reject
    self.ready();c=copy.deepcopy(self.cert);f(c)
    ^^^^^^^^^^^^
  File "/workspace/scratch/e1b2c832a87f/shared_host/test_shared.py", line 12, in ready
    def ready(self):self.assertEqual(set(self.mods),{'producer','independent'},'intended RED: absent implementation')
                    ^^^^^^^^^^^^^^^^^^^^^^^^^^^^^^^^^^^^^^^^^^^^^^^^^^^^^^^^^^^^^^^^^^^^^^^^^^^^^^^^^^^^^^^^^^^^^^^^^
AssertionError: Items in the second set but not the first:
'independent'
'producer' : intended RED: absent implementation

======================================================================
FAIL: test_wrong_target (test_shared.Contracts.test_wrong_target)
----------------------------------------------------------------------
Traceback (most recent call last):
  File "/workspace/scratch/e1b2c832a87f/shared_host/test_shared.py", line 28, in test_wrong_target
    def test_wrong_target(self):self.reject(lambda c:c['goals'][1]['states'][-1].__setitem__(0,0))
                                ^^^^^^^^^^^^^^^^^^^^^^^^^^^^^^^^^^^^^^^^^^^^^^^^^^^^^^^^^^^^^^^^^^
  File "/workspace/scratch/e1b2c832a87f/shared_host/test_shared.py", line 14, in reject
    self.ready();c=copy.deepcopy(self.cert);f(c)
    ^^^^^^^^^^^^
  File "/workspace/scratch/e1b2c832a87f/shared_host/test_shared.py", line 12, in ready
    def ready(self):self.assertEqual(set(self.mods),{'producer','independent'},'intended RED: absent implementation')
                    ^^^^^^^^^^^^^^^^^^^^^^^^^^^^^^^^^^^^^^^^^^^^^^^^^^^^^^^^^^^^^^^^^^^^^^^^^^^^^^^^^^^^^^^^^^^^^^^^^
AssertionError: Items in the second set but not the first:
'independent'
'producer' : intended RED: absent implementation

======================================================================
FAIL: test_wrong_tau (test_shared.Contracts.test_wrong_tau)
----------------------------------------------------------------------
Traceback (most recent call last):
  File "/workspace/scratch/e1b2c832a87f/shared_host/test_shared.py", line 23, in test_wrong_tau
    def test_wrong_tau(self):self.reject(lambda c:c['sources_a'][0].__setitem__('tau',2))
                             ^^^^^^^^^^^^^^^^^^^^^^^^^^^^^^^^^^^^^^^^^^^^^^^^^^^^^^^^^^^^
  File "/workspace/scratch/e1b2c832a87f/shared_host/test_shared.py", line 14, in reject
    self.ready();c=copy.deepcopy(self.cert);f(c)
    ^^^^^^^^^^^^
  File "/workspace/scratch/e1b2c832a87f/shared_host/test_shared.py", line 12, in ready
    def ready(self):self.assertEqual(set(self.mods),{'producer','independent'},'intended RED: absent implementation')
                    ^^^^^^^^^^^^^^^^^^^^^^^^^^^^^^^^^^^^^^^^^^^^^^^^^^^^^^^^^^^^^^^^^^^^^^^^^^^^^^^^^^^^^^^^^^^^^^^^^
AssertionError: Items in the second set but not the first:
'independent'
'producer' : intended RED: absent implementation

----------------------------------------------------------------------
Ran 20 tests in 0.003s

FAILED (failures=20)
