2026-10-01T04:37:00.9085882Z Current runner version: '2.337.0'
2026-10-01T04:37:00.9110407Z ##[group]Runner Image Provisioner
2026-10-01T04:37:00.9111400Z Hosted Compute Agent
2026-10-01T04:37:00.9112445Z Version: 20260828.587
2026-10-01T04:37:00.9113130Z Commit: abac92662cab4cc7352de4f9f9d2e2419aad9c29
2026-10-01T04:37:00.9113841Z Build Date: 2026-08-28T16:44:25Z
2026-10-01T04:37:00.9114496Z Worker ID: {97146496-6221-43b9-99e2-6b436496bd13}
2026-10-01T04:37:00.9115187Z Azure Region: centralus
2026-10-01T04:37:00.9115771Z ##[endgroup]
2026-10-01T04:37:00.9117143Z ##[group]Operating System
2026-10-01T04:37:00.9117778Z Ubuntu
2026-10-01T04:37:00.9118285Z 24.04.5
2026-10-01T04:37:00.9118797Z LTS
2026-10-01T04:37:00.9119303Z ##[endgroup]
2026-10-01T04:37:00.9119833Z ##[group]Runner Image
2026-10-01T04:37:00.9120395Z Image: ubuntu-24.04
2026-10-01T04:37:00.9120908Z Version: 20260920.314.1
2026-10-01T04:37:00.9122490Z Included Software: https://github.com/actions/runner-images/blob/ubuntu24/20260920.314/images/ubuntu/Ubuntu2404-Readme.md
2026-10-01T04:37:00.9124332Z Image Release: https://github.com/actions/runner-images/releases/tag/ubuntu24%2F20260920.314
2026-10-01T04:37:00.9125244Z ##[endgroup]
2026-10-01T04:37:00.9126300Z ##[group]GITHUB_TOKEN Permissions
2026-10-01T04:37:00.9128536Z Contents: read
2026-10-01T04:37:00.9129076Z Metadata: read
2026-10-01T04:37:00.9129638Z ##[endgroup]
2026-10-01T04:37:00.9131549Z Secret source: Actions
2026-10-01T04:37:00.9132853Z Cache mode: write
2026-10-01T04:37:00.9133597Z Prepare workflow directory
2026-10-01T04:37:00.9444350Z Prepare all required actions
2026-10-01T04:37:00.9509339Z Getting action download info
2026-10-01T04:37:01.2363365Z Download action repository 'actions/checkout@11d5960a326750d5838078e36cf38b85af677262' (SHA:11d5960a326750d5838078e36cf38b85af677262)
2026-10-01T04:37:01.3488280Z Download action repository 'actions/setup-python@a26af69be951a213d495a4c3e4e4022e16d87065' (SHA:a26af69be951a213d495a4c3e4e4022e16d87065)
2026-10-01T04:37:01.4652592Z Download action repository 'actions/upload-artifact@ea165f8d65b6e75b540449e92b4886f43607fa02' (SHA:ea165f8d65b6e75b540449e92b4886f43607fa02)
2026-10-01T04:37:01.7166790Z Complete job name: publication
2026-10-01T04:37:01.7825723Z ##[group]Run actions/checkout@11d5960a326750d5838078e36cf38b85af677262
2026-10-01T04:37:01.7826696Z with:
2026-10-01T04:37:01.7827181Z   fetch-depth: 64
2026-10-01T04:37:01.7827775Z   repository: proteinfoldingengine/WetLabEngine
2026-10-01T04:37:01.7832064Z   token: ***
2026-10-01T04:37:01.7832691Z   ssh-strict: true
2026-10-01T04:37:01.7833190Z   ssh-user: git
2026-10-01T04:37:01.7833695Z   persist-credentials: true
2026-10-01T04:37:01.7834248Z   clean: true
2026-10-01T04:37:01.7834767Z   sparse-checkout-cone-mode: true
2026-10-01T04:37:01.7835326Z   fetch-tags: false
2026-10-01T04:37:01.7835793Z   show-progress: true
2026-10-01T04:37:01.7836356Z   lfs: false
2026-10-01T04:37:01.7836846Z   submodules: false
2026-10-01T04:37:01.7837354Z   set-safe-directory: true
2026-10-01T04:37:01.7837895Z   allow-unsafe-pr-checkout: false
2026-10-01T04:37:01.7838654Z ##[endgroup]
2026-10-01T04:37:01.8864530Z Syncing repository: proteinfoldingengine/WetLabEngine
2026-10-01T04:37:01.8869287Z ##[group]Getting Git version info
2026-10-01T04:37:01.8870443Z Working directory is '/home/runner/work/WetLabEngine/WetLabEngine'
2026-10-01T04:37:01.8872976Z [command]/usr/bin/git version
2026-10-01T04:37:01.8912522Z git version 2.55.0
2026-10-01T04:37:01.8935180Z ##[endgroup]
2026-10-01T04:37:01.8963482Z Temporarily overriding HOME='/home/runner/work/_temp/83109703-7f6a-442c-ad97-66a219f6445f' before making global git config changes
2026-10-01T04:37:01.8965654Z Adding repository directory to the temporary git global config as a safe directory
2026-10-01T04:37:01.8967182Z [command]/usr/bin/git config --global --add safe.directory /home/runner/work/WetLabEngine/WetLabEngine
2026-10-01T04:37:01.9006780Z Deleting the contents of '/home/runner/work/WetLabEngine/WetLabEngine'
2026-10-01T04:37:01.9010849Z ##[group]Initializing the repository
2026-10-01T04:37:01.9014990Z [command]/usr/bin/git init /home/runner/work/WetLabEngine/WetLabEngine
2026-10-01T04:37:01.9111084Z hint: Using 'master' as the name for the initial branch. This default branch name
2026-10-01T04:37:01.9112939Z hint: will change to "main" in Git 3.0. To configure the initial branch name
2026-10-01T04:37:01.9114342Z hint: to use in all of your new repositories, which will suppress this warning,
2026-10-01T04:37:01.9115459Z hint: call:
2026-10-01T04:37:01.9116168Z hint:
2026-10-01T04:37:01.9117063Z hint: 	git config --global init.defaultBranch <name>
2026-10-01T04:37:01.9118058Z hint:
2026-10-01T04:37:01.9118983Z hint: Names commonly chosen instead of 'master' are 'main', 'trunk' and
2026-10-01T04:37:01.9120380Z hint: 'development'. The just-created branch can be renamed via this command:
2026-10-01T04:37:01.9121556Z hint:
2026-10-01T04:37:01.9122510Z hint: 	git branch -m <name>
2026-10-01T04:37:01.9123273Z hint:
2026-10-01T04:37:01.9124453Z hint: Disable this message with "git config set advice.defaultBranchName false"
2026-10-01T04:37:01.9126273Z Initialized empty Git repository in /home/runner/work/WetLabEngine/WetLabEngine/.git/
2026-10-01T04:37:01.9140847Z [command]/usr/bin/git remote add origin https://github.com/proteinfoldingengine/WetLabEngine
2026-10-01T04:37:01.9222112Z ##[endgroup]
2026-10-01T04:37:01.9223340Z ##[group]Disabling automatic garbage collection
2026-10-01T04:37:01.9226693Z [command]/usr/bin/git config --local gc.auto 0
2026-10-01T04:37:01.9253380Z ##[endgroup]
2026-10-01T04:37:01.9254452Z ##[group]Setting up auth
2026-10-01T04:37:01.9259360Z [command]/usr/bin/git config --local --name-only --get-regexp core\.sshCommand
2026-10-01T04:37:01.9303452Z [command]/usr/bin/git submodule foreach --recursive sh -c "git config --local --name-only --get-regexp 'core\.sshCommand' && git config --local --unset-all 'core.sshCommand' || :"
2026-10-01T04:37:01.9661976Z [command]/usr/bin/git config --local --name-only --get-regexp http\.https\:\/\/github\.com\/\.extraheader
2026-10-01T04:37:01.9709112Z [command]/usr/bin/git submodule foreach --recursive sh -c "git config --local --name-only --get-regexp 'http\.https\:\/\/github\.com\/\.extraheader' && git config --local --unset-all 'http.https://github.com/.extraheader' || :"
2026-10-01T04:37:01.9908750Z [command]/usr/bin/git config --local --name-only --get-regexp ^includeIf\.gitdir:
2026-10-01T04:37:01.9938896Z [command]/usr/bin/git submodule foreach --recursive git config --local --show-origin --name-only --get-regexp remote.origin.url
2026-10-01T04:37:02.0119315Z [command]/usr/bin/git config --local http.https://github.com/.extraheader AUTHORIZATION: basic ***
2026-10-01T04:37:02.0151486Z ##[endgroup]
2026-10-01T04:37:02.0152578Z ##[group]Fetching the repository
2026-10-01T04:37:02.0160543Z [command]/usr/bin/git -c protocol.version=2 fetch --no-tags --prune --no-recurse-submodules --depth=64 origin +33dd11fff715a9762b9749d9ba2c3f88da919e3e:refs/remotes/origin/research/v16.47-saturated-chain-repair
2026-10-01T04:37:42.8605245Z From https://github.com/proteinfoldingengine/WetLabEngine
2026-10-01T04:37:42.8607104Z  * [new ref]         33dd11fff715a9762b9749d9ba2c3f88da919e3e -> origin/research/v16.47-saturated-chain-repair
2026-10-01T04:37:42.8610987Z ##[endgroup]
2026-10-01T04:37:42.8612958Z ##[group]Determining the checkout info
2026-10-01T04:37:42.8614982Z ##[endgroup]
2026-10-01T04:37:42.8615928Z [command]/usr/bin/git sparse-checkout disable
2026-10-01T04:37:42.8667778Z [command]/usr/bin/git config --local --unset-all extensions.worktreeConfig
2026-10-01T04:37:42.8697183Z ##[group]Checking out the ref
2026-10-01T04:37:42.8701243Z [command]/usr/bin/git checkout --progress --force -B research/v16.47-saturated-chain-repair refs/remotes/origin/research/v16.47-saturated-chain-repair
2026-10-01T04:37:43.9716875Z Updating files:  41% (2816/6744)
2026-10-01T04:37:44.1556368Z Updating files:  42% (2833/6744)
2026-10-01T04:37:44.4214017Z Updating files:  43% (2900/6744)
2026-10-01T04:37:44.5581981Z Updating files:  44% (2968/6744)
2026-10-01T04:37:44.9179468Z Updating files:  45% (3035/6744)
2026-10-01T04:37:45.0544291Z Updating files:  45% (3090/6744)
2026-10-01T04:37:45.3206682Z Updating files:  46% (3103/6744)
2026-10-01T04:37:45.3965515Z Updating files:  47% (3170/6744)
2026-10-01T04:37:45.8964843Z Updating files:  48% (3238/6744)
2026-10-01T04:37:45.8982743Z Updating files:  48% (3275/6744)
2026-10-01T04:37:46.1465985Z Updating files:  49% (3305/6744)
2026-10-01T04:37:46.4709699Z Updating files:  50% (3372/6744)
2026-10-01T04:37:46.7830507Z Updating files:  51% (3440/6744)
2026-10-01T04:37:46.9214826Z Updating files:  52% (3507/6744)
2026-10-01T04:37:47.0131073Z Updating files:  52% (3515/6744)
2026-10-01T04:37:47.0190152Z Updating files:  53% (3575/6744)
2026-10-01T04:37:47.0233443Z Updating files:  54% (3642/6744)
2026-10-01T04:37:47.0295172Z Updating files:  55% (3710/6744)
2026-10-01T04:37:47.4382242Z Updating files:  56% (3777/6744)
2026-10-01T04:37:47.4550933Z Updating files:  57% (3845/6744)
2026-10-01T04:37:47.4776304Z Updating files:  58% (3912/6744)
2026-10-01T04:37:47.4976250Z Updating files:  59% (3979/6744)
2026-10-01T04:37:47.5974534Z Updating files:  60% (4047/6744)
2026-10-01T04:37:47.7509069Z Updating files:  61% (4114/6744)
2026-10-01T04:37:47.7566516Z Updating files:  62% (4182/6744)
2026-10-01T04:37:47.7593413Z Updating files:  63% (4249/6744)
2026-10-01T04:37:47.7631161Z Updating files:  64% (4317/6744)
2026-10-01T04:37:47.8502147Z Updating files:  65% (4384/6744)
2026-10-01T04:37:47.8519557Z Updating files:  66% (4452/6744)
2026-10-01T04:37:47.8556128Z Updating files:  67% (4519/6744)
2026-10-01T04:37:47.8700914Z Updating files:  68% (4586/6744)
2026-10-01T04:37:47.8883777Z Updating files:  69% (4654/6744)
2026-10-01T04:37:47.8946572Z Updating files:  70% (4721/6744)
2026-10-01T04:37:47.9042072Z Updating files:  70% (4738/6744)
2026-10-01T04:37:47.9068406Z Updating files:  71% (4789/6744)
2026-10-01T04:37:48.0239386Z Updating files:  72% (4856/6744)
2026-10-01T04:37:48.3235071Z Updating files:  73% (4924/6744)
2026-10-01T04:37:48.3251187Z Updating files:  74% (4991/6744)
2026-10-01T04:37:48.6194241Z Updating files:  75% (5058/6744)
2026-10-01T04:37:48.7244171Z Updating files:  76% (5126/6744)
2026-10-01T04:37:48.7985375Z Updating files:  77% (5193/6744)
2026-10-01T04:37:48.8185062Z Updating files:  78% (5261/6744)
2026-10-01T04:37:48.8247146Z Updating files:  79% (5328/6744)
2026-10-01T04:37:48.8799998Z Updating files:  80% (5396/6744)
2026-10-01T04:37:48.8830827Z Updating files:  81% (5463/6744)
2026-10-01T04:37:48.8872986Z Updating files:  82% (5531/6744)
2026-10-01T04:37:48.8890064Z Updating files:  83% (5598/6744)
2026-10-01T04:37:48.8921112Z Updating files:  84% (5665/6744)
2026-10-01T04:37:48.8944147Z Updating files:  85% (5733/6744)
2026-10-01T04:37:48.8952783Z Updating files:  85% (5776/6744)
2026-10-01T04:37:48.8971005Z Updating files:  86% (5800/6744)
2026-10-01T04:37:48.9155886Z Updating files:  87% (5868/6744)
2026-10-01T04:37:49.3445869Z Updating files:  88% (5935/6744)
2026-10-01T04:37:49.3680207Z Updating files:  89% (6003/6744)
2026-10-01T04:37:49.4000316Z Updating files:  90% (6070/6744)
2026-10-01T04:37:49.4311207Z Updating files:  91% (6138/6744)
2026-10-01T04:37:49.4928079Z Updating files:  92% (6205/6744)
2026-10-01T04:37:49.5279204Z Updating files:  93% (6272/6744)
2026-10-01T04:37:49.5328640Z Updating files:  94% (6340/6744)
2026-10-01T04:37:49.5420144Z Updating files:  95% (6407/6744)
2026-10-01T04:37:49.5478229Z Updating files:  96% (6475/6744)
2026-10-01T04:37:49.5638431Z Updating files:  97% (6542/6744)
2026-10-01T04:37:49.5805576Z Updating files:  98% (6610/6744)
2026-10-01T04:37:49.6108402Z Updating files:  99% (6677/6744)
2026-10-01T04:37:49.6109294Z Updating files: 100% (6744/6744)
2026-10-01T04:37:49.6109890Z Updating files: 100% (6744/6744), done.
2026-10-01T04:37:49.7465342Z Switched to a new branch 'research/v16.47-saturated-chain-repair'
2026-10-01T04:37:49.7467158Z branch 'research/v16.47-saturated-chain-repair' set up to track 'origin/research/v16.47-saturated-chain-repair'.
2026-10-01T04:37:49.7575497Z ##[endgroup]
2026-10-01T04:37:49.7632858Z [command]/usr/bin/git log -1 --format=%H
2026-10-01T04:37:49.7655561Z 33dd11fff715a9762b9749d9ba2c3f88da919e3e
2026-10-01T04:37:49.7910228Z ##[group]Run actions/setup-python@a26af69be951a213d495a4c3e4e4022e16d87065
2026-10-01T04:37:49.7910702Z with:
2026-10-01T04:37:49.7911009Z   python-version: 3.11
2026-10-01T04:37:49.7911363Z   check-latest: false
2026-10-01T04:37:49.7914016Z   token: ***
2026-10-01T04:37:49.7914303Z   update-environment: true
2026-10-01T04:37:49.7914655Z   allow-prereleases: false
2026-10-01T04:37:49.7914985Z   freethreaded: false
2026-10-01T04:37:49.7915282Z ##[endgroup]
2026-10-01T04:37:49.9172694Z ##[group]Installed versions
2026-10-01T04:37:49.9283983Z (node:2048) [DEP0040] DeprecationWarning: The `punycode` module is deprecated. Please use a userland alternative instead.
2026-10-01T04:37:49.9285056Z (Use `node --trace-deprecation ...` to show where the warning was created)
2026-10-01T04:37:49.9285654Z Successfully set up CPython (3.11.16)
2026-10-01T04:37:49.9293026Z ##[endgroup]
2026-10-01T04:37:49.9445783Z ##[group]Run python -m pip install sympy==1.13.3 mpmath==1.3.0
2026-10-01T04:37:49.9446445Z [36;1mpython -m pip install sympy==1.13.3 mpmath==1.3.0[0m
2026-10-01T04:37:49.9727983Z shell: /usr/bin/bash -e {0}
2026-10-01T04:37:49.9728349Z env:
2026-10-01T04:37:49.9728814Z   pythonLocation: /opt/hostedtoolcache/Python/3.11.16/x64
2026-10-01T04:37:49.9729324Z   PKG_CONFIG_PATH: /opt/hostedtoolcache/Python/3.11.16/x64/lib/pkgconfig
2026-10-01T04:37:49.9730195Z   Python_ROOT_DIR: /opt/hostedtoolcache/Python/3.11.16/x64
2026-10-01T04:37:49.9730700Z   Python2_ROOT_DIR: /opt/hostedtoolcache/Python/3.11.16/x64
2026-10-01T04:37:49.9731144Z   Python3_ROOT_DIR: /opt/hostedtoolcache/Python/3.11.16/x64
2026-10-01T04:37:49.9731699Z   LD_LIBRARY_PATH: /opt/hostedtoolcache/Python/3.11.16/x64/lib
2026-10-01T04:37:49.9732094Z ##[endgroup]
2026-10-01T04:37:52.2341116Z Collecting sympy==1.13.3
2026-10-01T04:37:52.3088987Z   Downloading sympy-1.13.3-py3-none-any.whl.metadata (12 kB)
2026-10-01T04:37:52.7686508Z Collecting mpmath==1.3.0
2026-10-01T04:37:52.7794908Z   Downloading mpmath-1.3.0-py3-none-any.whl.metadata (8.6 kB)
2026-10-01T04:37:52.8384993Z Downloading sympy-1.13.3-py3-none-any.whl (6.2 MB)
2026-10-01T04:37:53.1990040Z    ━━━━━━━━━━━━━━━━━━━━━━━━━━━━━━━━━━━━━━━━ 6.2/6.2 MB 17.9 MB/s  0:00:00
2026-10-01T04:37:53.2099256Z Downloading mpmath-1.3.0-py3-none-any.whl (536 kB)
2026-10-01T04:37:53.5185968Z    ━━━━━━━━━━━━━━━━━━━━━━━━━━━━━━━━━━━━━━━━ 536.2/536.2 kB 895.0 kB/s  0:00:00
2026-10-01T04:37:53.6964121Z Installing collected packages: mpmath, sympy
2026-10-01T04:37:58.2740126Z 
2026-10-01T04:37:58.2748462Z Successfully installed mpmath-1.3.0 sympy-1.13.3
2026-10-01T04:37:58.3281393Z ##[group]Run python ResearchHistory/UQCF-GEM/demos/v16.47-saturated-chain-repair/run.py phase out/reproduction
2026-10-01T04:37:58.3282405Z [36;1mpython ResearchHistory/UQCF-GEM/demos/v16.47-saturated-chain-repair/run.py phase out/reproduction[0m
2026-10-01T04:37:58.3324467Z shell: /usr/bin/bash -e {0}
2026-10-01T04:37:58.3324925Z env:
2026-10-01T04:37:58.3325272Z   pythonLocation: /opt/hostedtoolcache/Python/3.11.16/x64
2026-10-01T04:37:58.3325810Z   PKG_CONFIG_PATH: /opt/hostedtoolcache/Python/3.11.16/x64/lib/pkgconfig
2026-10-01T04:37:58.3326293Z   Python_ROOT_DIR: /opt/hostedtoolcache/Python/3.11.16/x64
2026-10-01T04:37:58.3326739Z   Python2_ROOT_DIR: /opt/hostedtoolcache/Python/3.11.16/x64
2026-10-01T04:37:58.3327203Z   Python3_ROOT_DIR: /opt/hostedtoolcache/Python/3.11.16/x64
2026-10-01T04:37:58.3327638Z   LD_LIBRARY_PATH: /opt/hostedtoolcache/Python/3.11.16/x64/lib
2026-10-01T04:37:58.3328039Z ##[endgroup]
2026-10-01T04:44:33.7376110Z ##[group]Run python ResearchHistory/UQCF-GEM/demos/v16.47-saturated-chain-repair/run.py package out/reproduction publication
2026-10-01T04:44:33.7376951Z [36;1mpython ResearchHistory/UQCF-GEM/demos/v16.47-saturated-chain-repair/run.py package out/reproduction publication[0m
2026-10-01T04:44:33.7415778Z shell: /usr/bin/bash -e {0}
2026-10-01T04:44:33.7416270Z env:
2026-10-01T04:44:33.7416721Z   pythonLocation: /opt/hostedtoolcache/Python/3.11.16/x64
2026-10-01T04:44:33.7417234Z   PKG_CONFIG_PATH: /opt/hostedtoolcache/Python/3.11.16/x64/lib/pkgconfig
2026-10-01T04:44:33.7417726Z   Python_ROOT_DIR: /opt/hostedtoolcache/Python/3.11.16/x64
2026-10-01T04:44:33.7418152Z   Python2_ROOT_DIR: /opt/hostedtoolcache/Python/3.11.16/x64
2026-10-01T04:44:33.7418565Z   Python3_ROOT_DIR: /opt/hostedtoolcache/Python/3.11.16/x64
2026-10-01T04:44:33.7419008Z   LD_LIBRARY_PATH: /opt/hostedtoolcache/Python/3.11.16/x64/lib
2026-10-01T04:44:33.7419402Z ##[endgroup]
2026-10-01T04:44:40.5800871Z {"package": "VERIFIED", "source_members": 1603}
2026-10-01T04:44:40.6006117Z ##[group]Run actions/upload-artifact@ea165f8d65b6e75b540449e92b4886f43607fa02
2026-10-01T04:44:40.6006587Z with:
2026-10-01T04:44:40.6006956Z   name: v1647-publication-33dd11fff715a9762b9749d9ba2c3f88da919e3e
2026-10-01T04:44:40.6007372Z   path: out/reproduction
2026-10-01T04:44:40.6007754Z   if-no-files-found: error
2026-10-01T04:44:40.6008051Z   compression-level: 6
2026-10-01T04:44:40.6008746Z   overwrite: false
2026-10-01T04:44:40.6009051Z   include-hidden-files: false
2026-10-01T04:44:40.6009352Z env:
2026-10-01T04:44:40.6009760Z   pythonLocation: /opt/hostedtoolcache/Python/3.11.16/x64
2026-10-01T04:44:40.6010243Z   PKG_CONFIG_PATH: /opt/hostedtoolcache/Python/3.11.16/x64/lib/pkgconfig
2026-10-01T04:44:40.6010711Z   Python_ROOT_DIR: /opt/hostedtoolcache/Python/3.11.16/x64
2026-10-01T04:44:40.6011163Z   Python2_ROOT_DIR: /opt/hostedtoolcache/Python/3.11.16/x64
2026-10-01T04:44:40.6011758Z   Python3_ROOT_DIR: /opt/hostedtoolcache/Python/3.11.16/x64
2026-10-01T04:44:40.6012331Z   LD_LIBRARY_PATH: /opt/hostedtoolcache/Python/3.11.16/x64/lib
2026-10-01T04:44:40.6012711Z ##[endgroup]
2026-10-01T04:44:40.7542067Z (node:2432) [DEP0040] DeprecationWarning: The `punycode` module is deprecated. Please use a userland alternative instead.
2026-10-01T04:44:40.7542883Z (Use `node --trace-deprecation ...` to show where the warning was created)
2026-10-01T04:44:40.7719701Z With the provided path, there will be 77 files uploaded
2026-10-01T04:44:40.7725414Z Artifact name is valid!
2026-10-01T04:44:40.7725937Z Root directory input is valid!
2026-10-01T04:44:41.0614787Z Beginning upload of artifact content to blob storage
2026-10-01T04:44:41.3358630Z (node:2432) [DEP0169] DeprecationWarning: `url.parse()` behavior is not standardized and prone to errors that have security implications. Use the WHATWG URL API instead. CVEs are not issued for `url.parse()` vulnerabilities.
2026-10-01T04:44:41.8927627Z Uploaded bytes 8388608
2026-10-01T04:44:42.1267071Z Uploaded bytes 16777216
2026-10-01T04:44:42.2982812Z Uploaded bytes 25165824
2026-10-01T04:44:42.3775883Z Uploaded bytes 33554432
2026-10-01T04:44:42.6782451Z Uploaded bytes 41943040
2026-10-01T04:44:42.8732082Z Uploaded bytes 50331648
2026-10-01T04:44:43.1654424Z Uploaded bytes 58720256
2026-10-01T04:44:43.5248215Z Uploaded bytes 67108864
2026-10-01T04:44:43.8223686Z Uploaded bytes 75497472
2026-10-01T04:44:44.0718614Z Uploaded bytes 83886080
2026-10-01T04:44:44.4413301Z Uploaded bytes 91539635
2026-10-01T04:44:44.4863359Z Finished uploading artifact content to blob storage!
2026-10-01T04:44:44.4865883Z SHA256 digest of uploaded artifact zip is a522ab0302ea10f2456201b2a798dd1a624466aaf0ec4ed97437b022301f93bd
2026-10-01T04:44:44.4868747Z Finalizing artifact upload
2026-10-01T04:44:44.7469700Z Artifact v1647-publication-33dd11fff715a9762b9749d9ba2c3f88da919e3e.zip successfully finalized. Artifact ID 11141781020
2026-10-01T04:44:44.7471516Z Artifact v1647-publication-33dd11fff715a9762b9749d9ba2c3f88da919e3e has been successfully uploaded! Final size is 91539635 bytes. Artifact ID is 11141781020
2026-10-01T04:44:44.7478370Z Artifact download URL: https://github.com/proteinfoldingengine/WetLabEngine/actions/runs/36815871255/artifacts/11141781020
2026-10-01T04:44:44.7649340Z Post job cleanup.
2026-10-01T04:44:44.8760544Z (node:2444) [DEP0040] DeprecationWarning: The `punycode` module is deprecated. Please use a userland alternative instead.
2026-10-01T04:44:44.8761951Z (Use `node --trace-deprecation ...` to show where the warning was created)
2026-10-01T04:44:44.8913282Z Post job cleanup.
2026-10-01T04:44:44.9805131Z [command]/usr/bin/git version
2026-10-01T04:44:44.9843178Z git version 2.55.0
2026-10-01T04:44:44.9876660Z Temporarily overriding HOME='/home/runner/work/_temp/bd5f4509-de24-41f2-88af-9b4d3f1826e5' before making global git config changes
2026-10-01T04:44:44.9879893Z Adding repository directory to the temporary git global config as a safe directory
2026-10-01T04:44:44.9882547Z [command]/usr/bin/git config --global --add safe.directory /home/runner/work/WetLabEngine/WetLabEngine
2026-10-01T04:44:44.9920244Z [command]/usr/bin/git config --local --name-only --get-regexp core\.sshCommand
2026-10-01T04:44:44.9954679Z [command]/usr/bin/git submodule foreach --recursive sh -c "git config --local --name-only --get-regexp 'core\.sshCommand' && git config --local --unset-all 'core.sshCommand' || :"
2026-10-01T04:44:45.0179827Z [command]/usr/bin/git config --local --name-only --get-regexp http\.https\:\/\/github\.com\/\.extraheader
2026-10-01T04:44:45.0202873Z http.https://github.com/.extraheader
2026-10-01T04:44:45.0213922Z [command]/usr/bin/git config --local --unset-all http.https://github.com/.extraheader
2026-10-01T04:44:45.0245093Z [command]/usr/bin/git submodule foreach --recursive sh -c "git config --local --name-only --get-regexp 'http\.https\:\/\/github\.com\/\.extraheader' && git config --local --unset-all 'http.https://github.com/.extraheader' || :"
2026-10-01T04:44:45.0450515Z [command]/usr/bin/git config --local --name-only --get-regexp ^includeIf\.gitdir:
2026-10-01T04:44:45.0479067Z [command]/usr/bin/git submodule foreach --recursive git config --local --show-origin --name-only --get-regexp remote.origin.url
2026-10-01T04:44:45.0842393Z Cleaning up orphan processes
2026-10-01T04:44:45.1100490Z ##[warning]Node.js 20 is deprecated. The following actions target Node.js 20 but are being forced to run on Node.js 24: actions/checkout@11d5960a326750d5838078e36cf38b85af677262, actions/setup-python@a26af69be951a213d495a4c3e4e4022e16d87065, actions/upload-artifact@ea165f8d65b6e75b540449e92b4886f43607fa02. For more information see: https://github.blog/changelog/2025-09-19-deprecation-of-node-20-on-github-actions-runners/
