test_budget (test_pipeline.Contracts.test_budget) ... ok
test_certificate (test_pipeline.Contracts.test_certificate) ... ok
test_complete (test_pipeline.Contracts.test_complete) ... ok
test_cycles_and_erasure (test_pipeline.Contracts.test_cycles_and_erasure) ... ok
test_duplicate_edge (test_pipeline.Contracts.test_duplicate_edge) ... ok
test_duplicate_source (test_pipeline.Contracts.test_duplicate_source) ... ok
test_duplicate_state (test_pipeline.Contracts.test_duplicate_state) ... ok
test_eligibility (test_pipeline.Contracts.test_eligibility) ... ok
test_excess (test_pipeline.Contracts.test_excess) ... ok
test_false_completion (test_pipeline.Contracts.test_false_completion) ... ok
test_false_composition (test_pipeline.Contracts.test_false_composition) ... ok
test_false_marker_read (test_pipeline.Contracts.test_false_marker_read) ... ok
test_false_optimal (test_pipeline.Contracts.test_false_optimal) ... ok
test_false_origin (test_pipeline.Contracts.test_false_origin) ... ok
test_false_progress (test_pipeline.Contracts.test_false_progress) ... ok
test_false_raw_simple (test_pipeline.Contracts.test_false_raw_simple) ... ok
test_false_uniform_safety (test_pipeline.Contracts.test_false_uniform_safety) ... ok
test_floor (test_pipeline.Contracts.test_floor) ... ok
test_hidden_marker_alias (test_pipeline.Contracts.test_hidden_marker_alias) ... ok
test_illegal_direct_deletion (test_pipeline.Contracts.test_illegal_direct_deletion) ... ok
test_marker_observation (test_pipeline.Contracts.test_marker_observation) ... ok
test_missing_edge (test_pipeline.Contracts.test_missing_edge) ... ok
test_missing_graph (test_pipeline.Contracts.test_missing_graph) ... ok
test_missing_parking_cycle (test_pipeline.Contracts.test_missing_parking_cycle) ... ok
test_missing_path (test_pipeline.Contracts.test_missing_path) ... ok
test_missing_source (test_pipeline.Contracts.test_missing_source) ... ok
test_missing_state (test_pipeline.Contracts.test_missing_state) ... ok
test_omitted_noop (test_pipeline.Contracts.test_omitted_noop) ... ok
test_policy (test_pipeline.Contracts.test_policy) ... ok
test_provenance (test_pipeline.Contracts.test_provenance) ... ok
test_rank (test_pipeline.Contracts.test_rank) ... ok
test_raw_slice (test_pipeline.Contracts.test_raw_slice) ... ok
test_retained_identity (test_pipeline.Contracts.test_retained_identity) ... ok
test_reverse_change (test_pipeline.Contracts.test_reverse_change) ... ok
test_simple_slice (test_pipeline.Contracts.test_simple_slice) ... ok
test_substituted_graph (test_pipeline.Contracts.test_substituted_graph) ... ok
test_substituted_path (test_pipeline.Contracts.test_substituted_path) ... ok
test_target (test_pipeline.Contracts.test_target) ... ok
test_tau (test_pipeline.Contracts.test_tau) ... ok
test_type (test_pipeline.Contracts.test_type) ... ok
test_wrong_shared_cycle (test_pipeline.Contracts.test_wrong_shared_cycle) ... ok

----------------------------------------------------------------------
Ran 41 tests in 7.014s

OK
