2026-10-10T02:30:45.0105381Z Current runner version: '2.337.0'
2026-10-10T02:30:45.0131979Z ##[group]Runner Image Provisioner
2026-10-10T02:30:45.0132969Z Hosted Compute Agent
2026-10-10T02:30:45.0133619Z Version: 20261002.596
2026-10-10T02:30:45.0134264Z Commit: c3d12f3313a95f25162a1503be624f3b0617f8c0
2026-10-10T02:30:45.0134983Z Build Date: 2026-10-02T22:28:27Z
2026-10-10T02:30:45.0135752Z Worker ID: {6e79b406-ebc4-49e5-a472-bd04d44d9186}
2026-10-10T02:30:45.0136454Z Region: westus
2026-10-10T02:30:45.0137233Z Cloud: Azure
2026-10-10T02:30:45.0137834Z ##[endgroup]
2026-10-10T02:30:45.0139501Z ##[group]Operating System
2026-10-10T02:30:45.0140206Z Ubuntu
2026-10-10T02:30:45.0140824Z 24.04.5
2026-10-10T02:30:45.0141351Z LTS
2026-10-10T02:30:45.0141938Z ##[endgroup]
2026-10-10T02:30:45.0142490Z ##[group]Runner Image
2026-10-10T02:30:45.0143161Z Image: ubuntu-24.04
2026-10-10T02:30:45.0143748Z Version: 20261004.327.1
2026-10-10T02:30:45.0145073Z Included Software: https://github.com/actions/runner-images/blob/ubuntu24/20261004.327/images/ubuntu/Ubuntu2404-Readme.md
2026-10-10T02:30:45.0146855Z Image Release: https://github.com/actions/runner-images/releases/tag/ubuntu24%2F20261004.327
2026-10-10T02:30:45.0148286Z ##[endgroup]
2026-10-10T02:30:45.0149450Z ##[group]GITHUB_TOKEN Permissions
2026-10-10T02:30:45.0151663Z Contents: read
2026-10-10T02:30:45.0152291Z Metadata: read
2026-10-10T02:30:45.0152889Z ##[endgroup]
2026-10-10T02:30:45.0155070Z Secret source: Actions
2026-10-10T02:30:45.0156033Z Cache mode: write
2026-10-10T02:30:45.0157339Z Prepare workflow directory
2026-10-10T02:30:45.0515451Z Prepare all required actions
2026-10-10T02:30:45.0568424Z Getting action download info
2026-10-10T02:30:45.4027292Z Download action repository 'actions/checkout@v4' (SHA:11d5960a326750d5838078e36cf38b85af677262)
2026-10-10T02:30:45.4970784Z Download action repository 'actions/download-artifact@v4' (SHA:d3f86a106a0bac45b974a628896c90dbdf5c8093)
2026-10-10T02:30:45.8952059Z Download action repository 'actions/upload-artifact@v4' (SHA:ea165f8d65b6e75b540449e92b4886f43607fa02)
2026-10-10T02:30:46.1043889Z Complete job name: fresh-reproduction
2026-10-10T02:30:46.1821127Z ##[group]Run actions/checkout@v4
2026-10-10T02:30:46.1822019Z with:
2026-10-10T02:30:46.1822461Z   path: research_snapshot
2026-10-10T02:30:46.1822962Z   persist-credentials: false
2026-10-10T02:30:46.1823645Z   sparse-checkout: ResearchHistory/UQCF-GEM/research/physical-bridge
2026-10-10T02:30:46.1824442Z   repository: proteinfoldingengine/WetLabEngine
2026-10-10T02:30:46.1828537Z   token: ***
2026-10-10T02:30:46.1828976Z   ssh-strict: true
2026-10-10T02:30:46.1829409Z   ssh-user: git
2026-10-10T02:30:46.1829827Z   clean: true
2026-10-10T02:30:46.1830272Z   sparse-checkout-cone-mode: true
2026-10-10T02:30:46.1830838Z   fetch-depth: 1
2026-10-10T02:30:46.1831261Z   fetch-tags: false
2026-10-10T02:30:46.1831702Z   show-progress: true
2026-10-10T02:30:46.1832140Z   lfs: false
2026-10-10T02:30:46.1832549Z   submodules: false
2026-10-10T02:30:46.1833001Z   set-safe-directory: true
2026-10-10T02:30:46.1833529Z   allow-unsafe-pr-checkout: false
2026-10-10T02:30:46.1834341Z ##[endgroup]
2026-10-10T02:30:46.2854782Z Syncing repository: proteinfoldingengine/WetLabEngine
2026-10-10T02:30:46.2857740Z ##[group]Getting Git version info
2026-10-10T02:30:46.2859196Z Working directory is '/home/runner/work/WetLabEngine/WetLabEngine/research_snapshot'
2026-10-10T02:30:46.2861091Z [command]/usr/bin/git version
2026-10-10T02:30:46.2930223Z git version 2.55.0
2026-10-10T02:30:46.2953655Z ##[endgroup]
2026-10-10T02:30:46.2970222Z Temporarily overriding HOME='/home/runner/work/_temp/fc66e583-da92-4d18-8925-13c3890c3be7' before making global git config changes
2026-10-10T02:30:46.2972617Z Adding repository directory to the temporary git global config as a safe directory
2026-10-10T02:30:46.2975133Z [command]/usr/bin/git config --global --add safe.directory /home/runner/work/WetLabEngine/WetLabEngine/research_snapshot
2026-10-10T02:30:46.3031035Z ##[group]Initializing the repository
2026-10-10T02:30:46.3035315Z [command]/usr/bin/git init /home/runner/work/WetLabEngine/WetLabEngine/research_snapshot
2026-10-10T02:30:46.3152149Z hint: Using 'master' as the name for the initial branch. This default branch name
2026-10-10T02:30:46.3153846Z hint: will change to "main" in Git 3.0. To configure the initial branch name
2026-10-10T02:30:46.3156026Z hint: to use in all of your new repositories, which will suppress this warning,
2026-10-10T02:30:46.3157477Z hint: call:
2026-10-10T02:30:46.3158152Z hint:
2026-10-10T02:30:46.3159055Z hint: 	git config --global init.defaultBranch <name>
2026-10-10T02:30:46.3160105Z hint:
2026-10-10T02:30:46.3161101Z hint: Names commonly chosen instead of 'master' are 'main', 'trunk' and
2026-10-10T02:30:46.3162677Z hint: 'development'. The just-created branch can be renamed via this command:
2026-10-10T02:30:46.3164023Z hint:
2026-10-10T02:30:46.3164728Z hint: 	git branch -m <name>
2026-10-10T02:30:46.3165545Z hint:
2026-10-10T02:30:46.3166802Z hint: Disable this message with "git config set advice.defaultBranchName false"
2026-10-10T02:30:46.3168821Z Initialized empty Git repository in /home/runner/work/WetLabEngine/WetLabEngine/research_snapshot/.git/
2026-10-10T02:30:46.3172006Z [command]/usr/bin/git remote add origin https://github.com/proteinfoldingengine/WetLabEngine
2026-10-10T02:30:46.3222371Z ##[endgroup]
2026-10-10T02:30:46.3223717Z ##[group]Disabling automatic garbage collection
2026-10-10T02:30:46.3228544Z [command]/usr/bin/git config --local gc.auto 0
2026-10-10T02:30:46.3264453Z ##[endgroup]
2026-10-10T02:30:46.3265842Z ##[group]Setting up auth
2026-10-10T02:30:46.3272840Z [command]/usr/bin/git config --local --name-only --get-regexp core\.sshCommand
2026-10-10T02:30:46.3316832Z [command]/usr/bin/git submodule foreach --recursive sh -c "git config --local --name-only --get-regexp 'core\.sshCommand' && git config --local --unset-all 'core.sshCommand' || :"
2026-10-10T02:30:46.3707005Z [command]/usr/bin/git config --local --name-only --get-regexp http\.https\:\/\/github\.com\/\.extraheader
2026-10-10T02:30:46.3749724Z [command]/usr/bin/git submodule foreach --recursive sh -c "git config --local --name-only --get-regexp 'http\.https\:\/\/github\.com\/\.extraheader' && git config --local --unset-all 'http.https://github.com/.extraheader' || :"
2026-10-10T02:30:46.3996994Z [command]/usr/bin/git config --local --name-only --get-regexp ^includeIf\.gitdir:
2026-10-10T02:30:46.4036048Z [command]/usr/bin/git submodule foreach --recursive git config --local --show-origin --name-only --get-regexp remote.origin.url
2026-10-10T02:30:46.4268475Z [command]/usr/bin/git config --local http.https://github.com/.extraheader AUTHORIZATION: basic ***
2026-10-10T02:30:46.4312498Z ##[endgroup]
2026-10-10T02:30:46.4313614Z ##[group]Fetching the repository
2026-10-10T02:30:46.4324530Z [command]/usr/bin/git -c protocol.version=2 fetch --no-tags --prune --no-recurse-submodules --filter=blob:none --depth=1 origin +f36a2d8ad65149aab7fc444c79523c46002f2e7c:refs/remotes/origin/research/uqcf-overlapping-guard-exchange
2026-10-10T02:30:46.9299170Z From https://github.com/proteinfoldingengine/WetLabEngine
2026-10-10T02:30:46.9302202Z  * [new ref]         f36a2d8ad65149aab7fc444c79523c46002f2e7c -> origin/research/uqcf-overlapping-guard-exchange
2026-10-10T02:30:46.9306864Z ##[endgroup]
2026-10-10T02:30:46.9308180Z ##[group]Determining the checkout info
2026-10-10T02:30:46.9309604Z ##[endgroup]
2026-10-10T02:30:46.9310852Z ##[group]Setting up sparse checkout
2026-10-10T02:30:46.9312967Z [command]/usr/bin/git sparse-checkout set ResearchHistory/UQCF-GEM/research/physical-bridge
2026-10-10T02:30:46.9362477Z ##[endgroup]
2026-10-10T02:30:46.9363914Z ##[group]Checking out the ref
2026-10-10T02:30:46.9368670Z [command]/usr/bin/git checkout --progress --force -B research/uqcf-overlapping-guard-exchange refs/remotes/origin/research/uqcf-overlapping-guard-exchange
2026-10-10T02:30:48.2524801Z Updating files:   0% (1/852)
2026-10-10T02:30:48.2528980Z Updating files:   1% (9/852)
2026-10-10T02:30:48.2533460Z Updating files:   2% (18/852)
2026-10-10T02:30:48.2541794Z Updating files:   3% (26/852)
2026-10-10T02:30:48.2548940Z Updating files:   4% (35/852)
2026-10-10T02:30:48.2556031Z Updating files:   5% (43/852)
2026-10-10T02:30:48.2561322Z Updating files:   6% (52/852)
2026-10-10T02:30:48.2566773Z Updating files:   7% (60/852)
2026-10-10T02:30:48.2575630Z Updating files:   8% (69/852)
2026-10-10T02:30:48.2581864Z Updating files:   9% (77/852)
2026-10-10T02:30:48.2588075Z Updating files:  10% (86/852)
2026-10-10T02:30:48.2594069Z Updating files:  11% (94/852)
2026-10-10T02:30:48.2599788Z Updating files:  12% (103/852)
2026-10-10T02:30:48.2607552Z Updating files:  13% (111/852)
2026-10-10T02:30:48.2613897Z Updating files:  14% (120/852)
2026-10-10T02:30:48.2620996Z Updating files:  15% (128/852)
2026-10-10T02:30:48.2626109Z Updating files:  16% (137/852)
2026-10-10T02:30:48.2632778Z Updating files:  17% (145/852)
2026-10-10T02:30:48.2637935Z Updating files:  18% (154/852)
2026-10-10T02:30:48.2644507Z Updating files:  19% (162/852)
2026-10-10T02:30:48.2650548Z Updating files:  20% (171/852)
2026-10-10T02:30:48.2657007Z Updating files:  21% (179/852)
2026-10-10T02:30:48.2662989Z Updating files:  22% (188/852)
2026-10-10T02:30:48.2669985Z Updating files:  23% (196/852)
2026-10-10T02:30:48.2675879Z Updating files:  24% (205/852)
2026-10-10T02:30:48.2682508Z Updating files:  25% (213/852)
2026-10-10T02:30:48.2689342Z Updating files:  26% (222/852)
2026-10-10T02:30:48.2695498Z Updating files:  27% (231/852)
2026-10-10T02:30:48.2702229Z Updating files:  28% (239/852)
2026-10-10T02:30:48.2708106Z Updating files:  29% (248/852)
2026-10-10T02:30:48.2714470Z Updating files:  30% (256/852)
2026-10-10T02:30:48.2722277Z Updating files:  31% (265/852)
2026-10-10T02:30:48.2727657Z Updating files:  32% (273/852)
2026-10-10T02:30:48.2741174Z Updating files:  33% (282/852)
2026-10-10T02:30:48.2743227Z Updating files:  34% (290/852)
2026-10-10T02:30:48.2750289Z Updating files:  35% (299/852)
2026-10-10T02:30:48.2757856Z Updating files:  36% (307/852)
2026-10-10T02:30:48.2766143Z Updating files:  37% (316/852)
2026-10-10T02:30:48.2775034Z Updating files:  38% (324/852)
2026-10-10T02:30:48.2784290Z Updating files:  39% (333/852)
2026-10-10T02:30:48.2791516Z Updating files:  40% (341/852)
2026-10-10T02:30:48.2804045Z Updating files:  41% (350/852)
2026-10-10T02:30:48.2809160Z Updating files:  42% (358/852)
2026-10-10T02:30:48.2813271Z Updating files:  43% (367/852)
2026-10-10T02:30:48.2821314Z Updating files:  44% (375/852)
2026-10-10T02:30:48.2829347Z Updating files:  45% (384/852)
2026-10-10T02:30:48.2835320Z Updating files:  46% (392/852)
2026-10-10T02:30:48.2845688Z Updating files:  47% (401/852)
2026-10-10T02:30:48.2860201Z Updating files:  48% (409/852)
2026-10-10T02:30:48.2865703Z Updating files:  49% (418/852)
2026-10-10T02:30:48.2871662Z Updating files:  50% (426/852)
2026-10-10T02:30:48.2877827Z Updating files:  51% (435/852)
2026-10-10T02:30:48.2890481Z Updating files:  52% (444/852)
2026-10-10T02:30:48.2899906Z Updating files:  53% (452/852)
2026-10-10T02:30:48.2907408Z Updating files:  54% (461/852)
2026-10-10T02:30:48.2919146Z Updating files:  55% (469/852)
2026-10-10T02:30:48.2925428Z Updating files:  56% (478/852)
2026-10-10T02:30:48.2932126Z Updating files:  57% (486/852)
2026-10-10T02:30:48.2938466Z Updating files:  58% (495/852)
2026-10-10T02:30:48.2970554Z Updating files:  59% (503/852)
2026-10-10T02:30:48.2974498Z Updating files:  60% (512/852)
2026-10-10T02:30:48.2983025Z Updating files:  61% (520/852)
2026-10-10T02:30:48.2987832Z Updating files:  62% (529/852)
2026-10-10T02:30:48.2996677Z Updating files:  63% (537/852)
2026-10-10T02:30:48.3001789Z Updating files:  64% (546/852)
2026-10-10T02:30:48.3007973Z Updating files:  65% (554/852)
2026-10-10T02:30:48.3016436Z Updating files:  66% (563/852)
2026-10-10T02:30:48.3025696Z Updating files:  67% (571/852)
2026-10-10T02:30:48.3034783Z Updating files:  68% (580/852)
2026-10-10T02:30:48.3040895Z Updating files:  69% (588/852)
2026-10-10T02:30:48.3046557Z Updating files:  70% (597/852)
2026-10-10T02:30:48.3053629Z Updating files:  71% (605/852)
2026-10-10T02:30:48.3059746Z Updating files:  72% (614/852)
2026-10-10T02:30:48.3067059Z Updating files:  73% (622/852)
2026-10-10T02:30:48.3076191Z Updating files:  74% (631/852)
2026-10-10T02:30:48.3082903Z Updating files:  75% (639/852)
2026-10-10T02:30:48.3090264Z Updating files:  76% (648/852)
2026-10-10T02:30:48.3095641Z Updating files:  77% (657/852)
2026-10-10T02:30:48.3108144Z Updating files:  78% (665/852)
2026-10-10T02:30:48.3111681Z Updating files:  79% (674/852)
2026-10-10T02:30:48.3117930Z Updating files:  80% (682/852)
2026-10-10T02:30:48.3124086Z Updating files:  81% (691/852)
2026-10-10T02:30:48.3155695Z Updating files:  82% (699/852)
2026-10-10T02:30:48.3159558Z Updating files:  83% (708/852)
2026-10-10T02:30:48.3164287Z Updating files:  84% (716/852)
2026-10-10T02:30:48.3169657Z Updating files:  85% (725/852)
2026-10-10T02:30:48.3175251Z Updating files:  86% (733/852)
2026-10-10T02:30:48.3197785Z Updating files:  87% (742/852)
2026-10-10T02:30:48.3202634Z Updating files:  88% (750/852)
2026-10-10T02:30:48.3208628Z Updating files:  89% (759/852)
2026-10-10T02:30:48.3214899Z Updating files:  90% (767/852)
2026-10-10T02:30:48.3219938Z Updating files:  91% (776/852)
2026-10-10T02:30:48.3227671Z Updating files:  92% (784/852)
2026-10-10T02:30:48.3232756Z Updating files:  93% (793/852)
2026-10-10T02:30:48.3241082Z Updating files:  94% (801/852)
2026-10-10T02:30:48.3247082Z Updating files:  95% (810/852)
2026-10-10T02:30:48.3253995Z Updating files:  96% (818/852)
2026-10-10T02:30:48.3259687Z Updating files:  97% (827/852)
2026-10-10T02:30:48.3266011Z Updating files:  98% (835/852)
2026-10-10T02:30:48.3272579Z Updating files:  99% (844/852)
2026-10-10T02:30:48.3273238Z Updating files: 100% (852/852)
2026-10-10T02:30:48.3273723Z Updating files: 100% (852/852), done.
2026-10-10T02:30:48.3397200Z Switched to a new branch 'research/uqcf-overlapping-guard-exchange'
2026-10-10T02:30:48.3404273Z branch 'research/uqcf-overlapping-guard-exchange' set up to track 'origin/research/uqcf-overlapping-guard-exchange'.
2026-10-10T02:30:48.3416115Z ##[endgroup]
2026-10-10T02:30:48.3469721Z [command]/usr/bin/git log -1 --format=%H
2026-10-10T02:30:48.3499734Z f36a2d8ad65149aab7fc444c79523c46002f2e7c
2026-10-10T02:30:48.3509414Z ##[group]Removing auth
2026-10-10T02:30:48.3513513Z [command]/usr/bin/git config --local --name-only --get-regexp core\.sshCommand
2026-10-10T02:30:48.3549956Z [command]/usr/bin/git submodule foreach --recursive sh -c "git config --local --name-only --get-regexp 'core\.sshCommand' && git config --local --unset-all 'core.sshCommand' || :"
2026-10-10T02:30:48.3794650Z [command]/usr/bin/git config --local --name-only --get-regexp http\.https\:\/\/github\.com\/\.extraheader
2026-10-10T02:30:48.3825679Z http.https://github.com/.extraheader
2026-10-10T02:30:48.3834815Z [command]/usr/bin/git config --local --unset-all http.https://github.com/.extraheader
2026-10-10T02:30:48.3872805Z [command]/usr/bin/git submodule foreach --recursive sh -c "git config --local --name-only --get-regexp 'http\.https\:\/\/github\.com\/\.extraheader' && git config --local --unset-all 'http.https://github.com/.extraheader' || :"
2026-10-10T02:30:48.4104020Z [command]/usr/bin/git config --local --name-only --get-regexp ^includeIf\.gitdir:
2026-10-10T02:30:48.4138528Z [command]/usr/bin/git submodule foreach --recursive git config --local --show-origin --name-only --get-regexp remote.origin.url
2026-10-10T02:30:48.4367845Z ##[endgroup]
2026-10-10T02:30:48.4669400Z ##[group]Run actions/download-artifact@v4
2026-10-10T02:30:48.4669743Z with:
2026-10-10T02:30:48.4669976Z   name: c3-local-progress-verification
2026-10-10T02:30:48.4670260Z   path: evidence
2026-10-10T02:30:48.4670478Z   merge-multiple: false
2026-10-10T02:30:48.4670757Z   repository: proteinfoldingengine/WetLabEngine
2026-10-10T02:30:48.4671066Z   run-id: 38017118964
2026-10-10T02:30:48.4671278Z ##[endgroup]
2026-10-10T02:30:48.6209932Z Downloading single artifact
2026-10-10T02:30:48.6359576Z (node:2378) [DEP0040] DeprecationWarning: The `punycode` module is deprecated. Please use a userland alternative instead.
2026-10-10T02:30:48.6361406Z (Use `node --trace-deprecation ...` to show where the warning was created)
2026-10-10T02:30:48.9156825Z Preparing to download the following artifacts:
2026-10-10T02:30:48.9158534Z - c3-local-progress-verification (ID: 11656119076, Size: 26042, Expected Digest: sha256:2ccd2b442b04e0b3a3f24d7779599361bc62f69599a01789c5934c766822e4b6)
2026-10-10T02:30:49.1599470Z Redirecting to blob download url: https://productionresultssa8.blob.core.windows.net/actions-results/0ba5a751-e0aa-842c-9fcc-7ca5735d778b/workflow-job-run-0a40c1b9-db1e-58fb-bd6a-e3d594a056ea/artifacts/26cc52050544119c487455e78cb80da5735975729255539223086950cf0d97f5.zip
2026-10-10T02:30:49.1602030Z Starting download of artifact to: /home/runner/work/WetLabEngine/WetLabEngine/evidence
2026-10-10T02:30:49.4268801Z (node:2378) [DEP0005] DeprecationWarning: Buffer() is deprecated due to security and usability issues. Please use the Buffer.alloc(), Buffer.allocUnsafe(), or Buffer.from() methods instead.
2026-10-10T02:30:49.4863713Z SHA256 digest of downloaded artifact is 2ccd2b442b04e0b3a3f24d7779599361bc62f69599a01789c5934c766822e4b6
2026-10-10T02:30:49.4864728Z Artifact download completed successfully.
2026-10-10T02:30:49.4865248Z Total of 1 artifact(s) downloaded
2026-10-10T02:30:49.4871127Z Download artifact has finished successfully
2026-10-10T02:30:49.5808583Z ##[group]Run set -euo pipefail
2026-10-10T02:30:49.5808964Z [36;1mset -euo pipefail[0m
2026-10-10T02:30:49.5809392Z [36;1mROOT=research_snapshot/ResearchHistory/UQCF-GEM/research/physical-bridge[0m
2026-10-10T02:30:49.5809949Z [36;1mpython3 "$ROOT/local_progress/producer.py" /tmp/fresh.json[0m
2026-10-10T02:30:49.5810365Z [36;1mcmp /tmp/fresh.json evidence/certificate.json[0m
2026-10-10T02:30:49.5810903Z [36;1mpython3 "$ROOT/local_progress/independent.py" /tmp/fresh.json | tee evidence/fresh_independent.json[0m
2026-10-10T02:30:49.5811513Z [36;1mtest "$(git -C research_snapshot rev-parse HEAD)" = "$GITHUB_SHA"[0m
2026-10-10T02:30:49.6433753Z shell: /usr/bin/bash --noprofile --norc -e -o pipefail {0}
2026-10-10T02:30:49.6434185Z ##[endgroup]
2026-10-10T02:30:50.4241418Z {"directed_edges": 72, "families": 4, "protected_completions": 5298, "protected_state_checks": 42384, "reachable_states": 28, "rejecting_toggles": 2140}
2026-10-10T02:31:16.1864714Z {"complete_typed_reconstruction": true, "directed_edges": 72, "families": 4, "protected_completions": 5298, "protected_state_checks": 42384, "reachable_states": 28, "rejecting_toggles": 2140, "status": "PASS"}
2026-10-10T02:31:16.3939524Z ##[group]Run actions/upload-artifact@v4
2026-10-10T02:31:16.3939835Z with:
2026-10-10T02:31:16.3940071Z   name: c3-local-progress-fresh-reproduction
2026-10-10T02:31:16.3940380Z   path: evidence/
2026-10-10T02:31:16.3940598Z   if-no-files-found: warn
2026-10-10T02:31:16.3940842Z   compression-level: 6
2026-10-10T02:31:16.3941071Z   overwrite: false
2026-10-10T02:31:16.3941294Z   include-hidden-files: false
2026-10-10T02:31:16.3941555Z ##[endgroup]
2026-10-10T02:31:16.5621570Z (node:2401) [DEP0040] DeprecationWarning: The `punycode` module is deprecated. Please use a userland alternative instead.
2026-10-10T02:31:16.5622498Z (Use `node --trace-deprecation ...` to show where the warning was created)
2026-10-10T02:31:16.5705841Z With the provided path, there will be 12 files uploaded
2026-10-10T02:31:16.5727433Z Artifact name is valid!
2026-10-10T02:31:16.5728098Z Root directory input is valid!
2026-10-10T02:31:16.9384620Z Beginning upload of artifact content to blob storage
2026-10-10T02:31:16.9758764Z (node:2401) [DEP0169] DeprecationWarning: `url.parse()` behavior is not standardized and prone to errors that have security implications. Use the WHATWG URL API instead. CVEs are not issued for `url.parse()` vulnerabilities.
2026-10-10T02:31:17.2959429Z Uploaded bytes 26326
2026-10-10T02:31:17.3710040Z Finished uploading artifact content to blob storage!
2026-10-10T02:31:17.3712038Z SHA256 digest of uploaded artifact zip is 7afcde3d6ef231599cf2eae23b0eaba82f31ffe9d8bab23ac728014dfe218948
2026-10-10T02:31:17.3714256Z Finalizing artifact upload
2026-10-10T02:31:17.6442429Z Artifact c3-local-progress-fresh-reproduction.zip successfully finalized. Artifact ID 11656887475
2026-10-10T02:31:17.6443862Z Artifact c3-local-progress-fresh-reproduction has been successfully uploaded! Final size is 26326 bytes. Artifact ID is 11656887475
2026-10-10T02:31:17.6451266Z Artifact download URL: https://github.com/proteinfoldingengine/WetLabEngine/actions/runs/38017118964/artifacts/11656887475
2026-10-10T02:31:17.6642897Z Post job cleanup.
2026-10-10T02:31:17.7500814Z [command]/usr/bin/git version
2026-10-10T02:31:17.7545817Z git version 2.55.0
2026-10-10T02:31:17.7587002Z Temporarily overriding HOME='/home/runner/work/_temp/c0216079-6bfd-4e39-8b47-abae6fc9922f' before making global git config changes
2026-10-10T02:31:17.7588450Z Adding repository directory to the temporary git global config as a safe directory
2026-10-10T02:31:17.7593833Z [command]/usr/bin/git config --global --add safe.directory /home/runner/work/WetLabEngine/WetLabEngine/research_snapshot
2026-10-10T02:31:17.7635066Z [command]/usr/bin/git config --local --name-only --get-regexp core\.sshCommand
2026-10-10T02:31:17.7672073Z [command]/usr/bin/git submodule foreach --recursive sh -c "git config --local --name-only --get-regexp 'core\.sshCommand' && git config --local --unset-all 'core.sshCommand' || :"
2026-10-10T02:31:17.7944644Z [command]/usr/bin/git config --local --name-only --get-regexp http\.https\:\/\/github\.com\/\.extraheader
2026-10-10T02:31:17.7980312Z [command]/usr/bin/git submodule foreach --recursive sh -c "git config --local --name-only --get-regexp 'http\.https\:\/\/github\.com\/\.extraheader' && git config --local --unset-all 'http.https://github.com/.extraheader' || :"
2026-10-10T02:31:17.8251335Z [command]/usr/bin/git config --local --name-only --get-regexp ^includeIf\.gitdir:
2026-10-10T02:31:17.8298971Z [command]/usr/bin/git submodule foreach --recursive git config --local --show-origin --name-only --get-regexp remote.origin.url
2026-10-10T02:31:17.8712795Z Cleaning up orphan processes
2026-10-10T02:31:17.9015528Z ##[warning]Node.js 20 is deprecated. The following actions target Node.js 20 but are being forced to run on Node.js 24: actions/checkout@v4, actions/download-artifact@v4, actions/upload-artifact@v4. For more information see: https://github.blog/changelog/2025-09-19-deprecation-of-node-20-on-github-actions-runners/
