2026-09-29T00:29:45.2153123Z Current runner version: '2.337.0'
2026-09-29T00:29:45.2177744Z ##[group]Runner Image Provisioner
2026-09-29T00:29:45.2178661Z Hosted Compute Agent
2026-09-29T00:29:45.2179365Z Version: 20260828.587
2026-09-29T00:29:45.2180095Z Commit: abac92662cab4cc7352de4f9f9d2e2419aad9c29
2026-09-29T00:29:45.2180827Z Build Date: 2026-08-28T16:44:25Z
2026-09-29T00:29:45.2181788Z Worker ID: {14068795-323d-4e61-9a4c-dcfe201fa57c}
2026-09-29T00:29:45.2182583Z Azure Region: westus
2026-09-29T00:29:45.2183220Z ##[endgroup]
2026-09-29T00:29:45.2184905Z ##[group]Operating System
2026-09-29T00:29:45.2185543Z Ubuntu
2026-09-29T00:29:45.2186148Z 24.04.5
2026-09-29T00:29:45.2186656Z LTS
2026-09-29T00:29:45.2187161Z ##[endgroup]
2026-09-29T00:29:45.2187851Z ##[group]Runner Image
2026-09-29T00:29:45.2188446Z Image: ubuntu-24.04
2026-09-29T00:29:45.2189071Z Version: 20260920.314.1
2026-09-29T00:29:45.2190420Z Included Software: https://github.com/actions/runner-images/blob/ubuntu24/20260920.314/images/ubuntu/Ubuntu2404-Readme.md
2026-09-29T00:29:45.2192684Z Image Release: https://github.com/actions/runner-images/releases/tag/ubuntu24%2F20260920.314
2026-09-29T00:29:45.2193682Z ##[endgroup]
2026-09-29T00:29:45.2195245Z ##[group]GITHUB_TOKEN Permissions
2026-09-29T00:29:45.2197409Z Contents: read
2026-09-29T00:29:45.2198157Z Metadata: read
2026-09-29T00:29:45.2198761Z ##[endgroup]
2026-09-29T00:29:45.2200778Z Secret source: Actions
2026-09-29T00:29:45.2202081Z Cache mode: write
2026-09-29T00:29:45.2202800Z Prepare workflow directory
2026-09-29T00:29:45.2541411Z Prepare all required actions
2026-09-29T00:29:45.2589545Z Getting action download info
2026-09-29T00:29:45.6234962Z Download action repository 'actions/checkout@11d5960a326750d5838078e36cf38b85af677262' (SHA:11d5960a326750d5838078e36cf38b85af677262)
2026-09-29T00:29:45.7325492Z Download action repository 'actions/setup-python@a26af69be951a213d495a4c3e4e4022e16d87065' (SHA:a26af69be951a213d495a4c3e4e4022e16d87065)
2026-09-29T00:29:45.8514778Z Download action repository 'actions/upload-artifact@v4' (SHA:ea165f8d65b6e75b540449e92b4886f43607fa02)
2026-09-29T00:29:46.0637167Z Complete job name: audit
2026-09-29T00:29:46.1391515Z ##[group]Run actions/checkout@11d5960a326750d5838078e36cf38b85af677262
2026-09-29T00:29:46.1392829Z with:
2026-09-29T00:29:46.1393341Z   repository: proteinfoldingengine/WetLabEngine
2026-09-29T00:29:46.1397387Z   token: ***
2026-09-29T00:29:46.1397828Z   ssh-strict: true
2026-09-29T00:29:46.1398278Z   ssh-user: git
2026-09-29T00:29:46.1398739Z   persist-credentials: true
2026-09-29T00:29:46.1399240Z   clean: true
2026-09-29T00:29:46.1399695Z   sparse-checkout-cone-mode: true
2026-09-29T00:29:46.1400226Z   fetch-depth: 1
2026-09-29T00:29:46.1400661Z   fetch-tags: false
2026-09-29T00:29:46.1401113Z   show-progress: true
2026-09-29T00:29:46.1401841Z   lfs: false
2026-09-29T00:29:46.1402432Z   submodules: false
2026-09-29T00:29:46.1402893Z   set-safe-directory: true
2026-09-29T00:29:46.1403412Z   allow-unsafe-pr-checkout: false
2026-09-29T00:29:46.1404267Z ##[endgroup]
2026-09-29T00:29:46.2462609Z Syncing repository: proteinfoldingengine/WetLabEngine
2026-09-29T00:29:46.2465309Z ##[group]Getting Git version info
2026-09-29T00:29:46.2466543Z Working directory is '/home/runner/work/WetLabEngine/WetLabEngine'
2026-09-29T00:29:46.2468260Z [command]/usr/bin/git version
2026-09-29T00:29:46.2564570Z git version 2.55.0
2026-09-29T00:29:46.2595619Z ##[endgroup]
2026-09-29T00:29:46.2613012Z Temporarily overriding HOME='/home/runner/work/_temp/5385f99b-40fc-4025-9961-387538ee79f0' before making global git config changes
2026-09-29T00:29:46.2614928Z Adding repository directory to the temporary git global config as a safe directory
2026-09-29T00:29:46.2618138Z [command]/usr/bin/git config --global --add safe.directory /home/runner/work/WetLabEngine/WetLabEngine
2026-09-29T00:29:46.2680332Z Deleting the contents of '/home/runner/work/WetLabEngine/WetLabEngine'
2026-09-29T00:29:46.2684426Z ##[group]Initializing the repository
2026-09-29T00:29:46.2690020Z [command]/usr/bin/git init /home/runner/work/WetLabEngine/WetLabEngine
2026-09-29T00:29:46.2842865Z hint: Using 'master' as the name for the initial branch. This default branch name
2026-09-29T00:29:46.2844767Z hint: will change to "main" in Git 3.0. To configure the initial branch name
2026-09-29T00:29:46.2862997Z hint: to use in all of your new repositories, which will suppress this warning,
2026-09-29T00:29:46.2864459Z hint: call:
2026-09-29T00:29:46.2865620Z hint:
2026-09-29T00:29:46.2866546Z hint: 	git config --global init.defaultBranch <name>
2026-09-29T00:29:46.2867698Z hint:
2026-09-29T00:29:46.2868797Z hint: Names commonly chosen instead of 'master' are 'main', 'trunk' and
2026-09-29T00:29:46.2871404Z hint: 'development'. The just-created branch can be renamed via this command:
2026-09-29T00:29:46.2873265Z hint:
2026-09-29T00:29:46.2874052Z hint: 	git branch -m <name>
2026-09-29T00:29:46.2874908Z hint:
2026-09-29T00:29:46.2876052Z hint: Disable this message with "git config set advice.defaultBranchName false"
2026-09-29T00:29:46.2878114Z Initialized empty Git repository in /home/runner/work/WetLabEngine/WetLabEngine/.git/
2026-09-29T00:29:46.2881918Z [command]/usr/bin/git remote add origin https://github.com/proteinfoldingengine/WetLabEngine
2026-09-29T00:29:46.2935660Z ##[endgroup]
2026-09-29T00:29:46.2937090Z ##[group]Disabling automatic garbage collection
2026-09-29T00:29:46.2941227Z [command]/usr/bin/git config --local gc.auto 0
2026-09-29T00:29:46.2980950Z ##[endgroup]
2026-09-29T00:29:46.2982765Z ##[group]Setting up auth
2026-09-29T00:29:46.2996075Z [command]/usr/bin/git config --local --name-only --get-regexp core\.sshCommand
2026-09-29T00:29:46.3046638Z [command]/usr/bin/git submodule foreach --recursive sh -c "git config --local --name-only --get-regexp 'core\.sshCommand' && git config --local --unset-all 'core.sshCommand' || :"
2026-09-29T00:29:46.3484029Z [command]/usr/bin/git config --local --name-only --get-regexp http\.https\:\/\/github\.com\/\.extraheader
2026-09-29T00:29:46.3526103Z [command]/usr/bin/git submodule foreach --recursive sh -c "git config --local --name-only --get-regexp 'http\.https\:\/\/github\.com\/\.extraheader' && git config --local --unset-all 'http.https://github.com/.extraheader' || :"
2026-09-29T00:29:46.3769303Z [command]/usr/bin/git config --local --name-only --get-regexp ^includeIf\.gitdir:
2026-09-29T00:29:46.3808664Z [command]/usr/bin/git submodule foreach --recursive git config --local --show-origin --name-only --get-regexp remote.origin.url
2026-09-29T00:29:46.4043639Z [command]/usr/bin/git config --local http.https://github.com/.extraheader AUTHORIZATION: basic ***
2026-09-29T00:29:46.4086266Z ##[endgroup]
2026-09-29T00:29:46.4087781Z ##[group]Fetching the repository
2026-09-29T00:29:46.4098741Z [command]/usr/bin/git -c protocol.version=2 fetch --no-tags --prune --no-recurse-submodules --depth=1 origin +abb057ad4044377b4f41e7b2a08a53b3e007b14d:refs/remotes/origin/research/v16.14-closed-network-response
2026-09-29T00:30:05.9679280Z From https://github.com/proteinfoldingengine/WetLabEngine
2026-09-29T00:30:05.9681225Z  * [new ref]         abb057ad4044377b4f41e7b2a08a53b3e007b14d -> origin/research/v16.14-closed-network-response
2026-09-29T00:30:05.9684132Z ##[endgroup]
2026-09-29T00:30:05.9685133Z ##[group]Determining the checkout info
2026-09-29T00:30:05.9686176Z ##[endgroup]
2026-09-29T00:30:05.9687098Z [command]/usr/bin/git sparse-checkout disable
2026-09-29T00:30:05.9755847Z [command]/usr/bin/git config --local --unset-all extensions.worktreeConfig
2026-09-29T00:30:05.9795063Z ##[group]Checking out the ref
2026-09-29T00:30:05.9804477Z [command]/usr/bin/git checkout --progress --force -B research/v16.14-closed-network-response refs/remotes/origin/research/v16.14-closed-network-response
2026-09-29T00:30:07.0212617Z Updating files:  46% (2162/4690)
2026-09-29T00:30:07.0255128Z Updating files:  47% (2205/4690)
2026-09-29T00:30:07.0290677Z Updating files:  48% (2252/4690)
2026-09-29T00:30:07.0316367Z Updating files:  49% (2299/4690)
2026-09-29T00:30:07.0341325Z Updating files:  50% (2345/4690)
2026-09-29T00:30:07.0386285Z Updating files:  51% (2392/4690)
2026-09-29T00:30:07.1097731Z Updating files:  52% (2439/4690)
2026-09-29T00:30:07.1117885Z Updating files:  53% (2486/4690)
2026-09-29T00:30:07.1136611Z Updating files:  54% (2533/4690)
2026-09-29T00:30:07.1177696Z Updating files:  55% (2580/4690)
2026-09-29T00:30:07.1295723Z Updating files:  56% (2627/4690)
2026-09-29T00:30:07.1397218Z Updating files:  57% (2674/4690)
2026-09-29T00:30:07.1513766Z Updating files:  58% (2721/4690)
2026-09-29T00:30:07.1628235Z Updating files:  59% (2768/4690)
2026-09-29T00:30:07.1660408Z Updating files:  60% (2814/4690)
2026-09-29T00:30:07.1723947Z Updating files:  61% (2861/4690)
2026-09-29T00:30:07.2143905Z Updating files:  62% (2908/4690)
2026-09-29T00:30:07.3602273Z Updating files:  63% (2955/4690)
2026-09-29T00:30:07.5219530Z Updating files:  64% (3002/4690)
2026-09-29T00:30:07.5238133Z Updating files:  65% (3049/4690)
2026-09-29T00:30:07.6549882Z Updating files:  66% (3096/4690)
2026-09-29T00:30:07.7593709Z Updating files:  67% (3143/4690)
2026-09-29T00:30:07.8411688Z Updating files:  68% (3190/4690)
2026-09-29T00:30:07.8665951Z Updating files:  69% (3237/4690)
2026-09-29T00:30:07.9134067Z Updating files:  70% (3283/4690)
2026-09-29T00:30:07.9226312Z Updating files:  71% (3330/4690)
2026-09-29T00:30:07.9284900Z Updating files:  72% (3377/4690)
2026-09-29T00:30:07.9738311Z Updating files:  73% (3424/4690)
2026-09-29T00:30:07.9773242Z Updating files:  74% (3471/4690)
2026-09-29T00:30:07.9803464Z Updating files:  75% (3518/4690)
2026-09-29T00:30:07.9832302Z Updating files:  76% (3565/4690)
2026-09-29T00:30:07.9859550Z Updating files:  77% (3612/4690)
2026-09-29T00:30:07.9888336Z Updating files:  78% (3659/4690)
2026-09-29T00:30:07.9914621Z Updating files:  79% (3706/4690)
2026-09-29T00:30:07.9917118Z Updating files:  79% (3748/4690)
2026-09-29T00:30:07.9952813Z Updating files:  80% (3752/4690)
2026-09-29T00:30:07.9976061Z Updating files:  81% (3799/4690)
2026-09-29T00:30:07.9997176Z Updating files:  82% (3846/4690)
2026-09-29T00:30:08.0079178Z Updating files:  83% (3893/4690)
2026-09-29T00:30:08.0174499Z Updating files:  84% (3940/4690)
2026-09-29T00:30:08.3868733Z Updating files:  85% (3987/4690)
2026-09-29T00:30:08.3931345Z Updating files:  86% (4034/4690)
2026-09-29T00:30:08.4109088Z Updating files:  87% (4081/4690)
2026-09-29T00:30:08.4320793Z Updating files:  88% (4128/4690)
2026-09-29T00:30:08.4527899Z Updating files:  89% (4175/4690)
2026-09-29T00:30:08.4759283Z Updating files:  90% (4221/4690)
2026-09-29T00:30:08.5212260Z Updating files:  91% (4268/4690)
2026-09-29T00:30:08.5350801Z Updating files:  92% (4315/4690)
2026-09-29T00:30:08.5396599Z Updating files:  93% (4362/4690)
2026-09-29T00:30:08.5436424Z Updating files:  94% (4409/4690)
2026-09-29T00:30:08.5523190Z Updating files:  95% (4456/4690)
2026-09-29T00:30:08.5567056Z Updating files:  96% (4503/4690)
2026-09-29T00:30:08.5608214Z Updating files:  97% (4550/4690)
2026-09-29T00:30:08.5744216Z Updating files:  98% (4597/4690)
2026-09-29T00:30:08.5784999Z Updating files:  99% (4644/4690)
2026-09-29T00:30:08.5785673Z Updating files: 100% (4690/4690)
2026-09-29T00:30:08.5786102Z Updating files: 100% (4690/4690), done.
2026-09-29T00:30:08.5851805Z Switched to a new branch 'research/v16.14-closed-network-response'
2026-09-29T00:30:08.5858969Z branch 'research/v16.14-closed-network-response' set up to track 'origin/research/v16.14-closed-network-response'.
2026-09-29T00:30:08.5967083Z ##[endgroup]
2026-09-29T00:30:08.6018098Z [command]/usr/bin/git log -1 --format=%H
2026-09-29T00:30:08.6054590Z abb057ad4044377b4f41e7b2a08a53b3e007b14d
2026-09-29T00:30:08.6392393Z ##[group]Run actions/setup-python@a26af69be951a213d495a4c3e4e4022e16d87065
2026-09-29T00:30:08.6392965Z with:
2026-09-29T00:30:08.6393339Z   python-version: 3.11
2026-09-29T00:30:08.6393754Z   check-latest: false
2026-09-29T00:30:08.6396552Z   token: ***
2026-09-29T00:30:08.6396922Z   update-environment: true
2026-09-29T00:30:08.6397320Z   allow-prereleases: false
2026-09-29T00:30:08.6397714Z   freethreaded: false
2026-09-29T00:30:08.6398269Z ##[endgroup]
2026-09-29T00:30:08.7704064Z ##[group]Installed versions
2026-09-29T00:30:08.8326391Z (node:2163) [DEP0040] DeprecationWarning: The `punycode` module is deprecated. Please use a userland alternative instead.
2026-09-29T00:30:08.8327114Z (Use `node --trace-deprecation ...` to show where the warning was created)
2026-09-29T00:30:08.8328156Z Successfully set up CPython (3.11.16)
2026-09-29T00:30:08.8328849Z ##[endgroup]
2026-09-29T00:30:08.8483292Z ##[group]Run python -m pip install numpy==2.3.5 sympy==1.13.3 mpmath==1.3.0
2026-09-29T00:30:08.8483904Z [36;1mpython -m pip install numpy==2.3.5 sympy==1.13.3 mpmath==1.3.0[0m
2026-09-29T00:30:08.8880331Z shell: /usr/bin/bash -e {0}
2026-09-29T00:30:08.8880694Z env:
2026-09-29T00:30:08.8881081Z   pythonLocation: /opt/hostedtoolcache/Python/3.11.16/x64
2026-09-29T00:30:08.8881921Z   PKG_CONFIG_PATH: /opt/hostedtoolcache/Python/3.11.16/x64/lib/pkgconfig
2026-09-29T00:30:08.8882557Z   Python_ROOT_DIR: /opt/hostedtoolcache/Python/3.11.16/x64
2026-09-29T00:30:08.8883130Z   Python2_ROOT_DIR: /opt/hostedtoolcache/Python/3.11.16/x64
2026-09-29T00:30:08.8883677Z   Python3_ROOT_DIR: /opt/hostedtoolcache/Python/3.11.16/x64
2026-09-29T00:30:08.8884237Z   LD_LIBRARY_PATH: /opt/hostedtoolcache/Python/3.11.16/x64/lib
2026-09-29T00:30:08.8884707Z ##[endgroup]
2026-09-29T00:30:11.8296262Z Collecting numpy==2.3.5
2026-09-29T00:30:11.8863073Z   Downloading numpy-2.3.5-cp311-cp311-manylinux_2_27_x86_64.manylinux_2_28_x86_64.whl.metadata (62 kB)
2026-09-29T00:30:11.9290564Z Collecting sympy==1.13.3
2026-09-29T00:30:11.9333187Z   Downloading sympy-1.13.3-py3-none-any.whl.metadata (12 kB)
2026-09-29T00:30:11.9467733Z Collecting mpmath==1.3.0
2026-09-29T00:30:11.9500314Z   Downloading mpmath-1.3.0-py3-none-any.whl.metadata (8.6 kB)
2026-09-29T00:30:11.9584486Z Downloading numpy-2.3.5-cp311-cp311-manylinux_2_27_x86_64.manylinux_2_28_x86_64.whl (16.9 MB)
2026-09-29T00:30:12.1737637Z    ━━━━━━━━━━━━━━━━━━━━━━━━━━━━━━━━━━━━━━━━ 16.9/16.9 MB 81.5 MB/s  0:00:00
2026-09-29T00:30:12.1792373Z Downloading sympy-1.13.3-py3-none-any.whl (6.2 MB)
2026-09-29T00:30:12.2309415Z    ━━━━━━━━━━━━━━━━━━━━━━━━━━━━━━━━━━━━━━━━ 6.2/6.2 MB 120.2 MB/s  0:00:00
2026-09-29T00:30:12.2373240Z Downloading mpmath-1.3.0-py3-none-any.whl (536 kB)
2026-09-29T00:30:12.2441959Z    ━━━━━━━━━━━━━━━━━━━━━━━━━━━━━━━━━━━━━━━━ 536.2/536.2 kB 67.8 MB/s  0:00:00
2026-09-29T00:30:12.4590641Z Installing collected packages: mpmath, sympy, numpy
2026-09-29T00:30:19.9783677Z 
2026-09-29T00:30:19.9792646Z Successfully installed mpmath-1.3.0 numpy-2.3.5 sympy-1.13.3
2026-09-29T00:30:20.0330458Z ##[group]Run set -o pipefail
2026-09-29T00:30:20.0330802Z [36;1mset -o pipefail[0m
2026-09-29T00:30:20.0331087Z [36;1mgit rev-parse HEAD > execution_head.txt[0m
2026-09-29T00:30:20.0331973Z [36;1mcd ResearchHistory/UQCF-GEM/demos/v15.56-response-selector-obstruction/closed-network-response[0m
2026-09-29T00:30:20.0332568Z [36;1mpython -m unittest -v 2>&1 | tee test.log[0m
2026-09-29T00:30:20.0333037Z [36;1m(cd ../local-gauge-content && python -m unittest -v) 2>&1 | tee parent-test.log[0m
2026-09-29T00:30:20.0333523Z [36;1mpython gate.py 2>&1 | tee audit.log[0m
2026-09-29T00:30:20.0399403Z shell: /usr/bin/bash -e {0}
2026-09-29T00:30:20.0399663Z env:
2026-09-29T00:30:20.0399941Z   pythonLocation: /opt/hostedtoolcache/Python/3.11.16/x64
2026-09-29T00:30:20.0400404Z   PKG_CONFIG_PATH: /opt/hostedtoolcache/Python/3.11.16/x64/lib/pkgconfig
2026-09-29T00:30:20.0400867Z   Python_ROOT_DIR: /opt/hostedtoolcache/Python/3.11.16/x64
2026-09-29T00:30:20.0401324Z   Python2_ROOT_DIR: /opt/hostedtoolcache/Python/3.11.16/x64
2026-09-29T00:30:20.0402189Z   Python3_ROOT_DIR: /opt/hostedtoolcache/Python/3.11.16/x64
2026-09-29T00:30:20.0402719Z   LD_LIBRARY_PATH: /opt/hostedtoolcache/Python/3.11.16/x64/lib
2026-09-29T00:30:20.0403074Z   OPENBLAS_NUM_THREADS: 1
2026-09-29T00:30:20.0403307Z ##[endgroup]
2026-09-29T00:30:20.7338005Z test_all_cycles_and_reversal (test_gate.Tests.test_all_cycles_and_reversal) ... ok
2026-09-29T00:30:20.8042057Z test_exact_cancellation (test_gate.Tests.test_exact_cancellation) ... ok
2026-09-29T00:30:20.8792808Z test_moving_frame_invariance (test_gate.Tests.test_moving_frame_invariance) ... ok
2026-09-29T00:30:20.9513366Z test_normal_reference_and_zero_coherence (test_gate.Tests.test_normal_reference_and_zero_coherence) ... ok
2026-09-29T00:30:21.3011406Z test_product_rule_and_gradient (test_gate.Tests.test_product_rule_and_gradient) ... ok
2026-09-29T00:30:21.3727674Z test_projected_reference_bound (test_gate.Tests.test_projected_reference_bound) ... ok
2026-09-29T00:30:21.3728879Z 
2026-09-29T00:30:21.3729179Z ----------------------------------------------------------------------
2026-09-29T00:30:21.3729894Z Ran 6 tests in 0.939s
2026-09-29T00:30:21.3730166Z 
2026-09-29T00:30:21.3730321Z OK
2026-09-29T00:30:21.8529722Z test_physical_determinant_coefficients (test_gate.Tests.test_physical_determinant_coefficients) ... ok
2026-09-29T00:30:21.9216955Z test_rank_one_proper_flip (test_gate.Tests.test_rank_one_proper_flip) ... ok
2026-09-29T00:30:21.9868444Z test_rank_two_orientation_witness (test_gate.Tests.test_rank_two_orientation_witness) ... ok
2026-09-29T00:30:22.0518451Z test_spectral_edge_collapse (test_gate.Tests.test_spectral_edge_collapse) ... ok
2026-09-29T00:30:22.1164085Z test_zero_not_misclassified (test_gate.Tests.test_zero_not_misclassified) ... ok
2026-09-29T00:30:22.1164667Z 
2026-09-29T00:30:22.1164905Z ----------------------------------------------------------------------
2026-09-29T00:30:22.1165431Z Ran 5 tests in 0.422s
2026-09-29T00:30:22.1165646Z 
2026-09-29T00:30:22.1165802Z OK
2026-09-29T00:30:26.4254580Z Exact network candidate 13
2026-09-29T00:30:29.5998728Z Exact network candidate 16
2026-09-29T00:30:32.8096470Z Exact network candidate 22
2026-09-29T00:30:36.0343026Z Exact network candidate 25
2026-09-29T00:30:39.2577295Z Exact network candidate 27
2026-09-29T00:30:42.5271803Z Exact network candidate 29
2026-09-29T00:30:45.7696566Z Exact network candidate 37
2026-09-29T00:30:49.0150863Z Exact network candidate 39
2026-09-29T00:30:52.2530056Z Exact network candidate 46
2026-09-29T00:30:55.4462013Z Exact network candidate 50
2026-09-29T00:30:58.6848368Z Exact network candidate 66
2026-09-29T00:31:01.8737323Z Exact network candidate 77
2026-09-29T00:31:22.4060705Z Completed numeric precision 80
2026-09-29T00:31:44.0043014Z Completed numeric precision 120
2026-09-29T00:31:44.2550631Z {"all_valid": true, "verdict": "CLOSED_NETWORK_NORMAL_RESPONSE"}
2026-09-29T00:31:44.4295089Z ##[group]Run actions/upload-artifact@v4
2026-09-29T00:31:44.4295416Z with:
2026-09-29T00:31:44.4295751Z   name: closed-network-response-abb057ad4044377b4f41e7b2a08a53b3e007b14d
2026-09-29T00:31:44.4297263Z   path: execution_head.txt
ResearchHistory/UQCF-GEM/demos/v15.56-response-selector-obstruction/closed-network-response/*.log
ResearchHistory/UQCF-GEM/demos/v15.56-response-selector-obstruction/closed-network-response/result.json
ResearchHistory/UQCF-GEM/demos/v15.56-response-selector-obstruction/closed-network-response/SHA256SUMS

2026-09-29T00:31:44.4299773Z   if-no-files-found: warn
2026-09-29T00:31:44.4300291Z   compression-level: 6
2026-09-29T00:31:44.4300679Z   overwrite: false
2026-09-29T00:31:44.4301071Z   include-hidden-files: false
2026-09-29T00:31:44.4301501Z env:
2026-09-29T00:31:44.4302135Z   pythonLocation: /opt/hostedtoolcache/Python/3.11.16/x64
2026-09-29T00:31:44.4302862Z   PKG_CONFIG_PATH: /opt/hostedtoolcache/Python/3.11.16/x64/lib/pkgconfig
2026-09-29T00:31:44.4303403Z   Python_ROOT_DIR: /opt/hostedtoolcache/Python/3.11.16/x64
2026-09-29T00:31:44.4303802Z   Python2_ROOT_DIR: /opt/hostedtoolcache/Python/3.11.16/x64
2026-09-29T00:31:44.4304186Z   Python3_ROOT_DIR: /opt/hostedtoolcache/Python/3.11.16/x64
2026-09-29T00:31:44.4304569Z   LD_LIBRARY_PATH: /opt/hostedtoolcache/Python/3.11.16/x64/lib
2026-09-29T00:31:44.4304890Z ##[endgroup]
2026-09-29T00:31:44.5984637Z (node:2254) [DEP0040] DeprecationWarning: The `punycode` module is deprecated. Please use a userland alternative instead.
2026-09-29T00:31:44.5985924Z (Use `node --trace-deprecation ...` to show where the warning was created)
2026-09-29T00:31:44.6077242Z Multiple search paths detected. Calculating the least common ancestor of all paths
2026-09-29T00:31:44.6079825Z The least common ancestor is /home/runner/work/WetLabEngine/WetLabEngine. This will be the root directory of the artifact
2026-09-29T00:31:44.6081946Z With the provided path, there will be 9 files uploaded
2026-09-29T00:31:44.6087150Z Artifact name is valid!
2026-09-29T00:31:44.6088913Z Root directory input is valid!
2026-09-29T00:31:45.0105816Z Beginning upload of artifact content to blob storage
2026-09-29T00:31:45.2303599Z (node:2254) [DEP0169] DeprecationWarning: `url.parse()` behavior is not standardized and prone to errors that have security implications. Use the WHATWG URL API instead. CVEs are not issued for `url.parse()` vulnerabilities.
2026-09-29T00:31:45.9704298Z Uploaded bytes 2113859
2026-09-29T00:31:46.0436656Z Finished uploading artifact content to blob storage!
2026-09-29T00:31:46.0438155Z SHA256 digest of uploaded artifact zip is 44eb7df0873b032b7b4288e70c7f529b1478b1727d4878e54d7e389c542c98f3
2026-09-29T00:31:46.0439482Z Finalizing artifact upload
2026-09-29T00:31:46.3092663Z Artifact closed-network-response-abb057ad4044377b4f41e7b2a08a53b3e007b14d.zip successfully finalized. Artifact ID 11006320955
2026-09-29T00:31:46.3094580Z Artifact closed-network-response-abb057ad4044377b4f41e7b2a08a53b3e007b14d has been successfully uploaded! Final size is 2113859 bytes. Artifact ID is 11006320955
2026-09-29T00:31:46.3099937Z Artifact download URL: https://github.com/proteinfoldingengine/WetLabEngine/actions/runs/36503365312/artifacts/11006320955
2026-09-29T00:31:46.3275597Z Post job cleanup.
2026-09-29T00:31:46.4443893Z (node:2267) [DEP0040] DeprecationWarning: The `punycode` module is deprecated. Please use a userland alternative instead.
2026-09-29T00:31:46.4445144Z (Use `node --trace-deprecation ...` to show where the warning was created)
2026-09-29T00:31:46.4684206Z Post job cleanup.
2026-09-29T00:31:46.5587618Z [command]/usr/bin/git version
2026-09-29T00:31:46.5634002Z git version 2.55.0
2026-09-29T00:31:46.5672589Z Temporarily overriding HOME='/home/runner/work/_temp/c1cefcf9-5565-43b3-b59b-0e9c05dffa9f' before making global git config changes
2026-09-29T00:31:46.5674025Z Adding repository directory to the temporary git global config as a safe directory
2026-09-29T00:31:46.5679305Z [command]/usr/bin/git config --global --add safe.directory /home/runner/work/WetLabEngine/WetLabEngine
2026-09-29T00:31:46.5719359Z [command]/usr/bin/git config --local --name-only --get-regexp core\.sshCommand
2026-09-29T00:31:46.5756570Z [command]/usr/bin/git submodule foreach --recursive sh -c "git config --local --name-only --get-regexp 'core\.sshCommand' && git config --local --unset-all 'core.sshCommand' || :"
2026-09-29T00:31:46.6022999Z [command]/usr/bin/git config --local --name-only --get-regexp http\.https\:\/\/github\.com\/\.extraheader
2026-09-29T00:31:46.6049969Z http.https://github.com/.extraheader
2026-09-29T00:31:46.6062069Z [command]/usr/bin/git config --local --unset-all http.https://github.com/.extraheader
2026-09-29T00:31:46.6099452Z [command]/usr/bin/git submodule foreach --recursive sh -c "git config --local --name-only --get-regexp 'http\.https\:\/\/github\.com\/\.extraheader' && git config --local --unset-all 'http.https://github.com/.extraheader' || :"
2026-09-29T00:31:46.6403381Z [command]/usr/bin/git config --local --name-only --get-regexp ^includeIf\.gitdir:
2026-09-29T00:31:46.6439163Z [command]/usr/bin/git submodule foreach --recursive git config --local --show-origin --name-only --get-regexp remote.origin.url
2026-09-29T00:31:46.6880933Z Cleaning up orphan processes
2026-09-29T00:31:46.7279396Z ##[warning]Node.js 20 is deprecated. The following actions target Node.js 20 but are being forced to run on Node.js 24: actions/checkout@11d5960a326750d5838078e36cf38b85af677262, actions/setup-python@a26af69be951a213d495a4c3e4e4022e16d87065, actions/upload-artifact@v4. For more information see: https://github.blog/changelog/2025-09-19-deprecation-of-node-20-on-github-actions-runners/
