test_generated_bytecode_is_ignored (__main__.ReviewFixes.test_generated_bytecode_is_ignored) ... FAIL
test_hidden_source_retained_in_development_artifact (__main__.ReviewFixes.test_hidden_source_retained_in_development_artifact) ... FAIL
test_one_unit_boundary_control_kills_permissive_guard (__main__.ReviewFixes.test_one_unit_boundary_control_kills_permissive_guard) ... FAIL

======================================================================
FAIL: test_generated_bytecode_is_ignored (__main__.ReviewFixes.test_generated_bytecode_is_ignored)
----------------------------------------------------------------------
Traceback (most recent call last):
  File "/home/runner/work/WetLabEngine/WetLabEngine/ResearchHistory/UQCF-GEM/demos/v16.53-four-child-boundary/test_review.py", line 22, in test_generated_bytecode_is_ignored
    self.assertEqual(result.returncode,0,'GENERATED_BYTECODE_NOT_IGNORED')
AssertionError: 1 != 0 : GENERATED_BYTECODE_NOT_IGNORED

======================================================================
FAIL: test_hidden_source_retained_in_development_artifact (__main__.ReviewFixes.test_hidden_source_retained_in_development_artifact)
----------------------------------------------------------------------
Traceback (most recent call last):
  File "/home/runner/work/WetLabEngine/WetLabEngine/ResearchHistory/UQCF-GEM/demos/v16.53-four-child-boundary/test_review.py", line 26, in test_hidden_source_retained_in_development_artifact
    self.assertIn('include-hidden-files: true',workflow,'HIDDEN_SOURCE_ARTIFACT_RETENTION_MISSING')
AssertionError: 'include-hidden-files: true' not found in "name: v16.53 development controls\non:\n  push:\n    branches: [research/v16.53-four-child-boundary]\n    paths: ['ResearchHistory/UQCF-GEM/demos/v16.53-four-child-boundary/**', '.github/workflows/v16.53-red.yml']\npermissions: {contents: read}\njobs:\n  development:\n    runs-on: ubuntu-24.04\n    timeout-minutes: 45\n    steps:\n      - uses: actions/checkout@11d5960a326750d5838078e36cf38b85af677262\n        with:\n          fetch-depth: 1\n          sparse-checkout: |\n            ResearchHistory/UQCF-GEM/demos/v16.53-four-child-boundary\n            .github/workflows\n      - uses: actions/setup-python@a26af69be951a213d495a4c3e4e4022e16d87065\n        with: {python-version: '3.11'}\n      - run: python -m pip install sympy==1.13.3 mpmath==1.3.0\n      - run: python ResearchHistory/UQCF-GEM/demos/v16.53-four-child-boundary/development.py out/development\n      - uses: actions/upload-artifact@ea165f8d65b6e75b540449e92b4886f43607fa02\n        if: always()\n        with: {name: 'v1653-development-${{ github.sha }}', path: out/development, if-no-files-found: error}\n" : HIDDEN_SOURCE_ARTIFACT_RETENTION_MISSING

======================================================================
FAIL: test_one_unit_boundary_control_kills_permissive_guard (__main__.ReviewFixes.test_one_unit_boundary_control_kills_permissive_guard)
----------------------------------------------------------------------
Traceback (most recent call last):
  File "/home/runner/work/WetLabEngine/WetLabEngine/ResearchHistory/UQCF-GEM/demos/v16.53-four-child-boundary/test_review.py", line 11, in test_one_unit_boundary_control_kills_permissive_guard
    self.assertTrue(hasattr(integration.Integration,name),'ONE_UNIT_BOUNDARY_CONTROL_MISSING')
AssertionError: False is not true : ONE_UNIT_BOUNDARY_CONTROL_MISSING

----------------------------------------------------------------------
Ran 3 tests in 0.003s

FAILED (failures=3)
