2026-10-09T16:48:41.9742890Z Current runner version: '2.337.0'
2026-10-09T16:48:41.9769592Z ##[group]Runner Image Provisioner
2026-10-09T16:48:41.9770675Z Hosted Compute Agent
2026-10-09T16:48:41.9771325Z Version: 20261002.596
2026-10-09T16:48:41.9772035Z Commit: c3d12f3313a95f25162a1503be624f3b0617f8c0
2026-10-09T16:48:41.9773158Z Build Date: 2026-10-02T22:28:27Z
2026-10-09T16:48:41.9773906Z Worker ID: {ddcf67ce-2f31-4475-aa98-c237ecce0778}
2026-10-09T16:48:41.9774780Z Region: westus
2026-10-09T16:48:41.9775382Z Cloud: Azure
2026-10-09T16:48:41.9775958Z ##[endgroup]
2026-10-09T16:48:41.9777700Z ##[group]Operating System
2026-10-09T16:48:41.9778350Z Ubuntu
2026-10-09T16:48:41.9778983Z 24.04.5
2026-10-09T16:48:41.9779546Z LTS
2026-10-09T16:48:41.9780097Z ##[endgroup]
2026-10-09T16:48:41.9780792Z ##[group]Runner Image
2026-10-09T16:48:41.9781412Z Image: ubuntu-24.04
2026-10-09T16:48:41.9782462Z Version: 20261004.327.1
2026-10-09T16:48:41.9783977Z Included Software: https://github.com/actions/runner-images/blob/ubuntu24/20261004.327/images/ubuntu/Ubuntu2404-Readme.md
2026-10-09T16:48:41.9785642Z Image Release: https://github.com/actions/runner-images/releases/tag/ubuntu24%2F20261004.327
2026-10-09T16:48:41.9786657Z ##[endgroup]
2026-10-09T16:48:41.9787887Z ##[group]GITHUB_TOKEN Permissions
2026-10-09T16:48:41.9790156Z Contents: read
2026-10-09T16:48:41.9790912Z Metadata: read
2026-10-09T16:48:41.9791482Z ##[endgroup]
2026-10-09T16:48:41.9794345Z Secret source: Actions
2026-10-09T16:48:41.9795458Z Cache mode: write
2026-10-09T16:48:41.9796230Z Prepare workflow directory
2026-10-09T16:48:42.0153435Z Prepare all required actions
2026-10-09T16:48:42.0204872Z Getting action download info
2026-10-09T16:48:42.3986239Z Download action repository 'actions/checkout@v4' (SHA:11d5960a326750d5838078e36cf38b85af677262)
2026-10-09T16:48:42.4985151Z Download action repository 'actions/download-artifact@v4' (SHA:d3f86a106a0bac45b974a628896c90dbdf5c8093)
2026-10-09T16:48:42.9560433Z Download action repository 'actions/upload-artifact@v4' (SHA:ea165f8d65b6e75b540449e92b4886f43607fa02)
2026-10-09T16:48:43.1759578Z Complete job name: mathematical-review
2026-10-09T16:48:43.2555107Z ##[group]Run actions/checkout@v4
2026-10-09T16:48:43.2556024Z with:
2026-10-09T16:48:43.2556469Z   path: research_snapshot
2026-10-09T16:48:43.2556987Z   persist-credentials: false
2026-10-09T16:48:43.2557788Z   sparse-checkout: ResearchHistory/UQCF-GEM/research/physical-bridge
.github/scripts

2026-10-09T16:48:43.2558685Z   repository: proteinfoldingengine/WetLabEngine
2026-10-09T16:48:43.2563076Z   token: ***
2026-10-09T16:48:43.2563530Z   ssh-strict: true
2026-10-09T16:48:43.2563977Z   ssh-user: git
2026-10-09T16:48:43.2564455Z   clean: true
2026-10-09T16:48:43.2564912Z   sparse-checkout-cone-mode: true
2026-10-09T16:48:43.2565442Z   fetch-depth: 1
2026-10-09T16:48:43.2565873Z   fetch-tags: false
2026-10-09T16:48:43.2566314Z   show-progress: true
2026-10-09T16:48:43.2566795Z   lfs: false
2026-10-09T16:48:43.2567275Z   submodules: false
2026-10-09T16:48:43.2567726Z   set-safe-directory: true
2026-10-09T16:48:43.2568264Z   allow-unsafe-pr-checkout: false
2026-10-09T16:48:43.2569110Z ##[endgroup]
2026-10-09T16:48:43.3614927Z Syncing repository: proteinfoldingengine/WetLabEngine
2026-10-09T16:48:43.3617752Z ##[group]Getting Git version info
2026-10-09T16:48:43.3619171Z Working directory is '/home/runner/work/WetLabEngine/WetLabEngine/research_snapshot'
2026-10-09T16:48:43.3621121Z [command]/usr/bin/git version
2026-10-09T16:48:43.3697589Z git version 2.55.0
2026-10-09T16:48:43.3724604Z ##[endgroup]
2026-10-09T16:48:43.3738077Z Temporarily overriding HOME='/home/runner/work/_temp/1a3648c3-9e49-4dd4-93cd-fb587cf66ab2' before making global git config changes
2026-10-09T16:48:43.3746101Z Adding repository directory to the temporary git global config as a safe directory
2026-10-09T16:48:43.3748432Z [command]/usr/bin/git config --global --add safe.directory /home/runner/work/WetLabEngine/WetLabEngine/research_snapshot
2026-10-09T16:48:43.3818560Z ##[group]Initializing the repository
2026-10-09T16:48:43.3820513Z [command]/usr/bin/git init /home/runner/work/WetLabEngine/WetLabEngine/research_snapshot
2026-10-09T16:48:43.3945032Z hint: Using 'master' as the name for the initial branch. This default branch name
2026-10-09T16:48:43.3946804Z hint: will change to "main" in Git 3.0. To configure the initial branch name
2026-10-09T16:48:43.3948699Z hint: to use in all of your new repositories, which will suppress this warning,
2026-10-09T16:48:43.3950075Z hint: call:
2026-10-09T16:48:43.3951080Z hint:
2026-10-09T16:48:43.3952216Z hint: 	git config --global init.defaultBranch <name>
2026-10-09T16:48:43.3953946Z hint:
2026-10-09T16:48:43.3955225Z hint: Names commonly chosen instead of 'master' are 'main', 'trunk' and
2026-10-09T16:48:43.3956945Z hint: 'development'. The just-created branch can be renamed via this command:
2026-10-09T16:48:43.3958383Z hint:
2026-10-09T16:48:43.3959363Z hint: 	git branch -m <name>
2026-10-09T16:48:43.3960419Z hint:
2026-10-09T16:48:43.3961615Z hint: Disable this message with "git config set advice.defaultBranchName false"
2026-10-09T16:48:43.3964217Z Initialized empty Git repository in /home/runner/work/WetLabEngine/WetLabEngine/research_snapshot/.git/
2026-10-09T16:48:43.3968096Z [command]/usr/bin/git remote add origin https://github.com/proteinfoldingengine/WetLabEngine
2026-10-09T16:48:43.4017700Z ##[endgroup]
2026-10-09T16:48:43.4019053Z ##[group]Disabling automatic garbage collection
2026-10-09T16:48:43.4022393Z [command]/usr/bin/git config --local gc.auto 0
2026-10-09T16:48:43.4058126Z ##[endgroup]
2026-10-09T16:48:43.4059499Z ##[group]Setting up auth
2026-10-09T16:48:43.4065699Z [command]/usr/bin/git config --local --name-only --get-regexp core\.sshCommand
2026-10-09T16:48:43.4103942Z [command]/usr/bin/git submodule foreach --recursive sh -c "git config --local --name-only --get-regexp 'core\.sshCommand' && git config --local --unset-all 'core.sshCommand' || :"
2026-10-09T16:48:43.4513244Z [command]/usr/bin/git config --local --name-only --get-regexp http\.https\:\/\/github\.com\/\.extraheader
2026-10-09T16:48:43.4567364Z [command]/usr/bin/git submodule foreach --recursive sh -c "git config --local --name-only --get-regexp 'http\.https\:\/\/github\.com\/\.extraheader' && git config --local --unset-all 'http.https://github.com/.extraheader' || :"
2026-10-09T16:48:43.4799510Z [command]/usr/bin/git config --local --name-only --get-regexp ^includeIf\.gitdir:
2026-10-09T16:48:43.4837616Z [command]/usr/bin/git submodule foreach --recursive git config --local --show-origin --name-only --get-regexp remote.origin.url
2026-10-09T16:48:43.5065555Z [command]/usr/bin/git config --local http.https://github.com/.extraheader AUTHORIZATION: basic ***
2026-10-09T16:48:43.5107589Z ##[endgroup]
2026-10-09T16:48:43.5108444Z ##[group]Fetching the repository
2026-10-09T16:48:43.5117993Z [command]/usr/bin/git -c protocol.version=2 fetch --no-tags --prune --no-recurse-submodules --filter=blob:none --depth=1 origin +d7c8f1b3e0ca1b66af0cf379fa25a65885c484e8:refs/remotes/origin/research/uqcf-overlapping-guard-exchange
2026-10-09T16:48:44.4187979Z From https://github.com/proteinfoldingengine/WetLabEngine
2026-10-09T16:48:44.4195739Z  * [new ref]         d7c8f1b3e0ca1b66af0cf379fa25a65885c484e8 -> origin/research/uqcf-overlapping-guard-exchange
2026-10-09T16:48:44.4199952Z ##[endgroup]
2026-10-09T16:48:44.4201644Z ##[group]Determining the checkout info
2026-10-09T16:48:44.4203944Z ##[endgroup]
2026-10-09T16:48:44.4205274Z ##[group]Setting up sparse checkout
2026-10-09T16:48:44.4207170Z [command]/usr/bin/git sparse-checkout set ResearchHistory/UQCF-GEM/research/physical-bridge .github/scripts
2026-10-09T16:48:44.4261567Z ##[endgroup]
2026-10-09T16:48:44.4263227Z ##[group]Checking out the ref
2026-10-09T16:48:44.4268656Z [command]/usr/bin/git checkout --progress --force -B research/uqcf-overlapping-guard-exchange refs/remotes/origin/research/uqcf-overlapping-guard-exchange
2026-10-09T16:48:45.4229370Z Switched to a new branch 'research/uqcf-overlapping-guard-exchange'
2026-10-09T16:48:45.4240249Z branch 'research/uqcf-overlapping-guard-exchange' set up to track 'origin/research/uqcf-overlapping-guard-exchange'.
2026-10-09T16:48:45.4245810Z ##[endgroup]
2026-10-09T16:48:45.4306175Z [command]/usr/bin/git log -1 --format=%H
2026-10-09T16:48:45.4337491Z d7c8f1b3e0ca1b66af0cf379fa25a65885c484e8
2026-10-09T16:48:45.4347909Z ##[group]Removing auth
2026-10-09T16:48:45.4352014Z [command]/usr/bin/git config --local --name-only --get-regexp core\.sshCommand
2026-10-09T16:48:45.4387598Z [command]/usr/bin/git submodule foreach --recursive sh -c "git config --local --name-only --get-regexp 'core\.sshCommand' && git config --local --unset-all 'core.sshCommand' || :"
2026-10-09T16:48:45.4642326Z [command]/usr/bin/git config --local --name-only --get-regexp http\.https\:\/\/github\.com\/\.extraheader
2026-10-09T16:48:45.4675752Z http.https://github.com/.extraheader
2026-10-09T16:48:45.4685129Z [command]/usr/bin/git config --local --unset-all http.https://github.com/.extraheader
2026-10-09T16:48:45.4723737Z [command]/usr/bin/git submodule foreach --recursive sh -c "git config --local --name-only --get-regexp 'http\.https\:\/\/github\.com\/\.extraheader' && git config --local --unset-all 'http.https://github.com/.extraheader' || :"
2026-10-09T16:48:45.4973590Z [command]/usr/bin/git config --local --name-only --get-regexp ^includeIf\.gitdir:
2026-10-09T16:48:45.5009969Z [command]/usr/bin/git submodule foreach --recursive git config --local --show-origin --name-only --get-regexp remote.origin.url
2026-10-09T16:48:45.5256130Z ##[endgroup]
2026-10-09T16:48:45.5496769Z ##[group]Run actions/download-artifact@v4
2026-10-09T16:48:45.5497180Z with:
2026-10-09T16:48:45.5497442Z   name: c3-autonomy-verification
2026-10-09T16:48:45.5497767Z   path: autonomy_verification
2026-10-09T16:48:45.5498094Z   merge-multiple: false
2026-10-09T16:48:45.5498458Z   repository: proteinfoldingengine/WetLabEngine
2026-10-09T16:48:45.5498825Z   run-id: 37961753132
2026-10-09T16:48:45.5499086Z ##[endgroup]
2026-10-09T16:48:45.7175533Z Downloading single artifact
2026-10-09T16:48:45.7335745Z (node:2359) [DEP0040] DeprecationWarning: The `punycode` module is deprecated. Please use a userland alternative instead.
2026-10-09T16:48:45.7337279Z (Use `node --trace-deprecation ...` to show where the warning was created)
2026-10-09T16:48:46.0091691Z Preparing to download the following artifacts:
2026-10-09T16:48:46.0093325Z - c3-autonomy-verification (ID: 11632725002, Size: 7613, Expected Digest: sha256:68777b8c1063664919ce126ca904199cdf4077fc0c019f1260af05730c99014b)
2026-10-09T16:48:46.2771056Z Redirecting to blob download url: https://productionresultssa2.blob.core.windows.net/actions-results/06e314aa-7a6a-83f9-b635-c6218dfe8e3c/workflow-job-run-df9400df-b50d-5629-8029-53d87331c638/artifacts/0094c4e2cf1f6bd57cf6a0cca37d6c08c13c66c262365a8c3971f95a1c74863a.zip
2026-10-09T16:48:46.2774323Z Starting download of artifact to: /home/runner/work/WetLabEngine/WetLabEngine/autonomy_verification
2026-10-09T16:48:46.5616837Z (node:2359) [DEP0005] DeprecationWarning: Buffer() is deprecated due to security and usability issues. Please use the Buffer.alloc(), Buffer.allocUnsafe(), or Buffer.from() methods instead.
2026-10-09T16:48:46.5747524Z SHA256 digest of downloaded artifact is 68777b8c1063664919ce126ca904199cdf4077fc0c019f1260af05730c99014b
2026-10-09T16:48:46.5748166Z Artifact download completed successfully.
2026-10-09T16:48:46.5748507Z Total of 1 artifact(s) downloaded
2026-10-09T16:48:46.5753392Z Download artifact has finished successfully
2026-10-09T16:48:46.5897874Z ##[group]Run python3 research_snapshot/.github/scripts/c3_autonomy_review.py
2026-10-09T16:48:46.5898527Z [36;1mpython3 research_snapshot/.github/scripts/c3_autonomy_review.py[0m
2026-10-09T16:48:46.6183141Z shell: /usr/bin/bash -e {0}
2026-10-09T16:48:46.6183530Z env:
2026-10-09T16:48:46.6184294Z   GEMINI_API_KEY: ***
2026-10-09T16:48:46.6184606Z ##[endgroup]
2026-10-09T16:50:10.3453259Z Handoff independent verdict: ACCEPTED
2026-10-09T16:50:10.3454174Z Missing assumptions: 0
2026-10-09T16:50:10.3455785Z Counterexamples: 0
2026-10-09T16:50:10.3457036Z Response SHA256: 09a41144dc1aa92b7e9ac51a8c8eb72d374fe48b6337cd3656fc6f4083ed1990
2026-10-09T16:50:10.3457825Z This is not scientific certification.
2026-10-09T16:50:10.3618716Z ##[group]Run actions/upload-artifact@v4
2026-10-09T16:50:10.3619043Z with:
2026-10-09T16:50:10.3619275Z   name: c3-autonomy-review
2026-10-09T16:50:10.3619537Z   path: autonomy_review/
2026-10-09T16:50:10.3619781Z   if-no-files-found: warn
2026-10-09T16:50:10.3620036Z   compression-level: 6
2026-10-09T16:50:10.3620261Z   overwrite: false
2026-10-09T16:50:10.3620486Z   include-hidden-files: false
2026-10-09T16:50:10.3620737Z ##[endgroup]
2026-10-09T16:50:10.5336764Z (node:2429) [DEP0040] DeprecationWarning: The `punycode` module is deprecated. Please use a userland alternative instead.
2026-10-09T16:50:10.5338028Z (Use `node --trace-deprecation ...` to show where the warning was created)
2026-10-09T16:50:10.5407817Z With the provided path, there will be 2 files uploaded
2026-10-09T16:50:10.5408854Z Artifact name is valid!
2026-10-09T16:50:10.5409631Z Root directory input is valid!
2026-10-09T16:50:10.9466221Z Beginning upload of artifact content to blob storage
2026-10-09T16:50:10.9729112Z (node:2429) [DEP0169] DeprecationWarning: `url.parse()` behavior is not standardized and prone to errors that have security implications. Use the WHATWG URL API instead. CVEs are not issued for `url.parse()` vulnerabilities.
2026-10-09T16:50:11.2601884Z Uploaded bytes 2789
2026-10-09T16:50:11.3405419Z Finished uploading artifact content to blob storage!
2026-10-09T16:50:11.3406484Z SHA256 digest of uploaded artifact zip is 8e0b1741a1892014a7fb650a217efd71ae3f904708a186c6754073e3110fcf9c
2026-10-09T16:50:11.3407474Z Finalizing artifact upload
2026-10-09T16:50:11.6193742Z Artifact c3-autonomy-review.zip successfully finalized. Artifact ID 11631970778
2026-10-09T16:50:11.6194633Z Artifact c3-autonomy-review has been successfully uploaded! Final size is 2789 bytes. Artifact ID is 11631970778
2026-10-09T16:50:11.6195513Z Artifact download URL: https://github.com/proteinfoldingengine/WetLabEngine/actions/runs/37961753132/artifacts/11631970778
2026-10-09T16:50:11.6383154Z Post job cleanup.
2026-10-09T16:50:11.7253591Z [command]/usr/bin/git version
2026-10-09T16:50:11.7285461Z git version 2.55.0
2026-10-09T16:50:11.7328363Z Temporarily overriding HOME='/home/runner/work/_temp/c83845cc-90c2-4c35-8fb1-5c2facd4264d' before making global git config changes
2026-10-09T16:50:11.7329723Z Adding repository directory to the temporary git global config as a safe directory
2026-10-09T16:50:11.7335377Z [command]/usr/bin/git config --global --add safe.directory /home/runner/work/WetLabEngine/WetLabEngine/research_snapshot
2026-10-09T16:50:11.7381078Z [command]/usr/bin/git config --local --name-only --get-regexp core\.sshCommand
2026-10-09T16:50:11.7425702Z [command]/usr/bin/git submodule foreach --recursive sh -c "git config --local --name-only --get-regexp 'core\.sshCommand' && git config --local --unset-all 'core.sshCommand' || :"
2026-10-09T16:50:11.7710152Z [command]/usr/bin/git config --local --name-only --get-regexp http\.https\:\/\/github\.com\/\.extraheader
2026-10-09T16:50:11.7755049Z [command]/usr/bin/git submodule foreach --recursive sh -c "git config --local --name-only --get-regexp 'http\.https\:\/\/github\.com\/\.extraheader' && git config --local --unset-all 'http.https://github.com/.extraheader' || :"
2026-10-09T16:50:11.8052462Z [command]/usr/bin/git config --local --name-only --get-regexp ^includeIf\.gitdir:
2026-10-09T16:50:11.8090543Z [command]/usr/bin/git submodule foreach --recursive git config --local --show-origin --name-only --get-regexp remote.origin.url
2026-10-09T16:50:11.8514269Z Cleaning up orphan processes
2026-10-09T16:50:11.8966233Z ##[warning]Node.js 20 is deprecated. The following actions target Node.js 20 but are being forced to run on Node.js 24: actions/checkout@v4, actions/download-artifact@v4, actions/upload-artifact@v4. For more information see: https://github.blog/changelog/2025-09-19-deprecation-of-node-20-on-github-actions-runners/
