2026-10-09T16:48:28.6012657Z Current runner version: '2.337.0'
2026-10-09T16:48:28.6037155Z ##[group]Runner Image Provisioner
2026-10-09T16:48:28.6038137Z Hosted Compute Agent
2026-10-09T16:48:28.6038803Z Version: 20261002.596
2026-10-09T16:48:28.6039541Z Commit: c3d12f3313a95f25162a1503be624f3b0617f8c0
2026-10-09T16:48:28.6040292Z Build Date: 2026-10-02T22:28:27Z
2026-10-09T16:48:28.6041324Z Worker ID: {f8327453-7503-4fed-8378-fabb877209f7}
2026-10-09T16:48:28.6042098Z Region: southcentralus
2026-10-09T16:48:28.6042735Z Cloud: Azure
2026-10-09T16:48:28.6043356Z ##[endgroup]
2026-10-09T16:48:28.6045030Z ##[group]Operating System
2026-10-09T16:48:28.6045822Z Ubuntu
2026-10-09T16:48:28.6046517Z 24.04.5
2026-10-09T16:48:28.6047091Z LTS
2026-10-09T16:48:28.6047665Z ##[endgroup]
2026-10-09T16:48:28.6048260Z ##[group]Runner Image
2026-10-09T16:48:28.6048891Z Image: ubuntu-24.04
2026-10-09T16:48:28.6049575Z Version: 20261004.327.1
2026-10-09T16:48:28.6051061Z Included Software: https://github.com/actions/runner-images/blob/ubuntu24/20261004.327/images/ubuntu/Ubuntu2404-Readme.md
2026-10-09T16:48:28.6052740Z Image Release: https://github.com/actions/runner-images/releases/tag/ubuntu24%2F20261004.327
2026-10-09T16:48:28.6053781Z ##[endgroup]
2026-10-09T16:48:28.6054955Z ##[group]GITHUB_TOKEN Permissions
2026-10-09T16:48:28.6057103Z Contents: read
2026-10-09T16:48:28.6058174Z Metadata: read
2026-10-09T16:48:28.6058798Z ##[endgroup]
2026-10-09T16:48:28.6061171Z Secret source: Actions
2026-10-09T16:48:28.6062254Z Cache mode: write
2026-10-09T16:48:28.6063014Z Prepare workflow directory
2026-10-09T16:48:28.6458761Z Prepare all required actions
2026-10-09T16:48:28.6507050Z Getting action download info
2026-10-09T16:48:28.9278574Z Download action repository 'actions/checkout@v4' (SHA:11d5960a326750d5838078e36cf38b85af677262)
2026-10-09T16:48:29.0430059Z Download action repository 'actions/upload-artifact@v4' (SHA:ea165f8d65b6e75b540449e92b4886f43607fa02)
2026-10-09T16:48:29.2534699Z Complete job name: verification
2026-10-09T16:48:29.3306417Z ##[group]Run actions/checkout@v4
2026-10-09T16:48:29.3307350Z with:
2026-10-09T16:48:29.3307802Z   path: research_snapshot
2026-10-09T16:48:29.3308318Z   persist-credentials: false
2026-10-09T16:48:29.3309101Z   sparse-checkout: ResearchHistory/UQCF-GEM/research/physical-bridge
.github/scripts

2026-10-09T16:48:29.3309987Z   repository: proteinfoldingengine/WetLabEngine
2026-10-09T16:48:29.3314055Z   token: ***
2026-10-09T16:48:29.3314488Z   ssh-strict: true
2026-10-09T16:48:29.3314913Z   ssh-user: git
2026-10-09T16:48:29.3315324Z   clean: true
2026-10-09T16:48:29.3315764Z   sparse-checkout-cone-mode: true
2026-10-09T16:48:29.3316277Z   fetch-depth: 1
2026-10-09T16:48:29.3316706Z   fetch-tags: false
2026-10-09T16:48:29.3317143Z   show-progress: true
2026-10-09T16:48:29.3317589Z   lfs: false
2026-10-09T16:48:29.3318012Z   submodules: false
2026-10-09T16:48:29.3318454Z   set-safe-directory: true
2026-10-09T16:48:29.3318958Z   allow-unsafe-pr-checkout: false
2026-10-09T16:48:29.3319792Z ##[endgroup]
2026-10-09T16:48:29.4381087Z Syncing repository: proteinfoldingengine/WetLabEngine
2026-10-09T16:48:29.4382984Z ##[group]Getting Git version info
2026-10-09T16:48:29.4383861Z Working directory is '/home/runner/work/WetLabEngine/WetLabEngine/research_snapshot'
2026-10-09T16:48:29.4385020Z [command]/usr/bin/git version
2026-10-09T16:48:29.4487564Z git version 2.55.0
2026-10-09T16:48:29.4513372Z ##[endgroup]
2026-10-09T16:48:29.4527509Z Temporarily overriding HOME='/home/runner/work/_temp/94255039-fe88-4f37-9a65-60ce98593220' before making global git config changes
2026-10-09T16:48:29.4529869Z Adding repository directory to the temporary git global config as a safe directory
2026-10-09T16:48:29.4533333Z [command]/usr/bin/git config --global --add safe.directory /home/runner/work/WetLabEngine/WetLabEngine/research_snapshot
2026-10-09T16:48:29.4590006Z ##[group]Initializing the repository
2026-10-09T16:48:29.4594792Z [command]/usr/bin/git init /home/runner/work/WetLabEngine/WetLabEngine/research_snapshot
2026-10-09T16:48:29.4711302Z hint: Using 'master' as the name for the initial branch. This default branch name
2026-10-09T16:48:29.4713680Z hint: will change to "main" in Git 3.0. To configure the initial branch name
2026-10-09T16:48:29.4715802Z hint: to use in all of your new repositories, which will suppress this warning,
2026-10-09T16:48:29.4717519Z hint: call:
2026-10-09T16:48:29.4718589Z hint:
2026-10-09T16:48:29.4719757Z hint: 	git config --global init.defaultBranch <name>
2026-10-09T16:48:29.4721391Z hint:
2026-10-09T16:48:29.4722785Z hint: Names commonly chosen instead of 'master' are 'main', 'trunk' and
2026-10-09T16:48:29.4725025Z hint: 'development'. The just-created branch can be renamed via this command:
2026-10-09T16:48:29.4726750Z hint:
2026-10-09T16:48:29.4727938Z hint: 	git branch -m <name>
2026-10-09T16:48:29.4728884Z hint:
2026-10-09T16:48:29.4730080Z hint: Disable this message with "git config set advice.defaultBranchName false"
2026-10-09T16:48:29.4732657Z Initialized empty Git repository in /home/runner/work/WetLabEngine/WetLabEngine/research_snapshot/.git/
2026-10-09T16:48:29.4734798Z [command]/usr/bin/git remote add origin https://github.com/proteinfoldingengine/WetLabEngine
2026-10-09T16:48:29.4779660Z ##[endgroup]
2026-10-09T16:48:29.4781206Z ##[group]Disabling automatic garbage collection
2026-10-09T16:48:29.4784873Z [command]/usr/bin/git config --local gc.auto 0
2026-10-09T16:48:29.4818198Z ##[endgroup]
2026-10-09T16:48:29.4819328Z ##[group]Setting up auth
2026-10-09T16:48:29.4826008Z [command]/usr/bin/git config --local --name-only --get-regexp core\.sshCommand
2026-10-09T16:48:29.4875670Z [command]/usr/bin/git submodule foreach --recursive sh -c "git config --local --name-only --get-regexp 'core\.sshCommand' && git config --local --unset-all 'core.sshCommand' || :"
2026-10-09T16:48:29.5251299Z [command]/usr/bin/git config --local --name-only --get-regexp http\.https\:\/\/github\.com\/\.extraheader
2026-10-09T16:48:29.5290459Z [command]/usr/bin/git submodule foreach --recursive sh -c "git config --local --name-only --get-regexp 'http\.https\:\/\/github\.com\/\.extraheader' && git config --local --unset-all 'http.https://github.com/.extraheader' || :"
2026-10-09T16:48:29.5518284Z [command]/usr/bin/git config --local --name-only --get-regexp ^includeIf\.gitdir:
2026-10-09T16:48:29.5553634Z [command]/usr/bin/git submodule foreach --recursive git config --local --show-origin --name-only --get-regexp remote.origin.url
2026-10-09T16:48:29.5793488Z [command]/usr/bin/git config --local http.https://github.com/.extraheader AUTHORIZATION: basic ***
2026-10-09T16:48:29.5836445Z ##[endgroup]
2026-10-09T16:48:29.5837865Z ##[group]Fetching the repository
2026-10-09T16:48:29.5849978Z [command]/usr/bin/git -c protocol.version=2 fetch --no-tags --prune --no-recurse-submodules --filter=blob:none --depth=1 origin +d7c8f1b3e0ca1b66af0cf379fa25a65885c484e8:refs/remotes/origin/research/uqcf-overlapping-guard-exchange
2026-10-09T16:48:30.0870705Z From https://github.com/proteinfoldingengine/WetLabEngine
2026-10-09T16:48:30.0873330Z  * [new ref]         d7c8f1b3e0ca1b66af0cf379fa25a65885c484e8 -> origin/research/uqcf-overlapping-guard-exchange
2026-10-09T16:48:30.0878408Z ##[endgroup]
2026-10-09T16:48:30.0880367Z ##[group]Determining the checkout info
2026-10-09T16:48:30.0882565Z ##[endgroup]
2026-10-09T16:48:30.0884166Z ##[group]Setting up sparse checkout
2026-10-09T16:48:30.0886327Z [command]/usr/bin/git sparse-checkout set ResearchHistory/UQCF-GEM/research/physical-bridge .github/scripts
2026-10-09T16:48:30.0940825Z ##[endgroup]
2026-10-09T16:48:30.0942267Z ##[group]Checking out the ref
2026-10-09T16:48:30.0947216Z [command]/usr/bin/git checkout --progress --force -B research/uqcf-overlapping-guard-exchange refs/remotes/origin/research/uqcf-overlapping-guard-exchange
2026-10-09T16:48:31.1072204Z Switched to a new branch 'research/uqcf-overlapping-guard-exchange'
2026-10-09T16:48:31.1077223Z branch 'research/uqcf-overlapping-guard-exchange' set up to track 'origin/research/uqcf-overlapping-guard-exchange'.
2026-10-09T16:48:31.1087180Z ##[endgroup]
2026-10-09T16:48:31.1141448Z [command]/usr/bin/git log -1 --format=%H
2026-10-09T16:48:31.1168113Z d7c8f1b3e0ca1b66af0cf379fa25a65885c484e8
2026-10-09T16:48:31.1177039Z ##[group]Removing auth
2026-10-09T16:48:31.1181516Z [command]/usr/bin/git config --local --name-only --get-regexp core\.sshCommand
2026-10-09T16:48:31.1215299Z [command]/usr/bin/git submodule foreach --recursive sh -c "git config --local --name-only --get-regexp 'core\.sshCommand' && git config --local --unset-all 'core.sshCommand' || :"
2026-10-09T16:48:31.1474753Z [command]/usr/bin/git config --local --name-only --get-regexp http\.https\:\/\/github\.com\/\.extraheader
2026-10-09T16:48:31.1507110Z http.https://github.com/.extraheader
2026-10-09T16:48:31.1516747Z [command]/usr/bin/git config --local --unset-all http.https://github.com/.extraheader
2026-10-09T16:48:31.1554721Z [command]/usr/bin/git submodule foreach --recursive sh -c "git config --local --name-only --get-regexp 'http\.https\:\/\/github\.com\/\.extraheader' && git config --local --unset-all 'http.https://github.com/.extraheader' || :"
2026-10-09T16:48:31.1798290Z [command]/usr/bin/git config --local --name-only --get-regexp ^includeIf\.gitdir:
2026-10-09T16:48:31.1834540Z [command]/usr/bin/git submodule foreach --recursive git config --local --show-origin --name-only --get-regexp remote.origin.url
2026-10-09T16:48:31.2072146Z ##[endgroup]
2026-10-09T16:48:31.2278797Z ##[group]Run set -euo pipefail
2026-10-09T16:48:31.2279261Z [36;1mset -euo pipefail[0m
2026-10-09T16:48:31.2279585Z [36;1mmkdir autonomy_verification[0m
2026-10-09T16:48:31.2280074Z [36;1mROOT=research_snapshot/ResearchHistory/UQCF-GEM/research/physical-bridge[0m
2026-10-09T16:48:31.2281089Z [36;1mpython3 -m unittest discover -s "$ROOT/core_autonomy" -p test_autonomy.py -v 2>&1 | tee autonomy_verification/contracts.log[0m
2026-10-09T16:48:31.2282032Z [36;1mpython3 "$ROOT/core_autonomy/producer.py" autonomy_verification/certificate.json | tee autonomy_verification/counts.json[0m
2026-10-09T16:48:31.2282756Z [36;1mpython3 "$ROOT/core_autonomy/producer.py" /tmp/repeated.json[0m
2026-10-09T16:48:31.2283309Z [36;1mcmp autonomy_verification/certificate.json /tmp/repeated.json[0m
2026-10-09T16:48:31.2284063Z [36;1mpython3 "$ROOT/core_autonomy/independent.py" autonomy_verification/certificate.json | tee autonomy_verification/independent.json[0m
2026-10-09T16:48:31.2285065Z [36;1mpython3 -m unittest discover -s "$ROOT/record_transfer" -p test_transfer.py -v 2>&1 | tee autonomy_verification/inherited_transfer.log[0m
2026-10-09T16:48:31.2285930Z [36;1mecho "scientific_sha=$(git -C research_snapshot rev-parse HEAD)" > autonomy_verification/provenance.txt[0m
2026-10-09T16:48:31.2286598Z [36;1mecho "workflow_sha=$GITHUB_SHA" >> autonomy_verification/provenance.txt[0m
2026-10-09T16:48:31.2287287Z [36;1msha256sum autonomy_verification/certificate.json > autonomy_verification/certificate.sha256[0m
2026-10-09T16:48:31.2542105Z shell: /usr/bin/bash --noprofile --norc -e -o pipefail {0}
2026-10-09T16:48:31.2542609Z ##[endgroup]
2026-10-09T16:48:31.3795625Z test_admissible (test_autonomy.Contracts.test_admissible) ... ok
2026-10-09T16:48:31.3797162Z test_admission_application (test_autonomy.Contracts.test_admission_application) ... ok
2026-10-09T16:48:31.3915880Z test_admit_nonuniform (test_autonomy.Contracts.test_admit_nonuniform) ... ok
2026-10-09T16:48:31.3917272Z test_all_commit_not_noop_only (test_autonomy.Contracts.test_all_commit_not_noop_only) ... ok
2026-10-09T16:48:31.3942094Z test_complete (test_autonomy.Contracts.test_complete) ... ok
2026-10-09T16:48:31.4064706Z test_constant_scratch (test_autonomy.Contracts.test_constant_scratch) ... ok
2026-10-09T16:48:31.4181538Z test_duplicate_guarded_edge (test_autonomy.Contracts.test_duplicate_guarded_edge) ... ok
2026-10-09T16:48:31.4297659Z test_duplicate_pair_edge (test_autonomy.Contracts.test_duplicate_pair_edge) ... ok
2026-10-09T16:48:31.4416461Z test_duplicate_state (test_autonomy.Contracts.test_duplicate_state) ... ok
2026-10-09T16:48:31.4532982Z test_false_distribution_claim (test_autonomy.Contracts.test_false_distribution_claim) ... ok
2026-10-09T16:48:31.4651015Z test_false_nonuniform (test_autonomy.Contracts.test_false_nonuniform) ... ok
2026-10-09T16:48:31.4768577Z test_false_noop_dependency (test_autonomy.Contracts.test_false_noop_dependency) ... ok
2026-10-09T16:48:31.4885599Z test_false_universal_observer (test_autonomy.Contracts.test_false_universal_observer) ... ok
2026-10-09T16:48:31.5011043Z test_floor (test_autonomy.Contracts.test_floor) ... ok
2026-10-09T16:48:31.5127603Z test_missing_guarded_edge (test_autonomy.Contracts.test_missing_guarded_edge) ... ok
2026-10-09T16:48:31.5268945Z test_missing_nonuniform (test_autonomy.Contracts.test_missing_nonuniform) ... ok
2026-10-09T16:48:31.5383849Z test_missing_pair (test_autonomy.Contracts.test_missing_pair) ... ok
2026-10-09T16:48:31.5504659Z test_missing_pair_edge (test_autonomy.Contracts.test_missing_pair_edge) ... ok
2026-10-09T16:48:31.5623610Z test_missing_pair_node (test_autonomy.Contracts.test_missing_pair_node) ... ok
2026-10-09T16:48:31.5743084Z test_missing_state (test_autonomy.Contracts.test_missing_state) ... ok
2026-10-09T16:48:31.5744678Z test_nonuniform_guard_boundary (test_autonomy.Contracts.test_nonuniform_guard_boundary) ... ok
2026-10-09T16:48:31.5865412Z test_provenance (test_autonomy.Contracts.test_provenance) ... ok
2026-10-09T16:48:31.5983620Z test_substituted_pair (test_autonomy.Contracts.test_substituted_pair) ... ok
2026-10-09T16:48:31.6103769Z test_support (test_autonomy.Contracts.test_support) ... ok
2026-10-09T16:48:31.6222354Z test_tau (test_autonomy.Contracts.test_tau) ... ok
2026-10-09T16:48:31.6341379Z test_type (test_autonomy.Contracts.test_type) ... ok
2026-10-09T16:48:31.6460808Z test_wrong_core_effect (test_autonomy.Contracts.test_wrong_core_effect) ... ok
2026-10-09T16:48:31.6581977Z test_wrong_resolution_mask (test_autonomy.Contracts.test_wrong_resolution_mask) ... ok
2026-10-09T16:48:31.6584139Z 
2026-10-09T16:48:31.6584795Z ----------------------------------------------------------------------
2026-10-09T16:48:31.6585468Z Ran 28 tests in 0.320s
2026-10-09T16:48:31.6585670Z 
2026-10-09T16:48:31.6585767Z OK
2026-10-09T16:48:31.7008884Z {"states": 128, "admissible": 56, "guarded_edges": 776, "world_pairs": 10, "paired_nodes": 100, "paired_safe_edges": 688, "nonuniform_boundaries": 76}
2026-10-09T16:48:31.7385965Z {"states": 128, "admissible": 56, "guarded_edges": 776, "world_pairs": 10, "paired_nodes": 100, "paired_safe_edges": 688, "nonuniform_boundaries": 76}
2026-10-09T16:48:31.7807258Z PASS independent complete guarded and uniformly safe paired graph reconstruction
2026-10-09T16:48:32.0683455Z test_analytic_pair (test_transfer.Contracts.test_analytic_pair) ... ok
2026-10-09T16:48:32.3115847Z test_complete (test_transfer.Contracts.test_complete) ... ok
2026-10-09T16:48:32.4416498Z test_duplicate_fiber (test_transfer.Contracts.test_duplicate_fiber) ... ok
2026-10-09T16:48:32.5782097Z test_duplicate_source (test_transfer.Contracts.test_duplicate_source) ... ok
2026-10-09T16:48:32.7063726Z test_false_access (test_transfer.Contracts.test_false_access) ... ok
2026-10-09T16:48:32.8335156Z test_false_fiber_record (test_transfer.Contracts.test_false_fiber_record) ... ok
2026-10-09T16:48:32.9640818Z test_false_minimal_bits (test_transfer.Contracts.test_false_minimal_bits) ... ok
2026-10-09T16:48:33.0899645Z test_false_mixed (test_transfer.Contracts.test_false_mixed) ... ok
2026-10-09T16:48:33.2235522Z test_false_order (test_transfer.Contracts.test_false_order) ... ok
2026-10-09T16:48:33.3502880Z test_false_scope (test_transfer.Contracts.test_false_scope) ... ok
2026-10-09T16:48:33.3504137Z test_fibers (test_transfer.Contracts.test_fibers) ... ok
2026-10-09T16:48:33.3527879Z test_identity (test_transfer.Contracts.test_identity) ... ok
2026-10-09T16:48:33.4816850Z test_missing_fiber1 (test_transfer.Contracts.test_missing_fiber1) ... ok
2026-10-09T16:48:33.6211757Z test_missing_fiber2 (test_transfer.Contracts.test_missing_fiber2) ... ok
2026-10-09T16:48:33.7489709Z test_missing_member (test_transfer.Contracts.test_missing_member) ... ok
2026-10-09T16:48:33.8760312Z test_missing_query (test_transfer.Contracts.test_missing_query) ... ok
2026-10-09T16:48:34.0105848Z test_missing_source (test_transfer.Contracts.test_missing_source) ... ok
2026-10-09T16:48:34.1367393Z test_substituted_member (test_transfer.Contracts.test_substituted_member) ... ok
2026-10-09T16:48:34.2698950Z test_type (test_transfer.Contracts.test_type) ... ok
2026-10-09T16:48:34.4069799Z test_wrong_admission (test_transfer.Contracts.test_wrong_admission) ... ok
2026-10-09T16:48:34.5346751Z test_wrong_decode (test_transfer.Contracts.test_wrong_decode) ... ok
2026-10-09T16:48:34.6683863Z test_wrong_outside (test_transfer.Contracts.test_wrong_outside) ... ok
2026-10-09T16:48:34.8007529Z test_wrong_pair (test_transfer.Contracts.test_wrong_pair) ... ok
2026-10-09T16:48:34.9316268Z test_wrong_protected (test_transfer.Contracts.test_wrong_protected) ... ok
2026-10-09T16:48:35.0575655Z test_wrong_singleton (test_transfer.Contracts.test_wrong_singleton) ... ok
2026-10-09T16:48:35.1919587Z test_wrong_state (test_transfer.Contracts.test_wrong_state) ... ok
2026-10-09T16:48:35.3199583Z test_wrong_tau (test_transfer.Contracts.test_wrong_tau) ... ok
2026-10-09T16:48:35.4487105Z test_wrong_witness (test_transfer.Contracts.test_wrong_witness) ... ok
2026-10-09T16:48:35.4487739Z 
2026-10-09T16:48:35.4489384Z ----------------------------------------------------------------------
2026-10-09T16:48:35.4490376Z Ran 28 tests in 3.622s
2026-10-09T16:48:35.4491059Z 
2026-10-09T16:48:35.4491227Z OK
2026-10-09T16:48:35.4840288Z ##[group]Run actions/upload-artifact@v4
2026-10-09T16:48:35.4841036Z with:
2026-10-09T16:48:35.4841264Z   name: c3-autonomy-verification
2026-10-09T16:48:35.4841536Z   path: autonomy_verification/
2026-10-09T16:48:35.4841807Z   if-no-files-found: warn
2026-10-09T16:48:35.4842066Z   compression-level: 6
2026-10-09T16:48:35.4842294Z   overwrite: false
2026-10-09T16:48:35.4842515Z   include-hidden-files: false
2026-10-09T16:48:35.4842761Z ##[endgroup]
2026-10-09T16:48:35.6452206Z (node:2420) [DEP0040] DeprecationWarning: The `punycode` module is deprecated. Please use a userland alternative instead.
2026-10-09T16:48:35.6452970Z (Use `node --trace-deprecation ...` to show where the warning was created)
2026-10-09T16:48:35.6523589Z With the provided path, there will be 7 files uploaded
2026-10-09T16:48:35.6530230Z Artifact name is valid!
2026-10-09T16:48:35.6531569Z Root directory input is valid!
2026-10-09T16:48:35.9454879Z Beginning upload of artifact content to blob storage
2026-10-09T16:48:35.9761739Z (node:2420) [DEP0169] DeprecationWarning: `url.parse()` behavior is not standardized and prone to errors that have security implications. Use the WHATWG URL API instead. CVEs are not issued for `url.parse()` vulnerabilities.
2026-10-09T16:48:36.1264245Z Uploaded bytes 7613
2026-10-09T16:48:36.1710967Z Finished uploading artifact content to blob storage!
2026-10-09T16:48:36.1712598Z SHA256 digest of uploaded artifact zip is 68777b8c1063664919ce126ca904199cdf4077fc0c019f1260af05730c99014b
2026-10-09T16:48:36.1714249Z Finalizing artifact upload
2026-10-09T16:48:36.4105002Z Artifact c3-autonomy-verification.zip successfully finalized. Artifact ID 11632725002
2026-10-09T16:48:36.4106112Z Artifact c3-autonomy-verification has been successfully uploaded! Final size is 7613 bytes. Artifact ID is 11632725002
2026-10-09T16:48:36.4114440Z Artifact download URL: https://github.com/proteinfoldingengine/WetLabEngine/actions/runs/37961753132/artifacts/11632725002
2026-10-09T16:48:36.4366921Z Post job cleanup.
2026-10-09T16:48:36.5227379Z [command]/usr/bin/git version
2026-10-09T16:48:36.5272296Z git version 2.55.0
2026-10-09T16:48:36.5311924Z Temporarily overriding HOME='/home/runner/work/_temp/847bcbc5-8345-4367-86ad-334c7e1f5f86' before making global git config changes
2026-10-09T16:48:36.5313362Z Adding repository directory to the temporary git global config as a safe directory
2026-10-09T16:48:36.5317233Z [command]/usr/bin/git config --global --add safe.directory /home/runner/work/WetLabEngine/WetLabEngine/research_snapshot
2026-10-09T16:48:36.5355838Z [command]/usr/bin/git config --local --name-only --get-regexp core\.sshCommand
2026-10-09T16:48:36.5391628Z [command]/usr/bin/git submodule foreach --recursive sh -c "git config --local --name-only --get-regexp 'core\.sshCommand' && git config --local --unset-all 'core.sshCommand' || :"
2026-10-09T16:48:36.5655849Z [command]/usr/bin/git config --local --name-only --get-regexp http\.https\:\/\/github\.com\/\.extraheader
2026-10-09T16:48:36.5697766Z [command]/usr/bin/git submodule foreach --recursive sh -c "git config --local --name-only --get-regexp 'http\.https\:\/\/github\.com\/\.extraheader' && git config --local --unset-all 'http.https://github.com/.extraheader' || :"
2026-10-09T16:48:36.5979113Z [command]/usr/bin/git config --local --name-only --get-regexp ^includeIf\.gitdir:
2026-10-09T16:48:36.6050664Z [command]/usr/bin/git submodule foreach --recursive git config --local --show-origin --name-only --get-regexp remote.origin.url
2026-10-09T16:48:36.6489724Z Cleaning up orphan processes
2026-10-09T16:48:36.6781792Z ##[warning]Node.js 20 is deprecated. The following actions target Node.js 20 but are being forced to run on Node.js 24: actions/checkout@v4, actions/upload-artifact@v4. For more information see: https://github.blog/changelog/2025-09-19-deprecation-of-node-20-on-github-actions-runners/
