2026-09-28T21:31:46.5197887Z Current runner version: '2.337.0'
2026-09-28T21:31:46.5220102Z ##[group]Runner Image Provisioner
2026-09-28T21:31:46.5221016Z Hosted Compute Agent
2026-09-28T21:31:46.5221580Z Version: 20260828.587
2026-09-28T21:31:46.5222130Z Commit: abac92662cab4cc7352de4f9f9d2e2419aad9c29
2026-09-28T21:31:46.5222837Z Build Date: 2026-08-28T16:44:25Z
2026-09-28T21:31:46.5223435Z Worker ID: {0a8bb14e-a566-4aee-bbef-7fbb2bb66504}
2026-09-28T21:31:46.5224084Z Azure Region: westus3
2026-09-28T21:31:46.5224589Z ##[endgroup]
2026-09-28T21:31:46.5225816Z ##[group]Operating System
2026-09-28T21:31:46.5226369Z Ubuntu
2026-09-28T21:31:46.5226827Z 24.04.5
2026-09-28T21:31:46.5227282Z LTS
2026-09-28T21:31:46.5227798Z ##[endgroup]
2026-09-28T21:31:46.5228278Z ##[group]Runner Image
2026-09-28T21:31:46.5228812Z Image: ubuntu-24.04
2026-09-28T21:31:46.5229304Z Version: 20260920.314.1
2026-09-28T21:31:46.5230643Z Included Software: https://github.com/actions/runner-images/blob/ubuntu24/20260920.314/images/ubuntu/Ubuntu2404-Readme.md
2026-09-28T21:31:46.5231962Z Image Release: https://github.com/actions/runner-images/releases/tag/ubuntu24%2F20260920.314
2026-09-28T21:31:46.5233151Z ##[endgroup]
2026-09-28T21:31:46.5234125Z ##[group]GITHUB_TOKEN Permissions
2026-09-28T21:31:46.5236208Z Contents: read
2026-09-28T21:31:46.5236713Z Metadata: read
2026-09-28T21:31:46.5237184Z ##[endgroup]
2026-09-28T21:31:46.5239078Z Secret source: Actions
2026-09-28T21:31:46.5240130Z Cache mode: write
2026-09-28T21:31:46.5240774Z Prepare workflow directory
2026-09-28T21:31:46.5507559Z Prepare all required actions
2026-09-28T21:31:46.5569337Z Getting action download info
2026-09-28T21:31:46.8845674Z Download action repository 'actions/checkout@11d5960a326750d5838078e36cf38b85af677262' (SHA:11d5960a326750d5838078e36cf38b85af677262)
2026-09-28T21:31:46.9988515Z Download action repository 'actions/setup-python@a26af69be951a213d495a4c3e4e4022e16d87065' (SHA:a26af69be951a213d495a4c3e4e4022e16d87065)
2026-09-28T21:31:47.0934551Z Download action repository 'actions/upload-artifact@v4' (SHA:ea165f8d65b6e75b540449e92b4886f43607fa02)
2026-09-28T21:31:47.3614055Z Complete job name: audit
2026-09-28T21:31:47.4212971Z ##[group]Run actions/checkout@11d5960a326750d5838078e36cf38b85af677262
2026-09-28T21:31:47.4213917Z with:
2026-09-28T21:31:47.4214468Z   repository: proteinfoldingengine/WetLabEngine
2026-09-28T21:31:47.4218472Z   token: ***
2026-09-28T21:31:47.4218947Z   ssh-strict: true
2026-09-28T21:31:47.4219451Z   ssh-user: git
2026-09-28T21:31:47.4220146Z   persist-credentials: true
2026-09-28T21:31:47.4220678Z   clean: true
2026-09-28T21:31:47.4221207Z   sparse-checkout-cone-mode: true
2026-09-28T21:31:47.4221766Z   fetch-depth: 1
2026-09-28T21:31:47.4222256Z   fetch-tags: false
2026-09-28T21:31:47.4222741Z   show-progress: true
2026-09-28T21:31:47.4223220Z   lfs: false
2026-09-28T21:31:47.4223735Z   submodules: false
2026-09-28T21:31:47.4224220Z   set-safe-directory: true
2026-09-28T21:31:47.4224762Z   allow-unsafe-pr-checkout: false
2026-09-28T21:31:47.4225511Z ##[endgroup]
2026-09-28T21:31:47.5144568Z Syncing repository: proteinfoldingengine/WetLabEngine
2026-09-28T21:31:47.5147189Z ##[group]Getting Git version info
2026-09-28T21:31:47.5148348Z Working directory is '/home/runner/work/WetLabEngine/WetLabEngine'
2026-09-28T21:31:47.5150000Z [command]/usr/bin/git version
2026-09-28T21:31:47.5212017Z git version 2.55.0
2026-09-28T21:31:47.5229762Z ##[endgroup]
2026-09-28T21:31:47.5272919Z Temporarily overriding HOME='/home/runner/work/_temp/bcf8c076-f016-4893-a590-732856e5b6b1' before making global git config changes
2026-09-28T21:31:47.5275039Z Adding repository directory to the temporary git global config as a safe directory
2026-09-28T21:31:47.5277564Z [command]/usr/bin/git config --global --add safe.directory /home/runner/work/WetLabEngine/WetLabEngine
2026-09-28T21:31:47.5325594Z Deleting the contents of '/home/runner/work/WetLabEngine/WetLabEngine'
2026-09-28T21:31:47.5332357Z ##[group]Initializing the repository
2026-09-28T21:31:47.5344552Z [command]/usr/bin/git init /home/runner/work/WetLabEngine/WetLabEngine
2026-09-28T21:31:47.5462381Z hint: Using 'master' as the name for the initial branch. This default branch name
2026-09-28T21:31:47.5463827Z hint: will change to "main" in Git 3.0. To configure the initial branch name
2026-09-28T21:31:47.5465296Z hint: to use in all of your new repositories, which will suppress this warning,
2026-09-28T21:31:47.5466639Z hint: call:
2026-09-28T21:31:47.5467329Z hint:
2026-09-28T21:31:47.5468277Z hint: 	git config --global init.defaultBranch <name>
2026-09-28T21:31:47.5469195Z hint:
2026-09-28T21:31:47.5470361Z hint: Names commonly chosen instead of 'master' are 'main', 'trunk' and
2026-09-28T21:31:47.5471557Z hint: 'development'. The just-created branch can be renamed via this command:
2026-09-28T21:31:47.5472470Z hint:
2026-09-28T21:31:47.5473125Z hint: 	git branch -m <name>
2026-09-28T21:31:47.5473783Z hint:
2026-09-28T21:31:47.5474665Z hint: Disable this message with "git config set advice.defaultBranchName false"
2026-09-28T21:31:47.5476292Z Initialized empty Git repository in /home/runner/work/WetLabEngine/WetLabEngine/.git/
2026-09-28T21:31:47.5478974Z [command]/usr/bin/git remote add origin https://github.com/proteinfoldingengine/WetLabEngine
2026-09-28T21:31:47.5528127Z ##[endgroup]
2026-09-28T21:31:47.5529448Z ##[group]Disabling automatic garbage collection
2026-09-28T21:31:47.5531318Z [command]/usr/bin/git config --local gc.auto 0
2026-09-28T21:31:47.5559255Z ##[endgroup]
2026-09-28T21:31:47.5560388Z ##[group]Setting up auth
2026-09-28T21:31:47.5566643Z [command]/usr/bin/git config --local --name-only --get-regexp core\.sshCommand
2026-09-28T21:31:47.5599853Z [command]/usr/bin/git submodule foreach --recursive sh -c "git config --local --name-only --get-regexp 'core\.sshCommand' && git config --local --unset-all 'core.sshCommand' || :"
2026-09-28T21:31:47.5966248Z [command]/usr/bin/git config --local --name-only --get-regexp http\.https\:\/\/github\.com\/\.extraheader
2026-09-28T21:31:47.6016028Z [command]/usr/bin/git submodule foreach --recursive sh -c "git config --local --name-only --get-regexp 'http\.https\:\/\/github\.com\/\.extraheader' && git config --local --unset-all 'http.https://github.com/.extraheader' || :"
2026-09-28T21:31:47.6240708Z [command]/usr/bin/git config --local --name-only --get-regexp ^includeIf\.gitdir:
2026-09-28T21:31:47.6272752Z [command]/usr/bin/git submodule foreach --recursive git config --local --show-origin --name-only --get-regexp remote.origin.url
2026-09-28T21:31:47.6450601Z [command]/usr/bin/git config --local http.https://github.com/.extraheader AUTHORIZATION: basic ***
2026-09-28T21:31:47.6483329Z ##[endgroup]
2026-09-28T21:31:47.6484199Z ##[group]Fetching the repository
2026-09-28T21:31:47.6491991Z [command]/usr/bin/git -c protocol.version=2 fetch --no-tags --prune --no-recurse-submodules --depth=1 origin +025343f057d56dd6f048e1ade9443548827a05d1:refs/remotes/origin/research/v16.07-support-stratum-stability
2026-09-28T21:32:07.0702844Z From https://github.com/proteinfoldingengine/WetLabEngine
2026-09-28T21:32:07.0707092Z  * [new ref]         025343f057d56dd6f048e1ade9443548827a05d1 -> origin/research/v16.07-support-stratum-stability
2026-09-28T21:32:07.0713897Z ##[endgroup]
2026-09-28T21:32:07.0716494Z ##[group]Determining the checkout info
2026-09-28T21:32:07.0719103Z ##[endgroup]
2026-09-28T21:32:07.0721001Z [command]/usr/bin/git sparse-checkout disable
2026-09-28T21:32:07.0767049Z [command]/usr/bin/git config --local --unset-all extensions.worktreeConfig
2026-09-28T21:32:07.0798333Z ##[group]Checking out the ref
2026-09-28T21:32:07.0802408Z [command]/usr/bin/git checkout --progress --force -B research/v16.07-support-stratum-stability refs/remotes/origin/research/v16.07-support-stratum-stability
2026-09-28T21:32:08.2098606Z Updating files:  44% (1989/4518)
2026-09-28T21:32:08.2122556Z Updating files:  45% (2034/4518)
2026-09-28T21:32:08.2160011Z Updating files:  46% (2079/4518)
2026-09-28T21:32:08.2175509Z Updating files:  47% (2124/4518)
2026-09-28T21:32:08.2188359Z Updating files:  48% (2169/4518)
2026-09-28T21:32:08.2223505Z Updating files:  49% (2214/4518)
2026-09-28T21:32:08.2931314Z Updating files:  50% (2259/4518)
2026-09-28T21:32:08.3083359Z Updating files:  51% (2305/4518)
2026-09-28T21:32:08.3094472Z Updating files:  52% (2350/4518)
2026-09-28T21:32:08.3105700Z Updating files:  53% (2395/4518)
2026-09-28T21:32:08.3245765Z Updating files:  54% (2440/4518)
2026-09-28T21:32:08.3285170Z Updating files:  55% (2485/4518)
2026-09-28T21:32:08.3414111Z Updating files:  56% (2531/4518)
2026-09-28T21:32:08.3572713Z Updating files:  57% (2576/4518)
2026-09-28T21:32:08.3620466Z Updating files:  58% (2621/4518)
2026-09-28T21:32:08.3638544Z Updating files:  59% (2666/4518)
2026-09-28T21:32:08.4103275Z Updating files:  60% (2711/4518)
2026-09-28T21:32:08.5146817Z Updating files:  61% (2756/4518)
2026-09-28T21:32:08.6872397Z Updating files:  62% (2802/4518)
2026-09-28T21:32:08.7693510Z Updating files:  63% (2847/4518)
2026-09-28T21:32:08.8295930Z Updating files:  64% (2892/4518)
2026-09-28T21:32:08.9931904Z Updating files:  65% (2937/4518)
2026-09-28T21:32:09.0744751Z Updating files:  66% (2982/4518)
2026-09-28T21:32:09.1117284Z Updating files:  67% (3028/4518)
2026-09-28T21:32:09.1926620Z Updating files:  67% (3040/4518)
2026-09-28T21:32:09.2094929Z Updating files:  68% (3073/4518)
2026-09-28T21:32:09.2593281Z Updating files:  69% (3118/4518)
2026-09-28T21:32:09.2666079Z Updating files:  70% (3163/4518)
2026-09-28T21:32:09.2723249Z Updating files:  71% (3208/4518)
2026-09-28T21:32:09.3254921Z Updating files:  72% (3253/4518)
2026-09-28T21:32:09.3279442Z Updating files:  73% (3299/4518)
2026-09-28T21:32:09.3297663Z Updating files:  74% (3344/4518)
2026-09-28T21:32:09.3321057Z Updating files:  75% (3389/4518)
2026-09-28T21:32:09.3342284Z Updating files:  76% (3434/4518)
2026-09-28T21:32:09.3362764Z Updating files:  77% (3479/4518)
2026-09-28T21:32:09.3390993Z Updating files:  78% (3525/4518)
2026-09-28T21:32:09.3414473Z Updating files:  79% (3570/4518)
2026-09-28T21:32:09.3443348Z Updating files:  80% (3615/4518)
2026-09-28T21:32:09.3460901Z Updating files:  81% (3660/4518)
2026-09-28T21:32:09.3504076Z Updating files:  82% (3705/4518)
2026-09-28T21:32:09.3652893Z Updating files:  83% (3750/4518)
2026-09-28T21:32:09.7845839Z Updating files:  84% (3796/4518)
2026-09-28T21:32:09.7934703Z Updating files:  85% (3841/4518)
2026-09-28T21:32:09.8116327Z Updating files:  86% (3886/4518)
2026-09-28T21:32:09.8317999Z Updating files:  87% (3931/4518)
2026-09-28T21:32:09.8591590Z Updating files:  88% (3976/4518)
2026-09-28T21:32:09.8742006Z Updating files:  89% (4022/4518)
2026-09-28T21:32:09.9032114Z Updating files:  90% (4067/4518)
2026-09-28T21:32:09.9498834Z Updating files:  91% (4112/4518)
2026-09-28T21:32:09.9646436Z Updating files:  92% (4157/4518)
2026-09-28T21:32:09.9670607Z Updating files:  93% (4202/4518)
2026-09-28T21:32:09.9715270Z Updating files:  94% (4247/4518)
2026-09-28T21:32:09.9821554Z Updating files:  95% (4293/4518)
2026-09-28T21:32:09.9860221Z Updating files:  96% (4338/4518)
2026-09-28T21:32:09.9892038Z Updating files:  97% (4383/4518)
2026-09-28T21:32:10.0032012Z Updating files:  98% (4428/4518)
2026-09-28T21:32:10.0059704Z Updating files:  99% (4473/4518)
2026-09-28T21:32:10.0060688Z Updating files: 100% (4518/4518)
2026-09-28T21:32:10.0061077Z Updating files: 100% (4518/4518), done.
2026-09-28T21:32:10.0116424Z Switched to a new branch 'research/v16.07-support-stratum-stability'
2026-09-28T21:32:10.0121483Z branch 'research/v16.07-support-stratum-stability' set up to track 'origin/research/v16.07-support-stratum-stability'.
2026-09-28T21:32:10.0190284Z ##[endgroup]
2026-09-28T21:32:10.0229074Z [command]/usr/bin/git log -1 --format=%H
2026-09-28T21:32:10.0257562Z 025343f057d56dd6f048e1ade9443548827a05d1
2026-09-28T21:32:10.0493384Z ##[group]Run actions/setup-python@a26af69be951a213d495a4c3e4e4022e16d87065
2026-09-28T21:32:10.0493890Z with:
2026-09-28T21:32:10.0494198Z   python-version: 3.11
2026-09-28T21:32:10.0494728Z   check-latest: false
2026-09-28T21:32:10.0497272Z   token: ***
2026-09-28T21:32:10.0497602Z   update-environment: true
2026-09-28T21:32:10.0498148Z   allow-prereleases: false
2026-09-28T21:32:10.0498472Z   freethreaded: false
2026-09-28T21:32:10.0498785Z ##[endgroup]
2026-09-28T21:32:10.1701354Z ##[group]Installed versions
2026-09-28T21:32:10.1783421Z (node:2039) [DEP0040] DeprecationWarning: The `punycode` module is deprecated. Please use a userland alternative instead.
2026-09-28T21:32:10.1784110Z (Use `node --trace-deprecation ...` to show where the warning was created)
2026-09-28T21:32:10.1784752Z Successfully set up CPython (3.11.16)
2026-09-28T21:32:10.1785548Z ##[endgroup]
2026-09-28T21:32:10.1950270Z ##[group]Run python -m pip install numpy==2.3.5 sympy==1.13.3 mpmath==1.3.0
2026-09-28T21:32:10.1950977Z [36;1mpython -m pip install numpy==2.3.5 sympy==1.13.3 mpmath==1.3.0[0m
2026-09-28T21:32:10.2250228Z shell: /usr/bin/bash -e {0}
2026-09-28T21:32:10.2250600Z env:
2026-09-28T21:32:10.2251001Z   pythonLocation: /opt/hostedtoolcache/Python/3.11.16/x64
2026-09-28T21:32:10.2251536Z   PKG_CONFIG_PATH: /opt/hostedtoolcache/Python/3.11.16/x64/lib/pkgconfig
2026-09-28T21:32:10.2252037Z   Python_ROOT_DIR: /opt/hostedtoolcache/Python/3.11.16/x64
2026-09-28T21:32:10.2252518Z   Python2_ROOT_DIR: /opt/hostedtoolcache/Python/3.11.16/x64
2026-09-28T21:32:10.2252942Z   Python3_ROOT_DIR: /opt/hostedtoolcache/Python/3.11.16/x64
2026-09-28T21:32:10.2253380Z   LD_LIBRARY_PATH: /opt/hostedtoolcache/Python/3.11.16/x64/lib
2026-09-28T21:32:10.2253793Z ##[endgroup]
2026-09-28T21:32:12.6212124Z Collecting numpy==2.3.5
2026-09-28T21:32:12.7086118Z   Downloading numpy-2.3.5-cp311-cp311-manylinux_2_27_x86_64.manylinux_2_28_x86_64.whl.metadata (62 kB)
2026-09-28T21:32:12.7511518Z Collecting sympy==1.13.3
2026-09-28T21:32:12.7618920Z   Downloading sympy-1.13.3-py3-none-any.whl.metadata (12 kB)
2026-09-28T21:32:12.7804340Z Collecting mpmath==1.3.0
2026-09-28T21:32:12.7907995Z   Downloading mpmath-1.3.0-py3-none-any.whl.metadata (8.6 kB)
2026-09-28T21:32:12.8058213Z Downloading numpy-2.3.5-cp311-cp311-manylinux_2_27_x86_64.manylinux_2_28_x86_64.whl (16.9 MB)
2026-09-28T21:32:13.3640299Z    ━━━━━━━━━━━━━━━━━━━━━━━━━━━━━━━━━━━━━━━━ 16.9/16.9 MB 31.6 MB/s  0:00:00
2026-09-28T21:32:13.3757374Z Downloading sympy-1.13.3-py3-none-any.whl (6.2 MB)
2026-09-28T21:32:13.4609741Z    ━━━━━━━━━━━━━━━━━━━━━━━━━━━━━━━━━━━━━━━━ 6.2/6.2 MB 71.8 MB/s  0:00:00
2026-09-28T21:32:13.4717086Z Downloading mpmath-1.3.0-py3-none-any.whl (536 kB)
2026-09-28T21:32:13.4926703Z    ━━━━━━━━━━━━━━━━━━━━━━━━━━━━━━━━━━━━━━━━ 536.2/536.2 kB 14.6 MB/s  0:00:00
2026-09-28T21:32:13.6630422Z Installing collected packages: mpmath, sympy, numpy
2026-09-28T21:32:19.4805645Z 
2026-09-28T21:32:19.4814037Z Successfully installed mpmath-1.3.0 numpy-2.3.5 sympy-1.13.3
2026-09-28T21:32:19.5430320Z ##[group]Run set -o pipefail
2026-09-28T21:32:19.5430752Z [36;1mset -o pipefail[0m
2026-09-28T21:32:19.5431094Z [36;1mgit rev-parse HEAD > execution_head.txt[0m
2026-09-28T21:32:19.5431652Z [36;1mcd ResearchHistory/UQCF-GEM/demos/v15.56-response-selector-obstruction/support-stratum-stability[0m
2026-09-28T21:32:19.5432321Z [36;1mpython -m unittest -v 2>&1 | tee test.log[0m
2026-09-28T21:32:19.5432789Z [36;1m(cd ../sixth-edge-domain && python -m unittest -v) 2>&1 | tee parent-test.log[0m
2026-09-28T21:32:19.5433279Z [36;1mpython gate.py 2>&1 | tee audit.log[0m
2026-09-28T21:32:19.5475101Z shell: /usr/bin/bash -e {0}
2026-09-28T21:32:19.5475461Z env:
2026-09-28T21:32:19.5475813Z   pythonLocation: /opt/hostedtoolcache/Python/3.11.16/x64
2026-09-28T21:32:19.5476326Z   PKG_CONFIG_PATH: /opt/hostedtoolcache/Python/3.11.16/x64/lib/pkgconfig
2026-09-28T21:32:19.5476800Z   Python_ROOT_DIR: /opt/hostedtoolcache/Python/3.11.16/x64
2026-09-28T21:32:19.5477371Z   Python2_ROOT_DIR: /opt/hostedtoolcache/Python/3.11.16/x64
2026-09-28T21:32:19.5477822Z   Python3_ROOT_DIR: /opt/hostedtoolcache/Python/3.11.16/x64
2026-09-28T21:32:19.5478252Z   LD_LIBRARY_PATH: /opt/hostedtoolcache/Python/3.11.16/x64/lib
2026-09-28T21:32:19.5478661Z   OPENBLAS_NUM_THREADS: 1
2026-09-28T21:32:19.5478993Z ##[endgroup]
2026-09-28T21:32:19.8828929Z test_affine_rank_gain_is_not_forced_rank_gain (test_gate.Tests.test_affine_rank_gain_is_not_forced_rank_gain) ... FAIL
2026-09-28T21:32:19.8841839Z test_identity_and_invalid_precedence (test_gate.Tests.test_identity_and_invalid_precedence) ... FAIL
2026-09-28T21:32:19.8843383Z test_normal_block_forces_rank_gain (test_gate.Tests.test_normal_block_forces_rank_gain) ... FAIL
2026-09-28T21:32:19.8844608Z test_projectors_and_covariance (test_gate.Tests.test_projectors_and_covariance) ... FAIL
2026-09-28T21:32:19.8845922Z test_tiny_exact_support_preserved (test_gate.Tests.test_tiny_exact_support_preserved) ... FAIL
2026-09-28T21:32:19.8846679Z 
2026-09-28T21:32:19.8846970Z ======================================================================
2026-09-28T21:32:19.8848006Z FAIL: test_affine_rank_gain_is_not_forced_rank_gain (test_gate.Tests.test_affine_rank_gain_is_not_forced_rank_gain)
2026-09-28T21:32:19.8849174Z ----------------------------------------------------------------------
2026-09-28T21:32:19.8850201Z Traceback (most recent call last):
2026-09-28T21:32:19.8858292Z   File "/home/runner/work/WetLabEngine/WetLabEngine/ResearchHistory/UQCF-GEM/demos/v15.56-response-selector-obstruction/support-stratum-stability/test_gate.py", line 10, in test_affine_rank_gain_is_not_forced_rank_gain
2026-09-28T21:32:19.8860243Z     g=self.gate();c=s.diag(1,0,0);v=s.Matrix([[0,1,0],[1,0,0],[0,0,0]]);self.assertEqual((c+v).rank(),2);d=g.stratum(c,v);self.assertEqual(d['normal_rank'],0);self.assertEqual(d['classification'],'TANGENT_COMPATIBLE_NOT_PATH_CERTIFIED')
2026-09-28T21:32:19.8861209Z       ^^^^^^^^^^^
2026-09-28T21:32:19.8862351Z   File "/home/runner/work/WetLabEngine/WetLabEngine/ResearchHistory/UQCF-GEM/demos/v15.56-response-selector-obstruction/support-stratum-stability/test_gate.py", line 5, in gate
2026-09-28T21:32:19.8863557Z     p=pathlib.Path(__file__).with_name('gate.py');self.assertTrue(p.exists(),'expected RED: stratum audit absent')
2026-09-28T21:32:19.8864380Z                                                   ^^^^^^^^^^^^^^^^^^^^^^^^^^^^^^^^^^^^^^^^^^^^^^^^^^^^^^^^^^^^^^^^
2026-09-28T21:32:19.8864976Z AssertionError: False is not true : expected RED: stratum audit absent
2026-09-28T21:32:19.8865356Z 
2026-09-28T21:32:19.8865557Z ======================================================================
2026-09-28T21:32:19.8866182Z FAIL: test_identity_and_invalid_precedence (test_gate.Tests.test_identity_and_invalid_precedence)
2026-09-28T21:32:19.8866845Z ----------------------------------------------------------------------
2026-09-28T21:32:19.8867320Z Traceback (most recent call last):
2026-09-28T21:32:19.8868695Z   File "/home/runner/work/WetLabEngine/WetLabEngine/ResearchHistory/UQCF-GEM/demos/v15.56-response-selector-obstruction/support-stratum-stability/test_gate.py", line 17, in test_identity_and_invalid_precedence
2026-09-28T21:32:19.8871161Z     g=self.gate();d=g.stratum(s.eye(3),s.zeros(3));self.assertEqual(d['normal_rank'],0);self.assertEqual(g.verdict(False,[True]),'INVALID');self.assertEqual(g.verdict(True,[True]*48),'SUPPORT_POLAR_DISCONTINUITY_FORCED');self.assertEqual(g.verdict(True,[False]*48),'NO_FIRST_ORDER_RANK_OBSTRUCTION');self.assertEqual(g.verdict(True,[True,False]),'MIXED_SUPPORT_STABILITY')
2026-09-28T21:32:19.8872796Z       ^^^^^^^^^^^
2026-09-28T21:32:19.8873756Z   File "/home/runner/work/WetLabEngine/WetLabEngine/ResearchHistory/UQCF-GEM/demos/v15.56-response-selector-obstruction/support-stratum-stability/test_gate.py", line 5, in gate
2026-09-28T21:32:19.8874956Z     p=pathlib.Path(__file__).with_name('gate.py');self.assertTrue(p.exists(),'expected RED: stratum audit absent')
2026-09-28T21:32:19.8875655Z                                                   ^^^^^^^^^^^^^^^^^^^^^^^^^^^^^^^^^^^^^^^^^^^^^^^^^^^^^^^^^^^^^^^^
2026-09-28T21:32:19.8876286Z AssertionError: False is not true : expected RED: stratum audit absent
2026-09-28T21:32:19.8876630Z 
2026-09-28T21:32:19.8876843Z ======================================================================
2026-09-28T21:32:19.8877639Z FAIL: test_normal_block_forces_rank_gain (test_gate.Tests.test_normal_block_forces_rank_gain)
2026-09-28T21:32:19.8878262Z ----------------------------------------------------------------------
2026-09-28T21:32:19.8878710Z Traceback (most recent call last):
2026-09-28T21:32:19.8879882Z   File "/home/runner/work/WetLabEngine/WetLabEngine/ResearchHistory/UQCF-GEM/demos/v15.56-response-selector-obstruction/support-stratum-stability/test_gate.py", line 8, in test_normal_block_forces_rank_gain
2026-09-28T21:32:19.8881466Z     g=self.gate();d=g.stratum(s.diag(1,0,0),s.diag(0,1,1));self.assertEqual((d['rank'],d['normal_rank']),(1,2));self.assertEqual(d['jump_bound_squared'],2);self.assertTrue(d['identities_valid'])
2026-09-28T21:32:19.8882336Z       ^^^^^^^^^^^
2026-09-28T21:32:19.8883381Z   File "/home/runner/work/WetLabEngine/WetLabEngine/ResearchHistory/UQCF-GEM/demos/v15.56-response-selector-obstruction/support-stratum-stability/test_gate.py", line 5, in gate
2026-09-28T21:32:19.8884637Z     p=pathlib.Path(__file__).with_name('gate.py');self.assertTrue(p.exists(),'expected RED: stratum audit absent')
2026-09-28T21:32:19.8885449Z                                                   ^^^^^^^^^^^^^^^^^^^^^^^^^^^^^^^^^^^^^^^^^^^^^^^^^^^^^^^^^^^^^^^^
2026-09-28T21:32:19.8886093Z AssertionError: False is not true : expected RED: stratum audit absent
2026-09-28T21:32:19.8886462Z 
2026-09-28T21:32:19.8886671Z ======================================================================
2026-09-28T21:32:19.8887313Z FAIL: test_projectors_and_covariance (test_gate.Tests.test_projectors_and_covariance)
2026-09-28T21:32:19.8887959Z ----------------------------------------------------------------------
2026-09-28T21:32:19.8888498Z Traceback (most recent call last):
2026-09-28T21:32:19.8889877Z   File "/home/runner/work/WetLabEngine/WetLabEngine/ResearchHistory/UQCF-GEM/demos/v15.56-response-selector-obstruction/support-stratum-stability/test_gate.py", line 14, in test_projectors_and_covariance
2026-09-28T21:32:19.8891164Z     g=self.gate();c=s.Matrix([1,2,3])*s.Matrix([[3,1,2]]);v=s.eye(3);u=s.Matrix([[0,1,0],[0,0,1],[1,0,0]]);w=u.T
2026-09-28T21:32:19.8891815Z       ^^^^^^^^^^^
2026-09-28T21:32:19.8892777Z   File "/home/runner/work/WetLabEngine/WetLabEngine/ResearchHistory/UQCF-GEM/demos/v15.56-response-selector-obstruction/support-stratum-stability/test_gate.py", line 5, in gate
2026-09-28T21:32:19.8894438Z     p=pathlib.Path(__file__).with_name('gate.py');self.assertTrue(p.exists(),'expected RED: stratum audit absent')
2026-09-28T21:32:19.8895332Z                                                   ^^^^^^^^^^^^^^^^^^^^^^^^^^^^^^^^^^^^^^^^^^^^^^^^^^^^^^^^^^^^^^^^
2026-09-28T21:32:19.8896134Z AssertionError: False is not true : expected RED: stratum audit absent
2026-09-28T21:32:19.8896478Z 
2026-09-28T21:32:19.8896733Z ======================================================================
2026-09-28T21:32:19.8897383Z FAIL: test_tiny_exact_support_preserved (test_gate.Tests.test_tiny_exact_support_preserved)
2026-09-28T21:32:19.8898081Z ----------------------------------------------------------------------
2026-09-28T21:32:19.8898636Z Traceback (most recent call last):
2026-09-28T21:32:19.8900371Z   File "/home/runner/work/WetLabEngine/WetLabEngine/ResearchHistory/UQCF-GEM/demos/v15.56-response-selector-obstruction/support-stratum-stability/test_gate.py", line 12, in test_tiny_exact_support_preserved
2026-09-28T21:32:19.8902201Z     g=self.gate();d=g.stratum(s.diag(1,s.Rational(1,10**40),0),s.diag(0,1,1));self.assertEqual((d['rank'],d['normal_rank']),(2,1));self.assertEqual(d['normal'],s.diag(0,0,1))
2026-09-28T21:32:19.8903082Z       ^^^^^^^^^^^
2026-09-28T21:32:19.8904188Z   File "/home/runner/work/WetLabEngine/WetLabEngine/ResearchHistory/UQCF-GEM/demos/v15.56-response-selector-obstruction/support-stratum-stability/test_gate.py", line 5, in gate
2026-09-28T21:32:19.8905577Z     p=pathlib.Path(__file__).with_name('gate.py');self.assertTrue(p.exists(),'expected RED: stratum audit absent')
2026-09-28T21:32:19.8906410Z                                                   ^^^^^^^^^^^^^^^^^^^^^^^^^^^^^^^^^^^^^^^^^^^^^^^^^^^^^^^^^^^^^^^^
2026-09-28T21:32:19.8907286Z AssertionError: False is not true : expected RED: stratum audit absent
2026-09-28T21:32:19.8907669Z 
2026-09-28T21:32:19.8907955Z ----------------------------------------------------------------------
2026-09-28T21:32:19.8908455Z Ran 5 tests in 0.002s
2026-09-28T21:32:19.8908743Z 
2026-09-28T21:32:19.8908886Z FAILED (failures=5)
2026-09-28T21:32:19.9274417Z ##[error]Process completed with exit code 1.
2026-09-28T21:32:19.9376543Z ##[group]Run actions/upload-artifact@v4
2026-09-28T21:32:19.9376970Z with:
2026-09-28T21:32:19.9377413Z   name: support-stratum-stability-025343f057d56dd6f048e1ade9443548827a05d1
2026-09-28T21:32:19.9378815Z   path: execution_head.txt
ResearchHistory/UQCF-GEM/demos/v15.56-response-selector-obstruction/support-stratum-stability/*.log
ResearchHistory/UQCF-GEM/demos/v15.56-response-selector-obstruction/support-stratum-stability/result.json
ResearchHistory/UQCF-GEM/demos/v15.56-response-selector-obstruction/support-stratum-stability/SHA256SUMS

2026-09-28T21:32:19.9380444Z   if-no-files-found: warn
2026-09-28T21:32:19.9380750Z   compression-level: 6
2026-09-28T21:32:19.9381098Z   overwrite: false
2026-09-28T21:32:19.9381392Z   include-hidden-files: false
2026-09-28T21:32:19.9381729Z env:
2026-09-28T21:32:19.9382075Z   pythonLocation: /opt/hostedtoolcache/Python/3.11.16/x64
2026-09-28T21:32:19.9382563Z   PKG_CONFIG_PATH: /opt/hostedtoolcache/Python/3.11.16/x64/lib/pkgconfig
2026-09-28T21:32:19.9383112Z   Python_ROOT_DIR: /opt/hostedtoolcache/Python/3.11.16/x64
2026-09-28T21:32:19.9383578Z   Python2_ROOT_DIR: /opt/hostedtoolcache/Python/3.11.16/x64
2026-09-28T21:32:19.9384037Z   Python3_ROOT_DIR: /opt/hostedtoolcache/Python/3.11.16/x64
2026-09-28T21:32:19.9384473Z   LD_LIBRARY_PATH: /opt/hostedtoolcache/Python/3.11.16/x64/lib
2026-09-28T21:32:19.9384848Z ##[endgroup]
2026-09-28T21:32:20.0883791Z (node:2080) [DEP0040] DeprecationWarning: The `punycode` module is deprecated. Please use a userland alternative instead.
2026-09-28T21:32:20.0885464Z (Use `node --trace-deprecation ...` to show where the warning was created)
2026-09-28T21:32:20.1070918Z Multiple search paths detected. Calculating the least common ancestor of all paths
2026-09-28T21:32:20.1101825Z The least common ancestor is /home/runner/work/WetLabEngine/WetLabEngine. This will be the root directory of the artifact
2026-09-28T21:32:20.1102984Z With the provided path, there will be 2 files uploaded
2026-09-28T21:32:20.1104042Z Artifact name is valid!
2026-09-28T21:32:20.1104521Z Root directory input is valid!
2026-09-28T21:32:20.4764805Z Beginning upload of artifact content to blob storage
2026-09-28T21:32:20.4939838Z (node:2080) [DEP0169] DeprecationWarning: `url.parse()` behavior is not standardized and prone to errors that have security implications. Use the WHATWG URL API instead. CVEs are not issued for `url.parse()` vulnerabilities.
2026-09-28T21:32:20.7159949Z Uploaded bytes 1492
2026-09-28T21:32:20.7735180Z Finished uploading artifact content to blob storage!
2026-09-28T21:32:20.7736461Z SHA256 digest of uploaded artifact zip is adc270b548bb337f4888fb95a08b3a8638d0d42ec737c084c71e1a3968ebda6a
2026-09-28T21:32:20.7738629Z Finalizing artifact upload
2026-09-28T21:32:21.0459482Z Artifact support-stratum-stability-025343f057d56dd6f048e1ade9443548827a05d1.zip successfully finalized. Artifact ID 10999497241
2026-09-28T21:32:21.0461039Z Artifact support-stratum-stability-025343f057d56dd6f048e1ade9443548827a05d1 has been successfully uploaded! Final size is 1492 bytes. Artifact ID is 10999497241
2026-09-28T21:32:21.0466423Z Artifact download URL: https://github.com/proteinfoldingengine/WetLabEngine/actions/runs/36486688604/artifacts/10999497241
2026-09-28T21:32:21.0647968Z Post job cleanup.
2026-09-28T21:32:21.1469275Z [command]/usr/bin/git version
2026-09-28T21:32:21.1509167Z git version 2.55.0
2026-09-28T21:32:21.1539462Z Temporarily overriding HOME='/home/runner/work/_temp/902f9381-ceff-42e4-abf6-453877418eaf' before making global git config changes
2026-09-28T21:32:21.1541361Z Adding repository directory to the temporary git global config as a safe directory
2026-09-28T21:32:21.1543552Z [command]/usr/bin/git config --global --add safe.directory /home/runner/work/WetLabEngine/WetLabEngine
2026-09-28T21:32:21.1580821Z [command]/usr/bin/git config --local --name-only --get-regexp core\.sshCommand
2026-09-28T21:32:21.1610166Z [command]/usr/bin/git submodule foreach --recursive sh -c "git config --local --name-only --get-regexp 'core\.sshCommand' && git config --local --unset-all 'core.sshCommand' || :"
2026-09-28T21:32:21.1814130Z [command]/usr/bin/git config --local --name-only --get-regexp http\.https\:\/\/github\.com\/\.extraheader
2026-09-28T21:32:21.1837985Z http.https://github.com/.extraheader
2026-09-28T21:32:21.1847167Z [command]/usr/bin/git config --local --unset-all http.https://github.com/.extraheader
2026-09-28T21:32:21.1877011Z [command]/usr/bin/git submodule foreach --recursive sh -c "git config --local --name-only --get-regexp 'http\.https\:\/\/github\.com\/\.extraheader' && git config --local --unset-all 'http.https://github.com/.extraheader' || :"
2026-09-28T21:32:21.2075252Z [command]/usr/bin/git config --local --name-only --get-regexp ^includeIf\.gitdir:
2026-09-28T21:32:21.2104752Z [command]/usr/bin/git submodule foreach --recursive git config --local --show-origin --name-only --get-regexp remote.origin.url
2026-09-28T21:32:21.2431171Z Cleaning up orphan processes
2026-09-28T21:32:21.2666113Z ##[warning]Node.js 20 is deprecated. The following actions target Node.js 20 but are being forced to run on Node.js 24: actions/checkout@11d5960a326750d5838078e36cf38b85af677262, actions/setup-python@a26af69be951a213d495a4c3e4e4022e16d87065, actions/upload-artifact@v4. For more information see: https://github.blog/changelog/2025-09-19-deprecation-of-node-20-on-github-actions-runners/
