2026-10-08T22:57:21.4755781Z Current runner version: '2.337.0'
2026-10-08T22:57:21.4781649Z ##[group]Runner Image Provisioner
2026-10-08T22:57:21.4782828Z Hosted Compute Agent
2026-10-08T22:57:21.4783549Z Version: 20261002.596
2026-10-08T22:57:21.4784311Z Commit: c3d12f3313a95f25162a1503be624f3b0617f8c0
2026-10-08T22:57:21.4785048Z Build Date: 2026-10-02T22:28:27Z
2026-10-08T22:57:21.4785776Z Worker ID: {734eefb0-0d80-4eb4-be0a-67c6dbbbfec0}
2026-10-08T22:57:21.4786510Z Region: westus
2026-10-08T22:57:21.4787062Z Cloud: Azure
2026-10-08T22:57:21.4787715Z ##[endgroup]
2026-10-08T22:57:21.4789425Z ##[group]Operating System
2026-10-08T22:57:21.4790135Z Ubuntu
2026-10-08T22:57:21.4790673Z 24.04.5
2026-10-08T22:57:21.4791220Z LTS
2026-10-08T22:57:21.4791784Z ##[endgroup]
2026-10-08T22:57:21.4792606Z ##[group]Runner Image
2026-10-08T22:57:21.4793677Z Image: ubuntu-24.04
2026-10-08T22:57:21.4794320Z Version: 20261004.327.1
2026-10-08T22:57:21.4795673Z Included Software: https://github.com/actions/runner-images/blob/ubuntu24/20261004.327/images/ubuntu/Ubuntu2404-Readme.md
2026-10-08T22:57:21.4797288Z Image Release: https://github.com/actions/runner-images/releases/tag/ubuntu24%2F20261004.327
2026-10-08T22:57:21.4798297Z ##[endgroup]
2026-10-08T22:57:21.4799463Z ##[group]GITHUB_TOKEN Permissions
2026-10-08T22:57:21.4801623Z Contents: read
2026-10-08T22:57:21.4802478Z Metadata: read
2026-10-08T22:57:21.4803073Z ##[endgroup]
2026-10-08T22:57:21.4805423Z Secret source: Actions
2026-10-08T22:57:21.4806383Z Cache mode: write
2026-10-08T22:57:21.4807215Z Prepare workflow directory
2026-10-08T22:57:21.5172482Z Prepare all required actions
2026-10-08T22:57:21.5247137Z Getting action download info
2026-10-08T22:57:21.8790588Z Download action repository 'actions/checkout@v4' (SHA:11d5960a326750d5838078e36cf38b85af677262)
2026-10-08T22:57:21.9934795Z Download action repository 'actions/upload-artifact@v4' (SHA:ea165f8d65b6e75b540449e92b4886f43607fa02)
2026-10-08T22:57:22.2532685Z Complete job name: publication-audit
2026-10-08T22:57:22.3305115Z ##[group]Run actions/checkout@v4
2026-10-08T22:57:22.3306113Z with:
2026-10-08T22:57:22.3306605Z   sparse-checkout: .github/scripts
2026-10-08T22:57:22.3307220Z   repository: proteinfoldingengine/WetLabEngine
2026-10-08T22:57:22.3311369Z   token: ***
2026-10-08T22:57:22.3311817Z   ssh-strict: true
2026-10-08T22:57:22.3312473Z   ssh-user: git
2026-10-08T22:57:22.3312926Z   persist-credentials: true
2026-10-08T22:57:22.3313420Z   clean: true
2026-10-08T22:57:22.3313903Z   sparse-checkout-cone-mode: true
2026-10-08T22:57:22.3314426Z   fetch-depth: 1
2026-10-08T22:57:22.3314912Z   fetch-tags: false
2026-10-08T22:57:22.3315356Z   show-progress: true
2026-10-08T22:57:22.3315801Z   lfs: false
2026-10-08T22:57:22.3316219Z   submodules: false
2026-10-08T22:57:22.3316709Z   set-safe-directory: true
2026-10-08T22:57:22.3317218Z   allow-unsafe-pr-checkout: false
2026-10-08T22:57:22.3318014Z ##[endgroup]
2026-10-08T22:57:22.4413125Z Syncing repository: proteinfoldingengine/WetLabEngine
2026-10-08T22:57:22.4415296Z ##[group]Getting Git version info
2026-10-08T22:57:22.4416570Z Working directory is '/home/runner/work/WetLabEngine/WetLabEngine'
2026-10-08T22:57:22.4417720Z [command]/usr/bin/git version
2026-10-08T22:57:22.4482727Z git version 2.55.0
2026-10-08T22:57:22.4508867Z ##[endgroup]
2026-10-08T22:57:22.4525602Z Temporarily overriding HOME='/home/runner/work/_temp/d368a618-ed2a-4536-bcfd-101d080bf00c' before making global git config changes
2026-10-08T22:57:22.4528455Z Adding repository directory to the temporary git global config as a safe directory
2026-10-08T22:57:22.4532928Z [command]/usr/bin/git config --global --add safe.directory /home/runner/work/WetLabEngine/WetLabEngine
2026-10-08T22:57:22.4595003Z Deleting the contents of '/home/runner/work/WetLabEngine/WetLabEngine'
2026-10-08T22:57:22.4599577Z ##[group]Initializing the repository
2026-10-08T22:57:22.4604405Z [command]/usr/bin/git init /home/runner/work/WetLabEngine/WetLabEngine
2026-10-08T22:57:22.4725925Z hint: Using 'master' as the name for the initial branch. This default branch name
2026-10-08T22:57:22.4727941Z hint: will change to "main" in Git 3.0. To configure the initial branch name
2026-10-08T22:57:22.4729465Z hint: to use in all of your new repositories, which will suppress this warning,
2026-10-08T22:57:22.4730690Z hint: call:
2026-10-08T22:57:22.4731325Z hint:
2026-10-08T22:57:22.4732377Z hint: 	git config --global init.defaultBranch <name>
2026-10-08T22:57:22.4733384Z hint:
2026-10-08T22:57:22.4734308Z hint: Names commonly chosen instead of 'master' are 'main', 'trunk' and
2026-10-08T22:57:22.4735821Z hint: 'development'. The just-created branch can be renamed via this command:
2026-10-08T22:57:22.4737031Z hint:
2026-10-08T22:57:22.4737689Z hint: 	git branch -m <name>
2026-10-08T22:57:22.4738443Z hint:
2026-10-08T22:57:22.4739443Z hint: Disable this message with "git config set advice.defaultBranchName false"
2026-10-08T22:57:22.4741288Z Initialized empty Git repository in /home/runner/work/WetLabEngine/WetLabEngine/.git/
2026-10-08T22:57:22.4744341Z [command]/usr/bin/git remote add origin https://github.com/proteinfoldingengine/WetLabEngine
2026-10-08T22:57:22.4796452Z ##[endgroup]
2026-10-08T22:57:22.4797699Z ##[group]Disabling automatic garbage collection
2026-10-08T22:57:22.4799995Z [command]/usr/bin/git config --local gc.auto 0
2026-10-08T22:57:22.4834122Z ##[endgroup]
2026-10-08T22:57:22.4835254Z ##[group]Setting up auth
2026-10-08T22:57:22.4840641Z [command]/usr/bin/git config --local --name-only --get-regexp core\.sshCommand
2026-10-08T22:57:22.4877449Z [command]/usr/bin/git submodule foreach --recursive sh -c "git config --local --name-only --get-regexp 'core\.sshCommand' && git config --local --unset-all 'core.sshCommand' || :"
2026-10-08T22:57:22.5310128Z [command]/usr/bin/git config --local --name-only --get-regexp http\.https\:\/\/github\.com\/\.extraheader
2026-10-08T22:57:22.5362613Z [command]/usr/bin/git submodule foreach --recursive sh -c "git config --local --name-only --get-regexp 'http\.https\:\/\/github\.com\/\.extraheader' && git config --local --unset-all 'http.https://github.com/.extraheader' || :"
2026-10-08T22:57:22.5615112Z [command]/usr/bin/git config --local --name-only --get-regexp ^includeIf\.gitdir:
2026-10-08T22:57:22.5660675Z [command]/usr/bin/git submodule foreach --recursive git config --local --show-origin --name-only --get-regexp remote.origin.url
2026-10-08T22:57:22.5916640Z [command]/usr/bin/git config --local http.https://github.com/.extraheader AUTHORIZATION: basic ***
2026-10-08T22:57:22.5975712Z ##[endgroup]
2026-10-08T22:57:22.5977160Z ##[group]Fetching the repository
2026-10-08T22:57:22.5989200Z [command]/usr/bin/git -c protocol.version=2 fetch --no-tags --prune --no-recurse-submodules --filter=blob:none --depth=1 origin +2b9399b1896d4240a76a052e059c59c0e0e0e2fb:refs/remotes/origin/main
2026-10-08T22:57:22.9921205Z From https://github.com/proteinfoldingengine/WetLabEngine
2026-10-08T22:57:22.9923355Z  * [new ref]         2b9399b1896d4240a76a052e059c59c0e0e0e2fb -> origin/main
2026-10-08T22:57:22.9927262Z ##[endgroup]
2026-10-08T22:57:22.9929083Z ##[group]Determining the checkout info
2026-10-08T22:57:22.9931053Z ##[endgroup]
2026-10-08T22:57:22.9933073Z ##[group]Setting up sparse checkout
2026-10-08T22:57:22.9938728Z [command]/usr/bin/git sparse-checkout set .github/scripts
2026-10-08T22:57:22.9994299Z ##[endgroup]
2026-10-08T22:57:22.9995628Z ##[group]Checking out the ref
2026-10-08T22:57:22.9998687Z [command]/usr/bin/git checkout --progress --force -B main refs/remotes/origin/main
2026-10-08T22:57:23.3132369Z Switched to a new branch 'main'
2026-10-08T22:57:23.3140454Z branch 'main' set up to track 'origin/main'.
2026-10-08T22:57:23.3145757Z ##[endgroup]
2026-10-08T22:57:23.3196484Z [command]/usr/bin/git log -1 --format=%H
2026-10-08T22:57:23.3226454Z 2b9399b1896d4240a76a052e059c59c0e0e0e2fb
2026-10-08T22:57:23.3636945Z ##[group]Run actions/checkout@v4
2026-10-08T22:57:23.3638227Z with:
2026-10-08T22:57:23.3639211Z   ref: fd5103473926d12553240c275b3d4fe3cb50154b
2026-10-08T22:57:23.3640570Z   path: research_snapshot
2026-10-08T22:57:23.3642290Z   persist-credentials: false
2026-10-08T22:57:23.3643919Z   sparse-checkout: ResearchHistory/UQCF-GEM/research/physical-bridge
2026-10-08T22:57:23.3645771Z   repository: proteinfoldingengine/WetLabEngine
2026-10-08T22:57:23.3657126Z   token: ***
2026-10-08T22:57:23.3658072Z   ssh-strict: true
2026-10-08T22:57:23.3659040Z   ssh-user: git
2026-10-08T22:57:23.3659987Z   clean: true
2026-10-08T22:57:23.3660969Z   sparse-checkout-cone-mode: true
2026-10-08T22:57:23.3662289Z   fetch-depth: 1
2026-10-08T22:57:23.3663261Z   fetch-tags: false
2026-10-08T22:57:23.3664248Z   show-progress: true
2026-10-08T22:57:23.3665227Z   lfs: false
2026-10-08T22:57:23.3666132Z   submodules: false
2026-10-08T22:57:23.3667126Z   set-safe-directory: true
2026-10-08T22:57:23.3668306Z   allow-unsafe-pr-checkout: false
2026-10-08T22:57:23.3669481Z ##[endgroup]
2026-10-08T22:57:23.4619682Z Syncing repository: proteinfoldingengine/WetLabEngine
2026-10-08T22:57:23.4626414Z ##[group]Getting Git version info
2026-10-08T22:57:23.4629656Z Working directory is '/home/runner/work/WetLabEngine/WetLabEngine/research_snapshot'
2026-10-08T22:57:23.4652275Z [command]/usr/bin/git version
2026-10-08T22:57:23.4695770Z git version 2.55.0
2026-10-08T22:57:23.4721519Z ##[endgroup]
2026-10-08T22:57:23.4735227Z Temporarily overriding HOME='/home/runner/work/_temp/6cf03d2d-0e3f-42e0-8233-6a176e064f38' before making global git config changes
2026-10-08T22:57:23.4739245Z Adding repository directory to the temporary git global config as a safe directory
2026-10-08T22:57:23.4744084Z [command]/usr/bin/git config --global --add safe.directory /home/runner/work/WetLabEngine/WetLabEngine/research_snapshot
2026-10-08T22:57:23.4776179Z ##[group]Initializing the repository
2026-10-08T22:57:23.4781299Z [command]/usr/bin/git init /home/runner/work/WetLabEngine/WetLabEngine/research_snapshot
2026-10-08T22:57:23.4831503Z hint: Using 'master' as the name for the initial branch. This default branch name
2026-10-08T22:57:23.4835625Z hint: will change to "main" in Git 3.0. To configure the initial branch name
2026-10-08T22:57:23.4838861Z hint: to use in all of your new repositories, which will suppress this warning,
2026-10-08T22:57:23.4841807Z hint: call:
2026-10-08T22:57:23.4843756Z hint:
2026-10-08T22:57:23.4845809Z hint: 	git config --global init.defaultBranch <name>
2026-10-08T22:57:23.4848336Z hint:
2026-10-08T22:57:23.4850743Z hint: Names commonly chosen instead of 'master' are 'main', 'trunk' and
2026-10-08T22:57:23.4855148Z hint: 'development'. The just-created branch can be renamed via this command:
2026-10-08T22:57:23.4858559Z hint:
2026-10-08T22:57:23.4860523Z hint: 	git branch -m <name>
2026-10-08T22:57:23.4862875Z hint:
2026-10-08T22:57:23.4865933Z hint: Disable this message with "git config set advice.defaultBranchName false"
2026-10-08T22:57:23.4871579Z Initialized empty Git repository in /home/runner/work/WetLabEngine/WetLabEngine/research_snapshot/.git/
2026-10-08T22:57:23.4879475Z [command]/usr/bin/git remote add origin https://github.com/proteinfoldingengine/WetLabEngine
2026-10-08T22:57:23.4885512Z ##[endgroup]
2026-10-08T22:57:23.4889454Z ##[group]Disabling automatic garbage collection
2026-10-08T22:57:23.4890987Z [command]/usr/bin/git config --local gc.auto 0
2026-10-08T22:57:23.4927069Z ##[endgroup]
2026-10-08T22:57:23.4928852Z ##[group]Setting up auth
2026-10-08T22:57:23.4933249Z [command]/usr/bin/git config --local --name-only --get-regexp core\.sshCommand
2026-10-08T22:57:23.4967536Z [command]/usr/bin/git submodule foreach --recursive sh -c "git config --local --name-only --get-regexp 'core\.sshCommand' && git config --local --unset-all 'core.sshCommand' || :"
2026-10-08T22:57:23.5225385Z [command]/usr/bin/git config --local --name-only --get-regexp http\.https\:\/\/github\.com\/\.extraheader
2026-10-08T22:57:23.5278225Z [command]/usr/bin/git submodule foreach --recursive sh -c "git config --local --name-only --get-regexp 'http\.https\:\/\/github\.com\/\.extraheader' && git config --local --unset-all 'http.https://github.com/.extraheader' || :"
2026-10-08T22:57:23.5514792Z [command]/usr/bin/git config --local --name-only --get-regexp ^includeIf\.gitdir:
2026-10-08T22:57:23.5556234Z [command]/usr/bin/git submodule foreach --recursive git config --local --show-origin --name-only --get-regexp remote.origin.url
2026-10-08T22:57:23.5800994Z [command]/usr/bin/git config --local http.https://github.com/.extraheader AUTHORIZATION: basic ***
2026-10-08T22:57:23.5843397Z ##[endgroup]
2026-10-08T22:57:23.5846330Z ##[group]Fetching the repository
2026-10-08T22:57:23.5857194Z [command]/usr/bin/git -c protocol.version=2 fetch --no-tags --prune --no-recurse-submodules --filter=blob:none --depth=1 origin fd5103473926d12553240c275b3d4fe3cb50154b
2026-10-08T22:57:24.0012959Z From https://github.com/proteinfoldingengine/WetLabEngine
2026-10-08T22:57:24.0014051Z  * branch            fd5103473926d12553240c275b3d4fe3cb50154b -> FETCH_HEAD
2026-10-08T22:57:24.0017672Z ##[endgroup]
2026-10-08T22:57:24.0018510Z ##[group]Determining the checkout info
2026-10-08T22:57:24.0020190Z ##[endgroup]
2026-10-08T22:57:24.0021035Z ##[group]Setting up sparse checkout
2026-10-08T22:57:24.0027023Z [command]/usr/bin/git sparse-checkout set ResearchHistory/UQCF-GEM/research/physical-bridge
2026-10-08T22:57:24.0067077Z ##[endgroup]
2026-10-08T22:57:24.0067605Z ##[group]Checking out the ref
2026-10-08T22:57:24.0071587Z [command]/usr/bin/git checkout --progress --force fd5103473926d12553240c275b3d4fe3cb50154b
2026-10-08T22:57:24.5226820Z Note: switching to 'fd5103473926d12553240c275b3d4fe3cb50154b'.
2026-10-08T22:57:24.5227715Z 
2026-10-08T22:57:24.5228393Z You are in 'detached HEAD' state. You can look around, make experimental
2026-10-08T22:57:24.5229655Z changes and commit them, and you can discard any commits you make in this
2026-10-08T22:57:24.5230849Z state without impacting any branches by switching back to a branch.
2026-10-08T22:57:24.5231606Z 
2026-10-08T22:57:24.5232423Z If you want to create a new branch to retain commits you create, you may
2026-10-08T22:57:24.5233598Z do so (now or later) by using -c with the switch command. Example:
2026-10-08T22:57:24.5234349Z 
2026-10-08T22:57:24.5234801Z   git switch -c <new-branch-name>
2026-10-08T22:57:24.5235364Z 
2026-10-08T22:57:24.5235769Z Or undo this operation with:
2026-10-08T22:57:24.5236329Z 
2026-10-08T22:57:24.5236719Z   git switch -
2026-10-08T22:57:24.5237228Z 
2026-10-08T22:57:24.5237991Z Turn off this advice by setting config variable advice.detachedHead to false
2026-10-08T22:57:24.5238867Z 
2026-10-08T22:57:24.5239705Z HEAD is now at fd51034 research: preserve original shared-witness verification and accepted review evidence
2026-10-08T22:57:24.5244645Z ##[endgroup]
2026-10-08T22:57:24.5294747Z [command]/usr/bin/git log -1 --format=%H
2026-10-08T22:57:24.5326851Z fd5103473926d12553240c275b3d4fe3cb50154b
2026-10-08T22:57:24.5338904Z ##[group]Removing auth
2026-10-08T22:57:24.5344856Z [command]/usr/bin/git config --local --name-only --get-regexp core\.sshCommand
2026-10-08T22:57:24.5384364Z [command]/usr/bin/git submodule foreach --recursive sh -c "git config --local --name-only --get-regexp 'core\.sshCommand' && git config --local --unset-all 'core.sshCommand' || :"
2026-10-08T22:57:24.5658050Z [command]/usr/bin/git config --local --name-only --get-regexp http\.https\:\/\/github\.com\/\.extraheader
2026-10-08T22:57:24.5692310Z http.https://github.com/.extraheader
2026-10-08T22:57:24.5703527Z [command]/usr/bin/git config --local --unset-all http.https://github.com/.extraheader
2026-10-08T22:57:24.5743291Z [command]/usr/bin/git submodule foreach --recursive sh -c "git config --local --name-only --get-regexp 'http\.https\:\/\/github\.com\/\.extraheader' && git config --local --unset-all 'http.https://github.com/.extraheader' || :"
2026-10-08T22:57:24.6005591Z [command]/usr/bin/git config --local --name-only --get-regexp ^includeIf\.gitdir:
2026-10-08T22:57:24.6042782Z [command]/usr/bin/git submodule foreach --recursive git config --local --show-origin --name-only --get-regexp remote.origin.url
2026-10-08T22:57:24.6277366Z ##[endgroup]
2026-10-08T22:57:24.6429968Z ##[group]Run python3 .github/scripts/c3_shared_witness_publication_audit.py
2026-10-08T22:57:24.6430601Z [36;1mpython3 .github/scripts/c3_shared_witness_publication_audit.py[0m
2026-10-08T22:57:24.6705245Z shell: /usr/bin/bash -e {0}
2026-10-08T22:57:24.6705627Z env:
2026-10-08T22:57:24.6706215Z   GEMINI_API_KEY: ***
2026-10-08T22:57:24.6706536Z ##[endgroup]
2026-10-08T22:57:33.9133165Z PASS: exact ZIP/member/source/review provenance and complete bounded verdict
2026-10-08T22:57:33.9133921Z Publication audit verdict: ACCEPTED
2026-10-08T22:57:33.9134372Z Number of actionable issues: 0
2026-10-08T22:57:33.9135021Z Response digest: 0ec769890d781dcca182c5a8e23ed1fe5bf5edd1a737fd2067874bef8d556315
2026-10-08T22:57:33.9135942Z PASS: Independent publication consistency audit accepted the bounded record.
2026-10-08T22:57:33.9136767Z This is NOT a physical derivation or universal theorem certification.
2026-10-08T22:57:33.9298074Z ##[group]Run actions/upload-artifact@v4
2026-10-08T22:57:33.9298389Z with:
2026-10-08T22:57:33.9298617Z   name: c3-shared-witness-publication-audit
2026-10-08T22:57:33.9298948Z   path: shared_witness_publication_audit/
2026-10-08T22:57:33.9299227Z   retention-days: 30
2026-10-08T22:57:33.9299451Z   if-no-files-found: warn
2026-10-08T22:57:33.9299684Z   compression-level: 6
2026-10-08T22:57:33.9299904Z   overwrite: false
2026-10-08T22:57:33.9300116Z   include-hidden-files: false
2026-10-08T22:57:33.9300361Z ##[endgroup]
2026-10-08T22:57:34.0967407Z (node:2545) [DEP0040] DeprecationWarning: The `punycode` module is deprecated. Please use a userland alternative instead.
2026-10-08T22:57:34.0968143Z (Use `node --trace-deprecation ...` to show where the warning was created)
2026-10-08T22:57:34.1044290Z With the provided path, there will be 3 files uploaded
2026-10-08T22:57:34.1045364Z Artifact name is valid!
2026-10-08T22:57:34.1045778Z Root directory input is valid!
2026-10-08T22:57:34.4889826Z Beginning upload of artifact content to blob storage
2026-10-08T22:57:34.5146259Z (node:2545) [DEP0169] DeprecationWarning: `url.parse()` behavior is not standardized and prone to errors that have security implications. Use the WHATWG URL API instead. CVEs are not issued for `url.parse()` vulnerabilities.
2026-10-08T22:57:34.8617725Z Uploaded bytes 21543
2026-10-08T22:57:34.9438191Z Finished uploading artifact content to blob storage!
2026-10-08T22:57:34.9439765Z SHA256 digest of uploaded artifact zip is 21ccdda48872898b32d9de792885c1a20b87e805d659415a36f6df947f75572f
2026-10-08T22:57:34.9440846Z Finalizing artifact upload
2026-10-08T22:57:35.2079517Z Artifact c3-shared-witness-publication-audit.zip successfully finalized. Artifact ID 11584372029
2026-10-08T22:57:35.2080852Z Artifact c3-shared-witness-publication-audit has been successfully uploaded! Final size is 21543 bytes. Artifact ID is 11584372029
2026-10-08T22:57:35.2087219Z Artifact download URL: https://github.com/proteinfoldingengine/WetLabEngine/actions/runs/37856637045/artifacts/11584372029
2026-10-08T22:57:35.2267347Z Post job cleanup.
2026-10-08T22:57:35.3130105Z [command]/usr/bin/git version
2026-10-08T22:57:35.3176237Z git version 2.55.0
2026-10-08T22:57:35.3220406Z Temporarily overriding HOME='/home/runner/work/_temp/f9864d9c-a1fc-4cff-8307-7a5e4b6a5f3a' before making global git config changes
2026-10-08T22:57:35.3221472Z Adding repository directory to the temporary git global config as a safe directory
2026-10-08T22:57:35.3226915Z [command]/usr/bin/git config --global --add safe.directory /home/runner/work/WetLabEngine/WetLabEngine/research_snapshot
2026-10-08T22:57:35.3267579Z [command]/usr/bin/git config --local --name-only --get-regexp core\.sshCommand
2026-10-08T22:57:35.3303490Z [command]/usr/bin/git submodule foreach --recursive sh -c "git config --local --name-only --get-regexp 'core\.sshCommand' && git config --local --unset-all 'core.sshCommand' || :"
2026-10-08T22:57:35.3559129Z [command]/usr/bin/git config --local --name-only --get-regexp http\.https\:\/\/github\.com\/\.extraheader
2026-10-08T22:57:35.3601449Z [command]/usr/bin/git submodule foreach --recursive sh -c "git config --local --name-only --get-regexp 'http\.https\:\/\/github\.com\/\.extraheader' && git config --local --unset-all 'http.https://github.com/.extraheader' || :"
2026-10-08T22:57:35.3868814Z [command]/usr/bin/git config --local --name-only --get-regexp ^includeIf\.gitdir:
2026-10-08T22:57:35.3908777Z [command]/usr/bin/git submodule foreach --recursive git config --local --show-origin --name-only --get-regexp remote.origin.url
2026-10-08T22:57:35.4376212Z Post job cleanup.
2026-10-08T22:57:35.5277643Z [command]/usr/bin/git version
2026-10-08T22:57:35.5322185Z git version 2.55.0
2026-10-08T22:57:35.5364540Z Temporarily overriding HOME='/home/runner/work/_temp/719c7e31-ecc4-4bd0-af8a-12553894e682' before making global git config changes
2026-10-08T22:57:35.5366420Z Adding repository directory to the temporary git global config as a safe directory
2026-10-08T22:57:35.5370443Z [command]/usr/bin/git config --global --add safe.directory /home/runner/work/WetLabEngine/WetLabEngine
2026-10-08T22:57:35.5414760Z [command]/usr/bin/git config --local --name-only --get-regexp core\.sshCommand
2026-10-08T22:57:35.5457377Z [command]/usr/bin/git submodule foreach --recursive sh -c "git config --local --name-only --get-regexp 'core\.sshCommand' && git config --local --unset-all 'core.sshCommand' || :"
2026-10-08T22:57:35.5709020Z [command]/usr/bin/git config --local --name-only --get-regexp http\.https\:\/\/github\.com\/\.extraheader
2026-10-08T22:57:35.5734885Z http.https://github.com/.extraheader
2026-10-08T22:57:35.5748132Z [command]/usr/bin/git config --local --unset-all http.https://github.com/.extraheader
2026-10-08T22:57:35.5834367Z [command]/usr/bin/git submodule foreach --recursive sh -c "git config --local --name-only --get-regexp 'http\.https\:\/\/github\.com\/\.extraheader' && git config --local --unset-all 'http.https://github.com/.extraheader' || :"
2026-10-08T22:57:35.6109924Z [command]/usr/bin/git config --local --name-only --get-regexp ^includeIf\.gitdir:
2026-10-08T22:57:35.6152244Z [command]/usr/bin/git submodule foreach --recursive git config --local --show-origin --name-only --get-regexp remote.origin.url
2026-10-08T22:57:35.6539046Z Cleaning up orphan processes
2026-10-08T22:57:35.6813946Z ##[warning]Node.js 20 is deprecated. The following actions target Node.js 20 but are being forced to run on Node.js 24: actions/checkout@v4, actions/upload-artifact@v4. For more information see: https://github.blog/changelog/2025-09-19-deprecation-of-node-20-on-github-actions-runners/
