2026-10-08T22:51:43.0047541Z Current runner version: '2.337.0'
2026-10-08T22:51:43.0074262Z ##[group]Runner Image Provisioner
2026-10-08T22:51:43.0075105Z Hosted Compute Agent
2026-10-08T22:51:43.0075921Z Version: 20261002.596
2026-10-08T22:51:43.0076593Z Commit: c3d12f3313a95f25162a1503be624f3b0617f8c0
2026-10-08T22:51:43.0077400Z Build Date: 2026-10-02T22:28:27Z
2026-10-08T22:51:43.0078163Z Worker ID: {dbf6a75d-2252-4fce-afff-d807d3f36243}
2026-10-08T22:51:43.0078934Z Region: eastus2
2026-10-08T22:51:43.0079657Z Cloud: Azure
2026-10-08T22:51:43.0080227Z ##[endgroup]
2026-10-08T22:51:43.0081680Z ##[group]Operating System
2026-10-08T22:51:43.0082349Z Ubuntu
2026-10-08T22:51:43.0082917Z 24.04.5
2026-10-08T22:51:43.0083554Z LTS
2026-10-08T22:51:43.0084450Z ##[endgroup]
2026-10-08T22:51:43.0085104Z ##[group]Runner Image
2026-10-08T22:51:43.0085829Z Image: ubuntu-24.04
2026-10-08T22:51:43.0086439Z Version: 20261004.327.1
2026-10-08T22:51:43.0087860Z Included Software: https://github.com/actions/runner-images/blob/ubuntu24/20261004.327/images/ubuntu/Ubuntu2404-Readme.md
2026-10-08T22:51:43.0089456Z Image Release: https://github.com/actions/runner-images/releases/tag/ubuntu24%2F20261004.327
2026-10-08T22:51:43.0090625Z ##[endgroup]
2026-10-08T22:51:43.0092218Z ##[group]GITHUB_TOKEN Permissions
2026-10-08T22:51:43.0094928Z Contents: read
2026-10-08T22:51:43.0095812Z Metadata: read
2026-10-08T22:51:43.0096734Z ##[endgroup]
2026-10-08T22:51:43.0100084Z Secret source: Actions
2026-10-08T22:51:43.0101175Z Cache mode: write
2026-10-08T22:51:43.0102135Z Prepare workflow directory
2026-10-08T22:51:43.0430163Z Prepare all required actions
2026-10-08T22:51:43.0477460Z Getting action download info
2026-10-08T22:51:43.2580461Z Download action repository 'actions/checkout@v4' (SHA:11d5960a326750d5838078e36cf38b85af677262)
2026-10-08T22:51:43.3351637Z Download action repository 'actions/upload-artifact@v4' (SHA:ea165f8d65b6e75b540449e92b4886f43607fa02)
2026-10-08T22:51:43.5432313Z Complete job name: verification
2026-10-08T22:51:43.6190038Z ##[group]Run actions/checkout@v4
2026-10-08T22:51:43.6190908Z with:
2026-10-08T22:51:43.6191390Z   ref: 159c1b119e3bc0707837aecf3a3d01c04b52e2f6
2026-10-08T22:51:43.6192012Z   path: research_snapshot
2026-10-08T22:51:43.6192527Z   persist-credentials: false
2026-10-08T22:51:43.6193094Z   repository: proteinfoldingengine/WetLabEngine
2026-10-08T22:51:43.6197614Z   token: ***
2026-10-08T22:51:43.6198076Z   ssh-strict: true
2026-10-08T22:51:43.6198529Z   ssh-user: git
2026-10-08T22:51:43.6198955Z   clean: true
2026-10-08T22:51:43.6199406Z   sparse-checkout-cone-mode: true
2026-10-08T22:51:43.6199933Z   fetch-depth: 1
2026-10-08T22:51:43.6200366Z   fetch-tags: false
2026-10-08T22:51:43.6200808Z   show-progress: true
2026-10-08T22:51:43.6201261Z   lfs: false
2026-10-08T22:51:43.6201675Z   submodules: false
2026-10-08T22:51:43.6202127Z   set-safe-directory: true
2026-10-08T22:51:43.6202633Z   allow-unsafe-pr-checkout: false
2026-10-08T22:51:43.6203371Z ##[endgroup]
2026-10-08T22:51:43.7222137Z Syncing repository: proteinfoldingengine/WetLabEngine
2026-10-08T22:51:43.7224370Z ##[group]Getting Git version info
2026-10-08T22:51:43.7225320Z Working directory is '/home/runner/work/WetLabEngine/WetLabEngine/research_snapshot'
2026-10-08T22:51:43.7226497Z [command]/usr/bin/git version
2026-10-08T22:51:43.7264875Z git version 2.55.0
2026-10-08T22:51:43.7285432Z ##[endgroup]
2026-10-08T22:51:43.7300998Z Temporarily overriding HOME='/home/runner/work/_temp/a4b202b7-4738-4c0c-b556-dc5be3670989' before making global git config changes
2026-10-08T22:51:43.7303369Z Adding repository directory to the temporary git global config as a safe directory
2026-10-08T22:51:43.7307096Z [command]/usr/bin/git config --global --add safe.directory /home/runner/work/WetLabEngine/WetLabEngine/research_snapshot
2026-10-08T22:51:43.7358202Z ##[group]Initializing the repository
2026-10-08T22:51:43.7360844Z [command]/usr/bin/git init /home/runner/work/WetLabEngine/WetLabEngine/research_snapshot
2026-10-08T22:51:43.7466759Z hint: Using 'master' as the name for the initial branch. This default branch name
2026-10-08T22:51:43.7468700Z hint: will change to "main" in Git 3.0. To configure the initial branch name
2026-10-08T22:51:43.7470222Z hint: to use in all of your new repositories, which will suppress this warning,
2026-10-08T22:51:43.7471399Z hint: call:
2026-10-08T22:51:43.7472024Z hint:
2026-10-08T22:51:43.7472798Z hint: 	git config --global init.defaultBranch <name>
2026-10-08T22:51:43.7473762Z hint:
2026-10-08T22:51:43.7474884Z hint: Names commonly chosen instead of 'master' are 'main', 'trunk' and
2026-10-08T22:51:43.7476367Z hint: 'development'. The just-created branch can be renamed via this command:
2026-10-08T22:51:43.7477541Z hint:
2026-10-08T22:51:43.7478245Z hint: 	git branch -m <name>
2026-10-08T22:51:43.7478998Z hint:
2026-10-08T22:51:43.7479978Z hint: Disable this message with "git config set advice.defaultBranchName false"
2026-10-08T22:51:43.7487393Z Initialized empty Git repository in /home/runner/work/WetLabEngine/WetLabEngine/research_snapshot/.git/
2026-10-08T22:51:43.7496479Z [command]/usr/bin/git remote add origin https://github.com/proteinfoldingengine/WetLabEngine
2026-10-08T22:51:43.7541155Z ##[endgroup]
2026-10-08T22:51:43.7542317Z ##[group]Disabling automatic garbage collection
2026-10-08T22:51:43.7546619Z [command]/usr/bin/git config --local gc.auto 0
2026-10-08T22:51:43.7597892Z ##[endgroup]
2026-10-08T22:51:43.7598985Z ##[group]Setting up auth
2026-10-08T22:51:43.7605134Z [command]/usr/bin/git config --local --name-only --get-regexp core\.sshCommand
2026-10-08T22:51:43.7638403Z [command]/usr/bin/git submodule foreach --recursive sh -c "git config --local --name-only --get-regexp 'core\.sshCommand' && git config --local --unset-all 'core.sshCommand' || :"
2026-10-08T22:51:43.7961813Z [command]/usr/bin/git config --local --name-only --get-regexp http\.https\:\/\/github\.com\/\.extraheader
2026-10-08T22:51:43.7999012Z [command]/usr/bin/git submodule foreach --recursive sh -c "git config --local --name-only --get-regexp 'http\.https\:\/\/github\.com\/\.extraheader' && git config --local --unset-all 'http.https://github.com/.extraheader' || :"
2026-10-08T22:51:43.8267045Z [command]/usr/bin/git config --local --name-only --get-regexp ^includeIf\.gitdir:
2026-10-08T22:51:43.8311917Z [command]/usr/bin/git submodule foreach --recursive git config --local --show-origin --name-only --get-regexp remote.origin.url
2026-10-08T22:51:43.8570879Z [command]/usr/bin/git config --local http.https://github.com/.extraheader AUTHORIZATION: basic ***
2026-10-08T22:51:43.8616623Z ##[endgroup]
2026-10-08T22:51:43.8617929Z ##[group]Fetching the repository
2026-10-08T22:51:43.8627893Z [command]/usr/bin/git -c protocol.version=2 fetch --no-tags --prune --no-recurse-submodules --depth=1 origin 159c1b119e3bc0707837aecf3a3d01c04b52e2f6
2026-10-08T22:52:31.6374937Z From https://github.com/proteinfoldingengine/WetLabEngine
2026-10-08T22:52:31.6377123Z  * branch            159c1b119e3bc0707837aecf3a3d01c04b52e2f6 -> FETCH_HEAD
2026-10-08T22:52:31.6379512Z ##[endgroup]
2026-10-08T22:52:31.6380317Z ##[group]Determining the checkout info
2026-10-08T22:52:31.6381126Z ##[endgroup]
2026-10-08T22:52:31.6386504Z [command]/usr/bin/git sparse-checkout disable
2026-10-08T22:52:31.6441898Z [command]/usr/bin/git config --local --unset-all extensions.worktreeConfig
2026-10-08T22:52:31.6476075Z ##[group]Checking out the ref
2026-10-08T22:52:31.6516227Z [command]/usr/bin/git checkout --progress --force 159c1b119e3bc0707837aecf3a3d01c04b52e2f6
2026-10-08T22:52:32.8913528Z Updating files:  30% (2842/9455)
2026-10-08T22:52:33.2448778Z Updating files:  31% (2932/9455)
2026-10-08T22:52:33.6985800Z Updating files:  32% (3026/9455)
2026-10-08T22:52:33.7105304Z Updating files:  32% (3119/9455)
2026-10-08T22:52:34.0017746Z Updating files:  33% (3121/9455)
2026-10-08T22:52:34.4717843Z Updating files:  34% (3215/9455)
2026-10-08T22:52:34.7465836Z Updating files:  35% (3310/9455)
2026-10-08T22:52:34.7471621Z Updating files:  35% (3390/9455)
2026-10-08T22:52:35.3626674Z Updating files:  36% (3404/9455)
2026-10-08T22:52:35.6550930Z Updating files:  37% (3499/9455)
2026-10-08T22:52:35.7050622Z Updating files:  38% (3593/9455)
2026-10-08T22:52:36.2596971Z Updating files:  38% (3634/9455)
2026-10-08T22:52:36.5107929Z Updating files:  39% (3688/9455)
2026-10-08T22:52:36.7059017Z Updating files:  40% (3782/9455)
2026-10-08T22:52:37.0183029Z Updating files:  40% (3849/9455)
2026-10-08T22:52:37.4247547Z Updating files:  41% (3877/9455)
2026-10-08T22:52:37.5489032Z Updating files:  42% (3972/9455)
2026-10-08T22:52:37.7021472Z Updating files:  43% (4066/9455)
2026-10-08T22:52:38.0849390Z Updating files:  43% (4079/9455)
2026-10-08T22:52:38.4506338Z Updating files:  44% (4161/9455)
2026-10-08T22:52:38.7348258Z Updating files:  45% (4255/9455)
2026-10-08T22:52:39.1869757Z Updating files:  45% (4315/9455)
2026-10-08T22:52:39.4817151Z Updating files:  46% (4350/9455)
2026-10-08T22:52:39.5574971Z Updating files:  47% (4444/9455)
2026-10-08T22:52:39.7323149Z Updating files:  48% (4539/9455)
2026-10-08T22:52:40.2627648Z Updating files:  48% (4561/9455)
2026-10-08T22:52:40.5629774Z Updating files:  49% (4633/9455)
2026-10-08T22:52:40.6862528Z Updating files:  50% (4728/9455)
2026-10-08T22:52:40.7049248Z Updating files:  51% (4823/9455)
2026-10-08T22:52:41.3852584Z Updating files:  51% (4828/9455)
2026-10-08T22:52:41.6920267Z Updating files:  52% (4917/9455)
2026-10-08T22:52:41.6928550Z Updating files:  53% (5012/9455)
2026-10-08T22:52:41.7762191Z Updating files:  53% (5015/9455)
2026-10-08T22:52:42.2619103Z Updating files:  54% (5106/9455)
2026-10-08T22:52:42.5363866Z Updating files:  55% (5201/9455)
2026-10-08T22:52:42.7217970Z Updating files:  56% (5295/9455)
2026-10-08T22:52:42.8417163Z Updating files:  56% (5323/9455)
2026-10-08T22:52:42.8709869Z Updating files:  57% (5390/9455)
2026-10-08T22:52:42.8834654Z Updating files:  58% (5484/9455)
2026-10-08T22:52:43.3729619Z Updating files:  59% (5579/9455)
2026-10-08T22:52:43.3972960Z Updating files:  60% (5673/9455)
2026-10-08T22:52:43.4050882Z Updating files:  61% (5768/9455)
2026-10-08T22:52:43.4127455Z Updating files:  62% (5863/9455)
2026-10-08T22:52:43.4207808Z Updating files:  63% (5957/9455)
2026-10-08T22:52:43.4281234Z Updating files:  64% (6052/9455)
2026-10-08T22:52:43.4335244Z Updating files:  65% (6146/9455)
2026-10-08T22:52:43.4400546Z Updating files:  66% (6241/9455)
2026-10-08T22:52:43.4468465Z Updating files:  67% (6335/9455)
2026-10-08T22:52:43.6685793Z Updating files:  68% (6430/9455)
2026-10-08T22:52:43.7142375Z Updating files:  69% (6524/9455)
2026-10-08T22:52:43.8449567Z Updating files:  69% (6543/9455)
2026-10-08T22:52:43.8772464Z Updating files:  70% (6619/9455)
2026-10-08T22:52:43.9562035Z Updating files:  71% (6714/9455)
2026-10-08T22:52:44.1251607Z Updating files:  72% (6808/9455)
2026-10-08T22:52:44.1326297Z Updating files:  73% (6903/9455)
2026-10-08T22:52:44.1385826Z Updating files:  74% (6997/9455)
2026-10-08T22:52:44.2175570Z Updating files:  75% (7092/9455)
2026-10-08T22:52:44.2215289Z Updating files:  76% (7186/9455)
2026-10-08T22:52:44.2399657Z Updating files:  77% (7281/9455)
2026-10-08T22:52:44.2705167Z Updating files:  78% (7375/9455)
2026-10-08T22:52:44.2773554Z Updating files:  79% (7470/9455)
2026-10-08T22:52:44.4591599Z Updating files:  80% (7564/9455)
2026-10-08T22:52:44.6543654Z Updating files:  81% (7659/9455)
2026-10-08T22:52:44.7068136Z Updating files:  82% (7754/9455)
2026-10-08T22:52:44.9087900Z Updating files:  82% (7778/9455)
2026-10-08T22:52:45.0191687Z Updating files:  83% (7848/9455)
2026-10-08T22:52:45.0844693Z Updating files:  84% (7943/9455)
2026-10-08T22:52:45.1401755Z Updating files:  85% (8037/9455)
2026-10-08T22:52:45.1470559Z Updating files:  86% (8132/9455)
2026-10-08T22:52:45.1528674Z Updating files:  87% (8226/9455)
2026-10-08T22:52:45.1587503Z Updating files:  88% (8321/9455)
2026-10-08T22:52:45.1646706Z Updating files:  89% (8415/9455)
2026-10-08T22:52:45.1756739Z Updating files:  90% (8510/9455)
2026-10-08T22:52:45.5836463Z Updating files:  91% (8605/9455)
2026-10-08T22:52:45.6066768Z Updating files:  92% (8699/9455)
2026-10-08T22:52:45.6549762Z Updating files:  93% (8794/9455)
2026-10-08T22:52:45.6937758Z Updating files:  94% (8888/9455)
2026-10-08T22:52:45.7165503Z Updating files:  94% (8972/9455)
2026-10-08T22:52:45.7493106Z Updating files:  95% (8983/9455)
2026-10-08T22:52:45.7625275Z Updating files:  96% (9077/9455)
2026-10-08T22:52:45.7712318Z Updating files:  97% (9172/9455)
2026-10-08T22:52:45.7895631Z Updating files:  98% (9266/9455)
2026-10-08T22:52:45.8318090Z Updating files:  99% (9361/9455)
2026-10-08T22:52:45.8318886Z Updating files: 100% (9455/9455)
2026-10-08T22:52:45.8319674Z Updating files: 100% (9455/9455), done.
2026-10-08T22:52:46.0842048Z Note: switching to '159c1b119e3bc0707837aecf3a3d01c04b52e2f6'.
2026-10-08T22:52:46.0842803Z 
2026-10-08T22:52:46.0843094Z You are in 'detached HEAD' state. You can look around, make experimental
2026-10-08T22:52:46.0843577Z changes and commit them, and you can discard any commits you make in this
2026-10-08T22:52:46.0844325Z state without impacting any branches by switching back to a branch.
2026-10-08T22:52:46.0844674Z 
2026-10-08T22:52:46.0844860Z If you want to create a new branch to retain commits you create, you may
2026-10-08T22:52:46.0845323Z do so (now or later) by using -c with the switch command. Example:
2026-10-08T22:52:46.0845576Z 
2026-10-08T22:52:46.0845690Z   git switch -c <new-branch-name>
2026-10-08T22:52:46.0845863Z 
2026-10-08T22:52:46.0845970Z Or undo this operation with:
2026-10-08T22:52:46.0846129Z 
2026-10-08T22:52:46.0846224Z   git switch -
2026-10-08T22:52:46.0846356Z 
2026-10-08T22:52:46.0846574Z Turn off this advice by setting config variable advice.detachedHead to false
2026-10-08T22:52:46.0846878Z 
2026-10-08T22:52:46.0847206Z HEAD is now at 159c1b1 research: independently enumerate complete shared-witness channel and rejecting controls
2026-10-08T22:52:46.1130382Z ##[endgroup]
2026-10-08T22:52:46.1182572Z [command]/usr/bin/git log -1 --format=%H
2026-10-08T22:52:46.1222204Z 159c1b119e3bc0707837aecf3a3d01c04b52e2f6
2026-10-08T22:52:46.1243512Z ##[group]Removing auth
2026-10-08T22:52:46.1243976Z [command]/usr/bin/git config --local --name-only --get-regexp core\.sshCommand
2026-10-08T22:52:46.1270685Z [command]/usr/bin/git submodule foreach --recursive sh -c "git config --local --name-only --get-regexp 'core\.sshCommand' && git config --local --unset-all 'core.sshCommand' || :"
2026-10-08T22:52:46.1533651Z [command]/usr/bin/git config --local --name-only --get-regexp http\.https\:\/\/github\.com\/\.extraheader
2026-10-08T22:52:46.1562575Z http.https://github.com/.extraheader
2026-10-08T22:52:46.1570801Z [command]/usr/bin/git config --local --unset-all http.https://github.com/.extraheader
2026-10-08T22:52:46.1806048Z [command]/usr/bin/git submodule foreach --recursive sh -c "git config --local --name-only --get-regexp 'http\.https\:\/\/github\.com\/\.extraheader' && git config --local --unset-all 'http.https://github.com/.extraheader' || :"
2026-10-08T22:52:46.2091419Z [command]/usr/bin/git config --local --name-only --get-regexp ^includeIf\.gitdir:
2026-10-08T22:52:46.2134347Z [command]/usr/bin/git submodule foreach --recursive git config --local --show-origin --name-only --get-regexp remote.origin.url
2026-10-08T22:52:46.2398925Z ##[endgroup]
2026-10-08T22:52:46.3374575Z ##[group]Run set -euo pipefail
2026-10-08T22:52:46.3375174Z [36;1mset -euo pipefail[0m
2026-10-08T22:52:46.3375628Z [36;1mmkdir -p shared_witness_verification[0m
2026-10-08T22:52:46.3376350Z [36;1mROOT=research_snapshot/ResearchHistory/UQCF-GEM/research/physical-bridge[0m
2026-10-08T22:52:46.3377548Z [36;1mpython3 -m unittest discover -s "$ROOT/shared_witness" -p test_shared_witness.py -v 2>&1 | tee shared_witness_verification/contracts.log[0m
2026-10-08T22:52:46.3378869Z [36;1mpython3 "$ROOT/shared_witness/shared_witness_producer.py" > shared_witness_verification/graph.json[0m
2026-10-08T22:52:46.3379780Z [36;1mpython3 "$ROOT/shared_witness/shared_witness_producer.py" > /tmp/channel-repeat.json[0m
2026-10-08T22:52:46.3380560Z [36;1mcmp shared_witness_verification/graph.json /tmp/channel-repeat.json[0m
2026-10-08T22:52:46.3382177Z [36;1mpython3 "$ROOT/shared_witness/shared_witness_independent.py" shared_witness_verification/graph.json | tee shared_witness_verification/independent.json[0m
2026-10-08T22:52:46.3383833Z [36;1mpython3 -m unittest discover -s "$ROOT" -p test_core_probe_replay.py -v 2>&1 | tee shared_witness_verification/inherited_core.log[0m
2026-10-08T22:52:46.3385477Z [36;1mpython3 -m unittest discover -s "$ROOT/verification" -p 'test_*.py' -v 2>&1 | tee shared_witness_verification/inherited_contracts.log[0m
2026-10-08T22:52:46.3386395Z [36;1mcd research_snapshot[0m
2026-10-08T22:52:46.3387608Z [36;1mpython3 ResearchHistory/UQCF-GEM/research/physical-bridge/verification/verify.py --output ../shared_witness_verification/a12_baseline.json 2>&1 | tee ../shared_witness_verification/a12_baseline.log[0m
2026-10-08T22:52:47.7724766Z shell: /usr/bin/bash --noprofile --norc -e -o pipefail {0}
2026-10-08T22:52:47.7725331Z ##[endgroup]
2026-10-08T22:52:48.1293619Z test_claim_and_provenance_forgery_reject (test_shared_witness.SharedWitnessContracts.test_claim_and_provenance_forgery_reject) ... ok
2026-10-08T22:52:48.1543547Z test_complete_independent_identity_equality (test_shared_witness.SharedWitnessContracts.test_complete_independent_identity_equality) ... ok
2026-10-08T22:52:48.1546431Z test_duplicate_json_keys_reject (test_shared_witness.SharedWitnessContracts.test_duplicate_json_keys_reject) ... ok
2026-10-08T22:52:48.1799235Z test_each_command_can_reject_and_locked_decoder_is_exact (test_shared_witness.SharedWitnessContracts.test_each_command_can_reject_and_locked_decoder_is_exact) ... ok
2026-10-08T22:52:48.1802833Z test_independent_root_choice_oracle_without_producer (test_shared_witness.SharedWitnessContracts.test_independent_root_choice_oracle_without_producer) ... ok
2026-10-08T22:52:48.4053105Z test_missing_duplicate_substituted_outcomes_reject (test_shared_witness.SharedWitnessContracts.test_missing_duplicate_substituted_outcomes_reject) ... ok
2026-10-08T22:52:48.4324719Z test_premature_decoder_and_silent_anchor_counterexamples (test_shared_witness.SharedWitnessContracts.test_premature_decoder_and_silent_anchor_counterexamples) ... ok
2026-10-08T22:52:48.4831584Z test_wrong_tau_and_boolean_value_reject (test_shared_witness.SharedWitnessContracts.test_wrong_tau_and_boolean_value_reject) ... ok
2026-10-08T22:52:48.4832337Z 
2026-10-08T22:52:48.4832562Z ----------------------------------------------------------------------
2026-10-08T22:52:48.4833108Z Ran 8 tests in 0.434s
2026-10-08T22:52:48.4833287Z 
2026-10-08T22:52:48.4833404Z OK
2026-10-08T22:52:48.5639440Z {"locked_outcomes": 6, "outcomes": 24, "physical_observer_derived": false, "states": 4, "status": "PASS"}
2026-10-08T22:52:48.6217813Z test_changed_same_cardinality_identity_is_rejected (test_core_probe_replay.CoreProbeReplayTests.test_changed_same_cardinality_identity_is_rejected) ... ok
2026-10-08T22:52:48.6222978Z test_each_command_has_an_unchanged_outcome (test_core_probe_replay.CoreProbeReplayTests.test_each_command_has_an_unchanged_outcome) ... ok
2026-10-08T22:52:48.6235717Z test_empty_projected_root_is_real_and_admissible (test_core_probe_replay.CoreProbeReplayTests.test_empty_projected_root_is_real_and_admissible) ... ok
2026-10-08T22:52:48.6237424Z test_every_node_compares_exact_labelled_completion_set (test_core_probe_replay.CoreProbeReplayTests.test_every_node_compares_exact_labelled_completion_set) ... ok
2026-10-08T22:52:48.6239092Z test_graph_is_constructed_from_all_hidden_worlds (test_core_probe_replay.CoreProbeReplayTests.test_graph_is_constructed_from_all_hidden_worlds) ... ok
2026-10-08T22:52:48.6249279Z test_omitted_node_is_rejected_by_fresh_enumeration (test_core_probe_replay.CoreProbeReplayTests.test_omitted_node_is_rejected_by_fresh_enumeration) ... ok
2026-10-08T22:52:48.6261681Z test_omitted_outcome_edge_is_rejected_by_fresh_enumeration (test_core_probe_replay.CoreProbeReplayTests.test_omitted_outcome_edge_is_rejected_by_fresh_enumeration) ... ok
2026-10-08T22:52:48.6264165Z test_one_spectator_boundary (test_core_probe_replay.CoreProbeReplayTests.test_one_spectator_boundary) ... ok
2026-10-08T22:52:48.6269837Z test_restored_core_can_have_three_different_history_fibers (test_core_probe_replay.CoreProbeReplayTests.test_restored_core_can_have_three_different_history_fibers) ... ok
2026-10-08T22:52:48.6278625Z test_wrong_estimators_are_rejected (test_core_probe_replay.CoreProbeReplayTests.test_wrong_estimators_are_rejected) ... ok
2026-10-08T22:52:48.6279202Z 
2026-10-08T22:52:48.6279639Z ----------------------------------------------------------------------
2026-10-08T22:52:48.6280081Z Ran 10 tests in 0.009s
2026-10-08T22:52:48.6280296Z 
2026-10-08T22:52:48.6280396Z OK
2026-10-08T22:52:48.6970844Z test_duplicate_json_keys_rejected (test_c3_core_probe_independent.IndependentC3Contracts.test_duplicate_json_keys_rejected) ... ok
2026-10-08T22:52:48.7440421Z test_fresh_producer_matches_stored_evidence_and_independent_checker (test_c3_core_probe_independent.IndependentC3Contracts.test_fresh_producer_matches_stored_evidence_and_independent_checker) ... ok
2026-10-08T22:52:48.7826144Z test_isolated_checker_without_producer (test_c3_core_probe_independent.IndependentC3Contracts.test_isolated_checker_without_producer) ... ok
2026-10-08T22:52:48.7956826Z test_metadata_and_coverage_forgery_rejected (test_c3_core_probe_independent.IndependentC3Contracts.test_metadata_and_coverage_forgery_rejected) ... ok
2026-10-08T22:52:48.8177407Z test_missing_duplicate_and_changed_graph_records_rejected (test_c3_core_probe_independent.IndependentC3Contracts.test_missing_duplicate_and_changed_graph_records_rejected) ... ok
2026-10-08T22:52:48.8202722Z test_restored_fibers_and_empty_core (test_c3_core_probe_independent.IndependentC3Contracts.test_restored_fibers_and_empty_core) ... ok
2026-10-08T22:52:48.8241033Z test_saved_complete_evidence (test_c3_core_probe_independent.IndependentC3Contracts.test_saved_complete_evidence) ... ok
2026-10-08T22:52:48.8308616Z test_wrong_deficit_and_boolean_integer_rejected (test_c3_core_probe_independent.IndependentC3Contracts.test_wrong_deficit_and_boolean_integer_rejected) ... ok
2026-10-08T22:52:48.8310327Z test_addition_margins_decide_the_original_control (test_contracts.Contracts.test_addition_margins_decide_the_original_control) ... ok
2026-10-08T22:52:48.8311647Z test_both_primitive_update_identities (test_contracts.Contracts.test_both_primitive_update_identities) ... ok
2026-10-08T22:52:48.8317591Z test_consolidated_overlap_fixtures_match_original_sources (test_contracts.Contracts.test_consolidated_overlap_fixtures_match_original_sources) ... ok
2026-10-08T22:52:48.8319178Z test_coverage_rejects_omission_and_duplicate (test_contracts.Contracts.test_coverage_rejects_omission_and_duplicate) ... ok
2026-10-08T22:52:48.8320627Z test_deletion_surviving_cover_and_floor_are_separate (test_contracts.Contracts.test_deletion_surviving_cover_and_floor_are_separate) ... ok
2026-10-08T22:52:48.8322017Z test_direct_transversal_and_exception_conventions (test_contracts.Contracts.test_direct_transversal_and_exception_conventions) ... ok
2026-10-08T22:52:48.8325620Z test_exact_pair_and_cover_fields (test_contracts.Contracts.test_exact_pair_and_cover_fields) ... ok
2026-10-08T22:52:48.8327918Z test_frozen_original_blob_identities (test_contracts.Contracts.test_frozen_original_blob_identities) ... ok
2026-10-08T22:52:48.8329277Z test_independent_complete_identity_generators (test_contracts.Contracts.test_independent_complete_identity_generators) ... ok
2026-10-08T22:52:48.8330393Z test_same_candidate_can_acquire_empty_shadow (test_contracts.Contracts.test_same_candidate_can_acquire_empty_shadow) ... ok
2026-10-08T22:52:48.8330931Z 
2026-10-08T22:52:48.8331328Z ----------------------------------------------------------------------
2026-10-08T22:52:48.8331827Z Ran 18 tests in 0.139s
2026-10-08T22:52:48.8331972Z 
2026-10-08T22:52:48.8332064Z OK
2026-10-08T22:52:48.8333361Z C3 independent bounded verification: {"deficit_used_to_generate_beliefs": false, "edges": [46, 96], "full_assignments_enumerated": [64, 128], "independent_mathematical_review": false, "nodes": [4, 8], "scope": "fixed triangle; root-4 core edits; N=1,2 only", "status": "ALGORITHMICALLY_INDEPENDENT_BOUNDED_PASS"}
2026-10-08T22:52:48.8920839Z p=2 m=1: 4 identities, 0 protected; complete
2026-10-08T22:52:48.8941750Z p=2 m=2: 16 identities, 0 protected; complete
2026-10-08T22:52:48.9037727Z p=2 m=3: 64 identities, 0 protected; complete
2026-10-08T22:52:48.9055269Z p=3 m=1: 12 identities, 0 protected; complete
2026-10-08T22:52:48.9309953Z p=3 m=2: 144 identities, 0 protected; complete
2026-10-08T22:52:49.3590204Z p=3 m=3: 1728 identities, 6 protected; complete
2026-10-08T22:52:49.3657462Z p=4 m=1: 32 identities, 0 protected; complete
2026-10-08T22:52:49.6835081Z p=4 m=2: 1024 identities, 0 protected; complete
2026-10-08T22:53:04.6892993Z p=4 m=3: 32768 identities, 96 protected; complete
2026-10-08T22:53:06.7784805Z {"check_digest": "650851cf5ad2f91ef2be7c60bd549039aa5e9daee79f9a6eedff21c003a9ea3c", "family_subsets": 508, "fixture_states": 33, "primary_states": 35792, "rejecting_controls": 11, "status": "BOUNDED_PASS"}
2026-10-08T22:53:06.8129626Z ##[group]Run actions/upload-artifact@v4
2026-10-08T22:53:06.8129926Z with:
2026-10-08T22:53:06.8130147Z   name: c3-shared-witness-verification
2026-10-08T22:53:06.8130430Z   path: shared_witness_verification/
2026-10-08T22:53:06.8130695Z   retention-days: 30
2026-10-08T22:53:06.8130921Z   if-no-files-found: warn
2026-10-08T22:53:06.8131157Z   compression-level: 6
2026-10-08T22:53:06.8131382Z   overwrite: false
2026-10-08T22:53:06.8131603Z   include-hidden-files: false
2026-10-08T22:53:06.8131845Z ##[endgroup]
2026-10-08T22:53:06.9793834Z (node:2433) [DEP0040] DeprecationWarning: The `punycode` module is deprecated. Please use a userland alternative instead.
2026-10-08T22:53:06.9794857Z (Use `node --trace-deprecation ...` to show where the warning was created)
2026-10-08T22:53:06.9879710Z With the provided path, there will be 7 files uploaded
2026-10-08T22:53:06.9904791Z Artifact name is valid!
2026-10-08T22:53:06.9925258Z Root directory input is valid!
2026-10-08T22:53:07.2018051Z Beginning upload of artifact content to blob storage
2026-10-08T22:53:07.2275960Z (node:2433) [DEP0169] DeprecationWarning: `url.parse()` behavior is not standardized and prone to errors that have security implications. Use the WHATWG URL API instead. CVEs are not issued for `url.parse()` vulnerabilities.
2026-10-08T22:53:07.2559032Z Uploaded bytes 5750
2026-10-08T22:53:07.2705963Z Finished uploading artifact content to blob storage!
2026-10-08T22:53:07.2706915Z SHA256 digest of uploaded artifact zip is 19dfb2f13ab7e38803b183ba7faea0a3330db1683e8e6904ece9f21d0f98fc11
2026-10-08T22:53:07.2709186Z Finalizing artifact upload
2026-10-08T22:53:07.5011900Z Artifact c3-shared-witness-verification.zip successfully finalized. Artifact ID 11584705592
2026-10-08T22:53:07.5013354Z Artifact c3-shared-witness-verification has been successfully uploaded! Final size is 5750 bytes. Artifact ID is 11584705592
2026-10-08T22:53:07.5019945Z Artifact download URL: https://github.com/proteinfoldingengine/WetLabEngine/actions/runs/37856079404/artifacts/11584705592
2026-10-08T22:53:07.5250568Z Post job cleanup.
2026-10-08T22:53:07.6094917Z [command]/usr/bin/git version
2026-10-08T22:53:07.6138364Z git version 2.55.0
2026-10-08T22:53:07.6178216Z Temporarily overriding HOME='/home/runner/work/_temp/bbb97436-ff65-414c-afa3-d6c47634b27a' before making global git config changes
2026-10-08T22:53:07.6179631Z Adding repository directory to the temporary git global config as a safe directory
2026-10-08T22:53:07.6185059Z [command]/usr/bin/git config --global --add safe.directory /home/runner/work/WetLabEngine/WetLabEngine/research_snapshot
2026-10-08T22:53:07.6222879Z [command]/usr/bin/git config --local --name-only --get-regexp core\.sshCommand
2026-10-08T22:53:07.6258791Z [command]/usr/bin/git submodule foreach --recursive sh -c "git config --local --name-only --get-regexp 'core\.sshCommand' && git config --local --unset-all 'core.sshCommand' || :"
2026-10-08T22:53:07.6550762Z [command]/usr/bin/git config --local --name-only --get-regexp http\.https\:\/\/github\.com\/\.extraheader
2026-10-08T22:53:07.6588225Z [command]/usr/bin/git submodule foreach --recursive sh -c "git config --local --name-only --get-regexp 'http\.https\:\/\/github\.com\/\.extraheader' && git config --local --unset-all 'http.https://github.com/.extraheader' || :"
2026-10-08T22:53:07.6875688Z [command]/usr/bin/git config --local --name-only --get-regexp ^includeIf\.gitdir:
2026-10-08T22:53:07.6913756Z [command]/usr/bin/git submodule foreach --recursive git config --local --show-origin --name-only --get-regexp remote.origin.url
2026-10-08T22:53:07.7349280Z Cleaning up orphan processes
2026-10-08T22:53:07.7633529Z ##[warning]Node.js 20 is deprecated. The following actions target Node.js 20 but are being forced to run on Node.js 24: actions/checkout@v4, actions/upload-artifact@v4. For more information see: https://github.blog/changelog/2025-09-19-deprecation-of-node-20-on-github-actions-runners/
