2026-09-30T16:51:56.2445257Z Current runner version: '2.337.0'
2026-09-30T16:51:56.2484080Z ##[group]Runner Image Provisioner
2026-09-30T16:51:56.2485676Z Hosted Compute Agent
2026-09-30T16:51:56.2486893Z Version: 20260901.588
2026-09-30T16:51:56.2487976Z Commit: f88ec8081b781fac6c440065ac7ff9e710ce3d0b
2026-09-30T16:51:56.2489284Z Build Date: 2026-09-01T19:56:44Z
2026-09-30T16:51:56.2490509Z Worker ID: {a6e7123f-869b-4a32-9fac-cbbfc4483207}
2026-09-30T16:51:56.2491701Z Azure Region: eastus2
2026-09-30T16:51:56.2492736Z ##[endgroup]
2026-09-30T16:51:56.2495370Z ##[group]Operating System
2026-09-30T16:51:56.2496454Z Ubuntu
2026-09-30T16:51:56.2497369Z 24.04.5
2026-09-30T16:51:56.2498243Z LTS
2026-09-30T16:51:56.2499119Z ##[endgroup]
2026-09-30T16:51:56.2500062Z ##[group]Runner Image
2026-09-30T16:51:56.2501820Z Image: ubuntu-24.04
2026-09-30T16:51:56.2502812Z Version: 20260927.320.1
2026-09-30T16:51:56.2505678Z Included Software: https://github.com/actions/runner-images/blob/ubuntu24/20260927.320/images/ubuntu/Ubuntu2404-Readme.md
2026-09-30T16:51:56.2508461Z Image Release: https://github.com/actions/runner-images/releases/tag/ubuntu24%2F20260927.320
2026-09-30T16:51:56.2510258Z ##[endgroup]
2026-09-30T16:51:56.2512047Z ##[group]GITHUB_TOKEN Permissions
2026-09-30T16:51:56.2515420Z Contents: read
2026-09-30T16:51:56.2516341Z Metadata: read
2026-09-30T16:51:56.2517344Z ##[endgroup]
2026-09-30T16:51:56.2520252Z Secret source: Actions
2026-09-30T16:51:56.2521852Z Cache mode: write
2026-09-30T16:51:56.2523283Z Prepare workflow directory
2026-09-30T16:51:56.3002150Z Prepare all required actions
2026-09-30T16:51:56.3073574Z Getting action download info
2026-09-30T16:51:56.5579101Z Download action repository 'actions/checkout@11d5960a326750d5838078e36cf38b85af677262' (SHA:11d5960a326750d5838078e36cf38b85af677262)
2026-09-30T16:51:56.6449776Z Download action repository 'actions/setup-python@a26af69be951a213d495a4c3e4e4022e16d87065' (SHA:a26af69be951a213d495a4c3e4e4022e16d87065)
2026-09-30T16:51:56.7220441Z Download action repository 'actions/upload-artifact@ea165f8d65b6e75b540449e92b4886f43607fa02' (SHA:ea165f8d65b6e75b540449e92b4886f43607fa02)
2026-09-30T16:51:56.9347545Z Complete job name: science
2026-09-30T16:51:57.0122423Z ##[group]Run actions/checkout@11d5960a326750d5838078e36cf38b85af677262
2026-09-30T16:51:57.0123488Z with:
2026-09-30T16:51:57.0123916Z   fetch-depth: 64
2026-09-30T16:51:57.0124657Z   repository: proteinfoldingengine/WetLabEngine
2026-09-30T16:51:57.0128441Z   token: ***
2026-09-30T16:51:57.0128869Z   ssh-strict: true
2026-09-30T16:51:57.0129290Z   ssh-user: git
2026-09-30T16:51:57.0129727Z   persist-credentials: true
2026-09-30T16:51:57.0130213Z   clean: true
2026-09-30T16:51:57.0130648Z   sparse-checkout-cone-mode: true
2026-09-30T16:51:57.0131165Z   fetch-tags: false
2026-09-30T16:51:57.0131601Z   show-progress: true
2026-09-30T16:51:57.0132036Z   lfs: false
2026-09-30T16:51:57.0132448Z   submodules: false
2026-09-30T16:51:57.0132894Z   set-safe-directory: true
2026-09-30T16:51:57.0133401Z   allow-unsafe-pr-checkout: false
2026-09-30T16:51:57.0134209Z ##[endgroup]
2026-09-30T16:51:57.1159669Z Syncing repository: proteinfoldingengine/WetLabEngine
2026-09-30T16:51:57.1161612Z ##[group]Getting Git version info
2026-09-30T16:51:57.1162392Z Working directory is '/home/runner/work/WetLabEngine/WetLabEngine'
2026-09-30T16:51:57.1164196Z [command]/usr/bin/git version
2026-09-30T16:51:57.1243657Z git version 2.55.0
2026-09-30T16:51:57.1299022Z ##[endgroup]
2026-09-30T16:51:57.1314557Z Temporarily overriding HOME='/home/runner/work/_temp/7ec9f972-97e0-46ae-a19b-09973b154a53' before making global git config changes
2026-09-30T16:51:57.1316970Z Adding repository directory to the temporary git global config as a safe directory
2026-09-30T16:51:57.1321130Z [command]/usr/bin/git config --global --add safe.directory /home/runner/work/WetLabEngine/WetLabEngine
2026-09-30T16:51:57.1374032Z Deleting the contents of '/home/runner/work/WetLabEngine/WetLabEngine'
2026-09-30T16:51:57.1379351Z ##[group]Initializing the repository
2026-09-30T16:51:57.1383097Z [command]/usr/bin/git init /home/runner/work/WetLabEngine/WetLabEngine
2026-09-30T16:51:57.1515958Z hint: Using 'master' as the name for the initial branch. This default branch name
2026-09-30T16:51:57.1517602Z hint: will change to "main" in Git 3.0. To configure the initial branch name
2026-09-30T16:51:57.1519182Z hint: to use in all of your new repositories, which will suppress this warning,
2026-09-30T16:51:57.1520565Z hint: call:
2026-09-30T16:51:57.1521518Z hint:
2026-09-30T16:51:57.1522326Z hint: 	git config --global init.defaultBranch <name>
2026-09-30T16:51:57.1523414Z hint:
2026-09-30T16:51:57.1524638Z hint: Names commonly chosen instead of 'master' are 'main', 'trunk' and
2026-09-30T16:51:57.1526179Z hint: 'development'. The just-created branch can be renamed via this command:
2026-09-30T16:51:57.1527386Z hint:
2026-09-30T16:51:57.1528100Z hint: 	git branch -m <name>
2026-09-30T16:51:57.1528913Z hint:
2026-09-30T16:51:57.1530065Z hint: Disable this message with "git config set advice.defaultBranchName false"
2026-09-30T16:51:57.1531876Z Initialized empty Git repository in /home/runner/work/WetLabEngine/WetLabEngine/.git/
2026-09-30T16:51:57.1534990Z [command]/usr/bin/git remote add origin https://github.com/proteinfoldingengine/WetLabEngine
2026-09-30T16:51:57.1599776Z ##[endgroup]
2026-09-30T16:51:57.1600997Z ##[group]Disabling automatic garbage collection
2026-09-30T16:51:57.1602065Z [command]/usr/bin/git config --local gc.auto 0
2026-09-30T16:51:57.1628327Z ##[endgroup]
2026-09-30T16:51:57.1629975Z ##[group]Setting up auth
2026-09-30T16:51:57.1636195Z [command]/usr/bin/git config --local --name-only --get-regexp core\.sshCommand
2026-09-30T16:51:57.1671367Z [command]/usr/bin/git submodule foreach --recursive sh -c "git config --local --name-only --get-regexp 'core\.sshCommand' && git config --local --unset-all 'core.sshCommand' || :"
2026-09-30T16:51:57.2050991Z [command]/usr/bin/git config --local --name-only --get-regexp http\.https\:\/\/github\.com\/\.extraheader
2026-09-30T16:51:57.2100505Z [command]/usr/bin/git submodule foreach --recursive sh -c "git config --local --name-only --get-regexp 'http\.https\:\/\/github\.com\/\.extraheader' && git config --local --unset-all 'http.https://github.com/.extraheader' || :"
2026-09-30T16:51:57.2339341Z [command]/usr/bin/git config --local --name-only --get-regexp ^includeIf\.gitdir:
2026-09-30T16:51:57.2383676Z [command]/usr/bin/git submodule foreach --recursive git config --local --show-origin --name-only --get-regexp remote.origin.url
2026-09-30T16:51:57.2641256Z [command]/usr/bin/git config --local http.https://github.com/.extraheader AUTHORIZATION: basic ***
2026-09-30T16:51:57.2713780Z ##[endgroup]
2026-09-30T16:51:57.2728756Z ##[group]Fetching the repository
2026-09-30T16:51:57.2730765Z [command]/usr/bin/git -c protocol.version=2 fetch --no-tags --prune --no-recurse-submodules --depth=64 origin +257958783fec742f1d6b9e7b9bca25548c3b2e01:refs/remotes/origin/research/v16.37-certified-closure
2026-09-30T16:52:07.4332160Z From https://github.com/proteinfoldingengine/WetLabEngine
2026-09-30T16:52:07.4335385Z  * [new ref]         257958783fec742f1d6b9e7b9bca25548c3b2e01 -> origin/research/v16.37-certified-closure
2026-09-30T16:52:07.4340659Z ##[endgroup]
2026-09-30T16:52:07.4342725Z ##[group]Determining the checkout info
2026-09-30T16:52:07.4345285Z ##[endgroup]
2026-09-30T16:52:07.4346901Z [command]/usr/bin/git sparse-checkout disable
2026-09-30T16:52:07.4401968Z [command]/usr/bin/git config --local --unset-all extensions.worktreeConfig
2026-09-30T16:52:07.4437667Z ##[group]Checking out the ref
2026-09-30T16:52:07.4443351Z [command]/usr/bin/git checkout --progress --force -B research/v16.37-certified-closure refs/remotes/origin/research/v16.37-certified-closure
2026-09-30T16:52:08.5186838Z Updating files:  53% (2957/5486)
2026-09-30T16:52:08.5222120Z Updating files:  54% (2963/5486)
2026-09-30T16:52:08.5275446Z Updating files:  55% (3018/5486)
2026-09-30T16:52:08.5311136Z Updating files:  56% (3073/5486)
2026-09-30T16:52:08.5339674Z Updating files:  57% (3128/5486)
2026-09-30T16:52:08.5649568Z Updating files:  58% (3182/5486)
2026-09-30T16:52:08.6103199Z Updating files:  59% (3237/5486)
2026-09-30T16:52:08.6129485Z Updating files:  60% (3292/5486)
2026-09-30T16:52:08.6152499Z Updating files:  61% (3347/5486)
2026-09-30T16:52:08.6288276Z Updating files:  62% (3402/5486)
2026-09-30T16:52:08.6379359Z Updating files:  63% (3457/5486)
2026-09-30T16:52:08.6539427Z Updating files:  64% (3512/5486)
2026-09-30T16:52:08.6666643Z Updating files:  65% (3566/5486)
2026-09-30T16:52:08.6702771Z Updating files:  66% (3621/5486)
2026-09-30T16:52:08.7115509Z Updating files:  67% (3676/5486)
2026-09-30T16:52:08.8461506Z Updating files:  68% (3731/5486)
2026-09-30T16:52:09.0256407Z Updating files:  69% (3786/5486)
2026-09-30T16:52:09.0281177Z Updating files:  70% (3841/5486)
2026-09-30T16:52:09.2019355Z Updating files:  71% (3896/5486)
2026-09-30T16:52:09.2646027Z Updating files:  72% (3950/5486)
2026-09-30T16:52:09.3586504Z Updating files:  73% (4005/5486)
2026-09-30T16:52:09.4096735Z Updating files:  74% (4060/5486)
2026-09-30T16:52:09.4218400Z Updating files:  75% (4115/5486)
2026-09-30T16:52:09.4284120Z Updating files:  76% (4170/5486)
2026-09-30T16:52:09.4754897Z Updating files:  77% (4225/5486)
2026-09-30T16:52:09.4791572Z Updating files:  77% (4246/5486)
2026-09-30T16:52:09.4822212Z Updating files:  78% (4280/5486)
2026-09-30T16:52:09.4857785Z Updating files:  79% (4334/5486)
2026-09-30T16:52:09.4890746Z Updating files:  80% (4389/5486)
2026-09-30T16:52:09.4924068Z Updating files:  81% (4444/5486)
2026-09-30T16:52:09.4973139Z Updating files:  82% (4499/5486)
2026-09-30T16:52:09.5034629Z Updating files:  83% (4554/5486)
2026-09-30T16:52:09.5074262Z Updating files:  84% (4609/5486)
2026-09-30T16:52:09.5120692Z Updating files:  85% (4664/5486)
2026-09-30T16:52:09.5259728Z Updating files:  86% (4718/5486)
2026-09-30T16:52:09.8930723Z Updating files:  87% (4773/5486)
2026-09-30T16:52:09.8998923Z Updating files:  88% (4828/5486)
2026-09-30T16:52:09.9260513Z Updating files:  89% (4883/5486)
2026-09-30T16:52:09.9521377Z Updating files:  90% (4938/5486)
2026-09-30T16:52:09.9673447Z Updating files:  91% (4993/5486)
2026-09-30T16:52:10.0093844Z Updating files:  92% (5048/5486)
2026-09-30T16:52:10.0404788Z Updating files:  93% (5102/5486)
2026-09-30T16:52:10.0452264Z Updating files:  94% (5157/5486)
2026-09-30T16:52:10.0497290Z Updating files:  95% (5212/5486)
2026-09-30T16:52:10.0598454Z Updating files:  96% (5267/5486)
2026-09-30T16:52:10.0647955Z Updating files:  97% (5322/5486)
2026-09-30T16:52:10.0791301Z Updating files:  98% (5377/5486)
2026-09-30T16:52:10.0836770Z Updating files:  99% (5432/5486)
2026-09-30T16:52:10.0837402Z Updating files: 100% (5486/5486)
2026-09-30T16:52:10.0837889Z Updating files: 100% (5486/5486), done.
2026-09-30T16:52:10.0908844Z Switched to a new branch 'research/v16.37-certified-closure'
2026-09-30T16:52:10.0912786Z branch 'research/v16.37-certified-closure' set up to track 'origin/research/v16.37-certified-closure'.
2026-09-30T16:52:10.1009068Z ##[endgroup]
2026-09-30T16:52:10.1052939Z [command]/usr/bin/git log -1 --format=%H
2026-09-30T16:52:10.1085265Z 257958783fec742f1d6b9e7b9bca25548c3b2e01
2026-09-30T16:52:10.1415574Z ##[group]Run actions/setup-python@a26af69be951a213d495a4c3e4e4022e16d87065
2026-09-30T16:52:10.1416059Z with:
2026-09-30T16:52:10.1416271Z   python-version: 3.11
2026-09-30T16:52:10.1416517Z   check-latest: false
2026-09-30T16:52:10.1418927Z   token: ***
2026-09-30T16:52:10.1419154Z   update-environment: true
2026-09-30T16:52:10.1419422Z   allow-prereleases: false
2026-09-30T16:52:10.1419661Z   freethreaded: false
2026-09-30T16:52:10.1419876Z ##[endgroup]
2026-09-30T16:52:10.2800752Z ##[group]Installed versions
2026-09-30T16:52:10.2886424Z (node:2339) [DEP0040] DeprecationWarning: The `punycode` module is deprecated. Please use a userland alternative instead.
2026-09-30T16:52:10.2887672Z (Use `node --trace-deprecation ...` to show where the warning was created)
2026-09-30T16:52:10.2888388Z Successfully set up CPython (3.11.16)
2026-09-30T16:52:10.2889600Z ##[endgroup]
2026-09-30T16:52:10.3090903Z ##[group]Run python -m pip install sympy==1.13.3 mpmath==1.3.0
2026-09-30T16:52:10.3091722Z [36;1mpython -m pip install sympy==1.13.3 mpmath==1.3.0[0m
2026-09-30T16:52:10.3419819Z shell: /usr/bin/bash -e {0}
2026-09-30T16:52:10.3420137Z env:
2026-09-30T16:52:10.3420440Z   pythonLocation: /opt/hostedtoolcache/Python/3.11.16/x64
2026-09-30T16:52:10.3420950Z   PKG_CONFIG_PATH: /opt/hostedtoolcache/Python/3.11.16/x64/lib/pkgconfig
2026-09-30T16:52:10.3421430Z   Python_ROOT_DIR: /opt/hostedtoolcache/Python/3.11.16/x64
2026-09-30T16:52:10.3421843Z   Python2_ROOT_DIR: /opt/hostedtoolcache/Python/3.11.16/x64
2026-09-30T16:52:10.3422239Z   Python3_ROOT_DIR: /opt/hostedtoolcache/Python/3.11.16/x64
2026-09-30T16:52:10.3422644Z   LD_LIBRARY_PATH: /opt/hostedtoolcache/Python/3.11.16/x64/lib
2026-09-30T16:52:10.3422980Z ##[endgroup]
2026-09-30T16:52:11.1831165Z Collecting sympy==1.13.3
2026-09-30T16:52:11.2444077Z   Downloading sympy-1.13.3-py3-none-any.whl.metadata (12 kB)
2026-09-30T16:52:11.2646703Z Collecting mpmath==1.3.0
2026-09-30T16:52:11.2724381Z   Downloading mpmath-1.3.0-py3-none-any.whl.metadata (8.6 kB)
2026-09-30T16:52:11.2912204Z Downloading sympy-1.13.3-py3-none-any.whl (6.2 MB)
2026-09-30T16:52:11.4988094Z    ━━━━━━━━━━━━━━━━━━━━━━━━━━━━━━━━━━━━━━━━ 6.2/6.2 MB 33.0 MB/s  0:00:00
2026-09-30T16:52:11.5070839Z Downloading mpmath-1.3.0-py3-none-any.whl (536 kB)
2026-09-30T16:52:11.5180217Z    ━━━━━━━━━━━━━━━━━━━━━━━━━━━━━━━━━━━━━━━━ 536.2/536.2 kB 37.9 MB/s  0:00:00
2026-09-30T16:52:11.5882533Z Installing collected packages: mpmath, sympy
2026-09-30T16:52:16.8660142Z 
2026-09-30T16:52:16.8668952Z Successfully installed mpmath-1.3.0 sympy-1.13.3
2026-09-30T16:52:16.9134132Z ##[group]Run set -euo pipefail
2026-09-30T16:52:16.9134862Z [36;1mset -euo pipefail[0m
2026-09-30T16:52:16.9135237Z [36;1mmkdir -p out/v1637/logs[0m
2026-09-30T16:52:16.9135603Z [36;1mD=ResearchHistory/UQCF-GEM/demos/v16.37-certified-closure[0m
2026-09-30T16:52:16.9136215Z [36;1mif python "$D/test_historical_contract.py" > out/v1637/logs/historical-red.log 2>&1; then exit 1; fi[0m
2026-09-30T16:52:16.9136973Z [36;1mgrep -q "AssertionError: ('HISTORICAL_LABEL_LOSS', (3, 2, 3), (3, 1, 3))" out/v1637/logs/historical-red.log[0m
2026-09-30T16:52:16.9137563Z [36;1mpython "$D/test_gate.py" 2>&1 | tee out/v1637/logs/tests.log[0m
2026-09-30T16:52:16.9203556Z shell: /usr/bin/bash -e {0}
2026-09-30T16:52:16.9203817Z env:
2026-09-30T16:52:16.9204091Z   pythonLocation: /opt/hostedtoolcache/Python/3.11.16/x64
2026-09-30T16:52:16.9204696Z   PKG_CONFIG_PATH: /opt/hostedtoolcache/Python/3.11.16/x64/lib/pkgconfig
2026-09-30T16:52:16.9205175Z   Python_ROOT_DIR: /opt/hostedtoolcache/Python/3.11.16/x64
2026-09-30T16:52:16.9205586Z   Python2_ROOT_DIR: /opt/hostedtoolcache/Python/3.11.16/x64
2026-09-30T16:52:16.9205980Z   Python3_ROOT_DIR: /opt/hostedtoolcache/Python/3.11.16/x64
2026-09-30T16:52:16.9206435Z   LD_LIBRARY_PATH: /opt/hostedtoolcache/Python/3.11.16/x64/lib
2026-09-30T16:52:16.9206768Z ##[endgroup]
2026-09-30T16:52:17.0545872Z test_changed_historical_value_rejected (__main__.Gates.test_changed_historical_value_rejected) ... ok
2026-09-30T16:52:17.0571987Z test_constructive_small_universe (__main__.Gates.test_constructive_small_universe) ... ok
2026-09-30T16:52:17.0583945Z test_duplicate_graph (__main__.Gates.test_duplicate_graph) ... ok
2026-09-30T16:52:17.0599597Z test_duplicate_pair (__main__.Gates.test_duplicate_pair) ... ok
2026-09-30T16:52:17.0633191Z test_false_endpoint_count (__main__.Gates.test_false_endpoint_count) ... ok
2026-09-30T16:52:17.0649865Z test_false_lower_threshold_cut (__main__.Gates.test_false_lower_threshold_cut) ... ok
2026-09-30T16:52:17.0658502Z test_float_certificate_rejected (__main__.Gates.test_float_certificate_rejected) ... ok
2026-09-30T16:52:17.0675148Z test_illegal_path (__main__.Gates.test_illegal_path) ... ok
2026-09-30T16:52:17.0676513Z test_lex_label_loss_control (__main__.Gates.test_lex_label_loss_control) ... ok
2026-09-30T16:52:17.0689253Z test_missing_graph (__main__.Gates.test_missing_graph) ... ok
2026-09-30T16:52:17.0704057Z test_missing_pair (__main__.Gates.test_missing_pair) ... ok
2026-09-30T16:52:17.0713707Z test_missing_required_field (__main__.Gates.test_missing_required_field) ... ok
2026-09-30T16:52:17.0750822Z test_missing_state (__main__.Gates.test_missing_state) ... ok
2026-09-30T16:52:17.2284407Z test_pair_order_accepted (__main__.Gates.test_pair_order_accepted) ... ok
2026-09-30T16:52:17.2296317Z test_same_count_substitution (__main__.Gates.test_same_count_substitution) ... ok
2026-09-30T16:52:17.2297444Z test_scalar_versus_lex_objective (__main__.Gates.test_scalar_versus_lex_objective) ... ok
2026-09-30T16:52:17.2852831Z test_shape_enumerators (__main__.Gates.test_shape_enumerators) ... ok
2026-09-30T16:52:17.2885586Z test_valid_graph_order (__main__.Gates.test_valid_graph_order) ... ok
2026-09-30T16:52:17.2904697Z test_wrong_barrier (__main__.Gates.test_wrong_barrier) ... ok
2026-09-30T16:52:17.2914311Z test_wrong_domain (__main__.Gates.test_wrong_domain) ... ok
2026-09-30T16:52:17.2925133Z test_wrong_q (__main__.Gates.test_wrong_q) ... ok
2026-09-30T16:52:17.2941053Z test_wrong_representative (__main__.Gates.test_wrong_representative) ... ok
2026-09-30T16:52:17.2973855Z test_wrong_verdict (__main__.Gates.test_wrong_verdict) ... ok
2026-09-30T16:52:17.3197997Z test_bound_provenance_accepts (__main__.Provenance.test_bound_provenance_accepts) ... ok
2026-09-30T16:52:17.3199141Z test_changed_and_omitted_source_rejected (__main__.Provenance.test_changed_and_omitted_source_rejected) ... ok
2026-09-30T16:52:17.3200705Z test_false_provenance_rejected (__main__.Provenance.test_false_provenance_rejected) ... ok
2026-09-30T16:52:17.3201720Z 
2026-09-30T16:52:17.3201987Z ----------------------------------------------------------------------
2026-09-30T16:52:17.3202585Z Ran 26 tests in 0.280s
2026-09-30T16:52:17.3202790Z 
2026-09-30T16:52:17.3202916Z OK
2026-09-30T16:52:17.3346965Z ##[group]Run set -euo pipefail
2026-09-30T16:52:17.3347291Z [36;1mset -euo pipefail[0m
2026-09-30T16:52:17.3347937Z [36;1mpython ResearchHistory/UQCF-GEM/demos/v16.37-certified-closure/run_campaign.py out/v1637/scientific 2>&1 | tee out/v1637/logs/science.log[0m
2026-09-30T16:52:17.3411012Z shell: /usr/bin/bash -e {0}
2026-09-30T16:52:17.3411269Z env:
2026-09-30T16:52:17.3411541Z   pythonLocation: /opt/hostedtoolcache/Python/3.11.16/x64
2026-09-30T16:52:17.3411993Z   PKG_CONFIG_PATH: /opt/hostedtoolcache/Python/3.11.16/x64/lib/pkgconfig
2026-09-30T16:52:17.3412451Z   Python_ROOT_DIR: /opt/hostedtoolcache/Python/3.11.16/x64
2026-09-30T16:52:17.3412850Z   Python2_ROOT_DIR: /opt/hostedtoolcache/Python/3.11.16/x64
2026-09-30T16:52:17.3413268Z   Python3_ROOT_DIR: /opt/hostedtoolcache/Python/3.11.16/x64
2026-09-30T16:52:17.3413671Z   LD_LIBRARY_PATH: /opt/hostedtoolcache/Python/3.11.16/x64/lib
2026-09-30T16:52:17.3413998Z ##[endgroup]
2026-09-30T16:52:20.5823792Z {"outcome":"BOUNDED_UNIT_ONLY","raw_bytes":446574,"raw_sha256":"932b8a88a2fa1a15e5428f99564ae161cad9712468c929cb210e710820a715f0","summary":{"component_pairs":69,"endpoint_pairs":77,"graphs":51,"nonunit_pairs":0,"objective_distinctions":0,"states":6325},"universal_unit_law":"UNRESOLVED"}
2026-09-30T16:52:20.5826265Z 
2026-09-30T16:52:20.5924766Z ##[group]Run set -euo pipefail
2026-09-30T16:52:20.5925125Z [36;1mset -euo pipefail[0m
2026-09-30T16:52:20.5925823Z [36;1mwhile IFS= read -r path; do python "$path"; done < ResearchHistory/UQCF-GEM/demos/v16.37-certified-closure/inherited.txt 2>&1 | tee out/v1637/logs/inherited.log[0m
2026-09-30T16:52:20.5991390Z shell: /usr/bin/bash -e {0}
2026-09-30T16:52:20.5991642Z env:
2026-09-30T16:52:20.5991914Z   pythonLocation: /opt/hostedtoolcache/Python/3.11.16/x64
2026-09-30T16:52:20.5992365Z   PKG_CONFIG_PATH: /opt/hostedtoolcache/Python/3.11.16/x64/lib/pkgconfig
2026-09-30T16:52:20.5992807Z   Python_ROOT_DIR: /opt/hostedtoolcache/Python/3.11.16/x64
2026-09-30T16:52:20.5993225Z   Python2_ROOT_DIR: /opt/hostedtoolcache/Python/3.11.16/x64
2026-09-30T16:52:20.5993633Z   Python3_ROOT_DIR: /opt/hostedtoolcache/Python/3.11.16/x64
2026-09-30T16:52:20.5994243Z   LD_LIBRARY_PATH: /opt/hostedtoolcache/Python/3.11.16/x64/lib
2026-09-30T16:52:20.5994838Z ##[endgroup]
2026-09-30T16:52:42.8821780Z test_complete_small (__main__.T.test_complete_small) ... ok
2026-09-30T16:52:56.1350572Z test_extra_duplicate_pair_rejected (__main__.T.test_extra_duplicate_pair_rejected) ... ok
2026-09-30T16:53:09.2506802Z test_false_barrier_rejected (__main__.T.test_false_barrier_rejected) ... ok
2026-09-30T16:53:31.5192129Z test_false_extension_count_rejected (__main__.T.test_false_extension_count_rejected) ... ok
2026-09-30T16:53:44.7333878Z test_false_gate_d_rejected (__main__.T.test_false_gate_d_rejected) ... ok
2026-09-30T16:53:58.0050369Z test_false_group_count_rejected (__main__.T.test_false_group_count_rejected) ... ok
2026-09-30T16:54:11.3486114Z test_false_signature_rejected (__main__.T.test_false_signature_rejected) ... ok
2026-09-30T16:54:33.7127193Z test_false_ultrametric_count_rejected (__main__.T.test_false_ultrametric_count_rejected) ... ok
2026-09-30T16:54:55.9508537Z test_hidden_exclusion_rejected (__main__.T.test_hidden_exclusion_rejected) ... ok
2026-09-30T16:55:09.1729666Z test_missing_gate_rejected (__main__.T.test_missing_gate_rejected) ... ok
2026-09-30T16:55:22.4299298Z test_omitted_valid_pair_rejected (__main__.T.test_omitted_valid_pair_rejected) ... ok
2026-09-30T16:55:39.5388639Z test_substituted_pair_rejected (__main__.T.test_substituted_pair_rejected) ... ok
2026-09-30T16:55:39.5389422Z 
2026-09-30T16:55:39.5389734Z ----------------------------------------------------------------------
2026-09-30T16:55:39.5390372Z Ran 12 tests in 198.895s
2026-09-30T16:55:39.5390688Z 
2026-09-30T16:55:39.5390845Z OK
2026-09-30T16:55:39.6172211Z test_bad_alternative_minimax_rejected (__main__.T.test_bad_alternative_minimax_rejected) ... ok
2026-09-30T16:55:39.6316011Z test_bad_path_certificate_rejected (__main__.T.test_bad_path_certificate_rejected) ... ok
2026-09-30T16:55:39.6528164Z test_complete_small (__main__.T.test_complete_small) ... ok
2026-09-30T16:55:39.6727647Z test_corrupt_component_range_rejected (__main__.T.test_corrupt_component_range_rejected) ... ok
2026-09-30T16:55:39.6873202Z test_corrupt_localization_rejected (__main__.T.test_corrupt_localization_rejected) ... ok
2026-09-30T16:55:39.7018062Z test_false_bulk_count_rejected (__main__.T.test_false_bulk_count_rejected) ... ok
2026-09-30T16:55:39.7232613Z test_false_compulsory_coordinate_rejected (__main__.T.test_false_compulsory_coordinate_rejected) ... ok
2026-09-30T16:55:39.7436851Z test_false_gate_c_rejected (__main__.T.test_false_gate_c_rejected) ... ok
2026-09-30T16:55:39.7641031Z test_false_gate_d_rejected (__main__.T.test_false_gate_d_rejected) ... ok
2026-09-30T16:55:39.7854545Z test_false_gate_e_classification_rejected (__main__.T.test_false_gate_e_classification_rejected) ... ok
2026-09-30T16:55:39.8067965Z test_false_gate_e_rejected (__main__.T.test_false_gate_e_rejected) ... ok
2026-09-30T16:55:39.8282115Z test_false_possible_coordinate_rejected (__main__.T.test_false_possible_coordinate_rejected) ... ok
2026-09-30T16:55:39.8424377Z test_false_zero_rejected (__main__.T.test_false_zero_rejected) ... ok
2026-09-30T16:55:39.8512404Z test_missing_gate_adjudication_rejected (__main__.T.test_missing_gate_adjudication_rejected) ... ok
2026-09-30T16:55:39.8658924Z test_omitted_positive_pair_rejected (__main__.T.test_omitted_positive_pair_rejected) ... ok
2026-09-30T16:55:39.8877936Z test_positive_witness (__main__.T.test_positive_witness) ... ok
2026-09-30T16:55:39.8878597Z 
2026-09-30T16:55:39.8879206Z ----------------------------------------------------------------------
2026-09-30T16:55:39.8879985Z Ran 16 tests in 0.304s
2026-09-30T16:55:39.8880194Z 
2026-09-30T16:55:39.8880303Z OK
2026-09-30T16:55:39.9490985Z test_complete_small (__main__.T.test_complete_small) ... ok
2026-09-30T16:55:39.9612328Z test_connectivity_not_trusted (__main__.T.test_connectivity_not_trusted) ... ok
2026-09-30T16:55:39.9614358Z test_minimum_cover_exact_control (__main__.T.test_minimum_cover_exact_control) ... ok
2026-09-30T16:55:39.9616338Z test_omitted_minimum_cover_rejected (__main__.T.test_omitted_minimum_cover_rejected) ... ok
2026-09-30T16:55:39.9616959Z 
2026-09-30T16:55:39.9617934Z ----------------------------------------------------------------------
2026-09-30T16:55:39.9618462Z Ran 4 tests in 0.031s
2026-09-30T16:55:39.9618647Z 
2026-09-30T16:55:39.9618745Z OK
2026-09-30T16:55:40.0103770Z test_changed_tau_move_rejected_as_invisible (__main__.T.test_changed_tau_move_rejected_as_invisible) ... ok
2026-09-30T16:55:40.0264876Z test_complete_small (__main__.T.test_complete_small) ... ok
2026-09-30T16:55:40.0275371Z test_fake_unique_minimum_rejected (__main__.T.test_fake_unique_minimum_rejected) ... ok
2026-09-30T16:55:40.0276891Z test_invisible_and_visible_controls (__main__.T.test_invisible_and_visible_controls) ... ok
2026-09-30T16:55:40.0384305Z test_verifier_rejects_false_bulk_counts (__main__.T.test_verifier_rejects_false_bulk_counts) ... ok
2026-09-30T16:55:40.0492649Z test_verifier_rejects_false_connectivity (__main__.T.test_verifier_rejects_false_connectivity) ... ok
2026-09-30T16:55:40.0598574Z test_verifier_rejects_missing_class (__main__.T.test_verifier_rejects_missing_class) ... ok
2026-09-30T16:55:40.0706019Z test_verifier_rejects_omitted_member (__main__.T.test_verifier_rejects_omitted_member) ... ok
2026-09-30T16:55:40.0706703Z 
2026-09-30T16:55:40.0706951Z ----------------------------------------------------------------------
2026-09-30T16:55:40.0716053Z Ran 8 tests in 0.068s
2026-09-30T16:55:40.0716351Z 
2026-09-30T16:55:40.0716452Z OK
2026-09-30T16:55:40.1259747Z test_actual_collision_if_claimed (__main__.Tests.test_actual_collision_if_claimed) ... ok
2026-09-30T16:55:40.1262608Z test_changed_interval_rejected (__main__.Tests.test_changed_interval_rejected) ... ok
2026-09-30T16:55:40.1263778Z test_coarse_checker_collision (__main__.Tests.test_coarse_checker_collision) ... ok
2026-09-30T16:55:40.1266603Z test_fabricated_collision_rejected (__main__.Tests.test_fabricated_collision_rejected) ... ok
2026-09-30T16:55:40.1269375Z test_signature_must_not_contain_state_mask (__main__.Tests.test_signature_must_not_contain_state_mask) ... ok
2026-09-30T16:55:40.1270132Z 
2026-09-30T16:55:40.1270396Z ----------------------------------------------------------------------
2026-09-30T16:55:40.1270983Z Ran 5 tests in 0.013s
2026-09-30T16:55:40.1271269Z 
2026-09-30T16:55:40.1271395Z OK
2026-09-30T16:55:40.1853574Z test_actual_relabeling_and_view_storage (__main__.Tests.test_actual_relabeling_and_view_storage) ... ok
2026-09-30T16:55:40.1858315Z test_boolean_profile (__main__.Tests.test_boolean_profile) ... ok
2026-09-30T16:55:40.2071952Z test_complete_small_universe (__main__.Tests.test_complete_small_universe) ... ok
2026-09-30T16:55:40.2075356Z test_cross_parent_edge (__main__.Tests.test_cross_parent_edge) ... ok
2026-09-30T16:55:40.2123867Z test_duplicate_endpoint (__main__.Tests.test_duplicate_endpoint) ... ok
2026-09-30T16:55:40.2127841Z test_fabricated_cartesian_count (__main__.Tests.test_fabricated_cartesian_count) ... ok
2026-09-30T16:55:40.2131218Z test_false_profile (__main__.Tests.test_false_profile) ... ok
2026-09-30T16:55:40.2192342Z test_false_relabeling (__main__.Tests.test_false_relabeling) ... ok
2026-09-30T16:55:40.2194136Z test_foreign_origin (__main__.Tests.test_foreign_origin) ... ok
2026-09-30T16:55:40.2196923Z test_identity (__main__.Tests.test_identity) ... ok
2026-09-30T16:55:40.2199959Z test_invalid_endpoint_inputs (__main__.Tests.test_invalid_endpoint_inputs) ... ok
2026-09-30T16:55:40.2207842Z test_missing_actual_edge (__main__.Tests.test_missing_actual_edge) ... ok
2026-09-30T16:55:40.2208889Z test_missing_document_sections (__main__.Tests.test_missing_document_sections) ... ok
2026-09-30T16:55:40.2256812Z test_missing_endpoint (__main__.Tests.test_missing_endpoint) ... ok
2026-09-30T16:55:40.2259857Z test_missing_local_table (__main__.Tests.test_missing_local_table) ... ok
2026-09-30T16:55:40.2306343Z test_missing_shape (__main__.Tests.test_missing_shape) ... ok
2026-09-30T16:55:40.2309359Z test_missing_state (__main__.Tests.test_missing_state) ... ok
2026-09-30T16:55:40.2313804Z test_noncartesian_nonconstant_chain (__main__.Tests.test_noncartesian_nonconstant_chain) ... ok
2026-09-30T16:55:40.2320281Z test_retained_third_order (__main__.Tests.test_retained_third_order) ... ok
2026-09-30T16:55:40.2321929Z test_synthetic_cubic_all_background_not_baseline (__main__.Tests.test_synthetic_cubic_all_background_not_baseline) ... ok
2026-09-30T16:55:40.2341682Z test_synthetic_separate_components (__main__.Tests.test_synthetic_separate_components) ... ok
2026-09-30T16:55:40.2342729Z test_valid_reversed_records (__main__.Tests.test_valid_reversed_records) ... ok
2026-09-30T16:55:40.2447137Z test_verifier_no_producer_import (__main__.Tests.test_verifier_no_producer_import) ... ok
2026-09-30T16:55:40.2451165Z test_wrong_component_values (__main__.Tests.test_wrong_component_values) ... ok
2026-09-30T16:55:40.2452514Z test_wrong_cube_shape (__main__.Tests.test_wrong_cube_shape) ... ok
2026-09-30T16:55:40.2456315Z test_wrong_mobius (__main__.Tests.test_wrong_mobius) ... ok
2026-09-30T16:55:40.2459425Z test_wrong_parent_prelude (__main__.Tests.test_wrong_parent_prelude) ... ok
2026-09-30T16:55:40.2462067Z test_wrong_predecessor (__main__.Tests.test_wrong_predecessor) ... ok
2026-09-30T16:55:40.2462587Z 
2026-09-30T16:55:40.2462848Z ----------------------------------------------------------------------
2026-09-30T16:55:40.2465074Z Ran 28 tests in 0.076s
2026-09-30T16:55:40.2465337Z 
2026-09-30T16:55:40.2465423Z OK
2026-09-30T16:55:40.2950957Z test_fabricated_summary_is_not_complete (__main__.Contract.test_fabricated_summary_is_not_complete) ... ok
2026-09-30T16:55:40.2955283Z test_no_sections_is_not_complete (__main__.Contract.test_no_sections_is_not_complete) ... ok
2026-09-30T16:55:40.2960064Z test_untyped_empty_edges_are_not_a_certificate (__main__.Contract.test_untyped_empty_edges_are_not_a_certificate) ... ok
2026-09-30T16:55:40.2960715Z 
2026-09-30T16:55:40.2961115Z ----------------------------------------------------------------------
2026-09-30T16:55:40.2961632Z Ran 3 tests in 0.004s
2026-09-30T16:55:40.2961880Z 
2026-09-30T16:55:40.2962212Z OK
2026-09-30T16:55:40.3467399Z test_complete_small (__main__.Tests.test_complete_small) ... ok
2026-09-30T16:55:40.3471096Z test_cross_parent_edge_rejected (__main__.Tests.test_cross_parent_edge_rejected) ... ok
2026-09-30T16:55:40.3476871Z test_masked_has_local_edge_with_zero_global (__main__.Tests.test_masked_has_local_edge_with_zero_global) ... ok
2026-09-30T16:55:40.3481980Z test_max_only_cross_parent_has_no_local_edge (__main__.Tests.test_max_only_cross_parent_has_no_local_edge) ... ok
2026-09-30T16:55:40.3483200Z test_pure_three_way_checker_detected (__main__.Tests.test_pure_three_way_checker_detected) ... ok
2026-09-30T16:55:40.3494937Z 
2026-09-30T16:55:40.3495261Z ----------------------------------------------------------------------
2026-09-30T16:55:40.3495903Z Ran 5 tests in 0.011s
2026-09-30T16:55:40.3496149Z 
2026-09-30T16:55:40.3496316Z OK
2026-09-30T16:55:40.4058664Z test_actual_relabeling (__main__.Tests.test_actual_relabeling) ... ok
2026-09-30T16:55:40.4062006Z test_boolean_event (__main__.Tests.test_boolean_event) ... ok
2026-09-30T16:55:40.4066711Z test_boolean_height (__main__.Tests.test_boolean_height) ... ok
2026-09-30T16:55:40.4132043Z test_complete_small_universe (__main__.Tests.test_complete_small_universe) ... ok
2026-09-30T16:55:40.4163041Z test_extra_duplicate_case (__main__.Tests.test_extra_duplicate_case) ... ok
2026-09-30T16:55:40.4177946Z test_false_relabeling (__main__.Tests.test_false_relabeling) ... ok
2026-09-30T16:55:40.4180381Z test_foreign_origin (__main__.Tests.test_foreign_origin) ... ok
2026-09-30T16:55:40.4182839Z test_invalid_inputs (__main__.Tests.test_invalid_inputs) ... ok
2026-09-30T16:55:40.4186976Z test_local_masked (__main__.Tests.test_local_masked) ... ok
2026-09-30T16:55:40.4217296Z test_missing_case (__main__.Tests.test_missing_case) ... ok
2026-09-30T16:55:40.4219607Z test_missing_profile (__main__.Tests.test_missing_profile) ... ok
2026-09-30T16:55:40.4233422Z test_missing_shape (__main__.Tests.test_missing_shape) ... ok
2026-09-30T16:55:40.4236326Z test_missing_state (__main__.Tests.test_missing_state) ... ok
2026-09-30T16:55:40.4240259Z test_negative_max_only (__main__.Tests.test_negative_max_only) ... ok
2026-09-30T16:55:40.4244199Z test_positive_max_only (__main__.Tests.test_positive_max_only) ... ok
2026-09-30T16:55:40.4247959Z test_reversed_events (__main__.Tests.test_reversed_events) ... ok
2026-09-30T16:55:40.4253055Z test_reversed_storage (__main__.Tests.test_reversed_storage) ... ok
2026-09-30T16:55:40.4256744Z test_transmitted_negative (__main__.Tests.test_transmitted_negative) ... ok
2026-09-30T16:55:40.4260011Z test_transmitted_positive (__main__.Tests.test_transmitted_positive) ... ok
2026-09-30T16:55:40.4346948Z test_verifier_no_producer_import (__main__.Tests.test_verifier_no_producer_import) ... ok
2026-09-30T16:55:40.4351371Z test_wrong_background (__main__.Tests.test_wrong_background) ... ok
2026-09-30T16:55:40.4356521Z test_wrong_class (__main__.Tests.test_wrong_class) ... ok
2026-09-30T16:55:40.4360794Z test_wrong_height (__main__.Tests.test_wrong_height) ... ok
2026-09-30T16:55:40.4365426Z test_wrong_local_interaction (__main__.Tests.test_wrong_local_interaction) ... ok
2026-09-30T16:55:40.4369617Z test_wrong_parent_pair (__main__.Tests.test_wrong_parent_pair) ... ok
2026-09-30T16:55:40.4374259Z test_wrong_prediction (__main__.Tests.test_wrong_prediction) ... ok
2026-09-30T16:55:40.4378683Z test_wrong_profile (__main__.Tests.test_wrong_profile) ... ok
2026-09-30T16:55:40.4383169Z test_wrong_scalar_sign (__main__.Tests.test_wrong_scalar_sign) ... ok
2026-09-30T16:55:40.4386563Z test_wrong_state (__main__.Tests.test_wrong_state) ... ok
2026-09-30T16:55:40.4390558Z test_zero_control (__main__.Tests.test_zero_control) ... ok
2026-09-30T16:55:40.4391171Z 
2026-09-30T16:55:40.4391546Z ----------------------------------------------------------------------
2026-09-30T16:55:40.4392168Z Ran 30 tests in 0.046s
2026-09-30T16:55:40.4392426Z 
2026-09-30T16:55:40.4392568Z OK
2026-09-30T16:55:40.4962256Z test_actual_lineage_and_storage_relabeling (__main__.Tests.test_actual_lineage_and_storage_relabeling) ... ok
2026-09-30T16:55:40.4967080Z test_boolean_h (__main__.Tests.test_boolean_h) ... ok
2026-09-30T16:55:40.4971381Z test_chain_interval_is_not_a_no_go (__main__.Tests.test_chain_interval_is_not_a_no_go) ... ok
2026-09-30T16:55:40.4974303Z test_changed_union_rejected_by_verifier (__main__.Tests.test_changed_union_rejected_by_verifier) ... ok
2026-09-30T16:55:44.6009820Z test_complete_small_universe (__main__.Tests.test_complete_small_universe) ... ok
2026-09-30T16:55:44.6012663Z test_false_h (__main__.Tests.test_false_h) ... ok
2026-09-30T16:55:44.6016926Z test_false_independence (__main__.Tests.test_false_independence) ... ok
2026-09-30T16:55:44.6028761Z test_false_metamorphic_copy (__main__.Tests.test_false_metamorphic_copy) ... ok
2026-09-30T16:55:44.6032235Z test_false_mixed_difference (__main__.Tests.test_false_mixed_difference) ... ok
2026-09-30T16:55:44.6035930Z test_false_witness_heights (__main__.Tests.test_false_witness_heights) ... ok
2026-09-30T16:55:44.6039874Z test_fitted_weights_not_accepted (__main__.Tests.test_fitted_weights_not_accepted) ... ok
2026-09-30T16:55:44.6041366Z test_foreign_origin (__main__.Tests.test_foreign_origin) ... ok
2026-09-30T16:55:44.6043809Z test_identity_control (__main__.Tests.test_identity_control) ... ok
2026-09-30T16:55:44.6046762Z test_illegal_inputs_rejected (__main__.Tests.test_illegal_inputs_rejected) ... ok
2026-09-30T16:55:44.6050047Z test_missing_diamond (__main__.Tests.test_missing_diamond) ... ok
2026-09-30T16:55:44.6071927Z test_missing_endpoint (__main__.Tests.test_missing_endpoint) ... ok
2026-09-30T16:55:44.6074273Z test_missing_predecessor_field (__main__.Tests.test_missing_predecessor_field) ... ok
2026-09-30T16:55:44.6085745Z test_missing_shape (__main__.Tests.test_missing_shape) ... ok
2026-09-30T16:55:44.6089052Z test_missing_state (__main__.Tests.test_missing_state) ... ok
2026-09-30T16:55:44.6092616Z test_missing_witness (__main__.Tests.test_missing_witness) ... ok
2026-09-30T16:55:44.6095912Z test_one_event_positive_weight (__main__.Tests.test_one_event_positive_weight) ... ok
2026-09-30T16:55:44.6099506Z test_parent_counterexample (__main__.Tests.test_parent_counterexample) ... ok
2026-09-30T16:55:44.6103166Z test_positive_mixed_difference_control (__main__.Tests.test_positive_mixed_difference_control) ... ok
2026-09-30T16:55:44.6106761Z test_reordered_records_valid (__main__.Tests.test_reordered_records_valid) ... ok
2026-09-30T16:55:44.6109695Z test_same_total_wrong_coefficients_rejected (__main__.Tests.test_same_total_wrong_coefficients_rejected) ... ok
2026-09-30T16:55:44.6203121Z test_verifier_does_not_import_producer (__main__.Tests.test_verifier_does_not_import_producer) ... ok
2026-09-30T16:55:44.6206693Z test_wrong_event_identity (__main__.Tests.test_wrong_event_identity) ... ok
2026-09-30T16:55:44.6210194Z test_wrong_witness_path (__main__.Tests.test_wrong_witness_path) ... ok
2026-09-30T16:55:44.6210761Z 
2026-09-30T16:55:44.6211039Z ----------------------------------------------------------------------
2026-09-30T16:55:44.6213505Z Ran 28 tests in 4.137s
2026-09-30T16:55:44.6213771Z 
2026-09-30T16:55:44.6213909Z OK
2026-09-30T16:55:48.0590494Z test_changed_union_not_comparable (__main__.Tests.test_changed_union_not_comparable) ... ok
2026-09-30T16:55:48.3377718Z test_complete_small_universe (__main__.Tests.test_complete_small_universe) ... ok
2026-09-30T16:55:48.3380440Z test_direct_equals_staged_pushforward_exactly (__main__.Tests.test_direct_equals_staged_pushforward_exactly) ... ok
2026-09-30T16:55:48.3389146Z test_identity_refinement (__main__.Tests.test_identity_refinement) ... ok
2026-09-30T16:55:48.3390044Z test_illegal_nonprefix_refinement_rejected (__main__.Tests.test_illegal_nonprefix_refinement_rejected) ... ok
2026-09-30T16:55:48.3407635Z test_monotonic_refinement_and_strict_example (__main__.Tests.test_monotonic_refinement_and_strict_example) ... ok
2026-09-30T16:55:48.3415777Z test_not_componentwise_subview_rejected (__main__.Tests.test_not_componentwise_subview_rejected) ... ok
2026-09-30T16:55:48.3417083Z test_two_factorizations_same_final (__main__.Tests.test_two_factorizations_same_final) ... ok
2026-09-30T16:55:48.3418379Z test_verifier_rejects_corrupt_composition (__main__.Tests.test_verifier_rejects_corrupt_composition) ... ok
2026-09-30T16:55:48.3435854Z test_verifier_rejects_false_lower_after (__main__.Tests.test_verifier_rejects_false_lower_after) ... ok
2026-09-30T16:55:48.3437018Z test_verifier_rejects_nonprefix_intermediate (__main__.Tests.test_verifier_rejects_nonprefix_intermediate) ... ok
2026-09-30T16:55:48.3437681Z 
2026-09-30T16:55:48.3437913Z ----------------------------------------------------------------------
2026-09-30T16:55:48.3438436Z Ran 11 tests in 0.297s
2026-09-30T16:55:48.3438654Z 
2026-09-30T16:55:48.3438771Z OK
2026-09-30T16:55:48.6312627Z test_binary_views_sufficiency (__main__.Tests.test_binary_views_sufficiency) ... ok
2026-09-30T16:55:48.6387224Z test_branch_count_not_exact_cover_number (__main__.Tests.test_branch_count_not_exact_cover_number) ... ok
2026-09-30T16:55:48.6573938Z test_changed_lineage_and_storage (__main__.Tests.test_changed_lineage_and_storage) ... ok
2026-09-30T16:55:48.6955270Z test_complete_small_universe (__main__.Tests.test_complete_small_universe) ... ok
2026-09-30T16:55:48.7003400Z test_corrupt_dual (__main__.Tests.test_corrupt_dual) ... ok
2026-09-30T16:55:48.7039922Z test_corrupt_global_witness (__main__.Tests.test_corrupt_global_witness) ... ok
2026-09-30T16:55:48.7075909Z test_corrupt_local_marginal (__main__.Tests.test_corrupt_local_marginal) ... ok
2026-09-30T16:55:48.7077217Z test_exact_rational_pushforward (__main__.Tests.test_exact_rational_pushforward) ... ok
2026-09-30T16:55:48.7098325Z test_false_child_cover (__main__.Tests.test_false_child_cover) ... ok
2026-09-30T16:55:48.7119329Z test_false_high_threshold (__main__.Tests.test_false_high_threshold) ... ok
2026-09-30T16:55:48.7139627Z test_false_low_threshold (__main__.Tests.test_false_low_threshold) ... ok
2026-09-30T16:55:48.7273965Z test_false_metamorphic_claim (__main__.Tests.test_false_metamorphic_claim) ... ok
2026-09-30T16:55:48.7300476Z test_false_sample_verdict (__main__.Tests.test_false_sample_verdict) ... ok
2026-09-30T16:55:48.7320604Z test_foreign_origin (__main__.Tests.test_foreign_origin) ... ok
2026-09-30T16:55:48.7483925Z test_four_way_sharpness (__main__.Tests.test_four_way_sharpness) ... ok
2026-09-30T16:55:48.7504811Z test_full_view_and_redundancy (__main__.Tests.test_full_view_and_redundancy) ... ok
2026-09-30T16:55:48.7507139Z test_inexact_scalar_rejected (__main__.Tests.test_inexact_scalar_rejected) ... ok
2026-09-30T16:55:48.7509698Z test_invalid_parent_types_cycles (__main__.Tests.test_invalid_parent_types_cycles) ... ok
2026-09-30T16:55:48.7512274Z test_invalid_view_and_union (__main__.Tests.test_invalid_view_and_union) ... ok
2026-09-30T16:55:48.7517341Z test_linear_but_nonnatural_control (__main__.Tests.test_linear_but_nonnatural_control) ... ok
2026-09-30T16:55:48.7538559Z test_metadata_boolean_not_integer (__main__.Tests.test_metadata_boolean_not_integer) ... ok
2026-09-30T16:55:48.7893116Z test_missing_cover_rejected (__main__.Tests.test_missing_cover_rejected) ... ok
2026-09-30T16:55:48.7913440Z test_missing_required_field (__main__.Tests.test_missing_required_field) ... ok
2026-09-30T16:55:48.7948427Z test_missing_sample (__main__.Tests.test_missing_sample) ... ok
2026-09-30T16:55:48.7968827Z test_order_is_worst_case_not_every_input (__main__.Tests.test_order_is_worst_case_not_every_input) ... ok
2026-09-30T16:55:48.7985536Z test_root_and_path (__main__.Tests.test_root_and_path) ... ok
2026-09-30T16:55:48.8054136Z test_two_and_three_view_parent_witnesses (__main__.Tests.test_two_and_three_view_parent_witnesses) ... ok
2026-09-30T16:55:48.8094427Z test_valid_dual_and_rescaling (__main__.Tests.test_valid_dual_and_rescaling) ... ok
2026-09-30T16:55:48.8095271Z 
2026-09-30T16:55:48.8095806Z ----------------------------------------------------------------------
2026-09-30T16:55:48.8096400Z Ran 28 tests in 0.416s
2026-09-30T16:55:48.8096628Z 
2026-09-30T16:55:48.8096773Z OK
2026-09-30T16:55:49.0978066Z test_all_parent_targets_checked_before_traversal (__main__.Validation.test_all_parent_targets_checked_before_traversal) ... ok
2026-09-30T16:55:49.0986335Z test_reordered_valid_lineage_remains_accepted (__main__.Validation.test_reordered_valid_lineage_remains_accepted) ... ok
2026-09-30T16:55:49.0987163Z 
2026-09-30T16:55:49.0987340Z ----------------------------------------------------------------------
2026-09-30T16:55:49.0987742Z Ran 2 tests in 0.000s
2026-09-30T16:55:49.0987904Z 
2026-09-30T16:55:49.0987990Z OK
2026-09-30T16:55:49.3960984Z test_actual_signed_and_positive_pair_witness (__main__.Tests.test_actual_signed_and_positive_pair_witness) ... ok
2026-09-30T16:55:49.8354957Z test_changed_lineage_storage (__main__.Tests.test_changed_lineage_storage) ... ok
2026-09-30T16:55:49.9355377Z test_complete_small_certificate (__main__.Tests.test_complete_small_certificate) ... ok
2026-09-30T16:55:49.9638299Z test_corrupt_negative_witness_rejected (__main__.Tests.test_corrupt_negative_witness_rejected) ... ok
2026-09-30T16:55:49.9641660Z test_exact_scalars_and_lengths (__main__.Tests.test_exact_scalars_and_lengths) ... ok
2026-09-30T16:55:49.9921526Z test_false_positive_feasibility_rejected (__main__.Tests.test_false_positive_feasibility_rejected) ... ok
2026-09-30T16:55:49.9923192Z test_feasible_nonnegative_control (__main__.Tests.test_feasible_nonnegative_control) ... ok
2026-09-30T16:55:49.9932619Z test_foreign_origin_rejected (__main__.Tests.test_foreign_origin_rejected) ... ok
2026-09-30T16:55:49.9937317Z test_identity_root_and_repeated_views (__main__.Tests.test_identity_root_and_repeated_views) ... ok
2026-09-30T16:55:49.9939667Z test_incompatible_overlap_rejected (__main__.Tests.test_incompatible_overlap_rejected) ... ok
2026-09-30T16:55:49.9942450Z test_invalid_parent_and_retained_inputs (__main__.Tests.test_invalid_parent_and_retained_inputs) ... ok
2026-09-30T16:55:49.9948204Z test_linear_but_nonnatural_section_rejected (__main__.Tests.test_linear_but_nonnatural_section_rejected) ... ok
2026-09-30T16:55:50.1371451Z test_missing_coverage_rejected (__main__.Tests.test_missing_coverage_rejected) ... ok
2026-09-30T16:55:50.1389135Z test_missing_field_and_inexact_matrix_rejected (__main__.Tests.test_missing_field_and_inexact_matrix_rejected) ... ok
2026-09-30T16:55:50.1390464Z test_nonnegative_false_input_rejected (__main__.Tests.test_nonnegative_false_input_rejected) ... ok
2026-09-30T16:55:50.2151397Z test_off_domain_gluer_change_is_harmless (__main__.Tests.test_off_domain_gluer_change_is_harmless) ... ok
2026-09-30T16:55:50.2159974Z test_pairwise_positive_is_not_global (__main__.Tests.test_pairwise_positive_is_not_global) ... ok
2026-09-30T16:55:50.2161582Z test_response_representative_independence (__main__.Tests.test_response_representative_independence) ... ok
2026-09-30T16:55:50.2164970Z test_source_shift_is_not_potential_gauge (__main__.Tests.test_source_shift_is_not_potential_gauge) ... ok
2026-09-30T16:55:50.2178482Z test_wrong_gluer_on_compatible_data_rejected (__main__.Tests.test_wrong_gluer_on_compatible_data_rejected) ... ok
2026-09-30T16:55:50.2189754Z test_wrong_joint_readout_rejected (__main__.Tests.test_wrong_joint_readout_rejected) ... ok
2026-09-30T16:55:50.2860624Z test_wrong_overlap_rejected (__main__.Tests.test_wrong_overlap_rejected) ... ok
2026-09-30T16:55:50.2861267Z 
2026-09-30T16:55:50.2861547Z ----------------------------------------------------------------------
2026-09-30T16:55:50.2862139Z Ran 22 tests in 1.114s
2026-09-30T16:55:50.2862370Z 
2026-09-30T16:55:50.2862497Z OK
2026-09-30T16:55:50.6024710Z test_omitted_storage_reversal_rejected (__main__.SchemaTests.test_omitted_storage_reversal_rejected) ... ok
2026-09-30T16:55:50.6164118Z test_original_cannot_masquerade_as_relabelled (__main__.SchemaTests.test_original_cannot_masquerade_as_relabelled) ... ok
2026-09-30T16:55:50.7505577Z test_real_metamorphic_case_accepted (__main__.SchemaTests.test_real_metamorphic_case_accepted) ... ok
2026-09-30T16:55:50.7506291Z 
2026-09-30T16:55:50.7506571Z ----------------------------------------------------------------------
2026-09-30T16:55:50.7507201Z Ran 3 tests in 0.173s
2026-09-30T16:55:50.7507419Z 
2026-09-30T16:55:50.7507532Z OK
2026-09-30T16:55:51.1223691Z test_actual_old_kernel_witness (__main__.Tests.test_actual_old_kernel_witness) ... ok
2026-09-30T16:55:51.1293357Z test_bare_filtration_scaling_and_shear (__main__.Tests.test_bare_filtration_scaling_and_shear) ... ok
2026-09-30T16:55:51.1298309Z test_constructive_and_negative_linear_descent (__main__.Tests.test_constructive_and_negative_linear_descent) ... ok
2026-09-30T16:55:51.1478902Z test_corrupted_witness_rejected (__main__.Tests.test_corrupted_witness_rejected) ... ok
2026-09-30T16:55:51.1834342Z test_direct_fiber_sum_and_section (__main__.Tests.test_direct_fiber_sum_and_section) ... ok
2026-09-30T16:55:51.1835739Z test_exact_input_no_float_or_truncation (__main__.Tests.test_exact_input_no_float_or_truncation) ... ok
2026-09-30T16:55:51.2002798Z test_false_descent_rejected (__main__.Tests.test_false_descent_rejected) ... ok
2026-09-30T16:55:51.2070543Z test_foreign_domain_identity_rejected (__main__.Tests.test_foreign_domain_identity_rejected) ... ok
2026-09-30T16:55:51.2098692Z test_identity_and_root_zero_dimensional_cases (__main__.Tests.test_identity_and_root_zero_dimensional_cases) ... ok
2026-09-30T16:55:51.2100336Z test_illegal_target_and_origin_rejected (__main__.Tests.test_illegal_target_and_origin_rejected) ... ok
2026-09-30T16:55:51.2101871Z test_incompatible_composition_rejected (__main__.Tests.test_incompatible_composition_rejected) ... ok
2026-09-30T16:55:51.2103539Z test_invalid_carriers_are_not_repaired (__main__.Tests.test_invalid_carriers_are_not_repaired) ... ok
2026-09-30T16:55:51.2109875Z test_linear_right_inverse_can_fail_retained_naturality (__main__.Tests.test_linear_right_inverse_can_fail_retained_naturality) ... ok
2026-09-30T16:55:51.2300333Z test_missing_check_and_coverage_rejected (__main__.Tests.test_missing_check_and_coverage_rejected) ... ok
2026-09-30T16:55:51.2354933Z test_mutated_green_rejected (__main__.Tests.test_mutated_green_rejected) ... ok
2026-09-30T16:55:51.2424099Z test_mutated_pushforward_rejected (__main__.Tests.test_mutated_pushforward_rejected) ... ok
2026-09-30T16:55:51.2493259Z test_mutated_section_rejected (__main__.Tests.test_mutated_section_rejected) ... ok
2026-09-30T16:55:51.2495828Z test_nonlinear_boundary_is_not_linear_test (__main__.Tests.test_nonlinear_boundary_is_not_linear_test) ... ok
2026-09-30T16:55:51.2655700Z test_nonpermutation_coordinate_change (__main__.Tests.test_nonpermutation_coordinate_change) ... ok
2026-09-30T16:55:51.3929226Z test_relabel_and_storage_naturality (__main__.Tests.test_relabel_and_storage_naturality) ... ok
2026-09-30T16:55:51.4342195Z test_response_quotient_and_supplied_complement (__main__.Tests.test_response_quotient_and_supplied_complement) ... ok
2026-09-30T16:55:51.4379536Z test_shape_enumerators_agree_without_shared_implementation (__main__.Tests.test_shape_enumerators_agree_without_shared_implementation) ... ok
2026-09-30T16:55:51.4380421Z 
2026-09-30T16:55:51.4380636Z ----------------------------------------------------------------------
2026-09-30T16:55:51.4381118Z Ran 22 tests in 0.609s
2026-09-30T16:55:51.4381310Z 
2026-09-30T16:55:51.4381419Z OK
2026-09-30T16:55:51.4846880Z ##[group]Run python ResearchHistory/UQCF-GEM/demos/v16.37-certified-closure/evidence.py package out/v1637
2026-09-30T16:55:51.4847688Z [36;1mpython ResearchHistory/UQCF-GEM/demos/v16.37-certified-closure/evidence.py package out/v1637[0m
2026-09-30T16:55:51.4910535Z shell: /usr/bin/bash -e {0}
2026-09-30T16:55:51.4910792Z env:
2026-09-30T16:55:51.4911061Z   pythonLocation: /opt/hostedtoolcache/Python/3.11.16/x64
2026-09-30T16:55:51.4911517Z   PKG_CONFIG_PATH: /opt/hostedtoolcache/Python/3.11.16/x64/lib/pkgconfig
2026-09-30T16:55:51.4911970Z   Python_ROOT_DIR: /opt/hostedtoolcache/Python/3.11.16/x64
2026-09-30T16:55:51.4912399Z   Python2_ROOT_DIR: /opt/hostedtoolcache/Python/3.11.16/x64
2026-09-30T16:55:51.4912816Z   Python3_ROOT_DIR: /opt/hostedtoolcache/Python/3.11.16/x64
2026-09-30T16:55:51.4913221Z   LD_LIBRARY_PATH: /opt/hostedtoolcache/Python/3.11.16/x64/lib
2026-09-30T16:55:51.4913564Z ##[endgroup]
2026-09-30T16:55:53.7627704Z {"manifest": "VERIFIED", "members": 10}
2026-09-30T16:55:53.7817235Z ##[group]Run actions/upload-artifact@ea165f8d65b6e75b540449e92b4886f43607fa02
2026-09-30T16:55:53.7817661Z with:
2026-09-30T16:55:53.7817936Z   name: v1637-science-257958783fec742f1d6b9e7b9bca25548c3b2e01
2026-09-30T16:55:53.7818278Z   path: out/v1637
2026-09-30T16:55:53.7818493Z   if-no-files-found: error
2026-09-30T16:55:53.7818729Z   compression-level: 6
2026-09-30T16:55:53.7818943Z   overwrite: false
2026-09-30T16:55:53.7819159Z   include-hidden-files: false
2026-09-30T16:55:53.7819388Z env:
2026-09-30T16:55:53.7819642Z   pythonLocation: /opt/hostedtoolcache/Python/3.11.16/x64
2026-09-30T16:55:53.7820090Z   PKG_CONFIG_PATH: /opt/hostedtoolcache/Python/3.11.16/x64/lib/pkgconfig
2026-09-30T16:55:53.7820519Z   Python_ROOT_DIR: /opt/hostedtoolcache/Python/3.11.16/x64
2026-09-30T16:55:53.7820921Z   Python2_ROOT_DIR: /opt/hostedtoolcache/Python/3.11.16/x64
2026-09-30T16:55:53.7821326Z   Python3_ROOT_DIR: /opt/hostedtoolcache/Python/3.11.16/x64
2026-09-30T16:55:53.7821741Z   LD_LIBRARY_PATH: /opt/hostedtoolcache/Python/3.11.16/x64/lib
2026-09-30T16:55:53.7822064Z ##[endgroup]
2026-09-30T16:55:53.9440148Z (node:2452) [DEP0040] DeprecationWarning: The `punycode` module is deprecated. Please use a userland alternative instead.
2026-09-30T16:55:53.9441073Z (Use `node --trace-deprecation ...` to show where the warning was created)
2026-09-30T16:55:53.9535161Z With the provided path, there will be 11 files uploaded
2026-09-30T16:55:53.9541514Z Artifact name is valid!
2026-09-30T16:55:53.9542238Z Root directory input is valid!
2026-09-30T16:55:54.1710063Z Beginning upload of artifact content to blob storage
2026-09-30T16:55:54.2997960Z (node:2452) [DEP0169] DeprecationWarning: `url.parse()` behavior is not standardized and prone to errors that have security implications. Use the WHATWG URL API instead. CVEs are not issued for `url.parse()` vulnerabilities.
2026-09-30T16:55:54.4232169Z Uploaded bytes 2753693
2026-09-30T16:55:54.4431532Z Finished uploading artifact content to blob storage!
2026-09-30T16:55:54.4436578Z SHA256 digest of uploaded artifact zip is 096d0f4fac702df9ed7d23430fe6286939d150058a82c079ffe16e5b3265bf76
2026-09-30T16:55:54.4437607Z Finalizing artifact upload
2026-09-30T16:55:54.6481011Z Artifact v1637-science-257958783fec742f1d6b9e7b9bca25548c3b2e01.zip successfully finalized. Artifact ID 11113327031
2026-09-30T16:55:54.6482548Z Artifact v1637-science-257958783fec742f1d6b9e7b9bca25548c3b2e01 has been successfully uploaded! Final size is 2753693 bytes. Artifact ID is 11113327031
2026-09-30T16:55:54.6491140Z Artifact download URL: https://github.com/proteinfoldingengine/WetLabEngine/actions/runs/36747297164/artifacts/11113327031
2026-09-30T16:55:54.6670107Z Post job cleanup.
2026-09-30T16:55:54.7848753Z (node:2464) [DEP0040] DeprecationWarning: The `punycode` module is deprecated. Please use a userland alternative instead.
2026-09-30T16:55:54.7850068Z (Use `node --trace-deprecation ...` to show where the warning was created)
2026-09-30T16:55:54.8032538Z Post job cleanup.
2026-09-30T16:55:54.8972620Z [command]/usr/bin/git version
2026-09-30T16:55:54.9045230Z git version 2.55.0
2026-09-30T16:55:54.9101970Z Temporarily overriding HOME='/home/runner/work/_temp/de9f85df-71cf-4555-a31e-cec589887b85' before making global git config changes
2026-09-30T16:55:54.9103592Z Adding repository directory to the temporary git global config as a safe directory
2026-09-30T16:55:54.9105246Z [command]/usr/bin/git config --global --add safe.directory /home/runner/work/WetLabEngine/WetLabEngine
2026-09-30T16:55:54.9165397Z [command]/usr/bin/git config --local --name-only --get-regexp core\.sshCommand
2026-09-30T16:55:54.9227590Z [command]/usr/bin/git submodule foreach --recursive sh -c "git config --local --name-only --get-regexp 'core\.sshCommand' && git config --local --unset-all 'core.sshCommand' || :"
2026-09-30T16:55:54.9562011Z [command]/usr/bin/git config --local --name-only --get-regexp http\.https\:\/\/github\.com\/\.extraheader
2026-09-30T16:55:54.9596684Z http.https://github.com/.extraheader
2026-09-30T16:55:54.9610496Z [command]/usr/bin/git config --local --unset-all http.https://github.com/.extraheader
2026-09-30T16:55:54.9647190Z [command]/usr/bin/git submodule foreach --recursive sh -c "git config --local --name-only --get-regexp 'http\.https\:\/\/github\.com\/\.extraheader' && git config --local --unset-all 'http.https://github.com/.extraheader' || :"
2026-09-30T16:55:54.9922517Z [command]/usr/bin/git config --local --name-only --get-regexp ^includeIf\.gitdir:
2026-09-30T16:55:54.9963606Z [command]/usr/bin/git submodule foreach --recursive git config --local --show-origin --name-only --get-regexp remote.origin.url
2026-09-30T16:55:55.0360398Z Cleaning up orphan processes
2026-09-30T16:55:55.0648142Z ##[warning]Node.js 20 is deprecated. The following actions target Node.js 20 but are being forced to run on Node.js 24: actions/checkout@11d5960a326750d5838078e36cf38b85af677262, actions/setup-python@a26af69be951a213d495a4c3e4e4022e16d87065, actions/upload-artifact@ea165f8d65b6e75b540449e92b4886f43607fa02. For more information see: https://github.blog/changelog/2025-09-19-deprecation-of-node-20-on-github-actions-runners/
