2026-09-29T19:13:35.3565284Z Current runner version: '2.337.0'
2026-09-29T19:13:35.3589577Z ##[group]Runner Image Provisioner
2026-09-29T19:13:35.3590449Z Hosted Compute Agent
2026-09-29T19:13:35.3591031Z Version: 20260828.587
2026-09-29T19:13:35.3591618Z Commit: abac92662cab4cc7352de4f9f9d2e2419aad9c29
2026-09-29T19:13:35.3592242Z Build Date: 2026-08-28T16:44:25Z
2026-09-29T19:13:35.3592860Z Worker ID: {373ca224-66c3-4970-b6b5-7daec8c60a4d}
2026-09-29T19:13:35.3593474Z Azure Region: centralus
2026-09-29T19:13:35.3593972Z ##[endgroup]
2026-09-29T19:13:35.3595210Z ##[group]Operating System
2026-09-29T19:13:35.3595762Z Ubuntu
2026-09-29T19:13:35.3596221Z 24.04.5
2026-09-29T19:13:35.3596650Z LTS
2026-09-29T19:13:35.3597118Z ##[endgroup]
2026-09-29T19:13:35.3597601Z ##[group]Runner Image
2026-09-29T19:13:35.3598104Z Image: ubuntu-24.04
2026-09-29T19:13:35.3598597Z Version: 20260920.314.1
2026-09-29T19:13:35.3599866Z Included Software: https://github.com/actions/runner-images/blob/ubuntu24/20260920.314/images/ubuntu/Ubuntu2404-Readme.md
2026-09-29T19:13:35.3601174Z Image Release: https://github.com/actions/runner-images/releases/tag/ubuntu24%2F20260920.314
2026-09-29T19:13:35.3601967Z ##[endgroup]
2026-09-29T19:13:35.3602933Z ##[group]GITHUB_TOKEN Permissions
2026-09-29T19:13:35.3605009Z Contents: read
2026-09-29T19:13:35.3605573Z Metadata: read
2026-09-29T19:13:35.3606063Z ##[endgroup]
2026-09-29T19:13:35.3608175Z Secret source: Actions
2026-09-29T19:13:35.3609457Z Cache mode: write
2026-09-29T19:13:35.3610097Z Prepare workflow directory
2026-09-29T19:13:35.3946418Z Prepare all required actions
2026-09-29T19:13:35.3992101Z Getting action download info
2026-09-29T19:13:35.6571393Z Download action repository 'actions/checkout@11d5960a326750d5838078e36cf38b85af677262' (SHA:11d5960a326750d5838078e36cf38b85af677262)
2026-09-29T19:13:35.8053891Z Download action repository 'actions/setup-python@a26af69be951a213d495a4c3e4e4022e16d87065' (SHA:a26af69be951a213d495a4c3e4e4022e16d87065)
2026-09-29T19:13:36.0585469Z Complete job name: verify
2026-09-29T19:13:36.1192241Z ##[group]Run actions/checkout@11d5960a326750d5838078e36cf38b85af677262
2026-09-29T19:13:36.1193168Z with:
2026-09-29T19:13:36.1193678Z   repository: proteinfoldingengine/WetLabEngine
2026-09-29T19:13:36.1197330Z   token: ***
2026-09-29T19:13:36.1197817Z   ssh-strict: true
2026-09-29T19:13:36.1198368Z   ssh-user: git
2026-09-29T19:13:36.1198962Z   persist-credentials: true
2026-09-29T19:13:36.1199470Z   clean: true
2026-09-29T19:13:36.1199936Z   sparse-checkout-cone-mode: true
2026-09-29T19:13:36.1200457Z   fetch-depth: 1
2026-09-29T19:13:36.1200886Z   fetch-tags: false
2026-09-29T19:13:36.1201310Z   show-progress: true
2026-09-29T19:13:36.1201786Z   lfs: false
2026-09-29T19:13:36.1202220Z   submodules: false
2026-09-29T19:13:36.1202710Z   set-safe-directory: true
2026-09-29T19:13:36.1203201Z   allow-unsafe-pr-checkout: false
2026-09-29T19:13:36.1203828Z ##[endgroup]
2026-09-29T19:13:36.2154011Z Syncing repository: proteinfoldingengine/WetLabEngine
2026-09-29T19:13:36.2156194Z ##[group]Getting Git version info
2026-09-29T19:13:36.2157034Z Working directory is '/home/runner/work/WetLabEngine/WetLabEngine'
2026-09-29T19:13:36.2158146Z [command]/usr/bin/git version
2026-09-29T19:13:36.2204726Z git version 2.55.0
2026-09-29T19:13:36.2233540Z ##[endgroup]
2026-09-29T19:13:36.2243066Z Temporarily overriding HOME='/home/runner/work/_temp/9067b6e5-ce3e-449e-952d-76bcb9e41968' before making global git config changes
2026-09-29T19:13:36.2245248Z Adding repository directory to the temporary git global config as a safe directory
2026-09-29T19:13:36.2247192Z [command]/usr/bin/git config --global --add safe.directory /home/runner/work/WetLabEngine/WetLabEngine
2026-09-29T19:13:36.2290002Z Deleting the contents of '/home/runner/work/WetLabEngine/WetLabEngine'
2026-09-29T19:13:36.2295503Z ##[group]Initializing the repository
2026-09-29T19:13:36.2300426Z [command]/usr/bin/git init /home/runner/work/WetLabEngine/WetLabEngine
2026-09-29T19:13:36.2381720Z hint: Using 'master' as the name for the initial branch. This default branch name
2026-09-29T19:13:36.2384400Z hint: will change to "main" in Git 3.0. To configure the initial branch name
2026-09-29T19:13:36.2385911Z hint: to use in all of your new repositories, which will suppress this warning,
2026-09-29T19:13:36.2387155Z hint: call:
2026-09-29T19:13:36.2388164Z hint:
2026-09-29T19:13:36.2389188Z hint: 	git config --global init.defaultBranch <name>
2026-09-29T19:13:36.2390291Z hint:
2026-09-29T19:13:36.2391410Z hint: Names commonly chosen instead of 'master' are 'main', 'trunk' and
2026-09-29T19:13:36.2392902Z hint: 'development'. The just-created branch can be renamed via this command:
2026-09-29T19:13:36.2394071Z hint:
2026-09-29T19:13:36.2394823Z hint: 	git branch -m <name>
2026-09-29T19:13:36.2395592Z hint:
2026-09-29T19:13:36.2396565Z hint: Disable this message with "git config set advice.defaultBranchName false"
2026-09-29T19:13:36.2399085Z Initialized empty Git repository in /home/runner/work/WetLabEngine/WetLabEngine/.git/
2026-09-29T19:13:36.2401666Z [command]/usr/bin/git remote add origin https://github.com/proteinfoldingengine/WetLabEngine
2026-09-29T19:13:36.2437898Z ##[endgroup]
2026-09-29T19:13:36.2439354Z ##[group]Disabling automatic garbage collection
2026-09-29T19:13:36.2440579Z [command]/usr/bin/git config --local gc.auto 0
2026-09-29T19:13:36.2468314Z ##[endgroup]
2026-09-29T19:13:36.2469724Z ##[group]Setting up auth
2026-09-29T19:13:36.2473887Z [command]/usr/bin/git config --local --name-only --get-regexp core\.sshCommand
2026-09-29T19:13:36.2502487Z [command]/usr/bin/git submodule foreach --recursive sh -c "git config --local --name-only --get-regexp 'core\.sshCommand' && git config --local --unset-all 'core.sshCommand' || :"
2026-09-29T19:13:36.2917877Z [command]/usr/bin/git config --local --name-only --get-regexp http\.https\:\/\/github\.com\/\.extraheader
2026-09-29T19:13:36.2951708Z [command]/usr/bin/git submodule foreach --recursive sh -c "git config --local --name-only --get-regexp 'http\.https\:\/\/github\.com\/\.extraheader' && git config --local --unset-all 'http.https://github.com/.extraheader' || :"
2026-09-29T19:13:36.3138820Z [command]/usr/bin/git config --local --name-only --get-regexp ^includeIf\.gitdir:
2026-09-29T19:13:36.3168042Z [command]/usr/bin/git submodule foreach --recursive git config --local --show-origin --name-only --get-regexp remote.origin.url
2026-09-29T19:13:36.3342260Z [command]/usr/bin/git config --local http.https://github.com/.extraheader AUTHORIZATION: basic ***
2026-09-29T19:13:36.3375996Z ##[endgroup]
2026-09-29T19:13:36.3377329Z ##[group]Fetching the repository
2026-09-29T19:13:36.3385449Z [command]/usr/bin/git -c protocol.version=2 fetch --no-tags --prune --no-recurse-submodules --depth=1 origin +0f540cea9daf59f0740656da116cc7b03a7e15a0:refs/remotes/origin/research/v16.27-increment-attribution-closure
2026-09-29T19:13:48.8789347Z From https://github.com/proteinfoldingengine/WetLabEngine
2026-09-29T19:13:48.8790567Z  * [new ref]         0f540cea9daf59f0740656da116cc7b03a7e15a0 -> origin/research/v16.27-increment-attribution-closure
2026-09-29T19:13:48.8793534Z ##[endgroup]
2026-09-29T19:13:48.8794541Z ##[group]Determining the checkout info
2026-09-29T19:13:48.8795509Z ##[endgroup]
2026-09-29T19:13:48.8800534Z [command]/usr/bin/git sparse-checkout disable
2026-09-29T19:13:48.8842070Z [command]/usr/bin/git config --local --unset-all extensions.worktreeConfig
2026-09-29T19:13:48.8870214Z ##[group]Checking out the ref
2026-09-29T19:13:48.8873816Z [command]/usr/bin/git checkout --progress --force -B research/v16.27-increment-attribution-closure refs/remotes/origin/research/v16.27-increment-attribution-closure
2026-09-29T19:13:49.9437756Z Updating files:  49% (2446/4974)
2026-09-29T19:13:49.9475178Z Updating files:  50% (2487/4974)
2026-09-29T19:13:49.9498369Z Updating files:  51% (2537/4974)
2026-09-29T19:13:49.9513721Z Updating files:  52% (2587/4974)
2026-09-29T19:13:49.9535836Z Updating files:  53% (2637/4974)
2026-09-29T19:13:49.9916419Z Updating files:  54% (2686/4974)
2026-09-29T19:13:50.0340544Z Updating files:  55% (2736/4974)
2026-09-29T19:13:50.0352902Z Updating files:  56% (2786/4974)
2026-09-29T19:13:50.0362624Z Updating files:  57% (2836/4974)
2026-09-29T19:13:50.0486023Z Updating files:  58% (2885/4974)
2026-09-29T19:13:50.0526607Z Updating files:  59% (2935/4974)
2026-09-29T19:13:50.0657364Z Updating files:  60% (2985/4974)
2026-09-29T19:13:50.0802389Z Updating files:  61% (3035/4974)
2026-09-29T19:13:50.0839456Z Updating files:  62% (3084/4974)
2026-09-29T19:13:50.0855721Z Updating files:  63% (3134/4974)
2026-09-29T19:13:50.1282465Z Updating files:  64% (3184/4974)
2026-09-29T19:13:50.2661262Z Updating files:  65% (3234/4974)
2026-09-29T19:13:50.4612418Z Updating files:  66% (3283/4974)
2026-09-29T19:13:50.4619665Z Updating files:  67% (3333/4974)
2026-09-29T19:13:50.6252635Z Updating files:  68% (3383/4974)
2026-09-29T19:13:50.7300274Z Updating files:  69% (3433/4974)
2026-09-29T19:13:50.8392439Z Updating files:  70% (3482/4974)
2026-09-29T19:13:50.8853980Z Updating files:  71% (3532/4974)
2026-09-29T19:13:50.8949222Z Updating files:  72% (3582/4974)
2026-09-29T19:13:50.9018597Z Updating files:  72% (3595/4974)
2026-09-29T19:13:50.9089710Z Updating files:  73% (3632/4974)
2026-09-29T19:13:50.9131996Z Updating files:  74% (3681/4974)
2026-09-29T19:13:50.9617257Z Updating files:  75% (3731/4974)
2026-09-29T19:13:50.9633777Z Updating files:  76% (3781/4974)
2026-09-29T19:13:50.9654819Z Updating files:  77% (3830/4974)
2026-09-29T19:13:50.9673958Z Updating files:  78% (3880/4974)
2026-09-29T19:13:50.9693467Z Updating files:  79% (3930/4974)
2026-09-29T19:13:50.9714469Z Updating files:  80% (3980/4974)
2026-09-29T19:13:50.9736134Z Updating files:  81% (4029/4974)
2026-09-29T19:13:50.9755581Z Updating files:  82% (4079/4974)
2026-09-29T19:13:50.9767526Z Updating files:  83% (4129/4974)
2026-09-29T19:13:50.9883770Z Updating files:  84% (4179/4974)
2026-09-29T19:13:50.9942487Z Updating files:  85% (4228/4974)
2026-09-29T19:13:51.3840006Z Updating files:  86% (4278/4974)
2026-09-29T19:13:51.3902783Z Updating files:  87% (4328/4974)
2026-09-29T19:13:51.4202854Z Updating files:  88% (4378/4974)
2026-09-29T19:13:51.4489649Z Updating files:  89% (4427/4974)
2026-09-29T19:13:51.4624001Z Updating files:  90% (4477/4974)
2026-09-29T19:13:51.4901517Z Updating files:  91% (4527/4974)
2026-09-29T19:13:51.5393663Z Updating files:  92% (4577/4974)
2026-09-29T19:13:51.5457622Z Updating files:  93% (4626/4974)
2026-09-29T19:13:51.5483904Z Updating files:  94% (4676/4974)
2026-09-29T19:13:51.5562821Z Updating files:  95% (4726/4974)
2026-09-29T19:13:51.5595738Z Updating files:  96% (4776/4974)
2026-09-29T19:13:51.5630081Z Updating files:  97% (4825/4974)
2026-09-29T19:13:51.5766801Z Updating files:  98% (4875/4974)
2026-09-29T19:13:51.5799018Z Updating files:  99% (4925/4974)
2026-09-29T19:13:51.5799738Z Updating files: 100% (4974/4974)
2026-09-29T19:13:51.5800786Z Updating files: 100% (4974/4974), done.
2026-09-29T19:13:51.5857101Z Switched to a new branch 'research/v16.27-increment-attribution-closure'
2026-09-29T19:13:51.5858428Z branch 'research/v16.27-increment-attribution-closure' set up to track 'origin/research/v16.27-increment-attribution-closure'.
2026-09-29T19:13:51.5917198Z ##[endgroup]
2026-09-29T19:13:51.5954409Z [command]/usr/bin/git log -1 --format=%H
2026-09-29T19:13:51.5976745Z 0f540cea9daf59f0740656da116cc7b03a7e15a0
2026-09-29T19:13:51.6205051Z ##[group]Run actions/setup-python@a26af69be951a213d495a4c3e4e4022e16d87065
2026-09-29T19:13:51.6205458Z with:
2026-09-29T19:13:51.6205728Z   python-version: 3.11
2026-09-29T19:13:51.6206030Z   check-latest: false
2026-09-29T19:13:51.6208326Z   token: ***
2026-09-29T19:13:51.6208596Z   update-environment: true
2026-09-29T19:13:51.6209134Z   allow-prereleases: false
2026-09-29T19:13:51.6209422Z   freethreaded: false
2026-09-29T19:13:51.6209711Z ##[endgroup]
2026-09-29T19:13:51.7321188Z ##[group]Installed versions
2026-09-29T19:13:51.8852208Z (node:2128) [DEP0040] DeprecationWarning: The `punycode` module is deprecated. Please use a userland alternative instead.
2026-09-29T19:13:51.8853159Z (Use `node --trace-deprecation ...` to show where the warning was created)
2026-09-29T19:13:51.8854125Z Successfully set up CPython (3.11.16)
2026-09-29T19:13:51.8854989Z ##[endgroup]
2026-09-29T19:13:51.9030272Z ##[group]Run cd ResearchHistory/UQCF-GEM/demos/v16.27-increment-attribution-closure/ && python test_gate.py
2026-09-29T19:13:51.9031665Z [36;1mcd ResearchHistory/UQCF-GEM/demos/v16.27-increment-attribution-closure/ && python test_gate.py[0m
2026-09-29T19:13:52.0583710Z shell: /usr/bin/bash -e {0}
2026-09-29T19:13:52.0584071Z env:
2026-09-29T19:13:52.0584518Z   pythonLocation: /opt/hostedtoolcache/Python/3.11.16/x64
2026-09-29T19:13:52.0584979Z   PKG_CONFIG_PATH: /opt/hostedtoolcache/Python/3.11.16/x64/lib/pkgconfig
2026-09-29T19:13:52.0585426Z   Python_ROOT_DIR: /opt/hostedtoolcache/Python/3.11.16/x64
2026-09-29T19:13:52.0585902Z   Python2_ROOT_DIR: /opt/hostedtoolcache/Python/3.11.16/x64
2026-09-29T19:13:52.0586327Z   Python3_ROOT_DIR: /opt/hostedtoolcache/Python/3.11.16/x64
2026-09-29T19:13:52.0586824Z   LD_LIBRARY_PATH: /opt/hostedtoolcache/Python/3.11.16/x64/lib
2026-09-29T19:13:52.0587186Z ##[endgroup]
2026-09-29T19:13:53.3360736Z test_complete_bounded_search (__main__.Tests.test_complete_bounded_search) ... ERROR
2026-09-29T19:13:53.3362930Z test_corrupt_delta_rejected (__main__.Tests.test_corrupt_delta_rejected) ... ERROR
2026-09-29T19:13:53.3365722Z test_endpoint_mismatch_rejected (__main__.Tests.test_endpoint_mismatch_rejected) ... ERROR
2026-09-29T19:13:53.3368297Z test_path_total (__main__.Tests.test_path_total) ... ERROR
2026-09-29T19:13:53.3371701Z test_same_event_changes (__main__.Tests.test_same_event_changes) ... ERROR
2026-09-29T19:13:53.3372299Z 
2026-09-29T19:13:53.3372645Z ======================================================================
2026-09-29T19:13:53.3373388Z ERROR: test_complete_bounded_search (__main__.Tests.test_complete_bounded_search)
2026-09-29T19:13:53.3374292Z ----------------------------------------------------------------------
2026-09-29T19:13:53.3374957Z Traceback (most recent call last):
2026-09-29T19:13:53.3381852Z   File "/home/runner/work/WetLabEngine/WetLabEngine/ResearchHistory/UQCF-GEM/demos/v16.27-increment-attribution-closure/test_gate.py", line 15, in test_complete_bounded_search
2026-09-29T19:13:53.3382887Z     e,v=self.m();doc=e.produce(4);r=v.verify_document(doc,4);self.assertGreater(r['endpoints'],0)
2026-09-29T19:13:53.3383311Z         ^^^^^^^^
2026-09-29T19:13:53.3383922Z   File "/home/runner/work/WetLabEngine/WetLabEngine/ResearchHistory/UQCF-GEM/demos/v16.27-increment-attribution-closure/test_gate.py", line 3, in m
2026-09-29T19:13:53.3384666Z     def m(self):return importlib.import_module('engine'),importlib.import_module('verify')
2026-09-29T19:13:53.3385135Z                        ^^^^^^^^^^^^^^^^^^^^^^^^^^^^^^^^^
2026-09-29T19:13:53.3385700Z   File "/opt/hostedtoolcache/Python/3.11.16/x64/lib/python3.11/importlib/__init__.py", line 126, in import_module
2026-09-29T19:13:53.3386238Z     return _bootstrap._gcd_import(name[level:], package, level)
2026-09-29T19:13:53.3386615Z            ^^^^^^^^^^^^^^^^^^^^^^^^^^^^^^^^^^^^^^^^^^^^^^^^^^^^
2026-09-29T19:13:53.3387113Z   File "<frozen importlib._bootstrap>", line 1204, in _gcd_import
2026-09-29T19:13:53.3387556Z   File "<frozen importlib._bootstrap>", line 1176, in _find_and_load
2026-09-29T19:13:53.3388069Z   File "<frozen importlib._bootstrap>", line 1140, in _find_and_load_unlocked
2026-09-29T19:13:53.3388491Z ModuleNotFoundError: No module named 'engine'
2026-09-29T19:13:53.3388844Z 
2026-09-29T19:13:53.3388999Z ======================================================================
2026-09-29T19:13:53.3389476Z ERROR: test_corrupt_delta_rejected (__main__.Tests.test_corrupt_delta_rejected)
2026-09-29T19:13:53.3389919Z ----------------------------------------------------------------------
2026-09-29T19:13:53.3390289Z Traceback (most recent call last):
2026-09-29T19:13:53.3391016Z   File "/home/runner/work/WetLabEngine/WetLabEngine/ResearchHistory/UQCF-GEM/demos/v16.27-increment-attribution-closure/test_gate.py", line 9, in test_corrupt_delta_rejected
2026-09-29T19:13:53.3391924Z     e,v=self.m();d=e.find_witness(4);d['path_a'][0]['delta_h']=9
2026-09-29T19:13:53.3392452Z         ^^^^^^^^
2026-09-29T19:13:53.3393010Z   File "/home/runner/work/WetLabEngine/WetLabEngine/ResearchHistory/UQCF-GEM/demos/v16.27-increment-attribution-closure/test_gate.py", line 3, in m
2026-09-29T19:13:53.3393721Z     def m(self):return importlib.import_module('engine'),importlib.import_module('verify')
2026-09-29T19:13:53.3394230Z                        ^^^^^^^^^^^^^^^^^^^^^^^^^^^^^^^^^
2026-09-29T19:13:53.3394781Z   File "/opt/hostedtoolcache/Python/3.11.16/x64/lib/python3.11/importlib/__init__.py", line 126, in import_module
2026-09-29T19:13:53.3395365Z     return _bootstrap._gcd_import(name[level:], package, level)
2026-09-29T19:13:53.3395751Z            ^^^^^^^^^^^^^^^^^^^^^^^^^^^^^^^^^^^^^^^^^^^^^^^^^^^^
2026-09-29T19:13:53.3396166Z   File "<frozen importlib._bootstrap>", line 1204, in _gcd_import
2026-09-29T19:13:53.3396674Z   File "<frozen importlib._bootstrap>", line 1176, in _find_and_load
2026-09-29T19:13:53.3397171Z   File "<frozen importlib._bootstrap>", line 1140, in _find_and_load_unlocked
2026-09-29T19:13:53.3397638Z ModuleNotFoundError: No module named 'engine'
2026-09-29T19:13:53.3397869Z 
2026-09-29T19:13:53.3398006Z ======================================================================
2026-09-29T19:13:53.3398456Z ERROR: test_endpoint_mismatch_rejected (__main__.Tests.test_endpoint_mismatch_rejected)
2026-09-29T19:13:53.3399090Z ----------------------------------------------------------------------
2026-09-29T19:13:53.3399513Z Traceback (most recent call last):
2026-09-29T19:13:53.3400258Z   File "/home/runner/work/WetLabEngine/WetLabEngine/ResearchHistory/UQCF-GEM/demos/v16.27-increment-attribution-closure/test_gate.py", line 12, in test_endpoint_mismatch_rejected
2026-09-29T19:13:53.3401004Z     e,v=self.m();d=e.find_witness(4);d['after'][0]=d['before'][0]
2026-09-29T19:13:53.3401357Z         ^^^^^^^^
2026-09-29T19:13:53.3401966Z   File "/home/runner/work/WetLabEngine/WetLabEngine/ResearchHistory/UQCF-GEM/demos/v16.27-increment-attribution-closure/test_gate.py", line 3, in m
2026-09-29T19:13:53.3402738Z     def m(self):return importlib.import_module('engine'),importlib.import_module('verify')
2026-09-29T19:13:53.3403213Z                        ^^^^^^^^^^^^^^^^^^^^^^^^^^^^^^^^^
2026-09-29T19:13:53.3403727Z   File "/opt/hostedtoolcache/Python/3.11.16/x64/lib/python3.11/importlib/__init__.py", line 126, in import_module
2026-09-29T19:13:53.3404270Z     return _bootstrap._gcd_import(name[level:], package, level)
2026-09-29T19:13:53.3404672Z            ^^^^^^^^^^^^^^^^^^^^^^^^^^^^^^^^^^^^^^^^^^^^^^^^^^^^
2026-09-29T19:13:53.3405107Z   File "<frozen importlib._bootstrap>", line 1204, in _gcd_import
2026-09-29T19:13:53.3405605Z   File "<frozen importlib._bootstrap>", line 1176, in _find_and_load
2026-09-29T19:13:53.3406089Z   File "<frozen importlib._bootstrap>", line 1140, in _find_and_load_unlocked
2026-09-29T19:13:53.3406523Z ModuleNotFoundError: No module named 'engine'
2026-09-29T19:13:53.3406765Z 
2026-09-29T19:13:53.3406895Z ======================================================================
2026-09-29T19:13:53.3407300Z ERROR: test_path_total (__main__.Tests.test_path_total)
2026-09-29T19:13:53.3407705Z ----------------------------------------------------------------------
2026-09-29T19:13:53.3408109Z Traceback (most recent call last):
2026-09-29T19:13:53.3408896Z   File "/home/runner/work/WetLabEngine/WetLabEngine/ResearchHistory/UQCF-GEM/demos/v16.27-increment-attribution-closure/test_gate.py", line 5, in test_path_total
2026-09-29T19:13:53.3409867Z     e,v=self.m();d=e.find_witness(4);self.assertIsNotNone(d);v.verify_witness(d);self.assertEqual(sum(x['delta_h'] for x in d['path_a']),sum(x['delta_h'] for x in d['path_b']))
2026-09-29T19:13:53.3410481Z         ^^^^^^^^
2026-09-29T19:13:53.3411069Z   File "/home/runner/work/WetLabEngine/WetLabEngine/ResearchHistory/UQCF-GEM/demos/v16.27-increment-attribution-closure/test_gate.py", line 3, in m
2026-09-29T19:13:53.3411892Z     def m(self):return importlib.import_module('engine'),importlib.import_module('verify')
2026-09-29T19:13:53.3412465Z                        ^^^^^^^^^^^^^^^^^^^^^^^^^^^^^^^^^
2026-09-29T19:13:53.3413053Z   File "/opt/hostedtoolcache/Python/3.11.16/x64/lib/python3.11/importlib/__init__.py", line 126, in import_module
2026-09-29T19:13:53.3413585Z     return _bootstrap._gcd_import(name[level:], package, level)
2026-09-29T19:13:53.3414003Z            ^^^^^^^^^^^^^^^^^^^^^^^^^^^^^^^^^^^^^^^^^^^^^^^^^^^^
2026-09-29T19:13:53.3414393Z   File "<frozen importlib._bootstrap>", line 1204, in _gcd_import
2026-09-29T19:13:53.3414830Z   File "<frozen importlib._bootstrap>", line 1176, in _find_and_load
2026-09-29T19:13:53.3415322Z   File "<frozen importlib._bootstrap>", line 1140, in _find_and_load_unlocked
2026-09-29T19:13:53.3415730Z ModuleNotFoundError: No module named 'engine'
2026-09-29T19:13:53.3415950Z 
2026-09-29T19:13:53.3416113Z ======================================================================
2026-09-29T19:13:53.3416512Z ERROR: test_same_event_changes (__main__.Tests.test_same_event_changes)
2026-09-29T19:13:53.3416925Z ----------------------------------------------------------------------
2026-09-29T19:13:53.3417306Z Traceback (most recent call last):
2026-09-29T19:13:53.3417937Z   File "/home/runner/work/WetLabEngine/WetLabEngine/ResearchHistory/UQCF-GEM/demos/v16.27-increment-attribution-closure/test_gate.py", line 7, in test_same_event_changes
2026-09-29T19:13:53.3418761Z     e,v=self.m();d=e.find_witness(4);v.verify_witness(d);self.assertTrue(d['changed_events'])
2026-09-29T19:13:53.3419198Z         ^^^^^^^^
2026-09-29T19:13:53.3420138Z   File "/home/runner/work/WetLabEngine/WetLabEngine/ResearchHistory/UQCF-GEM/demos/v16.27-increment-attribution-closure/test_gate.py", line 3, in m
2026-09-29T19:13:53.3420869Z     def m(self):return importlib.import_module('engine'),importlib.import_module('verify')
2026-09-29T19:13:53.3421300Z                        ^^^^^^^^^^^^^^^^^^^^^^^^^^^^^^^^^
2026-09-29T19:13:53.3421845Z   File "/opt/hostedtoolcache/Python/3.11.16/x64/lib/python3.11/importlib/__init__.py", line 126, in import_module
2026-09-29T19:13:53.3422401Z     return _bootstrap._gcd_import(name[level:], package, level)
2026-09-29T19:13:53.3422785Z            ^^^^^^^^^^^^^^^^^^^^^^^^^^^^^^^^^^^^^^^^^^^^^^^^^^^^
2026-09-29T19:13:53.3423184Z   File "<frozen importlib._bootstrap>", line 1204, in _gcd_import
2026-09-29T19:13:53.3423610Z   File "<frozen importlib._bootstrap>", line 1176, in _find_and_load
2026-09-29T19:13:53.3424080Z   File "<frozen importlib._bootstrap>", line 1140, in _find_and_load_unlocked
2026-09-29T19:13:53.3424520Z ModuleNotFoundError: No module named 'engine'
2026-09-29T19:13:53.3424708Z 
2026-09-29T19:13:53.3424910Z ----------------------------------------------------------------------
2026-09-29T19:13:53.3425272Z Ran 5 tests in 0.010s
2026-09-29T19:13:53.3425414Z 
2026-09-29T19:13:53.3425548Z FAILED (errors=5)
2026-09-29T19:13:53.3445120Z ##[error]Process completed with exit code 1.
2026-09-29T19:13:53.3589538Z Post job cleanup.
2026-09-29T19:13:53.4337378Z [command]/usr/bin/git version
2026-09-29T19:13:53.4369462Z git version 2.55.0
2026-09-29T19:13:53.4401768Z Temporarily overriding HOME='/home/runner/work/_temp/dda3a3ec-5670-47d4-bf87-73254dd6defc' before making global git config changes
2026-09-29T19:13:53.4403840Z Adding repository directory to the temporary git global config as a safe directory
2026-09-29T19:13:53.4406725Z [command]/usr/bin/git config --global --add safe.directory /home/runner/work/WetLabEngine/WetLabEngine
2026-09-29T19:13:53.4439385Z [command]/usr/bin/git config --local --name-only --get-regexp core\.sshCommand
2026-09-29T19:13:53.4467492Z [command]/usr/bin/git submodule foreach --recursive sh -c "git config --local --name-only --get-regexp 'core\.sshCommand' && git config --local --unset-all 'core.sshCommand' || :"
2026-09-29T19:13:53.4663128Z [command]/usr/bin/git config --local --name-only --get-regexp http\.https\:\/\/github\.com\/\.extraheader
2026-09-29T19:13:53.4681362Z http.https://github.com/.extraheader
2026-09-29T19:13:53.4691356Z [command]/usr/bin/git config --local --unset-all http.https://github.com/.extraheader
2026-09-29T19:13:53.4718159Z [command]/usr/bin/git submodule foreach --recursive sh -c "git config --local --name-only --get-regexp 'http\.https\:\/\/github\.com\/\.extraheader' && git config --local --unset-all 'http.https://github.com/.extraheader' || :"
2026-09-29T19:13:53.4909792Z [command]/usr/bin/git config --local --name-only --get-regexp ^includeIf\.gitdir:
2026-09-29T19:13:53.4934039Z [command]/usr/bin/git submodule foreach --recursive git config --local --show-origin --name-only --get-regexp remote.origin.url
2026-09-29T19:13:53.5231480Z Cleaning up orphan processes
2026-09-29T19:13:53.5445697Z ##[warning]Node.js 20 is deprecated. The following actions target Node.js 20 but are being forced to run on Node.js 24: actions/checkout@11d5960a326750d5838078e36cf38b85af677262, actions/setup-python@a26af69be951a213d495a4c3e4e4022e16d87065. For more information see: https://github.blog/changelog/2025-09-19-deprecation-of-node-20-on-github-actions-runners/
