test_actual_signed_and_positive_pair_witness (__main__.Tests.test_actual_signed_and_positive_pair_witness) ... ok
test_changed_lineage_storage (__main__.Tests.test_changed_lineage_storage) ... ok
test_complete_small_certificate (__main__.Tests.test_complete_small_certificate) ... ok
test_corrupt_negative_witness_rejected (__main__.Tests.test_corrupt_negative_witness_rejected) ... ok
test_exact_scalars_and_lengths (__main__.Tests.test_exact_scalars_and_lengths) ... ok
test_false_positive_feasibility_rejected (__main__.Tests.test_false_positive_feasibility_rejected) ... ok
test_feasible_nonnegative_control (__main__.Tests.test_feasible_nonnegative_control) ... ok
test_foreign_origin_rejected (__main__.Tests.test_foreign_origin_rejected) ... ok
test_identity_root_and_repeated_views (__main__.Tests.test_identity_root_and_repeated_views) ... ok
test_incompatible_overlap_rejected (__main__.Tests.test_incompatible_overlap_rejected) ... ok
test_invalid_parent_and_retained_inputs (__main__.Tests.test_invalid_parent_and_retained_inputs) ... ok
test_linear_but_nonnatural_section_rejected (__main__.Tests.test_linear_but_nonnatural_section_rejected) ... ok
test_missing_coverage_rejected (__main__.Tests.test_missing_coverage_rejected) ... ok
test_missing_field_and_inexact_matrix_rejected (__main__.Tests.test_missing_field_and_inexact_matrix_rejected) ... ok
test_nonnegative_false_input_rejected (__main__.Tests.test_nonnegative_false_input_rejected) ... ok
test_off_domain_gluer_change_is_harmless (__main__.Tests.test_off_domain_gluer_change_is_harmless) ... ok
test_pairwise_positive_is_not_global (__main__.Tests.test_pairwise_positive_is_not_global) ... ok
test_response_representative_independence (__main__.Tests.test_response_representative_independence) ... ok
test_source_shift_is_not_potential_gauge (__main__.Tests.test_source_shift_is_not_potential_gauge) ... ok
test_wrong_gluer_on_compatible_data_rejected (__main__.Tests.test_wrong_gluer_on_compatible_data_rejected) ... ok
test_wrong_joint_readout_rejected (__main__.Tests.test_wrong_joint_readout_rejected) ... ok
test_wrong_overlap_rejected (__main__.Tests.test_wrong_overlap_rejected) ... ok

----------------------------------------------------------------------
Ran 22 tests in 0.765s

OK
