2026-10-09T03:47:16.9017437Z Current runner version: '2.337.0'
2026-10-09T03:47:16.9053982Z ##[group]Runner Image Provisioner
2026-10-09T03:47:16.9055425Z Hosted Compute Agent
2026-10-09T03:47:16.9056393Z Version: 20261002.596
2026-10-09T03:47:16.9057497Z Commit: c3d12f3313a95f25162a1503be624f3b0617f8c0
2026-10-09T03:47:16.9059372Z Build Date: 2026-10-02T22:28:27Z
2026-10-09T03:47:16.9060589Z Worker ID: {748d045a-b4db-4f88-88e2-bae4422595c2}
2026-10-09T03:47:16.9062252Z Region: eastus
2026-10-09T03:47:16.9063146Z Cloud: Azure
2026-10-09T03:47:16.9063993Z ##[endgroup]
2026-10-09T03:47:16.9066565Z ##[group]Operating System
2026-10-09T03:47:16.9067627Z Ubuntu
2026-10-09T03:47:16.9068629Z 24.04.5
2026-10-09T03:47:16.9069543Z LTS
2026-10-09T03:47:16.9070540Z ##[endgroup]
2026-10-09T03:47:16.9071474Z ##[group]Runner Image
2026-10-09T03:47:16.9072810Z Image: ubuntu-24.04
2026-10-09T03:47:16.9073974Z Version: 20261004.327.1
2026-10-09T03:47:16.9076060Z Included Software: https://github.com/actions/runner-images/blob/ubuntu24/20261004.327/images/ubuntu/Ubuntu2404-Readme.md
2026-10-09T03:47:16.9078931Z Image Release: https://github.com/actions/runner-images/releases/tag/ubuntu24%2F20261004.327
2026-10-09T03:47:16.9080729Z ##[endgroup]
2026-10-09T03:47:16.9083006Z ##[group]GITHUB_TOKEN Permissions
2026-10-09T03:47:16.9086058Z Contents: read
2026-10-09T03:47:16.9087099Z Metadata: read
2026-10-09T03:47:16.9088080Z ##[endgroup]
2026-10-09T03:47:16.9091225Z Secret source: Actions
2026-10-09T03:47:16.9092952Z Cache mode: write
2026-10-09T03:47:16.9094650Z Prepare workflow directory
2026-10-09T03:47:16.9543785Z Prepare all required actions
2026-10-09T03:47:16.9593493Z Getting action download info
2026-10-09T03:47:17.1234159Z Download action repository 'actions/checkout@v4' (SHA:11d5960a326750d5838078e36cf38b85af677262)
2026-10-09T03:47:17.2212658Z Download action repository 'actions/download-artifact@v4' (SHA:d3f86a106a0bac45b974a628896c90dbdf5c8093)
2026-10-09T03:47:17.4139341Z Download action repository 'actions/upload-artifact@v4' (SHA:ea165f8d65b6e75b540449e92b4886f43607fa02)
2026-10-09T03:47:17.6324454Z Complete job name: publication-audit
2026-10-09T03:47:17.7132595Z ##[group]Run actions/checkout@v4
2026-10-09T03:47:17.7133574Z with:
2026-10-09T03:47:17.7134021Z   path: research_snapshot
2026-10-09T03:47:17.7134547Z   persist-credentials: false
2026-10-09T03:47:17.7135360Z   sparse-checkout: ResearchHistory/UQCF-GEM/research/physical-bridge
.github/scripts

2026-10-09T03:47:17.7136329Z   repository: proteinfoldingengine/WetLabEngine
2026-10-09T03:47:17.7140544Z   token: ***
2026-10-09T03:47:17.7140971Z   ssh-strict: true
2026-10-09T03:47:17.7141399Z   ssh-user: git
2026-10-09T03:47:17.7141991Z   clean: true
2026-10-09T03:47:17.7142433Z   sparse-checkout-cone-mode: true
2026-10-09T03:47:17.7142951Z   fetch-depth: 1
2026-10-09T03:47:17.7143378Z   fetch-tags: false
2026-10-09T03:47:17.7143817Z   show-progress: true
2026-10-09T03:47:17.7144266Z   lfs: false
2026-10-09T03:47:17.7144676Z   submodules: false
2026-10-09T03:47:17.7145130Z   set-safe-directory: true
2026-10-09T03:47:17.7145656Z   allow-unsafe-pr-checkout: false
2026-10-09T03:47:17.7146508Z ##[endgroup]
2026-10-09T03:47:17.8181425Z Syncing repository: proteinfoldingengine/WetLabEngine
2026-10-09T03:47:17.8184065Z ##[group]Getting Git version info
2026-10-09T03:47:17.8185538Z Working directory is '/home/runner/work/WetLabEngine/WetLabEngine/research_snapshot'
2026-10-09T03:47:17.8187522Z [command]/usr/bin/git version
2026-10-09T03:47:17.8280878Z git version 2.55.0
2026-10-09T03:47:17.8308188Z ##[endgroup]
2026-10-09T03:47:17.8326235Z Temporarily overriding HOME='/home/runner/work/_temp/d5826657-427c-4c80-89fc-498aeca1f966' before making global git config changes
2026-10-09T03:47:17.8328141Z Adding repository directory to the temporary git global config as a safe directory
2026-10-09T03:47:17.8331590Z [command]/usr/bin/git config --global --add safe.directory /home/runner/work/WetLabEngine/WetLabEngine/research_snapshot
2026-10-09T03:47:17.8389762Z ##[group]Initializing the repository
2026-10-09T03:47:17.8394820Z [command]/usr/bin/git init /home/runner/work/WetLabEngine/WetLabEngine/research_snapshot
2026-10-09T03:47:17.8509784Z hint: Using 'master' as the name for the initial branch. This default branch name
2026-10-09T03:47:17.8512419Z hint: will change to "main" in Git 3.0. To configure the initial branch name
2026-10-09T03:47:17.8514767Z hint: to use in all of your new repositories, which will suppress this warning,
2026-10-09T03:47:17.8516613Z hint: call:
2026-10-09T03:47:17.8517685Z hint:
2026-10-09T03:47:17.8518906Z hint: 	git config --global init.defaultBranch <name>
2026-10-09T03:47:17.8520333Z hint:
2026-10-09T03:47:17.8521644Z hint: Names commonly chosen instead of 'master' are 'main', 'trunk' and
2026-10-09T03:47:17.8523754Z hint: 'development'. The just-created branch can be renamed via this command:
2026-10-09T03:47:17.8526094Z hint:
2026-10-09T03:47:17.8532851Z hint: 	git branch -m <name>
2026-10-09T03:47:17.8533827Z hint:
2026-10-09T03:47:17.8535070Z hint: Disable this message with "git config set advice.defaultBranchName false"
2026-10-09T03:47:17.8537344Z Initialized empty Git repository in /home/runner/work/WetLabEngine/WetLabEngine/research_snapshot/.git/
2026-10-09T03:47:17.8540885Z [command]/usr/bin/git remote add origin https://github.com/proteinfoldingengine/WetLabEngine
2026-10-09T03:47:17.8607914Z ##[endgroup]
2026-10-09T03:47:17.8609778Z ##[group]Disabling automatic garbage collection
2026-10-09T03:47:17.8611509Z [command]/usr/bin/git config --local gc.auto 0
2026-10-09T03:47:17.8662658Z ##[endgroup]
2026-10-09T03:47:17.8663620Z ##[group]Setting up auth
2026-10-09T03:47:17.8670991Z [command]/usr/bin/git config --local --name-only --get-regexp core\.sshCommand
2026-10-09T03:47:17.8723654Z [command]/usr/bin/git submodule foreach --recursive sh -c "git config --local --name-only --get-regexp 'core\.sshCommand' && git config --local --unset-all 'core.sshCommand' || :"
2026-10-09T03:47:17.9183735Z [command]/usr/bin/git config --local --name-only --get-regexp http\.https\:\/\/github\.com\/\.extraheader
2026-10-09T03:47:17.9216637Z [command]/usr/bin/git submodule foreach --recursive sh -c "git config --local --name-only --get-regexp 'http\.https\:\/\/github\.com\/\.extraheader' && git config --local --unset-all 'http.https://github.com/.extraheader' || :"
2026-10-09T03:47:17.9486390Z [command]/usr/bin/git config --local --name-only --get-regexp ^includeIf\.gitdir:
2026-10-09T03:47:17.9542870Z [command]/usr/bin/git submodule foreach --recursive git config --local --show-origin --name-only --get-regexp remote.origin.url
2026-10-09T03:47:17.9808464Z [command]/usr/bin/git config --local http.https://github.com/.extraheader AUTHORIZATION: basic ***
2026-10-09T03:47:17.9851097Z ##[endgroup]
2026-10-09T03:47:17.9853480Z ##[group]Fetching the repository
2026-10-09T03:47:17.9863537Z [command]/usr/bin/git -c protocol.version=2 fetch --no-tags --prune --no-recurse-submodules --filter=blob:none --depth=1 origin +01889c7fb468ab654f0760b5064fe9f63d200cc2:refs/remotes/origin/research/uqcf-overlapping-guard-exchange
2026-10-09T03:47:18.1938509Z From https://github.com/proteinfoldingengine/WetLabEngine
2026-10-09T03:47:18.1940694Z  * [new ref]         01889c7fb468ab654f0760b5064fe9f63d200cc2 -> origin/research/uqcf-overlapping-guard-exchange
2026-10-09T03:47:18.1945357Z ##[endgroup]
2026-10-09T03:47:18.1946773Z ##[group]Determining the checkout info
2026-10-09T03:47:18.1948440Z ##[endgroup]
2026-10-09T03:47:18.1949813Z ##[group]Setting up sparse checkout
2026-10-09T03:47:18.1956412Z [command]/usr/bin/git sparse-checkout set ResearchHistory/UQCF-GEM/research/physical-bridge .github/scripts
2026-10-09T03:47:18.2009110Z ##[endgroup]
2026-10-09T03:47:18.2010478Z ##[group]Checking out the ref
2026-10-09T03:47:18.2016313Z [command]/usr/bin/git checkout --progress --force -B research/uqcf-overlapping-guard-exchange refs/remotes/origin/research/uqcf-overlapping-guard-exchange
2026-10-09T03:47:18.7990338Z Switched to a new branch 'research/uqcf-overlapping-guard-exchange'
2026-10-09T03:47:18.7994032Z branch 'research/uqcf-overlapping-guard-exchange' set up to track 'origin/research/uqcf-overlapping-guard-exchange'.
2026-10-09T03:47:18.8004636Z ##[endgroup]
2026-10-09T03:47:18.8061398Z [command]/usr/bin/git log -1 --format=%H
2026-10-09T03:47:18.8092263Z 01889c7fb468ab654f0760b5064fe9f63d200cc2
2026-10-09T03:47:18.8102041Z ##[group]Removing auth
2026-10-09T03:47:18.8105388Z [command]/usr/bin/git config --local --name-only --get-regexp core\.sshCommand
2026-10-09T03:47:18.8141085Z [command]/usr/bin/git submodule foreach --recursive sh -c "git config --local --name-only --get-regexp 'core\.sshCommand' && git config --local --unset-all 'core.sshCommand' || :"
2026-10-09T03:47:18.8390794Z [command]/usr/bin/git config --local --name-only --get-regexp http\.https\:\/\/github\.com\/\.extraheader
2026-10-09T03:47:18.8423111Z http.https://github.com/.extraheader
2026-10-09T03:47:18.8432028Z [command]/usr/bin/git config --local --unset-all http.https://github.com/.extraheader
2026-10-09T03:47:18.8470893Z [command]/usr/bin/git submodule foreach --recursive sh -c "git config --local --name-only --get-regexp 'http\.https\:\/\/github\.com\/\.extraheader' && git config --local --unset-all 'http.https://github.com/.extraheader' || :"
2026-10-09T03:47:18.8717250Z [command]/usr/bin/git config --local --name-only --get-regexp ^includeIf\.gitdir:
2026-10-09T03:47:18.8753742Z [command]/usr/bin/git submodule foreach --recursive git config --local --show-origin --name-only --get-regexp remote.origin.url
2026-10-09T03:47:18.8994084Z ##[endgroup]
2026-10-09T03:47:18.9378282Z ##[group]Run actions/download-artifact@v4
2026-10-09T03:47:18.9379568Z with:
2026-10-09T03:47:18.9380427Z   name: c3-pipeline-verification
2026-10-09T03:47:18.9381560Z   path: pipeline_verification
2026-10-09T03:47:18.9382951Z   merge-multiple: false
2026-10-09T03:47:18.9384081Z   repository: proteinfoldingengine/WetLabEngine
2026-10-09T03:47:18.9385367Z   run-id: 37880781623
2026-10-09T03:47:18.9386265Z ##[endgroup]
2026-10-09T03:47:19.0926285Z Downloading single artifact
2026-10-09T03:47:19.1079469Z (node:2397) [DEP0040] DeprecationWarning: The `punycode` module is deprecated. Please use a userland alternative instead.
2026-10-09T03:47:19.1083335Z (Use `node --trace-deprecation ...` to show where the warning was created)
2026-10-09T03:47:19.1917108Z Preparing to download the following artifacts:
2026-10-09T03:47:19.1920323Z - c3-pipeline-verification (ID: 11593894801, Size: 89042, Expected Digest: sha256:4db5c287ad9a0546b9ddba9ce8b78105dd09a771784ea1f7705cb4747f2b36b4)
2026-10-09T03:47:19.2966738Z Redirecting to blob download url: https://productionresultssa8.blob.core.windows.net/actions-results/e0aaabc1-bab9-885f-b13f-ad30a05c53fb/workflow-job-run-67a20050-8ebe-581d-8141-4441ea0dec65/artifacts/2acc20cfe268eef62b7123d358b98da2e1a0cea407ee2f515adb3516fac30b55.zip
2026-10-09T03:47:19.2979621Z Starting download of artifact to: /home/runner/work/WetLabEngine/WetLabEngine/pipeline_verification
2026-10-09T03:47:19.3388987Z (node:2397) [DEP0005] DeprecationWarning: Buffer() is deprecated due to security and usability issues. Please use the Buffer.alloc(), Buffer.allocUnsafe(), or Buffer.from() methods instead.
2026-10-09T03:47:19.3619205Z SHA256 digest of downloaded artifact is 4db5c287ad9a0546b9ddba9ce8b78105dd09a771784ea1f7705cb4747f2b36b4
2026-10-09T03:47:19.3620733Z Artifact download completed successfully.
2026-10-09T03:47:19.3621952Z Total of 1 artifact(s) downloaded
2026-10-09T03:47:19.3627089Z Download artifact has finished successfully
2026-10-09T03:47:19.3786176Z ##[group]Run actions/download-artifact@v4
2026-10-09T03:47:19.3786742Z with:
2026-10-09T03:47:19.3787173Z   name: c3-pipeline-review
2026-10-09T03:47:19.3787661Z   path: pipeline_review
2026-10-09T03:47:19.3788121Z   merge-multiple: false
2026-10-09T03:47:19.3788631Z   repository: proteinfoldingengine/WetLabEngine
2026-10-09T03:47:19.3789183Z   run-id: 37880781623
2026-10-09T03:47:19.3789621Z ##[endgroup]
2026-10-09T03:47:19.5341892Z Downloading single artifact
2026-10-09T03:47:19.5496619Z (node:2411) [DEP0040] DeprecationWarning: The `punycode` module is deprecated. Please use a userland alternative instead.
2026-10-09T03:47:19.5498955Z (Use `node --trace-deprecation ...` to show where the warning was created)
2026-10-09T03:47:19.6497017Z Preparing to download the following artifacts:
2026-10-09T03:47:19.6498736Z - c3-pipeline-review (ID: 11594431107, Size: 2285, Expected Digest: sha256:37380b27b997ad70e395e9fb06720bd072363d7b4e5de02375e45375cfb683dd)
2026-10-09T03:47:19.7834456Z Redirecting to blob download url: https://productionresultssa8.blob.core.windows.net/actions-results/e0aaabc1-bab9-885f-b13f-ad30a05c53fb/workflow-job-run-c1e7651b-5cc7-5d70-a62c-e02af4507654/artifacts/59dbbac76b75f5e90ea2a20e6fda07984a1f9a871de148fede1fcf09cd4131bc.zip
2026-10-09T03:47:19.7836625Z Starting download of artifact to: /home/runner/work/WetLabEngine/WetLabEngine/pipeline_review
2026-10-09T03:47:19.8276584Z (node:2411) [DEP0005] DeprecationWarning: Buffer() is deprecated due to security and usability issues. Please use the Buffer.alloc(), Buffer.allocUnsafe(), or Buffer.from() methods instead.
2026-10-09T03:47:19.8349167Z SHA256 digest of downloaded artifact is 37380b27b997ad70e395e9fb06720bd072363d7b4e5de02375e45375cfb683dd
2026-10-09T03:47:19.8350232Z Artifact download completed successfully.
2026-10-09T03:47:19.8350812Z Total of 1 artifact(s) downloaded
2026-10-09T03:47:19.8354883Z Download artifact has finished successfully
2026-10-09T03:47:19.8492786Z ##[group]Run set -euo pipefail
2026-10-09T03:47:19.8493437Z [36;1mset -euo pipefail[0m
2026-10-09T03:47:19.8494134Z [36;1mROOT=research_snapshot/ResearchHistory/UQCF-GEM/research/physical-bridge[0m
2026-10-09T03:47:19.8495032Z [36;1mpython3 "$ROOT/pipeline_handoff/producer.py" /tmp/publication-certificate.json[0m
2026-10-09T03:47:19.8495919Z [36;1mcmp /tmp/publication-certificate.json pipeline_verification/certificate.json[0m
2026-10-09T03:47:19.8496814Z [36;1mpython3 "$ROOT/pipeline_handoff/independent.py" /tmp/publication-certificate.json[0m
2026-10-09T03:47:19.8497515Z [36;1mpython3 - <<'PY'[0m
2026-10-09T03:47:19.8498009Z [36;1mimport json,hashlib,pathlib,os[0m
2026-10-09T03:47:19.8498698Z [36;1mm=json.loads(pathlib.Path('pipeline_review/manifest.json').read_text())[0m
2026-10-09T03:47:19.8499712Z [36;1mif m['research_commit']!=os.environ['GITHUB_SHA'] or m['workflow_commit']!=os.environ['GITHUB_SHA']: raise ValueError('commit provenance')[0m
2026-10-09T03:47:19.8500617Z [36;1mfor n,h in m['input_sha256'].items():[0m
2026-10-09T03:47:19.8501941Z [36;1m    p=(pathlib.Path('pipeline_verification')/n[9:]) if n.startswith('EVIDENCE/') else (pathlib.Path('research_snapshot/ResearchHistory/UQCF-GEM/research/physical-bridge')/n)[0m
2026-10-09T03:47:19.8503159Z [36;1m    if hashlib.sha256(p.read_bytes()).hexdigest()!=h: raise ValueError('input hash '+n)[0m
2026-10-09T03:47:19.8503939Z [36;1mraw=pathlib.Path('pipeline_review/review.txt').read_bytes()[0m
2026-10-09T03:47:19.8504722Z [36;1mif hashlib.sha256(raw).hexdigest()!=m['response_sha256']: raise ValueError('response hash')[0m
2026-10-09T03:47:19.8505588Z [36;1mprovenance=pathlib.Path('pipeline_verification/provenance.txt').read_text()[0m
2026-10-09T03:47:19.8506650Z [36;1mif provenance!=f"scientific_sha={os.environ['GITHUB_SHA']}\nworkflow_sha={os.environ['GITHUB_SHA']}\n": raise ValueError('execution provenance')[0m
2026-10-09T03:47:19.8508257Z [36;1mgate={'status':'PASS','scientific_commit':os.environ['GITHUB_SHA'],'verified_review_inputs':len(m['input_sha256']),'certificate_reproduced_byte_exact':True,'independent_full_reconstruction':True,'response_sha256':m['response_sha256']}[0m
2026-10-09T03:47:19.8509655Z [36;1mpathlib.Path('pipeline_gate.json').write_text(json.dumps(gate,indent=2)+'\n')[0m
2026-10-09T03:47:19.8510308Z [36;1mprint(json.dumps(gate))[0m
2026-10-09T03:47:19.8510751Z [36;1mPY[0m
2026-10-09T03:47:19.8757204Z shell: /usr/bin/bash --noprofile --norc -e -o pipefail {0}
2026-10-09T03:47:19.8757884Z ##[endgroup]
2026-10-09T03:47:20.2767390Z {"sources": 256, "protected_sources": 192, "paths": 64, "paths_shortened": 2, "graphs": 384, "nodes": 11292, "edges": 23160}
2026-10-09T03:47:20.9158058Z PASS independent complete pipeline and guarded graph reconstruction
2026-10-09T03:47:20.9486642Z {"status": "PASS", "scientific_commit": "01889c7fb468ab654f0760b5064fe9f63d200cc2", "verified_review_inputs": 16, "certificate_reproduced_byte_exact": true, "independent_full_reconstruction": true, "response_sha256": "29e13e01c83a5717a1edb852ab2b7db5ea551bbd86a5673788cdac0f4d291565"}
2026-10-09T03:47:20.9582384Z ##[group]Run python3 research_snapshot/.github/scripts/c3_pipeline_handoff_review.py
2026-10-09T03:47:20.9583068Z [36;1mpython3 research_snapshot/.github/scripts/c3_pipeline_handoff_review.py[0m
2026-10-09T03:47:20.9648322Z shell: /usr/bin/bash -e {0}
2026-10-09T03:47:20.9648607Z env:
2026-10-09T03:47:20.9649126Z   GEMINI_API_KEY: ***
2026-10-09T03:47:20.9649393Z   REVIEW_PHASE: publication
2026-10-09T03:47:20.9649647Z ##[endgroup]
2026-10-09T03:47:34.3128878Z Handoff independent verdict: ACCEPTED
2026-10-09T03:47:34.3129644Z Missing assumptions: 0
2026-10-09T03:47:34.3129965Z Counterexamples: 0
2026-10-09T03:47:34.3130479Z Response SHA256: 995ceceee11013f6cc0f5b101caa6ccc90823451c2380ba626fadeda92cf827d
2026-10-09T03:47:34.3131090Z This is not scientific certification.
2026-10-09T03:47:34.3288288Z ##[group]Run actions/upload-artifact@v4
2026-10-09T03:47:34.3288640Z with:
2026-10-09T03:47:34.3288864Z   name: c3-pipeline-publication
2026-10-09T03:47:34.3289190Z   path: pipeline_publication/
pipeline_gate.json

2026-10-09T03:47:34.3289518Z   if-no-files-found: warn
2026-10-09T03:47:34.3289775Z   compression-level: 6
2026-10-09T03:47:34.3290021Z   overwrite: false
2026-10-09T03:47:34.3290266Z   include-hidden-files: false
2026-10-09T03:47:34.3290533Z ##[endgroup]
2026-10-09T03:47:34.4908286Z (node:2433) [DEP0040] DeprecationWarning: The `punycode` module is deprecated. Please use a userland alternative instead.
2026-10-09T03:47:34.4909086Z (Use `node --trace-deprecation ...` to show where the warning was created)
2026-10-09T03:47:34.4992170Z Multiple search paths detected. Calculating the least common ancestor of all paths
2026-10-09T03:47:34.4995404Z The least common ancestor is /home/runner/work/WetLabEngine/WetLabEngine. This will be the root directory of the artifact
2026-10-09T03:47:34.4996746Z With the provided path, there will be 3 files uploaded
2026-10-09T03:47:34.5002187Z Artifact name is valid!
2026-10-09T03:47:34.5003480Z Root directory input is valid!
2026-10-09T03:47:34.6948486Z Beginning upload of artifact content to blob storage
2026-10-09T03:47:34.7174540Z (node:2433) [DEP0169] DeprecationWarning: `url.parse()` behavior is not standardized and prone to errors that have security implications. Use the WHATWG URL API instead. CVEs are not issued for `url.parse()` vulnerabilities.
2026-10-09T03:47:34.7592670Z Uploaded bytes 2962
2026-10-09T03:47:34.7768524Z Finished uploading artifact content to blob storage!
2026-10-09T03:47:34.7769515Z SHA256 digest of uploaded artifact zip is 6374ba88f043d20ac9e7f6b31e0047574c31062004acd66bdf8e73d5b70ebba2
2026-10-09T03:47:34.7771343Z Finalizing artifact upload
2026-10-09T03:47:34.9938462Z Artifact c3-pipeline-publication.zip successfully finalized. Artifact ID 11594325992
2026-10-09T03:47:34.9939939Z Artifact c3-pipeline-publication has been successfully uploaded! Final size is 2962 bytes. Artifact ID is 11594325992
2026-10-09T03:47:34.9948107Z Artifact download URL: https://github.com/proteinfoldingengine/WetLabEngine/actions/runs/37880781623/artifacts/11594325992
2026-10-09T03:47:35.0184667Z Post job cleanup.
2026-10-09T03:47:35.1078034Z [command]/usr/bin/git version
2026-10-09T03:47:35.1123856Z git version 2.55.0
2026-10-09T03:47:35.1167981Z Temporarily overriding HOME='/home/runner/work/_temp/e4c5ee20-8604-4f04-9246-7f6f4760dda5' before making global git config changes
2026-10-09T03:47:35.1169226Z Adding repository directory to the temporary git global config as a safe directory
2026-10-09T03:47:35.1174392Z [command]/usr/bin/git config --global --add safe.directory /home/runner/work/WetLabEngine/WetLabEngine/research_snapshot
2026-10-09T03:47:35.1214886Z [command]/usr/bin/git config --local --name-only --get-regexp core\.sshCommand
2026-10-09T03:47:35.1248809Z [command]/usr/bin/git submodule foreach --recursive sh -c "git config --local --name-only --get-regexp 'core\.sshCommand' && git config --local --unset-all 'core.sshCommand' || :"
2026-10-09T03:47:35.1527542Z [command]/usr/bin/git config --local --name-only --get-regexp http\.https\:\/\/github\.com\/\.extraheader
2026-10-09T03:47:35.1565876Z [command]/usr/bin/git submodule foreach --recursive sh -c "git config --local --name-only --get-regexp 'http\.https\:\/\/github\.com\/\.extraheader' && git config --local --unset-all 'http.https://github.com/.extraheader' || :"
2026-10-09T03:47:35.1840862Z [command]/usr/bin/git config --local --name-only --get-regexp ^includeIf\.gitdir:
2026-10-09T03:47:35.1882519Z [command]/usr/bin/git submodule foreach --recursive git config --local --show-origin --name-only --get-regexp remote.origin.url
2026-10-09T03:47:35.2290089Z Cleaning up orphan processes
2026-10-09T03:47:35.2589633Z ##[warning]Node.js 20 is deprecated. The following actions target Node.js 20 but are being forced to run on Node.js 24: actions/checkout@v4, actions/download-artifact@v4, actions/upload-artifact@v4. For more information see: https://github.blog/changelog/2025-09-19-deprecation-of-node-20-on-github-actions-runners/
