2026-10-09T03:46:11.4749482Z Current runner version: '2.337.0'
2026-10-09T03:46:11.4769299Z ##[group]Runner Image Provisioner
2026-10-09T03:46:11.4769904Z Hosted Compute Agent
2026-10-09T03:46:11.4770284Z Version: 20261002.596
2026-10-09T03:46:11.4770721Z Commit: c3d12f3313a95f25162a1503be624f3b0617f8c0
2026-10-09T03:46:11.4771300Z Build Date: 2026-10-02T22:28:27Z
2026-10-09T03:46:11.4771775Z Worker ID: {1ce39a01-5e80-4ce6-a8e6-5a8c6111831e}
2026-10-09T03:46:11.4772215Z Region: centralus
2026-10-09T03:46:11.4772563Z Cloud: Azure
2026-10-09T03:46:11.4772936Z ##[endgroup]
2026-10-09T03:46:11.4773827Z ##[group]Operating System
2026-10-09T03:46:11.4774227Z Ubuntu
2026-10-09T03:46:11.4774609Z 24.04.5
2026-10-09T03:46:11.4774956Z LTS
2026-10-09T03:46:11.4775310Z ##[endgroup]
2026-10-09T03:46:11.4775655Z ##[group]Runner Image
2026-10-09T03:46:11.4776043Z Image: ubuntu-24.04
2026-10-09T03:46:11.4776441Z Version: 20261004.327.1
2026-10-09T03:46:11.4777222Z Included Software: https://github.com/actions/runner-images/blob/ubuntu24/20261004.327/images/ubuntu/Ubuntu2404-Readme.md
2026-10-09T03:46:11.4778156Z Image Release: https://github.com/actions/runner-images/releases/tag/ubuntu24%2F20261004.327
2026-10-09T03:46:11.4778744Z ##[endgroup]
2026-10-09T03:46:11.4779490Z ##[group]GITHUB_TOKEN Permissions
2026-10-09T03:46:11.4781270Z Contents: read
2026-10-09T03:46:11.4781682Z Metadata: read
2026-10-09T03:46:11.4782060Z ##[endgroup]
2026-10-09T03:46:11.4783585Z Secret source: Actions
2026-10-09T03:46:11.4784178Z Cache mode: write
2026-10-09T03:46:11.4784641Z Prepare workflow directory
2026-10-09T03:46:11.5026673Z Prepare all required actions
2026-10-09T03:46:11.5069720Z Getting action download info
2026-10-09T03:46:11.7715731Z Download action repository 'actions/checkout@v4' (SHA:11d5960a326750d5838078e36cf38b85af677262)
2026-10-09T03:46:11.8705946Z Download action repository 'actions/upload-artifact@v4' (SHA:ea165f8d65b6e75b540449e92b4886f43607fa02)
2026-10-09T03:46:12.0845012Z Complete job name: verification
2026-10-09T03:46:12.1323948Z ##[group]Run actions/checkout@v4
2026-10-09T03:46:12.1324395Z with:
2026-10-09T03:46:12.1324648Z   path: research_snapshot
2026-10-09T03:46:12.1324935Z   persist-credentials: false
2026-10-09T03:46:12.1325368Z   sparse-checkout: ResearchHistory/UQCF-GEM/research/physical-bridge
.github/scripts

2026-10-09T03:46:12.1325866Z   repository: proteinfoldingengine/WetLabEngine
2026-10-09T03:46:12.1328108Z   token: ***
2026-10-09T03:46:12.1328354Z   ssh-strict: true
2026-10-09T03:46:12.1328598Z   ssh-user: git
2026-10-09T03:46:12.1328837Z   clean: true
2026-10-09T03:46:12.1329088Z   sparse-checkout-cone-mode: true
2026-10-09T03:46:12.1329381Z   fetch-depth: 1
2026-10-09T03:46:12.1329627Z   fetch-tags: false
2026-10-09T03:46:12.1329877Z   show-progress: true
2026-10-09T03:46:12.1330128Z   lfs: false
2026-10-09T03:46:12.1330363Z   submodules: false
2026-10-09T03:46:12.1330618Z   set-safe-directory: true
2026-10-09T03:46:12.1330905Z   allow-unsafe-pr-checkout: false
2026-10-09T03:46:12.1331411Z ##[endgroup]
2026-10-09T03:46:12.2009442Z Syncing repository: proteinfoldingengine/WetLabEngine
2026-10-09T03:46:12.2011096Z ##[group]Getting Git version info
2026-10-09T03:46:12.2011957Z Working directory is '/home/runner/work/WetLabEngine/WetLabEngine/research_snapshot'
2026-10-09T03:46:12.2012824Z [command]/usr/bin/git version
2026-10-09T03:46:12.2111750Z git version 2.55.0
2026-10-09T03:46:12.2125239Z ##[endgroup]
2026-10-09T03:46:12.2137044Z Temporarily overriding HOME='/home/runner/work/_temp/c75b20a1-0045-4a7c-b1f6-1df8f2fbbecf' before making global git config changes
2026-10-09T03:46:12.2138314Z Adding repository directory to the temporary git global config as a safe directory
2026-10-09T03:46:12.2140471Z [command]/usr/bin/git config --global --add safe.directory /home/runner/work/WetLabEngine/WetLabEngine/research_snapshot
2026-10-09T03:46:12.2189982Z ##[group]Initializing the repository
2026-10-09T03:46:12.2193225Z [command]/usr/bin/git init /home/runner/work/WetLabEngine/WetLabEngine/research_snapshot
2026-10-09T03:46:12.2308451Z hint: Using 'master' as the name for the initial branch. This default branch name
2026-10-09T03:46:12.2309755Z hint: will change to "main" in Git 3.0. To configure the initial branch name
2026-10-09T03:46:12.2310710Z hint: to use in all of your new repositories, which will suppress this warning,
2026-10-09T03:46:12.2311519Z hint: call:
2026-10-09T03:46:12.2312884Z hint:
2026-10-09T03:46:12.2313366Z hint: 	git config --global init.defaultBranch <name>
2026-10-09T03:46:12.2313933Z hint:
2026-10-09T03:46:12.2314463Z hint: Names commonly chosen instead of 'master' are 'main', 'trunk' and
2026-10-09T03:46:12.2315323Z hint: 'development'. The just-created branch can be renamed via this command:
2026-10-09T03:46:12.2316016Z hint:
2026-10-09T03:46:12.2316378Z hint: 	git branch -m <name>
2026-10-09T03:46:12.2316782Z hint:
2026-10-09T03:46:12.2317357Z hint: Disable this message with "git config set advice.defaultBranchName false"
2026-10-09T03:46:12.2318513Z Initialized empty Git repository in /home/runner/work/WetLabEngine/WetLabEngine/research_snapshot/.git/
2026-10-09T03:46:12.2320476Z [command]/usr/bin/git remote add origin https://github.com/proteinfoldingengine/WetLabEngine
2026-10-09T03:46:12.2371543Z ##[endgroup]
2026-10-09T03:46:12.2372240Z ##[group]Disabling automatic garbage collection
2026-10-09T03:46:12.2374609Z [command]/usr/bin/git config --local gc.auto 0
2026-10-09T03:46:12.2407632Z ##[endgroup]
2026-10-09T03:46:12.2408317Z ##[group]Setting up auth
2026-10-09T03:46:12.2412931Z [command]/usr/bin/git config --local --name-only --get-regexp core\.sshCommand
2026-10-09T03:46:12.2445170Z [command]/usr/bin/git submodule foreach --recursive sh -c "git config --local --name-only --get-regexp 'core\.sshCommand' && git config --local --unset-all 'core.sshCommand' || :"
2026-10-09T03:46:12.2766289Z [command]/usr/bin/git config --local --name-only --get-regexp http\.https\:\/\/github\.com\/\.extraheader
2026-10-09T03:46:12.2797682Z [command]/usr/bin/git submodule foreach --recursive sh -c "git config --local --name-only --get-regexp 'http\.https\:\/\/github\.com\/\.extraheader' && git config --local --unset-all 'http.https://github.com/.extraheader' || :"
2026-10-09T03:46:12.2982968Z [command]/usr/bin/git config --local --name-only --get-regexp ^includeIf\.gitdir:
2026-10-09T03:46:12.3012751Z [command]/usr/bin/git submodule foreach --recursive git config --local --show-origin --name-only --get-regexp remote.origin.url
2026-10-09T03:46:12.3198168Z [command]/usr/bin/git config --local http.https://github.com/.extraheader AUTHORIZATION: basic ***
2026-10-09T03:46:12.3234976Z ##[endgroup]
2026-10-09T03:46:12.3235564Z ##[group]Fetching the repository
2026-10-09T03:46:12.3241999Z [command]/usr/bin/git -c protocol.version=2 fetch --no-tags --prune --no-recurse-submodules --filter=blob:none --depth=1 origin +01889c7fb468ab654f0760b5064fe9f63d200cc2:refs/remotes/origin/research/uqcf-overlapping-guard-exchange
2026-10-09T03:46:12.7327518Z From https://github.com/proteinfoldingengine/WetLabEngine
2026-10-09T03:46:12.7328339Z  * [new ref]         01889c7fb468ab654f0760b5064fe9f63d200cc2 -> origin/research/uqcf-overlapping-guard-exchange
2026-10-09T03:46:12.7330494Z ##[endgroup]
2026-10-09T03:46:12.7330944Z ##[group]Determining the checkout info
2026-10-09T03:46:12.7336790Z ##[endgroup]
2026-10-09T03:46:12.7337370Z ##[group]Setting up sparse checkout
2026-10-09T03:46:12.7346411Z [command]/usr/bin/git sparse-checkout set ResearchHistory/UQCF-GEM/research/physical-bridge .github/scripts
2026-10-09T03:46:12.7383666Z ##[endgroup]
2026-10-09T03:46:12.7384159Z ##[group]Checking out the ref
2026-10-09T03:46:12.7386833Z [command]/usr/bin/git checkout --progress --force -B research/uqcf-overlapping-guard-exchange refs/remotes/origin/research/uqcf-overlapping-guard-exchange
2026-10-09T03:46:13.6973076Z Switched to a new branch 'research/uqcf-overlapping-guard-exchange'
2026-10-09T03:46:13.6976190Z branch 'research/uqcf-overlapping-guard-exchange' set up to track 'origin/research/uqcf-overlapping-guard-exchange'.
2026-10-09T03:46:13.6984677Z ##[endgroup]
2026-10-09T03:46:13.7028546Z [command]/usr/bin/git log -1 --format=%H
2026-10-09T03:46:13.7052281Z 01889c7fb468ab654f0760b5064fe9f63d200cc2
2026-10-09T03:46:13.7059495Z ##[group]Removing auth
2026-10-09T03:46:13.7061668Z [command]/usr/bin/git config --local --name-only --get-regexp core\.sshCommand
2026-10-09T03:46:13.7088166Z [command]/usr/bin/git submodule foreach --recursive sh -c "git config --local --name-only --get-regexp 'core\.sshCommand' && git config --local --unset-all 'core.sshCommand' || :"
2026-10-09T03:46:13.7276466Z [command]/usr/bin/git config --local --name-only --get-regexp http\.https\:\/\/github\.com\/\.extraheader
2026-10-09T03:46:13.7301951Z http.https://github.com/.extraheader
2026-10-09T03:46:13.7308680Z [command]/usr/bin/git config --local --unset-all http.https://github.com/.extraheader
2026-10-09T03:46:13.7338925Z [command]/usr/bin/git submodule foreach --recursive sh -c "git config --local --name-only --get-regexp 'http\.https\:\/\/github\.com\/\.extraheader' && git config --local --unset-all 'http.https://github.com/.extraheader' || :"
2026-10-09T03:46:13.7519836Z [command]/usr/bin/git config --local --name-only --get-regexp ^includeIf\.gitdir:
2026-10-09T03:46:13.7546086Z [command]/usr/bin/git submodule foreach --recursive git config --local --show-origin --name-only --get-regexp remote.origin.url
2026-10-09T03:46:13.7727386Z ##[endgroup]
2026-10-09T03:46:13.7909443Z ##[group]Run set -euo pipefail
2026-10-09T03:46:13.7910316Z [36;1mset -euo pipefail[0m
2026-10-09T03:46:13.7911068Z [36;1mmkdir pipeline_verification[0m
2026-10-09T03:46:13.7912367Z [36;1mROOT=research_snapshot/ResearchHistory/UQCF-GEM/research/physical-bridge[0m
2026-10-09T03:46:13.7914307Z [36;1mpython3 -m unittest discover -s "$ROOT/pipeline_handoff" -p test_pipeline.py -v 2>&1 | tee pipeline_verification/contracts.log[0m
2026-10-09T03:46:13.7916658Z [36;1mpython3 "$ROOT/pipeline_handoff/producer.py" pipeline_verification/certificate.json | tee pipeline_verification/counts.json[0m
2026-10-09T03:46:13.7918494Z [36;1mpython3 "$ROOT/pipeline_handoff/producer.py" /tmp/repeated.json[0m
2026-10-09T03:46:13.7919822Z [36;1mcmp pipeline_verification/certificate.json /tmp/repeated.json[0m
2026-10-09T03:46:13.7921890Z [36;1mpython3 "$ROOT/pipeline_handoff/independent.py" pipeline_verification/certificate.json | tee pipeline_verification/independent.json[0m
2026-10-09T03:46:13.7924406Z [36;1mpython3 -m unittest discover -s "$ROOT/reactive_handoff" -p test_reactive.py -v 2>&1 | tee pipeline_verification/inherited_reactive.log[0m
2026-10-09T03:46:13.7926573Z [36;1mecho "scientific_sha=$(git -C research_snapshot rev-parse HEAD)" > pipeline_verification/provenance.txt[0m
2026-10-09T03:46:13.7928247Z [36;1mecho "workflow_sha=$GITHUB_SHA" >> pipeline_verification/provenance.txt[0m
2026-10-09T03:46:13.7929889Z [36;1msha256sum pipeline_verification/certificate.json > pipeline_verification/certificate.sha256[0m
2026-10-09T03:46:13.8169595Z shell: /usr/bin/bash --noprofile --norc -e -o pipefail {0}
2026-10-09T03:46:13.8170628Z ##[endgroup]
2026-10-09T03:46:14.5037208Z test_budget (test_pipeline.Contracts.test_budget) ... ok
2026-10-09T03:46:14.6785834Z test_certificate (test_pipeline.Contracts.test_certificate) ... ok
2026-10-09T03:46:14.7059762Z test_complete (test_pipeline.Contracts.test_complete) ... ok
2026-10-09T03:46:14.7060300Z test_cycles_and_erasure (test_pipeline.Contracts.test_cycles_and_erasure) ... ok
2026-10-09T03:46:14.8640582Z test_duplicate_edge (test_pipeline.Contracts.test_duplicate_edge) ... ok
2026-10-09T03:46:15.0190822Z test_duplicate_source (test_pipeline.Contracts.test_duplicate_source) ... ok
2026-10-09T03:46:15.1794565Z test_duplicate_state (test_pipeline.Contracts.test_duplicate_state) ... ok
2026-10-09T03:46:15.3365997Z test_eligibility (test_pipeline.Contracts.test_eligibility) ... ok
2026-10-09T03:46:15.4922774Z test_excess (test_pipeline.Contracts.test_excess) ... ok
2026-10-09T03:46:15.6825733Z test_false_completion (test_pipeline.Contracts.test_false_completion) ... ok
2026-10-09T03:46:15.8576636Z test_false_composition (test_pipeline.Contracts.test_false_composition) ... ok
2026-10-09T03:46:16.0227901Z test_false_marker_read (test_pipeline.Contracts.test_false_marker_read) ... ok
2026-10-09T03:46:16.1870296Z test_false_optimal (test_pipeline.Contracts.test_false_optimal) ... ok
2026-10-09T03:46:16.3420209Z test_false_origin (test_pipeline.Contracts.test_false_origin) ... ok
2026-10-09T03:46:16.5271474Z test_false_progress (test_pipeline.Contracts.test_false_progress) ... ok
2026-10-09T03:46:16.7030320Z test_false_raw_simple (test_pipeline.Contracts.test_false_raw_simple) ... ok
2026-10-09T03:46:16.8748609Z test_false_uniform_safety (test_pipeline.Contracts.test_false_uniform_safety) ... ok
2026-10-09T03:46:17.0520362Z test_floor (test_pipeline.Contracts.test_floor) ... ok
2026-10-09T03:46:17.0535573Z test_hidden_marker_alias (test_pipeline.Contracts.test_hidden_marker_alias) ... ok
2026-10-09T03:46:17.2187511Z test_illegal_direct_deletion (test_pipeline.Contracts.test_illegal_direct_deletion) ... ok
2026-10-09T03:46:17.3808204Z test_marker_observation (test_pipeline.Contracts.test_marker_observation) ... ok
2026-10-09T03:46:17.5780677Z test_missing_edge (test_pipeline.Contracts.test_missing_edge) ... ok
2026-10-09T03:46:17.7559522Z test_missing_graph (test_pipeline.Contracts.test_missing_graph) ... ok
2026-10-09T03:46:17.9305624Z test_missing_parking_cycle (test_pipeline.Contracts.test_missing_parking_cycle) ... ok
2026-10-09T03:46:18.1019867Z test_missing_path (test_pipeline.Contracts.test_missing_path) ... ok
2026-10-09T03:46:18.2691506Z test_missing_source (test_pipeline.Contracts.test_missing_source) ... ok
2026-10-09T03:46:18.4283375Z test_missing_state (test_pipeline.Contracts.test_missing_state) ... ok
2026-10-09T03:46:18.6188229Z test_omitted_noop (test_pipeline.Contracts.test_omitted_noop) ... ok
2026-10-09T03:46:18.7940371Z test_policy (test_pipeline.Contracts.test_policy) ... ok
2026-10-09T03:46:18.9670770Z test_provenance (test_pipeline.Contracts.test_provenance) ... ok
2026-10-09T03:46:19.1352369Z test_rank (test_pipeline.Contracts.test_rank) ... ok
2026-10-09T03:46:19.2982886Z test_raw_slice (test_pipeline.Contracts.test_raw_slice) ... ok
2026-10-09T03:46:19.5047359Z test_retained_identity (test_pipeline.Contracts.test_retained_identity) ... ok
2026-10-09T03:46:19.6815011Z test_reverse_change (test_pipeline.Contracts.test_reverse_change) ... ok
2026-10-09T03:46:19.8557384Z test_simple_slice (test_pipeline.Contracts.test_simple_slice) ... ok
2026-10-09T03:46:20.0286995Z test_substituted_graph (test_pipeline.Contracts.test_substituted_graph) ... ok
2026-10-09T03:46:20.1953378Z test_substituted_path (test_pipeline.Contracts.test_substituted_path) ... ok
2026-10-09T03:46:20.3558280Z test_target (test_pipeline.Contracts.test_target) ... ok
2026-10-09T03:46:20.5407641Z test_tau (test_pipeline.Contracts.test_tau) ... ok
2026-10-09T03:46:20.7093158Z test_type (test_pipeline.Contracts.test_type) ... ok
2026-10-09T03:46:20.8766778Z test_wrong_shared_cycle (test_pipeline.Contracts.test_wrong_shared_cycle) ... ok
2026-10-09T03:46:20.8767236Z 
2026-10-09T03:46:20.8767350Z ----------------------------------------------------------------------
2026-10-09T03:46:20.8767620Z Ran 41 tests in 7.014s
2026-10-09T03:46:20.8767705Z 
2026-10-09T03:46:20.8767754Z OK
2026-10-09T03:46:21.1471061Z {"sources": 256, "protected_sources": 192, "paths": 64, "paths_shortened": 2, "graphs": 384, "nodes": 11292, "edges": 23160}
2026-10-09T03:46:21.4116409Z {"sources": 256, "protected_sources": 192, "paths": 64, "paths_shortened": 2, "graphs": 384, "nodes": 11292, "edges": 23160}
2026-10-09T03:46:21.7952443Z PASS independent complete pipeline and guarded graph reconstruction
2026-10-09T03:46:22.0450372Z test_complete (test_reactive.Contracts.test_complete) ... ok
2026-10-09T03:46:22.1275807Z test_duplicate_edge (test_reactive.Contracts.test_duplicate_edge) ... ok
2026-10-09T03:46:22.1943476Z test_duplicate_source (test_reactive.Contracts.test_duplicate_source) ... ok
2026-10-09T03:46:22.2683724Z test_duplicate_state (test_reactive.Contracts.test_duplicate_state) ... ok
2026-10-09T03:46:22.3344437Z test_eligibility (test_reactive.Contracts.test_eligibility) ... ok
2026-10-09T03:46:22.4077758Z test_excess (test_reactive.Contracts.test_excess) ... ok
2026-10-09T03:46:22.4855158Z test_false_completion (test_reactive.Contracts.test_false_completion) ... ok
2026-10-09T03:46:22.5529594Z test_false_composition (test_reactive.Contracts.test_false_composition) ... ok
2026-10-09T03:46:22.6280675Z test_false_marker_read (test_reactive.Contracts.test_false_marker_read) ... ok
2026-10-09T03:46:22.6938806Z test_false_origin (test_reactive.Contracts.test_false_origin) ... ok
2026-10-09T03:46:22.7671457Z test_false_progress (test_reactive.Contracts.test_false_progress) ... ok
2026-10-09T03:46:22.8327769Z test_false_uniform_safety (test_reactive.Contracts.test_false_uniform_safety) ... ok
2026-10-09T03:46:22.9057009Z test_floor (test_reactive.Contracts.test_floor) ... ok
2026-10-09T03:46:22.9068890Z test_hidden_marker_alias (test_reactive.Contracts.test_hidden_marker_alias) ... ok
2026-10-09T03:46:22.9843834Z test_illegal_direct_deletion (test_reactive.Contracts.test_illegal_direct_deletion) ... ok
2026-10-09T03:46:23.0508082Z test_marker_observation (test_reactive.Contracts.test_marker_observation) ... ok
2026-10-09T03:46:23.1267078Z test_missing_edge (test_reactive.Contracts.test_missing_edge) ... ok
2026-10-09T03:46:23.1924647Z test_missing_graph (test_reactive.Contracts.test_missing_graph) ... ok
2026-10-09T03:46:23.2651753Z test_missing_source (test_reactive.Contracts.test_missing_source) ... ok
2026-10-09T03:46:23.3410150Z test_missing_state (test_reactive.Contracts.test_missing_state) ... ok
2026-10-09T03:46:23.4074288Z test_omitted_noop (test_reactive.Contracts.test_omitted_noop) ... ok
2026-10-09T03:46:23.4845338Z test_policy (test_reactive.Contracts.test_policy) ... ok
2026-10-09T03:46:23.5533157Z test_provenance (test_reactive.Contracts.test_provenance) ... ok
2026-10-09T03:46:23.6285311Z test_rank (test_reactive.Contracts.test_rank) ... ok
2026-10-09T03:46:23.6977916Z test_reverse_change (test_reactive.Contracts.test_reverse_change) ... ok
2026-10-09T03:46:23.7745302Z test_substituted_graph (test_reactive.Contracts.test_substituted_graph) ... ok
2026-10-09T03:46:23.8518803Z test_target (test_reactive.Contracts.test_target) ... ok
2026-10-09T03:46:23.9207798Z test_tau (test_reactive.Contracts.test_tau) ... ok
2026-10-09T03:46:23.9975399Z test_type (test_reactive.Contracts.test_type) ... ok
2026-10-09T03:46:23.9975696Z 
2026-10-09T03:46:23.9975831Z ----------------------------------------------------------------------
2026-10-09T03:46:24.0041979Z Ran 29 tests in 2.166s
2026-10-09T03:46:24.0042229Z 
2026-10-09T03:46:24.0042325Z OK
2026-10-09T03:46:24.0350426Z ##[group]Run actions/upload-artifact@v4
2026-10-09T03:46:24.0350599Z with:
2026-10-09T03:46:24.0350723Z   name: c3-pipeline-verification
2026-10-09T03:46:24.0350872Z   path: pipeline_verification/
2026-10-09T03:46:24.0351017Z   if-no-files-found: warn
2026-10-09T03:46:24.0351340Z   compression-level: 6
2026-10-09T03:46:24.0351480Z   overwrite: false
2026-10-09T03:46:24.0351609Z   include-hidden-files: false
2026-10-09T03:46:24.0351752Z ##[endgroup]
2026-10-09T03:46:24.1508864Z (node:2182) [DEP0040] DeprecationWarning: The `punycode` module is deprecated. Please use a userland alternative instead.
2026-10-09T03:46:24.1509354Z (Use `node --trace-deprecation ...` to show where the warning was created)
2026-10-09T03:46:24.1555508Z With the provided path, there will be 7 files uploaded
2026-10-09T03:46:24.1556720Z Artifact name is valid!
2026-10-09T03:46:24.1563489Z Root directory input is valid!
2026-10-09T03:46:24.4475644Z Beginning upload of artifact content to blob storage
2026-10-09T03:46:24.4819486Z (node:2182) [DEP0169] DeprecationWarning: `url.parse()` behavior is not standardized and prone to errors that have security implications. Use the WHATWG URL API instead. CVEs are not issued for `url.parse()` vulnerabilities.
2026-10-09T03:46:24.6767097Z Uploaded bytes 89042
2026-10-09T03:46:24.7142131Z Finished uploading artifact content to blob storage!
2026-10-09T03:46:24.7143421Z SHA256 digest of uploaded artifact zip is 4db5c287ad9a0546b9ddba9ce8b78105dd09a771784ea1f7705cb4747f2b36b4
2026-10-09T03:46:24.7143894Z Finalizing artifact upload
2026-10-09T03:46:24.9340909Z Artifact c3-pipeline-verification.zip successfully finalized. Artifact ID 11593894801
2026-10-09T03:46:24.9341809Z Artifact c3-pipeline-verification has been successfully uploaded! Final size is 89042 bytes. Artifact ID is 11593894801
2026-10-09T03:46:24.9346924Z Artifact download URL: https://github.com/proteinfoldingengine/WetLabEngine/actions/runs/37880781623/artifacts/11593894801
2026-10-09T03:46:24.9534178Z Post job cleanup.
2026-10-09T03:46:25.0101715Z [command]/usr/bin/git version
2026-10-09T03:46:25.0134437Z git version 2.55.0
2026-10-09T03:46:25.0159389Z Temporarily overriding HOME='/home/runner/work/_temp/7e2ae658-7e24-4751-952a-fc72b51f4b32' before making global git config changes
2026-10-09T03:46:25.0160108Z Adding repository directory to the temporary git global config as a safe directory
2026-10-09T03:46:25.0163164Z [command]/usr/bin/git config --global --add safe.directory /home/runner/work/WetLabEngine/WetLabEngine/research_snapshot
2026-10-09T03:46:25.0196897Z [command]/usr/bin/git config --local --name-only --get-regexp core\.sshCommand
2026-10-09T03:46:25.0232843Z [command]/usr/bin/git submodule foreach --recursive sh -c "git config --local --name-only --get-regexp 'core\.sshCommand' && git config --local --unset-all 'core.sshCommand' || :"
2026-10-09T03:46:25.0458496Z [command]/usr/bin/git config --local --name-only --get-regexp http\.https\:\/\/github\.com\/\.extraheader
2026-10-09T03:46:25.0494282Z [command]/usr/bin/git submodule foreach --recursive sh -c "git config --local --name-only --get-regexp 'http\.https\:\/\/github\.com\/\.extraheader' && git config --local --unset-all 'http.https://github.com/.extraheader' || :"
2026-10-09T03:46:25.0716007Z [command]/usr/bin/git config --local --name-only --get-regexp ^includeIf\.gitdir:
2026-10-09T03:46:25.0749380Z [command]/usr/bin/git submodule foreach --recursive git config --local --show-origin --name-only --get-regexp remote.origin.url
2026-10-09T03:46:25.1058626Z Cleaning up orphan processes
2026-10-09T03:46:25.1254370Z ##[warning]Node.js 20 is deprecated. The following actions target Node.js 20 but are being forced to run on Node.js 24: actions/checkout@v4, actions/upload-artifact@v4. For more information see: https://github.blog/changelog/2025-09-19-deprecation-of-node-20-on-github-actions-runners/
