2026-09-30T23:58:25.2152689Z Current runner version: '2.337.0'
2026-09-30T23:58:25.2179056Z ##[group]Runner Image Provisioner
2026-09-30T23:58:25.2179896Z Hosted Compute Agent
2026-09-30T23:58:25.2180683Z Version: 20260828.587
2026-09-30T23:58:25.2181348Z Commit: abac92662cab4cc7352de4f9f9d2e2419aad9c29
2026-09-30T23:58:25.2182602Z Build Date: 2026-08-28T16:44:25Z
2026-09-30T23:58:25.2183332Z Worker ID: {edf27958-ac72-4ca2-bb18-c85fbcd4ccf7}
2026-09-30T23:58:25.2184311Z Azure Region: northcentralus
2026-09-30T23:58:25.2185037Z ##[endgroup]
2026-09-30T23:58:25.2186453Z ##[group]Operating System
2026-09-30T23:58:25.2187175Z Ubuntu
2026-09-30T23:58:25.2187737Z 24.04.5
2026-09-30T23:58:25.2188274Z LTS
2026-09-30T23:58:25.2188910Z ##[endgroup]
2026-09-30T23:58:25.2189704Z ##[group]Runner Image
2026-09-30T23:58:25.2190421Z Image: ubuntu-24.04
2026-09-30T23:58:25.2191033Z Version: 20260920.314.1
2026-09-30T23:58:25.2192398Z Included Software: https://github.com/actions/runner-images/blob/ubuntu24/20260920.314/images/ubuntu/Ubuntu2404-Readme.md
2026-09-30T23:58:25.2194262Z Image Release: https://github.com/actions/runner-images/releases/tag/ubuntu24%2F20260920.314
2026-09-30T23:58:25.2195456Z ##[endgroup]
2026-09-30T23:58:25.2196601Z ##[group]GITHUB_TOKEN Permissions
2026-09-30T23:58:25.2198713Z Contents: read
2026-09-30T23:58:25.2199357Z Metadata: read
2026-09-30T23:58:25.2199985Z ##[endgroup]
2026-09-30T23:58:25.2202606Z Secret source: Actions
2026-09-30T23:58:25.2203648Z Cache mode: write
2026-09-30T23:58:25.2204781Z Prepare workflow directory
2026-09-30T23:58:25.2648881Z Prepare all required actions
2026-09-30T23:58:25.2718049Z Getting action download info
2026-09-30T23:58:25.5029483Z Download action repository 'actions/checkout@11d5960a326750d5838078e36cf38b85af677262' (SHA:11d5960a326750d5838078e36cf38b85af677262)
2026-09-30T23:58:25.6199302Z Download action repository 'actions/setup-python@a26af69be951a213d495a4c3e4e4022e16d87065' (SHA:a26af69be951a213d495a4c3e4e4022e16d87065)
2026-09-30T23:58:25.7027412Z Download action repository 'actions/upload-artifact@ea165f8d65b6e75b540449e92b4886f43607fa02' (SHA:ea165f8d65b6e75b540449e92b4886f43607fa02)
2026-09-30T23:58:25.9242677Z Complete job name: post_merge
2026-09-30T23:58:26.0031467Z ##[group]Run actions/checkout@11d5960a326750d5838078e36cf38b85af677262
2026-09-30T23:58:26.0032491Z with:
2026-09-30T23:58:26.0032928Z   fetch-depth: 64
2026-09-30T23:58:26.0033442Z   repository: proteinfoldingengine/WetLabEngine
2026-09-30T23:58:26.0037716Z   token: ***
2026-09-30T23:58:26.0038194Z   ssh-strict: true
2026-09-30T23:58:26.0038637Z   ssh-user: git
2026-09-30T23:58:26.0039094Z   persist-credentials: true
2026-09-30T23:58:26.0039585Z   clean: true
2026-09-30T23:58:26.0040033Z   sparse-checkout-cone-mode: true
2026-09-30T23:58:26.0040551Z   fetch-tags: false
2026-09-30T23:58:26.0040989Z   show-progress: true
2026-09-30T23:58:26.0041426Z   lfs: false
2026-09-30T23:58:26.0041838Z   submodules: false
2026-09-30T23:58:26.0042277Z   set-safe-directory: true
2026-09-30T23:58:26.0042771Z   allow-unsafe-pr-checkout: false
2026-09-30T23:58:26.0043493Z ##[endgroup]
2026-09-30T23:58:26.1089515Z Syncing repository: proteinfoldingengine/WetLabEngine
2026-09-30T23:58:26.1092227Z ##[group]Getting Git version info
2026-09-30T23:58:26.1093544Z Working directory is '/home/runner/work/WetLabEngine/WetLabEngine'
2026-09-30T23:58:26.1095420Z [command]/usr/bin/git version
2026-09-30T23:58:26.1124190Z git version 2.55.0
2026-09-30T23:58:26.1144659Z ##[endgroup]
2026-09-30T23:58:26.1160778Z Temporarily overriding HOME='/home/runner/work/_temp/41a93921-e79a-4d72-977b-54a10d81af5a' before making global git config changes
2026-09-30T23:58:26.1163008Z Adding repository directory to the temporary git global config as a safe directory
2026-09-30T23:58:26.1166780Z [command]/usr/bin/git config --global --add safe.directory /home/runner/work/WetLabEngine/WetLabEngine
2026-09-30T23:58:26.1219046Z Deleting the contents of '/home/runner/work/WetLabEngine/WetLabEngine'
2026-09-30T23:58:26.1224238Z ##[group]Initializing the repository
2026-09-30T23:58:26.1236392Z [command]/usr/bin/git init /home/runner/work/WetLabEngine/WetLabEngine
2026-09-30T23:58:26.1316137Z hint: Using 'master' as the name for the initial branch. This default branch name
2026-09-30T23:58:26.1317945Z hint: will change to "main" in Git 3.0. To configure the initial branch name
2026-09-30T23:58:26.1319716Z hint: to use in all of your new repositories, which will suppress this warning,
2026-09-30T23:58:26.1321192Z hint: call:
2026-09-30T23:58:26.1322613Z hint:
2026-09-30T23:58:26.1323678Z hint: 	git config --global init.defaultBranch <name>
2026-09-30T23:58:26.1325164Z hint:
2026-09-30T23:58:26.1326283Z hint: Names commonly chosen instead of 'master' are 'main', 'trunk' and
2026-09-30T23:58:26.1327926Z hint: 'development'. The just-created branch can be renamed via this command:
2026-09-30T23:58:26.1329315Z hint:
2026-09-30T23:58:26.1330259Z hint: 	git branch -m <name>
2026-09-30T23:58:26.1331311Z hint:
2026-09-30T23:58:26.1332696Z hint: Disable this message with "git config set advice.defaultBranchName false"
2026-09-30T23:58:26.1334864Z Initialized empty Git repository in /home/runner/work/WetLabEngine/WetLabEngine/.git/
2026-09-30T23:58:26.1338369Z [command]/usr/bin/git remote add origin https://github.com/proteinfoldingengine/WetLabEngine
2026-09-30T23:58:26.1384846Z ##[endgroup]
2026-09-30T23:58:26.1386103Z ##[group]Disabling automatic garbage collection
2026-09-30T23:58:26.1389191Z [command]/usr/bin/git config --local gc.auto 0
2026-09-30T23:58:26.1425960Z ##[endgroup]
2026-09-30T23:58:26.1427097Z ##[group]Setting up auth
2026-09-30T23:58:26.1433498Z [command]/usr/bin/git config --local --name-only --get-regexp core\.sshCommand
2026-09-30T23:58:26.1471588Z [command]/usr/bin/git submodule foreach --recursive sh -c "git config --local --name-only --get-regexp 'core\.sshCommand' && git config --local --unset-all 'core.sshCommand' || :"
2026-09-30T23:58:26.1847956Z [command]/usr/bin/git config --local --name-only --get-regexp http\.https\:\/\/github\.com\/\.extraheader
2026-09-30T23:58:26.1896277Z [command]/usr/bin/git submodule foreach --recursive sh -c "git config --local --name-only --get-regexp 'http\.https\:\/\/github\.com\/\.extraheader' && git config --local --unset-all 'http.https://github.com/.extraheader' || :"
2026-09-30T23:58:26.2158988Z [command]/usr/bin/git config --local --name-only --get-regexp ^includeIf\.gitdir:
2026-09-30T23:58:26.2199098Z [command]/usr/bin/git submodule foreach --recursive git config --local --show-origin --name-only --get-regexp remote.origin.url
2026-09-30T23:58:26.2467009Z [command]/usr/bin/git config --local http.https://github.com/.extraheader AUTHORIZATION: basic ***
2026-09-30T23:58:26.2517602Z ##[endgroup]
2026-09-30T23:58:26.2518625Z ##[group]Fetching the repository
2026-09-30T23:58:26.2531838Z [command]/usr/bin/git -c protocol.version=2 fetch --no-tags --prune --no-recurse-submodules --depth=64 origin +4c8df6179496d8a5a6304443e4a5c7ade6a4ff6f:refs/remotes/origin/research/v16.34-fiber-component-invariant
2026-09-30T23:58:47.2637599Z From https://github.com/proteinfoldingengine/WetLabEngine
2026-09-30T23:58:47.2638946Z  * [new ref]         4c8df6179496d8a5a6304443e4a5c7ade6a4ff6f -> origin/research/v16.34-fiber-component-invariant
2026-09-30T23:58:47.2641720Z ##[endgroup]
2026-09-30T23:58:47.2642597Z ##[group]Determining the checkout info
2026-09-30T23:58:47.2644897Z ##[endgroup]
2026-09-30T23:58:47.2652512Z [command]/usr/bin/git sparse-checkout disable
2026-09-30T23:58:47.2706087Z [command]/usr/bin/git config --local --unset-all extensions.worktreeConfig
2026-09-30T23:58:47.2780663Z ##[group]Checking out the ref
2026-09-30T23:58:47.2781648Z [command]/usr/bin/git checkout --progress --force -B research/v16.34-fiber-component-invariant refs/remotes/origin/research/v16.34-fiber-component-invariant
2026-09-30T23:58:48.3235336Z Updating files:  46% (2818/6052)
2026-09-30T23:58:48.4350528Z Updating files:  47% (2845/6052)
2026-09-30T23:58:48.4396076Z Updating files:  48% (2905/6052)
2026-09-30T23:58:48.4436950Z Updating files:  49% (2966/6052)
2026-09-30T23:58:48.4492412Z Updating files:  50% (3026/6052)
2026-09-30T23:58:48.8191957Z Updating files:  51% (3087/6052)
2026-09-30T23:58:48.8393691Z Updating files:  52% (3148/6052)
2026-09-30T23:58:48.8587048Z Updating files:  53% (3208/6052)
2026-09-30T23:58:48.8750818Z Updating files:  54% (3269/6052)
2026-09-30T23:58:48.8846146Z Updating files:  55% (3329/6052)
2026-09-30T23:58:49.1148437Z Updating files:  56% (3390/6052)
2026-09-30T23:58:49.1198379Z Updating files:  57% (3450/6052)
2026-09-30T23:58:49.1253484Z Updating files:  58% (3511/6052)
2026-09-30T23:58:49.1291072Z Updating files:  59% (3571/6052)
2026-09-30T23:58:49.1351958Z Updating files:  60% (3632/6052)
2026-09-30T23:58:49.2152870Z Updating files:  61% (3692/6052)
2026-09-30T23:58:49.2186987Z Updating files:  62% (3753/6052)
2026-09-30T23:58:49.2211872Z Updating files:  63% (3813/6052)
2026-09-30T23:58:49.2372795Z Updating files:  64% (3874/6052)
2026-09-30T23:58:49.2524687Z Updating files:  65% (3934/6052)
2026-09-30T23:58:49.2709188Z Updating files:  66% (3995/6052)
2026-09-30T23:58:49.2809981Z Updating files:  67% (4055/6052)
2026-09-30T23:58:49.2868876Z Updating files:  68% (4116/6052)
2026-09-30T23:58:49.3243127Z Updating files:  69% (4176/6052)
2026-09-30T23:58:49.3945960Z Updating files:  69% (4177/6052)
2026-09-30T23:58:49.6616864Z Updating files:  70% (4237/6052)
2026-09-30T23:58:49.6643110Z Updating files:  71% (4297/6052)
2026-09-30T23:58:49.8472841Z Updating files:  72% (4358/6052)
2026-09-30T23:58:49.9553540Z Updating files:  73% (4418/6052)
2026-09-30T23:58:50.0339309Z Updating files:  74% (4479/6052)
2026-09-30T23:58:50.0915142Z Updating files:  75% (4539/6052)
2026-09-30T23:58:50.1011204Z Updating files:  76% (4600/6052)
2026-09-30T23:58:50.1538690Z Updating files:  77% (4661/6052)
2026-09-30T23:58:50.1589063Z Updating files:  78% (4721/6052)
2026-09-30T23:58:50.1627112Z Updating files:  79% (4782/6052)
2026-09-30T23:58:50.1666308Z Updating files:  80% (4842/6052)
2026-09-30T23:58:50.1701574Z Updating files:  81% (4903/6052)
2026-09-30T23:58:50.1741904Z Updating files:  82% (4963/6052)
2026-09-30T23:58:50.1783296Z Updating files:  83% (5024/6052)
2026-09-30T23:58:50.1814344Z Updating files:  84% (5084/6052)
2026-09-30T23:58:50.1907784Z Updating files:  85% (5145/6052)
2026-09-30T23:58:50.2016856Z Updating files:  86% (5205/6052)
2026-09-30T23:58:50.3382633Z Updating files:  87% (5266/6052)
2026-09-30T23:58:50.6051596Z Updating files:  87% (5268/6052)
2026-09-30T23:58:50.6237203Z Updating files:  88% (5326/6052)
2026-09-30T23:58:50.6519560Z Updating files:  89% (5387/6052)
2026-09-30T23:58:50.6785053Z Updating files:  90% (5447/6052)
2026-09-30T23:58:50.7091701Z Updating files:  91% (5508/6052)
2026-09-30T23:58:50.7618281Z Updating files:  92% (5568/6052)
2026-09-30T23:58:50.7669012Z Updating files:  93% (5629/6052)
2026-09-30T23:58:50.7720040Z Updating files:  94% (5689/6052)
2026-09-30T23:58:50.7838015Z Updating files:  95% (5750/6052)
2026-09-30T23:58:50.7889176Z Updating files:  96% (5810/6052)
2026-09-30T23:58:50.8042611Z Updating files:  97% (5871/6052)
2026-09-30T23:58:50.8192842Z Updating files:  98% (5931/6052)
2026-09-30T23:58:50.8473089Z Updating files:  99% (5992/6052)
2026-09-30T23:58:50.8473750Z Updating files: 100% (6052/6052)
2026-09-30T23:58:50.8474450Z Updating files: 100% (6052/6052), done.
2026-09-30T23:58:50.8553408Z Switched to a new branch 'research/v16.34-fiber-component-invariant'
2026-09-30T23:58:50.8556413Z branch 'research/v16.34-fiber-component-invariant' set up to track 'origin/research/v16.34-fiber-component-invariant'.
2026-09-30T23:58:50.8678664Z ##[endgroup]
2026-09-30T23:58:50.8729271Z [command]/usr/bin/git log -1 --format=%H
2026-09-30T23:58:50.8761364Z 4c8df6179496d8a5a6304443e4a5c7ade6a4ff6f
2026-09-30T23:58:50.9108010Z ##[group]Run actions/setup-python@a26af69be951a213d495a4c3e4e4022e16d87065
2026-09-30T23:58:50.9108404Z with:
2026-09-30T23:58:50.9108612Z   python-version: 3.11
2026-09-30T23:58:50.9108853Z   check-latest: false
2026-09-30T23:58:50.9111330Z   token: ***
2026-09-30T23:58:50.9111558Z   update-environment: true
2026-09-30T23:58:50.9111992Z   allow-prereleases: false
2026-09-30T23:58:50.9112231Z   freethreaded: false
2026-09-30T23:58:50.9112447Z ##[endgroup]
2026-09-30T23:58:51.0498022Z ##[group]Installed versions
2026-09-30T23:58:51.0581081Z (node:2274) [DEP0040] DeprecationWarning: The `punycode` module is deprecated. Please use a userland alternative instead.
2026-09-30T23:58:51.0582224Z (Use `node --trace-deprecation ...` to show where the warning was created)
2026-09-30T23:58:51.0582867Z Successfully set up CPython (3.11.16)
2026-09-30T23:58:51.0583590Z ##[endgroup]
2026-09-30T23:58:51.0776149Z ##[group]Run python -m pip install sympy==1.13.3 mpmath==1.3.0
2026-09-30T23:58:51.0776698Z [36;1mpython -m pip install sympy==1.13.3 mpmath==1.3.0[0m
2026-09-30T23:58:51.1047930Z shell: /usr/bin/bash -e {0}
2026-09-30T23:58:51.1048224Z env:
2026-09-30T23:58:51.1048524Z   pythonLocation: /opt/hostedtoolcache/Python/3.11.16/x64
2026-09-30T23:58:51.1048979Z   PKG_CONFIG_PATH: /opt/hostedtoolcache/Python/3.11.16/x64/lib/pkgconfig
2026-09-30T23:58:51.1049462Z   Python_ROOT_DIR: /opt/hostedtoolcache/Python/3.11.16/x64
2026-09-30T23:58:51.1049844Z   Python2_ROOT_DIR: /opt/hostedtoolcache/Python/3.11.16/x64
2026-09-30T23:58:51.1050224Z   Python3_ROOT_DIR: /opt/hostedtoolcache/Python/3.11.16/x64
2026-09-30T23:58:51.1050599Z   LD_LIBRARY_PATH: /opt/hostedtoolcache/Python/3.11.16/x64/lib
2026-09-30T23:58:51.1050927Z ##[endgroup]
2026-09-30T23:58:54.4548131Z Collecting sympy==1.13.3
2026-09-30T23:58:54.5050145Z   Downloading sympy-1.13.3-py3-none-any.whl.metadata (12 kB)
2026-09-30T23:58:54.5204425Z Collecting mpmath==1.3.0
2026-09-30T23:58:54.5242901Z   Downloading mpmath-1.3.0-py3-none-any.whl.metadata (8.6 kB)
2026-09-30T23:58:54.5373439Z Downloading sympy-1.13.3-py3-none-any.whl (6.2 MB)
2026-09-30T23:58:54.6138825Z    ━━━━━━━━━━━━━━━━━━━━━━━━━━━━━━━━━━━━━━━━ 6.2/6.2 MB 110.3 MB/s  0:00:00
2026-09-30T23:58:54.6185198Z Downloading mpmath-1.3.0-py3-none-any.whl (536 kB)
2026-09-30T23:58:54.6232176Z    ━━━━━━━━━━━━━━━━━━━━━━━━━━━━━━━━━━━━━━━━ 536.2/536.2 kB 103.9 MB/s  0:00:00
2026-09-30T23:58:54.8306711Z Installing collected packages: mpmath, sympy
2026-09-30T23:59:00.6775144Z 
2026-09-30T23:59:00.6782265Z Successfully installed mpmath-1.3.0 sympy-1.13.3
2026-09-30T23:59:00.7378731Z ##[group]Run python ResearchHistory/UQCF-GEM/demos/v16.42-overlapping-core-repair/publish.py verify
2026-09-30T23:59:00.7379507Z [36;1mpython ResearchHistory/UQCF-GEM/demos/v16.42-overlapping-core-repair/publish.py verify[0m
2026-09-30T23:59:00.7452965Z shell: /usr/bin/bash -e {0}
2026-09-30T23:59:00.7453231Z env:
2026-09-30T23:59:00.7453510Z   pythonLocation: /opt/hostedtoolcache/Python/3.11.16/x64
2026-09-30T23:59:00.7454214Z   PKG_CONFIG_PATH: /opt/hostedtoolcache/Python/3.11.16/x64/lib/pkgconfig
2026-09-30T23:59:00.7454642Z   Python_ROOT_DIR: /opt/hostedtoolcache/Python/3.11.16/x64
2026-09-30T23:59:00.7455016Z   Python2_ROOT_DIR: /opt/hostedtoolcache/Python/3.11.16/x64
2026-09-30T23:59:00.7455395Z   Python3_ROOT_DIR: /opt/hostedtoolcache/Python/3.11.16/x64
2026-09-30T23:59:00.7455803Z   LD_LIBRARY_PATH: /opt/hostedtoolcache/Python/3.11.16/x64/lib
2026-09-30T23:59:00.7456129Z ##[endgroup]
2026-09-30T23:59:02.7703344Z {"package": "VERIFIED", "source_members": 1396}
2026-09-30T23:59:02.7704270Z {"package": "VERIFIED", "source_members": 1396}
2026-09-30T23:59:02.7704746Z {"publication": "VERIFIED", "members": 122}
2026-09-30T23:59:02.7860756Z ##[group]Run python ResearchHistory/UQCF-GEM/demos/v16.42-overlapping-core-repair/run.py phase out/merge
2026-09-30T23:59:02.7861526Z [36;1mpython ResearchHistory/UQCF-GEM/demos/v16.42-overlapping-core-repair/run.py phase out/merge[0m
2026-09-30T23:59:02.7930261Z shell: /usr/bin/bash -e {0}
2026-09-30T23:59:02.7930530Z env:
2026-09-30T23:59:02.7930808Z   pythonLocation: /opt/hostedtoolcache/Python/3.11.16/x64
2026-09-30T23:59:02.7931254Z   PKG_CONFIG_PATH: /opt/hostedtoolcache/Python/3.11.16/x64/lib/pkgconfig
2026-09-30T23:59:02.7931690Z   Python_ROOT_DIR: /opt/hostedtoolcache/Python/3.11.16/x64
2026-09-30T23:59:02.7932265Z   Python2_ROOT_DIR: /opt/hostedtoolcache/Python/3.11.16/x64
2026-09-30T23:59:02.7932655Z   Python3_ROOT_DIR: /opt/hostedtoolcache/Python/3.11.16/x64
2026-09-30T23:59:02.7933036Z   LD_LIBRARY_PATH: /opt/hostedtoolcache/Python/3.11.16/x64/lib
2026-09-30T23:59:02.7933363Z ##[endgroup]
2026-10-01T00:04:06.9564292Z ##[group]Run python ResearchHistory/UQCF-GEM/demos/v16.42-overlapping-core-repair/run.py package out/merge post_merge
2026-10-01T00:04:06.9565169Z [36;1mpython ResearchHistory/UQCF-GEM/demos/v16.42-overlapping-core-repair/run.py package out/merge post_merge[0m
2026-10-01T00:04:06.9634890Z shell: /usr/bin/bash -e {0}
2026-10-01T00:04:06.9635140Z env:
2026-10-01T00:04:06.9635412Z   pythonLocation: /opt/hostedtoolcache/Python/3.11.16/x64
2026-10-01T00:04:06.9635847Z   PKG_CONFIG_PATH: /opt/hostedtoolcache/Python/3.11.16/x64/lib/pkgconfig
2026-10-01T00:04:06.9636271Z   Python_ROOT_DIR: /opt/hostedtoolcache/Python/3.11.16/x64
2026-10-01T00:04:06.9636639Z   Python2_ROOT_DIR: /opt/hostedtoolcache/Python/3.11.16/x64
2026-10-01T00:04:06.9637025Z   Python3_ROOT_DIR: /opt/hostedtoolcache/Python/3.11.16/x64
2026-10-01T00:04:06.9637388Z   LD_LIBRARY_PATH: /opt/hostedtoolcache/Python/3.11.16/x64/lib
2026-10-01T00:04:06.9637709Z ##[endgroup]
2026-10-01T00:04:11.1448420Z {"package": "VERIFIED", "source_members": 1396}
2026-10-01T00:04:11.1636292Z ##[group]Run actions/upload-artifact@ea165f8d65b6e75b540449e92b4886f43607fa02
2026-10-01T00:04:11.1636699Z with:
2026-10-01T00:04:11.1636983Z   name: v1642-post_merge-4c8df6179496d8a5a6304443e4a5c7ade6a4ff6f
2026-10-01T00:04:11.1637322Z   path: out/merge
2026-10-01T00:04:11.1637541Z   if-no-files-found: error
2026-10-01T00:04:11.1637781Z   compression-level: 6
2026-10-01T00:04:11.1638004Z   overwrite: false
2026-10-01T00:04:11.1638218Z   include-hidden-files: false
2026-10-01T00:04:11.1638449Z env:
2026-10-01T00:04:11.1638711Z   pythonLocation: /opt/hostedtoolcache/Python/3.11.16/x64
2026-10-01T00:04:11.1639131Z   PKG_CONFIG_PATH: /opt/hostedtoolcache/Python/3.11.16/x64/lib/pkgconfig
2026-10-01T00:04:11.1639558Z   Python_ROOT_DIR: /opt/hostedtoolcache/Python/3.11.16/x64
2026-10-01T00:04:11.1639928Z   Python2_ROOT_DIR: /opt/hostedtoolcache/Python/3.11.16/x64
2026-10-01T00:04:11.1640298Z   Python3_ROOT_DIR: /opt/hostedtoolcache/Python/3.11.16/x64
2026-10-01T00:04:11.1640750Z   LD_LIBRARY_PATH: /opt/hostedtoolcache/Python/3.11.16/x64/lib
2026-10-01T00:04:11.1641073Z ##[endgroup]
2026-10-01T00:04:11.3310876Z (node:2552) [DEP0040] DeprecationWarning: The `punycode` module is deprecated. Please use a userland alternative instead.
2026-10-01T00:04:11.3311731Z (Use `node --trace-deprecation ...` to show where the warning was created)
2026-10-01T00:04:11.3504798Z With the provided path, there will be 50 files uploaded
2026-10-01T00:04:11.3510782Z Artifact name is valid!
2026-10-01T00:04:11.3511531Z Root directory input is valid!
2026-10-01T00:04:11.6069673Z Beginning upload of artifact content to blob storage
2026-10-01T00:04:11.9025168Z (node:2552) [DEP0169] DeprecationWarning: `url.parse()` behavior is not standardized and prone to errors that have security implications. Use the WHATWG URL API instead. CVEs are not issued for `url.parse()` vulnerabilities.
2026-10-01T00:04:12.3907088Z Uploaded bytes 8388608
2026-10-01T00:04:12.5868810Z Uploaded bytes 16777216
2026-10-01T00:04:12.6667105Z Uploaded bytes 25165824
2026-10-01T00:04:13.0081437Z Uploaded bytes 33554432
2026-10-01T00:04:13.3055455Z Uploaded bytes 41943040
2026-10-01T00:04:13.4224028Z Uploaded bytes 43557867
2026-10-01T00:04:13.4565357Z Finished uploading artifact content to blob storage!
2026-10-01T00:04:13.4568464Z SHA256 digest of uploaded artifact zip is c3f6d429cf1bf089df7a841b0d8b8a37d909256400d26fb863e4ca835c7d0565
2026-10-01T00:04:13.4570492Z Finalizing artifact upload
2026-10-01T00:04:13.6850251Z Artifact v1642-post_merge-4c8df6179496d8a5a6304443e4a5c7ade6a4ff6f.zip successfully finalized. Artifact ID 11132707408
2026-10-01T00:04:13.6851659Z Artifact v1642-post_merge-4c8df6179496d8a5a6304443e4a5c7ade6a4ff6f has been successfully uploaded! Final size is 43557867 bytes. Artifact ID is 11132707408
2026-10-01T00:04:13.6859868Z Artifact download URL: https://github.com/proteinfoldingengine/WetLabEngine/actions/runs/36793743498/artifacts/11132707408
2026-10-01T00:04:13.7063565Z Post job cleanup.
2026-10-01T00:04:13.8271116Z (node:2567) [DEP0040] DeprecationWarning: The `punycode` module is deprecated. Please use a userland alternative instead.
2026-10-01T00:04:13.8271921Z (Use `node --trace-deprecation ...` to show where the warning was created)
2026-10-01T00:04:13.8433708Z Post job cleanup.
2026-10-01T00:04:13.9424809Z [command]/usr/bin/git version
2026-10-01T00:04:13.9463622Z git version 2.55.0
2026-10-01T00:04:13.9503649Z Temporarily overriding HOME='/home/runner/work/_temp/88966a50-5075-4b19-82ef-b9be116c7efe' before making global git config changes
2026-10-01T00:04:13.9505382Z Adding repository directory to the temporary git global config as a safe directory
2026-10-01T00:04:13.9509958Z [command]/usr/bin/git config --global --add safe.directory /home/runner/work/WetLabEngine/WetLabEngine
2026-10-01T00:04:13.9556379Z [command]/usr/bin/git config --local --name-only --get-regexp core\.sshCommand
2026-10-01T00:04:13.9598848Z [command]/usr/bin/git submodule foreach --recursive sh -c "git config --local --name-only --get-regexp 'core\.sshCommand' && git config --local --unset-all 'core.sshCommand' || :"
2026-10-01T00:04:13.9968600Z [command]/usr/bin/git config --local --name-only --get-regexp http\.https\:\/\/github\.com\/\.extraheader
2026-10-01T00:04:14.0004628Z http.https://github.com/.extraheader
2026-10-01T00:04:14.0016685Z [command]/usr/bin/git config --local --unset-all http.https://github.com/.extraheader
2026-10-01T00:04:14.0060730Z [command]/usr/bin/git submodule foreach --recursive sh -c "git config --local --name-only --get-regexp 'http\.https\:\/\/github\.com\/\.extraheader' && git config --local --unset-all 'http.https://github.com/.extraheader' || :"
2026-10-01T00:04:14.0406535Z [command]/usr/bin/git config --local --name-only --get-regexp ^includeIf\.gitdir:
2026-10-01T00:04:14.0458441Z [command]/usr/bin/git submodule foreach --recursive git config --local --show-origin --name-only --get-regexp remote.origin.url
2026-10-01T00:04:14.0969585Z Cleaning up orphan processes
2026-10-01T00:04:14.1250905Z ##[warning]Node.js 20 is deprecated. The following actions target Node.js 20 but are being forced to run on Node.js 24: actions/checkout@11d5960a326750d5838078e36cf38b85af677262, actions/setup-python@a26af69be951a213d495a4c3e4e4022e16d87065, actions/upload-artifact@ea165f8d65b6e75b540449e92b4886f43607fa02. For more information see: https://github.blog/changelog/2025-09-19-deprecation-of-node-20-on-github-actions-runners/
