2026-10-10T20:13:42.0871834Z Current runner version: '2.337.0'
2026-10-10T20:13:42.0898690Z ##[group]Runner Image Provisioner
2026-10-10T20:13:42.0899695Z Hosted Compute Agent
2026-10-10T20:13:42.0900363Z Version: 20261002.596
2026-10-10T20:13:42.0901309Z Commit: c3d12f3313a95f25162a1503be624f3b0617f8c0
2026-10-10T20:13:42.0902053Z Build Date: 2026-10-02T22:28:27Z
2026-10-10T20:13:42.0902855Z Worker ID: {951ec2b4-3fc8-49e8-bd12-63904ab81d39}
2026-10-10T20:13:42.0903566Z Region: eastus
2026-10-10T20:13:42.0904143Z Cloud: Azure
2026-10-10T20:13:42.0904698Z ##[endgroup]
2026-10-10T20:13:42.0906644Z ##[group]Operating System
2026-10-10T20:13:42.0907442Z Ubuntu
2026-10-10T20:13:42.0908021Z 24.04.5
2026-10-10T20:13:42.0908578Z LTS
2026-10-10T20:13:42.0909146Z ##[endgroup]
2026-10-10T20:13:42.0909713Z ##[group]Runner Image
2026-10-10T20:13:42.0910383Z Image: ubuntu-24.04
2026-10-10T20:13:42.0911158Z Version: 20261004.327.1
2026-10-10T20:13:42.0912963Z Included Software: https://github.com/actions/runner-images/blob/ubuntu24/20261004.327/images/ubuntu/Ubuntu2404-Readme.md
2026-10-10T20:13:42.0914575Z Image Release: https://github.com/actions/runner-images/releases/tag/ubuntu24%2F20261004.327
2026-10-10T20:13:42.0915640Z ##[endgroup]
2026-10-10T20:13:42.0916758Z ##[group]GITHUB_TOKEN Permissions
2026-10-10T20:13:42.0919171Z Contents: read
2026-10-10T20:13:42.0919839Z Metadata: read
2026-10-10T20:13:42.0920484Z ##[endgroup]
2026-10-10T20:13:42.0923097Z Secret source: Actions
2026-10-10T20:13:42.0924130Z Cache mode: write
2026-10-10T20:13:42.0925311Z Prepare workflow directory
2026-10-10T20:13:42.1276383Z Prepare all required actions
2026-10-10T20:13:42.1327930Z Getting action download info
2026-10-10T20:13:42.3536411Z Download action repository 'actions/checkout@v4' (SHA:11d5960a326750d5838078e36cf38b85af677262)
2026-10-10T20:13:42.4506898Z Download action repository 'actions/download-artifact@v4' (SHA:d3f86a106a0bac45b974a628896c90dbdf5c8093)
2026-10-10T20:13:42.6421125Z Download action repository 'actions/upload-artifact@v4' (SHA:ea165f8d65b6e75b540449e92b4886f43607fa02)
2026-10-10T20:13:42.8585995Z Complete job name: fresh-reproduction
2026-10-10T20:13:42.9421628Z ##[group]Run actions/checkout@v4
2026-10-10T20:13:42.9422582Z with:
2026-10-10T20:13:42.9423030Z   path: research_snapshot
2026-10-10T20:13:42.9423541Z   persist-credentials: false
2026-10-10T20:13:42.9424220Z   sparse-checkout: ResearchHistory/UQCF-GEM/research/physical-bridge
2026-10-10T20:13:42.9425000Z   repository: proteinfoldingengine/WetLabEngine
2026-10-10T20:13:42.9429165Z   token: ***
2026-10-10T20:13:42.9429591Z   ssh-strict: true
2026-10-10T20:13:42.9430024Z   ssh-user: git
2026-10-10T20:13:42.9430444Z   clean: true
2026-10-10T20:13:42.9431078Z   sparse-checkout-cone-mode: true
2026-10-10T20:13:42.9431613Z   fetch-depth: 1
2026-10-10T20:13:42.9432047Z   fetch-tags: false
2026-10-10T20:13:42.9432491Z   show-progress: true
2026-10-10T20:13:42.9432936Z   lfs: false
2026-10-10T20:13:42.9433347Z   submodules: false
2026-10-10T20:13:42.9433788Z   set-safe-directory: true
2026-10-10T20:13:42.9434319Z   allow-unsafe-pr-checkout: false
2026-10-10T20:13:42.9435100Z ##[endgroup]
2026-10-10T20:13:43.0493500Z Syncing repository: proteinfoldingengine/WetLabEngine
2026-10-10T20:13:43.0496668Z ##[group]Getting Git version info
2026-10-10T20:13:43.0498249Z Working directory is '/home/runner/work/WetLabEngine/WetLabEngine/research_snapshot'
2026-10-10T20:13:43.0500351Z [command]/usr/bin/git version
2026-10-10T20:13:43.0637804Z git version 2.55.0
2026-10-10T20:13:43.0673719Z ##[endgroup]
2026-10-10T20:13:43.0687805Z Temporarily overriding HOME='/home/runner/work/_temp/53d033f5-b0a3-493e-ac95-806384cee990' before making global git config changes
2026-10-10T20:13:43.0690501Z Adding repository directory to the temporary git global config as a safe directory
2026-10-10T20:13:43.0695605Z [command]/usr/bin/git config --global --add safe.directory /home/runner/work/WetLabEngine/WetLabEngine/research_snapshot
2026-10-10T20:13:43.0780326Z ##[group]Initializing the repository
2026-10-10T20:13:43.0785492Z [command]/usr/bin/git init /home/runner/work/WetLabEngine/WetLabEngine/research_snapshot
2026-10-10T20:13:43.0906916Z hint: Using 'master' as the name for the initial branch. This default branch name
2026-10-10T20:13:43.0908937Z hint: will change to "main" in Git 3.0. To configure the initial branch name
2026-10-10T20:13:43.0916026Z hint: to use in all of your new repositories, which will suppress this warning,
2026-10-10T20:13:43.0917873Z hint: call:
2026-10-10T20:13:43.0918883Z hint:
2026-10-10T20:13:43.0919982Z hint: 	git config --global init.defaultBranch <name>
2026-10-10T20:13:43.0921623Z hint:
2026-10-10T20:13:43.0922886Z hint: Names commonly chosen instead of 'master' are 'main', 'trunk' and
2026-10-10T20:13:43.0924771Z hint: 'development'. The just-created branch can be renamed via this command:
2026-10-10T20:13:43.0926300Z hint:
2026-10-10T20:13:43.0927193Z hint: 	git branch -m <name>
2026-10-10T20:13:43.0928153Z hint:
2026-10-10T20:13:43.0929397Z hint: Disable this message with "git config set advice.defaultBranchName false"
2026-10-10T20:13:43.0932901Z Initialized empty Git repository in /home/runner/work/WetLabEngine/WetLabEngine/research_snapshot/.git/
2026-10-10T20:13:43.0935874Z [command]/usr/bin/git remote add origin https://github.com/proteinfoldingengine/WetLabEngine
2026-10-10T20:13:43.1002350Z ##[endgroup]
2026-10-10T20:13:43.1003979Z ##[group]Disabling automatic garbage collection
2026-10-10T20:13:43.1007516Z [command]/usr/bin/git config --local gc.auto 0
2026-10-10T20:13:43.1048977Z ##[endgroup]
2026-10-10T20:13:43.1050754Z ##[group]Setting up auth
2026-10-10T20:13:43.1057565Z [command]/usr/bin/git config --local --name-only --get-regexp core\.sshCommand
2026-10-10T20:13:43.1102036Z [command]/usr/bin/git submodule foreach --recursive sh -c "git config --local --name-only --get-regexp 'core\.sshCommand' && git config --local --unset-all 'core.sshCommand' || :"
2026-10-10T20:13:43.1622077Z [command]/usr/bin/git config --local --name-only --get-regexp http\.https\:\/\/github\.com\/\.extraheader
2026-10-10T20:13:43.1680665Z [command]/usr/bin/git submodule foreach --recursive sh -c "git config --local --name-only --get-regexp 'http\.https\:\/\/github\.com\/\.extraheader' && git config --local --unset-all 'http.https://github.com/.extraheader' || :"
2026-10-10T20:13:43.1964021Z [command]/usr/bin/git config --local --name-only --get-regexp ^includeIf\.gitdir:
2026-10-10T20:13:43.2015684Z [command]/usr/bin/git submodule foreach --recursive git config --local --show-origin --name-only --get-regexp remote.origin.url
2026-10-10T20:13:43.2264822Z [command]/usr/bin/git config --local http.https://github.com/.extraheader AUTHORIZATION: basic ***
2026-10-10T20:13:43.2310556Z ##[endgroup]
2026-10-10T20:13:43.2312229Z ##[group]Fetching the repository
2026-10-10T20:13:43.2323692Z [command]/usr/bin/git -c protocol.version=2 fetch --no-tags --prune --no-recurse-submodules --filter=blob:none --depth=1 origin +f7c4b9af140aec9fedb13f505d1edac94269f3df:refs/remotes/origin/research/uqcf-overlapping-guard-exchange
2026-10-10T20:13:43.4706365Z From https://github.com/proteinfoldingengine/WetLabEngine
2026-10-10T20:13:43.4708681Z  * [new ref]         f7c4b9af140aec9fedb13f505d1edac94269f3df -> origin/research/uqcf-overlapping-guard-exchange
2026-10-10T20:13:43.4713609Z ##[endgroup]
2026-10-10T20:13:43.4715247Z ##[group]Determining the checkout info
2026-10-10T20:13:43.4717113Z ##[endgroup]
2026-10-10T20:13:43.4718621Z ##[group]Setting up sparse checkout
2026-10-10T20:13:43.4724618Z [command]/usr/bin/git sparse-checkout set ResearchHistory/UQCF-GEM/research/physical-bridge
2026-10-10T20:13:43.4778488Z ##[endgroup]
2026-10-10T20:13:43.4779325Z ##[group]Checking out the ref
2026-10-10T20:13:43.4785329Z [command]/usr/bin/git checkout --progress --force -B research/uqcf-overlapping-guard-exchange refs/remotes/origin/research/uqcf-overlapping-guard-exchange
2026-10-10T20:13:44.2030787Z Switched to a new branch 'research/uqcf-overlapping-guard-exchange'
2026-10-10T20:13:44.2035359Z branch 'research/uqcf-overlapping-guard-exchange' set up to track 'origin/research/uqcf-overlapping-guard-exchange'.
2026-10-10T20:13:44.2047999Z ##[endgroup]
2026-10-10T20:13:44.2134781Z [command]/usr/bin/git log -1 --format=%H
2026-10-10T20:13:44.2164970Z f7c4b9af140aec9fedb13f505d1edac94269f3df
2026-10-10T20:13:44.2175372Z ##[group]Removing auth
2026-10-10T20:13:44.2179460Z [command]/usr/bin/git config --local --name-only --get-regexp core\.sshCommand
2026-10-10T20:13:44.2215413Z [command]/usr/bin/git submodule foreach --recursive sh -c "git config --local --name-only --get-regexp 'core\.sshCommand' && git config --local --unset-all 'core.sshCommand' || :"
2026-10-10T20:13:44.2467639Z [command]/usr/bin/git config --local --name-only --get-regexp http\.https\:\/\/github\.com\/\.extraheader
2026-10-10T20:13:44.2498786Z http.https://github.com/.extraheader
2026-10-10T20:13:44.2507867Z [command]/usr/bin/git config --local --unset-all http.https://github.com/.extraheader
2026-10-10T20:13:44.2546816Z [command]/usr/bin/git submodule foreach --recursive sh -c "git config --local --name-only --get-regexp 'http\.https\:\/\/github\.com\/\.extraheader' && git config --local --unset-all 'http.https://github.com/.extraheader' || :"
2026-10-10T20:13:44.2795357Z [command]/usr/bin/git config --local --name-only --get-regexp ^includeIf\.gitdir:
2026-10-10T20:13:44.2831571Z [command]/usr/bin/git submodule foreach --recursive git config --local --show-origin --name-only --get-regexp remote.origin.url
2026-10-10T20:13:44.3077365Z ##[endgroup]
2026-10-10T20:13:44.3390499Z ##[group]Run actions/download-artifact@v4
2026-10-10T20:13:44.3392020Z with:
2026-10-10T20:13:44.3392918Z   name: c3-private-cover-verification
2026-10-10T20:13:44.3394108Z   path: private_fresh
2026-10-10T20:13:44.3395051Z   merge-multiple: false
2026-10-10T20:13:44.3396161Z   repository: proteinfoldingengine/WetLabEngine
2026-10-10T20:13:44.3397442Z   run-id: 38082779963
2026-10-10T20:13:44.3398329Z ##[endgroup]
2026-10-10T20:13:44.4932734Z Downloading single artifact
2026-10-10T20:13:44.5116992Z (node:2390) [DEP0040] DeprecationWarning: The `punycode` module is deprecated. Please use a userland alternative instead.
2026-10-10T20:13:44.5120082Z (Use `node --trace-deprecation ...` to show where the warning was created)
2026-10-10T20:13:44.5968631Z Preparing to download the following artifacts:
2026-10-10T20:13:44.5970398Z - c3-private-cover-verification (ID: 11681610895, Size: 197563, Expected Digest: sha256:5c39dccb46252197661bbc32bafc54c38c7e15656d12485cc49bc6344889b14a)
2026-10-10T20:13:44.7279467Z Redirecting to blob download url: https://productionresultssa19.blob.core.windows.net/actions-results/1ebe7282-c30f-8215-b1c9-d00c1259c75f/workflow-job-run-2c6b3992-dae8-5c05-b1ed-f90059b3c987/artifacts/ad5d927b20868e32b47a7dd061815f4102a4391881570b23870e1dcc63227462.zip
2026-10-10T20:13:44.7281877Z Starting download of artifact to: /home/runner/work/WetLabEngine/WetLabEngine/private_fresh
2026-10-10T20:13:44.7770411Z (node:2390) [DEP0005] DeprecationWarning: Buffer() is deprecated due to security and usability issues. Please use the Buffer.alloc(), Buffer.allocUnsafe(), or Buffer.from() methods instead.
2026-10-10T20:13:44.8065565Z SHA256 digest of downloaded artifact is 5c39dccb46252197661bbc32bafc54c38c7e15656d12485cc49bc6344889b14a
2026-10-10T20:13:44.8066580Z Artifact download completed successfully.
2026-10-10T20:13:44.8067058Z Total of 1 artifact(s) downloaded
2026-10-10T20:13:44.8071203Z Download artifact has finished successfully
2026-10-10T20:13:44.8220496Z ##[group]Run set -euo pipefail
2026-10-10T20:13:44.8221516Z [36;1mset -euo pipefail[0m
2026-10-10T20:13:44.8222206Z [36;1mtest "$(git -C research_snapshot rev-parse HEAD)" = "$GITHUB_SHA"[0m
2026-10-10T20:13:44.8223056Z [36;1mROOT=research_snapshot/ResearchHistory/UQCF-GEM/research/physical-bridge[0m
2026-10-10T20:13:44.8223879Z [36;1mpython3 "$ROOT/private_cover/producer.py" /tmp/fresh.json[0m
2026-10-10T20:13:44.8224595Z [36;1mcmp /tmp/fresh.json private_fresh/certificate.json[0m
2026-10-10T20:13:44.8225458Z [36;1mpython3 "$ROOT/private_cover/independent.py" /tmp/fresh.json private_fresh/fresh_independent.json[0m
2026-10-10T20:13:44.8510715Z shell: /usr/bin/bash --noprofile --norc -e -o pipefail {0}
2026-10-10T20:13:44.8511699Z ##[endgroup]
2026-10-10T20:13:53.4727534Z {"anchor_jobs": 1478, "cases": 638, "edges": 8877, "expansions": 1734, "hidden_checks": 448703, "labelled_edges": 42164, "labelled_vertices": 13826, "orbit_lifts": 75507, "reachable_cases": 343, "rename_witnesses": 1830, "slice_occurrences": 268628, "sources": 319, "vertices": 3543}
2026-10-10T20:14:02.6444349Z {"certificate_sha256": "f4dad9a0dba31d85764f3dea65ec2c0325da38d9429ddb6d2ca36e81cb577b48", "complete_independent_reconstruction": true, "counts": {"anchor_jobs": 1478, "cases": 638, "edges": 8877, "expansions": 1734, "hidden_checks": 448703, "labelled_edges": 42164, "labelled_vertices": 13826, "orbit_lifts": 75507, "reachable_cases": 343, "rename_witnesses": 1830, "slice_occurrences": 268628, "sources": 319, "vertices": 3543}, "status": "ACCEPTED"}
2026-10-10T20:14:02.7090543Z ##[group]Run actions/upload-artifact@v4
2026-10-10T20:14:02.7091237Z with:
2026-10-10T20:14:02.7091486Z   name: c3-private-cover-fresh-reproduction
2026-10-10T20:14:02.7091792Z   path: private_fresh/
2026-10-10T20:14:02.7092032Z   if-no-files-found: warn
2026-10-10T20:14:02.7092295Z   compression-level: 6
2026-10-10T20:14:02.7092516Z   overwrite: false
2026-10-10T20:14:02.7092740Z   include-hidden-files: false
2026-10-10T20:14:02.7093004Z ##[endgroup]
2026-10-10T20:14:02.8758820Z (node:2412) [DEP0040] DeprecationWarning: The `punycode` module is deprecated. Please use a userland alternative instead.
2026-10-10T20:14:02.8760085Z (Use `node --trace-deprecation ...` to show where the warning was created)
2026-10-10T20:14:02.8897097Z With the provided path, there will be 24 files uploaded
2026-10-10T20:14:02.8904820Z Artifact name is valid!
2026-10-10T20:14:02.8905436Z Root directory input is valid!
2026-10-10T20:14:03.0963254Z Beginning upload of artifact content to blob storage
2026-10-10T20:14:03.1695258Z (node:2412) [DEP0169] DeprecationWarning: `url.parse()` behavior is not standardized and prone to errors that have security implications. Use the WHATWG URL API instead. CVEs are not issued for `url.parse()` vulnerabilities.
2026-10-10T20:14:03.2259008Z Uploaded bytes 197994
2026-10-10T20:14:03.2431665Z Finished uploading artifact content to blob storage!
2026-10-10T20:14:03.2433131Z SHA256 digest of uploaded artifact zip is 3285b29f9dbd9640c3ebd1f0cdd933ac9251a624f0962a629a532e28f0930a29
2026-10-10T20:14:03.2434977Z Finalizing artifact upload
2026-10-10T20:14:03.4598085Z Artifact c3-private-cover-fresh-reproduction.zip successfully finalized. Artifact ID 11681241770
2026-10-10T20:14:03.4599705Z Artifact c3-private-cover-fresh-reproduction has been successfully uploaded! Final size is 197994 bytes. Artifact ID is 11681241770
2026-10-10T20:14:03.4606563Z Artifact download URL: https://github.com/proteinfoldingengine/WetLabEngine/actions/runs/38082779963/artifacts/11681241770
2026-10-10T20:14:03.4807434Z Post job cleanup.
2026-10-10T20:14:03.5674974Z [command]/usr/bin/git version
2026-10-10T20:14:03.5719136Z git version 2.55.0
2026-10-10T20:14:03.5765150Z Temporarily overriding HOME='/home/runner/work/_temp/c9a880b3-e1ae-43f9-b6e0-6c061e227a4b' before making global git config changes
2026-10-10T20:14:03.5766688Z Adding repository directory to the temporary git global config as a safe directory
2026-10-10T20:14:03.5772081Z [command]/usr/bin/git config --global --add safe.directory /home/runner/work/WetLabEngine/WetLabEngine/research_snapshot
2026-10-10T20:14:03.5813934Z [command]/usr/bin/git config --local --name-only --get-regexp core\.sshCommand
2026-10-10T20:14:03.5849501Z [command]/usr/bin/git submodule foreach --recursive sh -c "git config --local --name-only --get-regexp 'core\.sshCommand' && git config --local --unset-all 'core.sshCommand' || :"
2026-10-10T20:14:03.6141622Z [command]/usr/bin/git config --local --name-only --get-regexp http\.https\:\/\/github\.com\/\.extraheader
2026-10-10T20:14:03.6188615Z [command]/usr/bin/git submodule foreach --recursive sh -c "git config --local --name-only --get-regexp 'http\.https\:\/\/github\.com\/\.extraheader' && git config --local --unset-all 'http.https://github.com/.extraheader' || :"
2026-10-10T20:14:03.6469059Z [command]/usr/bin/git config --local --name-only --get-regexp ^includeIf\.gitdir:
2026-10-10T20:14:03.6540478Z [command]/usr/bin/git submodule foreach --recursive git config --local --show-origin --name-only --get-regexp remote.origin.url
2026-10-10T20:14:03.6956389Z Cleaning up orphan processes
2026-10-10T20:14:03.7282482Z ##[warning]Node.js 20 is deprecated. The following actions target Node.js 20 but are being forced to run on Node.js 24: actions/checkout@v4, actions/download-artifact@v4, actions/upload-artifact@v4. For more information see: https://github.blog/changelog/2025-09-19-deprecation-of-node-20-on-github-actions-runners/
