2026-10-10T20:11:46.9246014Z Current runner version: '2.337.0'
2026-10-10T20:11:46.9283269Z ##[group]Runner Image Provisioner
2026-10-10T20:11:46.9284665Z Hosted Compute Agent
2026-10-10T20:11:46.9285924Z Version: 20261002.596
2026-10-10T20:11:46.9287085Z Commit: c3d12f3313a95f25162a1503be624f3b0617f8c0
2026-10-10T20:11:46.9288727Z Build Date: 2026-10-02T22:28:27Z
2026-10-10T20:11:46.9290190Z Worker ID: {ee7841dc-fbab-4222-86b6-78682b056f55}
2026-10-10T20:11:46.9291579Z Region: canadaeast
2026-10-10T20:11:46.9292704Z Cloud: Azure
2026-10-10T20:11:46.9293742Z ##[endgroup]
2026-10-10T20:11:46.9296030Z ##[group]Operating System
2026-10-10T20:11:46.9297357Z Ubuntu
2026-10-10T20:11:46.9298666Z 24.04.5
2026-10-10T20:11:46.9299659Z LTS
2026-10-10T20:11:46.9300588Z ##[endgroup]
2026-10-10T20:11:46.9301548Z ##[group]Runner Image
2026-10-10T20:11:46.9302748Z Image: ubuntu-24.04
2026-10-10T20:11:46.9303998Z Version: 20261004.327.1
2026-10-10T20:11:46.9306356Z Included Software: https://github.com/actions/runner-images/blob/ubuntu24/20261004.327/images/ubuntu/Ubuntu2404-Readme.md
2026-10-10T20:11:46.9309474Z Image Release: https://github.com/actions/runner-images/releases/tag/ubuntu24%2F20261004.327
2026-10-10T20:11:46.9311404Z ##[endgroup]
2026-10-10T20:11:46.9313383Z ##[group]GITHUB_TOKEN Permissions
2026-10-10T20:11:46.9316903Z Contents: read
2026-10-10T20:11:46.9318236Z Metadata: read
2026-10-10T20:11:46.9319234Z ##[endgroup]
2026-10-10T20:11:46.9322333Z Secret source: Actions
2026-10-10T20:11:46.9323619Z Cache mode: write
2026-10-10T20:11:46.9324878Z Prepare workflow directory
2026-10-10T20:11:46.9730094Z Prepare all required actions
2026-10-10T20:11:46.9800674Z Getting action download info
2026-10-10T20:11:47.2159224Z Download action repository 'actions/checkout@v4' (SHA:11d5960a326750d5838078e36cf38b85af677262)
2026-10-10T20:11:47.3209768Z Download action repository 'actions/upload-artifact@v4' (SHA:ea165f8d65b6e75b540449e92b4886f43607fa02)
2026-10-10T20:11:47.5779093Z Complete job name: verification
2026-10-10T20:11:47.6553264Z ##[group]Run actions/checkout@v4
2026-10-10T20:11:47.6554171Z with:
2026-10-10T20:11:47.6554620Z   path: research_snapshot
2026-10-10T20:11:47.6555147Z   persist-credentials: false
2026-10-10T20:11:47.6555845Z   sparse-checkout: ResearchHistory/UQCF-GEM/research/physical-bridge
2026-10-10T20:11:47.6556627Z   repository: proteinfoldingengine/WetLabEngine
2026-10-10T20:11:47.6560673Z   token: ***
2026-10-10T20:11:47.6561112Z   ssh-strict: true
2026-10-10T20:11:47.6561542Z   ssh-user: git
2026-10-10T20:11:47.6561962Z   clean: true
2026-10-10T20:11:47.6562400Z   sparse-checkout-cone-mode: true
2026-10-10T20:11:47.6562926Z   fetch-depth: 1
2026-10-10T20:11:47.6563357Z   fetch-tags: false
2026-10-10T20:11:47.6563797Z   show-progress: true
2026-10-10T20:11:47.6564248Z   lfs: false
2026-10-10T20:11:47.6564672Z   submodules: false
2026-10-10T20:11:47.6565128Z   set-safe-directory: true
2026-10-10T20:11:47.6565639Z   allow-unsafe-pr-checkout: false
2026-10-10T20:11:47.6566426Z ##[endgroup]
2026-10-10T20:11:47.7594239Z Syncing repository: proteinfoldingengine/WetLabEngine
2026-10-10T20:11:47.7596397Z ##[group]Getting Git version info
2026-10-10T20:11:47.7597654Z Working directory is '/home/runner/work/WetLabEngine/WetLabEngine/research_snapshot'
2026-10-10T20:11:47.7598914Z [command]/usr/bin/git version
2026-10-10T20:11:47.7662360Z git version 2.55.0
2026-10-10T20:11:47.7684123Z ##[endgroup]
2026-10-10T20:11:47.7699523Z Temporarily overriding HOME='/home/runner/work/_temp/503080ca-9238-4f92-a84f-bea2ce957d8a' before making global git config changes
2026-10-10T20:11:47.7701827Z Adding repository directory to the temporary git global config as a safe directory
2026-10-10T20:11:47.7705943Z [command]/usr/bin/git config --global --add safe.directory /home/runner/work/WetLabEngine/WetLabEngine/research_snapshot
2026-10-10T20:11:47.7766506Z ##[group]Initializing the repository
2026-10-10T20:11:47.7771249Z [command]/usr/bin/git init /home/runner/work/WetLabEngine/WetLabEngine/research_snapshot
2026-10-10T20:11:47.7879408Z hint: Using 'master' as the name for the initial branch. This default branch name
2026-10-10T20:11:47.7883409Z hint: will change to "main" in Git 3.0. To configure the initial branch name
2026-10-10T20:11:47.7884922Z hint: to use in all of your new repositories, which will suppress this warning,
2026-10-10T20:11:47.7886123Z hint: call:
2026-10-10T20:11:47.7886813Z hint:
2026-10-10T20:11:47.7887950Z hint: 	git config --global init.defaultBranch <name>
2026-10-10T20:11:47.7888953Z hint:
2026-10-10T20:11:47.7889875Z hint: Names commonly chosen instead of 'master' are 'main', 'trunk' and
2026-10-10T20:11:47.7891443Z hint: 'development'. The just-created branch can be renamed via this command:
2026-10-10T20:11:47.7892724Z hint:
2026-10-10T20:11:47.7893396Z hint: 	git branch -m <name>
2026-10-10T20:11:47.7894140Z hint:
2026-10-10T20:11:47.7895129Z hint: Disable this message with "git config set advice.defaultBranchName false"
2026-10-10T20:11:47.7896908Z Initialized empty Git repository in /home/runner/work/WetLabEngine/WetLabEngine/research_snapshot/.git/
2026-10-10T20:11:47.7900169Z [command]/usr/bin/git remote add origin https://github.com/proteinfoldingengine/WetLabEngine
2026-10-10T20:11:47.7943344Z ##[endgroup]
2026-10-10T20:11:47.7944553Z ##[group]Disabling automatic garbage collection
2026-10-10T20:11:47.7946977Z [command]/usr/bin/git config --local gc.auto 0
2026-10-10T20:11:47.7980801Z ##[endgroup]
2026-10-10T20:11:47.7982007Z ##[group]Setting up auth
2026-10-10T20:11:47.7988117Z [command]/usr/bin/git config --local --name-only --get-regexp core\.sshCommand
2026-10-10T20:11:47.8022884Z [command]/usr/bin/git submodule foreach --recursive sh -c "git config --local --name-only --get-regexp 'core\.sshCommand' && git config --local --unset-all 'core.sshCommand' || :"
2026-10-10T20:11:47.8395783Z [command]/usr/bin/git config --local --name-only --get-regexp http\.https\:\/\/github\.com\/\.extraheader
2026-10-10T20:11:47.8436526Z [command]/usr/bin/git submodule foreach --recursive sh -c "git config --local --name-only --get-regexp 'http\.https\:\/\/github\.com\/\.extraheader' && git config --local --unset-all 'http.https://github.com/.extraheader' || :"
2026-10-10T20:11:47.8670803Z [command]/usr/bin/git config --local --name-only --get-regexp ^includeIf\.gitdir:
2026-10-10T20:11:47.8707429Z [command]/usr/bin/git submodule foreach --recursive git config --local --show-origin --name-only --get-regexp remote.origin.url
2026-10-10T20:11:47.8945840Z [command]/usr/bin/git config --local http.https://github.com/.extraheader AUTHORIZATION: basic ***
2026-10-10T20:11:47.8989307Z ##[endgroup]
2026-10-10T20:11:47.8990984Z ##[group]Fetching the repository
2026-10-10T20:11:47.9000750Z [command]/usr/bin/git -c protocol.version=2 fetch --no-tags --prune --no-recurse-submodules --filter=blob:none --depth=1 origin +f7c4b9af140aec9fedb13f505d1edac94269f3df:refs/remotes/origin/research/uqcf-overlapping-guard-exchange
2026-10-10T20:11:48.3212508Z From https://github.com/proteinfoldingengine/WetLabEngine
2026-10-10T20:11:48.3214060Z  * [new ref]         f7c4b9af140aec9fedb13f505d1edac94269f3df -> origin/research/uqcf-overlapping-guard-exchange
2026-10-10T20:11:48.3217782Z ##[endgroup]
2026-10-10T20:11:48.3218751Z ##[group]Determining the checkout info
2026-10-10T20:11:48.3221045Z ##[endgroup]
2026-10-10T20:11:48.3221969Z ##[group]Setting up sparse checkout
2026-10-10T20:11:48.3226838Z [command]/usr/bin/git sparse-checkout set ResearchHistory/UQCF-GEM/research/physical-bridge
2026-10-10T20:11:48.3274489Z ##[endgroup]
2026-10-10T20:11:48.3275295Z ##[group]Checking out the ref
2026-10-10T20:11:48.3280653Z [command]/usr/bin/git checkout --progress --force -B research/uqcf-overlapping-guard-exchange refs/remotes/origin/research/uqcf-overlapping-guard-exchange
2026-10-10T20:11:49.3419987Z Updating files:  25% (270/1064)
2026-10-10T20:11:49.3424797Z Updating files:  26% (277/1064)
2026-10-10T20:11:49.3430935Z Updating files:  27% (288/1064)
2026-10-10T20:11:49.3439586Z Updating files:  28% (298/1064)
2026-10-10T20:11:49.3447754Z Updating files:  29% (309/1064)
2026-10-10T20:11:49.3454194Z Updating files:  30% (320/1064)
2026-10-10T20:11:49.3462481Z Updating files:  31% (330/1064)
2026-10-10T20:11:49.3470547Z Updating files:  32% (341/1064)
2026-10-10T20:11:49.3478294Z Updating files:  33% (352/1064)
2026-10-10T20:11:49.3486859Z Updating files:  34% (362/1064)
2026-10-10T20:11:49.3498162Z Updating files:  35% (373/1064)
2026-10-10T20:11:49.3505871Z Updating files:  36% (384/1064)
2026-10-10T20:11:49.3517835Z Updating files:  37% (394/1064)
2026-10-10T20:11:49.3522885Z Updating files:  38% (405/1064)
2026-10-10T20:11:49.3531404Z Updating files:  39% (415/1064)
2026-10-10T20:11:49.3541915Z Updating files:  40% (426/1064)
2026-10-10T20:11:49.3548745Z Updating files:  41% (437/1064)
2026-10-10T20:11:49.3569146Z Updating files:  42% (447/1064)
2026-10-10T20:11:49.3575761Z Updating files:  43% (458/1064)
2026-10-10T20:11:49.3583110Z Updating files:  44% (469/1064)
2026-10-10T20:11:49.3602172Z Updating files:  45% (479/1064)
2026-10-10T20:11:49.3609213Z Updating files:  46% (490/1064)
2026-10-10T20:11:49.3615247Z Updating files:  47% (501/1064)
2026-10-10T20:11:49.3625592Z Updating files:  48% (511/1064)
2026-10-10T20:11:49.3634190Z Updating files:  49% (522/1064)
2026-10-10T20:11:49.3643850Z Updating files:  50% (532/1064)
2026-10-10T20:11:49.3656314Z Updating files:  51% (543/1064)
2026-10-10T20:11:49.3663862Z Updating files:  52% (554/1064)
2026-10-10T20:11:49.3671337Z Updating files:  53% (564/1064)
2026-10-10T20:11:49.3705458Z Updating files:  54% (575/1064)
2026-10-10T20:11:49.3710336Z Updating files:  55% (586/1064)
2026-10-10T20:11:49.3718706Z Updating files:  56% (596/1064)
2026-10-10T20:11:49.3730808Z Updating files:  57% (607/1064)
2026-10-10T20:11:49.3735865Z Updating files:  58% (618/1064)
2026-10-10T20:11:49.3741516Z Updating files:  59% (628/1064)
2026-10-10T20:11:49.3755957Z Updating files:  60% (639/1064)
2026-10-10T20:11:49.3770925Z Updating files:  61% (650/1064)
2026-10-10T20:11:49.3779317Z Updating files:  62% (660/1064)
2026-10-10T20:11:49.3784592Z Updating files:  63% (671/1064)
2026-10-10T20:11:49.3795113Z Updating files:  64% (681/1064)
2026-10-10T20:11:49.3803031Z Updating files:  65% (692/1064)
2026-10-10T20:11:49.3814164Z Updating files:  66% (703/1064)
2026-10-10T20:11:49.3819272Z Updating files:  67% (713/1064)
2026-10-10T20:11:49.3827730Z Updating files:  68% (724/1064)
2026-10-10T20:11:49.3833591Z Updating files:  69% (735/1064)
2026-10-10T20:11:49.3851457Z Updating files:  70% (745/1064)
2026-10-10T20:11:49.3860679Z Updating files:  71% (756/1064)
2026-10-10T20:11:49.3868749Z Updating files:  72% (767/1064)
2026-10-10T20:11:49.3879286Z Updating files:  73% (777/1064)
2026-10-10T20:11:49.3886044Z Updating files:  74% (788/1064)
2026-10-10T20:11:49.3893566Z Updating files:  75% (798/1064)
2026-10-10T20:11:49.3905345Z Updating files:  76% (809/1064)
2026-10-10T20:11:49.3912108Z Updating files:  77% (820/1064)
2026-10-10T20:11:49.3918849Z Updating files:  78% (830/1064)
2026-10-10T20:11:49.3927191Z Updating files:  79% (841/1064)
2026-10-10T20:11:49.3956534Z Updating files:  80% (852/1064)
2026-10-10T20:11:49.3975757Z Updating files:  81% (862/1064)
2026-10-10T20:11:49.3982086Z Updating files:  82% (873/1064)
2026-10-10T20:11:49.3986849Z Updating files:  83% (884/1064)
2026-10-10T20:11:49.3993579Z Updating files:  84% (894/1064)
2026-10-10T20:11:49.4016781Z Updating files:  85% (905/1064)
2026-10-10T20:11:49.4023097Z Updating files:  86% (916/1064)
2026-10-10T20:11:49.4042269Z Updating files:  87% (926/1064)
2026-10-10T20:11:49.4049257Z Updating files:  88% (937/1064)
2026-10-10T20:11:49.4056039Z Updating files:  89% (947/1064)
2026-10-10T20:11:49.4064008Z Updating files:  90% (958/1064)
2026-10-10T20:11:49.4070727Z Updating files:  91% (969/1064)
2026-10-10T20:11:49.4076817Z Updating files:  92% (979/1064)
2026-10-10T20:11:49.4084956Z Updating files:  93% (990/1064)
2026-10-10T20:11:49.4094154Z Updating files:  94% (1001/1064)
2026-10-10T20:11:49.4101259Z Updating files:  95% (1011/1064)
2026-10-10T20:11:49.4110951Z Updating files:  96% (1022/1064)
2026-10-10T20:11:49.4117746Z Updating files:  97% (1033/1064)
2026-10-10T20:11:49.4125547Z Updating files:  98% (1043/1064)
2026-10-10T20:11:49.4133226Z Updating files:  99% (1054/1064)
2026-10-10T20:11:49.4134911Z Updating files: 100% (1064/1064)
2026-10-10T20:11:49.4136685Z Updating files: 100% (1064/1064), done.
2026-10-10T20:11:49.4258482Z Switched to a new branch 'research/uqcf-overlapping-guard-exchange'
2026-10-10T20:11:49.4264485Z branch 'research/uqcf-overlapping-guard-exchange' set up to track 'origin/research/uqcf-overlapping-guard-exchange'.
2026-10-10T20:11:49.4278303Z ##[endgroup]
2026-10-10T20:11:49.4326900Z [command]/usr/bin/git log -1 --format=%H
2026-10-10T20:11:49.4357137Z f7c4b9af140aec9fedb13f505d1edac94269f3df
2026-10-10T20:11:49.4368582Z ##[group]Removing auth
2026-10-10T20:11:49.4374357Z [command]/usr/bin/git config --local --name-only --get-regexp core\.sshCommand
2026-10-10T20:11:49.4412164Z [command]/usr/bin/git submodule foreach --recursive sh -c "git config --local --name-only --get-regexp 'core\.sshCommand' && git config --local --unset-all 'core.sshCommand' || :"
2026-10-10T20:11:49.4661445Z [command]/usr/bin/git config --local --name-only --get-regexp http\.https\:\/\/github\.com\/\.extraheader
2026-10-10T20:11:49.4692068Z http.https://github.com/.extraheader
2026-10-10T20:11:49.4704373Z [command]/usr/bin/git config --local --unset-all http.https://github.com/.extraheader
2026-10-10T20:11:49.4746066Z [command]/usr/bin/git submodule foreach --recursive sh -c "git config --local --name-only --get-regexp 'http\.https\:\/\/github\.com\/\.extraheader' && git config --local --unset-all 'http.https://github.com/.extraheader' || :"
2026-10-10T20:11:49.4990053Z [command]/usr/bin/git config --local --name-only --get-regexp ^includeIf\.gitdir:
2026-10-10T20:11:49.5026498Z [command]/usr/bin/git submodule foreach --recursive git config --local --show-origin --name-only --get-regexp remote.origin.url
2026-10-10T20:11:49.5262157Z ##[endgroup]
2026-10-10T20:11:49.5508997Z ##[group]Run set -euo pipefail
2026-10-10T20:11:49.5510283Z [36;1mset -euo pipefail[0m
2026-10-10T20:11:49.5511790Z [36;1mtest "$(git -C research_snapshot rev-parse HEAD)" = "$GITHUB_SHA"[0m
2026-10-10T20:11:49.5513995Z [36;1mROOT=research_snapshot/ResearchHistory/UQCF-GEM/research/physical-bridge[0m
2026-10-10T20:11:49.5516543Z [36;1mmkdir private_verification[0m
2026-10-10T20:11:49.5519604Z [36;1mpython3 -m unittest discover -s "$ROOT/private_cover" -p test_private.py -v 2>&1 | tee private_verification/contracts.log[0m
2026-10-10T20:11:49.5523872Z [36;1mpython3 "$ROOT/private_cover/producer.py" private_verification/certificate.json | tee private_verification/counts.json[0m
2026-10-10T20:11:49.5528692Z [36;1mpython3 "$ROOT/private_cover/independent.py" private_verification/certificate.json private_verification/independent.json | tee private_verification/independent.log[0m
2026-10-10T20:11:49.5536769Z [36;1mfor SPEC in 'moving_cover test_moving.py' 'saturated_handover test_saturated.py' 'slack_handover test_slack.py' 'handover_graph test_handover.py' 'anchored_release test_anchored.py' 'local_progress test_progress.py' 'capacity_gap test_capacity.py' 'saturated_transfer test_transfer.py' 'label_release test_release.py' 'footprint test_footprint.py' 'fixed_family test_fixed_family.py'; do[0m
2026-10-10T20:11:49.5543117Z [36;1m  read -r DIR PATTERN <<< "$SPEC"[0m
2026-10-10T20:11:49.5545332Z [36;1m  python3 -m unittest discover -s "$ROOT/$DIR" -p "$PATTERN" -v 2>&1 | tee "private_verification/inherited_$DIR.log"[0m
2026-10-10T20:11:49.5547634Z [36;1mdone[0m
2026-10-10T20:11:49.5549526Z [36;1mprintf 'scientific_sha=%s\nworkflow_sha=%s\n' "$GITHUB_SHA" "$GITHUB_SHA" > private_verification/provenance.txt[0m
2026-10-10T20:11:49.5552509Z [36;1mcp "$ROOT/COUPLED_C3_PRIVATE_COVER_RESULT.md" private_verification/frozen_proof_scope.md[0m
2026-10-10T20:11:49.5556281Z [36;1mcp "$ROOT/private_cover/producer.py" "$ROOT/private_cover/independent.py" "$ROOT/private_cover/test_private.py" "$ROOT/private_cover/red.log" private_verification/[0m
2026-10-10T20:11:49.5560443Z [36;1msha256sum private_verification/certificate.json > private_verification/certificate.sha256[0m
2026-10-10T20:11:49.5814576Z shell: /usr/bin/bash --noprofile --norc -e -o pipefail {0}
2026-10-10T20:11:49.5816004Z ##[endgroup]
2026-10-10T20:11:49.6962703Z test_all_anchor_choices (test_private.Contracts.test_all_anchor_choices) ... ok
2026-10-10T20:11:49.7076150Z test_both_modes (test_private.Contracts.test_both_modes) ... ok
2026-10-10T20:11:49.7333152Z test_changed_mode (test_private.Contracts.test_changed_mode) ... ok
2026-10-10T20:11:49.7579702Z test_component_corruption (test_private.Contracts.test_component_corruption) ... ok
2026-10-10T20:11:49.7825321Z test_counts_corruption (test_private.Contracts.test_counts_corruption) ... ok
2026-10-10T20:11:49.8070840Z test_edge_corruption (test_private.Contracts.test_edge_corruption) ... ok
2026-10-10T20:11:49.8184296Z test_exact_tau (test_private.Contracts.test_exact_tau) ... ok
2026-10-10T20:11:49.8447134Z test_expansion_corruption (test_private.Contracts.test_expansion_corruption) ... ok
2026-10-10T20:11:49.8543172Z test_hidden_checked (test_private.Contracts.test_hidden_checked) ... ok
2026-10-10T20:11:49.8785840Z test_independent (test_private.Contracts.test_independent) ... ok
2026-10-10T20:11:49.9029311Z test_lift_corruption (test_private.Contracts.test_lift_corruption) ... ok
2026-10-10T20:11:49.9271954Z test_meet_corruption (test_private.Contracts.test_meet_corruption) ... ok
2026-10-10T20:11:49.9382900Z test_negative (test_private.Contracts.test_negative) ... ok
2026-10-10T20:11:49.9386734Z test_no_private_rejected (test_private.Contracts.test_no_private_rejected) ... ok
2026-10-10T20:11:49.9626883Z test_omitted_anchor (test_private.Contracts.test_omitted_anchor) ... ok
2026-10-10T20:11:49.9871955Z test_omitted_source (test_private.Contracts.test_omitted_source) ... ok
2026-10-10T20:11:49.9984066Z test_positive (test_private.Contracts.test_positive) ... ok
2026-10-10T20:11:50.0225307Z test_positive_omission (test_private.Contracts.test_positive_omission) ... ok
2026-10-10T20:11:50.0338360Z test_positive_route (test_private.Contracts.test_positive_route) ... ok
2026-10-10T20:11:50.0450990Z test_private_loss_rejected (test_private.Contracts.test_private_loss_rejected) ... ok
2026-10-10T20:11:50.0916876Z test_rename_corruption (test_private.Contracts.test_rename_corruption) ... ok
2026-10-10T20:11:50.1031571Z test_shift_graph (test_private.Contracts.test_shift_graph) ... ok
2026-10-10T20:11:50.1274448Z test_vacancy_corruption (test_private.Contracts.test_vacancy_corruption) ... ok
2026-10-10T20:11:50.1608768Z test_vertex_corruption (test_private.Contracts.test_vertex_corruption) ... ok
2026-10-10T20:11:50.1610403Z test_zero_original_floor_rejected (test_private.Contracts.test_zero_original_floor_rejected) ... ok
2026-10-10T20:11:50.1668890Z test_zero_residual_floors (test_private.Contracts.test_zero_residual_floors) ... ok
2026-10-10T20:11:50.1669657Z 
2026-10-10T20:11:50.1670050Z ----------------------------------------------------------------------
2026-10-10T20:11:50.1670838Z Ran 26 tests in 0.486s
2026-10-10T20:11:50.1671180Z 
2026-10-10T20:11:50.1671389Z OK
2026-10-10T20:11:58.6104465Z {"anchor_jobs": 1478, "cases": 638, "edges": 8877, "expansions": 1734, "hidden_checks": 448703, "labelled_edges": 42164, "labelled_vertices": 13826, "orbit_lifts": 75507, "reachable_cases": 343, "rename_witnesses": 1830, "slice_occurrences": 268628, "sources": 319, "vertices": 3543}
2026-10-10T20:12:07.2860203Z {"certificate_sha256": "f4dad9a0dba31d85764f3dea65ec2c0325da38d9429ddb6d2ca36e81cb577b48", "complete_independent_reconstruction": true, "counts": {"anchor_jobs": 1478, "cases": 638, "edges": 8877, "expansions": 1734, "hidden_checks": 448703, "labelled_edges": 42164, "labelled_vertices": 13826, "orbit_lifts": 75507, "reachable_cases": 343, "rename_witnesses": 1830, "slice_occurrences": 268628, "sources": 319, "vertices": 3543}, "status": "ACCEPTED"}
2026-10-10T20:12:08.4078783Z test_cover_edge_omission (test_moving.AdditionalControls.test_cover_edge_omission) ... ok
2026-10-10T20:12:08.4088613Z test_cover_vertex_omission (test_moving.AdditionalControls.test_cover_vertex_omission) ... ok
2026-10-10T20:12:08.4099450Z test_mandatory_target_requires_moving_cover (test_moving.AdditionalControls.test_mandatory_target_requires_moving_cover) ... ok
2026-10-10T20:12:08.4101370Z test_marked_identity_corruption (test_moving.AdditionalControls.test_marked_identity_corruption) ... ok
2026-10-10T20:12:08.4113871Z test_one_cover_target_job_omission (test_moving.AdditionalControls.test_one_cover_target_job_omission) ... ok
2026-10-10T20:12:08.4124029Z test_target_identity_corruption (test_moving.AdditionalControls.test_target_identity_corruption) ... ok
2026-10-10T20:12:08.8462988Z test_anonymous_absence_not_marked (test_moving.MovingContracts.test_anonymous_absence_not_marked) ... ok
2026-10-10T20:12:08.8468558Z test_complete_fixture (test_moving.MovingContracts.test_complete_fixture) ... ok
2026-10-10T20:12:08.8486483Z test_component_omission (test_moving.MovingContracts.test_component_omission) ... ok
2026-10-10T20:12:08.8502172Z test_cover_job_omission (test_moving.MovingContracts.test_cover_job_omission) ... ok
2026-10-10T20:12:08.8519313Z test_edge_omission (test_moving.MovingContracts.test_edge_omission) ... ok
2026-10-10T20:12:08.8536291Z test_family_anchored_omission (test_moving.MovingContracts.test_family_anchored_omission) ... ok
2026-10-10T20:12:08.8553724Z test_family_capacity (test_moving.MovingContracts.test_family_capacity) ... ok
2026-10-10T20:12:08.8570813Z test_family_fixed_cover_obstruction (test_moving.MovingContracts.test_family_fixed_cover_obstruction) ... ok
2026-10-10T20:12:08.8587693Z test_family_wrong_endpoint (test_moving.MovingContracts.test_family_wrong_endpoint) ... ok
2026-10-10T20:12:08.8605218Z test_family_wrong_ops (test_moving.MovingContracts.test_family_wrong_ops) ... ok
2026-10-10T20:12:08.8609353Z test_fixture_contains_both_floor_modes (test_moving.MovingContracts.test_fixture_contains_both_floor_modes) ... ok
2026-10-10T20:12:08.8623782Z test_floor_identity (test_moving.MovingContracts.test_floor_identity) ... ok
2026-10-10T20:12:08.8624829Z test_marked_target_absence (test_moving.MovingContracts.test_marked_target_absence) ... ok
2026-10-10T20:12:08.8640727Z test_native_lift_omission (test_moving.MovingContracts.test_native_lift_omission) ... ok
2026-10-10T20:12:08.8650354Z test_omitted_cases (test_moving.MovingContracts.test_omitted_cases) ... ok
2026-10-10T20:12:08.8660178Z test_omitted_family (test_moving.MovingContracts.test_omitted_family) ... ok
2026-10-10T20:12:08.8668908Z test_real_fixed_cover (test_moving.MovingContracts.test_real_fixed_cover) ... ok
2026-10-10T20:12:08.8670056Z test_saturated_family_route (test_moving.MovingContracts.test_saturated_family_route) ... ok
2026-10-10T20:12:08.8673268Z test_source_component (test_moving.MovingContracts.test_source_component) ... ok
2026-10-10T20:12:08.8684513Z test_source_identity (test_moving.MovingContracts.test_source_identity) ... ok
2026-10-10T20:12:08.8685646Z test_unmarked_any_absence (test_moving.MovingContracts.test_unmarked_any_absence) ... ok
2026-10-10T20:12:08.8695921Z test_vertex_omission (test_moving.MovingContracts.test_vertex_omission) ... ok
2026-10-10T20:12:08.8696652Z 
2026-10-10T20:12:08.8696903Z ----------------------------------------------------------------------
2026-10-10T20:12:08.8698335Z Ran 28 tests in 1.486s
2026-10-10T20:12:08.8698602Z 
2026-10-10T20:12:08.8698732Z OK
2026-10-10T20:12:08.9395005Z test_bad_domination (test_saturated.Construction.test_bad_domination) ... ok
2026-10-10T20:12:08.9395965Z test_cost (test_saturated.Construction.test_cost) ... ok
2026-10-10T20:12:08.9396453Z test_first_vacancy (test_saturated.Construction.test_first_vacancy) ... ok
2026-10-10T20:12:08.9397176Z test_fresh_label (test_saturated.Construction.test_fresh_label) ... ok
2026-10-10T20:12:08.9398255Z test_native_hidden (test_saturated.Construction.test_native_hidden) ... ok
2026-10-10T20:12:08.9398915Z test_saturated (test_saturated.Construction.test_saturated) ... ok
2026-10-10T20:12:08.9399615Z test_source (test_saturated.Construction.test_source) ... ok
2026-10-10T20:12:08.9423481Z test_static_negative (test_saturated.Construction.test_static_negative) ... ok
2026-10-10T20:12:08.9501747Z test_static_positive (test_saturated.Construction.test_static_positive) ... ok
2026-10-10T20:12:09.6570322Z test_bad_floor (test_saturated.Contracts.test_bad_floor) ... ok
2026-10-10T20:12:09.7788613Z test_bad_toggle (test_saturated.Contracts.test_bad_toggle) ... ok
2026-10-10T20:12:09.8178073Z test_capacity_omission (test_saturated.Contracts.test_capacity_omission) ... ok
2026-10-10T20:12:09.8738929Z test_component_corruption (test_saturated.Contracts.test_component_corruption) ... ok
2026-10-10T20:12:09.9317277Z test_count_vertex_omission (test_saturated.Contracts.test_count_vertex_omission) ... ok
2026-10-10T20:12:09.9935769Z test_edge_omission (test_saturated.Contracts.test_edge_omission) ... ok
2026-10-10T20:12:09.9937356Z test_equal_counts_do_not_decide_labelled_target (test_saturated.Contracts.test_equal_counts_do_not_decide_labelled_target) ... ok
2026-10-10T20:12:10.0326894Z test_graph_omission (test_saturated.Contracts.test_graph_omission) ... ok
2026-10-10T20:12:10.5674036Z test_independent (test_saturated.Contracts.test_independent) ... ok
2026-10-10T20:12:10.6377140Z test_lift_omission (test_saturated.Contracts.test_lift_omission) ... ok
2026-10-10T20:12:10.7059536Z test_permutation_omission (test_saturated.Contracts.test_permutation_omission) ... ok
2026-10-10T20:12:10.9148354Z test_renewal_bypass (test_saturated.Contracts.test_renewal_bypass) ... ok
2026-10-10T20:12:11.1331556Z test_renewal_omission (test_saturated.Contracts.test_renewal_omission) ... ok
2026-10-10T20:12:11.1987792Z test_route_omission (test_saturated.Contracts.test_route_omission) ... ok
2026-10-10T20:12:11.2381971Z test_source_omission (test_saturated.Contracts.test_source_omission) ... ok
2026-10-10T20:12:11.2905883Z test_vector_omission (test_saturated.Contracts.test_vector_omission) ... ok
2026-10-10T20:12:11.3470343Z test_witness_omission (test_saturated.Contracts.test_witness_omission) ... ok
2026-10-10T20:12:11.3470717Z 
2026-10-10T20:12:11.3470870Z ----------------------------------------------------------------------
2026-10-10T20:12:11.3471214Z Ran 26 tests in 2.408s
2026-10-10T20:12:11.3471516Z 
2026-10-10T20:12:11.3471659Z OK
2026-10-10T20:12:11.6917088Z test_altered_floor (test_slack.CertificateContracts.test_altered_floor) ... ok
2026-10-10T20:12:11.7108742Z test_altered_toggle (test_slack.CertificateContracts.test_altered_toggle) ... ok
2026-10-10T20:12:11.8441197Z test_independent (test_slack.CertificateContracts.test_independent) ... ok
2026-10-10T20:12:11.8614187Z test_omitted_batch (test_slack.CertificateContracts.test_omitted_batch) ... ok
2026-10-10T20:12:11.8730529Z test_omitted_bfs (test_slack.CertificateContracts.test_omitted_bfs) ... ok
2026-10-10T20:12:11.8835387Z test_omitted_capacity (test_slack.CertificateContracts.test_omitted_capacity) ... ok
2026-10-10T20:12:11.8955193Z test_omitted_layer_state (test_slack.CertificateContracts.test_omitted_layer_state) ... ok
2026-10-10T20:12:11.9085863Z test_omitted_permutation (test_slack.CertificateContracts.test_omitted_permutation) ... ok
2026-10-10T20:12:11.9188460Z test_omitted_route (test_slack.CertificateContracts.test_omitted_route) ... ok
2026-10-10T20:12:11.9284543Z test_omitted_source (test_slack.CertificateContracts.test_omitted_source) ... ok
2026-10-10T20:12:11.9390082Z test_omitted_vector (test_slack.CertificateContracts.test_omitted_vector) ... ok
2026-10-10T20:12:11.9801574Z test_renewal_bypass_rejected (test_slack.CertificateContracts.test_renewal_bypass_rejected) ... ok
2026-10-10T20:12:11.9802389Z test_bad_domination (test_slack.SlackContracts.test_bad_domination) ... ok
2026-10-10T20:12:12.5410395Z test_bfs_allows_upper_four (test_slack.SlackContracts.test_bfs_allows_upper_four) ... ok
2026-10-10T20:12:12.5411742Z test_bfs_minimum (test_slack.SlackContracts.test_bfs_minimum) ... ok
2026-10-10T20:12:12.5412625Z test_capacity (test_slack.SlackContracts.test_capacity) ... ok
2026-10-10T20:12:12.5428735Z test_first_vacancy (test_slack.SlackContracts.test_first_vacancy) ... ok
2026-10-10T20:12:12.5438565Z test_fresh_label_rejected (test_slack.SlackContracts.test_fresh_label_rejected) ... ok
2026-10-10T20:12:12.5439460Z test_hidden_witness (test_slack.SlackContracts.test_hidden_witness) ... ok
2026-10-10T20:12:12.5440064Z test_no_slack (test_slack.SlackContracts.test_no_slack) ... ok
2026-10-10T20:12:12.5440776Z test_one_slack (test_slack.SlackContracts.test_one_slack) ... ok
2026-10-10T20:12:12.5441533Z test_positive (test_slack.SlackContracts.test_positive) ... ok
2026-10-10T20:12:12.5442227Z test_source (test_slack.SlackContracts.test_source) ... ok
2026-10-10T20:12:12.5442952Z test_source_hidden (test_slack.SlackContracts.test_source_hidden) ... ok
2026-10-10T20:12:12.5443438Z 
2026-10-10T20:12:12.5443690Z ----------------------------------------------------------------------
2026-10-10T20:12:12.5444245Z Ran 24 tests in 1.114s
2026-10-10T20:12:12.5444490Z 
2026-10-10T20:12:12.5444620Z OK
2026-10-10T20:12:12.6089889Z test_actual_nonmonotone_handover_toggles (test_handover.Contract.test_actual_nonmonotone_handover_toggles) ... ok
2026-10-10T20:12:12.6099035Z test_upper_four_meet_accepted (test_handover.Contract.test_upper_four_meet_accepted) ... ok
2026-10-10T20:12:12.6100100Z test_zero_bridge_lift (test_handover.Contract.test_zero_bridge_lift) ... ok
2026-10-10T20:12:12.9027954Z test_corrupted_compressed_partition_rejected (test_handover.GraphContracts.test_corrupted_compressed_partition_rejected) ... ok
2026-10-10T20:12:12.9730765Z test_corrupted_full_partition_rejected (test_handover.GraphContracts.test_corrupted_full_partition_rejected) ... ok
2026-10-10T20:12:12.9732359Z test_empty_coordinate_retained_in_expansion (test_handover.GraphContracts.test_empty_coordinate_retained_in_expansion) ... ok
2026-10-10T20:12:12.9734123Z test_floor_rejects_vertex (test_handover.GraphContracts.test_floor_rejects_vertex) ... ok
2026-10-10T20:12:13.0510050Z test_full_component_equivalence (test_handover.GraphContracts.test_full_component_equivalence) ... ok
2026-10-10T20:12:13.0511596Z test_multiple_coordinates_are_not_an_edge_lift (test_handover.GraphContracts.test_multiple_coordinates_are_not_an_edge_lift) ... ok
2026-10-10T20:12:13.0513348Z test_nonmonotone_lift_restores_exact_labelled_source (test_handover.GraphContracts.test_nonmonotone_lift_restores_exact_labelled_source) ... ok
2026-10-10T20:12:13.1215010Z test_omitted_compressed_vertex_rejected (test_handover.GraphContracts.test_omitted_compressed_vertex_rejected) ... ok
2026-10-10T20:12:13.1920570Z test_omitted_edge_rejected (test_handover.GraphContracts.test_omitted_edge_rejected) ... ok
2026-10-10T20:12:13.2620597Z test_omitted_full_vertex_rejected (test_handover.GraphContracts.test_omitted_full_vertex_rejected) ... ok
2026-10-10T20:12:14.1665789Z test_source_omission_rejected (test_handover.GraphContracts.test_source_omission_rejected) ... ok
2026-10-10T20:12:14.1669423Z test_true_upper_cover_handover_obstruction (test_handover.GraphContracts.test_true_upper_cover_handover_obstruction) ... ok
2026-10-10T20:12:14.1690004Z test_all_expansion_choices_share_a_component (test_handover.InheritedBoundaryContracts.test_all_expansion_choices_share_a_component) ... ok
2026-10-10T20:12:14.1691889Z test_hidden_upper_control_rejects_empty_meet (test_handover.InheritedBoundaryContracts.test_hidden_upper_control_rejects_empty_meet) ... ok
2026-10-10T20:12:14.1695387Z test_isolated_obstruction_has_singleton_assignment_component (test_handover.InheritedBoundaryContracts.test_isolated_obstruction_has_singleton_assignment_component) ... ok
2026-10-10T20:12:14.1697597Z test_lift_cost_is_symmetric_difference (test_handover.InheritedBoundaryContracts.test_lift_cost_is_symmetric_difference) ... ok
2026-10-10T20:12:14.1702927Z test_local_motion_collapses_without_reserve (test_handover.InheritedBoundaryContracts.test_local_motion_collapses_without_reserve) ... ok
2026-10-10T20:12:14.1703874Z 
2026-10-10T20:12:14.1704114Z ----------------------------------------------------------------------
2026-10-10T20:12:14.1704985Z Ran 20 tests in 1.561s
2026-10-10T20:12:14.1705199Z 
2026-10-10T20:12:14.1705310Z OK
2026-10-10T20:12:21.6431521Z test_anchoring_control (test_anchored.Contracts.test_anchoring_control) ... ok
2026-10-10T20:12:21.6432808Z test_arbitrary_reserve_moving_permutations (test_anchored.Contracts.test_arbitrary_reserve_moving_permutations) ... ok
2026-10-10T20:12:21.7367924Z test_bool_for_int (test_anchored.Contracts.test_bool_for_int) ... ok
2026-10-10T20:12:21.7771962Z test_complete_independent_identity (test_anchored.Contracts.test_complete_independent_identity) ... ok
2026-10-10T20:12:21.8492364Z test_duplicate_primary (test_anchored.Contracts.test_duplicate_primary) ... ok
2026-10-10T20:12:21.8493469Z test_exact_primary_coverage (test_anchored.Contracts.test_exact_primary_coverage) ... ok
2026-10-10T20:12:21.9337338Z test_extra_field (test_anchored.Contracts.test_extra_field) ... ok
2026-10-10T20:12:22.0427101Z test_false_coverage (test_anchored.Contracts.test_false_coverage) ... ok
2026-10-10T20:12:22.0428184Z test_floor_demand_control (test_anchored.Contracts.test_floor_demand_control) ... ok
2026-10-10T20:12:22.1290041Z test_missing_primary (test_anchored.Contracts.test_missing_primary) ... ok
2026-10-10T20:12:22.1290879Z test_multi_donor_without_backbone (test_anchored.Contracts.test_multi_donor_without_backbone) ... ok
2026-10-10T20:12:22.1291746Z test_old_obstructions_retained (test_anchored.Contracts.test_old_obstructions_retained) ... ok
2026-10-10T20:12:22.1292636Z test_original_domination_control (test_anchored.Contracts.test_original_domination_control) ... ok
2026-10-10T20:12:22.1963347Z test_substituted_source (test_anchored.Contracts.test_substituted_source) ... ok
2026-10-10T20:12:22.1964101Z test_upper_cover_control (test_anchored.Contracts.test_upper_cover_control) ... ok
2026-10-10T20:12:22.3093082Z test_wrong_endpoint (test_anchored.Contracts.test_wrong_endpoint) ... ok
2026-10-10T20:12:22.4241946Z test_wrong_hidden_mask (test_anchored.Contracts.test_wrong_hidden_mask) ... ok
2026-10-10T20:12:22.4951733Z test_wrong_reserve (test_anchored.Contracts.test_wrong_reserve) ... ok
2026-10-10T20:12:22.6116626Z test_wrong_script (test_anchored.Contracts.test_wrong_script) ... ok
2026-10-10T20:12:22.6818297Z test_wrong_witness (test_anchored.Contracts.test_wrong_witness) ... ok
2026-10-10T20:12:22.6818985Z 
2026-10-10T20:12:22.6819300Z ----------------------------------------------------------------------
2026-10-10T20:12:22.6820000Z Ran 20 tests in 8.306s
2026-10-10T20:12:22.6820286Z 
2026-10-10T20:12:22.6820446Z OK
2026-10-10T20:12:49.2888763Z test_boolean_integer (test_progress.Contracts.test_boolean_integer) ... ok
2026-10-10T20:12:49.3030749Z test_duplicate_family (test_progress.Contracts.test_duplicate_family) ... ok
2026-10-10T20:12:49.3154014Z test_duplicate_state (test_progress.Contracts.test_duplicate_state) ... ok
2026-10-10T20:12:49.3236853Z test_exact_independent_universe (test_progress.Contracts.test_exact_independent_universe) ... ok
2026-10-10T20:12:49.3358060Z test_extra_field (test_progress.Contracts.test_extra_field) ... ok
2026-10-10T20:12:49.3482107Z test_missing_edge (test_progress.Contracts.test_missing_edge) ... ok
2026-10-10T20:12:49.3602592Z test_missing_family (test_progress.Contracts.test_missing_family) ... ok
2026-10-10T20:12:49.3725663Z test_missing_state (test_progress.Contracts.test_missing_state) ... ok
2026-10-10T20:12:49.3846409Z test_missing_witness (test_progress.Contracts.test_missing_witness) ... ok
2026-10-10T20:12:49.3847730Z test_no_reachable_absent_label (test_progress.Contracts.test_no_reachable_absent_label) ... ok
2026-10-10T20:12:49.3849138Z test_nonisolated_seven_state_component (test_progress.Contracts.test_nonisolated_seven_state_component) ... ok
2026-10-10T20:12:49.3850373Z test_static_reserve_grows (test_progress.Contracts.test_static_reserve_grows) ... ok
2026-10-10T20:12:49.3973480Z test_substituted_edge (test_progress.Contracts.test_substituted_edge) ... ok
2026-10-10T20:12:49.4092700Z test_wrong_capacity (test_progress.Contracts.test_wrong_capacity) ... ok
2026-10-10T20:12:49.4214946Z test_wrong_floor (test_progress.Contracts.test_wrong_floor) ... ok
2026-10-10T20:12:49.4334445Z test_wrong_target (test_progress.Contracts.test_wrong_target) ... ok
2026-10-10T20:12:49.4458168Z test_wrong_witness (test_progress.Contracts.test_wrong_witness) ... ok
2026-10-10T20:12:49.4459155Z 
2026-10-10T20:12:49.4459354Z ----------------------------------------------------------------------
2026-10-10T20:12:49.4460023Z Ran 17 tests in 26.672s
2026-10-10T20:12:49.4460337Z 
2026-10-10T20:12:49.4460488Z OK
2026-10-10T20:12:51.4855792Z test_complete (test_capacity.Contracts.test_complete) ... ok
2026-10-10T20:12:51.5030446Z test_duplicate_core (test_capacity.Contracts.test_duplicate_core) ... ok
2026-10-10T20:12:51.5198888Z test_extra (test_capacity.Contracts.test_extra) ... ok
2026-10-10T20:12:51.5499064Z test_fake_absence (test_capacity.Contracts.test_fake_absence) ... ok
2026-10-10T20:12:51.5803098Z test_fake_witness (test_capacity.Contracts.test_fake_witness) ... ok
2026-10-10T20:12:51.5804259Z test_family_capacity (test_capacity.Contracts.test_family_capacity) ... ok
2026-10-10T20:12:51.5805123Z test_general_domain (test_capacity.Contracts.test_general_domain) ... ok
2026-10-10T20:12:51.6105087Z test_hidden_omission (test_capacity.Contracts.test_hidden_omission) ... ok
2026-10-10T20:12:51.6269474Z test_missing_core (test_capacity.Contracts.test_missing_core) ... ok
2026-10-10T20:12:51.6570663Z test_missing_family (test_capacity.Contracts.test_missing_family) ... ok
2026-10-10T20:12:51.6798885Z test_missing_maximal (test_capacity.Contracts.test_missing_maximal) ... ok
2026-10-10T20:12:51.7107263Z test_missing_toggle (test_capacity.Contracts.test_missing_toggle) ... ok
2026-10-10T20:12:51.7415499Z test_type (test_capacity.Contracts.test_type) ... ok
2026-10-10T20:12:51.7416932Z test_unbounded_pattern (test_capacity.Contracts.test_unbounded_pattern) ... ok
2026-10-10T20:12:51.7741225Z test_upper_forgery (test_capacity.Contracts.test_upper_forgery) ... ok
2026-10-10T20:12:51.7742416Z test_upper_native_control (test_capacity.Contracts.test_upper_native_control) ... ok
2026-10-10T20:12:51.7911188Z test_wrong_capacity (test_capacity.Contracts.test_wrong_capacity) ... ok
2026-10-10T20:12:51.8241184Z test_wrong_counts (test_capacity.Contracts.test_wrong_counts) ... ok
2026-10-10T20:12:51.8545420Z test_wrong_source (test_capacity.Contracts.test_wrong_source) ... ok
2026-10-10T20:12:51.8856870Z test_wrong_target (test_capacity.Contracts.test_wrong_target) ... ok
2026-10-10T20:12:51.8857994Z 
2026-10-10T20:12:51.8858504Z ----------------------------------------------------------------------
2026-10-10T20:12:51.8859068Z Ran 20 tests in 2.172s
2026-10-10T20:12:51.8859271Z 
2026-10-10T20:12:51.8859394Z OK
2026-10-10T20:13:03.9422624Z test_bool_for_int (test_transfer.TransferContracts.test_bool_for_int) ... ok
2026-10-10T20:13:04.0306944Z test_duplicate_case (test_transfer.TransferContracts.test_duplicate_case) ... ok
2026-10-10T20:13:04.0308255Z test_empty_hidden_protected (test_transfer.TransferContracts.test_empty_hidden_protected) ... ok
2026-10-10T20:13:04.1419197Z test_entire_typed_domain (test_transfer.TransferContracts.test_entire_typed_domain) ... ok
2026-10-10T20:13:04.1423474Z test_every_forward_reverse_exact (test_transfer.TransferContracts.test_every_forward_reverse_exact) ... ok
2026-10-10T20:13:04.2484105Z test_extra_field (test_transfer.TransferContracts.test_extra_field) ... ok
2026-10-10T20:13:04.3368490Z test_floor_forged (test_transfer.TransferContracts.test_floor_forged) ... ok
2026-10-10T20:13:04.5362235Z test_forged_control (test_transfer.TransferContracts.test_forged_control) ... ok
2026-10-10T20:13:04.7364612Z test_forged_counts (test_transfer.TransferContracts.test_forged_counts) ... ok
2026-10-10T20:13:04.8394958Z test_hidden_change (test_transfer.TransferContracts.test_hidden_change) ... ok
2026-10-10T20:13:04.9265304Z test_missing_case (test_transfer.TransferContracts.test_missing_case) ... ok
2026-10-10T20:13:05.0137091Z test_missing_hidden (test_transfer.TransferContracts.test_missing_hidden) ... ok
2026-10-10T20:13:05.2259377Z test_missing_isolation (test_transfer.TransferContracts.test_missing_isolation) ... ok
2026-10-10T20:13:05.3128776Z test_missing_partition (test_transfer.TransferContracts.test_missing_partition) ... ok
2026-10-10T20:13:05.5117321Z test_missing_toggle (test_transfer.TransferContracts.test_missing_toggle) ... ok
2026-10-10T20:13:05.5118812Z test_native_rejecting_controls (test_transfer.TransferContracts.test_native_rejecting_controls) ... ok
2026-10-10T20:13:05.5119682Z test_one_block_isolation (test_transfer.TransferContracts.test_one_block_isolation) ... ok
2026-10-10T20:13:05.5981315Z test_private_cleanup_omitted (test_transfer.TransferContracts.test_private_cleanup_omitted) ... ok
2026-10-10T20:13:05.6984866Z test_wrong_donor (test_transfer.TransferContracts.test_wrong_donor) ... ok
2026-10-10T20:13:05.7866086Z test_wrong_hitting (test_transfer.TransferContracts.test_wrong_hitting) ... ok
2026-10-10T20:13:05.8748224Z test_wrong_reserve (test_transfer.TransferContracts.test_wrong_reserve) ... ok
2026-10-10T20:13:05.9638045Z test_wrong_reverse (test_transfer.TransferContracts.test_wrong_reverse) ... ok
2026-10-10T20:13:05.9638811Z 
2026-10-10T20:13:05.9639115Z ----------------------------------------------------------------------
2026-10-10T20:13:05.9639825Z Ran 22 tests in 13.998s
2026-10-10T20:13:05.9640122Z 
2026-10-10T20:13:05.9640281Z OK
2026-10-10T20:13:10.1199468Z test_first_progress_equivalence (test_release.Contracts.test_first_progress_equivalence) ... ok
2026-10-10T20:13:18.7799515Z test_full_independent_reconstruction (test_release.Contracts.test_full_independent_reconstruction) ... ok
2026-10-10T20:13:18.7800611Z test_host_only_endpoint_cost (test_release.Contracts.test_host_only_endpoint_cost) ... ok
2026-10-10T20:13:18.7831786Z test_loan_renewal (test_release.Contracts.test_loan_renewal) ... ok
2026-10-10T20:13:18.7833036Z test_native_capacity_obstruction (test_release.Contracts.test_native_capacity_obstruction) ... ok
2026-10-10T20:13:18.7834375Z test_native_upper_control (test_release.Contracts.test_native_upper_control) ... ok
2026-10-10T20:13:19.0989015Z test_reject_bad_mask (test_release.Contracts.test_reject_bad_mask) ... ok
2026-10-10T20:13:19.4101167Z test_reject_capacity (test_release.Contracts.test_reject_capacity) ... ok
2026-10-10T20:13:20.0253630Z test_reject_extra (test_release.Contracts.test_reject_extra) ... ok
2026-10-10T20:13:20.3460355Z test_reject_first_toggles (test_release.Contracts.test_reject_first_toggles) ... ok
2026-10-10T20:13:20.9787983Z test_reject_loan_cost (test_release.Contracts.test_reject_loan_cost) ... ok
2026-10-10T20:13:21.3041892Z test_reject_loan_mask (test_release.Contracts.test_reject_loan_mask) ... ok
2026-10-10T20:13:21.9492887Z test_reject_loan_slice (test_release.Contracts.test_reject_loan_slice) ... ok
2026-10-10T20:13:22.2676257Z test_reject_loan_tau (test_release.Contracts.test_reject_loan_tau) ... ok
2026-10-10T20:13:22.5852794Z test_reject_missing_loan (test_release.Contracts.test_reject_missing_loan) ... ok
2026-10-10T20:13:23.2119850Z test_reject_missing_mask (test_release.Contracts.test_reject_missing_mask) ... ok
2026-10-10T20:13:23.5301261Z test_reject_missing_source (test_release.Contracts.test_reject_missing_source) ... ok
2026-10-10T20:13:24.1608634Z test_reject_provenance (test_release.Contracts.test_reject_provenance) ... ok
2026-10-10T20:13:24.4817663Z test_reject_release_value (test_release.Contracts.test_reject_release_value) ... ok
2026-10-10T20:13:24.7956068Z test_reject_release_witness (test_release.Contracts.test_reject_release_witness) ... ok
2026-10-10T20:13:25.4239415Z test_reject_source_core (test_release.Contracts.test_reject_source_core) ... ok
2026-10-10T20:13:25.7394808Z test_reject_source_tau (test_release.Contracts.test_reject_source_tau) ... ok
2026-10-10T20:13:26.0580899Z test_reject_strict_pair (test_release.Contracts.test_reject_strict_pair) ... ok
2026-10-10T20:13:26.6737081Z test_reject_type (test_release.Contracts.test_reject_type) ... ok
2026-10-10T20:13:26.9875128Z test_reject_upper (test_release.Contracts.test_reject_upper) ... ok
2026-10-10T20:13:26.9911847Z test_release_criterion (test_release.Contracts.test_release_criterion) ... ok
2026-10-10T20:13:26.9912428Z 
2026-10-10T20:13:26.9912662Z ----------------------------------------------------------------------
2026-10-10T20:13:26.9913192Z Ran 26 tests in 20.910s
2026-10-10T20:13:26.9913399Z 
2026-10-10T20:13:26.9913527Z OK
2026-10-10T20:13:30.0350737Z test_complete_independent_reconstruction (test_footprint.Contracts.test_complete_independent_reconstruction) ... ok
2026-10-10T20:13:30.0352124Z test_cross_role_hidden_witness (test_footprint.Contracts.test_cross_role_hidden_witness) ... ok
2026-10-10T20:13:30.0353224Z test_declared_universe (test_footprint.Contracts.test_declared_universe) ... ok
2026-10-10T20:13:30.0354229Z test_premature_deletion (test_footprint.Contracts.test_premature_deletion) ... ok
2026-10-10T20:13:30.2015914Z test_reject_boolean_type (test_footprint.Contracts.test_reject_boolean_type) ... ok
2026-10-10T20:13:30.2832024Z test_reject_classification (test_footprint.Contracts.test_reject_classification) ... ok
2026-10-10T20:13:30.3605567Z test_reject_conditions (test_footprint.Contracts.test_reject_conditions) ... ok
2026-10-10T20:13:30.5129076Z test_reject_deadlock (test_footprint.Contracts.test_reject_deadlock) ... ok
2026-10-10T20:13:30.5931997Z test_reject_duplicate_row (test_footprint.Contracts.test_reject_duplicate_row) ... ok
2026-10-10T20:13:30.6700826Z test_reject_floor (test_footprint.Contracts.test_reject_floor) ... ok
2026-10-10T20:13:30.8241885Z test_reject_missing_fixture (test_footprint.Contracts.test_reject_missing_fixture) ... ok
2026-10-10T20:13:30.9032350Z test_reject_missing_row (test_footprint.Contracts.test_reject_missing_row) ... ok
2026-10-10T20:13:30.9805230Z test_reject_path (test_footprint.Contracts.test_reject_path) ... ok
2026-10-10T20:13:31.1330310Z test_reject_protected_mask (test_footprint.Contracts.test_reject_protected_mask) ... ok
2026-10-10T20:13:31.2120172Z test_reject_provenance (test_footprint.Contracts.test_reject_provenance) ... ok
2026-10-10T20:13:31.3670484Z test_reject_source_core (test_footprint.Contracts.test_reject_source_core) ... ok
2026-10-10T20:13:31.4461099Z test_reject_tau (test_footprint.Contracts.test_reject_tau) ... ok
2026-10-10T20:13:31.5229224Z test_reject_unknown_field (test_footprint.Contracts.test_reject_unknown_field) ... ok
2026-10-10T20:13:31.6762659Z test_reject_upper (test_footprint.Contracts.test_reject_upper) ... ok
2026-10-10T20:13:31.7530542Z test_reject_violations (test_footprint.Contracts.test_reject_violations) ... ok
2026-10-10T20:13:31.7531477Z test_sharp_exchange (test_footprint.Contracts.test_sharp_exchange) ... ok
2026-10-10T20:13:31.7532345Z test_upper_control (test_footprint.Contracts.test_upper_control) ... ok
2026-10-10T20:13:31.7532879Z 
2026-10-10T20:13:31.7533132Z ----------------------------------------------------------------------
2026-10-10T20:13:31.7533658Z Ran 22 tests in 3.729s
2026-10-10T20:13:31.7533871Z 
2026-10-10T20:13:31.7533985Z OK
2026-10-10T20:13:32.3103302Z test_all_categories (test_fixed_family.Contracts.test_all_categories) ... ok
2026-10-10T20:13:32.7849171Z test_category (test_fixed_family.Contracts.test_category) ... ok
2026-10-10T20:13:32.9430648Z test_complement_tau (test_fixed_family.Contracts.test_complement_tau) ... ok
2026-10-10T20:13:32.9861760Z test_complete (test_fixed_family.Contracts.test_complete) ... ok
2026-10-10T20:13:33.1500376Z test_core_intersection (test_fixed_family.Contracts.test_core_intersection) ... ok
2026-10-10T20:13:33.3090086Z test_duplicate_completion (test_fixed_family.Contracts.test_duplicate_completion) ... ok
2026-10-10T20:13:33.4740179Z test_duplicate_state (test_fixed_family.Contracts.test_duplicate_state) ... ok
2026-10-10T20:13:33.6303020Z test_false_floor_extension (test_fixed_family.Contracts.test_false_floor_extension) ... ok
2026-10-10T20:13:33.7955349Z test_false_hidden_control (test_fixed_family.Contracts.test_false_hidden_control) ... ok
2026-10-10T20:13:33.9545585Z test_false_native_access (test_fixed_family.Contracts.test_false_native_access) ... ok
2026-10-10T20:13:34.1134703Z test_false_retarget (test_fixed_family.Contracts.test_false_retarget) ... ok
2026-10-10T20:13:34.2776074Z test_floor (test_fixed_family.Contracts.test_floor) ... ok
2026-10-10T20:13:34.2867318Z test_full_partition (test_fixed_family.Contracts.test_full_partition) ... ok
2026-10-10T20:13:34.4448337Z test_missing_completion (test_fixed_family.Contracts.test_missing_completion) ... ok
2026-10-10T20:13:34.6095847Z test_missing_false_member (test_fixed_family.Contracts.test_missing_false_member) ... ok
2026-10-10T20:13:34.7668819Z test_missing_fiber (test_fixed_family.Contracts.test_missing_fiber) ... ok
2026-10-10T20:13:34.9369755Z test_missing_state (test_fixed_family.Contracts.test_missing_state) ... ok
2026-10-10T20:13:35.0991454Z test_preparation (test_fixed_family.Contracts.test_preparation) ... ok
2026-10-10T20:13:35.2589242Z test_protected (test_fixed_family.Contracts.test_protected) ... ok
2026-10-10T20:13:35.4237891Z test_scope (test_fixed_family.Contracts.test_scope) ... ok
2026-10-10T20:13:35.4256760Z test_sharp_preparation (test_fixed_family.Contracts.test_sharp_preparation) ... ok
2026-10-10T20:13:35.5860260Z test_state (test_fixed_family.Contracts.test_state) ... ok
2026-10-10T20:13:35.7486786Z test_substitute_fiber (test_fixed_family.Contracts.test_substitute_fiber) ... ok
2026-10-10T20:13:35.9049344Z test_substituted_truth (test_fixed_family.Contracts.test_substituted_truth) ... ok
2026-10-10T20:13:36.0721218Z test_tau (test_fixed_family.Contracts.test_tau) ... ok
2026-10-10T20:13:36.2302425Z test_type (test_fixed_family.Contracts.test_type) ... ok
2026-10-10T20:13:36.3890510Z test_witness_protected (test_fixed_family.Contracts.test_witness_protected) ... ok
2026-10-10T20:13:36.5515560Z test_witness_tau (test_fixed_family.Contracts.test_witness_tau) ... ok
2026-10-10T20:13:36.5516241Z 
2026-10-10T20:13:36.5516566Z ----------------------------------------------------------------------
2026-10-10T20:13:36.5517267Z Ran 28 tests in 4.534s
2026-10-10T20:13:36.5517868Z 
2026-10-10T20:13:36.5518036Z OK
2026-10-10T20:13:36.5945626Z ##[group]Run actions/upload-artifact@v4
2026-10-10T20:13:36.5945933Z with:
2026-10-10T20:13:36.5946153Z   name: c3-private-cover-verification
2026-10-10T20:13:36.5946434Z   path: private_verification/
2026-10-10T20:13:36.5946681Z   if-no-files-found: warn
2026-10-10T20:13:36.5946925Z   compression-level: 6
2026-10-10T20:13:36.5947146Z   overwrite: false
2026-10-10T20:13:36.5947366Z   include-hidden-files: false
2026-10-10T20:13:36.5947865Z ##[endgroup]
2026-10-10T20:13:36.7612556Z (node:2445) [DEP0040] DeprecationWarning: The `punycode` module is deprecated. Please use a userland alternative instead.
2026-10-10T20:13:36.7613267Z (Use `node --trace-deprecation ...` to show where the warning was created)
2026-10-10T20:13:36.7728127Z With the provided path, there will be 23 files uploaded
2026-10-10T20:13:36.7731635Z Artifact name is valid!
2026-10-10T20:13:36.7732139Z Root directory input is valid!
2026-10-10T20:13:37.0380704Z Beginning upload of artifact content to blob storage
2026-10-10T20:13:37.1019751Z (node:2445) [DEP0169] DeprecationWarning: `url.parse()` behavior is not standardized and prone to errors that have security implications. Use the WHATWG URL API instead. CVEs are not issued for `url.parse()` vulnerabilities.
2026-10-10T20:13:37.3080438Z Uploaded bytes 197563
2026-10-10T20:13:37.3466463Z Finished uploading artifact content to blob storage!
2026-10-10T20:13:37.3467786Z SHA256 digest of uploaded artifact zip is 5c39dccb46252197661bbc32bafc54c38c7e15656d12485cc49bc6344889b14a
2026-10-10T20:13:37.3469836Z Finalizing artifact upload
2026-10-10T20:13:37.5808959Z Artifact c3-private-cover-verification.zip successfully finalized. Artifact ID 11681610895
2026-10-10T20:13:37.5810661Z Artifact c3-private-cover-verification has been successfully uploaded! Final size is 197563 bytes. Artifact ID is 11681610895
2026-10-10T20:13:37.5817280Z Artifact download URL: https://github.com/proteinfoldingengine/WetLabEngine/actions/runs/38082779963/artifacts/11681610895
2026-10-10T20:13:37.6058370Z Post job cleanup.
2026-10-10T20:13:37.6889795Z [command]/usr/bin/git version
2026-10-10T20:13:37.6930885Z git version 2.55.0
2026-10-10T20:13:37.6970649Z Temporarily overriding HOME='/home/runner/work/_temp/33204f10-173d-4de8-aa28-173a533f22f9' before making global git config changes
2026-10-10T20:13:37.6972044Z Adding repository directory to the temporary git global config as a safe directory
2026-10-10T20:13:37.6974897Z [command]/usr/bin/git config --global --add safe.directory /home/runner/work/WetLabEngine/WetLabEngine/research_snapshot
2026-10-10T20:13:37.7014936Z [command]/usr/bin/git config --local --name-only --get-regexp core\.sshCommand
2026-10-10T20:13:37.7049950Z [command]/usr/bin/git submodule foreach --recursive sh -c "git config --local --name-only --get-regexp 'core\.sshCommand' && git config --local --unset-all 'core.sshCommand' || :"
2026-10-10T20:13:37.7308489Z [command]/usr/bin/git config --local --name-only --get-regexp http\.https\:\/\/github\.com\/\.extraheader
2026-10-10T20:13:37.7342773Z [command]/usr/bin/git submodule foreach --recursive sh -c "git config --local --name-only --get-regexp 'http\.https\:\/\/github\.com\/\.extraheader' && git config --local --unset-all 'http.https://github.com/.extraheader' || :"
2026-10-10T20:13:37.7618098Z [command]/usr/bin/git config --local --name-only --get-regexp ^includeIf\.gitdir:
2026-10-10T20:13:37.7658619Z [command]/usr/bin/git submodule foreach --recursive git config --local --show-origin --name-only --get-regexp remote.origin.url
2026-10-10T20:13:37.8115441Z Cleaning up orphan processes
2026-10-10T20:13:37.8417038Z ##[warning]Node.js 20 is deprecated. The following actions target Node.js 20 but are being forced to run on Node.js 24: actions/checkout@v4, actions/upload-artifact@v4. For more information see: https://github.blog/changelog/2025-09-19-deprecation-of-node-20-on-github-actions-runners/
