2026-09-28T20:59:41.9770527Z Current runner version: '2.337.0'
2026-09-28T20:59:41.9804548Z ##[group]Runner Image Provisioner
2026-09-28T20:59:41.9805626Z Hosted Compute Agent
2026-09-28T20:59:41.9806581Z Version: 20260828.587
2026-09-28T20:59:41.9807459Z Commit: abac92662cab4cc7352de4f9f9d2e2419aad9c29
2026-09-28T20:59:41.9808668Z Build Date: 2026-08-28T16:44:25Z
2026-09-28T20:59:41.9809714Z Worker ID: {43b946e2-0b8a-4cdf-b407-45b68f165545}
2026-09-28T20:59:41.9810697Z Azure Region: eastus
2026-09-28T20:59:41.9811810Z ##[endgroup]
2026-09-28T20:59:41.9813646Z ##[group]Operating System
2026-09-28T20:59:41.9814628Z Ubuntu
2026-09-28T20:59:41.9815357Z 24.04.5
2026-09-28T20:59:41.9816051Z LTS
2026-09-28T20:59:41.9816875Z ##[endgroup]
2026-09-28T20:59:41.9817660Z ##[group]Runner Image
2026-09-28T20:59:41.9818536Z Image: ubuntu-24.04
2026-09-28T20:59:41.9819526Z Version: 20260920.314.1
2026-09-28T20:59:41.9822060Z Included Software: https://github.com/actions/runner-images/blob/ubuntu24/20260920.314/images/ubuntu/Ubuntu2404-Readme.md
2026-09-28T20:59:41.9824398Z Image Release: https://github.com/actions/runner-images/releases/tag/ubuntu24%2F20260920.314
2026-09-28T20:59:41.9825870Z ##[endgroup]
2026-09-28T20:59:41.9827370Z ##[group]GITHUB_TOKEN Permissions
2026-09-28T20:59:41.9830053Z Contents: read
2026-09-28T20:59:41.9830877Z Metadata: read
2026-09-28T20:59:41.9831858Z ##[endgroup]
2026-09-28T20:59:41.9835098Z Secret source: Actions
2026-09-28T20:59:41.9836494Z Cache mode: write
2026-09-28T20:59:41.9837927Z Prepare workflow directory
2026-09-28T20:59:42.0254148Z Prepare all required actions
2026-09-28T20:59:42.0316214Z Getting action download info
2026-09-28T20:59:42.2511870Z Download action repository 'actions/checkout@11d5960a326750d5838078e36cf38b85af677262' (SHA:11d5960a326750d5838078e36cf38b85af677262)
2026-09-28T20:59:42.3562636Z Download action repository 'actions/setup-python@a26af69be951a213d495a4c3e4e4022e16d87065' (SHA:a26af69be951a213d495a4c3e4e4022e16d87065)
2026-09-28T20:59:42.4688951Z Download action repository 'actions/upload-artifact@v4' (SHA:ea165f8d65b6e75b540449e92b4886f43607fa02)
2026-09-28T20:59:42.7092097Z Complete job name: measure (16)
2026-09-28T20:59:42.7740270Z ##[group]Run actions/checkout@11d5960a326750d5838078e36cf38b85af677262
2026-09-28T20:59:42.7741307Z with:
2026-09-28T20:59:42.7741758Z   repository: proteinfoldingengine/WetLabEngine
2026-09-28T20:59:42.7745074Z   token: ***
2026-09-28T20:59:42.7745462Z   ssh-strict: true
2026-09-28T20:59:42.7745854Z   ssh-user: git
2026-09-28T20:59:42.7746240Z   persist-credentials: true
2026-09-28T20:59:42.7746664Z   clean: true
2026-09-28T20:59:42.7747058Z   sparse-checkout-cone-mode: true
2026-09-28T20:59:42.7747525Z   fetch-depth: 1
2026-09-28T20:59:42.7747900Z   fetch-tags: false
2026-09-28T20:59:42.7748295Z   show-progress: true
2026-09-28T20:59:42.7748679Z   lfs: false
2026-09-28T20:59:42.7749041Z   submodules: false
2026-09-28T20:59:42.7749427Z   set-safe-directory: true
2026-09-28T20:59:42.7749861Z   allow-unsafe-pr-checkout: false
2026-09-28T20:59:42.7750473Z ##[endgroup]
2026-09-28T20:59:42.8656123Z Syncing repository: proteinfoldingengine/WetLabEngine
2026-09-28T20:59:42.8658627Z ##[group]Getting Git version info
2026-09-28T20:59:42.8659652Z Working directory is '/home/runner/work/WetLabEngine/WetLabEngine'
2026-09-28T20:59:42.8661249Z [command]/usr/bin/git version
2026-09-28T20:59:42.8731471Z git version 2.55.0
2026-09-28T20:59:42.8753830Z ##[endgroup]
2026-09-28T20:59:42.8769592Z Temporarily overriding HOME='/home/runner/work/_temp/2ce5224d-f353-462f-9410-de480f1b5bbb' before making global git config changes
2026-09-28T20:59:42.8771687Z Adding repository directory to the temporary git global config as a safe directory
2026-09-28T20:59:42.8775204Z [command]/usr/bin/git config --global --add safe.directory /home/runner/work/WetLabEngine/WetLabEngine
2026-09-28T20:59:42.8829400Z Deleting the contents of '/home/runner/work/WetLabEngine/WetLabEngine'
2026-09-28T20:59:42.8835242Z ##[group]Initializing the repository
2026-09-28T20:59:42.8836513Z [command]/usr/bin/git init /home/runner/work/WetLabEngine/WetLabEngine
2026-09-28T20:59:42.8939255Z hint: Using 'master' as the name for the initial branch. This default branch name
2026-09-28T20:59:42.8940627Z hint: will change to "main" in Git 3.0. To configure the initial branch name
2026-09-28T20:59:42.8942026Z hint: to use in all of your new repositories, which will suppress this warning,
2026-09-28T20:59:42.8943393Z hint: call:
2026-09-28T20:59:42.8943903Z hint:
2026-09-28T20:59:42.8944582Z hint: 	git config --global init.defaultBranch <name>
2026-09-28T20:59:42.8945143Z hint:
2026-09-28T20:59:42.8945963Z hint: Names commonly chosen instead of 'master' are 'main', 'trunk' and
2026-09-28T20:59:42.8947029Z hint: 'development'. The just-created branch can be renamed via this command:
2026-09-28T20:59:42.8947671Z hint:
2026-09-28T20:59:42.8948039Z hint: 	git branch -m <name>
2026-09-28T20:59:42.8948460Z hint:
2026-09-28T20:59:42.8949013Z hint: Disable this message with "git config set advice.defaultBranchName false"
2026-09-28T20:59:42.8949968Z Initialized empty Git repository in /home/runner/work/WetLabEngine/WetLabEngine/.git/
2026-09-28T20:59:42.8953629Z [command]/usr/bin/git remote add origin https://github.com/proteinfoldingengine/WetLabEngine
2026-09-28T20:59:42.9003188Z ##[endgroup]
2026-09-28T20:59:42.9004252Z ##[group]Disabling automatic garbage collection
2026-09-28T20:59:42.9006903Z [command]/usr/bin/git config --local gc.auto 0
2026-09-28T20:59:42.9041437Z ##[endgroup]
2026-09-28T20:59:42.9042419Z ##[group]Setting up auth
2026-09-28T20:59:42.9047596Z [command]/usr/bin/git config --local --name-only --get-regexp core\.sshCommand
2026-09-28T20:59:42.9079239Z [command]/usr/bin/git submodule foreach --recursive sh -c "git config --local --name-only --get-regexp 'core\.sshCommand' && git config --local --unset-all 'core.sshCommand' || :"
2026-09-28T20:59:42.9478566Z [command]/usr/bin/git config --local --name-only --get-regexp http\.https\:\/\/github\.com\/\.extraheader
2026-09-28T20:59:42.9518848Z [command]/usr/bin/git submodule foreach --recursive sh -c "git config --local --name-only --get-regexp 'http\.https\:\/\/github\.com\/\.extraheader' && git config --local --unset-all 'http.https://github.com/.extraheader' || :"
2026-09-28T20:59:42.9739205Z [command]/usr/bin/git config --local --name-only --get-regexp ^includeIf\.gitdir:
2026-09-28T20:59:42.9777065Z [command]/usr/bin/git submodule foreach --recursive git config --local --show-origin --name-only --get-regexp remote.origin.url
2026-09-28T20:59:43.0004103Z [command]/usr/bin/git config --local http.https://github.com/.extraheader AUTHORIZATION: basic ***
2026-09-28T20:59:43.0047303Z ##[endgroup]
2026-09-28T20:59:43.0055456Z ##[group]Fetching the repository
2026-09-28T20:59:43.0057758Z [command]/usr/bin/git -c protocol.version=2 fetch --no-tags --prune --no-recurse-submodules --depth=1 origin +24315bf18eed287f174f9b8e1e033fad55ea48f0:refs/remotes/origin/research/v16.05-retained-edge-localization
2026-09-28T21:00:04.9534629Z From https://github.com/proteinfoldingengine/WetLabEngine
2026-09-28T21:00:04.9535594Z  * [new ref]         24315bf18eed287f174f9b8e1e033fad55ea48f0 -> origin/research/v16.05-retained-edge-localization
2026-09-28T21:00:04.9538052Z ##[endgroup]
2026-09-28T21:00:04.9538645Z ##[group]Determining the checkout info
2026-09-28T21:00:04.9540201Z ##[endgroup]
2026-09-28T21:00:04.9546233Z [command]/usr/bin/git sparse-checkout disable
2026-09-28T21:00:04.9600368Z [command]/usr/bin/git config --local --unset-all extensions.worktreeConfig
2026-09-28T21:00:04.9635847Z ##[group]Checking out the ref
2026-09-28T21:00:04.9648854Z [command]/usr/bin/git checkout --progress --force -B research/v16.05-retained-edge-localization refs/remotes/origin/research/v16.05-retained-edge-localization
2026-09-28T21:00:05.9784376Z Updating files:  50% (2228/4437)
2026-09-28T21:00:05.9803590Z Updating files:  51% (2263/4437)
2026-09-28T21:00:05.9818619Z Updating files:  52% (2308/4437)
2026-09-28T21:00:05.9897010Z Updating files:  53% (2352/4437)
2026-09-28T21:00:05.9975587Z Updating files:  54% (2396/4437)
2026-09-28T21:00:06.0067836Z Updating files:  55% (2441/4437)
2026-09-28T21:00:06.0217170Z Updating files:  56% (2485/4437)
2026-09-28T21:00:06.0287899Z Updating files:  57% (2530/4437)
2026-09-28T21:00:06.0321787Z Updating files:  58% (2574/4437)
2026-09-28T21:00:06.0687374Z Updating files:  59% (2618/4437)
2026-09-28T21:00:06.0964310Z Updating files:  60% (2663/4437)
2026-09-28T21:00:06.2257483Z Updating files:  61% (2707/4437)
2026-09-28T21:00:06.3583468Z Updating files:  62% (2751/4437)
2026-09-28T21:00:06.3596232Z Updating files:  63% (2796/4437)
2026-09-28T21:00:06.4804517Z Updating files:  64% (2840/4437)
2026-09-28T21:00:06.5788621Z Updating files:  65% (2885/4437)
2026-09-28T21:00:06.6373029Z Updating files:  66% (2929/4437)
2026-09-28T21:00:06.6743830Z Updating files:  67% (2973/4437)
2026-09-28T21:00:06.7193484Z Updating files:  68% (3018/4437)
2026-09-28T21:00:06.7300400Z Updating files:  69% (3062/4437)
2026-09-28T21:00:06.7328107Z Updating files:  70% (3106/4437)
2026-09-28T21:00:06.7376931Z Updating files:  71% (3151/4437)
2026-09-28T21:00:06.7818332Z Updating files:  72% (3195/4437)
2026-09-28T21:00:06.7838866Z Updating files:  73% (3240/4437)
2026-09-28T21:00:06.7865415Z Updating files:  74% (3284/4437)
2026-09-28T21:00:06.7895679Z Updating files:  75% (3328/4437)
2026-09-28T21:00:06.7926915Z Updating files:  76% (3373/4437)
2026-09-28T21:00:06.7961259Z Updating files:  77% (3417/4437)
2026-09-28T21:00:06.7983812Z Updating files:  78% (3461/4437)
2026-09-28T21:00:06.8013675Z Updating files:  79% (3506/4437)
2026-09-28T21:00:06.8032463Z Updating files:  80% (3550/4437)
2026-09-28T21:00:06.8049453Z Updating files:  81% (3594/4437)
2026-09-28T21:00:06.8125428Z Updating files:  82% (3639/4437)
2026-09-28T21:00:06.8212758Z Updating files:  83% (3683/4437)
2026-09-28T21:00:06.9996034Z Updating files:  84% (3728/4437)
2026-09-28T21:00:07.1652921Z Updating files:  84% (3749/4437)
2026-09-28T21:00:07.1718474Z Updating files:  85% (3772/4437)
2026-09-28T21:00:07.1863530Z Updating files:  86% (3816/4437)
2026-09-28T21:00:07.2050175Z Updating files:  87% (3861/4437)
2026-09-28T21:00:07.2226786Z Updating files:  88% (3905/4437)
2026-09-28T21:00:07.2339443Z Updating files:  89% (3949/4437)
2026-09-28T21:00:07.2563156Z Updating files:  90% (3994/4437)
2026-09-28T21:00:07.3000455Z Updating files:  91% (4038/4437)
2026-09-28T21:00:07.3058523Z Updating files:  92% (4083/4437)
2026-09-28T21:00:07.3080665Z Updating files:  93% (4127/4437)
2026-09-28T21:00:07.3115254Z Updating files:  94% (4171/4437)
2026-09-28T21:00:07.3192541Z Updating files:  95% (4216/4437)
2026-09-28T21:00:07.3231753Z Updating files:  96% (4260/4437)
2026-09-28T21:00:07.3265325Z Updating files:  97% (4304/4437)
2026-09-28T21:00:07.3388854Z Updating files:  98% (4349/4437)
2026-09-28T21:00:07.3421472Z Updating files:  99% (4393/4437)
2026-09-28T21:00:07.3421970Z Updating files: 100% (4437/4437)
2026-09-28T21:00:07.3422654Z Updating files: 100% (4437/4437), done.
2026-09-28T21:00:07.3478401Z Switched to a new branch 'research/v16.05-retained-edge-localization'
2026-09-28T21:00:07.3481845Z branch 'research/v16.05-retained-edge-localization' set up to track 'origin/research/v16.05-retained-edge-localization'.
2026-09-28T21:00:07.3576180Z ##[endgroup]
2026-09-28T21:00:07.3633749Z [command]/usr/bin/git log -1 --format=%H
2026-09-28T21:00:07.3662657Z 24315bf18eed287f174f9b8e1e033fad55ea48f0
2026-09-28T21:00:07.3976847Z ##[group]Run actions/setup-python@a26af69be951a213d495a4c3e4e4022e16d87065
2026-09-28T21:00:07.3977206Z with:
2026-09-28T21:00:07.3977390Z   python-version: 3.11
2026-09-28T21:00:07.3977595Z   check-latest: false
2026-09-28T21:00:07.3979526Z   token: ***
2026-09-28T21:00:07.3979723Z   update-environment: true
2026-09-28T21:00:07.3979944Z   allow-prereleases: false
2026-09-28T21:00:07.3980148Z   freethreaded: false
2026-09-28T21:00:07.3980337Z ##[endgroup]
2026-09-28T21:00:07.5189823Z ##[group]Installed versions
2026-09-28T21:00:07.5259911Z (node:2075) [DEP0040] DeprecationWarning: The `punycode` module is deprecated. Please use a userland alternative instead.
2026-09-28T21:00:07.5261060Z (Use `node --trace-deprecation ...` to show where the warning was created)
2026-09-28T21:00:07.5261609Z Successfully set up CPython (3.11.16)
2026-09-28T21:00:07.5262278Z ##[endgroup]
2026-09-28T21:00:07.5433840Z ##[group]Run python -m pip install numpy==2.3.5 sympy==1.13.3 mpmath==1.3.0
2026-09-28T21:00:07.5434663Z [36;1mpython -m pip install numpy==2.3.5 sympy==1.13.3 mpmath==1.3.0[0m
2026-09-28T21:00:07.5737510Z shell: /usr/bin/bash -e {0}
2026-09-28T21:00:07.5737783Z env:
2026-09-28T21:00:07.5738056Z   pythonLocation: /opt/hostedtoolcache/Python/3.11.16/x64
2026-09-28T21:00:07.5738460Z   PKG_CONFIG_PATH: /opt/hostedtoolcache/Python/3.11.16/x64/lib/pkgconfig
2026-09-28T21:00:07.5738842Z   Python_ROOT_DIR: /opt/hostedtoolcache/Python/3.11.16/x64
2026-09-28T21:00:07.5739180Z   Python2_ROOT_DIR: /opt/hostedtoolcache/Python/3.11.16/x64
2026-09-28T21:00:07.5739516Z   Python3_ROOT_DIR: /opt/hostedtoolcache/Python/3.11.16/x64
2026-09-28T21:00:07.5739980Z   LD_LIBRARY_PATH: /opt/hostedtoolcache/Python/3.11.16/x64/lib
2026-09-28T21:00:07.5740306Z ##[endgroup]
2026-09-28T21:00:10.9294458Z Collecting numpy==2.3.5
2026-09-28T21:00:10.9743011Z   Downloading numpy-2.3.5-cp311-cp311-manylinux_2_27_x86_64.manylinux_2_28_x86_64.whl.metadata (62 kB)
2026-09-28T21:00:11.0088038Z Collecting sympy==1.13.3
2026-09-28T21:00:11.0134549Z   Downloading sympy-1.13.3-py3-none-any.whl.metadata (12 kB)
2026-09-28T21:00:11.0262895Z Collecting mpmath==1.3.0
2026-09-28T21:00:11.0304886Z   Downloading mpmath-1.3.0-py3-none-any.whl.metadata (8.6 kB)
2026-09-28T21:00:11.0400359Z Downloading numpy-2.3.5-cp311-cp311-manylinux_2_27_x86_64.manylinux_2_28_x86_64.whl (16.9 MB)
2026-09-28T21:00:11.2646159Z    ━━━━━━━━━━━━━━━━━━━━━━━━━━━━━━━━━━━━━━━━ 16.9/16.9 MB 76.8 MB/s  0:00:00
2026-09-28T21:00:11.2742515Z Downloading sympy-1.13.3-py3-none-any.whl (6.2 MB)
2026-09-28T21:00:11.3547423Z    ━━━━━━━━━━━━━━━━━━━━━━━━━━━━━━━━━━━━━━━━ 6.2/6.2 MB 76.0 MB/s  0:00:00
2026-09-28T21:00:11.3587098Z Downloading mpmath-1.3.0-py3-none-any.whl (536 kB)
2026-09-28T21:00:11.3628390Z    ━━━━━━━━━━━━━━━━━━━━━━━━━━━━━━━━━━━━━━━━ 536.2/536.2 kB 116.6 MB/s  0:00:00
2026-09-28T21:00:11.6602017Z Installing collected packages: mpmath, sympy, numpy
2026-09-28T21:00:18.7404602Z 
2026-09-28T21:00:18.7414377Z Successfully installed mpmath-1.3.0 numpy-2.3.5 sympy-1.13.3
2026-09-28T21:00:18.8138361Z ##[group]Run set -o pipefail
2026-09-28T21:00:18.8138668Z [36;1mset -o pipefail[0m
2026-09-28T21:00:18.8138913Z [36;1mgit rev-parse HEAD > execution_head.txt[0m
2026-09-28T21:00:18.8139405Z [36;1mcd ResearchHistory/UQCF-GEM/demos/v15.56-response-selector-obstruction/retained-edge-localization[0m
2026-09-28T21:00:18.8139937Z [36;1mpython gate.py --candidate 16 2>&1 | tee measurement-16.log[0m
2026-09-28T21:00:18.8206677Z shell: /usr/bin/bash -e {0}
2026-09-28T21:00:18.8206913Z env:
2026-09-28T21:00:18.8207169Z   pythonLocation: /opt/hostedtoolcache/Python/3.11.16/x64
2026-09-28T21:00:18.8207556Z   PKG_CONFIG_PATH: /opt/hostedtoolcache/Python/3.11.16/x64/lib/pkgconfig
2026-09-28T21:00:18.8207948Z   Python_ROOT_DIR: /opt/hostedtoolcache/Python/3.11.16/x64
2026-09-28T21:00:18.8208274Z   Python2_ROOT_DIR: /opt/hostedtoolcache/Python/3.11.16/x64
2026-09-28T21:00:18.8208597Z   Python3_ROOT_DIR: /opt/hostedtoolcache/Python/3.11.16/x64
2026-09-28T21:00:18.8208964Z   LD_LIBRARY_PATH: /opt/hostedtoolcache/Python/3.11.16/x64/lib
2026-09-28T21:00:18.8209253Z   OPENBLAS_NUM_THREADS: 1
2026-09-28T21:00:18.8209459Z   PYTHONUNBUFFERED: 1
2026-09-28T21:00:18.8209662Z ##[endgroup]
2026-09-28T21:00:35.2092033Z candidate=16 precision=50 a=1.0 arm=plane localization=RETAINED_EDGE_NULL
2026-09-28T21:00:40.7427818Z candidate=16 precision=50 a=1.0 arm=isotropic localization=RETAINED_EDGE_NULL
2026-09-28T21:00:52.3528263Z candidate=16 precision=50 a=0.3333333333333333 arm=plane localization=RETAINED_EDGE_NULL
2026-09-28T21:00:57.9840259Z candidate=16 precision=50 a=0.3333333333333333 arm=isotropic localization=RETAINED_EDGE_NULL
2026-09-28T21:01:09.2587375Z candidate=16 precision=50 a=0.16666666666666666 arm=plane localization=RETAINED_EDGE_NULL
2026-09-28T21:01:14.7926701Z candidate=16 precision=50 a=0.16666666666666666 arm=isotropic localization=RETAINED_EDGE_NULL
2026-09-28T21:01:32.0338080Z candidate=16 precision=80 a=1.0 arm=plane localization=RETAINED_EDGE_NULL
2026-09-28T21:01:38.1453674Z candidate=16 precision=80 a=1.0 arm=isotropic localization=RETAINED_EDGE_NULL
2026-09-28T21:01:51.2858880Z candidate=16 precision=80 a=0.3333333333333333 arm=plane localization=RETAINED_EDGE_NULL
2026-09-28T21:01:57.8305649Z candidate=16 precision=80 a=0.3333333333333333 arm=isotropic localization=RETAINED_EDGE_NULL
2026-09-28T21:02:11.1843092Z candidate=16 precision=80 a=0.16666666666666666 arm=plane localization=RETAINED_EDGE_NULL
2026-09-28T21:02:17.6754035Z candidate=16 precision=80 a=0.16666666666666666 arm=isotropic localization=RETAINED_EDGE_NULL
2026-09-28T21:02:17.7399110Z {"version": "16.05", "candidate_index": 16, "all_valid": true, "verdict": "EXACT_RETAINED_EDGE_LOCALIZATION_CONFIRMED", "execution_head": "24315bf18eed287f174f9b8e1e033fad55ea48f0"}
2026-09-28T21:02:17.8400007Z ##[group]Run actions/upload-artifact@v4
2026-09-28T21:02:17.8400266Z with:
2026-09-28T21:02:17.8400512Z   name: localization-16-24315bf18eed287f174f9b8e1e033fad55ea48f0
2026-09-28T21:02:17.8401991Z   path: execution_head.txt
ResearchHistory/UQCF-GEM/demos/v15.56-response-selector-obstruction/retained-edge-localization/result-*.json.gz
ResearchHistory/UQCF-GEM/demos/v15.56-response-selector-obstruction/retained-edge-localization/measurement-*.log
ResearchHistory/UQCF-GEM/demos/v15.56-response-selector-obstruction/retained-edge-localization/SHA256SUMS-*

2026-09-28T21:02:17.8403222Z   if-no-files-found: warn
2026-09-28T21:02:17.8403434Z   compression-level: 6
2026-09-28T21:02:17.8403625Z   overwrite: false
2026-09-28T21:02:17.8403816Z   include-hidden-files: false
2026-09-28T21:02:17.8404022Z env:
2026-09-28T21:02:17.8404255Z   pythonLocation: /opt/hostedtoolcache/Python/3.11.16/x64
2026-09-28T21:02:17.8404684Z   PKG_CONFIG_PATH: /opt/hostedtoolcache/Python/3.11.16/x64/lib/pkgconfig
2026-09-28T21:02:17.8405049Z   Python_ROOT_DIR: /opt/hostedtoolcache/Python/3.11.16/x64
2026-09-28T21:02:17.8405370Z   Python2_ROOT_DIR: /opt/hostedtoolcache/Python/3.11.16/x64
2026-09-28T21:02:17.8405701Z   Python3_ROOT_DIR: /opt/hostedtoolcache/Python/3.11.16/x64
2026-09-28T21:02:17.8406018Z   LD_LIBRARY_PATH: /opt/hostedtoolcache/Python/3.11.16/x64/lib
2026-09-28T21:02:17.8406290Z ##[endgroup]
2026-09-28T21:02:17.9859926Z (node:2173) [DEP0040] DeprecationWarning: The `punycode` module is deprecated. Please use a userland alternative instead.
2026-09-28T21:02:17.9860889Z (Use `node --trace-deprecation ...` to show where the warning was created)
2026-09-28T21:02:17.9952350Z Multiple search paths detected. Calculating the least common ancestor of all paths
2026-09-28T21:02:17.9954540Z The least common ancestor is /home/runner/work/WetLabEngine/WetLabEngine. This will be the root directory of the artifact
2026-09-28T21:02:17.9955463Z With the provided path, there will be 4 files uploaded
2026-09-28T21:02:17.9956183Z Artifact name is valid!
2026-09-28T21:02:17.9956818Z Root directory input is valid!
2026-09-28T21:02:18.2031340Z Beginning upload of artifact content to blob storage
2026-09-28T21:02:18.2280035Z (node:2173) [DEP0169] DeprecationWarning: `url.parse()` behavior is not standardized and prone to errors that have security implications. Use the WHATWG URL API instead. CVEs are not issued for `url.parse()` vulnerabilities.
2026-09-28T21:02:18.2666538Z Uploaded bytes 160520
2026-09-28T21:02:18.3190745Z Finished uploading artifact content to blob storage!
2026-09-28T21:02:18.3191794Z SHA256 digest of uploaded artifact zip is 739dce0093ad44c0b4cdb21179d40de8051859fd4fa6b727caf7ca6d83fc3c07
2026-09-28T21:02:18.3192689Z Finalizing artifact upload
2026-09-28T21:02:18.5518201Z Artifact localization-16-24315bf18eed287f174f9b8e1e033fad55ea48f0.zip successfully finalized. Artifact ID 10997955879
2026-09-28T21:02:18.5519454Z Artifact localization-16-24315bf18eed287f174f9b8e1e033fad55ea48f0 has been successfully uploaded! Final size is 160520 bytes. Artifact ID is 10997955879
2026-09-28T21:02:18.5525566Z Artifact download URL: https://github.com/proteinfoldingengine/WetLabEngine/actions/runs/36482986412/artifacts/10997955879
2026-09-28T21:02:18.5688552Z Post job cleanup.
2026-09-28T21:02:18.6733605Z (node:2187) [DEP0040] DeprecationWarning: The `punycode` module is deprecated. Please use a userland alternative instead.
2026-09-28T21:02:18.6734248Z (Use `node --trace-deprecation ...` to show where the warning was created)
2026-09-28T21:02:18.6914917Z Post job cleanup.
2026-09-28T21:02:18.7701922Z [command]/usr/bin/git version
2026-09-28T21:02:18.7738826Z git version 2.55.0
2026-09-28T21:02:18.7770579Z Temporarily overriding HOME='/home/runner/work/_temp/e6a31dfa-430b-4781-9d68-02996a8708d4' before making global git config changes
2026-09-28T21:02:18.7771858Z Adding repository directory to the temporary git global config as a safe directory
2026-09-28T21:02:18.7775171Z [command]/usr/bin/git config --global --add safe.directory /home/runner/work/WetLabEngine/WetLabEngine
2026-09-28T21:02:18.7831661Z [command]/usr/bin/git config --local --name-only --get-regexp core\.sshCommand
2026-09-28T21:02:18.7843172Z [command]/usr/bin/git submodule foreach --recursive sh -c "git config --local --name-only --get-regexp 'core\.sshCommand' && git config --local --unset-all 'core.sshCommand' || :"
2026-09-28T21:02:18.8087023Z [command]/usr/bin/git config --local --name-only --get-regexp http\.https\:\/\/github\.com\/\.extraheader
2026-09-28T21:02:18.8110001Z http.https://github.com/.extraheader
2026-09-28T21:02:18.8119388Z [command]/usr/bin/git config --local --unset-all http.https://github.com/.extraheader
2026-09-28T21:02:18.8157465Z [command]/usr/bin/git submodule foreach --recursive sh -c "git config --local --name-only --get-regexp 'http\.https\:\/\/github\.com\/\.extraheader' && git config --local --unset-all 'http.https://github.com/.extraheader' || :"
2026-09-28T21:02:18.8419597Z [command]/usr/bin/git config --local --name-only --get-regexp ^includeIf\.gitdir:
2026-09-28T21:02:18.8455942Z [command]/usr/bin/git submodule foreach --recursive git config --local --show-origin --name-only --get-regexp remote.origin.url
2026-09-28T21:02:18.8836424Z Cleaning up orphan processes
2026-09-28T21:02:18.9113972Z ##[warning]Node.js 20 is deprecated. The following actions target Node.js 20 but are being forced to run on Node.js 24: actions/checkout@11d5960a326750d5838078e36cf38b85af677262, actions/setup-python@a26af69be951a213d495a4c3e4e4022e16d87065, actions/upload-artifact@v4. For more information see: https://github.blog/changelog/2025-09-19-deprecation-of-node-20-on-github-actions-runners/
