2026-09-28T20:59:42.0069305Z Current runner version: '2.337.0'
2026-09-28T20:59:42.0095540Z ##[group]Runner Image Provisioner
2026-09-28T20:59:42.0096370Z Hosted Compute Agent
2026-09-28T20:59:42.0096996Z Version: 20260828.587
2026-09-28T20:59:42.0097586Z Commit: abac92662cab4cc7352de4f9f9d2e2419aad9c29
2026-09-28T20:59:42.0098283Z Build Date: 2026-08-28T16:44:25Z
2026-09-28T20:59:42.0099006Z Worker ID: {96fcf254-09e7-447a-8cb1-95cd10a56e62}
2026-09-28T20:59:42.0099660Z Azure Region: eastus
2026-09-28T20:59:42.0100475Z ##[endgroup]
2026-09-28T20:59:42.0101810Z ##[group]Operating System
2026-09-28T20:59:42.0102435Z Ubuntu
2026-09-28T20:59:42.0103012Z 24.04.5
2026-09-28T20:59:42.0103542Z LTS
2026-09-28T20:59:42.0104839Z ##[endgroup]
2026-09-28T20:59:42.0105437Z ##[group]Runner Image
2026-09-28T20:59:42.0106033Z Image: ubuntu-24.04
2026-09-28T20:59:42.0106621Z Version: 20260920.314.1
2026-09-28T20:59:42.0107821Z Included Software: https://github.com/actions/runner-images/blob/ubuntu24/20260920.314/images/ubuntu/Ubuntu2404-Readme.md
2026-09-28T20:59:42.0109894Z Image Release: https://github.com/actions/runner-images/releases/tag/ubuntu24%2F20260920.314
2026-09-28T20:59:42.0110927Z ##[endgroup]
2026-09-28T20:59:42.0112032Z ##[group]GITHUB_TOKEN Permissions
2026-09-28T20:59:42.0114191Z Contents: read
2026-09-28T20:59:42.0114834Z Metadata: read
2026-09-28T20:59:42.0115396Z ##[endgroup]
2026-09-28T20:59:42.0117472Z Secret source: Actions
2026-09-28T20:59:42.0118357Z Cache mode: write
2026-09-28T20:59:42.0119289Z Prepare workflow directory
2026-09-28T20:59:42.0435837Z Prepare all required actions
2026-09-28T20:59:42.0484476Z Getting action download info
2026-09-28T20:59:42.2630604Z Download action repository 'actions/checkout@11d5960a326750d5838078e36cf38b85af677262' (SHA:11d5960a326750d5838078e36cf38b85af677262)
2026-09-28T20:59:42.4457288Z Download action repository 'actions/setup-python@a26af69be951a213d495a4c3e4e4022e16d87065' (SHA:a26af69be951a213d495a4c3e4e4022e16d87065)
2026-09-28T20:59:42.6000053Z Download action repository 'actions/upload-artifact@v4' (SHA:ea165f8d65b6e75b540449e92b4886f43607fa02)
2026-09-28T20:59:42.8741355Z Complete job name: measure (25)
2026-09-28T20:59:42.9557076Z ##[group]Run actions/checkout@11d5960a326750d5838078e36cf38b85af677262
2026-09-28T20:59:42.9558615Z with:
2026-09-28T20:59:42.9559431Z   repository: proteinfoldingengine/WetLabEngine
2026-09-28T20:59:42.9567067Z   token: ***
2026-09-28T20:59:42.9567797Z   ssh-strict: true
2026-09-28T20:59:42.9568538Z   ssh-user: git
2026-09-28T20:59:42.9569294Z   persist-credentials: true
2026-09-28T20:59:42.9570473Z   clean: true
2026-09-28T20:59:42.9571242Z   sparse-checkout-cone-mode: true
2026-09-28T20:59:42.9572184Z   fetch-depth: 1
2026-09-28T20:59:42.9572925Z   fetch-tags: false
2026-09-28T20:59:42.9573676Z   show-progress: true
2026-09-28T20:59:42.9574432Z   lfs: false
2026-09-28T20:59:42.9575161Z   submodules: false
2026-09-28T20:59:42.9575949Z   set-safe-directory: true
2026-09-28T20:59:42.9576826Z   allow-unsafe-pr-checkout: false
2026-09-28T20:59:42.9578025Z ##[endgroup]
2026-09-28T20:59:43.0627948Z Syncing repository: proteinfoldingengine/WetLabEngine
2026-09-28T20:59:43.0632188Z ##[group]Getting Git version info
2026-09-28T20:59:43.0633554Z Working directory is '/home/runner/work/WetLabEngine/WetLabEngine'
2026-09-28T20:59:43.0635612Z [command]/usr/bin/git version
2026-09-28T20:59:43.0755697Z git version 2.55.0
2026-09-28T20:59:43.0785806Z ##[endgroup]
2026-09-28T20:59:43.0795719Z Temporarily overriding HOME='/home/runner/work/_temp/f9c175ad-85f7-4b9b-924d-094784e93caa' before making global git config changes
2026-09-28T20:59:43.0799376Z Adding repository directory to the temporary git global config as a safe directory
2026-09-28T20:59:43.0802636Z [command]/usr/bin/git config --global --add safe.directory /home/runner/work/WetLabEngine/WetLabEngine
2026-09-28T20:59:43.0859415Z Deleting the contents of '/home/runner/work/WetLabEngine/WetLabEngine'
2026-09-28T20:59:43.0871784Z ##[group]Initializing the repository
2026-09-28T20:59:43.0873935Z [command]/usr/bin/git init /home/runner/work/WetLabEngine/WetLabEngine
2026-09-28T20:59:43.0972154Z hint: Using 'master' as the name for the initial branch. This default branch name
2026-09-28T20:59:43.0975000Z hint: will change to "main" in Git 3.0. To configure the initial branch name
2026-09-28T20:59:43.0977955Z hint: to use in all of your new repositories, which will suppress this warning,
2026-09-28T20:59:43.0980449Z hint: call:
2026-09-28T20:59:43.0981713Z hint:
2026-09-28T20:59:43.0983204Z hint: 	git config --global init.defaultBranch <name>
2026-09-28T20:59:43.0984896Z hint:
2026-09-28T20:59:43.0986617Z hint: Names commonly chosen instead of 'master' are 'main', 'trunk' and
2026-09-28T20:59:43.0989509Z hint: 'development'. The just-created branch can be renamed via this command:
2026-09-28T20:59:43.0991885Z hint:
2026-09-28T20:59:43.0993032Z hint: 	git branch -m <name>
2026-09-28T20:59:43.0994408Z hint:
2026-09-28T20:59:43.0996111Z hint: Disable this message with "git config set advice.defaultBranchName false"
2026-09-28T20:59:43.0999157Z Initialized empty Git repository in /home/runner/work/WetLabEngine/WetLabEngine/.git/
2026-09-28T20:59:43.1003417Z [command]/usr/bin/git remote add origin https://github.com/proteinfoldingengine/WetLabEngine
2026-09-28T20:59:43.1045804Z ##[endgroup]
2026-09-28T20:59:43.1048350Z ##[group]Disabling automatic garbage collection
2026-09-28T20:59:43.1050739Z [command]/usr/bin/git config --local gc.auto 0
2026-09-28T20:59:43.1110333Z ##[endgroup]
2026-09-28T20:59:43.1111743Z ##[group]Setting up auth
2026-09-28T20:59:43.1113156Z [command]/usr/bin/git config --local --name-only --get-regexp core\.sshCommand
2026-09-28T20:59:43.1153615Z [command]/usr/bin/git submodule foreach --recursive sh -c "git config --local --name-only --get-regexp 'core\.sshCommand' && git config --local --unset-all 'core.sshCommand' || :"
2026-09-28T20:59:43.1492528Z [command]/usr/bin/git config --local --name-only --get-regexp http\.https\:\/\/github\.com\/\.extraheader
2026-09-28T20:59:43.1529526Z [command]/usr/bin/git submodule foreach --recursive sh -c "git config --local --name-only --get-regexp 'http\.https\:\/\/github\.com\/\.extraheader' && git config --local --unset-all 'http.https://github.com/.extraheader' || :"
2026-09-28T20:59:43.1753827Z [command]/usr/bin/git config --local --name-only --get-regexp ^includeIf\.gitdir:
2026-09-28T20:59:43.1795642Z [command]/usr/bin/git submodule foreach --recursive git config --local --show-origin --name-only --get-regexp remote.origin.url
2026-09-28T20:59:43.2032121Z [command]/usr/bin/git config --local http.https://github.com/.extraheader AUTHORIZATION: basic ***
2026-09-28T20:59:43.2075953Z ##[endgroup]
2026-09-28T20:59:43.2077342Z ##[group]Fetching the repository
2026-09-28T20:59:43.2086060Z [command]/usr/bin/git -c protocol.version=2 fetch --no-tags --prune --no-recurse-submodules --depth=1 origin +24315bf18eed287f174f9b8e1e033fad55ea48f0:refs/remotes/origin/research/v16.05-retained-edge-localization
2026-09-28T21:00:03.2102607Z From https://github.com/proteinfoldingengine/WetLabEngine
2026-09-28T21:00:03.2103969Z  * [new ref]         24315bf18eed287f174f9b8e1e033fad55ea48f0 -> origin/research/v16.05-retained-edge-localization
2026-09-28T21:00:03.2107193Z ##[endgroup]
2026-09-28T21:00:03.2107850Z ##[group]Determining the checkout info
2026-09-28T21:00:03.2108628Z ##[endgroup]
2026-09-28T21:00:03.2114066Z [command]/usr/bin/git sparse-checkout disable
2026-09-28T21:00:03.2174195Z [command]/usr/bin/git config --local --unset-all extensions.worktreeConfig
2026-09-28T21:00:03.2211862Z ##[group]Checking out the ref
2026-09-28T21:00:03.2216401Z [command]/usr/bin/git checkout --progress --force -B research/v16.05-retained-edge-localization refs/remotes/origin/research/v16.05-retained-edge-localization
2026-09-28T21:00:04.2621837Z Updating files:  49% (2189/4437)
2026-09-28T21:00:04.2838996Z Updating files:  50% (2219/4437)
2026-09-28T21:00:04.2859605Z Updating files:  51% (2263/4437)
2026-09-28T21:00:04.2880325Z Updating files:  52% (2308/4437)
2026-09-28T21:00:04.2964605Z Updating files:  53% (2352/4437)
2026-09-28T21:00:04.3042274Z Updating files:  54% (2396/4437)
2026-09-28T21:00:04.3137560Z Updating files:  55% (2441/4437)
2026-09-28T21:00:04.3283536Z Updating files:  56% (2485/4437)
2026-09-28T21:00:04.3357124Z Updating files:  57% (2530/4437)
2026-09-28T21:00:04.3379175Z Updating files:  58% (2574/4437)
2026-09-28T21:00:04.3759117Z Updating files:  59% (2618/4437)
2026-09-28T21:00:04.4049978Z Updating files:  60% (2663/4437)
2026-09-28T21:00:04.5422169Z Updating files:  61% (2707/4437)
2026-09-28T21:00:04.6781415Z Updating files:  62% (2751/4437)
2026-09-28T21:00:04.6796014Z Updating files:  63% (2796/4437)
2026-09-28T21:00:04.8082533Z Updating files:  64% (2840/4437)
2026-09-28T21:00:04.9099494Z Updating files:  65% (2885/4437)
2026-09-28T21:00:04.9704809Z Updating files:  66% (2929/4437)
2026-09-28T21:00:05.0087846Z Updating files:  67% (2973/4437)
2026-09-28T21:00:05.0549167Z Updating files:  68% (3018/4437)
2026-09-28T21:00:05.0689293Z Updating files:  69% (3062/4437)
2026-09-28T21:00:05.0725505Z Updating files:  70% (3106/4437)
2026-09-28T21:00:05.0782377Z Updating files:  71% (3151/4437)
2026-09-28T21:00:05.1233731Z Updating files:  72% (3195/4437)
2026-09-28T21:00:05.1254686Z Updating files:  73% (3240/4437)
2026-09-28T21:00:05.1280539Z Updating files:  74% (3284/4437)
2026-09-28T21:00:05.1304883Z Updating files:  75% (3328/4437)
2026-09-28T21:00:05.1328398Z Updating files:  76% (3373/4437)
2026-09-28T21:00:05.1354893Z Updating files:  77% (3417/4437)
2026-09-28T21:00:05.1377362Z Updating files:  78% (3461/4437)
2026-09-28T21:00:05.1409063Z Updating files:  79% (3506/4437)
2026-09-28T21:00:05.1428946Z Updating files:  80% (3550/4437)
2026-09-28T21:00:05.1446830Z Updating files:  81% (3594/4437)
2026-09-28T21:00:05.1524738Z Updating files:  82% (3639/4437)
2026-09-28T21:00:05.1614907Z Updating files:  83% (3683/4437)
2026-09-28T21:00:05.2823285Z Updating files:  84% (3728/4437)
2026-09-28T21:00:05.5115416Z Updating files:  84% (3748/4437)
2026-09-28T21:00:05.5181688Z Updating files:  85% (3772/4437)
2026-09-28T21:00:05.5332155Z Updating files:  86% (3816/4437)
2026-09-28T21:00:05.5531499Z Updating files:  87% (3861/4437)
2026-09-28T21:00:05.5719477Z Updating files:  88% (3905/4437)
2026-09-28T21:00:05.5839368Z Updating files:  89% (3949/4437)
2026-09-28T21:00:05.6078520Z Updating files:  90% (3994/4437)
2026-09-28T21:00:05.6537044Z Updating files:  91% (4038/4437)
2026-09-28T21:00:05.6599163Z Updating files:  92% (4083/4437)
2026-09-28T21:00:05.6622241Z Updating files:  93% (4127/4437)
2026-09-28T21:00:05.6659014Z Updating files:  94% (4171/4437)
2026-09-28T21:00:05.6738966Z Updating files:  95% (4216/4437)
2026-09-28T21:00:05.6779806Z Updating files:  96% (4260/4437)
2026-09-28T21:00:05.6815251Z Updating files:  97% (4304/4437)
2026-09-28T21:00:05.6943188Z Updating files:  98% (4349/4437)
2026-09-28T21:00:05.6977108Z Updating files:  99% (4393/4437)
2026-09-28T21:00:05.6977419Z Updating files: 100% (4437/4437)
2026-09-28T21:00:05.6977670Z Updating files: 100% (4437/4437), done.
2026-09-28T21:00:05.7041088Z Switched to a new branch 'research/v16.05-retained-edge-localization'
2026-09-28T21:00:05.7046825Z branch 'research/v16.05-retained-edge-localization' set up to track 'origin/research/v16.05-retained-edge-localization'.
2026-09-28T21:00:05.7148494Z ##[endgroup]
2026-09-28T21:00:05.7198594Z [command]/usr/bin/git log -1 --format=%H
2026-09-28T21:00:05.7230558Z 24315bf18eed287f174f9b8e1e033fad55ea48f0
2026-09-28T21:00:05.7578673Z ##[group]Run actions/setup-python@a26af69be951a213d495a4c3e4e4022e16d87065
2026-09-28T21:00:05.7579032Z with:
2026-09-28T21:00:05.7579226Z   python-version: 3.11
2026-09-28T21:00:05.7579459Z   check-latest: false
2026-09-28T21:00:05.7581846Z   token: ***
2026-09-28T21:00:05.7582054Z   update-environment: true
2026-09-28T21:00:05.7582281Z   allow-prereleases: false
2026-09-28T21:00:05.7582489Z   freethreaded: false
2026-09-28T21:00:05.7582688Z ##[endgroup]
2026-09-28T21:00:05.8836834Z ##[group]Installed versions
2026-09-28T21:00:05.8913971Z (node:2041) [DEP0040] DeprecationWarning: The `punycode` module is deprecated. Please use a userland alternative instead.
2026-09-28T21:00:05.8915068Z (Use `node --trace-deprecation ...` to show where the warning was created)
2026-09-28T21:00:05.8915658Z Successfully set up CPython (3.11.16)
2026-09-28T21:00:05.8916214Z ##[endgroup]
2026-09-28T21:00:05.9131197Z ##[group]Run python -m pip install numpy==2.3.5 sympy==1.13.3 mpmath==1.3.0
2026-09-28T21:00:05.9131837Z [36;1mpython -m pip install numpy==2.3.5 sympy==1.13.3 mpmath==1.3.0[0m
2026-09-28T21:00:05.9442011Z shell: /usr/bin/bash -e {0}
2026-09-28T21:00:05.9442308Z env:
2026-09-28T21:00:05.9442587Z   pythonLocation: /opt/hostedtoolcache/Python/3.11.16/x64
2026-09-28T21:00:05.9442995Z   PKG_CONFIG_PATH: /opt/hostedtoolcache/Python/3.11.16/x64/lib/pkgconfig
2026-09-28T21:00:05.9443386Z   Python_ROOT_DIR: /opt/hostedtoolcache/Python/3.11.16/x64
2026-09-28T21:00:05.9443731Z   Python2_ROOT_DIR: /opt/hostedtoolcache/Python/3.11.16/x64
2026-09-28T21:00:05.9444064Z   Python3_ROOT_DIR: /opt/hostedtoolcache/Python/3.11.16/x64
2026-09-28T21:00:05.9444435Z   LD_LIBRARY_PATH: /opt/hostedtoolcache/Python/3.11.16/x64/lib
2026-09-28T21:00:05.9444730Z ##[endgroup]
2026-09-28T21:00:07.0429108Z Collecting numpy==2.3.5
2026-09-28T21:00:07.0913407Z   Downloading numpy-2.3.5-cp311-cp311-manylinux_2_27_x86_64.manylinux_2_28_x86_64.whl.metadata (62 kB)
2026-09-28T21:00:07.1710807Z Collecting sympy==1.13.3
2026-09-28T21:00:07.1755185Z   Downloading sympy-1.13.3-py3-none-any.whl.metadata (12 kB)
2026-09-28T21:00:07.1885208Z Collecting mpmath==1.3.0
2026-09-28T21:00:07.1929149Z   Downloading mpmath-1.3.0-py3-none-any.whl.metadata (8.6 kB)
2026-09-28T21:00:07.2061369Z Downloading numpy-2.3.5-cp311-cp311-manylinux_2_27_x86_64.manylinux_2_28_x86_64.whl (16.9 MB)
2026-09-28T21:00:07.4184414Z    ━━━━━━━━━━━━━━━━━━━━━━━━━━━━━━━━━━━━━━━━ 16.9/16.9 MB 82.5 MB/s  0:00:00
2026-09-28T21:00:07.4228745Z Downloading sympy-1.13.3-py3-none-any.whl (6.2 MB)
2026-09-28T21:00:07.6016745Z    ━━━━━━━━━━━━━━━━━━━━━━━━━━━━━━━━━━━━━━━━ 6.2/6.2 MB 33.6 MB/s  0:00:00
2026-09-28T21:00:07.6077419Z Downloading mpmath-1.3.0-py3-none-any.whl (536 kB)
2026-09-28T21:00:07.6129674Z    ━━━━━━━━━━━━━━━━━━━━━━━━━━━━━━━━━━━━━━━━ 536.2/536.2 kB 88.2 MB/s  0:00:00
2026-09-28T21:00:07.7090740Z Installing collected packages: mpmath, sympy, numpy
2026-09-28T21:00:15.0292354Z 
2026-09-28T21:00:15.0302923Z Successfully installed mpmath-1.3.0 numpy-2.3.5 sympy-1.13.3
2026-09-28T21:00:15.1088445Z ##[group]Run set -o pipefail
2026-09-28T21:00:15.1088782Z [36;1mset -o pipefail[0m
2026-09-28T21:00:15.1089039Z [36;1mgit rev-parse HEAD > execution_head.txt[0m
2026-09-28T21:00:15.1089557Z [36;1mcd ResearchHistory/UQCF-GEM/demos/v15.56-response-selector-obstruction/retained-edge-localization[0m
2026-09-28T21:00:15.1090297Z [36;1mpython gate.py --candidate 25 2>&1 | tee measurement-25.log[0m
2026-09-28T21:00:15.1152593Z shell: /usr/bin/bash -e {0}
2026-09-28T21:00:15.1152848Z env:
2026-09-28T21:00:15.1153091Z   pythonLocation: /opt/hostedtoolcache/Python/3.11.16/x64
2026-09-28T21:00:15.1153558Z   PKG_CONFIG_PATH: /opt/hostedtoolcache/Python/3.11.16/x64/lib/pkgconfig
2026-09-28T21:00:15.1153964Z   Python_ROOT_DIR: /opt/hostedtoolcache/Python/3.11.16/x64
2026-09-28T21:00:15.1154319Z   Python2_ROOT_DIR: /opt/hostedtoolcache/Python/3.11.16/x64
2026-09-28T21:00:15.1154658Z   Python3_ROOT_DIR: /opt/hostedtoolcache/Python/3.11.16/x64
2026-09-28T21:00:15.1155080Z   LD_LIBRARY_PATH: /opt/hostedtoolcache/Python/3.11.16/x64/lib
2026-09-28T21:00:15.1155381Z   OPENBLAS_NUM_THREADS: 1
2026-09-28T21:00:15.1155586Z   PYTHONUNBUFFERED: 1
2026-09-28T21:00:15.1155774Z ##[endgroup]
2026-09-28T21:00:32.1088171Z candidate=25 precision=50 a=1.0 arm=plane localization=RETAINED_EDGE_NULL
2026-09-28T21:00:37.9566272Z candidate=25 precision=50 a=1.0 arm=isotropic localization=RETAINED_EDGE_NULL
2026-09-28T21:00:50.0583165Z candidate=25 precision=50 a=0.3333333333333333 arm=plane localization=RETAINED_EDGE_NULL
2026-09-28T21:00:56.0732348Z candidate=25 precision=50 a=0.3333333333333333 arm=isotropic localization=RETAINED_EDGE_NULL
2026-09-28T21:01:08.2948934Z candidate=25 precision=50 a=0.16666666666666666 arm=plane localization=RETAINED_EDGE_NULL
2026-09-28T21:01:14.5200232Z candidate=25 precision=50 a=0.16666666666666666 arm=isotropic localization=RETAINED_EDGE_NULL
2026-09-28T21:01:33.4544548Z candidate=25 precision=80 a=1.0 arm=plane localization=RETAINED_EDGE_NULL
2026-09-28T21:01:40.0648407Z candidate=25 precision=80 a=1.0 arm=isotropic localization=RETAINED_EDGE_NULL
2026-09-28T21:01:54.3055324Z candidate=25 precision=80 a=0.3333333333333333 arm=plane localization=RETAINED_EDGE_NULL
2026-09-28T21:02:01.1664396Z candidate=25 precision=80 a=0.3333333333333333 arm=isotropic localization=RETAINED_EDGE_NULL
2026-09-28T21:02:15.4829486Z candidate=25 precision=80 a=0.16666666666666666 arm=plane localization=RETAINED_EDGE_NULL
2026-09-28T21:02:22.4301551Z candidate=25 precision=80 a=0.16666666666666666 arm=isotropic localization=RETAINED_EDGE_NULL
2026-09-28T21:02:22.4996070Z {"version": "16.05", "candidate_index": 25, "all_valid": true, "verdict": "EXACT_RETAINED_EDGE_LOCALIZATION_CONFIRMED", "execution_head": "24315bf18eed287f174f9b8e1e033fad55ea48f0"}
2026-09-28T21:02:22.6576214Z ##[group]Run actions/upload-artifact@v4
2026-09-28T21:02:22.6576516Z with:
2026-09-28T21:02:22.6576798Z   name: localization-25-24315bf18eed287f174f9b8e1e033fad55ea48f0
2026-09-28T21:02:22.6578218Z   path: execution_head.txt
ResearchHistory/UQCF-GEM/demos/v15.56-response-selector-obstruction/retained-edge-localization/result-*.json.gz
ResearchHistory/UQCF-GEM/demos/v15.56-response-selector-obstruction/retained-edge-localization/measurement-*.log
ResearchHistory/UQCF-GEM/demos/v15.56-response-selector-obstruction/retained-edge-localization/SHA256SUMS-*

2026-09-28T21:02:22.6579468Z   if-no-files-found: warn
2026-09-28T21:02:22.6579942Z   compression-level: 6
2026-09-28T21:02:22.6580235Z   overwrite: false
2026-09-28T21:02:22.6580463Z   include-hidden-files: false
2026-09-28T21:02:22.6580707Z env:
2026-09-28T21:02:22.6580969Z   pythonLocation: /opt/hostedtoolcache/Python/3.11.16/x64
2026-09-28T21:02:22.6581461Z   PKG_CONFIG_PATH: /opt/hostedtoolcache/Python/3.11.16/x64/lib/pkgconfig
2026-09-28T21:02:22.6581880Z   Python_ROOT_DIR: /opt/hostedtoolcache/Python/3.11.16/x64
2026-09-28T21:02:22.6582249Z   Python2_ROOT_DIR: /opt/hostedtoolcache/Python/3.11.16/x64
2026-09-28T21:02:22.6582608Z   Python3_ROOT_DIR: /opt/hostedtoolcache/Python/3.11.16/x64
2026-09-28T21:02:22.6582970Z   LD_LIBRARY_PATH: /opt/hostedtoolcache/Python/3.11.16/x64/lib
2026-09-28T21:02:22.6583282Z ##[endgroup]
2026-09-28T21:02:22.8316904Z (node:2113) [DEP0040] DeprecationWarning: The `punycode` module is deprecated. Please use a userland alternative instead.
2026-09-28T21:02:22.8317505Z (Use `node --trace-deprecation ...` to show where the warning was created)
2026-09-28T21:02:22.8409092Z Multiple search paths detected. Calculating the least common ancestor of all paths
2026-09-28T21:02:22.8411706Z The least common ancestor is /home/runner/work/WetLabEngine/WetLabEngine. This will be the root directory of the artifact
2026-09-28T21:02:22.8412723Z With the provided path, there will be 4 files uploaded
2026-09-28T21:02:22.8429015Z Artifact name is valid!
2026-09-28T21:02:22.8429453Z Root directory input is valid!
2026-09-28T21:02:23.0388344Z Beginning upload of artifact content to blob storage
2026-09-28T21:02:23.0728776Z (node:2113) [DEP0169] DeprecationWarning: `url.parse()` behavior is not standardized and prone to errors that have security implications. Use the WHATWG URL API instead. CVEs are not issued for `url.parse()` vulnerabilities.
2026-09-28T21:02:23.1040308Z Uploaded bytes 160161
2026-09-28T21:02:23.1213897Z Finished uploading artifact content to blob storage!
2026-09-28T21:02:23.1215085Z SHA256 digest of uploaded artifact zip is 42368d96a2ae8cbe32fa4da28ddee624b1192d983c00fc885c7bcdadedfb9959
2026-09-28T21:02:23.1216073Z Finalizing artifact upload
2026-09-28T21:02:23.3541840Z Artifact localization-25-24315bf18eed287f174f9b8e1e033fad55ea48f0.zip successfully finalized. Artifact ID 10997965849
2026-09-28T21:02:23.3543872Z Artifact localization-25-24315bf18eed287f174f9b8e1e033fad55ea48f0 has been successfully uploaded! Final size is 160161 bytes. Artifact ID is 10997965849
2026-09-28T21:02:23.3549017Z Artifact download URL: https://github.com/proteinfoldingengine/WetLabEngine/actions/runs/36482986412/artifacts/10997965849
2026-09-28T21:02:23.3714331Z Post job cleanup.
2026-09-28T21:02:23.4825236Z (node:2127) [DEP0040] DeprecationWarning: The `punycode` module is deprecated. Please use a userland alternative instead.
2026-09-28T21:02:23.4825863Z (Use `node --trace-deprecation ...` to show where the warning was created)
2026-09-28T21:02:23.5009098Z Post job cleanup.
2026-09-28T21:02:23.5840682Z [command]/usr/bin/git version
2026-09-28T21:02:23.5900796Z git version 2.55.0
2026-09-28T21:02:23.5917541Z Temporarily overriding HOME='/home/runner/work/_temp/615d3a68-9c94-4913-8585-53e37bcdcf34' before making global git config changes
2026-09-28T21:02:23.5918360Z Adding repository directory to the temporary git global config as a safe directory
2026-09-28T21:02:23.5924430Z [command]/usr/bin/git config --global --add safe.directory /home/runner/work/WetLabEngine/WetLabEngine
2026-09-28T21:02:23.5967906Z [command]/usr/bin/git config --local --name-only --get-regexp core\.sshCommand
2026-09-28T21:02:23.6003989Z [command]/usr/bin/git submodule foreach --recursive sh -c "git config --local --name-only --get-regexp 'core\.sshCommand' && git config --local --unset-all 'core.sshCommand' || :"
2026-09-28T21:02:23.6252152Z [command]/usr/bin/git config --local --name-only --get-regexp http\.https\:\/\/github\.com\/\.extraheader
2026-09-28T21:02:23.6297184Z http.https://github.com/.extraheader
2026-09-28T21:02:23.6307166Z [command]/usr/bin/git config --local --unset-all http.https://github.com/.extraheader
2026-09-28T21:02:23.6342168Z [command]/usr/bin/git submodule foreach --recursive sh -c "git config --local --name-only --get-regexp 'http\.https\:\/\/github\.com\/\.extraheader' && git config --local --unset-all 'http.https://github.com/.extraheader' || :"
2026-09-28T21:02:23.6597925Z [command]/usr/bin/git config --local --name-only --get-regexp ^includeIf\.gitdir:
2026-09-28T21:02:23.6652761Z [command]/usr/bin/git submodule foreach --recursive git config --local --show-origin --name-only --get-regexp remote.origin.url
2026-09-28T21:02:23.7064454Z Cleaning up orphan processes
2026-09-28T21:02:23.7330763Z ##[warning]Node.js 20 is deprecated. The following actions target Node.js 20 but are being forced to run on Node.js 24: actions/checkout@11d5960a326750d5838078e36cf38b85af677262, actions/setup-python@a26af69be951a213d495a4c3e4e4022e16d87065, actions/upload-artifact@v4. For more information see: https://github.blog/changelog/2025-09-19-deprecation-of-node-20-on-github-actions-runners/
