2026-09-28T20:54:05.1900784Z Current runner version: '2.337.0'
2026-09-28T20:54:05.1927485Z ##[group]Runner Image Provisioner
2026-09-28T20:54:05.1928855Z Hosted Compute Agent
2026-09-28T20:54:05.1929582Z Version: 20260828.587
2026-09-28T20:54:05.1930293Z Commit: abac92662cab4cc7352de4f9f9d2e2419aad9c29
2026-09-28T20:54:05.1931193Z Build Date: 2026-08-28T16:44:25Z
2026-09-28T20:54:05.1931935Z Worker ID: {72813673-6e50-4296-a3fe-384a264873e6}
2026-09-28T20:54:05.1932726Z Azure Region: westus
2026-09-28T20:54:05.1933351Z ##[endgroup]
2026-09-28T20:54:05.1935047Z ##[group]Operating System
2026-09-28T20:54:05.1936149Z Ubuntu
2026-09-28T20:54:05.1936749Z 24.04.5
2026-09-28T20:54:05.1937304Z LTS
2026-09-28T20:54:05.1937920Z ##[endgroup]
2026-09-28T20:54:05.1938552Z ##[group]Runner Image
2026-09-28T20:54:05.1939280Z Image: ubuntu-24.04
2026-09-28T20:54:05.1939871Z Version: 20260920.314.1
2026-09-28T20:54:05.1941301Z Included Software: https://github.com/actions/runner-images/blob/ubuntu24/20260920.314/images/ubuntu/Ubuntu2404-Readme.md
2026-09-28T20:54:05.1942936Z Image Release: https://github.com/actions/runner-images/releases/tag/ubuntu24%2F20260920.314
2026-09-28T20:54:05.1944371Z ##[endgroup]
2026-09-28T20:54:05.1946136Z ##[group]GITHUB_TOKEN Permissions
2026-09-28T20:54:05.1948537Z Contents: read
2026-09-28T20:54:05.1949153Z Metadata: read
2026-09-28T20:54:05.1949703Z ##[endgroup]
2026-09-28T20:54:05.1952012Z Secret source: Actions
2026-09-28T20:54:05.1953004Z Cache mode: write
2026-09-28T20:54:05.1953867Z Prepare workflow directory
2026-09-28T20:54:05.2307778Z Prepare all required actions
2026-09-28T20:54:05.2358299Z Getting action download info
2026-09-28T20:54:05.6193417Z Download action repository 'actions/checkout@11d5960a326750d5838078e36cf38b85af677262' (SHA:11d5960a326750d5838078e36cf38b85af677262)
2026-09-28T20:54:05.7266565Z Download action repository 'actions/setup-python@a26af69be951a213d495a4c3e4e4022e16d87065' (SHA:a26af69be951a213d495a4c3e4e4022e16d87065)
2026-09-28T20:54:05.8042780Z Download action repository 'actions/upload-artifact@v4' (SHA:ea165f8d65b6e75b540449e92b4886f43607fa02)
2026-09-28T20:54:06.0269117Z Complete job name: controls
2026-09-28T20:54:06.1040296Z ##[group]Run actions/checkout@11d5960a326750d5838078e36cf38b85af677262
2026-09-28T20:54:06.1041374Z with:
2026-09-28T20:54:06.1041884Z   repository: proteinfoldingengine/WetLabEngine
2026-09-28T20:54:06.1046276Z   token: ***
2026-09-28T20:54:06.1046724Z   ssh-strict: true
2026-09-28T20:54:06.1047225Z   ssh-user: git
2026-09-28T20:54:06.1047676Z   persist-credentials: true
2026-09-28T20:54:06.1048166Z   clean: true
2026-09-28T20:54:06.1048624Z   sparse-checkout-cone-mode: true
2026-09-28T20:54:06.1049145Z   fetch-depth: 1
2026-09-28T20:54:06.1049583Z   fetch-tags: false
2026-09-28T20:54:06.1050037Z   show-progress: true
2026-09-28T20:54:06.1050494Z   lfs: false
2026-09-28T20:54:06.1050907Z   submodules: false
2026-09-28T20:54:06.1051357Z   set-safe-directory: true
2026-09-28T20:54:06.1051865Z   allow-unsafe-pr-checkout: false
2026-09-28T20:54:06.1052714Z ##[endgroup]
2026-09-28T20:54:06.2086951Z Syncing repository: proteinfoldingengine/WetLabEngine
2026-09-28T20:54:06.2089040Z ##[group]Getting Git version info
2026-09-28T20:54:06.2089881Z Working directory is '/home/runner/work/WetLabEngine/WetLabEngine'
2026-09-28T20:54:06.2091152Z [command]/usr/bin/git version
2026-09-28T20:54:06.2176287Z git version 2.55.0
2026-09-28T20:54:06.2199800Z ##[endgroup]
2026-09-28T20:54:06.2215779Z Temporarily overriding HOME='/home/runner/work/_temp/b8f74e95-bcb9-431a-82a3-a125268c6fa6' before making global git config changes
2026-09-28T20:54:06.2218290Z Adding repository directory to the temporary git global config as a safe directory
2026-09-28T20:54:06.2223010Z [command]/usr/bin/git config --global --add safe.directory /home/runner/work/WetLabEngine/WetLabEngine
2026-09-28T20:54:06.2276065Z Deleting the contents of '/home/runner/work/WetLabEngine/WetLabEngine'
2026-09-28T20:54:06.2280893Z ##[group]Initializing the repository
2026-09-28T20:54:06.2284714Z [command]/usr/bin/git init /home/runner/work/WetLabEngine/WetLabEngine
2026-09-28T20:54:06.2417788Z hint: Using 'master' as the name for the initial branch. This default branch name
2026-09-28T20:54:06.2419522Z hint: will change to "main" in Git 3.0. To configure the initial branch name
2026-09-28T20:54:06.2421057Z hint: to use in all of your new repositories, which will suppress this warning,
2026-09-28T20:54:06.2422252Z hint: call:
2026-09-28T20:54:06.2423181Z hint:
2026-09-28T20:54:06.2424035Z hint: 	git config --global init.defaultBranch <name>
2026-09-28T20:54:06.2425099Z hint:
2026-09-28T20:54:06.2426261Z hint: Names commonly chosen instead of 'master' are 'main', 'trunk' and
2026-09-28T20:54:06.2427768Z hint: 'development'. The just-created branch can be renamed via this command:
2026-09-28T20:54:06.2428974Z hint:
2026-09-28T20:54:06.2429705Z hint: 	git branch -m <name>
2026-09-28T20:54:06.2430509Z hint:
2026-09-28T20:54:06.2431517Z hint: Disable this message with "git config set advice.defaultBranchName false"
2026-09-28T20:54:06.2436622Z Initialized empty Git repository in /home/runner/work/WetLabEngine/WetLabEngine/.git/
2026-09-28T20:54:06.2449170Z [command]/usr/bin/git remote add origin https://github.com/proteinfoldingengine/WetLabEngine
2026-09-28T20:54:06.2503092Z ##[endgroup]
2026-09-28T20:54:06.2504587Z ##[group]Disabling automatic garbage collection
2026-09-28T20:54:06.2507285Z [command]/usr/bin/git config --local gc.auto 0
2026-09-28T20:54:06.2544576Z ##[endgroup]
2026-09-28T20:54:06.2546563Z ##[group]Setting up auth
2026-09-28T20:54:06.2553218Z [command]/usr/bin/git config --local --name-only --get-regexp core\.sshCommand
2026-09-28T20:54:06.2597662Z [command]/usr/bin/git submodule foreach --recursive sh -c "git config --local --name-only --get-regexp 'core\.sshCommand' && git config --local --unset-all 'core.sshCommand' || :"
2026-09-28T20:54:06.3056223Z [command]/usr/bin/git config --local --name-only --get-regexp http\.https\:\/\/github\.com\/\.extraheader
2026-09-28T20:54:06.3130933Z [command]/usr/bin/git submodule foreach --recursive sh -c "git config --local --name-only --get-regexp 'http\.https\:\/\/github\.com\/\.extraheader' && git config --local --unset-all 'http.https://github.com/.extraheader' || :"
2026-09-28T20:54:06.3375097Z [command]/usr/bin/git config --local --name-only --get-regexp ^includeIf\.gitdir:
2026-09-28T20:54:06.3413846Z [command]/usr/bin/git submodule foreach --recursive git config --local --show-origin --name-only --get-regexp remote.origin.url
2026-09-28T20:54:06.3641229Z [command]/usr/bin/git config --local http.https://github.com/.extraheader AUTHORIZATION: basic ***
2026-09-28T20:54:06.3682845Z ##[endgroup]
2026-09-28T20:54:06.3683790Z ##[group]Fetching the repository
2026-09-28T20:54:06.3693527Z [command]/usr/bin/git -c protocol.version=2 fetch --no-tags --prune --no-recurse-submodules --depth=1 origin +c10168fd844f68a891fa63bbd041dcd9105d3b81:refs/remotes/origin/research/v16.05-retained-edge-localization
2026-09-28T20:54:30.8051683Z From https://github.com/proteinfoldingengine/WetLabEngine
2026-09-28T20:54:30.8053013Z  * [new ref]         c10168fd844f68a891fa63bbd041dcd9105d3b81 -> origin/research/v16.05-retained-edge-localization
2026-09-28T20:54:30.8056411Z ##[endgroup]
2026-09-28T20:54:30.8057069Z ##[group]Determining the checkout info
2026-09-28T20:54:30.8059227Z ##[endgroup]
2026-09-28T20:54:30.8065473Z [command]/usr/bin/git sparse-checkout disable
2026-09-28T20:54:30.8119598Z [command]/usr/bin/git config --local --unset-all extensions.worktreeConfig
2026-09-28T20:54:30.8152290Z ##[group]Checking out the ref
2026-09-28T20:54:30.8157428Z [command]/usr/bin/git checkout --progress --force -B research/v16.05-retained-edge-localization refs/remotes/origin/research/v16.05-retained-edge-localization
2026-09-28T20:54:31.8251917Z Updating files:  46% (2083/4435)
2026-09-28T20:54:31.8270158Z Updating files:  47% (2085/4435)
2026-09-28T20:54:31.8310557Z Updating files:  48% (2129/4435)
2026-09-28T20:54:31.8812322Z Updating files:  49% (2174/4435)
2026-09-28T20:54:31.9037377Z Updating files:  50% (2218/4435)
2026-09-28T20:54:31.9058669Z Updating files:  51% (2262/4435)
2026-09-28T20:54:31.9077025Z Updating files:  52% (2307/4435)
2026-09-28T20:54:31.9160459Z Updating files:  53% (2351/4435)
2026-09-28T20:54:31.9240727Z Updating files:  54% (2395/4435)
2026-09-28T20:54:31.9343860Z Updating files:  55% (2440/4435)
2026-09-28T20:54:31.9489561Z Updating files:  56% (2484/4435)
2026-09-28T20:54:31.9568006Z Updating files:  57% (2528/4435)
2026-09-28T20:54:31.9592314Z Updating files:  58% (2573/4435)
2026-09-28T20:54:31.9977543Z Updating files:  59% (2617/4435)
2026-09-28T20:54:32.0479018Z Updating files:  60% (2661/4435)
2026-09-28T20:54:32.1666512Z Updating files:  61% (2706/4435)
2026-09-28T20:54:32.3100407Z Updating files:  62% (2750/4435)
2026-09-28T20:54:32.3117459Z Updating files:  63% (2795/4435)
2026-09-28T20:54:32.4401623Z Updating files:  64% (2839/4435)
2026-09-28T20:54:32.5432543Z Updating files:  65% (2883/4435)
2026-09-28T20:54:32.6044493Z Updating files:  66% (2928/4435)
2026-09-28T20:54:32.6432541Z Updating files:  67% (2972/4435)
2026-09-28T20:54:32.6906704Z Updating files:  68% (3016/4435)
2026-09-28T20:54:32.7020245Z Updating files:  69% (3061/4435)
2026-09-28T20:54:32.7051153Z Updating files:  70% (3105/4435)
2026-09-28T20:54:32.7104049Z Updating files:  71% (3149/4435)
2026-09-28T20:54:32.7567043Z Updating files:  72% (3194/4435)
2026-09-28T20:54:32.7590659Z Updating files:  73% (3238/4435)
2026-09-28T20:54:32.7619378Z Updating files:  74% (3282/4435)
2026-09-28T20:54:32.7645511Z Updating files:  75% (3327/4435)
2026-09-28T20:54:32.7671766Z Updating files:  76% (3371/4435)
2026-09-28T20:54:32.7700372Z Updating files:  77% (3415/4435)
2026-09-28T20:54:32.7726304Z Updating files:  78% (3460/4435)
2026-09-28T20:54:32.7759763Z Updating files:  79% (3504/4435)
2026-09-28T20:54:32.7781513Z Updating files:  80% (3548/4435)
2026-09-28T20:54:32.7800851Z Updating files:  81% (3593/4435)
2026-09-28T20:54:32.7881301Z Updating files:  82% (3637/4435)
2026-09-28T20:54:32.7975824Z Updating files:  83% (3682/4435)
2026-09-28T20:54:32.8615588Z Updating files:  84% (3726/4435)
2026-09-28T20:54:33.1610755Z Updating files:  84% (3745/4435)
2026-09-28T20:54:33.1684267Z Updating files:  85% (3770/4435)
2026-09-28T20:54:33.1834654Z Updating files:  86% (3815/4435)
2026-09-28T20:54:33.2035209Z Updating files:  87% (3859/4435)
2026-09-28T20:54:33.2229245Z Updating files:  88% (3903/4435)
2026-09-28T20:54:33.2351691Z Updating files:  89% (3948/4435)
2026-09-28T20:54:33.2591735Z Updating files:  90% (3992/4435)
2026-09-28T20:54:33.3057124Z Updating files:  91% (4036/4435)
2026-09-28T20:54:33.3130300Z Updating files:  92% (4081/4435)
2026-09-28T20:54:33.3167433Z Updating files:  93% (4125/4435)
2026-09-28T20:54:33.3227282Z Updating files:  94% (4169/4435)
2026-09-28T20:54:33.3323509Z Updating files:  95% (4214/4435)
2026-09-28T20:54:33.3367899Z Updating files:  96% (4258/4435)
2026-09-28T20:54:33.3408283Z Updating files:  97% (4302/4435)
2026-09-28T20:54:33.3544922Z Updating files:  98% (4347/4435)
2026-09-28T20:54:33.3583616Z Updating files:  99% (4391/4435)
2026-09-28T20:54:33.3584349Z Updating files: 100% (4435/4435)
2026-09-28T20:54:33.3584780Z Updating files: 100% (4435/4435), done.
2026-09-28T20:54:33.3647681Z Switched to a new branch 'research/v16.05-retained-edge-localization'
2026-09-28T20:54:33.3653726Z branch 'research/v16.05-retained-edge-localization' set up to track 'origin/research/v16.05-retained-edge-localization'.
2026-09-28T20:54:33.3756529Z ##[endgroup]
2026-09-28T20:54:33.3806448Z [command]/usr/bin/git log -1 --format=%H
2026-09-28T20:54:33.3834712Z c10168fd844f68a891fa63bbd041dcd9105d3b81
2026-09-28T20:54:33.4175951Z ##[group]Run actions/setup-python@a26af69be951a213d495a4c3e4e4022e16d87065
2026-09-28T20:54:33.4176401Z with:
2026-09-28T20:54:33.4176609Z   python-version: 3.11
2026-09-28T20:54:33.4176857Z   check-latest: false
2026-09-28T20:54:33.4179443Z   token: ***
2026-09-28T20:54:33.4179666Z   update-environment: true
2026-09-28T20:54:33.4179915Z   allow-prereleases: false
2026-09-28T20:54:33.4180146Z   freethreaded: false
2026-09-28T20:54:33.4180572Z ##[endgroup]
2026-09-28T20:54:33.5514914Z ##[group]Installed versions
2026-09-28T20:54:33.5644859Z (node:2267) [DEP0040] DeprecationWarning: The `punycode` module is deprecated. Please use a userland alternative instead.
2026-09-28T20:54:33.5646602Z (Use `node --trace-deprecation ...` to show where the warning was created)
2026-09-28T20:54:33.5647374Z Successfully set up CPython (3.11.16)
2026-09-28T20:54:33.5648284Z ##[endgroup]
2026-09-28T20:54:33.5812070Z ##[group]Run python -m pip install numpy==2.3.5 sympy==1.13.3 mpmath==1.3.0
2026-09-28T20:54:33.5812695Z [36;1mpython -m pip install numpy==2.3.5 sympy==1.13.3 mpmath==1.3.0[0m
2026-09-28T20:54:33.6130884Z shell: /usr/bin/bash -e {0}
2026-09-28T20:54:33.6131258Z env:
2026-09-28T20:54:33.6131642Z   pythonLocation: /opt/hostedtoolcache/Python/3.11.16/x64
2026-09-28T20:54:33.6132271Z   PKG_CONFIG_PATH: /opt/hostedtoolcache/Python/3.11.16/x64/lib/pkgconfig
2026-09-28T20:54:33.6132890Z   Python_ROOT_DIR: /opt/hostedtoolcache/Python/3.11.16/x64
2026-09-28T20:54:33.6133463Z   Python2_ROOT_DIR: /opt/hostedtoolcache/Python/3.11.16/x64
2026-09-28T20:54:33.6134016Z   Python3_ROOT_DIR: /opt/hostedtoolcache/Python/3.11.16/x64
2026-09-28T20:54:33.6134566Z   LD_LIBRARY_PATH: /opt/hostedtoolcache/Python/3.11.16/x64/lib
2026-09-28T20:54:33.6134962Z ##[endgroup]
2026-09-28T20:54:34.6786792Z Collecting numpy==2.3.5
2026-09-28T20:54:34.7259239Z   Downloading numpy-2.3.5-cp311-cp311-manylinux_2_27_x86_64.manylinux_2_28_x86_64.whl.metadata (62 kB)
2026-09-28T20:54:34.7627328Z Collecting sympy==1.13.3
2026-09-28T20:54:34.7672305Z   Downloading sympy-1.13.3-py3-none-any.whl.metadata (12 kB)
2026-09-28T20:54:34.7808748Z Collecting mpmath==1.3.0
2026-09-28T20:54:34.7841122Z   Downloading mpmath-1.3.0-py3-none-any.whl.metadata (8.6 kB)
2026-09-28T20:54:34.7963628Z Downloading numpy-2.3.5-cp311-cp311-manylinux_2_27_x86_64.manylinux_2_28_x86_64.whl (16.9 MB)
2026-09-28T20:54:34.9065914Z    ━━━━━━━━━━━━━━━━━━━━━━━━━━━━━━━━━━━━━━━━ 16.9/16.9 MB 164.4 MB/s  0:00:00
2026-09-28T20:54:34.9116753Z Downloading sympy-1.13.3-py3-none-any.whl (6.2 MB)
2026-09-28T20:54:34.9457377Z    ━━━━━━━━━━━━━━━━━━━━━━━━━━━━━━━━━━━━━━━━ 6.2/6.2 MB 189.6 MB/s  0:00:00
2026-09-28T20:54:34.9493025Z Downloading mpmath-1.3.0-py3-none-any.whl (536 kB)
2026-09-28T20:54:34.9541871Z    ━━━━━━━━━━━━━━━━━━━━━━━━━━━━━━━━━━━━━━━━ 536.2/536.2 kB 104.5 MB/s  0:00:00
2026-09-28T20:54:35.0615693Z Installing collected packages: mpmath, sympy, numpy
2026-09-28T20:54:42.2697556Z 
2026-09-28T20:54:42.2706921Z Successfully installed mpmath-1.3.0 numpy-2.3.5 sympy-1.13.3
2026-09-28T20:54:42.3392211Z ##[group]Run set -o pipefail
2026-09-28T20:54:42.3392566Z [36;1mset -o pipefail[0m
2026-09-28T20:54:42.3392837Z [36;1mgit rev-parse HEAD > execution_head.txt[0m
2026-09-28T20:54:42.3393385Z [36;1mcd ResearchHistory/UQCF-GEM/demos/v15.56-response-selector-obstruction/retained-edge-localization[0m
2026-09-28T20:54:42.3393986Z [36;1mpython -m unittest -v test_gate 2>&1 | tee test.log[0m
2026-09-28T20:54:42.3394612Z [36;1m(cd ../inserted-channel-factorization && python -m unittest -v test_gate test_summary) 2>&1 | tee factor-test.log[0m
2026-09-28T20:54:42.3395758Z [36;1m(cd ../finite-source-continuation && python -m unittest -v test_gate test_summary) 2>&1 | tee parent-test.log[0m
2026-09-28T20:54:42.3462718Z shell: /usr/bin/bash -e {0}
2026-09-28T20:54:42.3462971Z env:
2026-09-28T20:54:42.3463250Z   pythonLocation: /opt/hostedtoolcache/Python/3.11.16/x64
2026-09-28T20:54:42.3463707Z   PKG_CONFIG_PATH: /opt/hostedtoolcache/Python/3.11.16/x64/lib/pkgconfig
2026-09-28T20:54:42.3464184Z   Python_ROOT_DIR: /opt/hostedtoolcache/Python/3.11.16/x64
2026-09-28T20:54:42.3464571Z   Python2_ROOT_DIR: /opt/hostedtoolcache/Python/3.11.16/x64
2026-09-28T20:54:42.3464957Z   Python3_ROOT_DIR: /opt/hostedtoolcache/Python/3.11.16/x64
2026-09-28T20:54:42.3465617Z   LD_LIBRARY_PATH: /opt/hostedtoolcache/Python/3.11.16/x64/lib
2026-09-28T20:54:42.3465961Z   OPENBLAS_NUM_THREADS: 1
2026-09-28T20:54:42.3466187Z ##[endgroup]
2026-09-28T20:54:42.7761634Z test_exact_binary_coefficients_preserve_a_small_nonzero (test_gate.LocalizationTests.test_exact_binary_coefficients_preserve_a_small_nonzero) ... FAIL
2026-09-28T20:54:42.7763547Z test_exact_commutator_sign_and_omitted_pair (test_gate.LocalizationTests.test_exact_commutator_sign_and_omitted_pair) ... FAIL
2026-09-28T20:54:42.7766540Z test_exact_connected_product_terms_survive (test_gate.LocalizationTests.test_exact_connected_product_terms_survive) ... FAIL
2026-09-28T20:54:42.7768883Z test_exact_nonzero_polynomial_is_not_a_numerical_null (test_gate.LocalizationTests.test_exact_nonzero_polynomial_is_not_a_numerical_null) ... FAIL
2026-09-28T20:54:42.7771150Z test_excluded_sixth_edge_is_not_a_retained_direction (test_gate.LocalizationTests.test_excluded_sixth_edge_is_not_a_retained_direction) ... FAIL
2026-09-28T20:54:42.7773673Z test_localization_does_not_turn_unresolved_into_null (test_gate.LocalizationTests.test_localization_does_not_turn_unresolved_into_null) ... FAIL
2026-09-28T20:54:42.7774781Z 
2026-09-28T20:54:42.7774994Z ======================================================================
2026-09-28T20:54:42.7776409Z FAIL: test_exact_binary_coefficients_preserve_a_small_nonzero (test_gate.LocalizationTests.test_exact_binary_coefficients_preserve_a_small_nonzero)
2026-09-28T20:54:42.7777565Z ----------------------------------------------------------------------
2026-09-28T20:54:42.7778162Z Traceback (most recent call last):
2026-09-28T20:54:42.7787286Z   File "/home/runner/work/WetLabEngine/WetLabEngine/ResearchHistory/UQCF-GEM/demos/v15.56-response-selector-obstruction/retained-edge-localization/test_gate.py", line 19, in test_exact_binary_coefficients_preserve_a_small_nonzero
2026-09-28T20:54:42.7789029Z     g=self.need();q=sp.Rational(1,2**60);rho=sp.eye(16)/16
2026-09-28T20:54:42.7789508Z       ^^^^^^^^^^^
2026-09-28T20:54:42.7790746Z   File "/home/runner/work/WetLabEngine/WetLabEngine/ResearchHistory/UQCF-GEM/demos/v15.56-response-selector-obstruction/retained-edge-localization/test_gate.py", line 12, in need
2026-09-28T20:54:42.7792290Z     self.assertIsNotNone(self.g,'v16.05 implementation absent: expected RED');return self.g
2026-09-28T20:54:42.7793053Z     ^^^^^^^^^^^^^^^^^^^^^^^^^^^^^^^^^^^^^^^^^^^^^^^^^^^^^^^^^^^^^^^^^^^^^^^^^
2026-09-28T20:54:42.7793742Z AssertionError: unexpectedly None : v16.05 implementation absent: expected RED
2026-09-28T20:54:42.7794272Z 
2026-09-28T20:54:42.7794441Z ======================================================================
2026-09-28T20:54:42.7795905Z FAIL: test_exact_commutator_sign_and_omitted_pair (test_gate.LocalizationTests.test_exact_commutator_sign_and_omitted_pair)
2026-09-28T20:54:42.7796912Z ----------------------------------------------------------------------
2026-09-28T20:54:42.7797454Z Traceback (most recent call last):
2026-09-28T20:54:42.7798958Z   File "/home/runner/work/WetLabEngine/WetLabEngine/ResearchHistory/UQCF-GEM/demos/v15.56-response-selector-obstruction/retained-edge-localization/test_gate.py", line 23, in test_exact_commutator_sign_and_omitted_pair
2026-09-28T20:54:42.7800557Z     g=self.need();a=sp.Symbol('a');d=g.exact_commutator({(0,0,3,0):sp.Integer(1)},'D',a)
2026-09-28T20:54:42.7801136Z       ^^^^^^^^^^^
2026-09-28T20:54:42.7802239Z   File "/home/runner/work/WetLabEngine/WetLabEngine/ResearchHistory/UQCF-GEM/demos/v15.56-response-selector-obstruction/retained-edge-localization/test_gate.py", line 12, in need
2026-09-28T20:54:42.7803701Z     self.assertIsNotNone(self.g,'v16.05 implementation absent: expected RED');return self.g
2026-09-28T20:54:42.7804416Z     ^^^^^^^^^^^^^^^^^^^^^^^^^^^^^^^^^^^^^^^^^^^^^^^^^^^^^^^^^^^^^^^^^^^^^^^^^
2026-09-28T20:54:42.7805062Z AssertionError: unexpectedly None : v16.05 implementation absent: expected RED
2026-09-28T20:54:42.7805741Z 
2026-09-28T20:54:42.7805918Z ======================================================================
2026-09-28T20:54:42.7806766Z FAIL: test_exact_connected_product_terms_survive (test_gate.LocalizationTests.test_exact_connected_product_terms_survive)
2026-09-28T20:54:42.7807925Z ----------------------------------------------------------------------
2026-09-28T20:54:42.7808427Z Traceback (most recent call last):
2026-09-28T20:54:42.7809912Z   File "/home/runner/work/WetLabEngine/WetLabEngine/ResearchHistory/UQCF-GEM/demos/v15.56-response-selector-obstruction/retained-edge-localization/test_gate.py", line 27, in test_exact_connected_product_terms_survive
2026-09-28T20:54:42.7811424Z     g=self.need();z={(1,0,0,0):sp.Rational(1,8),(0,1,0,0):sp.Rational(1,16)}
2026-09-28T20:54:42.7811938Z       ^^^^^^^^^^^
2026-09-28T20:54:42.7813136Z   File "/home/runner/work/WetLabEngine/WetLabEngine/ResearchHistory/UQCF-GEM/demos/v15.56-response-selector-obstruction/retained-edge-localization/test_gate.py", line 12, in need
2026-09-28T20:54:42.7814687Z     self.assertIsNotNone(self.g,'v16.05 implementation absent: expected RED');return self.g
2026-09-28T20:54:42.7815597Z     ^^^^^^^^^^^^^^^^^^^^^^^^^^^^^^^^^^^^^^^^^^^^^^^^^^^^^^^^^^^^^^^^^^^^^^^^^
2026-09-28T20:54:42.7816291Z AssertionError: unexpectedly None : v16.05 implementation absent: expected RED
2026-09-28T20:54:42.7816798Z 
2026-09-28T20:54:42.7816970Z ======================================================================
2026-09-28T20:54:42.7817969Z FAIL: test_exact_nonzero_polynomial_is_not_a_numerical_null (test_gate.LocalizationTests.test_exact_nonzero_polynomial_is_not_a_numerical_null)
2026-09-28T20:54:42.7818994Z ----------------------------------------------------------------------
2026-09-28T20:54:42.7819500Z Traceback (most recent call last):
2026-09-28T20:54:42.7821016Z   File "/home/runner/work/WetLabEngine/WetLabEngine/ResearchHistory/UQCF-GEM/demos/v15.56-response-selector-obstruction/retained-edge-localization/test_gate.py", line 38, in test_exact_nonzero_polynomial_is_not_a_numerical_null
2026-09-28T20:54:42.7822602Z     g=self.need();a=sp.Symbol('a');v=[sp.zeros(3) for _ in range(6)]
2026-09-28T20:54:42.7823106Z       ^^^^^^^^^^^
2026-09-28T20:54:42.7824194Z   File "/home/runner/work/WetLabEngine/WetLabEngine/ResearchHistory/UQCF-GEM/demos/v15.56-response-selector-obstruction/retained-edge-localization/test_gate.py", line 12, in need
2026-09-28T20:54:42.7825817Z     self.assertIsNotNone(self.g,'v16.05 implementation absent: expected RED');return self.g
2026-09-28T20:54:42.7826510Z     ^^^^^^^^^^^^^^^^^^^^^^^^^^^^^^^^^^^^^^^^^^^^^^^^^^^^^^^^^^^^^^^^^^^^^^^^^
2026-09-28T20:54:42.7827159Z AssertionError: unexpectedly None : v16.05 implementation absent: expected RED
2026-09-28T20:54:42.7827650Z 
2026-09-28T20:54:42.7828095Z ======================================================================
2026-09-28T20:54:42.7829066Z FAIL: test_excluded_sixth_edge_is_not_a_retained_direction (test_gate.LocalizationTests.test_excluded_sixth_edge_is_not_a_retained_direction)
2026-09-28T20:54:42.7830072Z ----------------------------------------------------------------------
2026-09-28T20:54:42.7830578Z Traceback (most recent call last):
2026-09-28T20:54:42.7832074Z   File "/home/runner/work/WetLabEngine/WetLabEngine/ResearchHistory/UQCF-GEM/demos/v15.56-response-selector-obstruction/retained-edge-localization/test_gate.py", line 14, in test_excluded_sixth_edge_is_not_a_retained_direction
2026-09-28T20:54:42.7833601Z     g=self.need();v=[mp.zeros(3) for _ in range(6)];v[5][0,0]=2
2026-09-28T20:54:42.7834073Z       ^^^^^^^^^^^
2026-09-28T20:54:42.7835188Z   File "/home/runner/work/WetLabEngine/WetLabEngine/ResearchHistory/UQCF-GEM/demos/v15.56-response-selector-obstruction/retained-edge-localization/test_gate.py", line 12, in need
2026-09-28T20:54:42.7836825Z     self.assertIsNotNone(self.g,'v16.05 implementation absent: expected RED');return self.g
2026-09-28T20:54:42.7837527Z     ^^^^^^^^^^^^^^^^^^^^^^^^^^^^^^^^^^^^^^^^^^^^^^^^^^^^^^^^^^^^^^^^^^^^^^^^^
2026-09-28T20:54:42.7838183Z AssertionError: unexpectedly None : v16.05 implementation absent: expected RED
2026-09-28T20:54:42.7838668Z 
2026-09-28T20:54:42.7838835Z ======================================================================
2026-09-28T20:54:42.7840046Z FAIL: test_localization_does_not_turn_unresolved_into_null (test_gate.LocalizationTests.test_localization_does_not_turn_unresolved_into_null)
2026-09-28T20:54:42.7841056Z ----------------------------------------------------------------------
2026-09-28T20:54:42.7841565Z Traceback (most recent call last):
2026-09-28T20:54:42.7843065Z   File "/home/runner/work/WetLabEngine/WetLabEngine/ResearchHistory/UQCF-GEM/demos/v15.56-response-selector-obstruction/retained-edge-localization/test_gate.py", line 31, in test_localization_does_not_turn_unresolved_into_null
2026-09-28T20:54:42.7844591Z     g=self.need()
2026-09-28T20:54:42.7844892Z       ^^^^^^^^^^^
2026-09-28T20:54:42.7846189Z   File "/home/runner/work/WetLabEngine/WetLabEngine/ResearchHistory/UQCF-GEM/demos/v15.56-response-selector-obstruction/retained-edge-localization/test_gate.py", line 12, in need
2026-09-28T20:54:42.7847630Z     self.assertIsNotNone(self.g,'v16.05 implementation absent: expected RED');return self.g
2026-09-28T20:54:42.7848334Z     ^^^^^^^^^^^^^^^^^^^^^^^^^^^^^^^^^^^^^^^^^^^^^^^^^^^^^^^^^^^^^^^^^^^^^^^^^
2026-09-28T20:54:42.7849008Z AssertionError: unexpectedly None : v16.05 implementation absent: expected RED
2026-09-28T20:54:42.7849499Z 
2026-09-28T20:54:42.7849732Z ----------------------------------------------------------------------
2026-09-28T20:54:42.7850224Z Ran 6 tests in 0.002s
2026-09-28T20:54:42.7850425Z 
2026-09-28T20:54:42.7850554Z FAILED (failures=6)
2026-09-28T20:54:42.8233717Z ##[error]Process completed with exit code 1.
2026-09-28T20:54:42.8335779Z ##[group]Run actions/upload-artifact@v4
2026-09-28T20:54:42.8336113Z with:
2026-09-28T20:54:42.8336437Z   name: localization-controls-c10168fd844f68a891fa63bbd041dcd9105d3b81
2026-09-28T20:54:42.8337186Z   path: execution_head.txt
ResearchHistory/UQCF-GEM/demos/v15.56-response-selector-obstruction/retained-edge-localization/*test.log

2026-09-28T20:54:42.8337801Z   if-no-files-found: warn
2026-09-28T20:54:42.8338036Z   compression-level: 6
2026-09-28T20:54:42.8338251Z   overwrite: false
2026-09-28T20:54:42.8338484Z   include-hidden-files: false
2026-09-28T20:54:42.8338721Z env:
2026-09-28T20:54:42.8338969Z   pythonLocation: /opt/hostedtoolcache/Python/3.11.16/x64
2026-09-28T20:54:42.8339417Z   PKG_CONFIG_PATH: /opt/hostedtoolcache/Python/3.11.16/x64/lib/pkgconfig
2026-09-28T20:54:42.8339846Z   Python_ROOT_DIR: /opt/hostedtoolcache/Python/3.11.16/x64
2026-09-28T20:54:42.8340226Z   Python2_ROOT_DIR: /opt/hostedtoolcache/Python/3.11.16/x64
2026-09-28T20:54:42.8340637Z   Python3_ROOT_DIR: /opt/hostedtoolcache/Python/3.11.16/x64
2026-09-28T20:54:42.8341021Z   LD_LIBRARY_PATH: /opt/hostedtoolcache/Python/3.11.16/x64/lib
2026-09-28T20:54:42.8341341Z ##[endgroup]
2026-09-28T20:54:43.0031955Z (node:2310) [DEP0040] DeprecationWarning: The `punycode` module is deprecated. Please use a userland alternative instead.
2026-09-28T20:54:43.0032883Z (Use `node --trace-deprecation ...` to show where the warning was created)
2026-09-28T20:54:43.0137142Z Multiple search paths detected. Calculating the least common ancestor of all paths
2026-09-28T20:54:43.0139100Z The least common ancestor is /home/runner/work/WetLabEngine/WetLabEngine. This will be the root directory of the artifact
2026-09-28T20:54:43.0140180Z With the provided path, there will be 2 files uploaded
2026-09-28T20:54:43.0140999Z Artifact name is valid!
2026-09-28T20:54:43.0141388Z Root directory input is valid!
2026-09-28T20:54:43.3873019Z Beginning upload of artifact content to blob storage
2026-09-28T20:54:43.4081247Z (node:2310) [DEP0169] DeprecationWarning: `url.parse()` behavior is not standardized and prone to errors that have security implications. Use the WHATWG URL API instead. CVEs are not issued for `url.parse()` vulnerabilities.
2026-09-28T20:54:43.6821972Z Uploaded bytes 1307
2026-09-28T20:54:43.7592138Z Finished uploading artifact content to blob storage!
2026-09-28T20:54:43.7593321Z SHA256 digest of uploaded artifact zip is ed95b9c6e849a71479a1b6c5a83abe244b5b5648317c784e4c24def632746d63
2026-09-28T20:54:43.7594916Z Finalizing artifact upload
2026-09-28T20:54:44.0351530Z Artifact localization-controls-c10168fd844f68a891fa63bbd041dcd9105d3b81.zip successfully finalized. Artifact ID 10996704451
2026-09-28T20:54:44.0353160Z Artifact localization-controls-c10168fd844f68a891fa63bbd041dcd9105d3b81 has been successfully uploaded! Final size is 1307 bytes. Artifact ID is 10996704451
2026-09-28T20:54:44.0358422Z Artifact download URL: https://github.com/proteinfoldingengine/WetLabEngine/actions/runs/36482428976/artifacts/10996704451
2026-09-28T20:54:44.0604343Z Post job cleanup.
2026-09-28T20:54:44.1464056Z [command]/usr/bin/git version
2026-09-28T20:54:44.1511906Z git version 2.55.0
2026-09-28T20:54:44.1553067Z Temporarily overriding HOME='/home/runner/work/_temp/faa6ae97-173b-4898-bea8-982ffcae0fbf' before making global git config changes
2026-09-28T20:54:44.1554385Z Adding repository directory to the temporary git global config as a safe directory
2026-09-28T20:54:44.1560464Z [command]/usr/bin/git config --global --add safe.directory /home/runner/work/WetLabEngine/WetLabEngine
2026-09-28T20:54:44.1601995Z [command]/usr/bin/git config --local --name-only --get-regexp core\.sshCommand
2026-09-28T20:54:44.1639285Z [command]/usr/bin/git submodule foreach --recursive sh -c "git config --local --name-only --get-regexp 'core\.sshCommand' && git config --local --unset-all 'core.sshCommand' || :"
2026-09-28T20:54:44.1920376Z [command]/usr/bin/git config --local --name-only --get-regexp http\.https\:\/\/github\.com\/\.extraheader
2026-09-28T20:54:44.1953560Z http.https://github.com/.extraheader
2026-09-28T20:54:44.1966276Z [command]/usr/bin/git config --local --unset-all http.https://github.com/.extraheader
2026-09-28T20:54:44.2010201Z [command]/usr/bin/git submodule foreach --recursive sh -c "git config --local --name-only --get-regexp 'http\.https\:\/\/github\.com\/\.extraheader' && git config --local --unset-all 'http.https://github.com/.extraheader' || :"
2026-09-28T20:54:44.2325002Z [command]/usr/bin/git config --local --name-only --get-regexp ^includeIf\.gitdir:
2026-09-28T20:54:44.2368175Z [command]/usr/bin/git submodule foreach --recursive git config --local --show-origin --name-only --get-regexp remote.origin.url
2026-09-28T20:54:44.2820939Z Cleaning up orphan processes
2026-09-28T20:54:44.3102161Z ##[warning]Node.js 20 is deprecated. The following actions target Node.js 20 but are being forced to run on Node.js 24: actions/checkout@11d5960a326750d5838078e36cf38b85af677262, actions/setup-python@a26af69be951a213d495a4c3e4e4022e16d87065, actions/upload-artifact@v4. For more information see: https://github.blog/changelog/2025-09-19-deprecation-of-node-20-on-github-actions-runners/

