2026-09-28T20:59:42.8695831Z Current runner version: '2.337.0'
2026-09-28T20:59:42.8720254Z ##[group]Runner Image Provisioner
2026-09-28T20:59:42.8721538Z Hosted Compute Agent
2026-09-28T20:59:42.8722164Z Version: 20260828.587
2026-09-28T20:59:42.8722935Z Commit: abac92662cab4cc7352de4f9f9d2e2419aad9c29
2026-09-28T20:59:42.8723732Z Build Date: 2026-08-28T16:44:25Z
2026-09-28T20:59:42.8724423Z Worker ID: {db5aaf12-de2e-455a-968b-59db2fec62c0}
2026-09-28T20:59:42.8725232Z Azure Region: westus2
2026-09-28T20:59:42.8725847Z ##[endgroup]
2026-09-28T20:59:42.8727406Z ##[group]Operating System
2026-09-28T20:59:42.8728117Z Ubuntu
2026-09-28T20:59:42.8728663Z 24.04.5
2026-09-28T20:59:42.8729254Z LTS
2026-09-28T20:59:42.8729803Z ##[endgroup]
2026-09-28T20:59:42.8730490Z ##[group]Runner Image
2026-09-28T20:59:42.8731316Z Image: ubuntu-24.04
2026-09-28T20:59:42.8731915Z Version: 20260920.314.1
2026-09-28T20:59:42.8733283Z Included Software: https://github.com/actions/runner-images/blob/ubuntu24/20260920.314/images/ubuntu/Ubuntu2404-Readme.md
2026-09-28T20:59:42.8735269Z Image Release: https://github.com/actions/runner-images/releases/tag/ubuntu24%2F20260920.314
2026-09-28T20:59:42.8736343Z ##[endgroup]
2026-09-28T20:59:42.8737439Z ##[group]GITHUB_TOKEN Permissions
2026-09-28T20:59:42.8739697Z Contents: read
2026-09-28T20:59:42.8740322Z Metadata: read
2026-09-28T20:59:42.8741170Z ##[endgroup]
2026-09-28T20:59:42.8743210Z Secret source: Actions
2026-09-28T20:59:42.8744287Z Cache mode: write
2026-09-28T20:59:42.8745001Z Prepare workflow directory
2026-09-28T20:59:42.9074201Z Prepare all required actions
2026-09-28T20:59:42.9123457Z Getting action download info
2026-09-28T20:59:43.2926668Z Download action repository 'actions/checkout@11d5960a326750d5838078e36cf38b85af677262' (SHA:11d5960a326750d5838078e36cf38b85af677262)
2026-09-28T20:59:43.3686563Z Download action repository 'actions/setup-python@a26af69be951a213d495a4c3e4e4022e16d87065' (SHA:a26af69be951a213d495a4c3e4e4022e16d87065)
2026-09-28T20:59:43.4465867Z Download action repository 'actions/upload-artifact@v4' (SHA:ea165f8d65b6e75b540449e92b4886f43607fa02)
2026-09-28T20:59:43.6593794Z Complete job name: measure (27)
2026-09-28T20:59:43.7335220Z ##[group]Run actions/checkout@11d5960a326750d5838078e36cf38b85af677262
2026-09-28T20:59:43.7336414Z with:
2026-09-28T20:59:43.7336924Z   repository: proteinfoldingengine/WetLabEngine
2026-09-28T20:59:43.7341176Z   token: ***
2026-09-28T20:59:43.7341629Z   ssh-strict: true
2026-09-28T20:59:43.7342124Z   ssh-user: git
2026-09-28T20:59:43.7342572Z   persist-credentials: true
2026-09-28T20:59:43.7343052Z   clean: true
2026-09-28T20:59:43.7343501Z   sparse-checkout-cone-mode: true
2026-09-28T20:59:43.7344011Z   fetch-depth: 1
2026-09-28T20:59:43.7344440Z   fetch-tags: false
2026-09-28T20:59:43.7344883Z   show-progress: true
2026-09-28T20:59:43.7345333Z   lfs: false
2026-09-28T20:59:43.7345756Z   submodules: false
2026-09-28T20:59:43.7346204Z   set-safe-directory: true
2026-09-28T20:59:43.7346698Z   allow-unsafe-pr-checkout: false
2026-09-28T20:59:43.7347431Z ##[endgroup]
2026-09-28T20:59:43.8361111Z Syncing repository: proteinfoldingengine/WetLabEngine
2026-09-28T20:59:43.8363794Z ##[group]Getting Git version info
2026-09-28T20:59:43.8365004Z Working directory is '/home/runner/work/WetLabEngine/WetLabEngine'
2026-09-28T20:59:43.8366695Z [command]/usr/bin/git version
2026-09-28T20:59:43.8431743Z git version 2.55.0
2026-09-28T20:59:43.8444257Z ##[endgroup]
2026-09-28T20:59:43.8501070Z Temporarily overriding HOME='/home/runner/work/_temp/3f4b93a0-d66a-4a17-ab1e-f9cec54d6f7c' before making global git config changes
2026-09-28T20:59:43.8512924Z Adding repository directory to the temporary git global config as a safe directory
2026-09-28T20:59:43.8515267Z [command]/usr/bin/git config --global --add safe.directory /home/runner/work/WetLabEngine/WetLabEngine
2026-09-28T20:59:43.8549778Z Deleting the contents of '/home/runner/work/WetLabEngine/WetLabEngine'
2026-09-28T20:59:43.8555401Z ##[group]Initializing the repository
2026-09-28T20:59:43.8559908Z [command]/usr/bin/git init /home/runner/work/WetLabEngine/WetLabEngine
2026-09-28T20:59:43.8646409Z hint: Using 'master' as the name for the initial branch. This default branch name
2026-09-28T20:59:43.8648017Z hint: will change to "main" in Git 3.0. To configure the initial branch name
2026-09-28T20:59:43.8649496Z hint: to use in all of your new repositories, which will suppress this warning,
2026-09-28T20:59:43.8650783Z hint: call:
2026-09-28T20:59:43.8651716Z hint:
2026-09-28T20:59:43.8652515Z hint: 	git config --global init.defaultBranch <name>
2026-09-28T20:59:43.8653473Z hint:
2026-09-28T20:59:43.8654374Z hint: Names commonly chosen instead of 'master' are 'main', 'trunk' and
2026-09-28T20:59:43.8655842Z hint: 'development'. The just-created branch can be renamed via this command:
2026-09-28T20:59:43.8656994Z hint:
2026-09-28T20:59:43.8657640Z hint: 	git branch -m <name>
2026-09-28T20:59:43.8658399Z hint:
2026-09-28T20:59:43.8659407Z hint: Disable this message with "git config set advice.defaultBranchName false"
2026-09-28T20:59:43.8664728Z Initialized empty Git repository in /home/runner/work/WetLabEngine/WetLabEngine/.git/
2026-09-28T20:59:43.8679000Z [command]/usr/bin/git remote add origin https://github.com/proteinfoldingengine/WetLabEngine
2026-09-28T20:59:43.8723475Z ##[endgroup]
2026-09-28T20:59:43.8724677Z ##[group]Disabling automatic garbage collection
2026-09-28T20:59:43.8725744Z [command]/usr/bin/git config --local gc.auto 0
2026-09-28T20:59:43.8756305Z ##[endgroup]
2026-09-28T20:59:43.8757406Z ##[group]Setting up auth
2026-09-28T20:59:43.8763638Z [command]/usr/bin/git config --local --name-only --get-regexp core\.sshCommand
2026-09-28T20:59:43.8797124Z [command]/usr/bin/git submodule foreach --recursive sh -c "git config --local --name-only --get-regexp 'core\.sshCommand' && git config --local --unset-all 'core.sshCommand' || :"
2026-09-28T20:59:43.9137932Z [command]/usr/bin/git config --local --name-only --get-regexp http\.https\:\/\/github\.com\/\.extraheader
2026-09-28T20:59:43.9180148Z [command]/usr/bin/git submodule foreach --recursive sh -c "git config --local --name-only --get-regexp 'http\.https\:\/\/github\.com\/\.extraheader' && git config --local --unset-all 'http.https://github.com/.extraheader' || :"
2026-09-28T20:59:43.9446707Z [command]/usr/bin/git config --local --name-only --get-regexp ^includeIf\.gitdir:
2026-09-28T20:59:43.9492941Z [command]/usr/bin/git submodule foreach --recursive git config --local --show-origin --name-only --get-regexp remote.origin.url
2026-09-28T20:59:43.9753701Z [command]/usr/bin/git config --local http.https://github.com/.extraheader AUTHORIZATION: basic ***
2026-09-28T20:59:43.9801375Z ##[endgroup]
2026-09-28T20:59:43.9802531Z ##[group]Fetching the repository
2026-09-28T20:59:43.9815106Z [command]/usr/bin/git -c protocol.version=2 fetch --no-tags --prune --no-recurse-submodules --depth=1 origin +24315bf18eed287f174f9b8e1e033fad55ea48f0:refs/remotes/origin/research/v16.05-retained-edge-localization
2026-09-28T21:00:03.6237509Z From https://github.com/proteinfoldingengine/WetLabEngine
2026-09-28T21:00:03.6240325Z  * [new ref]         24315bf18eed287f174f9b8e1e033fad55ea48f0 -> origin/research/v16.05-retained-edge-localization
2026-09-28T21:00:03.6245183Z ##[endgroup]
2026-09-28T21:00:03.6246890Z ##[group]Determining the checkout info
2026-09-28T21:00:03.6248822Z ##[endgroup]
2026-09-28T21:00:03.6251190Z [command]/usr/bin/git sparse-checkout disable
2026-09-28T21:00:03.6304952Z [command]/usr/bin/git config --local --unset-all extensions.worktreeConfig
2026-09-28T21:00:03.6340559Z ##[group]Checking out the ref
2026-09-28T21:00:03.6346600Z [command]/usr/bin/git checkout --progress --force -B research/v16.05-retained-edge-localization refs/remotes/origin/research/v16.05-retained-edge-localization
2026-09-28T21:00:04.6995447Z Updating files:  43% (1909/4437)
2026-09-28T21:00:04.7027941Z Updating files:  44% (1953/4437)
2026-09-28T21:00:04.7073607Z Updating files:  45% (1997/4437)
2026-09-28T21:00:04.7097395Z Updating files:  46% (2042/4437)
2026-09-28T21:00:04.7119648Z Updating files:  47% (2086/4437)
2026-09-28T21:00:04.7159073Z Updating files:  48% (2130/4437)
2026-09-28T21:00:04.7697856Z Updating files:  49% (2175/4437)
2026-09-28T21:00:04.7933347Z Updating files:  50% (2219/4437)
2026-09-28T21:00:04.7954268Z Updating files:  51% (2263/4437)
2026-09-28T21:00:04.7972390Z Updating files:  52% (2308/4437)
2026-09-28T21:00:04.8061001Z Updating files:  53% (2352/4437)
2026-09-28T21:00:04.8145590Z Updating files:  54% (2396/4437)
2026-09-28T21:00:04.8248253Z Updating files:  55% (2441/4437)
2026-09-28T21:00:04.8411551Z Updating files:  56% (2485/4437)
2026-09-28T21:00:04.8494349Z Updating files:  57% (2530/4437)
2026-09-28T21:00:04.8518913Z Updating files:  58% (2574/4437)
2026-09-28T21:00:04.8942251Z Updating files:  59% (2618/4437)
2026-09-28T21:00:04.9259546Z Updating files:  60% (2663/4437)
2026-09-28T21:00:05.0769361Z Updating files:  61% (2707/4437)
2026-09-28T21:00:05.2303290Z Updating files:  62% (2751/4437)
2026-09-28T21:00:05.2322197Z Updating files:  63% (2796/4437)
2026-09-28T21:00:05.3724566Z Updating files:  64% (2840/4437)
2026-09-28T21:00:05.4861609Z Updating files:  65% (2885/4437)
2026-09-28T21:00:05.5533119Z Updating files:  66% (2929/4437)
2026-09-28T21:00:05.5960483Z Updating files:  67% (2973/4437)
2026-09-28T21:00:05.6454479Z Updating files:  68% (3018/4437)
2026-09-28T21:00:05.6481310Z Updating files:  68% (3051/4437)
2026-09-28T21:00:05.6609162Z Updating files:  69% (3062/4437)
2026-09-28T21:00:05.6640890Z Updating files:  70% (3106/4437)
2026-09-28T21:00:05.6696884Z Updating files:  71% (3151/4437)
2026-09-28T21:00:05.7205899Z Updating files:  72% (3195/4437)
2026-09-28T21:00:05.7230243Z Updating files:  73% (3240/4437)
2026-09-28T21:00:05.7259555Z Updating files:  74% (3284/4437)
2026-09-28T21:00:05.7286705Z Updating files:  75% (3328/4437)
2026-09-28T21:00:05.7316272Z Updating files:  76% (3373/4437)
2026-09-28T21:00:05.7344455Z Updating files:  77% (3417/4437)
2026-09-28T21:00:05.7369705Z Updating files:  78% (3461/4437)
2026-09-28T21:00:05.7404031Z Updating files:  79% (3506/4437)
2026-09-28T21:00:05.7425339Z Updating files:  80% (3550/4437)
2026-09-28T21:00:05.7445807Z Updating files:  81% (3594/4437)
2026-09-28T21:00:05.7532428Z Updating files:  82% (3639/4437)
2026-09-28T21:00:05.7634848Z Updating files:  83% (3683/4437)
2026-09-28T21:00:06.1614523Z Updating files:  84% (3728/4437)
2026-09-28T21:00:06.1692104Z Updating files:  85% (3772/4437)
2026-09-28T21:00:06.1861935Z Updating files:  86% (3816/4437)
2026-09-28T21:00:06.2083233Z Updating files:  87% (3861/4437)
2026-09-28T21:00:06.2299969Z Updating files:  88% (3905/4437)
2026-09-28T21:00:06.2436258Z Updating files:  89% (3949/4437)
2026-09-28T21:00:06.2701710Z Updating files:  90% (3994/4437)
2026-09-28T21:00:06.3212579Z Updating files:  91% (4038/4437)
2026-09-28T21:00:06.3282575Z Updating files:  92% (4083/4437)
2026-09-28T21:00:06.3309570Z Updating files:  93% (4127/4437)
2026-09-28T21:00:06.3351381Z Updating files:  94% (4171/4437)
2026-09-28T21:00:06.3441052Z Updating files:  95% (4216/4437)
2026-09-28T21:00:06.3487715Z Updating files:  96% (4260/4437)
2026-09-28T21:00:06.3526902Z Updating files:  97% (4304/4437)
2026-09-28T21:00:06.3668574Z Updating files:  98% (4349/4437)
2026-09-28T21:00:06.3706888Z Updating files:  99% (4393/4437)
2026-09-28T21:00:06.3707435Z Updating files: 100% (4437/4437)
2026-09-28T21:00:06.3707873Z Updating files: 100% (4437/4437), done.
2026-09-28T21:00:06.3773952Z Switched to a new branch 'research/v16.05-retained-edge-localization'
2026-09-28T21:00:06.3779390Z branch 'research/v16.05-retained-edge-localization' set up to track 'origin/research/v16.05-retained-edge-localization'.
2026-09-28T21:00:06.3885695Z ##[endgroup]
2026-09-28T21:00:06.3935969Z [command]/usr/bin/git log -1 --format=%H
2026-09-28T21:00:06.3972572Z 24315bf18eed287f174f9b8e1e033fad55ea48f0
2026-09-28T21:00:06.4326026Z ##[group]Run actions/setup-python@a26af69be951a213d495a4c3e4e4022e16d87065
2026-09-28T21:00:06.4326438Z with:
2026-09-28T21:00:06.4326665Z   python-version: 3.11
2026-09-28T21:00:06.4326919Z   check-latest: false
2026-09-28T21:00:06.4329605Z   token: ***
2026-09-28T21:00:06.4329846Z   update-environment: true
2026-09-28T21:00:06.4330106Z   allow-prereleases: false
2026-09-28T21:00:06.4330344Z   freethreaded: false
2026-09-28T21:00:06.4330572Z ##[endgroup]
2026-09-28T21:00:06.5683302Z ##[group]Installed versions
2026-09-28T21:00:06.5764553Z (node:2257) [DEP0040] DeprecationWarning: The `punycode` module is deprecated. Please use a userland alternative instead.
2026-09-28T21:00:06.5765575Z (Use `node --trace-deprecation ...` to show where the warning was created)
2026-09-28T21:00:06.5766212Z Successfully set up CPython (3.11.16)
2026-09-28T21:00:06.5766788Z ##[endgroup]
2026-09-28T21:00:06.5915948Z ##[group]Run python -m pip install numpy==2.3.5 sympy==1.13.3 mpmath==1.3.0
2026-09-28T21:00:06.5916548Z [36;1mpython -m pip install numpy==2.3.5 sympy==1.13.3 mpmath==1.3.0[0m
2026-09-28T21:00:06.6155421Z shell: /usr/bin/bash -e {0}
2026-09-28T21:00:06.6155701Z env:
2026-09-28T21:00:06.6155998Z   pythonLocation: /opt/hostedtoolcache/Python/3.11.16/x64
2026-09-28T21:00:06.6156488Z   PKG_CONFIG_PATH: /opt/hostedtoolcache/Python/3.11.16/x64/lib/pkgconfig
2026-09-28T21:00:06.6156939Z   Python_ROOT_DIR: /opt/hostedtoolcache/Python/3.11.16/x64
2026-09-28T21:00:06.6157344Z   Python2_ROOT_DIR: /opt/hostedtoolcache/Python/3.11.16/x64
2026-09-28T21:00:06.6157738Z   Python3_ROOT_DIR: /opt/hostedtoolcache/Python/3.11.16/x64
2026-09-28T21:00:06.6158118Z   LD_LIBRARY_PATH: /opt/hostedtoolcache/Python/3.11.16/x64/lib
2026-09-28T21:00:06.6158448Z ##[endgroup]
2026-09-28T21:00:07.5284069Z Collecting numpy==2.3.5
2026-09-28T21:00:07.5889497Z   Downloading numpy-2.3.5-cp311-cp311-manylinux_2_27_x86_64.manylinux_2_28_x86_64.whl.metadata (62 kB)
2026-09-28T21:00:07.6277523Z Collecting sympy==1.13.3
2026-09-28T21:00:07.6353620Z   Downloading sympy-1.13.3-py3-none-any.whl.metadata (12 kB)
2026-09-28T21:00:07.6512956Z Collecting mpmath==1.3.0
2026-09-28T21:00:07.6586406Z   Downloading mpmath-1.3.0-py3-none-any.whl.metadata (8.6 kB)
2026-09-28T21:00:07.6709631Z Downloading numpy-2.3.5-cp311-cp311-manylinux_2_27_x86_64.manylinux_2_28_x86_64.whl (16.9 MB)
2026-09-28T21:00:08.0565967Z    ━━━━━━━━━━━━━━━━━━━━━━━━━━━━━━━━━━━━━━━━ 16.9/16.9 MB 45.7 MB/s  0:00:00
2026-09-28T21:00:08.0705319Z Downloading sympy-1.13.3-py3-none-any.whl (6.2 MB)
2026-09-28T21:00:08.1835135Z    ━━━━━━━━━━━━━━━━━━━━━━━━━━━━━━━━━━━━━━━━ 6.2/6.2 MB 55.0 MB/s  0:00:00
2026-09-28T21:00:08.1913770Z Downloading mpmath-1.3.0-py3-none-any.whl (536 kB)
2026-09-28T21:00:08.1962838Z    ━━━━━━━━━━━━━━━━━━━━━━━━━━━━━━━━━━━━━━━━ 536.2/536.2 kB 99.5 MB/s  0:00:00
2026-09-28T21:00:08.2932029Z Installing collected packages: mpmath, sympy, numpy
2026-09-28T21:00:15.6827158Z 
2026-09-28T21:00:15.6836133Z Successfully installed mpmath-1.3.0 numpy-2.3.5 sympy-1.13.3
2026-09-28T21:00:15.7469805Z ##[group]Run set -o pipefail
2026-09-28T21:00:15.7470156Z [36;1mset -o pipefail[0m
2026-09-28T21:00:15.7470452Z [36;1mgit rev-parse HEAD > execution_head.txt[0m
2026-09-28T21:00:15.7471229Z [36;1mcd ResearchHistory/UQCF-GEM/demos/v15.56-response-selector-obstruction/retained-edge-localization[0m
2026-09-28T21:00:15.7471886Z [36;1mpython gate.py --candidate 27 2>&1 | tee measurement-27.log[0m
2026-09-28T21:00:15.7544638Z shell: /usr/bin/bash -e {0}
2026-09-28T21:00:15.7544917Z env:
2026-09-28T21:00:15.7545211Z   pythonLocation: /opt/hostedtoolcache/Python/3.11.16/x64
2026-09-28T21:00:15.7545672Z   PKG_CONFIG_PATH: /opt/hostedtoolcache/Python/3.11.16/x64/lib/pkgconfig
2026-09-28T21:00:15.7546099Z   Python_ROOT_DIR: /opt/hostedtoolcache/Python/3.11.16/x64
2026-09-28T21:00:15.7546488Z   Python2_ROOT_DIR: /opt/hostedtoolcache/Python/3.11.16/x64
2026-09-28T21:00:15.7546869Z   Python3_ROOT_DIR: /opt/hostedtoolcache/Python/3.11.16/x64
2026-09-28T21:00:15.7547289Z   LD_LIBRARY_PATH: /opt/hostedtoolcache/Python/3.11.16/x64/lib
2026-09-28T21:00:15.7547634Z   OPENBLAS_NUM_THREADS: 1
2026-09-28T21:00:15.7547877Z   PYTHONUNBUFFERED: 1
2026-09-28T21:00:15.7548105Z ##[endgroup]
2026-09-28T21:00:34.0790276Z candidate=27 precision=50 a=1.0 arm=plane localization=RETAINED_EDGE_NULL
2026-09-28T21:00:40.3794800Z candidate=27 precision=50 a=1.0 arm=isotropic localization=RETAINED_EDGE_NULL
2026-09-28T21:00:53.4273858Z candidate=27 precision=50 a=0.3333333333333333 arm=plane localization=RETAINED_EDGE_NULL
2026-09-28T21:00:59.9738914Z candidate=27 precision=50 a=0.3333333333333333 arm=isotropic localization=RETAINED_EDGE_NULL
2026-09-28T21:01:13.0218318Z candidate=27 precision=50 a=0.16666666666666666 arm=plane localization=RETAINED_EDGE_NULL
2026-09-28T21:01:19.4994995Z candidate=27 precision=50 a=0.16666666666666666 arm=isotropic localization=RETAINED_EDGE_NULL
2026-09-28T21:01:39.4895722Z candidate=27 precision=80 a=1.0 arm=plane localization=RETAINED_EDGE_NULL
2026-09-28T21:01:46.5368674Z candidate=27 precision=80 a=1.0 arm=isotropic localization=RETAINED_EDGE_NULL
2026-09-28T21:02:01.8050893Z candidate=27 precision=80 a=0.3333333333333333 arm=plane localization=RETAINED_EDGE_NULL
2026-09-28T21:02:09.2721641Z candidate=27 precision=80 a=0.3333333333333333 arm=isotropic localization=RETAINED_EDGE_NULL
2026-09-28T21:02:24.5844007Z candidate=27 precision=80 a=0.16666666666666666 arm=plane localization=RETAINED_EDGE_NULL
2026-09-28T21:02:32.0354363Z candidate=27 precision=80 a=0.16666666666666666 arm=isotropic localization=RETAINED_EDGE_NULL
2026-09-28T21:02:32.1071540Z {"version": "16.05", "candidate_index": 27, "all_valid": true, "verdict": "EXACT_RETAINED_EDGE_LOCALIZATION_CONFIRMED", "execution_head": "24315bf18eed287f174f9b8e1e033fad55ea48f0"}
2026-09-28T21:02:32.2224774Z ##[group]Run actions/upload-artifact@v4
2026-09-28T21:02:32.2225252Z with:
2026-09-28T21:02:32.2225707Z   name: localization-27-24315bf18eed287f174f9b8e1e033fad55ea48f0
2026-09-28T21:02:32.2227787Z   path: execution_head.txt
ResearchHistory/UQCF-GEM/demos/v15.56-response-selector-obstruction/retained-edge-localization/result-*.json.gz
ResearchHistory/UQCF-GEM/demos/v15.56-response-selector-obstruction/retained-edge-localization/measurement-*.log
ResearchHistory/UQCF-GEM/demos/v15.56-response-selector-obstruction/retained-edge-localization/SHA256SUMS-*

2026-09-28T21:02:32.2229252Z   if-no-files-found: warn
2026-09-28T21:02:32.2229502Z   compression-level: 6
2026-09-28T21:02:32.2229729Z   overwrite: false
2026-09-28T21:02:32.2229952Z   include-hidden-files: false
2026-09-28T21:02:32.2230199Z env:
2026-09-28T21:02:32.2230461Z   pythonLocation: /opt/hostedtoolcache/Python/3.11.16/x64
2026-09-28T21:02:32.2231182Z   PKG_CONFIG_PATH: /opt/hostedtoolcache/Python/3.11.16/x64/lib/pkgconfig
2026-09-28T21:02:32.2231617Z   Python_ROOT_DIR: /opt/hostedtoolcache/Python/3.11.16/x64
2026-09-28T21:02:32.2232011Z   Python2_ROOT_DIR: /opt/hostedtoolcache/Python/3.11.16/x64
2026-09-28T21:02:32.2232390Z   Python3_ROOT_DIR: /opt/hostedtoolcache/Python/3.11.16/x64
2026-09-28T21:02:32.2232771Z   LD_LIBRARY_PATH: /opt/hostedtoolcache/Python/3.11.16/x64/lib
2026-09-28T21:02:32.2233098Z ##[endgroup]
2026-09-28T21:02:32.3964871Z (node:2324) [DEP0040] DeprecationWarning: The `punycode` module is deprecated. Please use a userland alternative instead.
2026-09-28T21:02:32.3965781Z (Use `node --trace-deprecation ...` to show where the warning was created)
2026-09-28T21:02:32.4045843Z Multiple search paths detected. Calculating the least common ancestor of all paths
2026-09-28T21:02:32.4048720Z The least common ancestor is /home/runner/work/WetLabEngine/WetLabEngine. This will be the root directory of the artifact
2026-09-28T21:02:32.4050113Z With the provided path, there will be 4 files uploaded
2026-09-28T21:02:32.4054866Z Artifact name is valid!
2026-09-28T21:02:32.4055424Z Root directory input is valid!
2026-09-28T21:02:32.8127703Z Beginning upload of artifact content to blob storage
2026-09-28T21:02:32.8426968Z (node:2324) [DEP0169] DeprecationWarning: `url.parse()` behavior is not standardized and prone to errors that have security implications. Use the WHATWG URL API instead. CVEs are not issued for `url.parse()` vulnerabilities.
2026-09-28T21:02:33.3477971Z Uploaded bytes 160173
2026-09-28T21:02:33.4297614Z Finished uploading artifact content to blob storage!
2026-09-28T21:02:33.4298627Z SHA256 digest of uploaded artifact zip is 55dab8c3db039be49dffd38b38247ea6db0b47d027db2ad1819c78a4a14c24b4
2026-09-28T21:02:33.4299809Z Finalizing artifact upload
2026-09-28T21:02:33.7218647Z Artifact localization-27-24315bf18eed287f174f9b8e1e033fad55ea48f0.zip successfully finalized. Artifact ID 10997486592
2026-09-28T21:02:33.7220071Z Artifact localization-27-24315bf18eed287f174f9b8e1e033fad55ea48f0 has been successfully uploaded! Final size is 160173 bytes. Artifact ID is 10997486592
2026-09-28T21:02:33.7227413Z Artifact download URL: https://github.com/proteinfoldingengine/WetLabEngine/actions/runs/36482986412/artifacts/10997486592
2026-09-28T21:02:33.7405187Z Post job cleanup.
2026-09-28T21:02:33.8640494Z (node:2337) [DEP0040] DeprecationWarning: The `punycode` module is deprecated. Please use a userland alternative instead.
2026-09-28T21:02:33.8641492Z (Use `node --trace-deprecation ...` to show where the warning was created)
2026-09-28T21:02:33.8859942Z Post job cleanup.
2026-09-28T21:02:33.9772499Z [command]/usr/bin/git version
2026-09-28T21:02:33.9819060Z git version 2.55.0
2026-09-28T21:02:33.9861813Z Temporarily overriding HOME='/home/runner/work/_temp/e900941f-8cf7-4a54-8489-43ce05a40adc' before making global git config changes
2026-09-28T21:02:33.9862795Z Adding repository directory to the temporary git global config as a safe directory
2026-09-28T21:02:33.9868370Z [command]/usr/bin/git config --global --add safe.directory /home/runner/work/WetLabEngine/WetLabEngine
2026-09-28T21:02:33.9916147Z [command]/usr/bin/git config --local --name-only --get-regexp core\.sshCommand
2026-09-28T21:02:33.9954076Z [command]/usr/bin/git submodule foreach --recursive sh -c "git config --local --name-only --get-regexp 'core\.sshCommand' && git config --local --unset-all 'core.sshCommand' || :"
2026-09-28T21:02:34.0238592Z [command]/usr/bin/git config --local --name-only --get-regexp http\.https\:\/\/github\.com\/\.extraheader
2026-09-28T21:02:34.0267962Z http.https://github.com/.extraheader
2026-09-28T21:02:34.0280454Z [command]/usr/bin/git config --local --unset-all http.https://github.com/.extraheader
2026-09-28T21:02:34.0317616Z [command]/usr/bin/git submodule foreach --recursive sh -c "git config --local --name-only --get-regexp 'http\.https\:\/\/github\.com\/\.extraheader' && git config --local --unset-all 'http.https://github.com/.extraheader' || :"
2026-09-28T21:02:34.0673796Z [command]/usr/bin/git config --local --name-only --get-regexp ^includeIf\.gitdir:
2026-09-28T21:02:34.0740350Z [command]/usr/bin/git submodule foreach --recursive git config --local --show-origin --name-only --get-regexp remote.origin.url
2026-09-28T21:02:34.1238285Z Cleaning up orphan processes
2026-09-28T21:02:34.1540852Z ##[warning]Node.js 20 is deprecated. The following actions target Node.js 20 but are being forced to run on Node.js 24: actions/checkout@11d5960a326750d5838078e36cf38b85af677262, actions/setup-python@a26af69be951a213d495a4c3e4e4022e16d87065, actions/upload-artifact@v4. For more information see: https://github.blog/changelog/2025-09-19-deprecation-of-node-20-on-github-actions-runners/
