2026-09-28T20:59:42.6332201Z Current runner version: '2.337.0'
2026-09-28T20:59:42.6352756Z ##[group]Runner Image Provisioner
2026-09-28T20:59:42.6353610Z Hosted Compute Agent
2026-09-28T20:59:42.6354163Z Version: 20260828.587
2026-09-28T20:59:42.6354910Z Commit: abac92662cab4cc7352de4f9f9d2e2419aad9c29
2026-09-28T20:59:42.6355502Z Build Date: 2026-08-28T16:44:25Z
2026-09-28T20:59:42.6356044Z Worker ID: {16a36d03-2b1c-441d-92c1-dc21f66f6f4d}
2026-09-28T20:59:42.6356685Z Azure Region: westus
2026-09-28T20:59:42.6357192Z ##[endgroup]
2026-09-28T20:59:42.6358441Z ##[group]Operating System
2026-09-28T20:59:42.6358965Z Ubuntu
2026-09-28T20:59:42.6359397Z 24.04.5
2026-09-28T20:59:42.6359867Z LTS
2026-09-28T20:59:42.6360361Z ##[endgroup]
2026-09-28T20:59:42.6360834Z ##[group]Runner Image
2026-09-28T20:59:42.6361345Z Image: ubuntu-24.04
2026-09-28T20:59:42.6361838Z Version: 20260920.314.1
2026-09-28T20:59:42.6362957Z Included Software: https://github.com/actions/runner-images/blob/ubuntu24/20260920.314/images/ubuntu/Ubuntu2404-Readme.md
2026-09-28T20:59:42.6364734Z Image Release: https://github.com/actions/runner-images/releases/tag/ubuntu24%2F20260920.314
2026-09-28T20:59:42.6365550Z ##[endgroup]
2026-09-28T20:59:42.6366490Z ##[group]GITHUB_TOKEN Permissions
2026-09-28T20:59:42.6368276Z Contents: read
2026-09-28T20:59:42.6368777Z Metadata: read
2026-09-28T20:59:42.6369299Z ##[endgroup]
2026-09-28T20:59:42.6370948Z Secret source: Actions
2026-09-28T20:59:42.6371833Z Cache mode: write
2026-09-28T20:59:42.6372390Z Prepare workflow directory
2026-09-28T20:59:42.6631408Z Prepare all required actions
2026-09-28T20:59:42.6670449Z Getting action download info
2026-09-28T20:59:43.0367912Z Download action repository 'actions/checkout@11d5960a326750d5838078e36cf38b85af677262' (SHA:11d5960a326750d5838078e36cf38b85af677262)
2026-09-28T20:59:43.2375633Z Download action repository 'actions/setup-python@a26af69be951a213d495a4c3e4e4022e16d87065' (SHA:a26af69be951a213d495a4c3e4e4022e16d87065)
2026-09-28T20:59:43.6263727Z Download action repository 'actions/upload-artifact@v4' (SHA:ea165f8d65b6e75b540449e92b4886f43607fa02)
2026-09-28T20:59:43.9630462Z Complete job name: measure (13)
2026-09-28T20:59:44.0292846Z ##[group]Run actions/checkout@11d5960a326750d5838078e36cf38b85af677262
2026-09-28T20:59:44.0294012Z with:
2026-09-28T20:59:44.0294704Z   repository: proteinfoldingengine/WetLabEngine
2026-09-28T20:59:44.0301307Z   token: ***
2026-09-28T20:59:44.0301788Z   ssh-strict: true
2026-09-28T20:59:44.0302326Z   ssh-user: git
2026-09-28T20:59:44.0302827Z   persist-credentials: true
2026-09-28T20:59:44.0303411Z   clean: true
2026-09-28T20:59:44.0303911Z   sparse-checkout-cone-mode: true
2026-09-28T20:59:44.0304842Z   fetch-depth: 1
2026-09-28T20:59:44.0305332Z   fetch-tags: false
2026-09-28T20:59:44.0305850Z   show-progress: true
2026-09-28T20:59:44.0306374Z   lfs: false
2026-09-28T20:59:44.0306841Z   submodules: false
2026-09-28T20:59:44.0307355Z   set-safe-directory: true
2026-09-28T20:59:44.0307964Z   allow-unsafe-pr-checkout: false
2026-09-28T20:59:44.0308859Z ##[endgroup]
2026-09-28T20:59:44.1119876Z Syncing repository: proteinfoldingengine/WetLabEngine
2026-09-28T20:59:44.1122012Z ##[group]Getting Git version info
2026-09-28T20:59:44.1122909Z Working directory is '/home/runner/work/WetLabEngine/WetLabEngine'
2026-09-28T20:59:44.1124207Z [command]/usr/bin/git version
2026-09-28T20:59:44.1307111Z git version 2.55.0
2026-09-28T20:59:44.1325231Z ##[endgroup]
2026-09-28T20:59:44.1338156Z Temporarily overriding HOME='/home/runner/work/_temp/36775218-2d3c-4121-80b1-a6ee69503c6c' before making global git config changes
2026-09-28T20:59:44.1340201Z Adding repository directory to the temporary git global config as a safe directory
2026-09-28T20:59:44.1342154Z [command]/usr/bin/git config --global --add safe.directory /home/runner/work/WetLabEngine/WetLabEngine
2026-09-28T20:59:44.1388525Z Deleting the contents of '/home/runner/work/WetLabEngine/WetLabEngine'
2026-09-28T20:59:44.1392983Z ##[group]Initializing the repository
2026-09-28T20:59:44.1397608Z [command]/usr/bin/git init /home/runner/work/WetLabEngine/WetLabEngine
2026-09-28T20:59:44.1502752Z hint: Using 'master' as the name for the initial branch. This default branch name
2026-09-28T20:59:44.1504835Z hint: will change to "main" in Git 3.0. To configure the initial branch name
2026-09-28T20:59:44.1506571Z hint: to use in all of your new repositories, which will suppress this warning,
2026-09-28T20:59:44.1508267Z hint: call:
2026-09-28T20:59:44.1508885Z hint:
2026-09-28T20:59:44.1509746Z hint: 	git config --global init.defaultBranch <name>
2026-09-28T20:59:44.1510838Z hint:
2026-09-28T20:59:44.1511744Z hint: Names commonly chosen instead of 'master' are 'main', 'trunk' and
2026-09-28T20:59:44.1513487Z hint: 'development'. The just-created branch can be renamed via this command:
2026-09-28T20:59:44.1514974Z hint:
2026-09-28T20:59:44.1515617Z hint: 	git branch -m <name>
2026-09-28T20:59:44.1516416Z hint:
2026-09-28T20:59:44.1517572Z hint: Disable this message with "git config set advice.defaultBranchName false"
2026-09-28T20:59:44.1519888Z Initialized empty Git repository in /home/runner/work/WetLabEngine/WetLabEngine/.git/
2026-09-28T20:59:44.1523191Z [command]/usr/bin/git remote add origin https://github.com/proteinfoldingengine/WetLabEngine
2026-09-28T20:59:44.1561874Z ##[endgroup]
2026-09-28T20:59:44.1571155Z ##[group]Disabling automatic garbage collection
2026-09-28T20:59:44.1572258Z [command]/usr/bin/git config --local gc.auto 0
2026-09-28T20:59:44.1598261Z ##[endgroup]
2026-09-28T20:59:44.1599444Z ##[group]Setting up auth
2026-09-28T20:59:44.1604361Z [command]/usr/bin/git config --local --name-only --get-regexp core\.sshCommand
2026-09-28T20:59:44.1633755Z [command]/usr/bin/git submodule foreach --recursive sh -c "git config --local --name-only --get-regexp 'core\.sshCommand' && git config --local --unset-all 'core.sshCommand' || :"
2026-09-28T20:59:44.1951399Z [command]/usr/bin/git config --local --name-only --get-regexp http\.https\:\/\/github\.com\/\.extraheader
2026-09-28T20:59:44.1982934Z [command]/usr/bin/git submodule foreach --recursive sh -c "git config --local --name-only --get-regexp 'http\.https\:\/\/github\.com\/\.extraheader' && git config --local --unset-all 'http.https://github.com/.extraheader' || :"
2026-09-28T20:59:44.2175059Z [command]/usr/bin/git config --local --name-only --get-regexp ^includeIf\.gitdir:
2026-09-28T20:59:44.2205008Z [command]/usr/bin/git submodule foreach --recursive git config --local --show-origin --name-only --get-regexp remote.origin.url
2026-09-28T20:59:44.2395659Z [command]/usr/bin/git config --local http.https://github.com/.extraheader AUTHORIZATION: basic ***
2026-09-28T20:59:44.2430642Z ##[endgroup]
2026-09-28T20:59:44.2431474Z ##[group]Fetching the repository
2026-09-28T20:59:44.2440068Z [command]/usr/bin/git -c protocol.version=2 fetch --no-tags --prune --no-recurse-submodules --depth=1 origin +24315bf18eed287f174f9b8e1e033fad55ea48f0:refs/remotes/origin/research/v16.05-retained-edge-localization
2026-09-28T21:00:10.2255915Z From https://github.com/proteinfoldingengine/WetLabEngine
2026-09-28T21:00:10.2256696Z  * [new ref]         24315bf18eed287f174f9b8e1e033fad55ea48f0 -> origin/research/v16.05-retained-edge-localization
2026-09-28T21:00:10.2261248Z ##[endgroup]
2026-09-28T21:00:10.2261635Z ##[group]Determining the checkout info
2026-09-28T21:00:10.2262251Z ##[endgroup]
2026-09-28T21:00:10.2267456Z [command]/usr/bin/git sparse-checkout disable
2026-09-28T21:00:10.4188690Z [command]/usr/bin/git config --local --unset-all extensions.worktreeConfig
2026-09-28T21:00:10.4621207Z ##[group]Checking out the ref
2026-09-28T21:00:10.4625815Z [command]/usr/bin/git checkout --progress --force -B research/v16.05-retained-edge-localization refs/remotes/origin/research/v16.05-retained-edge-localization
2026-09-28T21:00:11.6159049Z Updating files:  61% (2708/4437)
2026-09-28T21:00:11.7356253Z Updating files:  62% (2751/4437)
2026-09-28T21:00:11.7367781Z Updating files:  63% (2796/4437)
2026-09-28T21:00:11.8458693Z Updating files:  64% (2840/4437)
2026-09-28T21:00:11.9340035Z Updating files:  65% (2885/4437)
2026-09-28T21:00:11.9863170Z Updating files:  66% (2929/4437)
2026-09-28T21:00:12.0193410Z Updating files:  67% (2973/4437)
2026-09-28T21:00:12.0600325Z Updating files:  68% (3018/4437)
2026-09-28T21:00:12.0697436Z Updating files:  69% (3062/4437)
2026-09-28T21:00:12.0722085Z Updating files:  70% (3106/4437)
2026-09-28T21:00:12.0765573Z Updating files:  71% (3151/4437)
2026-09-28T21:00:12.1164682Z Updating files:  72% (3195/4437)
2026-09-28T21:00:12.1182925Z Updating files:  73% (3240/4437)
2026-09-28T21:00:12.1205501Z Updating files:  74% (3284/4437)
2026-09-28T21:00:12.1227662Z Updating files:  75% (3328/4437)
2026-09-28T21:00:12.1255486Z Updating files:  76% (3373/4437)
2026-09-28T21:00:12.1287318Z Updating files:  77% (3417/4437)
2026-09-28T21:00:12.1314519Z Updating files:  78% (3461/4437)
2026-09-28T21:00:12.1353176Z Updating files:  79% (3506/4437)
2026-09-28T21:00:12.1374664Z Updating files:  80% (3550/4437)
2026-09-28T21:00:12.1390226Z Updating files:  81% (3594/4437)
2026-09-28T21:00:12.1458046Z Updating files:  82% (3639/4437)
2026-09-28T21:00:12.1537542Z Updating files:  83% (3683/4437)
2026-09-28T21:00:12.4641336Z Updating files:  84% (3728/4437)
2026-09-28T21:00:12.4705097Z Updating files:  85% (3772/4437)
2026-09-28T21:00:12.4836384Z Updating files:  86% (3816/4437)
2026-09-28T21:00:12.5000308Z Updating files:  87% (3861/4437)
2026-09-28T21:00:12.5008690Z Updating files:  87% (3900/4437)
2026-09-28T21:00:12.5171529Z Updating files:  88% (3905/4437)
2026-09-28T21:00:12.5275280Z Updating files:  89% (3949/4437)
2026-09-28T21:00:12.5480450Z Updating files:  90% (3994/4437)
2026-09-28T21:00:12.5878793Z Updating files:  91% (4038/4437)
2026-09-28T21:00:12.5932727Z Updating files:  92% (4083/4437)
2026-09-28T21:00:12.5953410Z Updating files:  93% (4127/4437)
2026-09-28T21:00:12.5985888Z Updating files:  94% (4171/4437)
2026-09-28T21:00:12.6055053Z Updating files:  95% (4216/4437)
2026-09-28T21:00:12.6091386Z Updating files:  96% (4260/4437)
2026-09-28T21:00:12.6121813Z Updating files:  97% (4304/4437)
2026-09-28T21:00:12.6230232Z Updating files:  98% (4349/4437)
2026-09-28T21:00:12.6259924Z Updating files:  99% (4393/4437)
2026-09-28T21:00:12.6260490Z Updating files: 100% (4437/4437)
2026-09-28T21:00:12.6260720Z Updating files: 100% (4437/4437), done.
2026-09-28T21:00:12.7673545Z Switched to a new branch 'research/v16.05-retained-edge-localization'
2026-09-28T21:00:12.7774129Z branch 'research/v16.05-retained-edge-localization' set up to track 'origin/research/v16.05-retained-edge-localization'.
2026-09-28T21:00:12.7859351Z ##[endgroup]
2026-09-28T21:00:12.7903294Z [command]/usr/bin/git log -1 --format=%H
2026-09-28T21:00:12.7930763Z 24315bf18eed287f174f9b8e1e033fad55ea48f0
2026-09-28T21:00:12.8208589Z ##[group]Run actions/setup-python@a26af69be951a213d495a4c3e4e4022e16d87065
2026-09-28T21:00:12.8208892Z with:
2026-09-28T21:00:12.8209065Z   python-version: 3.11
2026-09-28T21:00:12.8209247Z   check-latest: false
2026-09-28T21:00:12.8211287Z   token: ***
2026-09-28T21:00:12.8211466Z   update-environment: true
2026-09-28T21:00:12.8211676Z   allow-prereleases: false
2026-09-28T21:00:12.8211857Z   freethreaded: false
2026-09-28T21:00:12.8212032Z ##[endgroup]
2026-09-28T21:00:12.9223956Z ##[group]Installed versions
2026-09-28T21:00:12.9296785Z (node:2037) [DEP0040] DeprecationWarning: The `punycode` module is deprecated. Please use a userland alternative instead.
2026-09-28T21:00:12.9297665Z (Use `node --trace-deprecation ...` to show where the warning was created)
2026-09-28T21:00:12.9298183Z Successfully set up CPython (3.11.16)
2026-09-28T21:00:12.9298764Z ##[endgroup]
2026-09-28T21:00:12.9435338Z ##[group]Run python -m pip install numpy==2.3.5 sympy==1.13.3 mpmath==1.3.0
2026-09-28T21:00:12.9435825Z [36;1mpython -m pip install numpy==2.3.5 sympy==1.13.3 mpmath==1.3.0[0m
2026-09-28T21:00:12.9738982Z shell: /usr/bin/bash -e {0}
2026-09-28T21:00:12.9739211Z env:
2026-09-28T21:00:12.9739448Z   pythonLocation: /opt/hostedtoolcache/Python/3.11.16/x64
2026-09-28T21:00:12.9739821Z   PKG_CONFIG_PATH: /opt/hostedtoolcache/Python/3.11.16/x64/lib/pkgconfig
2026-09-28T21:00:12.9740384Z   Python_ROOT_DIR: /opt/hostedtoolcache/Python/3.11.16/x64
2026-09-28T21:00:12.9740688Z   Python2_ROOT_DIR: /opt/hostedtoolcache/Python/3.11.16/x64
2026-09-28T21:00:12.9740979Z   Python3_ROOT_DIR: /opt/hostedtoolcache/Python/3.11.16/x64
2026-09-28T21:00:12.9741266Z   LD_LIBRARY_PATH: /opt/hostedtoolcache/Python/3.11.16/x64/lib
2026-09-28T21:00:12.9741518Z ##[endgroup]
2026-09-28T21:00:14.6984663Z Collecting numpy==2.3.5
2026-09-28T21:00:14.7366368Z   Downloading numpy-2.3.5-cp311-cp311-manylinux_2_27_x86_64.manylinux_2_28_x86_64.whl.metadata (62 kB)
2026-09-28T21:00:14.9096390Z Collecting sympy==1.13.3
2026-09-28T21:00:14.9122699Z   Downloading sympy-1.13.3-py3-none-any.whl.metadata (12 kB)
2026-09-28T21:00:14.9224171Z Collecting mpmath==1.3.0
2026-09-28T21:00:14.9250546Z   Downloading mpmath-1.3.0-py3-none-any.whl.metadata (8.6 kB)
2026-09-28T21:00:14.9445697Z Downloading numpy-2.3.5-cp311-cp311-manylinux_2_27_x86_64.manylinux_2_28_x86_64.whl (16.9 MB)
2026-09-28T21:00:15.2124095Z    ━━━━━━━━━━━━━━━━━━━━━━━━━━━━━━━━━━━━━━━━ 16.9/16.9 MB 63.1 MB/s  0:00:00
2026-09-28T21:00:15.2202003Z Downloading sympy-1.13.3-py3-none-any.whl (6.2 MB)
2026-09-28T21:00:15.2757792Z    ━━━━━━━━━━━━━━━━━━━━━━━━━━━━━━━━━━━━━━━━ 6.2/6.2 MB 110.8 MB/s  0:00:00
2026-09-28T21:00:15.2785265Z Downloading mpmath-1.3.0-py3-none-any.whl (536 kB)
2026-09-28T21:00:15.2852442Z    ━━━━━━━━━━━━━━━━━━━━━━━━━━━━━━━━━━━━━━━━ 536.2/536.2 kB 54.5 MB/s  0:00:00
2026-09-28T21:00:15.4073104Z Installing collected packages: mpmath, sympy, numpy
2026-09-28T21:00:21.5099708Z 
2026-09-28T21:00:21.5108281Z Successfully installed mpmath-1.3.0 numpy-2.3.5 sympy-1.13.3
2026-09-28T21:00:21.5573698Z ##[group]Run set -o pipefail
2026-09-28T21:00:21.5573978Z [36;1mset -o pipefail[0m
2026-09-28T21:00:21.5574202Z [36;1mgit rev-parse HEAD > execution_head.txt[0m
2026-09-28T21:00:21.5574906Z [36;1mcd ResearchHistory/UQCF-GEM/demos/v15.56-response-selector-obstruction/retained-edge-localization[0m
2026-09-28T21:00:21.5575410Z [36;1mpython gate.py --candidate 13 2>&1 | tee measurement-13.log[0m
2026-09-28T21:00:21.5631862Z shell: /usr/bin/bash -e {0}
2026-09-28T21:00:21.5632063Z env:
2026-09-28T21:00:21.5632281Z   pythonLocation: /opt/hostedtoolcache/Python/3.11.16/x64
2026-09-28T21:00:21.5632620Z   PKG_CONFIG_PATH: /opt/hostedtoolcache/Python/3.11.16/x64/lib/pkgconfig
2026-09-28T21:00:21.5632950Z   Python_ROOT_DIR: /opt/hostedtoolcache/Python/3.11.16/x64
2026-09-28T21:00:21.5633238Z   Python2_ROOT_DIR: /opt/hostedtoolcache/Python/3.11.16/x64
2026-09-28T21:00:21.5633524Z   Python3_ROOT_DIR: /opt/hostedtoolcache/Python/3.11.16/x64
2026-09-28T21:00:21.5633873Z   LD_LIBRARY_PATH: /opt/hostedtoolcache/Python/3.11.16/x64/lib
2026-09-28T21:00:21.5634131Z   OPENBLAS_NUM_THREADS: 1
2026-09-28T21:00:21.5634429Z   PYTHONUNBUFFERED: 1
2026-09-28T21:00:21.5634603Z ##[endgroup]
2026-09-28T21:00:36.0068843Z candidate=13 precision=50 a=1.0 arm=plane localization=RETAINED_EDGE_NULL
2026-09-28T21:00:40.9258846Z candidate=13 precision=50 a=1.0 arm=isotropic localization=RETAINED_EDGE_NULL
2026-09-28T21:00:51.1531451Z candidate=13 precision=50 a=0.3333333333333333 arm=plane localization=RETAINED_EDGE_NULL
2026-09-28T21:00:56.2563030Z candidate=13 precision=50 a=0.3333333333333333 arm=isotropic localization=RETAINED_EDGE_NULL
2026-09-28T21:01:06.4404166Z candidate=13 precision=50 a=0.16666666666666666 arm=plane localization=RETAINED_EDGE_NULL
2026-09-28T21:01:11.5091795Z candidate=13 precision=50 a=0.16666666666666666 arm=isotropic localization=RETAINED_EDGE_NULL
2026-09-28T21:01:27.1113768Z candidate=13 precision=80 a=1.0 arm=plane localization=RETAINED_EDGE_NULL
2026-09-28T21:01:32.6670994Z candidate=13 precision=80 a=1.0 arm=isotropic localization=RETAINED_EDGE_NULL
2026-09-28T21:01:44.6450627Z candidate=13 precision=80 a=0.3333333333333333 arm=plane localization=RETAINED_EDGE_NULL
2026-09-28T21:01:50.5482971Z candidate=13 precision=80 a=0.3333333333333333 arm=isotropic localization=RETAINED_EDGE_NULL
2026-09-28T21:02:02.6926667Z candidate=13 precision=80 a=0.16666666666666666 arm=plane localization=RETAINED_EDGE_NULL
2026-09-28T21:02:08.5495756Z candidate=13 precision=80 a=0.16666666666666666 arm=isotropic localization=RETAINED_EDGE_NULL
2026-09-28T21:02:08.6086652Z {"version": "16.05", "candidate_index": 13, "all_valid": true, "verdict": "EXACT_RETAINED_EDGE_LOCALIZATION_CONFIRMED", "execution_head": "24315bf18eed287f174f9b8e1e033fad55ea48f0"}
2026-09-28T21:02:08.7048674Z ##[group]Run actions/upload-artifact@v4
2026-09-28T21:02:08.7048909Z with:
2026-09-28T21:02:08.7049141Z   name: localization-13-24315bf18eed287f174f9b8e1e033fad55ea48f0
2026-09-28T21:02:08.7050289Z   path: execution_head.txt
ResearchHistory/UQCF-GEM/demos/v15.56-response-selector-obstruction/retained-edge-localization/result-*.json.gz
ResearchHistory/UQCF-GEM/demos/v15.56-response-selector-obstruction/retained-edge-localization/measurement-*.log
ResearchHistory/UQCF-GEM/demos/v15.56-response-selector-obstruction/retained-edge-localization/SHA256SUMS-*

2026-09-28T21:02:08.7051379Z   if-no-files-found: warn
2026-09-28T21:02:08.7051566Z   compression-level: 6
2026-09-28T21:02:08.7051746Z   overwrite: false
2026-09-28T21:02:08.7051919Z   include-hidden-files: false
2026-09-28T21:02:08.7052103Z env:
2026-09-28T21:02:08.7052309Z   pythonLocation: /opt/hostedtoolcache/Python/3.11.16/x64
2026-09-28T21:02:08.7052667Z   PKG_CONFIG_PATH: /opt/hostedtoolcache/Python/3.11.16/x64/lib/pkgconfig
2026-09-28T21:02:08.7052999Z   Python_ROOT_DIR: /opt/hostedtoolcache/Python/3.11.16/x64
2026-09-28T21:02:08.7053294Z   Python2_ROOT_DIR: /opt/hostedtoolcache/Python/3.11.16/x64
2026-09-28T21:02:08.7053585Z   Python3_ROOT_DIR: /opt/hostedtoolcache/Python/3.11.16/x64
2026-09-28T21:02:08.7053879Z   LD_LIBRARY_PATH: /opt/hostedtoolcache/Python/3.11.16/x64/lib
2026-09-28T21:02:08.7054133Z ##[endgroup]
2026-09-28T21:02:08.8393124Z (node:2099) [DEP0040] DeprecationWarning: The `punycode` module is deprecated. Please use a userland alternative instead.
2026-09-28T21:02:08.8393694Z (Use `node --trace-deprecation ...` to show where the warning was created)
2026-09-28T21:02:08.8469832Z Multiple search paths detected. Calculating the least common ancestor of all paths
2026-09-28T21:02:08.8471780Z The least common ancestor is /home/runner/work/WetLabEngine/WetLabEngine. This will be the root directory of the artifact
2026-09-28T21:02:08.8472715Z With the provided path, there will be 4 files uploaded
2026-09-28T21:02:08.8476496Z Artifact name is valid!
2026-09-28T21:02:08.8477050Z Root directory input is valid!
2026-09-28T21:02:09.2571519Z Beginning upload of artifact content to blob storage
2026-09-28T21:02:09.2802496Z (node:2099) [DEP0169] DeprecationWarning: `url.parse()` behavior is not standardized and prone to errors that have security implications. Use the WHATWG URL API instead. CVEs are not issued for `url.parse()` vulnerabilities.
2026-09-28T21:02:09.7795276Z Uploaded bytes 160135
2026-09-28T21:02:09.8568064Z Finished uploading artifact content to blob storage!
2026-09-28T21:02:09.8568880Z SHA256 digest of uploaded artifact zip is 893c44e92d763f540c0476d5af85d88263950403492fb6d6039ae4c291488085
2026-09-28T21:02:09.8569910Z Finalizing artifact upload
2026-09-28T21:02:10.1000665Z Artifact localization-13-24315bf18eed287f174f9b8e1e033fad55ea48f0.zip successfully finalized. Artifact ID 10998090894
2026-09-28T21:02:10.1001787Z Artifact localization-13-24315bf18eed287f174f9b8e1e033fad55ea48f0 has been successfully uploaded! Final size is 160135 bytes. Artifact ID is 10998090894
2026-09-28T21:02:10.1006302Z Artifact download URL: https://github.com/proteinfoldingengine/WetLabEngine/actions/runs/36482986412/artifacts/10998090894
2026-09-28T21:02:10.1146761Z Post job cleanup.
2026-09-28T21:02:10.2108612Z (node:2113) [DEP0040] DeprecationWarning: The `punycode` module is deprecated. Please use a userland alternative instead.
2026-09-28T21:02:10.2109199Z (Use `node --trace-deprecation ...` to show where the warning was created)
2026-09-28T21:02:10.2286800Z Post job cleanup.
2026-09-28T21:02:10.3034872Z [command]/usr/bin/git version
2026-09-28T21:02:10.3070856Z git version 2.55.0
2026-09-28T21:02:10.3100170Z Temporarily overriding HOME='/home/runner/work/_temp/e4594212-ec58-4590-a0f9-3633dba4ca39' before making global git config changes
2026-09-28T21:02:10.3101353Z Adding repository directory to the temporary git global config as a safe directory
2026-09-28T21:02:10.3105150Z [command]/usr/bin/git config --global --add safe.directory /home/runner/work/WetLabEngine/WetLabEngine
2026-09-28T21:02:10.3145436Z [command]/usr/bin/git config --local --name-only --get-regexp core\.sshCommand
2026-09-28T21:02:10.3182656Z [command]/usr/bin/git submodule foreach --recursive sh -c "git config --local --name-only --get-regexp 'core\.sshCommand' && git config --local --unset-all 'core.sshCommand' || :"
2026-09-28T21:02:10.3478898Z [command]/usr/bin/git config --local --name-only --get-regexp http\.https\:\/\/github\.com\/\.extraheader
2026-09-28T21:02:10.3506938Z http.https://github.com/.extraheader
2026-09-28T21:02:10.3519680Z [command]/usr/bin/git config --local --unset-all http.https://github.com/.extraheader
2026-09-28T21:02:10.3561382Z [command]/usr/bin/git submodule foreach --recursive sh -c "git config --local --name-only --get-regexp 'http\.https\:\/\/github\.com\/\.extraheader' && git config --local --unset-all 'http.https://github.com/.extraheader' || :"
2026-09-28T21:02:10.3847497Z [command]/usr/bin/git config --local --name-only --get-regexp ^includeIf\.gitdir:
2026-09-28T21:02:10.3894073Z [command]/usr/bin/git submodule foreach --recursive git config --local --show-origin --name-only --get-regexp remote.origin.url
2026-09-28T21:02:10.4268918Z Cleaning up orphan processes
2026-09-28T21:02:10.4505242Z ##[warning]Node.js 20 is deprecated. The following actions target Node.js 20 but are being forced to run on Node.js 24: actions/checkout@11d5960a326750d5838078e36cf38b85af677262, actions/setup-python@a26af69be951a213d495a4c3e4e4022e16d87065, actions/upload-artifact@v4. For more information see: https://github.blog/changelog/2025-09-19-deprecation-of-node-20-on-github-actions-runners/
