2026-10-10T15:13:46.0232959Z Current runner version: '2.337.0'
2026-10-10T15:13:46.0250348Z ##[group]Runner Image Provisioner
2026-10-10T15:13:46.0250934Z Hosted Compute Agent
2026-10-10T15:13:46.0251330Z Version: 20261002.596
2026-10-10T15:13:46.0251762Z Commit: c3d12f3313a95f25162a1503be624f3b0617f8c0
2026-10-10T15:13:46.0252201Z Build Date: 2026-10-02T22:28:27Z
2026-10-10T15:13:46.0252668Z Worker ID: {03a358bf-bb21-466f-a1a5-fea0e70d8730}
2026-10-10T15:13:46.0253140Z Region: southcentralus
2026-10-10T15:13:46.0253497Z Cloud: Azure
2026-10-10T15:13:46.0253867Z ##[endgroup]
2026-10-10T15:13:46.0254642Z ##[group]Operating System
2026-10-10T15:13:46.0255020Z Ubuntu
2026-10-10T15:13:46.0255636Z 24.04.5
2026-10-10T15:13:46.0255988Z LTS
2026-10-10T15:13:46.0256334Z ##[endgroup]
2026-10-10T15:13:46.0256682Z ##[group]Runner Image
2026-10-10T15:13:46.0257068Z Image: ubuntu-24.04
2026-10-10T15:13:46.0257492Z Version: 20261004.327.1
2026-10-10T15:13:46.0258256Z Included Software: https://github.com/actions/runner-images/blob/ubuntu24/20261004.327/images/ubuntu/Ubuntu2404-Readme.md
2026-10-10T15:13:46.0259181Z Image Release: https://github.com/actions/runner-images/releases/tag/ubuntu24%2F20261004.327
2026-10-10T15:13:46.0259738Z ##[endgroup]
2026-10-10T15:13:46.0260459Z ##[group]GITHUB_TOKEN Permissions
2026-10-10T15:13:46.0261668Z Contents: read
2026-10-10T15:13:46.0262385Z Metadata: read
2026-10-10T15:13:46.0262731Z ##[endgroup]
2026-10-10T15:13:46.0264111Z Secret source: Actions
2026-10-10T15:13:46.0264718Z Cache mode: write
2026-10-10T15:13:46.0265152Z Prepare workflow directory
2026-10-10T15:13:46.0470905Z Prepare all required actions
2026-10-10T15:13:46.0502712Z Getting action download info
2026-10-10T15:13:46.3087997Z Download action repository 'actions/checkout@v4' (SHA:11d5960a326750d5838078e36cf38b85af677262)
2026-10-10T15:13:46.4007942Z Download action repository 'actions/upload-artifact@v4' (SHA:ea165f8d65b6e75b540449e92b4886f43607fa02)
2026-10-10T15:13:46.5977327Z Complete job name: verification
2026-10-10T15:13:46.6428691Z ##[group]Run actions/checkout@v4
2026-10-10T15:13:46.6429149Z with:
2026-10-10T15:13:46.6429395Z   path: research_snapshot
2026-10-10T15:13:46.6429679Z   persist-credentials: false
2026-10-10T15:13:46.6430111Z   sparse-checkout: ResearchHistory/UQCF-GEM/research/physical-bridge
.github/scripts

2026-10-10T15:13:46.6430600Z   repository: proteinfoldingengine/WetLabEngine
2026-10-10T15:13:46.6432647Z   token: ***
2026-10-10T15:13:46.6432887Z   ssh-strict: true
2026-10-10T15:13:46.6433131Z   ssh-user: git
2026-10-10T15:13:46.6433369Z   clean: true
2026-10-10T15:13:46.6433618Z   sparse-checkout-cone-mode: true
2026-10-10T15:13:46.6433910Z   fetch-depth: 1
2026-10-10T15:13:46.6434156Z   fetch-tags: false
2026-10-10T15:13:46.6434403Z   show-progress: true
2026-10-10T15:13:46.6434656Z   lfs: false
2026-10-10T15:13:46.6434893Z   submodules: false
2026-10-10T15:13:46.6435147Z   set-safe-directory: true
2026-10-10T15:13:46.6435567Z   allow-unsafe-pr-checkout: false
2026-10-10T15:13:46.6435950Z ##[endgroup]
2026-10-10T15:13:46.7100795Z Syncing repository: proteinfoldingengine/WetLabEngine
2026-10-10T15:13:46.7102406Z ##[group]Getting Git version info
2026-10-10T15:13:46.7103122Z Working directory is '/home/runner/work/WetLabEngine/WetLabEngine/research_snapshot'
2026-10-10T15:13:46.7104175Z [command]/usr/bin/git version
2026-10-10T15:13:46.7173087Z git version 2.55.0
2026-10-10T15:13:46.7175840Z ##[endgroup]
2026-10-10T15:13:46.7182919Z Temporarily overriding HOME='/home/runner/work/_temp/c4964b1b-cbbd-4ef2-a3ad-631199d7b61a' before making global git config changes
2026-10-10T15:13:46.7206552Z Adding repository directory to the temporary git global config as a safe directory
2026-10-10T15:13:46.7208041Z [command]/usr/bin/git config --global --add safe.directory /home/runner/work/WetLabEngine/WetLabEngine/research_snapshot
2026-10-10T15:13:46.7234628Z ##[group]Initializing the repository
2026-10-10T15:13:46.7242162Z [command]/usr/bin/git init /home/runner/work/WetLabEngine/WetLabEngine/research_snapshot
2026-10-10T15:13:46.7326976Z hint: Using 'master' as the name for the initial branch. This default branch name
2026-10-10T15:13:46.7328038Z hint: will change to "main" in Git 3.0. To configure the initial branch name
2026-10-10T15:13:46.7328962Z hint: to use in all of your new repositories, which will suppress this warning,
2026-10-10T15:13:46.7329591Z hint: call:
2026-10-10T15:13:46.7329836Z hint:
2026-10-10T15:13:46.7330135Z hint: 	git config --global init.defaultBranch <name>
2026-10-10T15:13:46.7330594Z hint:
2026-10-10T15:13:46.7331121Z hint: Names commonly chosen instead of 'master' are 'main', 'trunk' and
2026-10-10T15:13:46.7331925Z hint: 'development'. The just-created branch can be renamed via this command:
2026-10-10T15:13:46.7332556Z hint:
2026-10-10T15:13:46.7332904Z hint: 	git branch -m <name>
2026-10-10T15:13:46.7333328Z hint:
2026-10-10T15:13:46.7333882Z hint: Disable this message with "git config set advice.defaultBranchName false"
2026-10-10T15:13:46.7335117Z Initialized empty Git repository in /home/runner/work/WetLabEngine/WetLabEngine/research_snapshot/.git/
2026-10-10T15:13:46.7346580Z [command]/usr/bin/git remote add origin https://github.com/proteinfoldingengine/WetLabEngine
2026-10-10T15:13:46.7391994Z ##[endgroup]
2026-10-10T15:13:46.7392432Z ##[group]Disabling automatic garbage collection
2026-10-10T15:13:46.7395752Z [command]/usr/bin/git config --local gc.auto 0
2026-10-10T15:13:46.7423095Z ##[endgroup]
2026-10-10T15:13:46.7423491Z ##[group]Setting up auth
2026-10-10T15:13:46.7428803Z [command]/usr/bin/git config --local --name-only --get-regexp core\.sshCommand
2026-10-10T15:13:46.7456115Z [command]/usr/bin/git submodule foreach --recursive sh -c "git config --local --name-only --get-regexp 'core\.sshCommand' && git config --local --unset-all 'core.sshCommand' || :"
2026-10-10T15:13:46.7734126Z [command]/usr/bin/git config --local --name-only --get-regexp http\.https\:\/\/github\.com\/\.extraheader
2026-10-10T15:13:46.7762780Z [command]/usr/bin/git submodule foreach --recursive sh -c "git config --local --name-only --get-regexp 'http\.https\:\/\/github\.com\/\.extraheader' && git config --local --unset-all 'http.https://github.com/.extraheader' || :"
2026-10-10T15:13:46.7933220Z [command]/usr/bin/git config --local --name-only --get-regexp ^includeIf\.gitdir:
2026-10-10T15:13:46.7960709Z [command]/usr/bin/git submodule foreach --recursive git config --local --show-origin --name-only --get-regexp remote.origin.url
2026-10-10T15:13:46.8134804Z [command]/usr/bin/git config --local http.https://github.com/.extraheader AUTHORIZATION: basic ***
2026-10-10T15:13:46.8166606Z ##[endgroup]
2026-10-10T15:13:46.8167232Z ##[group]Fetching the repository
2026-10-10T15:13:46.8172787Z [command]/usr/bin/git -c protocol.version=2 fetch --no-tags --prune --no-recurse-submodules --filter=blob:none --depth=1 origin +47ebf4a717f4a9eadc7d51567b27e42bfb1e1d73:refs/remotes/origin/research/uqcf-overlapping-guard-exchange
2026-10-10T15:13:47.3370418Z From https://github.com/proteinfoldingengine/WetLabEngine
2026-10-10T15:13:47.3371338Z  * [new ref]         47ebf4a717f4a9eadc7d51567b27e42bfb1e1d73 -> origin/research/uqcf-overlapping-guard-exchange
2026-10-10T15:13:47.3373242Z ##[endgroup]
2026-10-10T15:13:47.3373704Z ##[group]Determining the checkout info
2026-10-10T15:13:47.3376337Z ##[endgroup]
2026-10-10T15:13:47.3377185Z ##[group]Setting up sparse checkout
2026-10-10T15:13:47.3381470Z [command]/usr/bin/git sparse-checkout set ResearchHistory/UQCF-GEM/research/physical-bridge .github/scripts
2026-10-10T15:13:47.3422517Z ##[endgroup]
2026-10-10T15:13:47.3423325Z ##[group]Checking out the ref
2026-10-10T15:13:47.3426242Z [command]/usr/bin/git checkout --progress --force -B research/uqcf-overlapping-guard-exchange refs/remotes/origin/research/uqcf-overlapping-guard-exchange
2026-10-10T15:13:48.4274343Z Updating files:   0% (1/940)
2026-10-10T15:13:48.4276349Z Updating files:   1% (10/940)
2026-10-10T15:13:48.4282313Z Updating files:   2% (19/940)
2026-10-10T15:13:48.4285676Z Updating files:   3% (29/940)
2026-10-10T15:13:48.4290281Z Updating files:   4% (38/940)
2026-10-10T15:13:48.4295854Z Updating files:   5% (47/940)
2026-10-10T15:13:48.4300665Z Updating files:   6% (57/940)
2026-10-10T15:13:48.4305636Z Updating files:   7% (66/940)
2026-10-10T15:13:48.4309127Z Updating files:   8% (76/940)
2026-10-10T15:13:48.4312746Z Updating files:   9% (85/940)
2026-10-10T15:13:48.4320037Z Updating files:  10% (94/940)
2026-10-10T15:13:48.4323686Z Updating files:  11% (104/940)
2026-10-10T15:13:48.4328581Z Updating files:  12% (113/940)
2026-10-10T15:13:48.4332406Z Updating files:  13% (123/940)
2026-10-10T15:13:48.4336622Z Updating files:  14% (132/940)
2026-10-10T15:13:48.4342390Z Updating files:  15% (141/940)
2026-10-10T15:13:48.4346666Z Updating files:  16% (151/940)
2026-10-10T15:13:48.4350767Z Updating files:  17% (160/940)
2026-10-10T15:13:48.4354360Z Updating files:  18% (170/940)
2026-10-10T15:13:48.4358374Z Updating files:  19% (179/940)
2026-10-10T15:13:48.4363066Z Updating files:  20% (188/940)
2026-10-10T15:13:48.4367668Z Updating files:  21% (198/940)
2026-10-10T15:13:48.4372191Z Updating files:  22% (207/940)
2026-10-10T15:13:48.4376348Z Updating files:  23% (217/940)
2026-10-10T15:13:48.4380626Z Updating files:  24% (226/940)
2026-10-10T15:13:48.4385476Z Updating files:  25% (235/940)
2026-10-10T15:13:48.4394701Z Updating files:  26% (245/940)
2026-10-10T15:13:48.4395999Z Updating files:  27% (254/940)
2026-10-10T15:13:48.4398628Z Updating files:  28% (264/940)
2026-10-10T15:13:48.4402895Z Updating files:  29% (273/940)
2026-10-10T15:13:48.4407362Z Updating files:  30% (282/940)
2026-10-10T15:13:48.4413252Z Updating files:  31% (292/940)
2026-10-10T15:13:48.4417480Z Updating files:  32% (301/940)
2026-10-10T15:13:48.4421401Z Updating files:  33% (311/940)
2026-10-10T15:13:48.4425657Z Updating files:  34% (320/940)
2026-10-10T15:13:48.4430659Z Updating files:  35% (329/940)
2026-10-10T15:13:48.4435399Z Updating files:  36% (339/940)
2026-10-10T15:13:48.4442318Z Updating files:  37% (348/940)
2026-10-10T15:13:48.4447832Z Updating files:  38% (358/940)
2026-10-10T15:13:48.4453822Z Updating files:  39% (367/940)
2026-10-10T15:13:48.4458369Z Updating files:  40% (376/940)
2026-10-10T15:13:48.4466714Z Updating files:  41% (386/940)
2026-10-10T15:13:48.4470083Z Updating files:  42% (395/940)
2026-10-10T15:13:48.4472921Z Updating files:  43% (405/940)
2026-10-10T15:13:48.4480067Z Updating files:  44% (414/940)
2026-10-10T15:13:48.4486079Z Updating files:  45% (423/940)
2026-10-10T15:13:48.4496844Z Updating files:  46% (433/940)
2026-10-10T15:13:48.4500177Z Updating files:  47% (442/940)
2026-10-10T15:13:48.4507643Z Updating files:  48% (452/940)
2026-10-10T15:13:48.4517511Z Updating files:  49% (461/940)
2026-10-10T15:13:48.4522786Z Updating files:  50% (470/940)
2026-10-10T15:13:48.4525988Z Updating files:  51% (480/940)
2026-10-10T15:13:48.4530686Z Updating files:  52% (489/940)
2026-10-10T15:13:48.4540459Z Updating files:  53% (499/940)
2026-10-10T15:13:48.4547408Z Updating files:  54% (508/940)
2026-10-10T15:13:48.4554529Z Updating files:  55% (517/940)
2026-10-10T15:13:48.4560797Z Updating files:  56% (527/940)
2026-10-10T15:13:48.4565909Z Updating files:  57% (536/940)
2026-10-10T15:13:48.4570467Z Updating files:  58% (546/940)
2026-10-10T15:13:48.4594275Z Updating files:  59% (555/940)
2026-10-10T15:13:48.4597571Z Updating files:  60% (564/940)
2026-10-10T15:13:48.4602716Z Updating files:  61% (574/940)
2026-10-10T15:13:48.4606594Z Updating files:  62% (583/940)
2026-10-10T15:13:48.4612614Z Updating files:  63% (593/940)
2026-10-10T15:13:48.4616377Z Updating files:  64% (602/940)
2026-10-10T15:13:48.4621497Z Updating files:  65% (611/940)
2026-10-10T15:13:48.4629850Z Updating files:  66% (621/940)
2026-10-10T15:13:48.4633102Z Updating files:  67% (630/940)
2026-10-10T15:13:48.4641097Z Updating files:  68% (640/940)
2026-10-10T15:13:48.4645788Z Updating files:  69% (649/940)
2026-10-10T15:13:48.4649202Z Updating files:  70% (658/940)
2026-10-10T15:13:48.4654286Z Updating files:  71% (668/940)
2026-10-10T15:13:48.4658571Z Updating files:  72% (677/940)
2026-10-10T15:13:48.4663213Z Updating files:  73% (687/940)
2026-10-10T15:13:48.4666808Z Updating files:  74% (696/940)
2026-10-10T15:13:48.4671987Z Updating files:  75% (705/940)
2026-10-10T15:13:48.4679096Z Updating files:  76% (715/940)
2026-10-10T15:13:48.4683385Z Updating files:  77% (724/940)
2026-10-10T15:13:48.4688536Z Updating files:  78% (734/940)
2026-10-10T15:13:48.4691918Z Updating files:  79% (743/940)
2026-10-10T15:13:48.4701223Z Updating files:  80% (752/940)
2026-10-10T15:13:48.4703433Z Updating files:  81% (762/940)
2026-10-10T15:13:48.4707716Z Updating files:  82% (771/940)
2026-10-10T15:13:48.4711445Z Updating files:  83% (781/940)
2026-10-10T15:13:48.4733641Z Updating files:  84% (790/940)
2026-10-10T15:13:48.4736385Z Updating files:  85% (799/940)
2026-10-10T15:13:48.4739913Z Updating files:  86% (809/940)
2026-10-10T15:13:48.4743457Z Updating files:  87% (818/940)
2026-10-10T15:13:48.4761078Z Updating files:  88% (828/940)
2026-10-10T15:13:48.4762782Z Updating files:  89% (837/940)
2026-10-10T15:13:48.4766824Z Updating files:  90% (846/940)
2026-10-10T15:13:48.4770703Z Updating files:  91% (856/940)
2026-10-10T15:13:48.4774658Z Updating files:  92% (865/940)
2026-10-10T15:13:48.4778086Z Updating files:  93% (875/940)
2026-10-10T15:13:48.4781559Z Updating files:  94% (884/940)
2026-10-10T15:13:48.4787421Z Updating files:  95% (893/940)
2026-10-10T15:13:48.4791772Z Updating files:  96% (903/940)
2026-10-10T15:13:48.4796048Z Updating files:  97% (912/940)
2026-10-10T15:13:48.4799793Z Updating files:  98% (922/940)
2026-10-10T15:13:48.4803834Z Updating files:  99% (931/940)
2026-10-10T15:13:48.4804802Z Updating files: 100% (940/940)
2026-10-10T15:13:48.4805647Z Updating files: 100% (940/940), done.
2026-10-10T15:13:48.4881323Z Switched to a new branch 'research/uqcf-overlapping-guard-exchange'
2026-10-10T15:13:48.4886177Z branch 'research/uqcf-overlapping-guard-exchange' set up to track 'origin/research/uqcf-overlapping-guard-exchange'.
2026-10-10T15:13:48.4896346Z ##[endgroup]
2026-10-10T15:13:48.4937191Z [command]/usr/bin/git log -1 --format=%H
2026-10-10T15:13:48.4961412Z 47ebf4a717f4a9eadc7d51567b27e42bfb1e1d73
2026-10-10T15:13:48.4969453Z ##[group]Removing auth
2026-10-10T15:13:48.4972406Z [command]/usr/bin/git config --local --name-only --get-regexp core\.sshCommand
2026-10-10T15:13:48.5001261Z [command]/usr/bin/git submodule foreach --recursive sh -c "git config --local --name-only --get-regexp 'core\.sshCommand' && git config --local --unset-all 'core.sshCommand' || :"
2026-10-10T15:13:48.5193484Z [command]/usr/bin/git config --local --name-only --get-regexp http\.https\:\/\/github\.com\/\.extraheader
2026-10-10T15:13:48.5219237Z http.https://github.com/.extraheader
2026-10-10T15:13:48.5225159Z [command]/usr/bin/git config --local --unset-all http.https://github.com/.extraheader
2026-10-10T15:13:48.5254494Z [command]/usr/bin/git submodule foreach --recursive sh -c "git config --local --name-only --get-regexp 'http\.https\:\/\/github\.com\/\.extraheader' && git config --local --unset-all 'http.https://github.com/.extraheader' || :"
2026-10-10T15:13:48.5441093Z [command]/usr/bin/git config --local --name-only --get-regexp ^includeIf\.gitdir:
2026-10-10T15:13:48.5468693Z [command]/usr/bin/git submodule foreach --recursive git config --local --show-origin --name-only --get-regexp remote.origin.url
2026-10-10T15:13:48.5649592Z ##[endgroup]
2026-10-10T15:13:48.5829657Z ##[group]Run set -euo pipefail
2026-10-10T15:13:48.5830458Z [36;1mset -euo pipefail[0m
2026-10-10T15:13:48.5831334Z [36;1mtest "$(git -C research_snapshot rev-parse HEAD)" = "$GITHUB_SHA"[0m
2026-10-10T15:13:48.5832299Z [36;1mmkdir anchored_release_verification[0m
2026-10-10T15:13:48.5833343Z [36;1mROOT=research_snapshot/ResearchHistory/UQCF-GEM/research/physical-bridge[0m
2026-10-10T15:13:48.5834990Z [36;1mpython3 -m unittest discover -s "$ROOT/anchored_release" -p test_anchored.py -v 2>&1 | tee anchored_release_verification/contracts.log[0m
2026-10-10T15:13:48.5837296Z [36;1mpython3 "$ROOT/anchored_release/producer.py" anchored_release_verification/certificate.json | tee anchored_release_verification/counts.json[0m
2026-10-10T15:13:48.5839774Z [36;1mpython3 "$ROOT/anchored_release/independent.py" anchored_release_verification/certificate.json | tee anchored_release_verification/independent.json[0m
2026-10-10T15:13:48.5842107Z [36;1mpython3 -m unittest discover -s "$ROOT/local_progress" -p test_progress.py -v 2>&1 | tee anchored_release_verification/inherited_local_progress.log[0m
2026-10-10T15:13:48.5844270Z [36;1mpython3 -m unittest discover -s "$ROOT/capacity_gap" -p test_capacity.py -v 2>&1 | tee anchored_release_verification/inherited_capacity.log[0m
2026-10-10T15:13:48.5846551Z [36;1mpython3 -m unittest discover -s "$ROOT/saturated_transfer" -p test_transfer.py -v 2>&1 | tee anchored_release_verification/inherited_transfer.log[0m
2026-10-10T15:13:48.5848702Z [36;1mpython3 -m unittest discover -s "$ROOT/label_release" -p test_release.py -v 2>&1 | tee anchored_release_verification/inherited_release.log[0m
2026-10-10T15:13:48.5850794Z [36;1mpython3 -m unittest discover -s "$ROOT/footprint" -p test_footprint.py -v 2>&1 | tee anchored_release_verification/inherited_footprint.log[0m
2026-10-10T15:13:48.5852895Z [36;1mpython3 -m unittest discover -s "$ROOT/fixed_family" -p test_fixed_family.py -v 2>&1 | tee anchored_release_verification/inherited_fixed.log[0m
2026-10-10T15:13:48.5854541Z [36;1mpython3 "$ROOT/anchored_release/producer.py" /tmp/repeated.json[0m
2026-10-10T15:13:48.5855863Z [36;1mcmp /tmp/repeated.json anchored_release_verification/certificate.json[0m
2026-10-10T15:13:48.5857386Z [36;1mprintf 'scientific_sha=%s\nworkflow_sha=%s\n' "$GITHUB_SHA" "$GITHUB_SHA" > anchored_release_verification/provenance.txt[0m
2026-10-10T15:13:48.5859188Z [36;1msha256sum anchored_release_verification/certificate.json > anchored_release_verification/certificate.sha256[0m
2026-10-10T15:13:48.5860697Z [36;1mcp "$ROOT/anchored_release/red.log" anchored_release_verification/red.log[0m
2026-10-10T15:13:48.6069316Z shell: /usr/bin/bash --noprofile --norc -e -o pipefail {0}
2026-10-10T15:13:48.6070171Z ##[endgroup]
2026-10-10T15:13:52.7290277Z test_anchoring_control (test_anchored.Contracts.test_anchoring_control) ... ok
2026-10-10T15:13:52.7290995Z test_arbitrary_reserve_moving_permutations (test_anchored.Contracts.test_arbitrary_reserve_moving_permutations) ... ok
2026-10-10T15:13:52.7913012Z test_bool_for_int (test_anchored.Contracts.test_bool_for_int) ... ok
2026-10-10T15:13:52.8125615Z test_complete_independent_identity (test_anchored.Contracts.test_complete_independent_identity) ... ok
2026-10-10T15:13:52.8531151Z test_duplicate_primary (test_anchored.Contracts.test_duplicate_primary) ... ok
2026-10-10T15:13:52.8531647Z test_exact_primary_coverage (test_anchored.Contracts.test_exact_primary_coverage) ... ok
2026-10-10T15:13:52.9067784Z test_extra_field (test_anchored.Contracts.test_extra_field) ... ok
2026-10-10T15:13:52.9664244Z test_false_coverage (test_anchored.Contracts.test_false_coverage) ... ok
2026-10-10T15:13:52.9664840Z test_floor_demand_control (test_anchored.Contracts.test_floor_demand_control) ... ok
2026-10-10T15:13:53.0215963Z test_missing_primary (test_anchored.Contracts.test_missing_primary) ... ok
2026-10-10T15:13:53.0216949Z test_multi_donor_without_backbone (test_anchored.Contracts.test_multi_donor_without_backbone) ... ok
2026-10-10T15:13:53.0218369Z test_old_obstructions_retained (test_anchored.Contracts.test_old_obstructions_retained) ... ok
2026-10-10T15:13:53.0219205Z test_original_domination_control (test_anchored.Contracts.test_original_domination_control) ... ok
2026-10-10T15:13:53.0610112Z test_substituted_source (test_anchored.Contracts.test_substituted_source) ... ok
2026-10-10T15:13:53.0610803Z test_upper_cover_control (test_anchored.Contracts.test_upper_cover_control) ... ok
2026-10-10T15:13:53.1216094Z test_wrong_endpoint (test_anchored.Contracts.test_wrong_endpoint) ... ok
2026-10-10T15:13:53.1934605Z test_wrong_hidden_mask (test_anchored.Contracts.test_wrong_hidden_mask) ... ok
2026-10-10T15:13:53.2337086Z test_wrong_reserve (test_anchored.Contracts.test_wrong_reserve) ... ok
2026-10-10T15:13:53.3050037Z test_wrong_script (test_anchored.Contracts.test_wrong_script) ... ok
2026-10-10T15:13:53.3442615Z test_wrong_witness (test_anchored.Contracts.test_wrong_witness) ... ok
2026-10-10T15:13:53.3442927Z 
2026-10-10T15:13:53.3443137Z ----------------------------------------------------------------------
2026-10-10T15:13:53.3443603Z Ran 20 tests in 4.687s
2026-10-10T15:13:53.3449398Z 
2026-10-10T15:13:53.3449542Z OK
2026-10-10T15:13:54.0883127Z {"permutation_cases": 72, "permutation_hidden_slice_checks": 24020, "positive_releases": 5424, "primary_hidden_slice_checks": 143520, "primary_identities": 19584, "primary_release_toggles": 10752, "renewal_cases": 3, "sources": 2448}
2026-10-10T15:13:57.6896111Z {"complete_typed_reconstruction": true, "permutation_cases": 72, "permutation_hidden_slice_checks": 24020, "positive_releases": 5424, "primary_hidden_slice_checks": 143520, "primary_identities": 19584, "primary_release_toggles": 10752, "renewal_cases": 3, "sources": 2448, "status": "PASS"}
2026-10-10T15:14:13.7104218Z test_boolean_integer (test_progress.Contracts.test_boolean_integer) ... ok
2026-10-10T15:14:13.7182607Z test_duplicate_family (test_progress.Contracts.test_duplicate_family) ... ok
2026-10-10T15:14:13.7250118Z test_duplicate_state (test_progress.Contracts.test_duplicate_state) ... ok
2026-10-10T15:14:13.7303681Z test_exact_independent_universe (test_progress.Contracts.test_exact_independent_universe) ... ok
2026-10-10T15:14:13.7371042Z test_extra_field (test_progress.Contracts.test_extra_field) ... ok
2026-10-10T15:14:13.7439990Z test_missing_edge (test_progress.Contracts.test_missing_edge) ... ok
2026-10-10T15:14:13.7519270Z test_missing_family (test_progress.Contracts.test_missing_family) ... ok
2026-10-10T15:14:13.7586581Z test_missing_state (test_progress.Contracts.test_missing_state) ... ok
2026-10-10T15:14:13.7653680Z test_missing_witness (test_progress.Contracts.test_missing_witness) ... ok
2026-10-10T15:14:13.7656519Z test_no_reachable_absent_label (test_progress.Contracts.test_no_reachable_absent_label) ... ok
2026-10-10T15:14:13.7657140Z test_nonisolated_seven_state_component (test_progress.Contracts.test_nonisolated_seven_state_component) ... ok
2026-10-10T15:14:13.7657717Z test_static_reserve_grows (test_progress.Contracts.test_static_reserve_grows) ... ok
2026-10-10T15:14:13.7723595Z test_substituted_edge (test_progress.Contracts.test_substituted_edge) ... ok
2026-10-10T15:14:13.7789078Z test_wrong_capacity (test_progress.Contracts.test_wrong_capacity) ... ok
2026-10-10T15:14:13.7857213Z test_wrong_floor (test_progress.Contracts.test_wrong_floor) ... ok
2026-10-10T15:14:13.7923047Z test_wrong_target (test_progress.Contracts.test_wrong_target) ... ok
2026-10-10T15:14:13.7990955Z test_wrong_witness (test_progress.Contracts.test_wrong_witness) ... ok
2026-10-10T15:14:13.7991255Z 
2026-10-10T15:14:13.7991366Z ----------------------------------------------------------------------
2026-10-10T15:14:13.7991578Z Ran 17 tests in 16.060s
2026-10-10T15:14:13.7991663Z 
2026-10-10T15:14:13.7991712Z OK
2026-10-10T15:14:15.0368418Z test_complete (test_capacity.Contracts.test_complete) ... ok
2026-10-10T15:14:15.0467950Z test_duplicate_core (test_capacity.Contracts.test_duplicate_core) ... ok
2026-10-10T15:14:15.0565723Z test_extra (test_capacity.Contracts.test_extra) ... ok
2026-10-10T15:14:15.0724121Z test_fake_absence (test_capacity.Contracts.test_fake_absence) ... ok
2026-10-10T15:14:15.0883095Z test_fake_witness (test_capacity.Contracts.test_fake_witness) ... ok
2026-10-10T15:14:15.0883572Z test_family_capacity (test_capacity.Contracts.test_family_capacity) ... ok
2026-10-10T15:14:15.0884041Z test_general_domain (test_capacity.Contracts.test_general_domain) ... ok
2026-10-10T15:14:15.1040766Z test_hidden_omission (test_capacity.Contracts.test_hidden_omission) ... ok
2026-10-10T15:14:15.1130173Z test_missing_core (test_capacity.Contracts.test_missing_core) ... ok
2026-10-10T15:14:15.1290606Z test_missing_family (test_capacity.Contracts.test_missing_family) ... ok
2026-10-10T15:14:15.1441834Z test_missing_maximal (test_capacity.Contracts.test_missing_maximal) ... ok
2026-10-10T15:14:15.1599109Z test_missing_toggle (test_capacity.Contracts.test_missing_toggle) ... ok
2026-10-10T15:14:15.1756814Z test_type (test_capacity.Contracts.test_type) ... ok
2026-10-10T15:14:15.1757269Z test_unbounded_pattern (test_capacity.Contracts.test_unbounded_pattern) ... ok
2026-10-10T15:14:15.1926512Z test_upper_forgery (test_capacity.Contracts.test_upper_forgery) ... ok
2026-10-10T15:14:15.1927029Z test_upper_native_control (test_capacity.Contracts.test_upper_native_control) ... ok
2026-10-10T15:14:15.2017150Z test_wrong_capacity (test_capacity.Contracts.test_wrong_capacity) ... ok
2026-10-10T15:14:15.2189058Z test_wrong_counts (test_capacity.Contracts.test_wrong_counts) ... ok
2026-10-10T15:14:15.2346363Z test_wrong_source (test_capacity.Contracts.test_wrong_source) ... ok
2026-10-10T15:14:15.2502936Z test_wrong_target (test_capacity.Contracts.test_wrong_target) ... ok
2026-10-10T15:14:15.2503232Z 
2026-10-10T15:14:15.2503363Z ----------------------------------------------------------------------
2026-10-10T15:14:15.2503703Z Ran 20 tests in 1.213s
2026-10-10T15:14:15.2503830Z 
2026-10-10T15:14:15.2503901Z OK
2026-10-10T15:14:22.1453602Z test_bool_for_int (test_transfer.TransferContracts.test_bool_for_int) ... ok
2026-10-10T15:14:22.1954415Z test_duplicate_case (test_transfer.TransferContracts.test_duplicate_case) ... ok
2026-10-10T15:14:22.1955064Z test_empty_hidden_protected (test_transfer.TransferContracts.test_empty_hidden_protected) ... ok
2026-10-10T15:14:22.2568720Z test_entire_typed_domain (test_transfer.TransferContracts.test_entire_typed_domain) ... ok
2026-10-10T15:14:22.2571757Z test_every_forward_reverse_exact (test_transfer.TransferContracts.test_every_forward_reverse_exact) ... ok
2026-10-10T15:14:22.3290163Z test_extra_field (test_transfer.TransferContracts.test_extra_field) ... ok
2026-10-10T15:14:22.3793276Z test_floor_forged (test_transfer.TransferContracts.test_floor_forged) ... ok
2026-10-10T15:14:22.4887455Z test_forged_control (test_transfer.TransferContracts.test_forged_control) ... ok
2026-10-10T15:14:22.5985411Z test_forged_counts (test_transfer.TransferContracts.test_forged_counts) ... ok
2026-10-10T15:14:22.6677593Z test_hidden_change (test_transfer.TransferContracts.test_hidden_change) ... ok
2026-10-10T15:14:22.7171776Z test_missing_case (test_transfer.TransferContracts.test_missing_case) ... ok
2026-10-10T15:14:22.7664612Z test_missing_hidden (test_transfer.TransferContracts.test_missing_hidden) ... ok
2026-10-10T15:14:22.8870858Z test_missing_isolation (test_transfer.TransferContracts.test_missing_isolation) ... ok
2026-10-10T15:14:22.9453141Z test_missing_partition (test_transfer.TransferContracts.test_missing_partition) ... ok
2026-10-10T15:14:23.0572184Z test_missing_toggle (test_transfer.TransferContracts.test_missing_toggle) ... ok
2026-10-10T15:14:23.0572724Z test_native_rejecting_controls (test_transfer.TransferContracts.test_native_rejecting_controls) ... ok
2026-10-10T15:14:23.0573095Z test_one_block_isolation (test_transfer.TransferContracts.test_one_block_isolation) ... ok
2026-10-10T15:14:23.1080901Z test_private_cleanup_omitted (test_transfer.TransferContracts.test_private_cleanup_omitted) ... ok
2026-10-10T15:14:23.1700508Z test_wrong_donor (test_transfer.TransferContracts.test_wrong_donor) ... ok
2026-10-10T15:14:23.2191141Z test_wrong_hitting (test_transfer.TransferContracts.test_wrong_hitting) ... ok
2026-10-10T15:14:23.2691882Z test_wrong_reserve (test_transfer.TransferContracts.test_wrong_reserve) ... ok
2026-10-10T15:14:23.3230335Z test_wrong_reverse (test_transfer.TransferContracts.test_wrong_reverse) ... ok
2026-10-10T15:14:23.3230638Z 
2026-10-10T15:14:23.3230766Z ----------------------------------------------------------------------
2026-10-10T15:14:23.3231058Z Ran 22 tests in 8.015s
2026-10-10T15:14:23.3231174Z 
2026-10-10T15:14:23.3231248Z OK
2026-10-10T15:14:25.5863615Z test_first_progress_equivalence (test_release.Contracts.test_first_progress_equivalence) ... ok
2026-10-10T15:14:31.6327689Z test_full_independent_reconstruction (test_release.Contracts.test_full_independent_reconstruction) ... ok
2026-10-10T15:14:31.6328108Z test_host_only_endpoint_cost (test_release.Contracts.test_host_only_endpoint_cost) ... ok
2026-10-10T15:14:31.6345499Z test_loan_renewal (test_release.Contracts.test_loan_renewal) ... ok
2026-10-10T15:14:31.6346068Z test_native_capacity_obstruction (test_release.Contracts.test_native_capacity_obstruction) ... ok
2026-10-10T15:14:31.6346769Z test_native_upper_control (test_release.Contracts.test_native_upper_control) ... ok
2026-10-10T15:14:31.8725493Z test_reject_bad_mask (test_release.Contracts.test_reject_bad_mask) ... ok
2026-10-10T15:14:32.0666438Z test_reject_capacity (test_release.Contracts.test_reject_capacity) ... ok
2026-10-10T15:14:32.6419302Z test_reject_extra (test_release.Contracts.test_reject_extra) ... ok
2026-10-10T15:14:32.8344390Z test_reject_first_toggles (test_release.Contracts.test_reject_first_toggles) ... ok
2026-10-10T15:14:33.4213787Z test_reject_loan_cost (test_release.Contracts.test_reject_loan_cost) ... ok
2026-10-10T15:14:33.6153007Z test_reject_loan_mask (test_release.Contracts.test_reject_loan_mask) ... ok
2026-10-10T15:14:34.2262052Z test_reject_loan_slice (test_release.Contracts.test_reject_loan_slice) ... ok
2026-10-10T15:14:34.4176538Z test_reject_loan_tau (test_release.Contracts.test_reject_loan_tau) ... ok
2026-10-10T15:14:34.6123203Z test_reject_missing_loan (test_release.Contracts.test_reject_missing_loan) ... ok
2026-10-10T15:14:35.2098786Z test_reject_missing_mask (test_release.Contracts.test_reject_missing_mask) ... ok
2026-10-10T15:14:35.4118953Z test_reject_missing_source (test_release.Contracts.test_reject_missing_source) ... ok
2026-10-10T15:14:36.0073466Z test_reject_provenance (test_release.Contracts.test_reject_provenance) ... ok
2026-10-10T15:14:36.1973921Z test_reject_release_value (test_release.Contracts.test_reject_release_value) ... ok
2026-10-10T15:14:36.3896535Z test_reject_release_witness (test_release.Contracts.test_reject_release_witness) ... ok
2026-10-10T15:14:36.9794202Z test_reject_source_core (test_release.Contracts.test_reject_source_core) ... ok
2026-10-10T15:14:37.1813854Z test_reject_source_tau (test_release.Contracts.test_reject_source_tau) ... ok
2026-10-10T15:14:37.3787691Z test_reject_strict_pair (test_release.Contracts.test_reject_strict_pair) ... ok
2026-10-10T15:14:37.9551196Z test_reject_type (test_release.Contracts.test_reject_type) ... ok
2026-10-10T15:14:38.1467311Z test_reject_upper (test_release.Contracts.test_reject_upper) ... ok
2026-10-10T15:14:38.1503599Z test_release_criterion (test_release.Contracts.test_release_criterion) ... ok
2026-10-10T15:14:38.1503903Z 
2026-10-10T15:14:38.1504032Z ----------------------------------------------------------------------
2026-10-10T15:14:38.1504379Z Ran 26 tests in 14.734s
2026-10-10T15:14:38.1505804Z 
2026-10-10T15:14:38.1505955Z OK
2026-10-10T15:14:40.7263113Z test_complete_independent_reconstruction (test_footprint.Contracts.test_complete_independent_reconstruction) ... ok
2026-10-10T15:14:40.7263852Z test_cross_role_hidden_witness (test_footprint.Contracts.test_cross_role_hidden_witness) ... ok
2026-10-10T15:14:40.7264885Z test_declared_universe (test_footprint.Contracts.test_declared_universe) ... ok
2026-10-10T15:14:40.7265734Z test_premature_deletion (test_footprint.Contracts.test_premature_deletion) ... ok
2026-10-10T15:14:40.8810864Z test_reject_boolean_type (test_footprint.Contracts.test_reject_boolean_type) ... ok
2026-10-10T15:14:40.9273981Z test_reject_classification (test_footprint.Contracts.test_reject_classification) ... ok
2026-10-10T15:14:40.9739055Z test_reject_conditions (test_footprint.Contracts.test_reject_conditions) ... ok
2026-10-10T15:14:41.1210292Z test_reject_deadlock (test_footprint.Contracts.test_reject_deadlock) ... ok
2026-10-10T15:14:41.1703645Z test_reject_duplicate_row (test_footprint.Contracts.test_reject_duplicate_row) ... ok
2026-10-10T15:14:41.2168108Z test_reject_floor (test_footprint.Contracts.test_reject_floor) ... ok
2026-10-10T15:14:41.3613126Z test_reject_missing_fixture (test_footprint.Contracts.test_reject_missing_fixture) ... ok
2026-10-10T15:14:41.4120244Z test_reject_missing_row (test_footprint.Contracts.test_reject_missing_row) ... ok
2026-10-10T15:14:41.4597905Z test_reject_path (test_footprint.Contracts.test_reject_path) ... ok
2026-10-10T15:14:41.6131623Z test_reject_protected_mask (test_footprint.Contracts.test_reject_protected_mask) ... ok
2026-10-10T15:14:41.6607501Z test_reject_provenance (test_footprint.Contracts.test_reject_provenance) ... ok
2026-10-10T15:14:41.8169648Z test_reject_source_core (test_footprint.Contracts.test_reject_source_core) ... ok
2026-10-10T15:14:41.8657119Z test_reject_tau (test_footprint.Contracts.test_reject_tau) ... ok
2026-10-10T15:14:41.9148319Z test_reject_unknown_field (test_footprint.Contracts.test_reject_unknown_field) ... ok
2026-10-10T15:14:42.0733312Z test_reject_upper (test_footprint.Contracts.test_reject_upper) ... ok
2026-10-10T15:14:42.1277029Z test_reject_violations (test_footprint.Contracts.test_reject_violations) ... ok
2026-10-10T15:14:42.1277537Z test_sharp_exchange (test_footprint.Contracts.test_sharp_exchange) ... ok
2026-10-10T15:14:42.1278029Z test_upper_control (test_footprint.Contracts.test_upper_control) ... ok
2026-10-10T15:14:42.1285772Z 
2026-10-10T15:14:42.1286275Z ----------------------------------------------------------------------
2026-10-10T15:14:42.1286503Z Ran 22 tests in 2.660s
2026-10-10T15:14:42.1286588Z 
2026-10-10T15:14:42.1286640Z OK
2026-10-10T15:14:42.7821896Z test_all_categories (test_fixed_family.Contracts.test_all_categories) ... ok
2026-10-10T15:14:43.0698622Z test_category (test_fixed_family.Contracts.test_category) ... ok
2026-10-10T15:14:43.1944081Z test_complement_tau (test_fixed_family.Contracts.test_complement_tau) ... ok
2026-10-10T15:14:43.2179678Z test_complete (test_fixed_family.Contracts.test_complete) ... ok
2026-10-10T15:14:43.3163564Z test_core_intersection (test_fixed_family.Contracts.test_core_intersection) ... ok
2026-10-10T15:14:43.4081902Z test_duplicate_completion (test_fixed_family.Contracts.test_duplicate_completion) ... ok
2026-10-10T15:14:43.5059263Z test_duplicate_state (test_fixed_family.Contracts.test_duplicate_state) ... ok
2026-10-10T15:14:43.5944673Z test_false_floor_extension (test_fixed_family.Contracts.test_false_floor_extension) ... ok
2026-10-10T15:14:43.6903423Z test_false_hidden_control (test_fixed_family.Contracts.test_false_hidden_control) ... ok
2026-10-10T15:14:43.7789262Z test_false_native_access (test_fixed_family.Contracts.test_false_native_access) ... ok
2026-10-10T15:14:43.8677974Z test_false_retarget (test_fixed_family.Contracts.test_false_retarget) ... ok
2026-10-10T15:14:43.9635518Z test_floor (test_fixed_family.Contracts.test_floor) ... ok
2026-10-10T15:14:43.9692149Z test_full_partition (test_fixed_family.Contracts.test_full_partition) ... ok
2026-10-10T15:14:44.0605058Z test_missing_completion (test_fixed_family.Contracts.test_missing_completion) ... ok
2026-10-10T15:14:44.1567084Z test_missing_false_member (test_fixed_family.Contracts.test_missing_false_member) ... ok
2026-10-10T15:14:44.2476289Z test_missing_fiber (test_fixed_family.Contracts.test_missing_fiber) ... ok
2026-10-10T15:14:44.3492334Z test_missing_state (test_fixed_family.Contracts.test_missing_state) ... ok
2026-10-10T15:14:44.4421360Z test_preparation (test_fixed_family.Contracts.test_preparation) ... ok
2026-10-10T15:14:44.5320479Z test_protected (test_fixed_family.Contracts.test_protected) ... ok
2026-10-10T15:14:44.6293810Z test_scope (test_fixed_family.Contracts.test_scope) ... ok
2026-10-10T15:14:44.6307586Z test_sharp_preparation (test_fixed_family.Contracts.test_sharp_preparation) ... ok
2026-10-10T15:14:44.7203636Z test_state (test_fixed_family.Contracts.test_state) ... ok
2026-10-10T15:14:44.8157451Z test_substitute_fiber (test_fixed_family.Contracts.test_substitute_fiber) ... ok
2026-10-10T15:14:44.9085535Z test_substituted_truth (test_fixed_family.Contracts.test_substituted_truth) ... ok
2026-10-10T15:14:45.0112824Z test_tau (test_fixed_family.Contracts.test_tau) ... ok
2026-10-10T15:14:45.1043007Z test_type (test_fixed_family.Contracts.test_type) ... ok
2026-10-10T15:14:45.1954596Z test_witness_protected (test_fixed_family.Contracts.test_witness_protected) ... ok
2026-10-10T15:14:45.3038105Z test_witness_tau (test_fixed_family.Contracts.test_witness_tau) ... ok
2026-10-10T15:14:45.3045760Z 
2026-10-10T15:14:45.3045905Z ----------------------------------------------------------------------
2026-10-10T15:14:45.3046215Z Ran 28 tests in 2.690s
2026-10-10T15:14:45.3046331Z 
2026-10-10T15:14:45.3046403Z OK
2026-10-10T15:14:46.0051426Z {"permutation_cases": 72, "permutation_hidden_slice_checks": 24020, "positive_releases": 5424, "primary_hidden_slice_checks": 143520, "primary_identities": 19584, "primary_release_toggles": 10752, "renewal_cases": 3, "sources": 2448}
2026-10-10T15:14:46.0334056Z ##[group]Run actions/upload-artifact@v4
2026-10-10T15:14:46.0334236Z with:
2026-10-10T15:14:46.0334375Z   name: c3-anchored-release-verification-review
2026-10-10T15:14:46.0334555Z   path: anchored_release_verification/
2026-10-10T15:14:46.0334709Z   if-no-files-found: warn
2026-10-10T15:14:46.0334843Z   compression-level: 6
2026-10-10T15:14:46.0334967Z   overwrite: false
2026-10-10T15:14:46.0335095Z   include-hidden-files: false
2026-10-10T15:14:46.0335431Z ##[endgroup]
2026-10-10T15:14:46.1437821Z (node:2200) [DEP0040] DeprecationWarning: The `punycode` module is deprecated. Please use a userland alternative instead.
2026-10-10T15:14:46.1441302Z (Use `node --trace-deprecation ...` to show where the warning was created)
2026-10-10T15:14:46.1499142Z With the provided path, there will be 13 files uploaded
2026-10-10T15:14:46.1504029Z Artifact name is valid!
2026-10-10T15:14:46.1504424Z Root directory input is valid!
2026-10-10T15:14:46.4254453Z Beginning upload of artifact content to blob storage
2026-10-10T15:14:46.4573953Z (node:2200) [DEP0169] DeprecationWarning: `url.parse()` behavior is not standardized and prone to errors that have security implications. Use the WHATWG URL API instead. CVEs are not issued for `url.parse()` vulnerabilities.
2026-10-10T15:14:46.6477283Z Uploaded bytes 87296
2026-10-10T15:14:46.6858380Z Finished uploading artifact content to blob storage!
2026-10-10T15:14:46.6858917Z SHA256 digest of uploaded artifact zip is bb7e681a759e9bc44254ea9d14e929e0362bbd66dde9950294cc781e08ce4e61
2026-10-10T15:14:46.6860360Z Finalizing artifact upload
2026-10-10T15:14:46.9351069Z Artifact c3-anchored-release-verification-review.zip successfully finalized. Artifact ID 11673842680
2026-10-10T15:14:46.9351852Z Artifact c3-anchored-release-verification-review has been successfully uploaded! Final size is 87296 bytes. Artifact ID is 11673842680
2026-10-10T15:14:46.9356446Z Artifact download URL: https://github.com/proteinfoldingengine/WetLabEngine/actions/runs/38062751004/artifacts/11673842680
2026-10-10T15:14:46.9514007Z Post job cleanup.
2026-10-10T15:14:47.0056470Z [command]/usr/bin/git version
2026-10-10T15:14:47.0086317Z git version 2.55.0
2026-10-10T15:14:47.0110717Z Temporarily overriding HOME='/home/runner/work/_temp/2866a121-b102-4877-aba0-96515e655a31' before making global git config changes
2026-10-10T15:14:47.0111531Z Adding repository directory to the temporary git global config as a safe directory
2026-10-10T15:14:47.0114895Z [command]/usr/bin/git config --global --add safe.directory /home/runner/work/WetLabEngine/WetLabEngine/research_snapshot
2026-10-10T15:14:47.0147072Z [command]/usr/bin/git config --local --name-only --get-regexp core\.sshCommand
2026-10-10T15:14:47.0174105Z [command]/usr/bin/git submodule foreach --recursive sh -c "git config --local --name-only --get-regexp 'core\.sshCommand' && git config --local --unset-all 'core.sshCommand' || :"
2026-10-10T15:14:47.0395697Z [command]/usr/bin/git config --local --name-only --get-regexp http\.https\:\/\/github\.com\/\.extraheader
2026-10-10T15:14:47.0427275Z [command]/usr/bin/git submodule foreach --recursive sh -c "git config --local --name-only --get-regexp 'http\.https\:\/\/github\.com\/\.extraheader' && git config --local --unset-all 'http.https://github.com/.extraheader' || :"
2026-10-10T15:14:47.0638159Z [command]/usr/bin/git config --local --name-only --get-regexp ^includeIf\.gitdir:
2026-10-10T15:14:47.0668313Z [command]/usr/bin/git submodule foreach --recursive git config --local --show-origin --name-only --get-regexp remote.origin.url
2026-10-10T15:14:47.0982770Z Cleaning up orphan processes
2026-10-10T15:14:47.1187198Z ##[warning]Node.js 20 is deprecated. The following actions target Node.js 20 but are being forced to run on Node.js 24: actions/checkout@v4, actions/upload-artifact@v4. For more information see: https://github.blog/changelog/2025-09-19-deprecation-of-node-20-on-github-actions-runners/
