2026-10-09T00:06:17.4580237Z Current runner version: '2.337.0'
2026-10-09T00:06:17.4603199Z ##[group]Runner Image Provisioner
2026-10-09T00:06:17.4604069Z Hosted Compute Agent
2026-10-09T00:06:17.4604620Z Version: 20261002.596
2026-10-09T00:06:17.4605282Z Commit: c3d12f3313a95f25162a1503be624f3b0617f8c0
2026-10-09T00:06:17.4606021Z Build Date: 2026-10-02T22:28:27Z
2026-10-09T00:06:17.4606713Z Worker ID: {af40c957-173d-4c7d-a34b-e89089d545ee}
2026-10-09T00:06:17.4607399Z Region: westus3
2026-10-09T00:06:17.4607913Z Cloud: Azure
2026-10-09T00:06:17.4608461Z ##[endgroup]
2026-10-09T00:06:17.4609981Z ##[group]Operating System
2026-10-09T00:06:17.4610642Z Ubuntu
2026-10-09T00:06:17.4611127Z 24.04.5
2026-10-09T00:06:17.4611597Z LTS
2026-10-09T00:06:17.4612118Z ##[endgroup]
2026-10-09T00:06:17.4612642Z ##[group]Runner Image
2026-10-09T00:06:17.4613574Z Image: ubuntu-24.04
2026-10-09T00:06:17.4614186Z Version: 20261004.327.1
2026-10-09T00:06:17.4615332Z Included Software: https://github.com/actions/runner-images/blob/ubuntu24/20261004.327/images/ubuntu/Ubuntu2404-Readme.md
2026-10-09T00:06:17.4616760Z Image Release: https://github.com/actions/runner-images/releases/tag/ubuntu24%2F20261004.327
2026-10-09T00:06:17.4617690Z ##[endgroup]
2026-10-09T00:06:17.4618687Z ##[group]GITHUB_TOKEN Permissions
2026-10-09T00:06:17.4620932Z Contents: read
2026-10-09T00:06:17.4621484Z Metadata: read
2026-10-09T00:06:17.4622015Z ##[endgroup]
2026-10-09T00:06:17.4623914Z Secret source: Actions
2026-10-09T00:06:17.4624773Z Cache mode: write
2026-10-09T00:06:17.4625454Z Prepare workflow directory
2026-10-09T00:06:17.4942873Z Prepare all required actions
2026-10-09T00:06:17.4993012Z Getting action download info
2026-10-09T00:06:17.8086275Z Download action repository 'actions/checkout@v4' (SHA:11d5960a326750d5838078e36cf38b85af677262)
2026-10-09T00:06:17.9153985Z Download action repository 'actions/download-artifact@v4' (SHA:d3f86a106a0bac45b974a628896c90dbdf5c8093)
2026-10-09T00:06:18.6217017Z Download action repository 'actions/upload-artifact@v4' (SHA:ea165f8d65b6e75b540449e92b4886f43607fa02)
2026-10-09T00:06:18.9251225Z Complete job name: adversarial-review
2026-10-09T00:06:18.9906785Z ##[group]Run actions/checkout@v4
2026-10-09T00:06:18.9907686Z with:
2026-10-09T00:06:18.9908317Z   repository: proteinfoldingengine/WetLabEngine
2026-10-09T00:06:18.9912395Z   token: ***
2026-10-09T00:06:18.9912920Z   ssh-strict: true
2026-10-09T00:06:18.9913405Z   ssh-user: git
2026-10-09T00:06:18.9914002Z   persist-credentials: true
2026-10-09T00:06:18.9914579Z   clean: true
2026-10-09T00:06:18.9915117Z   sparse-checkout-cone-mode: true
2026-10-09T00:06:18.9915693Z   fetch-depth: 1
2026-10-09T00:06:18.9916167Z   fetch-tags: false
2026-10-09T00:06:18.9916704Z   show-progress: true
2026-10-09T00:06:18.9917266Z   lfs: false
2026-10-09T00:06:18.9917776Z   submodules: false
2026-10-09T00:06:18.9918299Z   set-safe-directory: true
2026-10-09T00:06:18.9918974Z   allow-unsafe-pr-checkout: false
2026-10-09T00:06:18.9919804Z ##[endgroup]
2026-10-09T00:06:19.0893217Z Syncing repository: proteinfoldingengine/WetLabEngine
2026-10-09T00:06:19.0895947Z ##[group]Getting Git version info
2026-10-09T00:06:19.0897292Z Working directory is '/home/runner/work/WetLabEngine/WetLabEngine'
2026-10-09T00:06:19.0899126Z [command]/usr/bin/git version
2026-10-09T00:06:19.1032571Z git version 2.55.0
2026-10-09T00:06:19.1052598Z ##[endgroup]
2026-10-09T00:06:19.1067399Z Temporarily overriding HOME='/home/runner/work/_temp/897e2b54-5d55-46f6-9099-26dd569677a7' before making global git config changes
2026-10-09T00:06:19.1070367Z Adding repository directory to the temporary git global config as a safe directory
2026-10-09T00:06:19.1072151Z [command]/usr/bin/git config --global --add safe.directory /home/runner/work/WetLabEngine/WetLabEngine
2026-10-09T00:06:19.1114395Z Deleting the contents of '/home/runner/work/WetLabEngine/WetLabEngine'
2026-10-09T00:06:19.1118561Z ##[group]Initializing the repository
2026-10-09T00:06:19.1123702Z [command]/usr/bin/git init /home/runner/work/WetLabEngine/WetLabEngine
2026-10-09T00:06:19.1204576Z hint: Using 'master' as the name for the initial branch. This default branch name
2026-10-09T00:06:19.1206153Z hint: will change to "main" in Git 3.0. To configure the initial branch name
2026-10-09T00:06:19.1207457Z hint: to use in all of your new repositories, which will suppress this warning,
2026-10-09T00:06:19.1208507Z hint: call:
2026-10-09T00:06:19.1209827Z hint:
2026-10-09T00:06:19.1210813Z hint: 	git config --global init.defaultBranch <name>
2026-10-09T00:06:19.1211740Z hint:
2026-10-09T00:06:19.1212567Z hint: Names commonly chosen instead of 'master' are 'main', 'trunk' and
2026-10-09T00:06:19.1213882Z hint: 'development'. The just-created branch can be renamed via this command:
2026-10-09T00:06:19.1214917Z hint:
2026-10-09T00:06:19.1215454Z hint: 	git branch -m <name>
2026-10-09T00:06:19.1216058Z hint:
2026-10-09T00:06:19.1216739Z hint: Disable this message with "git config set advice.defaultBranchName false"
2026-10-09T00:06:19.1218268Z Initialized empty Git repository in /home/runner/work/WetLabEngine/WetLabEngine/.git/
2026-10-09T00:06:19.1221447Z [command]/usr/bin/git remote add origin https://github.com/proteinfoldingengine/WetLabEngine
2026-10-09T00:06:19.1267601Z ##[endgroup]
2026-10-09T00:06:19.1269153Z ##[group]Disabling automatic garbage collection
2026-10-09T00:06:19.1270408Z [command]/usr/bin/git config --local gc.auto 0
2026-10-09T00:06:19.1298646Z ##[endgroup]
2026-10-09T00:06:19.1300196Z ##[group]Setting up auth
2026-10-09T00:06:19.1305248Z [command]/usr/bin/git config --local --name-only --get-regexp core\.sshCommand
2026-10-09T00:06:19.1344548Z [command]/usr/bin/git submodule foreach --recursive sh -c "git config --local --name-only --get-regexp 'core\.sshCommand' && git config --local --unset-all 'core.sshCommand' || :"
2026-10-09T00:06:19.1620310Z [command]/usr/bin/git config --local --name-only --get-regexp http\.https\:\/\/github\.com\/\.extraheader
2026-10-09T00:06:19.1651957Z [command]/usr/bin/git submodule foreach --recursive sh -c "git config --local --name-only --get-regexp 'http\.https\:\/\/github\.com\/\.extraheader' && git config --local --unset-all 'http.https://github.com/.extraheader' || :"
2026-10-09T00:06:19.1840773Z [command]/usr/bin/git config --local --name-only --get-regexp ^includeIf\.gitdir:
2026-10-09T00:06:19.1867347Z [command]/usr/bin/git submodule foreach --recursive git config --local --show-origin --name-only --get-regexp remote.origin.url
2026-10-09T00:06:19.2040372Z [command]/usr/bin/git config --local http.https://github.com/.extraheader AUTHORIZATION: basic ***
2026-10-09T00:06:19.2075368Z ##[endgroup]
2026-10-09T00:06:19.2076575Z ##[group]Fetching the repository
2026-10-09T00:06:19.2084617Z [command]/usr/bin/git -c protocol.version=2 fetch --no-tags --prune --no-recurse-submodules --depth=1 origin +700c405bdc1267fc861c78042771489929ee7489:refs/remotes/origin/main
2026-10-09T00:06:29.8084879Z From https://github.com/proteinfoldingengine/WetLabEngine
2026-10-09T00:06:29.8085879Z  * [new ref]         700c405bdc1267fc861c78042771489929ee7489 -> origin/main
2026-10-09T00:06:29.8088472Z ##[endgroup]
2026-10-09T00:06:29.8089630Z ##[group]Determining the checkout info
2026-10-09T00:06:29.8091033Z ##[endgroup]
2026-10-09T00:06:29.8097237Z [command]/usr/bin/git sparse-checkout disable
2026-10-09T00:06:29.8182976Z [command]/usr/bin/git config --local --unset-all extensions.worktreeConfig
2026-10-09T00:06:29.8209701Z ##[group]Checking out the ref
2026-10-09T00:06:29.8213835Z [command]/usr/bin/git checkout --progress --force -B main refs/remotes/origin/main
2026-10-09T00:06:30.8856578Z Updating files:  46% (1463/3138)
2026-10-09T00:06:31.0112629Z Updating files:  47% (1475/3138)
2026-10-09T00:06:31.1874881Z Updating files:  48% (1507/3138)
2026-10-09T00:06:31.1882693Z Updating files:  49% (1538/3138)
2026-10-09T00:06:31.1889663Z Updating files:  50% (1569/3138)
2026-10-09T00:06:31.3143672Z Updating files:  51% (1601/3138)
2026-10-09T00:06:31.4346787Z Updating files:  52% (1632/3138)
2026-10-09T00:06:31.4850864Z Updating files:  53% (1664/3138)
2026-10-09T00:06:31.5634317Z Updating files:  54% (1695/3138)
2026-10-09T00:06:31.6075014Z Updating files:  55% (1726/3138)
2026-10-09T00:06:31.6227912Z Updating files:  56% (1758/3138)
2026-10-09T00:06:31.6692861Z Updating files:  57% (1789/3138)
2026-10-09T00:06:31.6764072Z Updating files:  58% (1821/3138)
2026-10-09T00:06:31.6824946Z Updating files:  59% (1852/3138)
2026-10-09T00:06:31.6859392Z Updating files:  60% (1883/3138)
2026-10-09T00:06:31.6887778Z Updating files:  61% (1915/3138)
2026-10-09T00:06:31.7430790Z Updating files:  62% (1946/3138)
2026-10-09T00:06:31.7447157Z Updating files:  63% (1977/3138)
2026-10-09T00:06:31.7460328Z Updating files:  64% (2009/3138)
2026-10-09T00:06:31.7476316Z Updating files:  65% (2040/3138)
2026-10-09T00:06:31.7489997Z Updating files:  66% (2072/3138)
2026-10-09T00:06:31.7503264Z Updating files:  67% (2103/3138)
2026-10-09T00:06:31.7516313Z Updating files:  68% (2134/3138)
2026-10-09T00:06:31.7531376Z Updating files:  69% (2166/3138)
2026-10-09T00:06:31.7545825Z Updating files:  70% (2197/3138)
2026-10-09T00:06:31.7558013Z Updating files:  71% (2228/3138)
2026-10-09T00:06:31.7574101Z Updating files:  72% (2260/3138)
2026-10-09T00:06:31.7591625Z Updating files:  73% (2291/3138)
2026-10-09T00:06:31.7601842Z Updating files:  74% (2323/3138)
2026-10-09T00:06:31.7610848Z Updating files:  75% (2354/3138)
2026-10-09T00:06:31.7636464Z Updating files:  76% (2385/3138)
2026-10-09T00:06:31.7783845Z Updating files:  77% (2417/3138)
2026-10-09T00:06:31.7800517Z Updating files:  78% (2448/3138)
2026-10-09T00:06:31.8493490Z Updating files:  79% (2480/3138)
2026-10-09T00:06:31.9813594Z Updating files:  79% (2503/3138)
2026-10-09T00:06:32.2105948Z Updating files:  80% (2511/3138)
2026-10-09T00:06:32.2162783Z Updating files:  81% (2542/3138)
2026-10-09T00:06:32.2217986Z Updating files:  82% (2574/3138)
2026-10-09T00:06:32.2496741Z Updating files:  83% (2605/3138)
2026-10-09T00:06:32.2601978Z Updating files:  84% (2636/3138)
2026-10-09T00:06:32.2813434Z Updating files:  85% (2668/3138)
2026-10-09T00:06:32.2901529Z Updating files:  86% (2699/3138)
2026-10-09T00:06:32.3011594Z Updating files:  87% (2731/3138)
2026-10-09T00:06:32.3241827Z Updating files:  88% (2762/3138)
2026-10-09T00:06:32.3706249Z Updating files:  89% (2793/3138)
2026-10-09T00:06:32.3842553Z Updating files:  90% (2825/3138)
2026-10-09T00:06:32.3903603Z Updating files:  91% (2856/3138)
2026-10-09T00:06:32.3913845Z Updating files:  92% (2887/3138)
2026-10-09T00:06:32.3944272Z Updating files:  93% (2919/3138)
2026-10-09T00:06:32.3955575Z Updating files:  94% (2950/3138)
2026-10-09T00:06:32.4031902Z Updating files:  95% (2982/3138)
2026-10-09T00:06:32.4057675Z Updating files:  96% (3013/3138)
2026-10-09T00:06:32.4183613Z Updating files:  97% (3044/3138)
2026-10-09T00:06:32.4202744Z Updating files:  98% (3076/3138)
2026-10-09T00:06:32.4226951Z Updating files:  99% (3107/3138)
2026-10-09T00:06:32.4227497Z Updating files: 100% (3138/3138)
2026-10-09T00:06:32.4228014Z Updating files: 100% (3138/3138), done.
2026-10-09T00:06:32.4274796Z Switched to a new branch 'main'
2026-10-09T00:06:32.4279360Z branch 'main' set up to track 'origin/main'.
2026-10-09T00:06:32.4332457Z ##[endgroup]
2026-10-09T00:06:32.4372749Z [command]/usr/bin/git log -1 --format=%H
2026-10-09T00:06:32.4396796Z 700c405bdc1267fc861c78042771489929ee7489
2026-10-09T00:06:32.4653201Z ##[group]Run actions/checkout@v4
2026-10-09T00:06:32.4653522Z with:
2026-10-09T00:06:32.4653892Z   ref: 6ffcdb3c418bb83ae48c51d86567c32120816d35
2026-10-09T00:06:32.4654261Z   path: research_snapshot
2026-10-09T00:06:32.4654589Z   persist-credentials: false
2026-10-09T00:06:32.4655016Z   sparse-checkout: ResearchHistory/UQCF-GEM/research/physical-bridge
2026-10-09T00:06:32.4655513Z   repository: proteinfoldingengine/WetLabEngine
2026-10-09T00:06:32.4657792Z   token: ***
2026-10-09T00:06:32.4658077Z   ssh-strict: true
2026-10-09T00:06:32.4658408Z   ssh-user: git
2026-10-09T00:06:32.4658679Z   clean: true
2026-10-09T00:06:32.4659152Z   sparse-checkout-cone-mode: true
2026-10-09T00:06:32.4659526Z   fetch-depth: 1
2026-10-09T00:06:32.4659939Z   fetch-tags: false
2026-10-09T00:06:32.4660227Z   show-progress: true
2026-10-09T00:06:32.4660529Z   lfs: false
2026-10-09T00:06:32.4660844Z   submodules: false
2026-10-09T00:06:32.4661159Z   set-safe-directory: true
2026-10-09T00:06:32.4661577Z   allow-unsafe-pr-checkout: false
2026-10-09T00:06:32.4661928Z ##[endgroup]
2026-10-09T00:06:32.5442589Z Syncing repository: proteinfoldingengine/WetLabEngine
2026-10-09T00:06:32.5448121Z ##[group]Getting Git version info
2026-10-09T00:06:32.5450111Z Working directory is '/home/runner/work/WetLabEngine/WetLabEngine/research_snapshot'
2026-10-09T00:06:32.5487483Z [command]/usr/bin/git version
2026-10-09T00:06:32.5521178Z git version 2.55.0
2026-10-09T00:06:32.5559930Z ##[endgroup]
2026-10-09T00:06:32.5562039Z Temporarily overriding HOME='/home/runner/work/_temp/014ba5bb-ab61-463c-8945-ce227cd35b23' before making global git config changes
2026-10-09T00:06:32.5563044Z Adding repository directory to the temporary git global config as a safe directory
2026-10-09T00:06:32.5563945Z [command]/usr/bin/git config --global --add safe.directory /home/runner/work/WetLabEngine/WetLabEngine/research_snapshot
2026-10-09T00:06:32.5582104Z ##[group]Initializing the repository
2026-10-09T00:06:32.5585832Z [command]/usr/bin/git init /home/runner/work/WetLabEngine/WetLabEngine/research_snapshot
2026-10-09T00:06:32.5618270Z hint: Using 'master' as the name for the initial branch. This default branch name
2026-10-09T00:06:32.5619371Z hint: will change to "main" in Git 3.0. To configure the initial branch name
2026-10-09T00:06:32.5621141Z hint: to use in all of your new repositories, which will suppress this warning,
2026-10-09T00:06:32.5621998Z hint: call:
2026-10-09T00:06:32.5622761Z hint:
2026-10-09T00:06:32.5623432Z hint: 	git config --global init.defaultBranch <name>
2026-10-09T00:06:32.5623963Z hint:
2026-10-09T00:06:32.5624529Z hint: Names commonly chosen instead of 'master' are 'main', 'trunk' and
2026-10-09T00:06:32.5625461Z hint: 'development'. The just-created branch can be renamed via this command:
2026-10-09T00:06:32.5626136Z hint:
2026-10-09T00:06:32.5626551Z hint: 	git branch -m <name>
2026-10-09T00:06:32.5626961Z hint:
2026-10-09T00:06:32.5627527Z hint: Disable this message with "git config set advice.defaultBranchName false"
2026-10-09T00:06:32.5628530Z Initialized empty Git repository in /home/runner/work/WetLabEngine/WetLabEngine/research_snapshot/.git/
2026-10-09T00:06:32.5631763Z [command]/usr/bin/git remote add origin https://github.com/proteinfoldingengine/WetLabEngine
2026-10-09T00:06:32.5661603Z ##[endgroup]
2026-10-09T00:06:32.5662506Z ##[group]Disabling automatic garbage collection
2026-10-09T00:06:32.5665765Z [command]/usr/bin/git config --local gc.auto 0
2026-10-09T00:06:32.5692493Z ##[endgroup]
2026-10-09T00:06:32.5693203Z ##[group]Setting up auth
2026-10-09T00:06:32.5699141Z [command]/usr/bin/git config --local --name-only --get-regexp core\.sshCommand
2026-10-09T00:06:32.5724761Z [command]/usr/bin/git submodule foreach --recursive sh -c "git config --local --name-only --get-regexp 'core\.sshCommand' && git config --local --unset-all 'core.sshCommand' || :"
2026-10-09T00:06:32.5917964Z [command]/usr/bin/git config --local --name-only --get-regexp http\.https\:\/\/github\.com\/\.extraheader
2026-10-09T00:06:32.5948707Z [command]/usr/bin/git submodule foreach --recursive sh -c "git config --local --name-only --get-regexp 'http\.https\:\/\/github\.com\/\.extraheader' && git config --local --unset-all 'http.https://github.com/.extraheader' || :"
2026-10-09T00:06:32.6151447Z [command]/usr/bin/git config --local --name-only --get-regexp ^includeIf\.gitdir:
2026-10-09T00:06:32.6179460Z [command]/usr/bin/git submodule foreach --recursive git config --local --show-origin --name-only --get-regexp remote.origin.url
2026-10-09T00:06:32.6368163Z [command]/usr/bin/git config --local http.https://github.com/.extraheader AUTHORIZATION: basic ***
2026-10-09T00:06:32.6404134Z ##[endgroup]
2026-10-09T00:06:32.6405033Z ##[group]Fetching the repository
2026-10-09T00:06:32.6413664Z [command]/usr/bin/git -c protocol.version=2 fetch --no-tags --prune --no-recurse-submodules --filter=blob:none --depth=1 origin 6ffcdb3c418bb83ae48c51d86567c32120816d35
2026-10-09T00:06:33.2811070Z From https://github.com/proteinfoldingengine/WetLabEngine
2026-10-09T00:06:33.2812124Z  * branch            6ffcdb3c418bb83ae48c51d86567c32120816d35 -> FETCH_HEAD
2026-10-09T00:06:33.2815740Z ##[endgroup]
2026-10-09T00:06:33.2816463Z ##[group]Determining the checkout info
2026-10-09T00:06:33.2820003Z ##[endgroup]
2026-10-09T00:06:33.2827361Z ##[group]Setting up sparse checkout
2026-10-09T00:06:33.2828357Z [command]/usr/bin/git sparse-checkout set ResearchHistory/UQCF-GEM/research/physical-bridge
2026-10-09T00:06:33.2864838Z ##[endgroup]
2026-10-09T00:06:33.2865521Z ##[group]Checking out the ref
2026-10-09T00:06:33.2871277Z [command]/usr/bin/git checkout --progress --force 6ffcdb3c418bb83ae48c51d86567c32120816d35
2026-10-09T00:06:34.3958198Z Updating files:   0% (1/332)
2026-10-09T00:06:34.3960703Z Updating files:   1% (4/332)
2026-10-09T00:06:34.3970082Z Updating files:   2% (7/332)
2026-10-09T00:06:34.3970715Z Updating files:   3% (10/332)
2026-10-09T00:06:34.3971294Z Updating files:   4% (14/332)
2026-10-09T00:06:34.3971786Z Updating files:   5% (17/332)
2026-10-09T00:06:34.3972335Z Updating files:   6% (20/332)
2026-10-09T00:06:34.3972828Z Updating files:   7% (24/332)
2026-10-09T00:06:34.3980557Z Updating files:   8% (27/332)
2026-10-09T00:06:34.3981115Z Updating files:   9% (30/332)
2026-10-09T00:06:34.3981584Z Updating files:  10% (34/332)
2026-10-09T00:06:34.3982085Z Updating files:  11% (37/332)
2026-10-09T00:06:34.3982577Z Updating files:  12% (40/332)
2026-10-09T00:06:34.3984226Z Updating files:  13% (44/332)
2026-10-09T00:06:34.3985322Z Updating files:  14% (47/332)
2026-10-09T00:06:34.3987228Z Updating files:  15% (50/332)
2026-10-09T00:06:34.3988825Z Updating files:  16% (54/332)
2026-10-09T00:06:34.3990522Z Updating files:  17% (57/332)
2026-10-09T00:06:34.3992180Z Updating files:  18% (60/332)
2026-10-09T00:06:34.3993905Z Updating files:  19% (64/332)
2026-10-09T00:06:34.3995262Z Updating files:  20% (67/332)
2026-10-09T00:06:34.3996968Z Updating files:  21% (70/332)
2026-10-09T00:06:34.3998250Z Updating files:  22% (74/332)
2026-10-09T00:06:34.3999509Z Updating files:  23% (77/332)
2026-10-09T00:06:34.4000964Z Updating files:  24% (80/332)
2026-10-09T00:06:34.4002828Z Updating files:  25% (83/332)
2026-10-09T00:06:34.4004512Z Updating files:  26% (87/332)
2026-10-09T00:06:34.4005876Z Updating files:  27% (90/332)
2026-10-09T00:06:34.4008165Z Updating files:  28% (93/332)
2026-10-09T00:06:34.4010632Z Updating files:  29% (97/332)
2026-10-09T00:06:34.4012518Z Updating files:  30% (100/332)
2026-10-09T00:06:34.4016252Z Updating files:  31% (103/332)
2026-10-09T00:06:34.4017575Z Updating files:  32% (107/332)
2026-10-09T00:06:34.4019504Z Updating files:  33% (110/332)
2026-10-09T00:06:34.4021737Z Updating files:  34% (113/332)
2026-10-09T00:06:34.4023532Z Updating files:  35% (117/332)
2026-10-09T00:06:34.4025238Z Updating files:  36% (120/332)
2026-10-09T00:06:34.4037813Z Updating files:  37% (123/332)
2026-10-09T00:06:34.4038378Z Updating files:  38% (127/332)
2026-10-09T00:06:34.4039021Z Updating files:  39% (130/332)
2026-10-09T00:06:34.4039828Z Updating files:  40% (133/332)
2026-10-09T00:06:34.4040294Z Updating files:  41% (137/332)
2026-10-09T00:06:34.4040806Z Updating files:  42% (140/332)
2026-10-09T00:06:34.4041270Z Updating files:  43% (143/332)
2026-10-09T00:06:34.4041801Z Updating files:  44% (147/332)
2026-10-09T00:06:34.4042302Z Updating files:  45% (150/332)
2026-10-09T00:06:34.4042760Z Updating files:  46% (153/332)
2026-10-09T00:06:34.4043273Z Updating files:  47% (157/332)
2026-10-09T00:06:34.4044220Z Updating files:  48% (160/332)
2026-10-09T00:06:34.4045442Z Updating files:  49% (163/332)
2026-10-09T00:06:34.4047383Z Updating files:  50% (166/332)
2026-10-09T00:06:34.4049221Z Updating files:  51% (170/332)
2026-10-09T00:06:34.4050702Z Updating files:  52% (173/332)
2026-10-09T00:06:34.4054281Z Updating files:  53% (176/332)
2026-10-09T00:06:34.4056251Z Updating files:  54% (180/332)
2026-10-09T00:06:34.4057191Z Updating files:  55% (183/332)
2026-10-09T00:06:34.4059965Z Updating files:  56% (186/332)
2026-10-09T00:06:34.4061495Z Updating files:  57% (190/332)
2026-10-09T00:06:34.4063213Z Updating files:  58% (193/332)
2026-10-09T00:06:34.4065894Z Updating files:  59% (196/332)
2026-10-09T00:06:34.4067496Z Updating files:  60% (200/332)
2026-10-09T00:06:34.4069599Z Updating files:  61% (203/332)
2026-10-09T00:06:34.4071871Z Updating files:  62% (206/332)
2026-10-09T00:06:34.4073573Z Updating files:  63% (210/332)
2026-10-09T00:06:34.4075865Z Updating files:  64% (213/332)
2026-10-09T00:06:34.4079976Z Updating files:  65% (216/332)
2026-10-09T00:06:34.4082237Z Updating files:  66% (220/332)
2026-10-09T00:06:34.4084100Z Updating files:  67% (223/332)
2026-10-09T00:06:34.4086523Z Updating files:  68% (226/332)
2026-10-09T00:06:34.4088183Z Updating files:  69% (230/332)
2026-10-09T00:06:34.4090256Z Updating files:  70% (233/332)
2026-10-09T00:06:34.4091661Z Updating files:  71% (236/332)
2026-10-09T00:06:34.4093503Z Updating files:  72% (240/332)
2026-10-09T00:06:34.4094365Z Updating files:  73% (243/332)
2026-10-09T00:06:34.4095650Z Updating files:  74% (246/332)
2026-10-09T00:06:34.4096600Z Updating files:  75% (249/332)
2026-10-09T00:06:34.4098238Z Updating files:  76% (253/332)
2026-10-09T00:06:34.4099013Z Updating files:  77% (256/332)
2026-10-09T00:06:34.4110472Z Updating files:  78% (259/332)
2026-10-09T00:06:34.4111020Z Updating files:  79% (263/332)
2026-10-09T00:06:34.4111554Z Updating files:  80% (266/332)
2026-10-09T00:06:34.4111998Z Updating files:  81% (269/332)
2026-10-09T00:06:34.4116055Z Updating files:  82% (273/332)
2026-10-09T00:06:34.4127101Z Updating files:  83% (276/332)
2026-10-09T00:06:34.4129425Z Updating files:  84% (279/332)
2026-10-09T00:06:34.4132624Z Updating files:  85% (283/332)
2026-10-09T00:06:34.4136828Z Updating files:  86% (286/332)
2026-10-09T00:06:34.4139164Z Updating files:  87% (289/332)
2026-10-09T00:06:34.4143583Z Updating files:  88% (293/332)
2026-10-09T00:06:34.4145415Z Updating files:  89% (296/332)
2026-10-09T00:06:34.4148025Z Updating files:  90% (299/332)
2026-10-09T00:06:34.4151118Z Updating files:  91% (303/332)
2026-10-09T00:06:34.4153003Z Updating files:  92% (306/332)
2026-10-09T00:06:34.4155209Z Updating files:  93% (309/332)
2026-10-09T00:06:34.4156541Z Updating files:  94% (313/332)
2026-10-09T00:06:34.4159116Z Updating files:  95% (316/332)
2026-10-09T00:06:34.4162417Z Updating files:  96% (319/332)
2026-10-09T00:06:34.4163652Z Updating files:  97% (323/332)
2026-10-09T00:06:34.4165149Z Updating files:  98% (326/332)
2026-10-09T00:06:34.4167523Z Updating files:  99% (329/332)
2026-10-09T00:06:34.4168111Z Updating files: 100% (332/332)
2026-10-09T00:06:34.4168772Z Updating files: 100% (332/332), done.
2026-10-09T00:06:34.4261998Z Note: switching to '6ffcdb3c418bb83ae48c51d86567c32120816d35'.
2026-10-09T00:06:34.4262412Z 
2026-10-09T00:06:34.4262720Z You are in 'detached HEAD' state. You can look around, make experimental
2026-10-09T00:06:34.4263313Z changes and commit them, and you can discard any commits you make in this
2026-10-09T00:06:34.4264087Z state without impacting any branches by switching back to a branch.
2026-10-09T00:06:34.4264392Z 
2026-10-09T00:06:34.4264664Z If you want to create a new branch to retain commits you create, you may
2026-10-09T00:06:34.4265242Z do so (now or later) by using -c with the switch command. Example:
2026-10-09T00:06:34.4265611Z 
2026-10-09T00:06:34.4265809Z   git switch -c <new-branch-name>
2026-10-09T00:06:34.4266217Z 
2026-10-09T00:06:34.4266423Z Or undo this operation with:
2026-10-09T00:06:34.4266717Z 
2026-10-09T00:06:34.4266875Z   git switch -
2026-10-09T00:06:34.4267096Z 
2026-10-09T00:06:34.4267509Z Turn off this advice by setting config variable advice.detachedHead to false
2026-10-09T00:06:34.4267915Z 
2026-10-09T00:06:34.4268360Z HEAD is now at 6ffcdb3 research: prove sharp integer miss-count reconstruction threshold with native boundary
2026-10-09T00:06:34.4270288Z ##[endgroup]
2026-10-09T00:06:34.4302767Z [command]/usr/bin/git log -1 --format=%H
2026-10-09T00:06:34.4338284Z 6ffcdb3c418bb83ae48c51d86567c32120816d35
2026-10-09T00:06:34.4339901Z ##[group]Removing auth
2026-10-09T00:06:34.4340388Z [command]/usr/bin/git config --local --name-only --get-regexp core\.sshCommand
2026-10-09T00:06:34.4365583Z [command]/usr/bin/git submodule foreach --recursive sh -c "git config --local --name-only --get-regexp 'core\.sshCommand' && git config --local --unset-all 'core.sshCommand' || :"
2026-10-09T00:06:34.4559108Z [command]/usr/bin/git config --local --name-only --get-regexp http\.https\:\/\/github\.com\/\.extraheader
2026-10-09T00:06:34.4581738Z http.https://github.com/.extraheader
2026-10-09T00:06:34.4588653Z [command]/usr/bin/git config --local --unset-all http.https://github.com/.extraheader
2026-10-09T00:06:34.4617740Z [command]/usr/bin/git submodule foreach --recursive sh -c "git config --local --name-only --get-regexp 'http\.https\:\/\/github\.com\/\.extraheader' && git config --local --unset-all 'http.https://github.com/.extraheader' || :"
2026-10-09T00:06:34.4804674Z [command]/usr/bin/git config --local --name-only --get-regexp ^includeIf\.gitdir:
2026-10-09T00:06:34.4830091Z [command]/usr/bin/git submodule foreach --recursive git config --local --show-origin --name-only --get-regexp remote.origin.url
2026-10-09T00:06:34.5035793Z ##[endgroup]
2026-10-09T00:06:34.5172833Z ##[group]Run actions/download-artifact@v4
2026-10-09T00:06:34.5173246Z with:
2026-10-09T00:06:34.5173597Z   name: c3-miss-reconstruction-verification
2026-10-09T00:06:34.5173993Z   path: miss_reconstruction_verification
2026-10-09T00:06:34.5174703Z   merge-multiple: false
2026-10-09T00:06:34.5175090Z   repository: proteinfoldingengine/WetLabEngine
2026-10-09T00:06:34.5175500Z   run-id: 37863006548
2026-10-09T00:06:34.5175842Z ##[endgroup]
2026-10-09T00:06:34.6613440Z Downloading single artifact
2026-10-09T00:06:34.6749822Z (node:2296) [DEP0040] DeprecationWarning: The `punycode` module is deprecated. Please use a userland alternative instead.
2026-10-09T00:06:34.6751172Z (Use `node --trace-deprecation ...` to show where the warning was created)
2026-10-09T00:06:34.8972246Z Preparing to download the following artifacts:
2026-10-09T00:06:34.8973386Z - c3-miss-reconstruction-verification (ID: 11586599610, Size: 11026, Expected Digest: sha256:b457dda97279e00d23b88fb905d1f72b87f080397ef1d4b513906920885bdde0)
2026-10-09T00:06:35.1229351Z Redirecting to blob download url: https://productionresultssa4.blob.core.windows.net/actions-results/5cddf10e-da60-8943-9765-6ae0b3abd46a/workflow-job-run-3f15d539-f5bb-5dae-801b-8d353dad4df4/artifacts/faed248ae5f0284c769a5c6d6e3e0c1a9947ad35cee48ad2fbf72a1c2f3d2b01.zip
2026-10-09T00:06:35.1231497Z Starting download of artifact to: /home/runner/work/WetLabEngine/WetLabEngine/miss_reconstruction_verification
2026-10-09T00:06:35.3486555Z (node:2296) [DEP0005] DeprecationWarning: Buffer() is deprecated due to security and usability issues. Please use the Buffer.alloc(), Buffer.allocUnsafe(), or Buffer.from() methods instead.
2026-10-09T00:06:35.3580239Z SHA256 digest of downloaded artifact is b457dda97279e00d23b88fb905d1f72b87f080397ef1d4b513906920885bdde0
2026-10-09T00:06:35.3580851Z Artifact download completed successfully.
2026-10-09T00:06:35.3581324Z Total of 1 artifact(s) downloaded
2026-10-09T00:06:35.3585703Z Download artifact has finished successfully
2026-10-09T00:06:35.3699455Z ##[group]Run python3 .github/scripts/c3_miss_reconstruction_review.py
2026-10-09T00:06:35.3700186Z [36;1mpython3 .github/scripts/c3_miss_reconstruction_review.py[0m
2026-10-09T00:06:35.3865758Z shell: /usr/bin/bash -e {0}
2026-10-09T00:06:35.3866234Z env:
2026-10-09T00:06:35.3866757Z   GEMINI_API_KEY: ***
2026-10-09T00:06:35.3867099Z ##[endgroup]
2026-10-09T00:07:34.9742495Z Miss-reconstruction independent verdict: ACCEPTED
2026-10-09T00:07:34.9743353Z Missing assumptions: 0
2026-10-09T00:07:34.9744223Z Counterexamples: 0
2026-10-09T00:07:34.9745420Z Response SHA256: 0bd00ce41414d9ccc6b0ebfa24c3102e770ab987ce0b019c2d89cd5a34a91c95
2026-10-09T00:07:34.9746523Z This is not scientific certification.
2026-10-09T00:07:34.9910543Z ##[group]Run actions/upload-artifact@v4
2026-10-09T00:07:34.9910905Z with:
2026-10-09T00:07:34.9911287Z   name: c3-miss-reconstruction-review
2026-10-09T00:07:34.9911682Z   path: miss_reconstruction_review/
2026-10-09T00:07:34.9912040Z   retention-days: 30
2026-10-09T00:07:34.9912357Z   if-no-files-found: warn
2026-10-09T00:07:34.9912722Z   compression-level: 6
2026-10-09T00:07:34.9913084Z   overwrite: false
2026-10-09T00:07:34.9913399Z   include-hidden-files: false
2026-10-09T00:07:34.9913746Z ##[endgroup]
2026-10-09T00:07:35.1416845Z (node:2326) [DEP0040] DeprecationWarning: The `punycode` module is deprecated. Please use a userland alternative instead.
2026-10-09T00:07:35.1417725Z (Use `node --trace-deprecation ...` to show where the warning was created)
2026-10-09T00:07:35.1474789Z With the provided path, there will be 2 files uploaded
2026-10-09T00:07:35.1479722Z Artifact name is valid!
2026-10-09T00:07:35.1480293Z Root directory input is valid!
2026-10-09T00:07:35.4831403Z Beginning upload of artifact content to blob storage
2026-10-09T00:07:35.5010583Z (node:2326) [DEP0169] DeprecationWarning: `url.parse()` behavior is not standardized and prone to errors that have security implications. Use the WHATWG URL API instead. CVEs are not issued for `url.parse()` vulnerabilities.
2026-10-09T00:07:35.7386461Z Uploaded bytes 2471
2026-10-09T00:07:35.8023217Z Finished uploading artifact content to blob storage!
2026-10-09T00:07:35.8024029Z SHA256 digest of uploaded artifact zip is 2baf02dfb8a369fcb291449f658adfb87f5c48c67387bcbadcb37aa76494562c
2026-10-09T00:07:35.8025449Z Finalizing artifact upload
2026-10-09T00:07:36.0485795Z Artifact c3-miss-reconstruction-review.zip successfully finalized. Artifact ID 11586961421
2026-10-09T00:07:36.0486815Z Artifact c3-miss-reconstruction-review has been successfully uploaded! Final size is 2471 bytes. Artifact ID is 11586961421
2026-10-09T00:07:36.0492435Z Artifact download URL: https://github.com/proteinfoldingengine/WetLabEngine/actions/runs/37863006548/artifacts/11586961421
2026-10-09T00:07:36.0653957Z Post job cleanup.
2026-10-09T00:07:36.1421993Z [command]/usr/bin/git version
2026-10-09T00:07:36.1460196Z git version 2.55.0
2026-10-09T00:07:36.1491785Z Temporarily overriding HOME='/home/runner/work/_temp/c5668e22-f820-4c6d-84b0-e9564614468a' before making global git config changes
2026-10-09T00:07:36.1493187Z Adding repository directory to the temporary git global config as a safe directory
2026-10-09T00:07:36.1496806Z [command]/usr/bin/git config --global --add safe.directory /home/runner/work/WetLabEngine/WetLabEngine/research_snapshot
2026-10-09T00:07:36.1530474Z [command]/usr/bin/git config --local --name-only --get-regexp core\.sshCommand
2026-10-09T00:07:36.1561346Z [command]/usr/bin/git submodule foreach --recursive sh -c "git config --local --name-only --get-regexp 'core\.sshCommand' && git config --local --unset-all 'core.sshCommand' || :"
2026-10-09T00:07:36.1790578Z [command]/usr/bin/git config --local --name-only --get-regexp http\.https\:\/\/github\.com\/\.extraheader
2026-10-09T00:07:36.1811486Z [command]/usr/bin/git submodule foreach --recursive sh -c "git config --local --name-only --get-regexp 'http\.https\:\/\/github\.com\/\.extraheader' && git config --local --unset-all 'http.https://github.com/.extraheader' || :"
2026-10-09T00:07:36.2021699Z [command]/usr/bin/git config --local --name-only --get-regexp ^includeIf\.gitdir:
2026-10-09T00:07:36.2047781Z [command]/usr/bin/git submodule foreach --recursive git config --local --show-origin --name-only --get-regexp remote.origin.url
2026-10-09T00:07:36.2425246Z Post job cleanup.
2026-10-09T00:07:36.3218646Z [command]/usr/bin/git version
2026-10-09T00:07:36.3259500Z git version 2.55.0
2026-10-09T00:07:36.3299197Z Temporarily overriding HOME='/home/runner/work/_temp/03759bdb-b416-414d-875c-16d003f614af' before making global git config changes
2026-10-09T00:07:36.3300338Z Adding repository directory to the temporary git global config as a safe directory
2026-10-09T00:07:36.3305240Z [command]/usr/bin/git config --global --add safe.directory /home/runner/work/WetLabEngine/WetLabEngine
2026-10-09T00:07:36.3344015Z [command]/usr/bin/git config --local --name-only --get-regexp core\.sshCommand
2026-10-09T00:07:36.3374340Z [command]/usr/bin/git submodule foreach --recursive sh -c "git config --local --name-only --get-regexp 'core\.sshCommand' && git config --local --unset-all 'core.sshCommand' || :"
2026-10-09T00:07:36.3569696Z [command]/usr/bin/git config --local --name-only --get-regexp http\.https\:\/\/github\.com\/\.extraheader
2026-10-09T00:07:36.3587557Z http.https://github.com/.extraheader
2026-10-09T00:07:36.3597200Z [command]/usr/bin/git config --local --unset-all http.https://github.com/.extraheader
2026-10-09T00:07:36.3626106Z [command]/usr/bin/git submodule foreach --recursive sh -c "git config --local --name-only --get-regexp 'http\.https\:\/\/github\.com\/\.extraheader' && git config --local --unset-all 'http.https://github.com/.extraheader' || :"
2026-10-09T00:07:36.3835116Z [command]/usr/bin/git config --local --name-only --get-regexp ^includeIf\.gitdir:
2026-10-09T00:07:36.3872300Z [command]/usr/bin/git submodule foreach --recursive git config --local --show-origin --name-only --get-regexp remote.origin.url
2026-10-09T00:07:36.4211860Z Cleaning up orphan processes
2026-10-09T00:07:36.4445149Z ##[warning]Node.js 20 is deprecated. The following actions target Node.js 20 but are being forced to run on Node.js 24: actions/checkout@v4, actions/download-artifact@v4, actions/upload-artifact@v4. For more information see: https://github.blog/changelog/2025-09-19-deprecation-of-node-20-on-github-actions-runners/
