2026-10-09T00:06:07.7631679Z Current runner version: '2.337.0'
2026-10-09T00:06:07.7656972Z ##[group]Runner Image Provisioner
2026-10-09T00:06:07.7657931Z Hosted Compute Agent
2026-10-09T00:06:07.7658542Z Version: 20261002.596
2026-10-09T00:06:07.7659169Z Commit: c3d12f3313a95f25162a1503be624f3b0617f8c0
2026-10-09T00:06:07.7660013Z Build Date: 2026-10-02T22:28:27Z
2026-10-09T00:06:07.7660720Z Worker ID: {12b17930-897c-4e36-a07a-68fdc5561e34}
2026-10-09T00:06:07.7661407Z Region: westus2
2026-10-09T00:06:07.7662023Z Cloud: Azure
2026-10-09T00:06:07.7662790Z ##[endgroup]
2026-10-09T00:06:07.7664556Z ##[group]Operating System
2026-10-09T00:06:07.7665204Z Ubuntu
2026-10-09T00:06:07.7665697Z 24.04.5
2026-10-09T00:06:07.7666362Z LTS
2026-10-09T00:06:07.7666878Z ##[endgroup]
2026-10-09T00:06:07.7667482Z ##[group]Runner Image
2026-10-09T00:06:07.7668123Z Image: ubuntu-24.04
2026-10-09T00:06:07.7668690Z Version: 20261004.327.1
2026-10-09T00:06:07.7669994Z Included Software: https://github.com/actions/runner-images/blob/ubuntu24/20261004.327/images/ubuntu/Ubuntu2404-Readme.md
2026-10-09T00:06:07.7671605Z Image Release: https://github.com/actions/runner-images/releases/tag/ubuntu24%2F20261004.327
2026-10-09T00:06:07.7672965Z ##[endgroup]
2026-10-09T00:06:07.7674466Z ##[group]GITHUB_TOKEN Permissions
2026-10-09T00:06:07.7676567Z Contents: read
2026-10-09T00:06:07.7677206Z Metadata: read
2026-10-09T00:06:07.7677873Z ##[endgroup]
2026-10-09T00:06:07.7679954Z Secret source: Actions
2026-10-09T00:06:07.7680938Z Cache mode: write
2026-10-09T00:06:07.7681615Z Prepare workflow directory
2026-10-09T00:06:07.8024031Z Prepare all required actions
2026-10-09T00:06:07.8075611Z Getting action download info
2026-10-09T00:06:08.1610663Z Download action repository 'actions/checkout@v4' (SHA:11d5960a326750d5838078e36cf38b85af677262)
2026-10-09T00:06:08.2714673Z Download action repository 'actions/upload-artifact@v4' (SHA:ea165f8d65b6e75b540449e92b4886f43607fa02)
2026-10-09T00:06:08.4841475Z Complete job name: verification
2026-10-09T00:06:08.5599409Z ##[group]Run actions/checkout@v4
2026-10-09T00:06:08.5600415Z with:
2026-10-09T00:06:08.5600961Z   ref: 6ffcdb3c418bb83ae48c51d86567c32120816d35
2026-10-09T00:06:08.5601578Z   path: research_snapshot
2026-10-09T00:06:08.5602078Z   persist-credentials: false
2026-10-09T00:06:08.5603040Z   sparse-checkout: ResearchHistory/UQCF-GEM/research/physical-bridge
2026-10-09T00:06:08.5603841Z   repository: proteinfoldingengine/WetLabEngine
2026-10-09T00:06:08.5607641Z   token: ***
2026-10-09T00:06:08.5608076Z   ssh-strict: true
2026-10-09T00:06:08.5608519Z   ssh-user: git
2026-10-09T00:06:08.5608946Z   clean: true
2026-10-09T00:06:08.5609394Z   sparse-checkout-cone-mode: true
2026-10-09T00:06:08.5609927Z   fetch-depth: 1
2026-10-09T00:06:08.5610366Z   fetch-tags: false
2026-10-09T00:06:08.5610819Z   show-progress: true
2026-10-09T00:06:08.5611282Z   lfs: false
2026-10-09T00:06:08.5611701Z   submodules: false
2026-10-09T00:06:08.5612158Z   set-safe-directory: true
2026-10-09T00:06:08.5612969Z   allow-unsafe-pr-checkout: false
2026-10-09T00:06:08.5613801Z ##[endgroup]
2026-10-09T00:06:08.6653081Z Syncing repository: proteinfoldingengine/WetLabEngine
2026-10-09T00:06:08.6656237Z ##[group]Getting Git version info
2026-10-09T00:06:08.6657780Z Working directory is '/home/runner/work/WetLabEngine/WetLabEngine/research_snapshot'
2026-10-09T00:06:08.6659244Z [command]/usr/bin/git version
2026-10-09T00:06:08.6737961Z git version 2.55.0
2026-10-09T00:06:08.6763677Z ##[endgroup]
2026-10-09T00:06:08.6783834Z Temporarily overriding HOME='/home/runner/work/_temp/7ac9feb3-355b-4996-878b-1e690954cca5' before making global git config changes
2026-10-09T00:06:08.6786173Z Adding repository directory to the temporary git global config as a safe directory
2026-10-09T00:06:08.6789019Z [command]/usr/bin/git config --global --add safe.directory /home/runner/work/WetLabEngine/WetLabEngine/research_snapshot
2026-10-09T00:06:08.6846486Z ##[group]Initializing the repository
2026-10-09T00:06:08.6852741Z [command]/usr/bin/git init /home/runner/work/WetLabEngine/WetLabEngine/research_snapshot
2026-10-09T00:06:08.6973811Z hint: Using 'master' as the name for the initial branch. This default branch name
2026-10-09T00:06:08.6980860Z hint: will change to "main" in Git 3.0. To configure the initial branch name
2026-10-09T00:06:08.6983759Z hint: to use in all of your new repositories, which will suppress this warning,
2026-10-09T00:06:08.6985443Z hint: call:
2026-10-09T00:06:08.6986560Z hint:
2026-10-09T00:06:08.6987735Z hint: 	git config --global init.defaultBranch <name>
2026-10-09T00:06:08.6989009Z hint:
2026-10-09T00:06:08.6990170Z hint: Names commonly chosen instead of 'master' are 'main', 'trunk' and
2026-10-09T00:06:08.6991852Z hint: 'development'. The just-created branch can be renamed via this command:
2026-10-09T00:06:08.6994148Z hint:
2026-10-09T00:06:08.6995198Z hint: 	git branch -m <name>
2026-10-09T00:06:08.6996009Z hint:
2026-10-09T00:06:08.6996789Z hint: Disable this message with "git config set advice.defaultBranchName false"
2026-10-09T00:06:08.6997940Z Initialized empty Git repository in /home/runner/work/WetLabEngine/WetLabEngine/research_snapshot/.git/
2026-10-09T00:06:08.6999901Z [command]/usr/bin/git remote add origin https://github.com/proteinfoldingengine/WetLabEngine
2026-10-09T00:06:08.7059718Z ##[endgroup]
2026-10-09T00:06:08.7061210Z ##[group]Disabling automatic garbage collection
2026-10-09T00:06:08.7064172Z [command]/usr/bin/git config --local gc.auto 0
2026-10-09T00:06:08.7108421Z ##[endgroup]
2026-10-09T00:06:08.7109610Z ##[group]Setting up auth
2026-10-09T00:06:08.7115539Z [command]/usr/bin/git config --local --name-only --get-regexp core\.sshCommand
2026-10-09T00:06:08.7155900Z [command]/usr/bin/git submodule foreach --recursive sh -c "git config --local --name-only --get-regexp 'core\.sshCommand' && git config --local --unset-all 'core.sshCommand' || :"
2026-10-09T00:06:08.7596115Z [command]/usr/bin/git config --local --name-only --get-regexp http\.https\:\/\/github\.com\/\.extraheader
2026-10-09T00:06:08.7638094Z [command]/usr/bin/git submodule foreach --recursive sh -c "git config --local --name-only --get-regexp 'http\.https\:\/\/github\.com\/\.extraheader' && git config --local --unset-all 'http.https://github.com/.extraheader' || :"
2026-10-09T00:06:08.7870628Z [command]/usr/bin/git config --local --name-only --get-regexp ^includeIf\.gitdir:
2026-10-09T00:06:08.7909344Z [command]/usr/bin/git submodule foreach --recursive git config --local --show-origin --name-only --get-regexp remote.origin.url
2026-10-09T00:06:08.8135637Z [command]/usr/bin/git config --local http.https://github.com/.extraheader AUTHORIZATION: basic ***
2026-10-09T00:06:08.8176820Z ##[endgroup]
2026-10-09T00:06:08.8186863Z ##[group]Fetching the repository
2026-10-09T00:06:08.8189322Z [command]/usr/bin/git -c protocol.version=2 fetch --no-tags --prune --no-recurse-submodules --filter=blob:none --depth=1 origin 6ffcdb3c418bb83ae48c51d86567c32120816d35
2026-10-09T00:06:09.1507195Z From https://github.com/proteinfoldingengine/WetLabEngine
2026-10-09T00:06:09.1508465Z  * branch            6ffcdb3c418bb83ae48c51d86567c32120816d35 -> FETCH_HEAD
2026-10-09T00:06:09.1511689Z ##[endgroup]
2026-10-09T00:06:09.1513044Z ##[group]Determining the checkout info
2026-10-09T00:06:09.1515317Z ##[endgroup]
2026-10-09T00:06:09.1516460Z ##[group]Setting up sparse checkout
2026-10-09T00:06:09.1521576Z [command]/usr/bin/git sparse-checkout set ResearchHistory/UQCF-GEM/research/physical-bridge
2026-10-09T00:06:09.1572217Z ##[endgroup]
2026-10-09T00:06:09.1574580Z ##[group]Checking out the ref
2026-10-09T00:06:09.1578428Z [command]/usr/bin/git checkout --progress --force 6ffcdb3c418bb83ae48c51d86567c32120816d35
2026-10-09T00:06:09.6543859Z Note: switching to '6ffcdb3c418bb83ae48c51d86567c32120816d35'.
2026-10-09T00:06:09.6550790Z 
2026-10-09T00:06:09.6551543Z You are in 'detached HEAD' state. You can look around, make experimental
2026-10-09T00:06:09.6553500Z changes and commit them, and you can discard any commits you make in this
2026-10-09T00:06:09.6555052Z state without impacting any branches by switching back to a branch.
2026-10-09T00:06:09.6556843Z 
2026-10-09T00:06:09.6557638Z If you want to create a new branch to retain commits you create, you may
2026-10-09T00:06:09.6559084Z do so (now or later) by using -c with the switch command. Example:
2026-10-09T00:06:09.6559984Z 
2026-10-09T00:06:09.6560396Z   git switch -c <new-branch-name>
2026-10-09T00:06:09.6560999Z 
2026-10-09T00:06:09.6561362Z Or undo this operation with:
2026-10-09T00:06:09.6562023Z 
2026-10-09T00:06:09.6562746Z   git switch -
2026-10-09T00:06:09.6563245Z 
2026-10-09T00:06:09.6564063Z Turn off this advice by setting config variable advice.detachedHead to false
2026-10-09T00:06:09.6565952Z 
2026-10-09T00:06:09.6567709Z HEAD is now at 6ffcdb3 research: prove sharp integer miss-count reconstruction threshold with native boundary
2026-10-09T00:06:09.6572970Z ##[endgroup]
2026-10-09T00:06:09.6616261Z [command]/usr/bin/git log -1 --format=%H
2026-10-09T00:06:09.6647108Z 6ffcdb3c418bb83ae48c51d86567c32120816d35
2026-10-09T00:06:09.6656809Z ##[group]Removing auth
2026-10-09T00:06:09.6660936Z [command]/usr/bin/git config --local --name-only --get-regexp core\.sshCommand
2026-10-09T00:06:09.6698855Z [command]/usr/bin/git submodule foreach --recursive sh -c "git config --local --name-only --get-regexp 'core\.sshCommand' && git config --local --unset-all 'core.sshCommand' || :"
2026-10-09T00:06:09.6952855Z [command]/usr/bin/git config --local --name-only --get-regexp http\.https\:\/\/github\.com\/\.extraheader
2026-10-09T00:06:09.6984700Z http.https://github.com/.extraheader
2026-10-09T00:06:09.6995886Z [command]/usr/bin/git config --local --unset-all http.https://github.com/.extraheader
2026-10-09T00:06:09.7036058Z [command]/usr/bin/git submodule foreach --recursive sh -c "git config --local --name-only --get-regexp 'http\.https\:\/\/github\.com\/\.extraheader' && git config --local --unset-all 'http.https://github.com/.extraheader' || :"
2026-10-09T00:06:09.7285294Z [command]/usr/bin/git config --local --name-only --get-regexp ^includeIf\.gitdir:
2026-10-09T00:06:09.7320388Z [command]/usr/bin/git submodule foreach --recursive git config --local --show-origin --name-only --get-regexp remote.origin.url
2026-10-09T00:06:09.7560043Z ##[endgroup]
2026-10-09T00:06:09.7815529Z ##[group]Run set -euo pipefail
2026-10-09T00:06:09.7816972Z [36;1mset -euo pipefail[0m
2026-10-09T00:06:09.7818391Z [36;1mmkdir -p miss_reconstruction_verification[0m
2026-10-09T00:06:09.7820581Z [36;1mROOT=research_snapshot/ResearchHistory/UQCF-GEM/research/physical-bridge[0m
2026-10-09T00:06:09.7824558Z [36;1mpython3 -m unittest discover -s "$ROOT/miss_reconstruction" -p test_reconstruction.py -v 2>&1 | tee miss_reconstruction_verification/contracts.log[0m
2026-10-09T00:06:09.7828647Z [36;1mpython3 "$ROOT/miss_reconstruction/producer.py" > miss_reconstruction_verification/certificate.json[0m
2026-10-09T00:06:09.7831818Z [36;1mpython3 "$ROOT/miss_reconstruction/producer.py" > /tmp/repeated-certificate.json[0m
2026-10-09T00:06:09.7835054Z [36;1mcmp miss_reconstruction_verification/certificate.json /tmp/repeated-certificate.json[0m
2026-10-09T00:06:09.7839319Z [36;1mpython3 "$ROOT/miss_reconstruction/independent.py" miss_reconstruction_verification/certificate.json | tee miss_reconstruction_verification/independent.json[0m
2026-10-09T00:06:09.7844576Z [36;1mpython3 -m unittest discover -s "$ROOT/core_readout" -p test_core_readout.py -v 2>&1 | tee miss_reconstruction_verification/inherited_core_readout.log[0m
2026-10-09T00:06:09.7848867Z [36;1mecho "scientific_sha=$(git -C research_snapshot rev-parse HEAD)" > miss_reconstruction_verification/provenance.txt[0m
2026-10-09T00:06:09.7852105Z [36;1mecho "workflow_sha=$GITHUB_SHA" >> miss_reconstruction_verification/provenance.txt[0m
2026-10-09T00:06:09.7855764Z [36;1msha256sum miss_reconstruction_verification/certificate.json > miss_reconstruction_verification/certificate.sha256[0m
2026-10-09T00:06:09.8128998Z shell: /usr/bin/bash --noprofile --norc -e -o pipefail {0}
2026-10-09T00:06:09.8131138Z ##[endgroup]
2026-10-09T00:06:09.9189965Z test_duplicate (test_reconstruction.Contracts.test_duplicate) ... ok
2026-10-09T00:06:09.9366508Z test_false_provenance (test_reconstruction.Contracts.test_false_provenance) ... ok
2026-10-09T00:06:09.9564670Z test_full_universe (test_reconstruction.Contracts.test_full_universe) ... ok
2026-10-09T00:06:09.9744614Z test_invalid_support (test_reconstruction.Contracts.test_invalid_support) ... ok
2026-10-09T00:06:09.9921562Z test_missing (test_reconstruction.Contracts.test_missing) ... ok
2026-10-09T00:06:10.0230645Z test_native_fixture (test_reconstruction.Contracts.test_native_fixture) ... ok
2026-10-09T00:06:10.0411537Z test_scope_controls (test_reconstruction.Contracts.test_scope_controls) ... ok
2026-10-09T00:06:10.0646122Z test_substitution (test_reconstruction.Contracts.test_substitution) ... ok
2026-10-09T00:06:10.0913154Z test_wrong_value (test_reconstruction.Contracts.test_wrong_value) ... ok
2026-10-09T00:06:10.0914707Z 
2026-10-09T00:06:10.0915042Z ----------------------------------------------------------------------
2026-10-09T00:06:10.0915909Z Ran 9 tests in 0.191s
2026-10-09T00:06:10.0916178Z 
2026-10-09T00:06:10.0916325Z OK
2026-10-09T00:06:10.2039902Z {
2026-10-09T00:06:10.2040599Z   "families": 495,
2026-10-09T00:06:10.2041112Z   "minimum_collision_size": {
2026-10-09T00:06:10.2041645Z     "0": 1,
2026-10-09T00:06:10.2042042Z     "1": 2,
2026-10-09T00:06:10.2042684Z     "2": 4,
2026-10-09T00:06:10.2043084Z     "3": null
2026-10-09T00:06:10.2043490Z   },
2026-10-09T00:06:10.2043890Z   "native": {
2026-10-09T00:06:10.2044325Z     "nonempty_queries": 385,
2026-10-09T00:06:10.2044860Z     "residuals_per_world": 16,
2026-10-09T00:06:10.2045351Z     "roots_per_world": 19,
2026-10-09T00:06:10.2045869Z     "tau": [
2026-10-09T00:06:10.2046279Z       3,
2026-10-09T00:06:10.2046679Z       3
2026-10-09T00:06:10.2047060Z     ]
2026-10-09T00:06:10.2047451Z   },
2026-10-09T00:06:10.2047849Z   "records": 1980,
2026-10-09T00:06:10.2048403Z   "status": "PASS_BOUNDED_NOT_GENERAL_PROOF"
2026-10-09T00:06:10.2049016Z }
2026-10-09T00:06:10.2831138Z test_certificate_fibers (test_core_readout.Contracts.test_certificate_fibers) ... ok
2026-10-09T00:06:10.3098689Z test_complete_identity (test_core_readout.Contracts.test_complete_identity) ... ok
2026-10-09T00:06:10.4154248Z test_corrupted_tau_type_and_guard (test_core_readout.Contracts.test_corrupted_tau_type_and_guard) ... ok
2026-10-09T00:06:10.5726722Z test_false_claims_and_provenance (test_core_readout.Contracts.test_false_claims_and_provenance) ... ok
2026-10-09T00:06:10.5735118Z test_independent_without_producer_and_duplicate_json (test_core_readout.Contracts.test_independent_without_producer_and_duplicate_json) ... ok
2026-10-09T00:06:10.8109265Z test_missing_duplicate_substitution (test_core_readout.Contracts.test_missing_duplicate_substitution) ... ok
2026-10-09T00:06:10.8427621Z test_paths_and_delayed_service (test_core_readout.Contracts.test_paths_and_delayed_service) ... ok
2026-10-09T00:06:10.8433403Z 
2026-10-09T00:06:10.8433729Z ----------------------------------------------------------------------
2026-10-09T00:06:10.8434395Z Ran 7 tests in 0.589s
2026-10-09T00:06:10.8434610Z 
2026-10-09T00:06:10.8585895Z OK
2026-10-09T00:06:10.8736511Z ##[group]Run actions/upload-artifact@v4
2026-10-09T00:06:10.8737094Z with:
2026-10-09T00:06:10.8737402Z   name: c3-miss-reconstruction-verification
2026-10-09T00:06:10.8737823Z   path: miss_reconstruction_verification/
2026-10-09T00:06:10.8738198Z   retention-days: 30
2026-10-09T00:06:10.8738481Z   if-no-files-found: warn
2026-10-09T00:06:10.8738789Z   compression-level: 6
2026-10-09T00:06:10.8739066Z   overwrite: false
2026-10-09T00:06:10.8739345Z   include-hidden-files: false
2026-10-09T00:06:10.8739651Z ##[endgroup]
2026-10-09T00:06:11.0416986Z (node:2396) [DEP0040] DeprecationWarning: The `punycode` module is deprecated. Please use a userland alternative instead.
2026-10-09T00:06:11.0418598Z (Use `node --trace-deprecation ...` to show where the warning was created)
2026-10-09T00:06:11.0499605Z With the provided path, there will be 6 files uploaded
2026-10-09T00:06:11.0504713Z Artifact name is valid!
2026-10-09T00:06:11.0509008Z Root directory input is valid!
2026-10-09T00:06:11.4332991Z Beginning upload of artifact content to blob storage
2026-10-09T00:06:11.4647398Z (node:2396) [DEP0169] DeprecationWarning: `url.parse()` behavior is not standardized and prone to errors that have security implications. Use the WHATWG URL API instead. CVEs are not issued for `url.parse()` vulnerabilities.
2026-10-09T00:06:11.7320682Z Uploaded bytes 11026
2026-10-09T00:06:11.8105450Z Finished uploading artifact content to blob storage!
2026-10-09T00:06:11.8107034Z SHA256 digest of uploaded artifact zip is b457dda97279e00d23b88fb905d1f72b87f080397ef1d4b513906920885bdde0
2026-10-09T00:06:11.8108157Z Finalizing artifact upload
2026-10-09T00:06:12.1563132Z Artifact c3-miss-reconstruction-verification.zip successfully finalized. Artifact ID 11586599610
2026-10-09T00:06:12.1564609Z Artifact c3-miss-reconstruction-verification has been successfully uploaded! Final size is 11026 bytes. Artifact ID is 11586599610
2026-10-09T00:06:12.1570268Z Artifact download URL: https://github.com/proteinfoldingengine/WetLabEngine/actions/runs/37863006548/artifacts/11586599610
2026-10-09T00:06:12.1794380Z Post job cleanup.
2026-10-09T00:06:12.2663285Z [command]/usr/bin/git version
2026-10-09T00:06:12.2706516Z git version 2.55.0
2026-10-09T00:06:12.2754142Z Temporarily overriding HOME='/home/runner/work/_temp/e5aa8f19-d733-4801-bb85-ff4f8c10b59a' before making global git config changes
2026-10-09T00:06:12.2756386Z Adding repository directory to the temporary git global config as a safe directory
2026-10-09T00:06:12.2762679Z [command]/usr/bin/git config --global --add safe.directory /home/runner/work/WetLabEngine/WetLabEngine/research_snapshot
2026-10-09T00:06:12.2802701Z [command]/usr/bin/git config --local --name-only --get-regexp core\.sshCommand
2026-10-09T00:06:12.2838101Z [command]/usr/bin/git submodule foreach --recursive sh -c "git config --local --name-only --get-regexp 'core\.sshCommand' && git config --local --unset-all 'core.sshCommand' || :"
2026-10-09T00:06:12.3156373Z [command]/usr/bin/git config --local --name-only --get-regexp http\.https\:\/\/github\.com\/\.extraheader
2026-10-09T00:06:12.3206090Z [command]/usr/bin/git submodule foreach --recursive sh -c "git config --local --name-only --get-regexp 'http\.https\:\/\/github\.com\/\.extraheader' && git config --local --unset-all 'http.https://github.com/.extraheader' || :"
2026-10-09T00:06:12.3552777Z [command]/usr/bin/git config --local --name-only --get-regexp ^includeIf\.gitdir:
2026-10-09T00:06:12.3603955Z [command]/usr/bin/git submodule foreach --recursive git config --local --show-origin --name-only --get-regexp remote.origin.url
2026-10-09T00:06:12.4081790Z Cleaning up orphan processes
2026-10-09T00:06:12.4368283Z ##[warning]Node.js 20 is deprecated. The following actions target Node.js 20 but are being forced to run on Node.js 24: actions/checkout@v4, actions/upload-artifact@v4. For more information see: https://github.blog/changelog/2025-09-19-deprecation-of-node-20-on-github-actions-runners/
