2026-10-01T14:51:44.5457359Z Current runner version: '2.337.0'
2026-10-01T14:51:44.5477602Z ##[group]Runner Image Provisioner
2026-10-01T14:51:44.5478284Z Hosted Compute Agent
2026-10-01T14:51:44.5478634Z Version: 20260901.588
2026-10-01T14:51:44.5479091Z Commit: f88ec8081b781fac6c440065ac7ff9e710ce3d0b
2026-10-01T14:51:44.5479550Z Build Date: 2026-09-01T19:56:44Z
2026-10-01T14:51:44.5480008Z Worker ID: {b02c036b-2b66-48fc-bbd0-b3a47bd2f27d}
2026-10-01T14:51:44.5480492Z Azure Region: westus3
2026-10-01T14:51:44.5480845Z ##[endgroup]
2026-10-01T14:51:44.5481772Z ##[group]Operating System
2026-10-01T14:51:44.5482153Z Ubuntu
2026-10-01T14:51:44.5482566Z 24.04.5
2026-10-01T14:51:44.5483020Z LTS
2026-10-01T14:51:44.5483352Z ##[endgroup]
2026-10-01T14:51:44.5483731Z ##[group]Runner Image
2026-10-01T14:51:44.5484117Z Image: ubuntu-24.04
2026-10-01T14:51:44.5484490Z Version: 20260927.320.1
2026-10-01T14:51:44.5485348Z Included Software: https://github.com/actions/runner-images/blob/ubuntu24/20260927.320/images/ubuntu/Ubuntu2404-Readme.md
2026-10-01T14:51:44.5486288Z Image Release: https://github.com/actions/runner-images/releases/tag/ubuntu24%2F20260927.320
2026-10-01T14:51:44.5486901Z ##[endgroup]
2026-10-01T14:51:44.5487732Z ##[group]GITHUB_TOKEN Permissions
2026-10-01T14:51:44.5489199Z Contents: read
2026-10-01T14:51:44.5489554Z Metadata: read
2026-10-01T14:51:44.5489979Z ##[endgroup]
2026-10-01T14:51:44.5491454Z Secret source: Actions
2026-10-01T14:51:44.5492147Z Cache mode: write
2026-10-01T14:51:44.5492592Z Prepare workflow directory
2026-10-01T14:51:44.5718254Z Prepare all required actions
2026-10-01T14:51:44.5752612Z Getting action download info
2026-10-01T14:51:44.8651059Z Download action repository 'actions/checkout@11d5960a326750d5838078e36cf38b85af677262' (SHA:11d5960a326750d5838078e36cf38b85af677262)
2026-10-01T14:51:44.9431535Z Download action repository 'actions/setup-python@a26af69be951a213d495a4c3e4e4022e16d87065' (SHA:a26af69be951a213d495a4c3e4e4022e16d87065)
2026-10-01T14:51:45.0795938Z Download action repository 'actions/upload-artifact@ea165f8d65b6e75b540449e92b4886f43607fa02' (SHA:ea165f8d65b6e75b540449e92b4886f43607fa02)
2026-10-01T14:51:45.2804049Z Complete job name: post_merge
2026-10-01T14:51:45.3329000Z ##[group]Run actions/checkout@11d5960a326750d5838078e36cf38b85af677262
2026-10-01T14:51:45.3329553Z with:
2026-10-01T14:51:45.3329800Z   fetch-depth: 64
2026-10-01T14:51:45.3330095Z   repository: proteinfoldingengine/WetLabEngine
2026-10-01T14:51:45.3332274Z   token: ***
2026-10-01T14:51:45.3332530Z   ssh-strict: true
2026-10-01T14:51:45.3332935Z   ssh-user: git
2026-10-01T14:51:45.3333203Z   persist-credentials: true
2026-10-01T14:51:45.3333507Z   clean: true
2026-10-01T14:51:45.3333780Z   sparse-checkout-cone-mode: true
2026-10-01T14:51:45.3334097Z   fetch-tags: false
2026-10-01T14:51:45.3334370Z   show-progress: true
2026-10-01T14:51:45.3334655Z   lfs: false
2026-10-01T14:51:45.3334904Z   submodules: false
2026-10-01T14:51:45.3335173Z   set-safe-directory: true
2026-10-01T14:51:45.3335474Z   allow-unsafe-pr-checkout: false
2026-10-01T14:51:45.3335882Z ##[endgroup]
2026-10-01T14:51:45.4042377Z Syncing repository: proteinfoldingengine/WetLabEngine
2026-10-01T14:51:45.4044574Z ##[group]Getting Git version info
2026-10-01T14:51:45.4045005Z Working directory is '/home/runner/work/WetLabEngine/WetLabEngine'
2026-10-01T14:51:45.4045649Z [command]/usr/bin/git version
2026-10-01T14:51:45.4124756Z git version 2.55.0
2026-10-01T14:51:45.4139938Z ##[endgroup]
2026-10-01T14:51:45.4150758Z Temporarily overriding HOME='/home/runner/work/_temp/459d9bb7-0368-4c3f-bd1a-00cb45054abe' before making global git config changes
2026-10-01T14:51:45.4152071Z Adding repository directory to the temporary git global config as a safe directory
2026-10-01T14:51:45.4154984Z [command]/usr/bin/git config --global --add safe.directory /home/runner/work/WetLabEngine/WetLabEngine
2026-10-01T14:51:45.4202830Z Deleting the contents of '/home/runner/work/WetLabEngine/WetLabEngine'
2026-10-01T14:51:45.4210241Z ##[group]Initializing the repository
2026-10-01T14:51:45.4211249Z [command]/usr/bin/git init /home/runner/work/WetLabEngine/WetLabEngine
2026-10-01T14:51:45.4304100Z hint: Using 'master' as the name for the initial branch. This default branch name
2026-10-01T14:51:45.4305533Z hint: will change to "main" in Git 3.0. To configure the initial branch name
2026-10-01T14:51:45.4306606Z hint: to use in all of your new repositories, which will suppress this warning,
2026-10-01T14:51:45.4307980Z hint: call:
2026-10-01T14:51:45.4308473Z hint:
2026-10-01T14:51:45.4309120Z hint: 	git config --global init.defaultBranch <name>
2026-10-01T14:51:45.4309835Z hint:
2026-10-01T14:51:45.4310485Z hint: Names commonly chosen instead of 'master' are 'main', 'trunk' and
2026-10-01T14:51:45.4311490Z hint: 'development'. The just-created branch can be renamed via this command:
2026-10-01T14:51:45.4312293Z hint:
2026-10-01T14:51:45.4313147Z hint: 	git branch -m <name>
2026-10-01T14:51:45.4313774Z hint:
2026-10-01T14:51:45.4314526Z hint: Disable this message with "git config set advice.defaultBranchName false"
2026-10-01T14:51:45.4315799Z Initialized empty Git repository in /home/runner/work/WetLabEngine/WetLabEngine/.git/
2026-10-01T14:51:45.4318039Z [command]/usr/bin/git remote add origin https://github.com/proteinfoldingengine/WetLabEngine
2026-10-01T14:51:45.4361416Z ##[endgroup]
2026-10-01T14:51:45.4362149Z ##[group]Disabling automatic garbage collection
2026-10-01T14:51:45.4365529Z [command]/usr/bin/git config --local gc.auto 0
2026-10-01T14:51:45.4399680Z ##[endgroup]
2026-10-01T14:51:45.4400349Z ##[group]Setting up auth
2026-10-01T14:51:45.4405547Z [command]/usr/bin/git config --local --name-only --get-regexp core\.sshCommand
2026-10-01T14:51:45.4441337Z [command]/usr/bin/git submodule foreach --recursive sh -c "git config --local --name-only --get-regexp 'core\.sshCommand' && git config --local --unset-all 'core.sshCommand' || :"
2026-10-01T14:51:45.4747700Z [command]/usr/bin/git config --local --name-only --get-regexp http\.https\:\/\/github\.com\/\.extraheader
2026-10-01T14:51:45.4782139Z [command]/usr/bin/git submodule foreach --recursive sh -c "git config --local --name-only --get-regexp 'http\.https\:\/\/github\.com\/\.extraheader' && git config --local --unset-all 'http.https://github.com/.extraheader' || :"
2026-10-01T14:51:45.4973508Z [command]/usr/bin/git config --local --name-only --get-regexp ^includeIf\.gitdir:
2026-10-01T14:51:45.5006844Z [command]/usr/bin/git submodule foreach --recursive git config --local --show-origin --name-only --get-regexp remote.origin.url
2026-10-01T14:51:45.5198106Z [command]/usr/bin/git config --local http.https://github.com/.extraheader AUTHORIZATION: basic ***
2026-10-01T14:51:45.5240764Z ##[endgroup]
2026-10-01T14:51:45.5241513Z ##[group]Fetching the repository
2026-10-01T14:51:45.5249115Z [command]/usr/bin/git -c protocol.version=2 fetch --no-tags --prune --no-recurse-submodules --depth=64 origin +4a2866132b53c8400e10c425e1461143d9f3bdd9:refs/remotes/origin/research/v16.34-fiber-component-invariant
2026-10-01T14:52:43.7706125Z From https://github.com/proteinfoldingengine/WetLabEngine
2026-10-01T14:52:43.7707718Z  * [new ref]         4a2866132b53c8400e10c425e1461143d9f3bdd9 -> origin/research/v16.34-fiber-component-invariant
2026-10-01T14:52:43.7710118Z ##[endgroup]
2026-10-01T14:52:43.7710660Z ##[group]Determining the checkout info
2026-10-01T14:52:43.7711853Z ##[endgroup]
2026-10-01T14:52:43.7716880Z [command]/usr/bin/git sparse-checkout disable
2026-10-01T14:52:43.7803206Z [command]/usr/bin/git config --local --unset-all extensions.worktreeConfig
2026-10-01T14:52:43.7829839Z ##[group]Checking out the ref
2026-10-01T14:52:43.7840833Z [command]/usr/bin/git checkout --progress --force -B research/v16.34-fiber-component-invariant refs/remotes/origin/research/v16.34-fiber-component-invariant
2026-10-01T14:52:44.8059461Z Updating files:  38% (2962/7609)
2026-10-01T14:52:44.9332045Z Updating files:  39% (2968/7609)
2026-10-01T14:52:45.2638081Z Updating files:  40% (3044/7609)
2026-10-01T14:52:45.4085082Z Updating files:  41% (3120/7609)
2026-10-01T14:52:45.7344811Z Updating files:  42% (3196/7609)
2026-10-01T14:52:45.7956693Z Updating files:  43% (3272/7609)
2026-10-01T14:52:46.0211545Z Updating files:  43% (3275/7609)
2026-10-01T14:52:46.0742510Z Updating files:  44% (3348/7609)
2026-10-01T14:52:46.4813325Z Updating files:  45% (3425/7609)
2026-10-01T14:52:46.6887205Z Updating files:  46% (3501/7609)
2026-10-01T14:52:46.8097107Z Updating files:  47% (3577/7609)
2026-10-01T14:52:46.9709704Z Updating files:  47% (3632/7609)
2026-10-01T14:52:47.2894307Z Updating files:  48% (3653/7609)
2026-10-01T14:52:47.3416597Z Updating files:  49% (3729/7609)
2026-10-01T14:52:47.7651972Z Updating files:  50% (3805/7609)
2026-10-01T14:52:47.8040657Z Updating files:  51% (3881/7609)
2026-10-01T14:52:48.0004598Z Updating files:  51% (3930/7609)
2026-10-01T14:52:48.1839569Z Updating files:  52% (3957/7609)
2026-10-01T14:52:48.8103815Z Updating files:  53% (4033/7609)
2026-10-01T14:52:49.5045836Z Updating files:  53% (4088/7609)
2026-10-01T14:52:49.8271315Z Updating files:  54% (4109/7609)
2026-10-01T14:52:49.8337214Z Updating files:  54% (4177/7609)
2026-10-01T14:52:50.1045306Z Updating files:  55% (4185/7609)
2026-10-01T14:52:50.8589199Z Updating files:  56% (4262/7609)
2026-10-01T14:52:51.6604370Z Updating files:  56% (4321/7609)
2026-10-01T14:52:51.8789668Z Updating files:  57% (4338/7609)
2026-10-01T14:52:51.9335444Z Updating files:  57% (4407/7609)
2026-10-01T14:52:52.0344462Z Updating files:  58% (4414/7609)
2026-10-01T14:52:52.0382282Z Updating files:  59% (4490/7609)
2026-10-01T14:52:52.0425988Z Updating files:  60% (4566/7609)
2026-10-01T14:52:52.8588156Z Updating files:  61% (4642/7609)
2026-10-01T14:52:53.0197696Z Updating files:  61% (4703/7609)
2026-10-01T14:52:53.0278917Z Updating files:  62% (4718/7609)
2026-10-01T14:52:53.0726779Z Updating files:  63% (4794/7609)
2026-10-01T14:52:53.0901015Z Updating files:  64% (4870/7609)
2026-10-01T14:52:53.6230221Z Updating files:  65% (4946/7609)
2026-10-01T14:52:53.6278765Z Updating files:  66% (5022/7609)
2026-10-01T14:52:53.6313089Z Updating files:  67% (5099/7609)
2026-10-01T14:52:53.6351400Z Updating files:  68% (5175/7609)
2026-10-01T14:52:53.7693636Z Updating files:  69% (5251/7609)
2026-10-01T14:52:53.7715480Z Updating files:  70% (5327/7609)
2026-10-01T14:52:53.7965806Z Updating files:  71% (5403/7609)
2026-10-01T14:52:53.7968282Z Updating files:  71% (5475/7609)
2026-10-01T14:52:53.8202219Z Updating files:  72% (5479/7609)
2026-10-01T14:52:53.8644373Z Updating files:  73% (5555/7609)
2026-10-01T14:52:53.8772479Z Updating files:  74% (5631/7609)
2026-10-01T14:52:53.9334682Z Updating files:  75% (5707/7609)
2026-10-01T14:52:54.4065741Z Updating files:  76% (5783/7609)
2026-10-01T14:52:54.4945664Z Updating files:  77% (5859/7609)
2026-10-01T14:52:54.7491617Z Updating files:  78% (5936/7609)
2026-10-01T14:52:54.8118343Z Updating files:  79% (6012/7609)
2026-10-01T14:52:54.8845899Z Updating files:  79% (6038/7609)
2026-10-01T14:52:54.9656678Z Updating files:  80% (6088/7609)
2026-10-01T14:52:54.9798592Z Updating files:  81% (6164/7609)
2026-10-01T14:52:55.0467245Z Updating files:  82% (6240/7609)
2026-10-01T14:52:55.0500300Z Updating files:  83% (6316/7609)
2026-10-01T14:52:55.0532172Z Updating files:  84% (6392/7609)
2026-10-01T14:52:55.0567913Z Updating files:  85% (6468/7609)
2026-10-01T14:52:55.0605633Z Updating files:  86% (6544/7609)
2026-10-01T14:52:55.0633809Z Updating files:  87% (6620/7609)
2026-10-01T14:52:55.0854618Z Updating files:  88% (6696/7609)
2026-10-01T14:52:55.5680454Z Updating files:  89% (6773/7609)
2026-10-01T14:52:55.5777194Z Updating files:  90% (6849/7609)
2026-10-01T14:52:55.6189043Z Updating files:  91% (6925/7609)
2026-10-01T14:52:55.6465578Z Updating files:  92% (7001/7609)
2026-10-01T14:52:55.7517942Z Updating files:  93% (7077/7609)
2026-10-01T14:52:55.7796655Z Updating files:  94% (7153/7609)
2026-10-01T14:52:55.7835153Z Updating files:  95% (7229/7609)
2026-10-01T14:52:55.7967837Z Updating files:  96% (7305/7609)
2026-10-01T14:52:55.8081264Z Updating files:  96% (7311/7609)
2026-10-01T14:52:55.8470791Z Updating files:  97% (7381/7609)
2026-10-01T14:52:55.8624187Z Updating files:  98% (7457/7609)
2026-10-01T14:52:55.9522930Z Updating files:  99% (7533/7609)
2026-10-01T14:52:55.9523552Z Updating files: 100% (7609/7609)
2026-10-01T14:52:55.9523784Z Updating files: 100% (7609/7609), done.
2026-10-01T14:52:56.1766267Z Switched to a new branch 'research/v16.34-fiber-component-invariant'
2026-10-01T14:52:56.1767468Z branch 'research/v16.34-fiber-component-invariant' set up to track 'origin/research/v16.34-fiber-component-invariant'.
2026-10-01T14:52:56.2023998Z ##[endgroup]
2026-10-01T14:52:56.2089962Z [command]/usr/bin/git log -1 --format=%H
2026-10-01T14:52:56.2114600Z 4a2866132b53c8400e10c425e1461143d9f3bdd9
2026-10-01T14:52:56.2308464Z ##[group]Run actions/setup-python@a26af69be951a213d495a4c3e4e4022e16d87065
2026-10-01T14:52:56.2308700Z with:
2026-10-01T14:52:56.2308825Z   python-version: 3.11
2026-10-01T14:52:56.2308963Z   check-latest: false
2026-10-01T14:52:56.2310303Z   token: ***
2026-10-01T14:52:56.2310445Z   update-environment: true
2026-10-01T14:52:56.2310590Z   allow-prereleases: false
2026-10-01T14:52:56.2310727Z   freethreaded: false
2026-10-01T14:52:56.2310855Z ##[endgroup]
2026-10-01T14:52:56.3184053Z ##[group]Installed versions
2026-10-01T14:52:56.3235992Z (node:2102) [DEP0040] DeprecationWarning: The `punycode` module is deprecated. Please use a userland alternative instead.
2026-10-01T14:52:56.3236627Z (Use `node --trace-deprecation ...` to show where the warning was created)
2026-10-01T14:52:56.3236992Z Successfully set up CPython (3.11.16)
2026-10-01T14:52:56.3237445Z ##[endgroup]
2026-10-01T14:52:56.3408885Z ##[group]Run python -m pip install sympy==1.13.3 mpmath==1.3.0
2026-10-01T14:52:56.3409251Z [36;1mpython -m pip install sympy==1.13.3 mpmath==1.3.0[0m
2026-10-01T14:52:56.3833920Z shell: /usr/bin/bash -e {0}
2026-10-01T14:52:56.3834121Z env:
2026-10-01T14:52:56.3834310Z   pythonLocation: /opt/hostedtoolcache/Python/3.11.16/x64
2026-10-01T14:52:56.3834576Z   PKG_CONFIG_PATH: /opt/hostedtoolcache/Python/3.11.16/x64/lib/pkgconfig
2026-10-01T14:52:56.3834857Z   Python_ROOT_DIR: /opt/hostedtoolcache/Python/3.11.16/x64
2026-10-01T14:52:56.3835076Z   Python2_ROOT_DIR: /opt/hostedtoolcache/Python/3.11.16/x64
2026-10-01T14:52:56.3835303Z   Python3_ROOT_DIR: /opt/hostedtoolcache/Python/3.11.16/x64
2026-10-01T14:52:56.3835522Z   LD_LIBRARY_PATH: /opt/hostedtoolcache/Python/3.11.16/x64/lib
2026-10-01T14:52:56.3835708Z ##[endgroup]
2026-10-01T14:52:59.0109635Z Collecting sympy==1.13.3
2026-10-01T14:52:59.0636908Z   Downloading sympy-1.13.3-py3-none-any.whl.metadata (12 kB)
2026-10-01T14:52:59.4376532Z Collecting mpmath==1.3.0
2026-10-01T14:52:59.4411038Z   Downloading mpmath-1.3.0-py3-none-any.whl.metadata (8.6 kB)
2026-10-01T14:52:59.6208360Z Downloading sympy-1.13.3-py3-none-any.whl (6.2 MB)
2026-10-01T14:53:00.0357462Z    ━━━━━━━━━━━━━━━━━━━━━━━━━━━━━━━━━━━━━━━━ 6.2/6.2 MB 14.8 MB/s  0:00:00
2026-10-01T14:53:00.0394643Z Downloading mpmath-1.3.0-py3-none-any.whl (536 kB)
2026-10-01T14:53:00.2050542Z    ━━━━━━━━━━━━━━━━━━━━━━━━━━━━━━━━━━━━━━━━ 536.2/536.2 kB 1.7 MB/s  0:00:00
2026-10-01T14:53:00.4050941Z Installing collected packages: mpmath, sympy
2026-10-01T14:53:04.5153256Z 
2026-10-01T14:53:04.5160717Z Successfully installed mpmath-1.3.0 sympy-1.13.3
2026-10-01T14:53:04.5676299Z ##[group]Run python ResearchHistory/UQCF-GEM/demos/v16.50-recursive-binary-composition/publish.py verify
2026-10-01T14:53:04.5676770Z [36;1mpython ResearchHistory/UQCF-GEM/demos/v16.50-recursive-binary-composition/publish.py verify[0m
2026-10-01T14:53:04.5733115Z shell: /usr/bin/bash -e {0}
2026-10-01T14:53:04.5733271Z env:
2026-10-01T14:53:04.5733439Z   pythonLocation: /opt/hostedtoolcache/Python/3.11.16/x64
2026-10-01T14:53:04.5733691Z   PKG_CONFIG_PATH: /opt/hostedtoolcache/Python/3.11.16/x64/lib/pkgconfig
2026-10-01T14:53:04.5733939Z   Python_ROOT_DIR: /opt/hostedtoolcache/Python/3.11.16/x64
2026-10-01T14:53:04.5734164Z   Python2_ROOT_DIR: /opt/hostedtoolcache/Python/3.11.16/x64
2026-10-01T14:53:04.5734386Z   Python3_ROOT_DIR: /opt/hostedtoolcache/Python/3.11.16/x64
2026-10-01T14:53:04.5734788Z   LD_LIBRARY_PATH: /opt/hostedtoolcache/Python/3.11.16/x64/lib
2026-10-01T14:53:04.5734981Z ##[endgroup]
2026-10-01T14:53:09.5857616Z {"package": "VERIFIED", "source_members": 1777}
2026-10-01T14:53:09.5858094Z {"package": "VERIFIED", "source_members": 1777}
2026-10-01T14:53:09.5858357Z {"publication": "VERIFIED", "members": 235}
2026-10-01T14:53:09.6020293Z ##[group]Run python ResearchHistory/UQCF-GEM/demos/v16.50-recursive-binary-composition/run.py phase out/merge
2026-10-01T14:53:09.6020753Z [36;1mpython ResearchHistory/UQCF-GEM/demos/v16.50-recursive-binary-composition/run.py phase out/merge[0m
2026-10-01T14:53:09.6074367Z shell: /usr/bin/bash -e {0}
2026-10-01T14:53:09.6074516Z env:
2026-10-01T14:53:09.6074676Z   pythonLocation: /opt/hostedtoolcache/Python/3.11.16/x64
2026-10-01T14:53:09.6074925Z   PKG_CONFIG_PATH: /opt/hostedtoolcache/Python/3.11.16/x64/lib/pkgconfig
2026-10-01T14:53:09.6075170Z   Python_ROOT_DIR: /opt/hostedtoolcache/Python/3.11.16/x64
2026-10-01T14:53:09.6075403Z   Python2_ROOT_DIR: /opt/hostedtoolcache/Python/3.11.16/x64
2026-10-01T14:53:09.6075618Z   Python3_ROOT_DIR: /opt/hostedtoolcache/Python/3.11.16/x64
2026-10-01T14:53:09.6075838Z   LD_LIBRARY_PATH: /opt/hostedtoolcache/Python/3.11.16/x64/lib
2026-10-01T14:53:09.6076027Z ##[endgroup]
2026-10-01T14:59:04.9515806Z ##[group]Run python ResearchHistory/UQCF-GEM/demos/v16.50-recursive-binary-composition/run.py package out/merge post_merge
2026-10-01T14:59:04.9516356Z [36;1mpython ResearchHistory/UQCF-GEM/demos/v16.50-recursive-binary-composition/run.py package out/merge post_merge[0m
2026-10-01T14:59:04.9571853Z shell: /usr/bin/bash -e {0}
2026-10-01T14:59:04.9572019Z env:
2026-10-01T14:59:04.9572188Z   pythonLocation: /opt/hostedtoolcache/Python/3.11.16/x64
2026-10-01T14:59:04.9572451Z   PKG_CONFIG_PATH: /opt/hostedtoolcache/Python/3.11.16/x64/lib/pkgconfig
2026-10-01T14:59:04.9572863Z   Python_ROOT_DIR: /opt/hostedtoolcache/Python/3.11.16/x64
2026-10-01T14:59:04.9573117Z   Python2_ROOT_DIR: /opt/hostedtoolcache/Python/3.11.16/x64
2026-10-01T14:59:04.9573340Z   Python3_ROOT_DIR: /opt/hostedtoolcache/Python/3.11.16/x64
2026-10-01T14:59:04.9573564Z   LD_LIBRARY_PATH: /opt/hostedtoolcache/Python/3.11.16/x64/lib
2026-10-01T14:59:04.9573757Z ##[endgroup]
2026-10-01T14:59:10.5748200Z {"package": "VERIFIED", "source_members": 1777}
2026-10-01T14:59:10.5951006Z ##[group]Run actions/upload-artifact@ea165f8d65b6e75b540449e92b4886f43607fa02
2026-10-01T14:59:10.5951253Z with:
2026-10-01T14:59:10.5951424Z   name: v1650-post_merge-4a2866132b53c8400e10c425e1461143d9f3bdd9
2026-10-01T14:59:10.5951626Z   path: out/merge
2026-10-01T14:59:10.5951756Z   if-no-files-found: error
2026-10-01T14:59:10.5951911Z   compression-level: 6
2026-10-01T14:59:10.5952040Z   overwrite: false
2026-10-01T14:59:10.5952170Z   include-hidden-files: false
2026-10-01T14:59:10.5952306Z env:
2026-10-01T14:59:10.5952466Z   pythonLocation: /opt/hostedtoolcache/Python/3.11.16/x64
2026-10-01T14:59:10.5952901Z   PKG_CONFIG_PATH: /opt/hostedtoolcache/Python/3.11.16/x64/lib/pkgconfig
2026-10-01T14:59:10.5953150Z   Python_ROOT_DIR: /opt/hostedtoolcache/Python/3.11.16/x64
2026-10-01T14:59:10.5953365Z   Python2_ROOT_DIR: /opt/hostedtoolcache/Python/3.11.16/x64
2026-10-01T14:59:10.5953581Z   Python3_ROOT_DIR: /opt/hostedtoolcache/Python/3.11.16/x64
2026-10-01T14:59:10.5953828Z   LD_LIBRARY_PATH: /opt/hostedtoolcache/Python/3.11.16/x64/lib
2026-10-01T14:59:10.5954012Z ##[endgroup]
2026-10-01T14:59:10.7093629Z (node:2573) [DEP0040] DeprecationWarning: The `punycode` module is deprecated. Please use a userland alternative instead.
2026-10-01T14:59:10.7094148Z (Use `node --trace-deprecation ...` to show where the warning was created)
2026-10-01T14:59:10.7241566Z With the provided path, there will be 95 files uploaded
2026-10-01T14:59:10.7246215Z Artifact name is valid!
2026-10-01T14:59:10.7246689Z Root directory input is valid!
2026-10-01T14:59:11.0737854Z Beginning upload of artifact content to blob storage
2026-10-01T14:59:11.2759959Z (node:2573) [DEP0169] DeprecationWarning: `url.parse()` behavior is not standardized and prone to errors that have security implications. Use the WHATWG URL API instead. CVEs are not issued for `url.parse()` vulnerabilities.
2026-10-01T14:59:11.9540486Z Uploaded bytes 8388608
2026-10-01T14:59:12.1320671Z Uploaded bytes 16777216
2026-10-01T14:59:12.2833745Z Uploaded bytes 25165824
2026-10-01T14:59:12.3643875Z Uploaded bytes 33554432
2026-10-01T14:59:12.4763231Z Uploaded bytes 41943040
2026-10-01T14:59:12.5625175Z Uploaded bytes 50331648
2026-10-01T14:59:12.7203479Z Uploaded bytes 58720256
2026-10-01T14:59:12.9105988Z Uploaded bytes 67108864
2026-10-01T14:59:13.2173743Z Uploaded bytes 75497472
2026-10-01T14:59:13.3643016Z Uploaded bytes 83886080
2026-10-01T14:59:13.5693507Z Uploaded bytes 92274688
2026-10-01T14:59:13.8192237Z Uploaded bytes 100663296
2026-10-01T14:59:13.9969277Z Uploaded bytes 109051904
2026-10-01T14:59:14.1072295Z Uploaded bytes 109728542
2026-10-01T14:59:14.1648264Z Finished uploading artifact content to blob storage!
2026-10-01T14:59:14.1649934Z SHA256 digest of uploaded artifact zip is fcc6aa4595a5e6fa50b6ce4b249cae8bf0cd683265a6f5fd7ed2db23067df875
2026-10-01T14:59:14.1651822Z Finalizing artifact upload
2026-10-01T14:59:14.4364267Z Artifact v1650-post_merge-4a2866132b53c8400e10c425e1461143d9f3bdd9.zip successfully finalized. Artifact ID 11171351970
2026-10-01T14:59:14.4365310Z Artifact v1650-post_merge-4a2866132b53c8400e10c425e1461143d9f3bdd9 has been successfully uploaded! Final size is 109728542 bytes. Artifact ID is 11171351970
2026-10-01T14:59:14.4370695Z Artifact download URL: https://github.com/proteinfoldingengine/WetLabEngine/actions/runs/36879469964/artifacts/11171351970
2026-10-01T14:59:14.4544723Z Post job cleanup.
2026-10-01T14:59:14.5368977Z (node:2586) [DEP0040] DeprecationWarning: The `punycode` module is deprecated. Please use a userland alternative instead.
2026-10-01T14:59:14.5369409Z (Use `node --trace-deprecation ...` to show where the warning was created)
2026-10-01T14:59:14.5506486Z Post job cleanup.
2026-10-01T14:59:14.6106300Z [command]/usr/bin/git version
2026-10-01T14:59:14.6141701Z git version 2.55.0
2026-10-01T14:59:14.6168513Z Temporarily overriding HOME='/home/runner/work/_temp/f9a7cf3a-deb3-4715-af3c-806b35cbd997' before making global git config changes
2026-10-01T14:59:14.6169367Z Adding repository directory to the temporary git global config as a safe directory
2026-10-01T14:59:14.6172923Z [command]/usr/bin/git config --global --add safe.directory /home/runner/work/WetLabEngine/WetLabEngine
2026-10-01T14:59:14.6219881Z [command]/usr/bin/git config --local --name-only --get-regexp core\.sshCommand
2026-10-01T14:59:14.6255383Z [command]/usr/bin/git submodule foreach --recursive sh -c "git config --local --name-only --get-regexp 'core\.sshCommand' && git config --local --unset-all 'core.sshCommand' || :"
2026-10-01T14:59:14.6481136Z [command]/usr/bin/git config --local --name-only --get-regexp http\.https\:\/\/github\.com\/\.extraheader
2026-10-01T14:59:14.6510044Z http.https://github.com/.extraheader
2026-10-01T14:59:14.6520013Z [command]/usr/bin/git config --local --unset-all http.https://github.com/.extraheader
2026-10-01T14:59:14.6588995Z [command]/usr/bin/git submodule foreach --recursive sh -c "git config --local --name-only --get-regexp 'http\.https\:\/\/github\.com\/\.extraheader' && git config --local --unset-all 'http.https://github.com/.extraheader' || :"
2026-10-01T14:59:14.6843802Z [command]/usr/bin/git config --local --name-only --get-regexp ^includeIf\.gitdir:
2026-10-01T14:59:14.6879516Z [command]/usr/bin/git submodule foreach --recursive git config --local --show-origin --name-only --get-regexp remote.origin.url
2026-10-01T14:59:14.7218734Z Cleaning up orphan processes
2026-10-01T14:59:14.7485145Z ##[warning]Node.js 20 is deprecated. The following actions target Node.js 20 but are being forced to run on Node.js 24: actions/checkout@11d5960a326750d5838078e36cf38b85af677262, actions/setup-python@a26af69be951a213d495a4c3e4e4022e16d87065, actions/upload-artifact@ea165f8d65b6e75b540449e92b4886f43607fa02. For more information see: https://github.blog/changelog/2025-09-19-deprecation-of-node-20-on-github-actions-runners/
