2026-09-29T19:15:58.1033597Z Current runner version: '2.337.0'
2026-09-29T19:15:58.1059120Z ##[group]Runner Image Provisioner
2026-09-29T19:15:58.1059884Z Hosted Compute Agent
2026-09-29T19:15:58.1060497Z Version: 20260828.587
2026-09-29T19:15:58.1061052Z Commit: abac92662cab4cc7352de4f9f9d2e2419aad9c29
2026-09-29T19:15:58.1061803Z Build Date: 2026-08-28T16:44:25Z
2026-09-29T19:15:58.1062404Z Worker ID: {1e65ffb6-46d3-4f22-877b-760902fa0959}
2026-09-29T19:15:58.1063290Z Azure Region: centralus
2026-09-29T19:15:58.1063910Z ##[endgroup]
2026-09-29T19:15:58.1065306Z ##[group]Operating System
2026-09-29T19:15:58.1065907Z Ubuntu
2026-09-29T19:15:58.1066380Z 24.04.5
2026-09-29T19:15:58.1066820Z LTS
2026-09-29T19:15:58.1067319Z ##[endgroup]
2026-09-29T19:15:58.1067797Z ##[group]Runner Image
2026-09-29T19:15:58.1068357Z Image: ubuntu-24.04
2026-09-29T19:15:58.1068929Z Version: 20260920.314.1
2026-09-29T19:15:58.1070075Z Included Software: https://github.com/actions/runner-images/blob/ubuntu24/20260920.314/images/ubuntu/Ubuntu2404-Readme.md
2026-09-29T19:15:58.1071646Z Image Release: https://github.com/actions/runner-images/releases/tag/ubuntu24%2F20260920.314
2026-09-29T19:15:58.1072500Z ##[endgroup]
2026-09-29T19:15:58.1073741Z ##[group]GITHUB_TOKEN Permissions
2026-09-29T19:15:58.1075692Z Contents: read
2026-09-29T19:15:58.1076331Z Metadata: read
2026-09-29T19:15:58.1076828Z ##[endgroup]
2026-09-29T19:15:58.1079191Z Secret source: Actions
2026-09-29T19:15:58.1079974Z Cache mode: write
2026-09-29T19:15:58.1080699Z Prepare workflow directory
2026-09-29T19:15:58.1343368Z Prepare all required actions
2026-09-29T19:15:58.1374488Z Getting action download info
2026-09-29T19:15:58.4145751Z Download action repository 'actions/checkout@11d5960a326750d5838078e36cf38b85af677262' (SHA:11d5960a326750d5838078e36cf38b85af677262)
2026-09-29T19:15:58.4859777Z Download action repository 'actions/setup-python@a26af69be951a213d495a4c3e4e4022e16d87065' (SHA:a26af69be951a213d495a4c3e4e4022e16d87065)
2026-09-29T19:15:58.6424967Z Complete job name: verify
2026-09-29T19:15:58.6877919Z ##[group]Run actions/checkout@11d5960a326750d5838078e36cf38b85af677262
2026-09-29T19:15:58.6878431Z with:
2026-09-29T19:15:58.6878706Z   repository: proteinfoldingengine/WetLabEngine
2026-09-29T19:15:58.6880813Z   token: ***
2026-09-29T19:15:58.6881047Z   ssh-strict: true
2026-09-29T19:15:58.6881292Z   ssh-user: git
2026-09-29T19:15:58.6881545Z   persist-credentials: true
2026-09-29T19:15:58.6881814Z   clean: true
2026-09-29T19:15:58.6882064Z   sparse-checkout-cone-mode: true
2026-09-29T19:15:58.6882350Z   fetch-depth: 1
2026-09-29T19:15:58.6882712Z   fetch-tags: false
2026-09-29T19:15:58.6882960Z   show-progress: true
2026-09-29T19:15:58.6883206Z   lfs: false
2026-09-29T19:15:58.6883437Z   submodules: false
2026-09-29T19:15:58.6883689Z   set-safe-directory: true
2026-09-29T19:15:58.6883971Z   allow-unsafe-pr-checkout: false
2026-09-29T19:15:58.6884337Z ##[endgroup]
2026-09-29T19:15:58.7550321Z Syncing repository: proteinfoldingengine/WetLabEngine
2026-09-29T19:15:58.7552050Z ##[group]Getting Git version info
2026-09-29T19:15:58.7552888Z Working directory is '/home/runner/work/WetLabEngine/WetLabEngine'
2026-09-29T19:15:58.7553870Z [command]/usr/bin/git version
2026-09-29T19:15:58.7613214Z git version 2.55.0
2026-09-29T19:15:58.7625649Z ##[endgroup]
2026-09-29T19:15:58.7636368Z Temporarily overriding HOME='/home/runner/work/_temp/13a2a77f-641d-4230-9c40-aa61018e119f' before making global git config changes
2026-09-29T19:15:58.7637646Z Adding repository directory to the temporary git global config as a safe directory
2026-09-29T19:15:58.7639920Z [command]/usr/bin/git config --global --add safe.directory /home/runner/work/WetLabEngine/WetLabEngine
2026-09-29T19:15:58.7684962Z Deleting the contents of '/home/runner/work/WetLabEngine/WetLabEngine'
2026-09-29T19:15:58.7687734Z ##[group]Initializing the repository
2026-09-29T19:15:58.7690534Z [command]/usr/bin/git init /home/runner/work/WetLabEngine/WetLabEngine
2026-09-29T19:15:58.7778501Z hint: Using 'master' as the name for the initial branch. This default branch name
2026-09-29T19:15:58.7779817Z hint: will change to "main" in Git 3.0. To configure the initial branch name
2026-09-29T19:15:58.7780876Z hint: to use in all of your new repositories, which will suppress this warning,
2026-09-29T19:15:58.7782075Z hint: call:
2026-09-29T19:15:58.7782702Z hint:
2026-09-29T19:15:58.7783270Z hint: 	git config --global init.defaultBranch <name>
2026-09-29T19:15:58.7783984Z hint:
2026-09-29T19:15:58.7784594Z hint: Names commonly chosen instead of 'master' are 'main', 'trunk' and
2026-09-29T19:15:58.7785562Z hint: 'development'. The just-created branch can be renamed via this command:
2026-09-29T19:15:58.7786373Z hint:
2026-09-29T19:15:58.7786845Z hint: 	git branch -m <name>
2026-09-29T19:15:58.7787892Z hint:
2026-09-29T19:15:58.7788602Z hint: Disable this message with "git config set advice.defaultBranchName false"
2026-09-29T19:15:58.7789747Z Initialized empty Git repository in /home/runner/work/WetLabEngine/WetLabEngine/.git/
2026-09-29T19:15:58.7791393Z [command]/usr/bin/git remote add origin https://github.com/proteinfoldingengine/WetLabEngine
2026-09-29T19:15:58.7831554Z ##[endgroup]
2026-09-29T19:15:58.7831977Z ##[group]Disabling automatic garbage collection
2026-09-29T19:15:58.7835060Z [command]/usr/bin/git config --local gc.auto 0
2026-09-29T19:15:58.7869541Z ##[endgroup]
2026-09-29T19:15:58.7870152Z ##[group]Setting up auth
2026-09-29T19:15:58.7875195Z [command]/usr/bin/git config --local --name-only --get-regexp core\.sshCommand
2026-09-29T19:15:58.7901812Z [command]/usr/bin/git submodule foreach --recursive sh -c "git config --local --name-only --get-regexp 'core\.sshCommand' && git config --local --unset-all 'core.sshCommand' || :"
2026-09-29T19:15:58.8221631Z [command]/usr/bin/git config --local --name-only --get-regexp http\.https\:\/\/github\.com\/\.extraheader
2026-09-29T19:15:58.8251895Z [command]/usr/bin/git submodule foreach --recursive sh -c "git config --local --name-only --get-regexp 'http\.https\:\/\/github\.com\/\.extraheader' && git config --local --unset-all 'http.https://github.com/.extraheader' || :"
2026-09-29T19:15:58.8425473Z [command]/usr/bin/git config --local --name-only --get-regexp ^includeIf\.gitdir:
2026-09-29T19:15:58.8454262Z [command]/usr/bin/git submodule foreach --recursive git config --local --show-origin --name-only --get-regexp remote.origin.url
2026-09-29T19:15:58.8627305Z [command]/usr/bin/git config --local http.https://github.com/.extraheader AUTHORIZATION: basic ***
2026-09-29T19:15:58.8660288Z ##[endgroup]
2026-09-29T19:15:58.8660857Z ##[group]Fetching the repository
2026-09-29T19:15:58.8668211Z [command]/usr/bin/git -c protocol.version=2 fetch --no-tags --prune --no-recurse-submodules --depth=1 origin +1e9b74d33d0e90762fda08fd034f81cf01ca1bd1:refs/remotes/origin/research/v16.27-increment-attribution-closure
2026-09-29T19:16:10.2799438Z From https://github.com/proteinfoldingengine/WetLabEngine
2026-09-29T19:16:10.2800296Z  * [new ref]         1e9b74d33d0e90762fda08fd034f81cf01ca1bd1 -> origin/research/v16.27-increment-attribution-closure
2026-09-29T19:16:10.2802548Z ##[endgroup]
2026-09-29T19:16:10.2803191Z ##[group]Determining the checkout info
2026-09-29T19:16:10.2805205Z ##[endgroup]
2026-09-29T19:16:10.2810560Z [command]/usr/bin/git sparse-checkout disable
2026-09-29T19:16:10.2857131Z [command]/usr/bin/git config --local --unset-all extensions.worktreeConfig
2026-09-29T19:16:10.2913198Z ##[group]Checking out the ref
2026-09-29T19:16:10.2913769Z [command]/usr/bin/git checkout --progress --force -B research/v16.27-increment-attribution-closure refs/remotes/origin/research/v16.27-increment-attribution-closure
2026-09-29T19:16:11.4190480Z Updating files:  66% (3288/4976)
2026-09-29T19:16:11.4205217Z Updating files:  67% (3334/4976)
2026-09-29T19:16:11.5560319Z Updating files:  68% (3384/4976)
2026-09-29T19:16:11.6295085Z Updating files:  69% (3434/4976)
2026-09-29T19:16:11.6994436Z Updating files:  70% (3484/4976)
2026-09-29T19:16:11.7331568Z Updating files:  71% (3533/4976)
2026-09-29T19:16:11.7464052Z Updating files:  72% (3583/4976)
2026-09-29T19:16:11.7522067Z Updating files:  73% (3633/4976)
2026-09-29T19:16:11.7561579Z Updating files:  74% (3683/4976)
2026-09-29T19:16:11.7915886Z Updating files:  75% (3732/4976)
2026-09-29T19:16:11.7935930Z Updating files:  76% (3782/4976)
2026-09-29T19:16:11.7959786Z Updating files:  77% (3832/4976)
2026-09-29T19:16:11.7981730Z Updating files:  78% (3882/4976)
2026-09-29T19:16:11.8004310Z Updating files:  79% (3932/4976)
2026-09-29T19:16:11.8032224Z Updating files:  80% (3981/4976)
2026-09-29T19:16:11.8061744Z Updating files:  81% (4031/4976)
2026-09-29T19:16:11.8089419Z Updating files:  82% (4081/4976)
2026-09-29T19:16:11.8109319Z Updating files:  83% (4131/4976)
2026-09-29T19:16:11.8205756Z Updating files:  84% (4180/4976)
2026-09-29T19:16:11.8261272Z Updating files:  85% (4230/4976)
2026-09-29T19:16:12.1072877Z Updating files:  86% (4280/4976)
2026-09-29T19:16:12.1114310Z Updating files:  87% (4330/4976)
2026-09-29T19:16:12.1307705Z Updating files:  88% (4379/4976)
2026-09-29T19:16:12.1494481Z Updating files:  89% (4429/4976)
2026-09-29T19:16:12.1590061Z Updating files:  90% (4479/4976)
2026-09-29T19:16:12.1782802Z Updating files:  91% (4529/4976)
2026-09-29T19:16:12.2132943Z Updating files:  92% (4578/4976)
2026-09-29T19:16:12.2184721Z Updating files:  93% (4628/4976)
2026-09-29T19:16:12.2211196Z Updating files:  94% (4678/4976)
2026-09-29T19:16:12.2279729Z Updating files:  95% (4728/4976)
2026-09-29T19:16:12.2311707Z Updating files:  96% (4777/4976)
2026-09-29T19:16:12.2343079Z Updating files:  97% (4827/4976)
2026-09-29T19:16:12.2445794Z Updating files:  98% (4877/4976)
2026-09-29T19:16:12.2475658Z Updating files:  99% (4927/4976)
2026-09-29T19:16:12.2475946Z Updating files: 100% (4976/4976)
2026-09-29T19:16:12.2476187Z Updating files: 100% (4976/4976), done.
2026-09-29T19:16:12.2524639Z Switched to a new branch 'research/v16.27-increment-attribution-closure'
2026-09-29T19:16:12.2530889Z branch 'research/v16.27-increment-attribution-closure' set up to track 'origin/research/v16.27-increment-attribution-closure'.
2026-09-29T19:16:12.2616673Z ##[endgroup]
2026-09-29T19:16:12.2659624Z [command]/usr/bin/git log -1 --format=%H
2026-09-29T19:16:12.2686211Z 1e9b74d33d0e90762fda08fd034f81cf01ca1bd1
2026-09-29T19:16:12.2873745Z ##[group]Run actions/setup-python@a26af69be951a213d495a4c3e4e4022e16d87065
2026-09-29T19:16:12.2873964Z with:
2026-09-29T19:16:12.2874087Z   python-version: 3.11
2026-09-29T19:16:12.2874211Z   check-latest: false
2026-09-29T19:16:12.2875476Z   token: ***
2026-09-29T19:16:12.2875591Z   update-environment: true
2026-09-29T19:16:12.2875735Z   allow-prereleases: false
2026-09-29T19:16:12.2875862Z   freethreaded: false
2026-09-29T19:16:12.2875983Z ##[endgroup]
2026-09-29T19:16:12.3704036Z ##[group]Installed versions
2026-09-29T19:16:12.3768916Z (node:2040) [DEP0040] DeprecationWarning: The `punycode` module is deprecated. Please use a userland alternative instead.
2026-09-29T19:16:12.3769586Z (Use `node --trace-deprecation ...` to show where the warning was created)
2026-09-29T19:16:12.3773212Z Successfully set up CPython (3.11.16)
2026-09-29T19:16:12.3773840Z ##[endgroup]
2026-09-29T19:16:12.3989085Z ##[group]Run cd ResearchHistory/UQCF-GEM/demos/v16.27-increment-attribution-closure/ && python test_gate.py
2026-09-29T19:16:12.3989867Z [36;1mcd ResearchHistory/UQCF-GEM/demos/v16.27-increment-attribution-closure/ && python test_gate.py[0m
2026-09-29T19:16:12.4246444Z shell: /usr/bin/bash -e {0}
2026-09-29T19:16:12.4246633Z env:
2026-09-29T19:16:12.4246796Z   pythonLocation: /opt/hostedtoolcache/Python/3.11.16/x64
2026-09-29T19:16:12.4247051Z   PKG_CONFIG_PATH: /opt/hostedtoolcache/Python/3.11.16/x64/lib/pkgconfig
2026-09-29T19:16:12.4247289Z   Python_ROOT_DIR: /opt/hostedtoolcache/Python/3.11.16/x64
2026-09-29T19:16:12.4247502Z   Python2_ROOT_DIR: /opt/hostedtoolcache/Python/3.11.16/x64
2026-09-29T19:16:12.4247718Z   Python3_ROOT_DIR: /opt/hostedtoolcache/Python/3.11.16/x64
2026-09-29T19:16:12.4247935Z   LD_LIBRARY_PATH: /opt/hostedtoolcache/Python/3.11.16/x64/lib
2026-09-29T19:16:12.4248300Z ##[endgroup]
2026-09-29T19:16:32.8824067Z test_complete_bounded_search (__main__.Tests.test_complete_bounded_search) ... ok
2026-09-29T19:16:32.8833195Z test_corrupt_delta_rejected (__main__.Tests.test_corrupt_delta_rejected) ... ok
2026-09-29T19:16:32.8843360Z test_endpoint_mismatch_rejected (__main__.Tests.test_endpoint_mismatch_rejected) ... ok
2026-09-29T19:16:32.8854560Z test_path_total (__main__.Tests.test_path_total) ... ok
2026-09-29T19:16:32.8863968Z test_same_event_changes (__main__.Tests.test_same_event_changes) ... ok
2026-09-29T19:16:32.8864213Z 
2026-09-29T19:16:32.8864348Z ----------------------------------------------------------------------
2026-09-29T19:16:32.8864652Z Ran 5 tests in 19.904s
2026-09-29T19:16:32.8864881Z 
2026-09-29T19:16:32.8864956Z OK
2026-09-29T19:16:32.9056951Z Post job cleanup.
2026-09-29T19:16:32.9964814Z (node:2054) [DEP0040] DeprecationWarning: The `punycode` module is deprecated. Please use a userland alternative instead.
2026-09-29T19:16:32.9965236Z (Use `node --trace-deprecation ...` to show where the warning was created)
2026-09-29T19:16:33.0135069Z Post job cleanup.
2026-09-29T19:16:33.0710535Z [command]/usr/bin/git version
2026-09-29T19:16:33.0743963Z git version 2.55.0
2026-09-29T19:16:33.0771848Z Temporarily overriding HOME='/home/runner/work/_temp/0f425264-9baa-4d13-8d2c-a11483090025' before making global git config changes
2026-09-29T19:16:33.0772750Z Adding repository directory to the temporary git global config as a safe directory
2026-09-29T19:16:33.0776038Z [command]/usr/bin/git config --global --add safe.directory /home/runner/work/WetLabEngine/WetLabEngine
2026-09-29T19:16:33.0815105Z [command]/usr/bin/git config --local --name-only --get-regexp core\.sshCommand
2026-09-29T19:16:33.0845104Z [command]/usr/bin/git submodule foreach --recursive sh -c "git config --local --name-only --get-regexp 'core\.sshCommand' && git config --local --unset-all 'core.sshCommand' || :"
2026-09-29T19:16:33.1066269Z [command]/usr/bin/git config --local --name-only --get-regexp http\.https\:\/\/github\.com\/\.extraheader
2026-09-29T19:16:33.1093588Z http.https://github.com/.extraheader
2026-09-29T19:16:33.1101705Z [command]/usr/bin/git config --local --unset-all http.https://github.com/.extraheader
2026-09-29T19:16:33.1132954Z [command]/usr/bin/git submodule foreach --recursive sh -c "git config --local --name-only --get-regexp 'http\.https\:\/\/github\.com\/\.extraheader' && git config --local --unset-all 'http.https://github.com/.extraheader' || :"
2026-09-29T19:16:33.1345664Z [command]/usr/bin/git config --local --name-only --get-regexp ^includeIf\.gitdir:
2026-09-29T19:16:33.1376955Z [command]/usr/bin/git submodule foreach --recursive git config --local --show-origin --name-only --get-regexp remote.origin.url
2026-09-29T19:16:33.1798893Z Cleaning up orphan processes
2026-09-29T19:16:33.2017871Z ##[warning]Node.js 20 is deprecated. The following actions target Node.js 20 but are being forced to run on Node.js 24: actions/checkout@11d5960a326750d5838078e36cf38b85af677262, actions/setup-python@a26af69be951a213d495a4c3e4e4022e16d87065. For more information see: https://github.blog/changelog/2025-09-19-deprecation-of-node-20-on-github-actions-runners/
