2026-09-30T23:45:09.0087026Z Current runner version: '2.337.0'
2026-09-30T23:45:09.0113640Z ##[group]Runner Image Provisioner
2026-09-30T23:45:09.0114642Z Hosted Compute Agent
2026-09-30T23:45:09.0115255Z Version: 20260828.587
2026-09-30T23:45:09.0116059Z Commit: abac92662cab4cc7352de4f9f9d2e2419aad9c29
2026-09-30T23:45:09.0116811Z Build Date: 2026-08-28T16:44:25Z
2026-09-30T23:45:09.0117862Z Worker ID: {773391a1-dae0-48f6-bfe1-e89c44000193}
2026-09-30T23:45:09.0118666Z Azure Region: westus
2026-09-30T23:45:09.0119267Z ##[endgroup]
2026-09-30T23:45:09.0121510Z ##[group]Operating System
2026-09-30T23:45:09.0122190Z Ubuntu
2026-09-30T23:45:09.0122710Z 24.04.5
2026-09-30T23:45:09.0123401Z LTS
2026-09-30T23:45:09.0123929Z ##[endgroup]
2026-09-30T23:45:09.0124583Z ##[group]Runner Image
2026-09-30T23:45:09.0125205Z Image: ubuntu-24.04
2026-09-30T23:45:09.0125813Z Version: 20260920.314.1
2026-09-30T23:45:09.0127477Z Included Software: https://github.com/actions/runner-images/blob/ubuntu24/20260920.314/images/ubuntu/Ubuntu2404-Readme.md
2026-09-30T23:45:09.0129604Z Image Release: https://github.com/actions/runner-images/releases/tag/ubuntu24%2F20260920.314
2026-09-30T23:45:09.0130655Z ##[endgroup]
2026-09-30T23:45:09.0131846Z ##[group]GITHUB_TOKEN Permissions
2026-09-30T23:45:09.0134219Z Contents: read
2026-09-30T23:45:09.0134822Z Metadata: read
2026-09-30T23:45:09.0135522Z ##[endgroup]
2026-09-30T23:45:09.0138128Z Secret source: Actions
2026-09-30T23:45:09.0139201Z Cache mode: write
2026-09-30T23:45:09.0139936Z Prepare workflow directory
2026-09-30T23:45:09.1193933Z Prepare all required actions
2026-09-30T23:45:09.1244064Z Getting action download info
2026-09-30T23:45:09.5079373Z Download action repository 'actions/checkout@11d5960a326750d5838078e36cf38b85af677262' (SHA:11d5960a326750d5838078e36cf38b85af677262)
2026-09-30T23:45:09.6210542Z Download action repository 'actions/setup-python@a26af69be951a213d495a4c3e4e4022e16d87065' (SHA:a26af69be951a213d495a4c3e4e4022e16d87065)
2026-09-30T23:45:09.7037695Z Download action repository 'actions/upload-artifact@ea165f8d65b6e75b540449e92b4886f43607fa02' (SHA:ea165f8d65b6e75b540449e92b4886f43607fa02)
2026-09-30T23:45:10.0128275Z Complete job name: science
2026-09-30T23:45:10.2443288Z ##[group]Run actions/checkout@11d5960a326750d5838078e36cf38b85af677262
2026-09-30T23:45:10.2444537Z with:
2026-09-30T23:45:10.2445064Z   fetch-depth: 64
2026-09-30T23:45:10.2445614Z   repository: proteinfoldingengine/WetLabEngine
2026-09-30T23:45:10.2449712Z   token: ***
2026-09-30T23:45:10.2450172Z   ssh-strict: true
2026-09-30T23:45:10.2450625Z   ssh-user: git
2026-09-30T23:45:10.2451085Z   persist-credentials: true
2026-09-30T23:45:10.2451593Z   clean: true
2026-09-30T23:45:10.2452055Z   sparse-checkout-cone-mode: true
2026-09-30T23:45:10.2452599Z   fetch-tags: false
2026-09-30T23:45:10.2453060Z   show-progress: true
2026-09-30T23:45:10.2453515Z   lfs: false
2026-09-30T23:45:10.2453937Z   submodules: false
2026-09-30T23:45:10.2454393Z   set-safe-directory: true
2026-09-30T23:45:10.2454923Z   allow-unsafe-pr-checkout: false
2026-09-30T23:45:10.2455783Z ##[endgroup]
2026-09-30T23:45:10.3494686Z Syncing repository: proteinfoldingengine/WetLabEngine
2026-09-30T23:45:10.3498069Z ##[group]Getting Git version info
2026-09-30T23:45:10.3499335Z Working directory is '/home/runner/work/WetLabEngine/WetLabEngine'
2026-09-30T23:45:10.3501205Z [command]/usr/bin/git version
2026-09-30T23:45:10.3633288Z git version 2.55.0
2026-09-30T23:45:10.3659042Z ##[endgroup]
2026-09-30T23:45:10.3676562Z Temporarily overriding HOME='/home/runner/work/_temp/5bf4ea0e-22d7-49ee-8a93-a89cbc10fab1' before making global git config changes
2026-09-30T23:45:10.3679291Z Adding repository directory to the temporary git global config as a safe directory
2026-09-30T23:45:10.3684172Z [command]/usr/bin/git config --global --add safe.directory /home/runner/work/WetLabEngine/WetLabEngine
2026-09-30T23:45:10.3751979Z Deleting the contents of '/home/runner/work/WetLabEngine/WetLabEngine'
2026-09-30T23:45:10.3758723Z ##[group]Initializing the repository
2026-09-30T23:45:10.3762824Z [command]/usr/bin/git init /home/runner/work/WetLabEngine/WetLabEngine
2026-09-30T23:45:10.3915613Z hint: Using 'master' as the name for the initial branch. This default branch name
2026-09-30T23:45:10.3917696Z hint: will change to "main" in Git 3.0. To configure the initial branch name
2026-09-30T23:45:10.3919447Z hint: to use in all of your new repositories, which will suppress this warning,
2026-09-30T23:45:10.3920847Z hint: call:
2026-09-30T23:45:10.3921544Z hint:
2026-09-30T23:45:10.3922423Z hint: 	git config --global init.defaultBranch <name>
2026-09-30T23:45:10.3923471Z hint:
2026-09-30T23:45:10.3924514Z hint: Names commonly chosen instead of 'master' are 'main', 'trunk' and
2026-09-30T23:45:10.3926163Z hint: 'development'. The just-created branch can be renamed via this command:
2026-09-30T23:45:10.3927629Z hint:
2026-09-30T23:45:10.3928348Z hint: 	git branch -m <name>
2026-09-30T23:45:10.3929213Z hint:
2026-09-30T23:45:10.3930029Z hint: Disable this message with "git config set advice.defaultBranchName false"
2026-09-30T23:45:10.3931136Z Initialized empty Git repository in /home/runner/work/WetLabEngine/WetLabEngine/.git/
2026-09-30T23:45:10.3934055Z [command]/usr/bin/git remote add origin https://github.com/proteinfoldingengine/WetLabEngine
2026-09-30T23:45:10.4010197Z ##[endgroup]
2026-09-30T23:45:10.4011792Z ##[group]Disabling automatic garbage collection
2026-09-30T23:45:10.4014448Z [command]/usr/bin/git config --local gc.auto 0
2026-09-30T23:45:10.4053818Z ##[endgroup]
2026-09-30T23:45:10.4055202Z ##[group]Setting up auth
2026-09-30T23:45:10.4062491Z [command]/usr/bin/git config --local --name-only --get-regexp core\.sshCommand
2026-09-30T23:45:10.4102333Z [command]/usr/bin/git submodule foreach --recursive sh -c "git config --local --name-only --get-regexp 'core\.sshCommand' && git config --local --unset-all 'core.sshCommand' || :"
2026-09-30T23:45:10.4543012Z [command]/usr/bin/git config --local --name-only --get-regexp http\.https\:\/\/github\.com\/\.extraheader
2026-09-30T23:45:10.4582770Z [command]/usr/bin/git submodule foreach --recursive sh -c "git config --local --name-only --get-regexp 'http\.https\:\/\/github\.com\/\.extraheader' && git config --local --unset-all 'http.https://github.com/.extraheader' || :"
2026-09-30T23:45:10.4814769Z [command]/usr/bin/git config --local --name-only --get-regexp ^includeIf\.gitdir:
2026-09-30T23:45:10.4856009Z [command]/usr/bin/git submodule foreach --recursive git config --local --show-origin --name-only --get-regexp remote.origin.url
2026-09-30T23:45:10.5103878Z [command]/usr/bin/git config --local http.https://github.com/.extraheader AUTHORIZATION: basic ***
2026-09-30T23:45:10.5147772Z ##[endgroup]
2026-09-30T23:45:10.5148685Z ##[group]Fetching the repository
2026-09-30T23:45:10.5158292Z [command]/usr/bin/git -c protocol.version=2 fetch --no-tags --prune --no-recurse-submodules --depth=64 origin +19464eafdf311d3b485a4fc363ded1a1ebc3cb80:refs/remotes/origin/research/v16.42-overlapping-core-repair
2026-09-30T23:45:40.7777890Z From https://github.com/proteinfoldingengine/WetLabEngine
2026-09-30T23:45:40.7789963Z  * [new ref]         19464eafdf311d3b485a4fc363ded1a1ebc3cb80 -> origin/research/v16.42-overlapping-core-repair
2026-09-30T23:45:40.7795032Z ##[endgroup]
2026-09-30T23:45:40.7795730Z ##[group]Determining the checkout info
2026-09-30T23:45:40.7796274Z ##[endgroup]
2026-09-30T23:45:40.7796651Z [command]/usr/bin/git sparse-checkout disable
2026-09-30T23:45:40.7853780Z [command]/usr/bin/git config --local --unset-all extensions.worktreeConfig
2026-09-30T23:45:40.7888843Z ##[group]Checking out the ref
2026-09-30T23:45:40.7930547Z [command]/usr/bin/git checkout --progress --force -B research/v16.42-overlapping-core-repair refs/remotes/origin/research/v16.42-overlapping-core-repair
2026-09-30T23:45:41.8280587Z Updating files:  50% (3031/5944)
2026-09-30T23:45:41.9536466Z Updating files:  51% (3032/5944)
2026-09-30T23:45:41.9676129Z Updating files:  52% (3091/5944)
2026-09-30T23:45:41.9857504Z Updating files:  53% (3151/5944)
2026-09-30T23:45:41.9936626Z Updating files:  54% (3210/5944)
2026-09-30T23:45:42.2088016Z Updating files:  55% (3270/5944)
2026-09-30T23:45:42.2133846Z Updating files:  56% (3329/5944)
2026-09-30T23:45:42.2188004Z Updating files:  57% (3389/5944)
2026-09-30T23:45:42.2225059Z Updating files:  58% (3448/5944)
2026-09-30T23:45:42.2268669Z Updating files:  59% (3507/5944)
2026-09-30T23:45:42.2611988Z Updating files:  60% (3567/5944)
2026-09-30T23:45:42.3031399Z Updating files:  61% (3626/5944)
2026-09-30T23:45:42.3059274Z Updating files:  62% (3686/5944)
2026-09-30T23:45:42.3146786Z Updating files:  63% (3745/5944)
2026-09-30T23:45:42.3244154Z Updating files:  64% (3805/5944)
2026-09-30T23:45:42.3431049Z Updating files:  65% (3864/5944)
2026-09-30T23:45:42.3561337Z Updating files:  66% (3924/5944)
2026-09-30T23:45:42.3593616Z Updating files:  67% (3983/5944)
2026-09-30T23:45:42.4021267Z Updating files:  68% (4042/5944)
2026-09-30T23:45:42.5474452Z Updating files:  69% (4102/5944)
2026-09-30T23:45:42.7106514Z Updating files:  70% (4161/5944)
2026-09-30T23:45:42.7995365Z Updating files:  71% (4221/5944)
2026-09-30T23:45:42.8119741Z Updating files:  72% (4280/5944)
2026-09-30T23:45:42.9451990Z Updating files:  72% (4285/5944)
2026-09-30T23:45:43.0286053Z Updating files:  73% (4340/5944)
2026-09-30T23:45:43.0842824Z Updating files:  74% (4399/5944)
2026-09-30T23:45:43.1053419Z Updating files:  75% (4458/5944)
2026-09-30T23:45:43.1117421Z Updating files:  76% (4518/5944)
2026-09-30T23:45:43.1619926Z Updating files:  77% (4577/5944)
2026-09-30T23:45:43.1652483Z Updating files:  78% (4637/5944)
2026-09-30T23:45:43.1690299Z Updating files:  79% (4696/5944)
2026-09-30T23:45:43.1724974Z Updating files:  80% (4756/5944)
2026-09-30T23:45:43.1764933Z Updating files:  81% (4815/5944)
2026-09-30T23:45:43.1800576Z Updating files:  82% (4875/5944)
2026-09-30T23:45:43.1842135Z Updating files:  83% (4934/5944)
2026-09-30T23:45:43.1871345Z Updating files:  84% (4993/5944)
2026-09-30T23:45:43.2033471Z Updating files:  85% (5053/5944)
2026-09-30T23:45:43.5672524Z Updating files:  86% (5112/5944)
2026-09-30T23:45:43.5770180Z Updating files:  87% (5172/5944)
2026-09-30T23:45:43.6036161Z Updating files:  88% (5231/5944)
2026-09-30T23:45:43.6291215Z Updating files:  89% (5291/5944)
2026-09-30T23:45:43.6450596Z Updating files:  90% (5350/5944)
2026-09-30T23:45:43.6905432Z Updating files:  91% (5410/5944)
2026-09-30T23:45:43.7199766Z Updating files:  92% (5469/5944)
2026-09-30T23:45:43.7239584Z Updating files:  93% (5528/5944)
2026-09-30T23:45:43.7338300Z Updating files:  94% (5588/5944)
2026-09-30T23:45:43.7399060Z Updating files:  95% (5647/5944)
2026-09-30T23:45:43.7446810Z Updating files:  96% (5707/5944)
2026-09-30T23:45:43.7591673Z Updating files:  97% (5766/5944)
2026-09-30T23:45:43.7749063Z Updating files:  98% (5826/5944)
2026-09-30T23:45:43.8008255Z Updating files:  99% (5885/5944)
2026-09-30T23:45:43.8009496Z Updating files: 100% (5944/5944)
2026-09-30T23:45:43.8010615Z Updating files: 100% (5944/5944), done.
2026-09-30T23:45:43.8135378Z Switched to a new branch 'research/v16.42-overlapping-core-repair'
2026-09-30T23:45:43.8142322Z branch 'research/v16.42-overlapping-core-repair' set up to track 'origin/research/v16.42-overlapping-core-repair'.
2026-09-30T23:45:43.8287864Z ##[endgroup]
2026-09-30T23:45:43.8321648Z [command]/usr/bin/git log -1 --format=%H
2026-09-30T23:45:43.8354377Z 19464eafdf311d3b485a4fc363ded1a1ebc3cb80
2026-09-30T23:45:43.9345265Z ##[group]Run actions/setup-python@a26af69be951a213d495a4c3e4e4022e16d87065
2026-09-30T23:45:43.9345744Z with:
2026-09-30T23:45:43.9345961Z   python-version: 3.11
2026-09-30T23:45:43.9346200Z   check-latest: false
2026-09-30T23:45:43.9348813Z   token: ***
2026-09-30T23:45:43.9349052Z   update-environment: true
2026-09-30T23:45:43.9349324Z   allow-prereleases: false
2026-09-30T23:45:43.9349570Z   freethreaded: false
2026-09-30T23:45:43.9349796Z ##[endgroup]
2026-09-30T23:45:44.0679428Z ##[group]Installed versions
2026-09-30T23:45:44.0787414Z (node:2398) [DEP0040] DeprecationWarning: The `punycode` module is deprecated. Please use a userland alternative instead.
2026-09-30T23:45:44.0788875Z (Use `node --trace-deprecation ...` to show where the warning was created)
2026-09-30T23:45:44.0789786Z Successfully set up CPython (3.11.16)
2026-09-30T23:45:44.0790434Z ##[endgroup]
2026-09-30T23:45:44.1250324Z ##[group]Run python -m pip install sympy==1.13.3 mpmath==1.3.0
2026-09-30T23:45:44.1250885Z [36;1mpython -m pip install sympy==1.13.3 mpmath==1.3.0[0m
2026-09-30T23:45:44.1605738Z shell: /usr/bin/bash -e {0}
2026-09-30T23:45:44.1606093Z env:
2026-09-30T23:45:44.1606462Z   pythonLocation: /opt/hostedtoolcache/Python/3.11.16/x64
2026-09-30T23:45:44.1607384Z   PKG_CONFIG_PATH: /opt/hostedtoolcache/Python/3.11.16/x64/lib/pkgconfig
2026-09-30T23:45:44.1608026Z   Python_ROOT_DIR: /opt/hostedtoolcache/Python/3.11.16/x64
2026-09-30T23:45:44.1608548Z   Python2_ROOT_DIR: /opt/hostedtoolcache/Python/3.11.16/x64
2026-09-30T23:45:44.1609067Z   Python3_ROOT_DIR: /opt/hostedtoolcache/Python/3.11.16/x64
2026-09-30T23:45:44.1609624Z   LD_LIBRARY_PATH: /opt/hostedtoolcache/Python/3.11.16/x64/lib
2026-09-30T23:45:44.1610115Z ##[endgroup]
2026-09-30T23:45:47.2456448Z Collecting sympy==1.13.3
2026-09-30T23:45:47.3432619Z   Downloading sympy-1.13.3-py3-none-any.whl.metadata (12 kB)
2026-09-30T23:45:47.3709057Z Collecting mpmath==1.3.0
2026-09-30T23:45:47.3910329Z   Downloading mpmath-1.3.0-py3-none-any.whl.metadata (8.6 kB)
2026-09-30T23:45:47.4191636Z Downloading sympy-1.13.3-py3-none-any.whl (6.2 MB)
2026-09-30T23:45:47.6194888Z    ━━━━━━━━━━━━━━━━━━━━━━━━━━━━━━━━━━━━━━━━ 6.2/6.2 MB 41.1 MB/s  0:00:00
2026-09-30T23:45:47.6399358Z Downloading mpmath-1.3.0-py3-none-any.whl (536 kB)
2026-09-30T23:45:47.6448090Z    ━━━━━━━━━━━━━━━━━━━━━━━━━━━━━━━━━━━━━━━━ 536.2/536.2 kB 101.1 MB/s  0:00:00
2026-09-30T23:45:47.8266078Z Installing collected packages: mpmath, sympy
2026-09-30T23:45:53.3591630Z 
2026-09-30T23:45:53.3601827Z Successfully installed mpmath-1.3.0 sympy-1.13.3
2026-09-30T23:45:53.4542621Z ##[group]Run python ResearchHistory/UQCF-GEM/demos/v16.42-overlapping-core-repair/run.py phase out/science
2026-09-30T23:45:53.4543486Z [36;1mpython ResearchHistory/UQCF-GEM/demos/v16.42-overlapping-core-repair/run.py phase out/science[0m
2026-09-30T23:45:53.4606738Z shell: /usr/bin/bash -e {0}
2026-09-30T23:45:53.4607017Z env:
2026-09-30T23:45:53.4607451Z   pythonLocation: /opt/hostedtoolcache/Python/3.11.16/x64
2026-09-30T23:45:53.4607919Z   PKG_CONFIG_PATH: /opt/hostedtoolcache/Python/3.11.16/x64/lib/pkgconfig
2026-09-30T23:45:53.4608368Z   Python_ROOT_DIR: /opt/hostedtoolcache/Python/3.11.16/x64
2026-09-30T23:45:53.4608766Z   Python2_ROOT_DIR: /opt/hostedtoolcache/Python/3.11.16/x64
2026-09-30T23:45:53.4609164Z   Python3_ROOT_DIR: /opt/hostedtoolcache/Python/3.11.16/x64
2026-09-30T23:45:53.4609559Z   LD_LIBRARY_PATH: /opt/hostedtoolcache/Python/3.11.16/x64/lib
2026-09-30T23:45:53.4609895Z ##[endgroup]
2026-09-30T23:50:59.0238944Z ##[group]Run python ResearchHistory/UQCF-GEM/demos/v16.42-overlapping-core-repair/run.py package out/science science
2026-09-30T23:50:59.0239847Z [36;1mpython ResearchHistory/UQCF-GEM/demos/v16.42-overlapping-core-repair/run.py package out/science science[0m
2026-09-30T23:50:59.0302131Z shell: /usr/bin/bash -e {0}
2026-09-30T23:50:59.0302391Z env:
2026-09-30T23:50:59.0302670Z   pythonLocation: /opt/hostedtoolcache/Python/3.11.16/x64
2026-09-30T23:50:59.0303120Z   PKG_CONFIG_PATH: /opt/hostedtoolcache/Python/3.11.16/x64/lib/pkgconfig
2026-09-30T23:50:59.0303563Z   Python_ROOT_DIR: /opt/hostedtoolcache/Python/3.11.16/x64
2026-09-30T23:50:59.0303959Z   Python2_ROOT_DIR: /opt/hostedtoolcache/Python/3.11.16/x64
2026-09-30T23:50:59.0304347Z   Python3_ROOT_DIR: /opt/hostedtoolcache/Python/3.11.16/x64
2026-09-30T23:50:59.0304735Z   LD_LIBRARY_PATH: /opt/hostedtoolcache/Python/3.11.16/x64/lib
2026-09-30T23:50:59.0305066Z ##[endgroup]
2026-09-30T23:51:02.9535199Z {"package": "VERIFIED", "source_members": 1396}
2026-09-30T23:51:02.9970826Z ##[group]Run actions/upload-artifact@ea165f8d65b6e75b540449e92b4886f43607fa02
2026-09-30T23:51:02.9971256Z with:
2026-09-30T23:51:02.9971724Z   name: v1642-science-19464eafdf311d3b485a4fc363ded1a1ebc3cb80
2026-09-30T23:51:02.9972080Z   path: out/science
2026-09-30T23:51:02.9972305Z   if-no-files-found: error
2026-09-30T23:51:02.9972553Z   compression-level: 6
2026-09-30T23:51:02.9972778Z   overwrite: false
2026-09-30T23:51:02.9972999Z   include-hidden-files: false
2026-09-30T23:51:02.9973248Z env:
2026-09-30T23:51:02.9973510Z   pythonLocation: /opt/hostedtoolcache/Python/3.11.16/x64
2026-09-30T23:51:02.9973949Z   PKG_CONFIG_PATH: /opt/hostedtoolcache/Python/3.11.16/x64/lib/pkgconfig
2026-09-30T23:51:02.9974385Z   Python_ROOT_DIR: /opt/hostedtoolcache/Python/3.11.16/x64
2026-09-30T23:51:02.9974779Z   Python2_ROOT_DIR: /opt/hostedtoolcache/Python/3.11.16/x64
2026-09-30T23:51:02.9975172Z   Python3_ROOT_DIR: /opt/hostedtoolcache/Python/3.11.16/x64
2026-09-30T23:51:02.9975614Z   LD_LIBRARY_PATH: /opt/hostedtoolcache/Python/3.11.16/x64/lib
2026-09-30T23:51:02.9975954Z ##[endgroup]
2026-09-30T23:51:03.1672042Z (node:2598) [DEP0040] DeprecationWarning: The `punycode` module is deprecated. Please use a userland alternative instead.
2026-09-30T23:51:03.1673311Z (Use `node --trace-deprecation ...` to show where the warning was created)
2026-09-30T23:51:03.1868688Z With the provided path, there will be 50 files uploaded
2026-09-30T23:51:03.1870119Z Artifact name is valid!
2026-09-30T23:51:03.1870784Z Root directory input is valid!
2026-09-30T23:51:03.5974966Z Beginning upload of artifact content to blob storage
2026-09-30T23:51:03.8899966Z (node:2598) [DEP0169] DeprecationWarning: `url.parse()` behavior is not standardized and prone to errors that have security implications. Use the WHATWG URL API instead. CVEs are not issued for `url.parse()` vulnerabilities.
2026-09-30T23:51:04.7373951Z Uploaded bytes 8388608
2026-09-30T23:51:04.9963583Z Uploaded bytes 16777216
2026-09-30T23:51:04.9975687Z Uploaded bytes 25165824
2026-09-30T23:51:05.3415153Z Uploaded bytes 33554432
2026-09-30T23:51:05.3427506Z Uploaded bytes 41943040
2026-09-30T23:51:05.4483020Z Uploaded bytes 43557874
2026-09-30T23:51:05.5217746Z Finished uploading artifact content to blob storage!
2026-09-30T23:51:05.5221157Z SHA256 digest of uploaded artifact zip is 86c7c02ccfee2a0467c03795d8df98f52416e20afd154fbe0cdc698e10302139
2026-09-30T23:51:05.5223249Z Finalizing artifact upload
2026-09-30T23:51:05.7958136Z Artifact v1642-science-19464eafdf311d3b485a4fc363ded1a1ebc3cb80.zip successfully finalized. Artifact ID 11132876402
2026-09-30T23:51:05.7959834Z Artifact v1642-science-19464eafdf311d3b485a4fc363ded1a1ebc3cb80 has been successfully uploaded! Final size is 43557874 bytes. Artifact ID is 11132876402
2026-09-30T23:51:05.7966333Z Artifact download URL: https://github.com/proteinfoldingengine/WetLabEngine/actions/runs/36792642585/artifacts/11132876402
2026-09-30T23:51:05.8368667Z Post job cleanup.
2026-09-30T23:51:05.9593107Z (node:2611) [DEP0040] DeprecationWarning: The `punycode` module is deprecated. Please use a userland alternative instead.
2026-09-30T23:51:05.9594552Z (Use `node --trace-deprecation ...` to show where the warning was created)
2026-09-30T23:51:06.0168330Z Post job cleanup.
2026-09-30T23:51:06.1028268Z [command]/usr/bin/git version
2026-09-30T23:51:06.1078196Z git version 2.55.0
2026-09-30T23:51:06.1116056Z Temporarily overriding HOME='/home/runner/work/_temp/21f2da6e-a021-428e-9889-55b7f662bf5b' before making global git config changes
2026-09-30T23:51:06.1118066Z Adding repository directory to the temporary git global config as a safe directory
2026-09-30T23:51:06.1123717Z [command]/usr/bin/git config --global --add safe.directory /home/runner/work/WetLabEngine/WetLabEngine
2026-09-30T23:51:06.1177908Z [command]/usr/bin/git config --local --name-only --get-regexp core\.sshCommand
2026-09-30T23:51:06.1224932Z [command]/usr/bin/git submodule foreach --recursive sh -c "git config --local --name-only --get-regexp 'core\.sshCommand' && git config --local --unset-all 'core.sshCommand' || :"
2026-09-30T23:51:06.1569504Z [command]/usr/bin/git config --local --name-only --get-regexp http\.https\:\/\/github\.com\/\.extraheader
2026-09-30T23:51:06.1624006Z http.https://github.com/.extraheader
2026-09-30T23:51:06.1639637Z [command]/usr/bin/git config --local --unset-all http.https://github.com/.extraheader
2026-09-30T23:51:06.1689009Z [command]/usr/bin/git submodule foreach --recursive sh -c "git config --local --name-only --get-regexp 'http\.https\:\/\/github\.com\/\.extraheader' && git config --local --unset-all 'http.https://github.com/.extraheader' || :"
2026-09-30T23:51:06.2070006Z [command]/usr/bin/git config --local --name-only --get-regexp ^includeIf\.gitdir:
2026-09-30T23:51:06.2125148Z [command]/usr/bin/git submodule foreach --recursive git config --local --show-origin --name-only --get-regexp remote.origin.url
2026-09-30T23:51:06.2602314Z Cleaning up orphan processes
2026-09-30T23:51:06.2918628Z ##[warning]Node.js 20 is deprecated. The following actions target Node.js 20 but are being forced to run on Node.js 24: actions/checkout@11d5960a326750d5838078e36cf38b85af677262, actions/setup-python@a26af69be951a213d495a4c3e4e4022e16d87065, actions/upload-artifact@ea165f8d65b6e75b540449e92b4886f43607fa02. For more information see: https://github.blog/changelog/2025-09-19-deprecation-of-node-20-on-github-actions-runners/
