test_changed_historical_value_rejected (__main__.Gates.test_changed_historical_value_rejected) ... ok
test_constructive_small_universe (__main__.Gates.test_constructive_small_universe) ... ok
test_duplicate_graph (__main__.Gates.test_duplicate_graph) ... ok
test_duplicate_pair (__main__.Gates.test_duplicate_pair) ... ok
test_false_endpoint_count (__main__.Gates.test_false_endpoint_count) ... ok
test_false_lower_threshold_cut (__main__.Gates.test_false_lower_threshold_cut) ... ok
test_float_certificate_rejected (__main__.Gates.test_float_certificate_rejected) ... ok
test_illegal_path (__main__.Gates.test_illegal_path) ... ok
test_lex_label_loss_control (__main__.Gates.test_lex_label_loss_control) ... ok
test_missing_graph (__main__.Gates.test_missing_graph) ... ok
test_missing_pair (__main__.Gates.test_missing_pair) ... ok
test_missing_required_field (__main__.Gates.test_missing_required_field) ... ok
test_missing_state (__main__.Gates.test_missing_state) ... ok
test_pair_order_accepted (__main__.Gates.test_pair_order_accepted) ... ok
test_same_count_substitution (__main__.Gates.test_same_count_substitution) ... ok
test_scalar_versus_lex_objective (__main__.Gates.test_scalar_versus_lex_objective) ... ok
test_shape_enumerators (__main__.Gates.test_shape_enumerators) ... ok
test_valid_graph_order (__main__.Gates.test_valid_graph_order) ... ok
test_wrong_barrier (__main__.Gates.test_wrong_barrier) ... ok
test_wrong_domain (__main__.Gates.test_wrong_domain) ... ok
test_wrong_q (__main__.Gates.test_wrong_q) ... ok
test_wrong_representative (__main__.Gates.test_wrong_representative) ... ok
test_wrong_verdict (__main__.Gates.test_wrong_verdict) ... ok
test_bound_provenance_accepts (__main__.Provenance.test_bound_provenance_accepts) ... ok
test_changed_and_omitted_source_rejected (__main__.Provenance.test_changed_and_omitted_source_rejected) ... ok
test_false_provenance_rejected (__main__.Provenance.test_false_provenance_rejected) ... ok

----------------------------------------------------------------------
Ran 26 tests in 0.170s

OK
