test_first_progress_equivalence (test_release.Contracts.test_first_progress_equivalence) ... ok
test_full_independent_reconstruction (test_release.Contracts.test_full_independent_reconstruction) ... ok
test_host_only_endpoint_cost (test_release.Contracts.test_host_only_endpoint_cost) ... ok
test_loan_renewal (test_release.Contracts.test_loan_renewal) ... ok
test_native_capacity_obstruction (test_release.Contracts.test_native_capacity_obstruction) ... ok
test_native_upper_control (test_release.Contracts.test_native_upper_control) ... ok
test_reject_bad_mask (test_release.Contracts.test_reject_bad_mask) ... ok
test_reject_capacity (test_release.Contracts.test_reject_capacity) ... ok
test_reject_extra (test_release.Contracts.test_reject_extra) ... ok
test_reject_first_toggles (test_release.Contracts.test_reject_first_toggles) ... ok
test_reject_loan_cost (test_release.Contracts.test_reject_loan_cost) ... ok
test_reject_loan_mask (test_release.Contracts.test_reject_loan_mask) ... ok
test_reject_loan_slice (test_release.Contracts.test_reject_loan_slice) ... ok
test_reject_loan_tau (test_release.Contracts.test_reject_loan_tau) ... ok
test_reject_missing_loan (test_release.Contracts.test_reject_missing_loan) ... ok
test_reject_missing_mask (test_release.Contracts.test_reject_missing_mask) ... ok
test_reject_missing_source (test_release.Contracts.test_reject_missing_source) ... ok
test_reject_provenance (test_release.Contracts.test_reject_provenance) ... ok
test_reject_release_value (test_release.Contracts.test_reject_release_value) ... ok
test_reject_release_witness (test_release.Contracts.test_reject_release_witness) ... ok
test_reject_source_core (test_release.Contracts.test_reject_source_core) ... ok
test_reject_source_tau (test_release.Contracts.test_reject_source_tau) ... ok
test_reject_strict_pair (test_release.Contracts.test_reject_strict_pair) ... ok
test_reject_type (test_release.Contracts.test_reject_type) ... ok
test_reject_upper (test_release.Contracts.test_reject_upper) ... ok
test_release_criterion (test_release.Contracts.test_release_criterion) ... ok

----------------------------------------------------------------------
Ran 26 tests in 21.049s

OK
