test_boolean_integer (test_progress.Contracts.test_boolean_integer) ... ok
test_duplicate_family (test_progress.Contracts.test_duplicate_family) ... ok
test_duplicate_state (test_progress.Contracts.test_duplicate_state) ... ok
test_exact_independent_universe (test_progress.Contracts.test_exact_independent_universe) ... ok
test_extra_field (test_progress.Contracts.test_extra_field) ... ok
test_missing_edge (test_progress.Contracts.test_missing_edge) ... ok
test_missing_family (test_progress.Contracts.test_missing_family) ... ok
test_missing_state (test_progress.Contracts.test_missing_state) ... ok
test_missing_witness (test_progress.Contracts.test_missing_witness) ... ok
test_no_reachable_absent_label (test_progress.Contracts.test_no_reachable_absent_label) ... ok
test_nonisolated_seven_state_component (test_progress.Contracts.test_nonisolated_seven_state_component) ... ok
test_static_reserve_grows (test_progress.Contracts.test_static_reserve_grows) ... ok
test_substituted_edge (test_progress.Contracts.test_substituted_edge) ... ok
test_wrong_capacity (test_progress.Contracts.test_wrong_capacity) ... ok
test_wrong_floor (test_progress.Contracts.test_wrong_floor) ... ok
test_wrong_target (test_progress.Contracts.test_wrong_target) ... ok
test_wrong_witness (test_progress.Contracts.test_wrong_witness) ... ok

----------------------------------------------------------------------
Ran 17 tests in 26.804s

OK
