2026-09-28T20:40:36.3348525Z Current runner version: '2.337.0'
2026-09-28T20:40:36.3386098Z ##[group]Runner Image Provisioner
2026-09-28T20:40:36.3387376Z Hosted Compute Agent
2026-09-28T20:40:36.3388347Z Version: 20260828.587
2026-09-28T20:40:36.3389396Z Commit: abac92662cab4cc7352de4f9f9d2e2419aad9c29
2026-09-28T20:40:36.3390900Z Build Date: 2026-08-28T16:44:25Z
2026-09-28T20:40:36.3392162Z Worker ID: {c6162e6c-a772-40ab-8840-b80bf79a7f71}
2026-09-28T20:40:36.3393781Z Azure Region: eastus
2026-09-28T20:40:36.3394835Z ##[endgroup]
2026-09-28T20:40:36.3397531Z ##[group]Operating System
2026-09-28T20:40:36.3398877Z Ubuntu
2026-09-28T20:40:36.3399792Z 24.04.5
2026-09-28T20:40:36.3400686Z LTS
2026-09-28T20:40:36.3401438Z ##[endgroup]
2026-09-28T20:40:36.3402333Z ##[group]Runner Image
2026-09-28T20:40:36.3403730Z Image: ubuntu-24.04
2026-09-28T20:40:36.3404744Z Version: 20260920.314.1
2026-09-28T20:40:36.3407358Z Included Software: https://github.com/actions/runner-images/blob/ubuntu24/20260920.314/images/ubuntu/Ubuntu2404-Readme.md
2026-09-28T20:40:36.3410264Z Image Release: https://github.com/actions/runner-images/releases/tag/ubuntu24%2F20260920.314
2026-09-28T20:40:36.3411962Z ##[endgroup]
2026-09-28T20:40:36.3414109Z ##[group]GITHUB_TOKEN Permissions
2026-09-28T20:40:36.3417385Z Contents: read
2026-09-28T20:40:36.3418356Z Metadata: read
2026-09-28T20:40:36.3419419Z ##[endgroup]
2026-09-28T20:40:36.3423083Z Secret source: Actions
2026-09-28T20:40:36.3424702Z Cache mode: write
2026-09-28T20:40:36.3426107Z Prepare workflow directory
2026-09-28T20:40:36.3911954Z Prepare all required actions
2026-09-28T20:40:36.3981009Z Getting action download info
2026-09-28T20:40:36.6462271Z Download action repository 'actions/checkout@11d5960a326750d5838078e36cf38b85af677262' (SHA:11d5960a326750d5838078e36cf38b85af677262)
2026-09-28T20:40:36.7341934Z Download action repository 'actions/setup-python@a26af69be951a213d495a4c3e4e4022e16d87065' (SHA:a26af69be951a213d495a4c3e4e4022e16d87065)
2026-09-28T20:40:36.8153682Z Download action repository 'actions/upload-artifact@v4' (SHA:ea165f8d65b6e75b540449e92b4886f43607fa02)
2026-09-28T20:40:37.0300596Z Complete job name: measure (77)
2026-09-28T20:40:37.1063045Z ##[group]Run actions/checkout@11d5960a326750d5838078e36cf38b85af677262
2026-09-28T20:40:37.1064196Z with:
2026-09-28T20:40:37.1064705Z   repository: proteinfoldingengine/WetLabEngine
2026-09-28T20:40:37.1068565Z   token: ***
2026-09-28T20:40:37.1068994Z   ssh-strict: true
2026-09-28T20:40:37.1069426Z   ssh-user: git
2026-09-28T20:40:37.1069869Z   persist-credentials: true
2026-09-28T20:40:37.1070357Z   clean: true
2026-09-28T20:40:37.1070788Z   sparse-checkout-cone-mode: true
2026-09-28T20:40:37.1071301Z   fetch-depth: 1
2026-09-28T20:40:37.1071726Z   fetch-tags: false
2026-09-28T20:40:37.1072158Z   show-progress: true
2026-09-28T20:40:37.1072795Z   lfs: false
2026-09-28T20:40:37.1073210Z   submodules: false
2026-09-28T20:40:37.1073708Z   set-safe-directory: true
2026-09-28T20:40:37.1074226Z   allow-unsafe-pr-checkout: false
2026-09-28T20:40:37.1075011Z ##[endgroup]
2026-09-28T20:40:37.2080718Z Syncing repository: proteinfoldingengine/WetLabEngine
2026-09-28T20:40:37.2083760Z ##[group]Getting Git version info
2026-09-28T20:40:37.2084993Z Working directory is '/home/runner/work/WetLabEngine/WetLabEngine'
2026-09-28T20:40:37.2086697Z [command]/usr/bin/git version
2026-09-28T20:40:37.2158314Z git version 2.55.0
2026-09-28T20:40:37.2181795Z ##[endgroup]
2026-09-28T20:40:37.2201693Z Temporarily overriding HOME='/home/runner/work/_temp/df78e563-dcfe-4140-b330-4795353a5413' before making global git config changes
2026-09-28T20:40:37.2204417Z Adding repository directory to the temporary git global config as a safe directory
2026-09-28T20:40:37.2209106Z [command]/usr/bin/git config --global --add safe.directory /home/runner/work/WetLabEngine/WetLabEngine
2026-09-28T20:40:37.2261014Z Deleting the contents of '/home/runner/work/WetLabEngine/WetLabEngine'
2026-09-28T20:40:37.2266205Z ##[group]Initializing the repository
2026-09-28T20:40:37.2293827Z [command]/usr/bin/git init /home/runner/work/WetLabEngine/WetLabEngine
2026-09-28T20:40:37.2376788Z hint: Using 'master' as the name for the initial branch. This default branch name
2026-09-28T20:40:37.2378741Z hint: will change to "main" in Git 3.0. To configure the initial branch name
2026-09-28T20:40:37.2380331Z hint: to use in all of your new repositories, which will suppress this warning,
2026-09-28T20:40:37.2381589Z hint: call:
2026-09-28T20:40:37.2382807Z hint:
2026-09-28T20:40:37.2383698Z hint: 	git config --global init.defaultBranch <name>
2026-09-28T20:40:37.2384740Z hint:
2026-09-28T20:40:37.2385733Z hint: Names commonly chosen instead of 'master' are 'main', 'trunk' and
2026-09-28T20:40:37.2387310Z hint: 'development'. The just-created branch can be renamed via this command:
2026-09-28T20:40:37.2388568Z hint:
2026-09-28T20:40:37.2389264Z hint: 	git branch -m <name>
2026-09-28T20:40:37.2390063Z hint:
2026-09-28T20:40:37.2391114Z hint: Disable this message with "git config set advice.defaultBranchName false"
2026-09-28T20:40:37.2393283Z Initialized empty Git repository in /home/runner/work/WetLabEngine/WetLabEngine/.git/
2026-09-28T20:40:37.2396287Z [command]/usr/bin/git remote add origin https://github.com/proteinfoldingengine/WetLabEngine
2026-09-28T20:40:37.2441957Z ##[endgroup]
2026-09-28T20:40:37.2443626Z ##[group]Disabling automatic garbage collection
2026-09-28T20:40:37.2447444Z [command]/usr/bin/git config --local gc.auto 0
2026-09-28T20:40:37.2481035Z ##[endgroup]
2026-09-28T20:40:37.2482301Z ##[group]Setting up auth
2026-09-28T20:40:37.2488035Z [command]/usr/bin/git config --local --name-only --get-regexp core\.sshCommand
2026-09-28T20:40:37.2521330Z [command]/usr/bin/git submodule foreach --recursive sh -c "git config --local --name-only --get-regexp 'core\.sshCommand' && git config --local --unset-all 'core.sshCommand' || :"
2026-09-28T20:40:37.2896772Z [command]/usr/bin/git config --local --name-only --get-regexp http\.https\:\/\/github\.com\/\.extraheader
2026-09-28T20:40:37.2947104Z [command]/usr/bin/git submodule foreach --recursive sh -c "git config --local --name-only --get-regexp 'http\.https\:\/\/github\.com\/\.extraheader' && git config --local --unset-all 'http.https://github.com/.extraheader' || :"
2026-09-28T20:40:37.3201346Z [command]/usr/bin/git config --local --name-only --get-regexp ^includeIf\.gitdir:
2026-09-28T20:40:37.3244416Z [command]/usr/bin/git submodule foreach --recursive git config --local --show-origin --name-only --get-regexp remote.origin.url
2026-09-28T20:40:37.3499050Z [command]/usr/bin/git config --local http.https://github.com/.extraheader AUTHORIZATION: basic ***
2026-09-28T20:40:37.3542657Z ##[endgroup]
2026-09-28T20:40:37.3552663Z ##[group]Fetching the repository
2026-09-28T20:40:37.3555827Z [command]/usr/bin/git -c protocol.version=2 fetch --no-tags --prune --no-recurse-submodules --depth=1 origin +1b14035ab727b1f07a40c01498f91ad7fd0f3aac:refs/remotes/origin/research/v16.04-inserted-channel-factorization
2026-09-28T20:41:00.0174373Z From https://github.com/proteinfoldingengine/WetLabEngine
2026-09-28T20:41:00.0179815Z  * [new ref]         1b14035ab727b1f07a40c01498f91ad7fd0f3aac -> origin/research/v16.04-inserted-channel-factorization
2026-09-28T20:41:00.0182691Z ##[endgroup]
2026-09-28T20:41:00.0183745Z ##[group]Determining the checkout info
2026-09-28T20:41:00.0184650Z ##[endgroup]
2026-09-28T20:41:00.0189842Z [command]/usr/bin/git sparse-checkout disable
2026-09-28T20:41:00.1719938Z [command]/usr/bin/git config --local --unset-all extensions.worktreeConfig
2026-09-28T20:41:00.1777395Z ##[group]Checking out the ref
2026-09-28T20:41:00.1784861Z [command]/usr/bin/git checkout --progress --force -B research/v16.04-inserted-channel-factorization refs/remotes/origin/research/v16.04-inserted-channel-factorization
2026-09-28T20:41:01.2168457Z Updating files:  46% (2043/4375)
2026-09-28T20:41:01.2199561Z Updating files:  47% (2057/4375)
2026-09-28T20:41:01.2533601Z Updating files:  48% (2100/4375)
2026-09-28T20:41:01.2938916Z Updating files:  49% (2144/4375)
2026-09-28T20:41:01.2961214Z Updating files:  50% (2188/4375)
2026-09-28T20:41:01.2988308Z Updating files:  51% (2232/4375)
2026-09-28T20:41:01.3062838Z Updating files:  52% (2275/4375)
2026-09-28T20:41:01.3165636Z Updating files:  53% (2319/4375)
2026-09-28T20:41:01.3267856Z Updating files:  54% (2363/4375)
2026-09-28T20:41:01.3381288Z Updating files:  55% (2407/4375)
2026-09-28T20:41:01.3491935Z Updating files:  56% (2450/4375)
2026-09-28T20:41:01.3532771Z Updating files:  57% (2494/4375)
2026-09-28T20:41:01.3558890Z Updating files:  58% (2538/4375)
2026-09-28T20:41:01.3961811Z Updating files:  59% (2582/4375)
2026-09-28T20:41:01.5254596Z Updating files:  60% (2625/4375)
2026-09-28T20:41:01.7071629Z Updating files:  61% (2669/4375)
2026-09-28T20:41:01.7096514Z Updating files:  62% (2713/4375)
2026-09-28T20:41:01.7694907Z Updating files:  63% (2757/4375)
2026-09-28T20:41:01.8930081Z Updating files:  64% (2800/4375)
2026-09-28T20:41:01.9474022Z Updating files:  65% (2844/4375)
2026-09-28T20:41:02.0404131Z Updating files:  66% (2888/4375)
2026-09-28T20:41:02.0548186Z Updating files:  67% (2932/4375)
2026-09-28T20:41:02.0994311Z Updating files:  68% (2975/4375)
2026-09-28T20:41:02.1067668Z Updating files:  69% (3019/4375)
2026-09-28T20:41:02.1125803Z Updating files:  70% (3063/4375)
2026-09-28T20:41:02.1573473Z Updating files:  71% (3107/4375)
2026-09-28T20:41:02.1611189Z Updating files:  72% (3150/4375)
2026-09-28T20:41:02.1637969Z Updating files:  73% (3194/4375)
2026-09-28T20:41:02.1666152Z Updating files:  74% (3238/4375)
2026-09-28T20:41:02.1692560Z Updating files:  75% (3282/4375)
2026-09-28T20:41:02.1719901Z Updating files:  76% (3325/4375)
2026-09-28T20:41:02.1747222Z Updating files:  77% (3369/4375)
2026-09-28T20:41:02.1773740Z Updating files:  78% (3413/4375)
2026-09-28T20:41:02.1818059Z Updating files:  79% (3457/4375)
2026-09-28T20:41:02.1851735Z Updating files:  80% (3500/4375)
2026-09-28T20:41:02.1877650Z Updating files:  81% (3544/4375)
2026-09-28T20:41:02.2034387Z Updating files:  82% (3588/4375)
2026-09-28T20:41:02.2061002Z Updating files:  83% (3632/4375)
2026-09-28T20:41:02.2691946Z Updating files:  84% (3675/4375)
2026-09-28T20:41:02.5709275Z Updating files:  84% (3685/4375)
2026-09-28T20:41:02.5769871Z Updating files:  85% (3719/4375)
2026-09-28T20:41:02.5917546Z Updating files:  86% (3763/4375)
2026-09-28T20:41:02.6123411Z Updating files:  87% (3807/4375)
2026-09-28T20:41:02.6326405Z Updating files:  88% (3850/4375)
2026-09-28T20:41:02.6451298Z Updating files:  89% (3894/4375)
2026-09-28T20:41:02.6693413Z Updating files:  90% (3938/4375)
2026-09-28T20:41:02.7143984Z Updating files:  91% (3982/4375)
2026-09-28T20:41:02.7214187Z Updating files:  92% (4025/4375)
2026-09-28T20:41:02.7234530Z Updating files:  93% (4069/4375)
2026-09-28T20:41:02.7274938Z Updating files:  94% (4113/4375)
2026-09-28T20:41:02.7360426Z Updating files:  95% (4157/4375)
2026-09-28T20:41:02.7404265Z Updating files:  96% (4200/4375)
2026-09-28T20:41:02.7440962Z Updating files:  97% (4244/4375)
2026-09-28T20:41:02.7576332Z Updating files:  98% (4288/4375)
2026-09-28T20:41:02.7615230Z Updating files:  99% (4332/4375)
2026-09-28T20:41:02.7615783Z Updating files: 100% (4375/4375)
2026-09-28T20:41:02.7616184Z Updating files: 100% (4375/4375), done.
2026-09-28T20:41:02.7679306Z Switched to a new branch 'research/v16.04-inserted-channel-factorization'
2026-09-28T20:41:02.7685417Z branch 'research/v16.04-inserted-channel-factorization' set up to track 'origin/research/v16.04-inserted-channel-factorization'.
2026-09-28T20:41:02.7777996Z ##[endgroup]
2026-09-28T20:41:02.7829525Z [command]/usr/bin/git log -1 --format=%H
2026-09-28T20:41:02.7858875Z 1b14035ab727b1f07a40c01498f91ad7fd0f3aac
2026-09-28T20:41:02.8199457Z ##[group]Run actions/setup-python@a26af69be951a213d495a4c3e4e4022e16d87065
2026-09-28T20:41:02.8199883Z with:
2026-09-28T20:41:02.8200093Z   python-version: 3.11
2026-09-28T20:41:02.8200344Z   check-latest: false
2026-09-28T20:41:02.8203198Z   token: ***
2026-09-28T20:41:02.8203444Z   update-environment: true
2026-09-28T20:41:02.8203697Z   allow-prereleases: false
2026-09-28T20:41:02.8204123Z   freethreaded: false
2026-09-28T20:41:02.8204339Z ##[endgroup]
2026-09-28T20:41:02.9530341Z ##[group]Installed versions
2026-09-28T20:41:02.9668872Z (node:2266) [DEP0040] DeprecationWarning: The `punycode` module is deprecated. Please use a userland alternative instead.
2026-09-28T20:41:02.9669681Z (Use `node --trace-deprecation ...` to show where the warning was created)
2026-09-28T20:41:02.9670298Z Successfully set up CPython (3.11.16)
2026-09-28T20:41:02.9671102Z ##[endgroup]
2026-09-28T20:41:02.9828799Z ##[group]Run python -m pip install numpy==2.3.5 sympy==1.13.3 mpmath==1.3.0
2026-09-28T20:41:02.9829412Z [36;1mpython -m pip install numpy==2.3.5 sympy==1.13.3 mpmath==1.3.0[0m
2026-09-28T20:41:03.0164581Z shell: /usr/bin/bash -e {0}
2026-09-28T20:41:03.0164931Z env:
2026-09-28T20:41:03.0165282Z   pythonLocation: /opt/hostedtoolcache/Python/3.11.16/x64
2026-09-28T20:41:03.0165864Z   PKG_CONFIG_PATH: /opt/hostedtoolcache/Python/3.11.16/x64/lib/pkgconfig
2026-09-28T20:41:03.0166452Z   Python_ROOT_DIR: /opt/hostedtoolcache/Python/3.11.16/x64
2026-09-28T20:41:03.0166947Z   Python2_ROOT_DIR: /opt/hostedtoolcache/Python/3.11.16/x64
2026-09-28T20:41:03.0167443Z   Python3_ROOT_DIR: /opt/hostedtoolcache/Python/3.11.16/x64
2026-09-28T20:41:03.0167942Z   LD_LIBRARY_PATH: /opt/hostedtoolcache/Python/3.11.16/x64/lib
2026-09-28T20:41:03.0168359Z ##[endgroup]
2026-09-28T20:41:04.0392341Z Collecting numpy==2.3.5
2026-09-28T20:41:04.0911671Z   Downloading numpy-2.3.5-cp311-cp311-manylinux_2_27_x86_64.manylinux_2_28_x86_64.whl.metadata (62 kB)
2026-09-28T20:41:04.3427207Z Collecting sympy==1.13.3
2026-09-28T20:41:04.3468858Z   Downloading sympy-1.13.3-py3-none-any.whl.metadata (12 kB)
2026-09-28T20:41:04.3610186Z Collecting mpmath==1.3.0
2026-09-28T20:41:04.3656199Z   Downloading mpmath-1.3.0-py3-none-any.whl.metadata (8.6 kB)
2026-09-28T20:41:04.3761551Z Downloading numpy-2.3.5-cp311-cp311-manylinux_2_27_x86_64.manylinux_2_28_x86_64.whl (16.9 MB)
2026-09-28T20:41:04.5398391Z    ━━━━━━━━━━━━━━━━━━━━━━━━━━━━━━━━━━━━━━━━ 16.9/16.9 MB 112.7 MB/s  0:00:00
2026-09-28T20:41:04.5441652Z Downloading sympy-1.13.3-py3-none-any.whl (6.2 MB)
2026-09-28T20:41:04.5878863Z    ━━━━━━━━━━━━━━━━━━━━━━━━━━━━━━━━━━━━━━━━ 6.2/6.2 MB 147.1 MB/s  0:00:00
2026-09-28T20:41:04.5921651Z Downloading mpmath-1.3.0-py3-none-any.whl (536 kB)
2026-09-28T20:41:04.5968525Z    ━━━━━━━━━━━━━━━━━━━━━━━━━━━━━━━━━━━━━━━━ 536.2/536.2 kB 108.3 MB/s  0:00:00
2026-09-28T20:41:04.6975245Z Installing collected packages: mpmath, sympy, numpy
2026-09-28T20:41:12.2476263Z 
2026-09-28T20:41:12.2484795Z Successfully installed mpmath-1.3.0 numpy-2.3.5 sympy-1.13.3
2026-09-28T20:41:12.3023801Z ##[group]Run set -o pipefail
2026-09-28T20:41:12.3024172Z [36;1mset -o pipefail[0m
2026-09-28T20:41:12.3024478Z [36;1mgit rev-parse HEAD > execution_head.txt[0m
2026-09-28T20:41:12.3025074Z [36;1mcd ResearchHistory/UQCF-GEM/demos/v15.56-response-selector-obstruction/inserted-channel-factorization[0m
2026-09-28T20:41:12.3025735Z [36;1mpython gate.py --candidate 77 2>&1 | tee measurement-77.log[0m
2026-09-28T20:41:12.3092656Z shell: /usr/bin/bash -e {0}
2026-09-28T20:41:12.3092923Z env:
2026-09-28T20:41:12.3093204Z   pythonLocation: /opt/hostedtoolcache/Python/3.11.16/x64
2026-09-28T20:41:12.3093672Z   PKG_CONFIG_PATH: /opt/hostedtoolcache/Python/3.11.16/x64/lib/pkgconfig
2026-09-28T20:41:12.3094122Z   Python_ROOT_DIR: /opt/hostedtoolcache/Python/3.11.16/x64
2026-09-28T20:41:12.3094524Z   Python2_ROOT_DIR: /opt/hostedtoolcache/Python/3.11.16/x64
2026-09-28T20:41:12.3094912Z   Python3_ROOT_DIR: /opt/hostedtoolcache/Python/3.11.16/x64
2026-09-28T20:41:12.3095353Z   LD_LIBRARY_PATH: /opt/hostedtoolcache/Python/3.11.16/x64/lib
2026-09-28T20:41:12.3095701Z   OPENBLAS_NUM_THREADS: 1
2026-09-28T20:41:12.3095934Z   PYTHONUNBUFFERED: 1
2026-09-28T20:41:12.3096158Z ##[endgroup]
2026-09-28T20:41:42.2586870Z candidate=77 precision=50 a=1.0 arm=plane complete
2026-09-28T20:41:56.4172254Z candidate=77 precision=50 a=1.0 arm=isotropic complete
2026-09-28T20:42:18.2181755Z candidate=77 precision=50 a=0.3333333333333333 arm=plane complete
2026-09-28T20:42:33.5477231Z candidate=77 precision=50 a=0.3333333333333333 arm=isotropic complete
2026-09-28T20:42:55.3593554Z candidate=77 precision=50 a=0.16666666666666666 arm=plane complete
2026-09-28T20:43:10.5954813Z candidate=77 precision=50 a=0.16666666666666666 arm=isotropic complete
2026-09-28T20:43:42.4520905Z candidate=77 precision=80 a=1.0 arm=plane complete
2026-09-28T20:43:57.4727779Z candidate=77 precision=80 a=1.0 arm=isotropic complete
2026-09-28T20:44:21.5693827Z candidate=77 precision=80 a=0.3333333333333333 arm=plane complete
2026-09-28T20:44:37.9746726Z candidate=77 precision=80 a=0.3333333333333333 arm=isotropic complete
2026-09-28T20:45:01.9686447Z candidate=77 precision=80 a=0.16666666666666666 arm=plane complete
2026-09-28T20:45:18.3645736Z candidate=77 precision=80 a=0.16666666666666666 arm=isotropic complete
2026-09-28T20:45:18.4561111Z {"version": "16.04", "candidate_index": 77, "all_valid": true, "verdict": "FACTORIZATION_CONFIRMED", "execution_head": "1b14035ab727b1f07a40c01498f91ad7fd0f3aac"}
2026-09-28T20:45:18.5329532Z ##[group]Run actions/upload-artifact@v4
2026-09-28T20:45:18.5329849Z with:
2026-09-28T20:45:18.5330106Z   name: factor-77-1b14035ab727b1f07a40c01498f91ad7fd0f3aac
2026-09-28T20:45:18.5331660Z   path: execution_head.txt
ResearchHistory/UQCF-GEM/demos/v15.56-response-selector-obstruction/inserted-channel-factorization/result-*.json.gz
ResearchHistory/UQCF-GEM/demos/v15.56-response-selector-obstruction/inserted-channel-factorization/measurement-*.log
ResearchHistory/UQCF-GEM/demos/v15.56-response-selector-obstruction/inserted-channel-factorization/SHA256SUMS-*

2026-09-28T20:45:18.5333375Z   if-no-files-found: warn
2026-09-28T20:45:18.5333612Z   compression-level: 6
2026-09-28T20:45:18.5333826Z   overwrite: false
2026-09-28T20:45:18.5334039Z   include-hidden-files: false
2026-09-28T20:45:18.5334270Z env:
2026-09-28T20:45:18.5334517Z   pythonLocation: /opt/hostedtoolcache/Python/3.11.16/x64
2026-09-28T20:45:18.5334993Z   PKG_CONFIG_PATH: /opt/hostedtoolcache/Python/3.11.16/x64/lib/pkgconfig
2026-09-28T20:45:18.5335421Z   Python_ROOT_DIR: /opt/hostedtoolcache/Python/3.11.16/x64
2026-09-28T20:45:18.5335793Z   Python2_ROOT_DIR: /opt/hostedtoolcache/Python/3.11.16/x64
2026-09-28T20:45:18.5336177Z   Python3_ROOT_DIR: /opt/hostedtoolcache/Python/3.11.16/x64
2026-09-28T20:45:18.5336556Z   LD_LIBRARY_PATH: /opt/hostedtoolcache/Python/3.11.16/x64/lib
2026-09-28T20:45:18.5336877Z ##[endgroup]
2026-09-28T20:45:18.7046041Z (node:2366) [DEP0040] DeprecationWarning: The `punycode` module is deprecated. Please use a userland alternative instead.
2026-09-28T20:45:18.7047233Z (Use `node --trace-deprecation ...` to show where the warning was created)
2026-09-28T20:45:18.7139867Z Multiple search paths detected. Calculating the least common ancestor of all paths
2026-09-28T20:45:18.7142990Z The least common ancestor is /home/runner/work/WetLabEngine/WetLabEngine. This will be the root directory of the artifact
2026-09-28T20:45:18.7144369Z With the provided path, there will be 4 files uploaded
2026-09-28T20:45:18.7163078Z Artifact name is valid!
2026-09-28T20:45:18.7173375Z Root directory input is valid!
2026-09-28T20:45:18.9390225Z Beginning upload of artifact content to blob storage
2026-09-28T20:45:18.9719790Z (node:2366) [DEP0169] DeprecationWarning: `url.parse()` behavior is not standardized and prone to errors that have security implications. Use the WHATWG URL API instead. CVEs are not issued for `url.parse()` vulnerabilities.
2026-09-28T20:45:19.0080309Z Uploaded bytes 209187
2026-09-28T20:45:19.0227441Z Finished uploading artifact content to blob storage!
2026-09-28T20:45:19.0228340Z SHA256 digest of uploaded artifact zip is 81c93ae5b846a5246df7df1aba9ccdfc7b65dbc71367fac670e780e8b83be558
2026-09-28T20:45:19.0230421Z Finalizing artifact upload
2026-09-28T20:45:19.2397391Z Artifact factor-77-1b14035ab727b1f07a40c01498f91ad7fd0f3aac.zip successfully finalized. Artifact ID 10996453079
2026-09-28T20:45:19.2398927Z Artifact factor-77-1b14035ab727b1f07a40c01498f91ad7fd0f3aac has been successfully uploaded! Final size is 209187 bytes. Artifact ID is 10996453079
2026-09-28T20:45:19.2403853Z Artifact download URL: https://github.com/proteinfoldingengine/WetLabEngine/actions/runs/36480147334/artifacts/10996453079
2026-09-28T20:45:19.2595663Z Post job cleanup.
2026-09-28T20:45:19.3829785Z (node:2379) [DEP0040] DeprecationWarning: The `punycode` module is deprecated. Please use a userland alternative instead.
2026-09-28T20:45:19.3830755Z (Use `node --trace-deprecation ...` to show where the warning was created)
2026-09-28T20:45:19.4059002Z Post job cleanup.
2026-09-28T20:45:19.5084049Z [command]/usr/bin/git version
2026-09-28T20:45:19.5133215Z git version 2.55.0
2026-09-28T20:45:19.5233824Z Temporarily overriding HOME='/home/runner/work/_temp/4685365b-3350-4e04-980b-dd5dec55d383' before making global git config changes
2026-09-28T20:45:19.5273536Z Adding repository directory to the temporary git global config as a safe directory
2026-09-28T20:45:19.5274970Z [command]/usr/bin/git config --global --add safe.directory /home/runner/work/WetLabEngine/WetLabEngine
2026-09-28T20:45:19.5277124Z [command]/usr/bin/git config --local --name-only --get-regexp core\.sshCommand
2026-09-28T20:45:19.5279606Z [command]/usr/bin/git submodule foreach --recursive sh -c "git config --local --name-only --get-regexp 'core\.sshCommand' && git config --local --unset-all 'core.sshCommand' || :"
2026-09-28T20:45:19.5528735Z [command]/usr/bin/git config --local --name-only --get-regexp http\.https\:\/\/github\.com\/\.extraheader
2026-09-28T20:45:19.5562195Z http.https://github.com/.extraheader
2026-09-28T20:45:19.5575893Z [command]/usr/bin/git config --local --unset-all http.https://github.com/.extraheader
2026-09-28T20:45:19.5618413Z [command]/usr/bin/git submodule foreach --recursive sh -c "git config --local --name-only --get-regexp 'http\.https\:\/\/github\.com\/\.extraheader' && git config --local --unset-all 'http.https://github.com/.extraheader' || :"
2026-09-28T20:45:19.5954337Z [command]/usr/bin/git config --local --name-only --get-regexp ^includeIf\.gitdir:
2026-09-28T20:45:19.6008177Z [command]/usr/bin/git submodule foreach --recursive git config --local --show-origin --name-only --get-regexp remote.origin.url
2026-09-28T20:45:19.6537774Z Cleaning up orphan processes
2026-09-28T20:45:19.6944975Z ##[warning]Node.js 20 is deprecated. The following actions target Node.js 20 but are being forced to run on Node.js 24: actions/checkout@11d5960a326750d5838078e36cf38b85af677262, actions/setup-python@a26af69be951a213d495a4c3e4e4022e16d87065, actions/upload-artifact@v4. For more information see: https://github.blog/changelog/2025-09-19-deprecation-of-node-20-on-github-actions-runners/

