2026-09-28T20:40:06.3528028Z Current runner version: '2.337.0'
2026-09-28T20:40:06.3552471Z ##[group]Runner Image Provisioner
2026-09-28T20:40:06.3553413Z Hosted Compute Agent
2026-09-28T20:40:06.3554035Z Version: 20260828.587
2026-09-28T20:40:06.3554735Z Commit: abac92662cab4cc7352de4f9f9d2e2419aad9c29
2026-09-28T20:40:06.3555457Z Build Date: 2026-08-28T16:44:25Z
2026-09-28T20:40:06.3556106Z Worker ID: {95138974-b286-4c10-b333-675ba6a0a661}
2026-09-28T20:40:06.3556901Z Azure Region: westus2
2026-09-28T20:40:06.3557463Z ##[endgroup]
2026-09-28T20:40:06.3559286Z ##[group]Operating System
2026-09-28T20:40:06.3559932Z Ubuntu
2026-09-28T20:40:06.3560429Z 24.04.5
2026-09-28T20:40:06.3561042Z LTS
2026-09-28T20:40:06.3561598Z ##[endgroup]
2026-09-28T20:40:06.3562196Z ##[group]Runner Image
2026-09-28T20:40:06.3562802Z Image: ubuntu-24.04
2026-09-28T20:40:06.3563357Z Version: 20260920.314.1
2026-09-28T20:40:06.3564670Z Included Software: https://github.com/actions/runner-images/blob/ubuntu24/20260920.314/images/ubuntu/Ubuntu2404-Readme.md
2026-09-28T20:40:06.3566590Z Image Release: https://github.com/actions/runner-images/releases/tag/ubuntu24%2F20260920.314
2026-09-28T20:40:06.3567596Z ##[endgroup]
2026-09-28T20:40:06.3569246Z ##[group]GITHUB_TOKEN Permissions
2026-09-28T20:40:06.3571404Z Contents: read
2026-09-28T20:40:06.3572007Z Metadata: read
2026-09-28T20:40:06.3572669Z ##[endgroup]
2026-09-28T20:40:06.3574685Z Secret source: Actions
2026-09-28T20:40:06.3575719Z Cache mode: write
2026-09-28T20:40:06.3576411Z Prepare workflow directory
2026-09-28T20:40:06.3904893Z Prepare all required actions
2026-09-28T20:40:06.3952776Z Getting action download info
2026-09-28T20:40:06.8276922Z Download action repository 'actions/checkout@11d5960a326750d5838078e36cf38b85af677262' (SHA:11d5960a326750d5838078e36cf38b85af677262)
2026-09-28T20:40:06.9112183Z Download action repository 'actions/setup-python@a26af69be951a213d495a4c3e4e4022e16d87065' (SHA:a26af69be951a213d495a4c3e4e4022e16d87065)
2026-09-28T20:40:06.9872897Z Download action repository 'actions/upload-artifact@v4' (SHA:ea165f8d65b6e75b540449e92b4886f43607fa02)
2026-09-28T20:40:07.1954796Z Complete job name: measure (46)
2026-09-28T20:40:07.2690906Z ##[group]Run actions/checkout@11d5960a326750d5838078e36cf38b85af677262
2026-09-28T20:40:07.2691964Z with:
2026-09-28T20:40:07.2692470Z   repository: proteinfoldingengine/WetLabEngine
2026-09-28T20:40:07.2696507Z   token: ***
2026-09-28T20:40:07.2696936Z   ssh-strict: true
2026-09-28T20:40:07.2697367Z   ssh-user: git
2026-09-28T20:40:07.2698026Z   persist-credentials: true
2026-09-28T20:40:07.2698555Z   clean: true
2026-09-28T20:40:07.2699003Z   sparse-checkout-cone-mode: true
2026-09-28T20:40:07.2699521Z   fetch-depth: 1
2026-09-28T20:40:07.2699953Z   fetch-tags: false
2026-09-28T20:40:07.2700390Z   show-progress: true
2026-09-28T20:40:07.2700843Z   lfs: false
2026-09-28T20:40:07.2701248Z   submodules: false
2026-09-28T20:40:07.2701696Z   set-safe-directory: true
2026-09-28T20:40:07.2702195Z   allow-unsafe-pr-checkout: false
2026-09-28T20:40:07.2702966Z ##[endgroup]
2026-09-28T20:40:07.3752523Z Syncing repository: proteinfoldingengine/WetLabEngine
2026-09-28T20:40:07.3755202Z ##[group]Getting Git version info
2026-09-28T20:40:07.3756429Z Working directory is '/home/runner/work/WetLabEngine/WetLabEngine'
2026-09-28T20:40:07.3758370Z [command]/usr/bin/git version
2026-09-28T20:40:07.3822436Z git version 2.55.0
2026-09-28T20:40:07.3846798Z ##[endgroup]
2026-09-28T20:40:07.3862558Z Temporarily overriding HOME='/home/runner/work/_temp/7aabf6c1-3465-47e3-82d5-cf3b60ee9937' before making global git config changes
2026-09-28T20:40:07.3865094Z Adding repository directory to the temporary git global config as a safe directory
2026-09-28T20:40:07.3883966Z [command]/usr/bin/git config --global --add safe.directory /home/runner/work/WetLabEngine/WetLabEngine
2026-09-28T20:40:07.3935359Z Deleting the contents of '/home/runner/work/WetLabEngine/WetLabEngine'
2026-09-28T20:40:07.3952771Z ##[group]Initializing the repository
2026-09-28T20:40:07.3954074Z [command]/usr/bin/git init /home/runner/work/WetLabEngine/WetLabEngine
2026-09-28T20:40:07.4056717Z hint: Using 'master' as the name for the initial branch. This default branch name
2026-09-28T20:40:07.4058603Z hint: will change to "main" in Git 3.0. To configure the initial branch name
2026-09-28T20:40:07.4060237Z hint: to use in all of your new repositories, which will suppress this warning,
2026-09-28T20:40:07.4061523Z hint: call:
2026-09-28T20:40:07.4062469Z hint:
2026-09-28T20:40:07.4063267Z hint: 	git config --global init.defaultBranch <name>
2026-09-28T20:40:07.4064253Z hint:
2026-09-28T20:40:07.4065245Z hint: Names commonly chosen instead of 'master' are 'main', 'trunk' and
2026-09-28T20:40:07.4066790Z hint: 'development'. The just-created branch can be renamed via this command:
2026-09-28T20:40:07.4068216Z hint:
2026-09-28T20:40:07.4068862Z hint: 	git branch -m <name>
2026-09-28T20:40:07.4069643Z hint:
2026-09-28T20:40:07.4070729Z hint: Disable this message with "git config set advice.defaultBranchName false"
2026-09-28T20:40:07.4073381Z Initialized empty Git repository in /home/runner/work/WetLabEngine/WetLabEngine/.git/
2026-09-28T20:40:07.4076021Z [command]/usr/bin/git remote add origin https://github.com/proteinfoldingengine/WetLabEngine
2026-09-28T20:40:07.4126266Z ##[endgroup]
2026-09-28T20:40:07.4128053Z ##[group]Disabling automatic garbage collection
2026-09-28T20:40:07.4130581Z [command]/usr/bin/git config --local gc.auto 0
2026-09-28T20:40:07.4164775Z ##[endgroup]
2026-09-28T20:40:07.4166412Z ##[group]Setting up auth
2026-09-28T20:40:07.4172409Z [command]/usr/bin/git config --local --name-only --get-regexp core\.sshCommand
2026-09-28T20:40:07.4206764Z [command]/usr/bin/git submodule foreach --recursive sh -c "git config --local --name-only --get-regexp 'core\.sshCommand' && git config --local --unset-all 'core.sshCommand' || :"
2026-09-28T20:40:07.4666872Z [command]/usr/bin/git config --local --name-only --get-regexp http\.https\:\/\/github\.com\/\.extraheader
2026-09-28T20:40:07.4703891Z [command]/usr/bin/git submodule foreach --recursive sh -c "git config --local --name-only --get-regexp 'http\.https\:\/\/github\.com\/\.extraheader' && git config --local --unset-all 'http.https://github.com/.extraheader' || :"
2026-09-28T20:40:07.4982307Z [command]/usr/bin/git config --local --name-only --get-regexp ^includeIf\.gitdir:
2026-09-28T20:40:07.5020327Z [command]/usr/bin/git submodule foreach --recursive git config --local --show-origin --name-only --get-regexp remote.origin.url
2026-09-28T20:40:07.5243987Z [command]/usr/bin/git config --local http.https://github.com/.extraheader AUTHORIZATION: basic ***
2026-09-28T20:40:07.5284263Z ##[endgroup]
2026-09-28T20:40:07.5285773Z ##[group]Fetching the repository
2026-09-28T20:40:07.5295516Z [command]/usr/bin/git -c protocol.version=2 fetch --no-tags --prune --no-recurse-submodules --depth=1 origin +1b14035ab727b1f07a40c01498f91ad7fd0f3aac:refs/remotes/origin/research/v16.04-inserted-channel-factorization
2026-09-28T20:40:29.5022798Z From https://github.com/proteinfoldingengine/WetLabEngine
2026-09-28T20:40:29.5024168Z  * [new ref]         1b14035ab727b1f07a40c01498f91ad7fd0f3aac -> origin/research/v16.04-inserted-channel-factorization
2026-09-28T20:40:29.5027580Z ##[endgroup]
2026-09-28T20:40:29.5028430Z ##[group]Determining the checkout info
2026-09-28T20:40:29.5030853Z ##[endgroup]
2026-09-28T20:40:29.5036637Z [command]/usr/bin/git sparse-checkout disable
2026-09-28T20:40:29.5089186Z [command]/usr/bin/git config --local --unset-all extensions.worktreeConfig
2026-09-28T20:40:29.5120475Z ##[group]Checking out the ref
2026-09-28T20:40:29.5160275Z [command]/usr/bin/git checkout --progress --force -B research/v16.04-inserted-channel-factorization refs/remotes/origin/research/v16.04-inserted-channel-factorization
2026-09-28T20:40:30.5409658Z Updating files:  48% (2127/4375)
2026-09-28T20:40:30.5813452Z Updating files:  49% (2144/4375)
2026-09-28T20:40:30.5834557Z Updating files:  50% (2188/4375)
2026-09-28T20:40:30.5852494Z Updating files:  51% (2232/4375)
2026-09-28T20:40:30.5907811Z Updating files:  52% (2275/4375)
2026-09-28T20:40:30.6008155Z Updating files:  53% (2319/4375)
2026-09-28T20:40:30.6125402Z Updating files:  54% (2363/4375)
2026-09-28T20:40:30.6240892Z Updating files:  55% (2407/4375)
2026-09-28T20:40:30.6353805Z Updating files:  56% (2450/4375)
2026-09-28T20:40:30.6391443Z Updating files:  57% (2494/4375)
2026-09-28T20:40:30.6413768Z Updating files:  58% (2538/4375)
2026-09-28T20:40:30.6811347Z Updating files:  59% (2582/4375)
2026-09-28T20:40:30.8074192Z Updating files:  60% (2625/4375)
2026-09-28T20:40:30.9861078Z Updating files:  61% (2669/4375)
2026-09-28T20:40:30.9882751Z Updating files:  62% (2713/4375)
2026-09-28T20:40:31.0436166Z Updating files:  63% (2757/4375)
2026-09-28T20:40:31.1650708Z Updating files:  64% (2800/4375)
2026-09-28T20:40:31.2191926Z Updating files:  65% (2844/4375)
2026-09-28T20:40:31.3147381Z Updating files:  66% (2888/4375)
2026-09-28T20:40:31.3291505Z Updating files:  67% (2932/4375)
2026-09-28T20:40:31.3779571Z Updating files:  68% (2975/4375)
2026-09-28T20:40:31.3854197Z Updating files:  69% (3019/4375)
2026-09-28T20:40:31.3928240Z Updating files:  70% (3063/4375)
2026-09-28T20:40:31.4400246Z Updating files:  71% (3107/4375)
2026-09-28T20:40:31.4438397Z Updating files:  72% (3150/4375)
2026-09-28T20:40:31.4464821Z Updating files:  73% (3194/4375)
2026-09-28T20:40:31.4493953Z Updating files:  74% (3238/4375)
2026-09-28T20:40:31.4525946Z Updating files:  75% (3282/4375)
2026-09-28T20:40:31.4552387Z Updating files:  76% (3325/4375)
2026-09-28T20:40:31.4578943Z Updating files:  77% (3369/4375)
2026-09-28T20:40:31.4611193Z Updating files:  78% (3413/4375)
2026-09-28T20:40:31.4641429Z Updating files:  79% (3457/4375)
2026-09-28T20:40:31.4668588Z Updating files:  80% (3500/4375)
2026-09-28T20:40:31.4694429Z Updating files:  81% (3544/4375)
2026-09-28T20:40:31.4845219Z Updating files:  82% (3588/4375)
2026-09-28T20:40:31.4871027Z Updating files:  83% (3632/4375)
2026-09-28T20:40:31.5528129Z Updating files:  84% (3675/4375)
2026-09-28T20:40:31.8604073Z Updating files:  84% (3685/4375)
2026-09-28T20:40:31.8667018Z Updating files:  85% (3719/4375)
2026-09-28T20:40:31.8813113Z Updating files:  86% (3763/4375)
2026-09-28T20:40:31.9017785Z Updating files:  87% (3807/4375)
2026-09-28T20:40:31.9219577Z Updating files:  88% (3850/4375)
2026-09-28T20:40:31.9343713Z Updating files:  89% (3894/4375)
2026-09-28T20:40:31.9584491Z Updating files:  90% (3938/4375)
2026-09-28T20:40:32.0041785Z Updating files:  91% (3982/4375)
2026-09-28T20:40:32.0110879Z Updating files:  92% (4025/4375)
2026-09-28T20:40:32.0130486Z Updating files:  93% (4069/4375)
2026-09-28T20:40:32.0170216Z Updating files:  94% (4113/4375)
2026-09-28T20:40:32.0255319Z Updating files:  95% (4157/4375)
2026-09-28T20:40:32.0299110Z Updating files:  96% (4200/4375)
2026-09-28T20:40:32.0335156Z Updating files:  97% (4244/4375)
2026-09-28T20:40:32.0469478Z Updating files:  98% (4288/4375)
2026-09-28T20:40:32.0506878Z Updating files:  99% (4332/4375)
2026-09-28T20:40:32.0507939Z Updating files: 100% (4375/4375)
2026-09-28T20:40:32.0508607Z Updating files: 100% (4375/4375), done.
2026-09-28T20:40:32.0570016Z Switched to a new branch 'research/v16.04-inserted-channel-factorization'
2026-09-28T20:40:32.0573311Z branch 'research/v16.04-inserted-channel-factorization' set up to track 'origin/research/v16.04-inserted-channel-factorization'.
2026-09-28T20:40:32.0675048Z ##[endgroup]
2026-09-28T20:40:32.0720373Z [command]/usr/bin/git log -1 --format=%H
2026-09-28T20:40:32.0757197Z 1b14035ab727b1f07a40c01498f91ad7fd0f3aac
2026-09-28T20:40:32.1096004Z ##[group]Run actions/setup-python@a26af69be951a213d495a4c3e4e4022e16d87065
2026-09-28T20:40:32.1096432Z with:
2026-09-28T20:40:32.1096649Z   python-version: 3.11
2026-09-28T20:40:32.1096888Z   check-latest: false
2026-09-28T20:40:32.1099799Z   token: ***
2026-09-28T20:40:32.1100027Z   update-environment: true
2026-09-28T20:40:32.1100280Z   allow-prereleases: false
2026-09-28T20:40:32.1100520Z   freethreaded: false
2026-09-28T20:40:32.1100737Z ##[endgroup]
2026-09-28T20:40:32.2385178Z ##[group]Installed versions
2026-09-28T20:40:32.2491583Z (node:2259) [DEP0040] DeprecationWarning: The `punycode` module is deprecated. Please use a userland alternative instead.
2026-09-28T20:40:32.2492286Z (Use `node --trace-deprecation ...` to show where the warning was created)
2026-09-28T20:40:32.2493141Z Successfully set up CPython (3.11.16)
2026-09-28T20:40:32.2493943Z ##[endgroup]
2026-09-28T20:40:32.2653634Z ##[group]Run python -m pip install numpy==2.3.5 sympy==1.13.3 mpmath==1.3.0
2026-09-28T20:40:32.2654249Z [36;1mpython -m pip install numpy==2.3.5 sympy==1.13.3 mpmath==1.3.0[0m
2026-09-28T20:40:32.3034501Z shell: /usr/bin/bash -e {0}
2026-09-28T20:40:32.3034851Z env:
2026-09-28T20:40:32.3035205Z   pythonLocation: /opt/hostedtoolcache/Python/3.11.16/x64
2026-09-28T20:40:32.3035789Z   PKG_CONFIG_PATH: /opt/hostedtoolcache/Python/3.11.16/x64/lib/pkgconfig
2026-09-28T20:40:32.3036359Z   Python_ROOT_DIR: /opt/hostedtoolcache/Python/3.11.16/x64
2026-09-28T20:40:32.3036865Z   Python2_ROOT_DIR: /opt/hostedtoolcache/Python/3.11.16/x64
2026-09-28T20:40:32.3037388Z   Python3_ROOT_DIR: /opt/hostedtoolcache/Python/3.11.16/x64
2026-09-28T20:40:32.3038100Z   LD_LIBRARY_PATH: /opt/hostedtoolcache/Python/3.11.16/x64/lib
2026-09-28T20:40:32.3038536Z ##[endgroup]
2026-09-28T20:40:35.5879700Z Collecting numpy==2.3.5
2026-09-28T20:40:35.6542130Z   Downloading numpy-2.3.5-cp311-cp311-manylinux_2_27_x86_64.manylinux_2_28_x86_64.whl.metadata (62 kB)
2026-09-28T20:40:35.6948965Z Collecting sympy==1.13.3
2026-09-28T20:40:35.7051351Z   Downloading sympy-1.13.3-py3-none-any.whl.metadata (12 kB)
2026-09-28T20:40:35.7230052Z Collecting mpmath==1.3.0
2026-09-28T20:40:35.7302127Z   Downloading mpmath-1.3.0-py3-none-any.whl.metadata (8.6 kB)
2026-09-28T20:40:35.7468031Z Downloading numpy-2.3.5-cp311-cp311-manylinux_2_27_x86_64.manylinux_2_28_x86_64.whl (16.9 MB)
2026-09-28T20:40:36.0565613Z    ━━━━━━━━━━━━━━━━━━━━━━━━━━━━━━━━━━━━━━━━ 16.9/16.9 MB 58.1 MB/s  0:00:00
2026-09-28T20:40:36.0662715Z Downloading sympy-1.13.3-py3-none-any.whl (6.2 MB)
2026-09-28T20:40:36.1157549Z    ━━━━━━━━━━━━━━━━━━━━━━━━━━━━━━━━━━━━━━━━ 6.2/6.2 MB 125.5 MB/s  0:00:00
2026-09-28T20:40:36.1229763Z Downloading mpmath-1.3.0-py3-none-any.whl (536 kB)
2026-09-28T20:40:36.1279405Z    ━━━━━━━━━━━━━━━━━━━━━━━━━━━━━━━━━━━━━━━━ 536.2/536.2 kB 92.3 MB/s  0:00:00
2026-09-28T20:40:36.3323345Z Installing collected packages: mpmath, sympy, numpy
2026-09-28T20:40:43.5954194Z 
2026-09-28T20:40:43.5963241Z Successfully installed mpmath-1.3.0 numpy-2.3.5 sympy-1.13.3
2026-09-28T20:40:43.6537284Z ##[group]Run set -o pipefail
2026-09-28T20:40:43.6537626Z [36;1mset -o pipefail[0m
2026-09-28T20:40:43.6538141Z [36;1mgit rev-parse HEAD > execution_head.txt[0m
2026-09-28T20:40:43.6538736Z [36;1mcd ResearchHistory/UQCF-GEM/demos/v15.56-response-selector-obstruction/inserted-channel-factorization[0m
2026-09-28T20:40:43.6539392Z [36;1mpython gate.py --candidate 46 2>&1 | tee measurement-46.log[0m
2026-09-28T20:40:43.6604455Z shell: /usr/bin/bash -e {0}
2026-09-28T20:40:43.6604717Z env:
2026-09-28T20:40:43.6605021Z   pythonLocation: /opt/hostedtoolcache/Python/3.11.16/x64
2026-09-28T20:40:43.6605484Z   PKG_CONFIG_PATH: /opt/hostedtoolcache/Python/3.11.16/x64/lib/pkgconfig
2026-09-28T20:40:43.6605925Z   Python_ROOT_DIR: /opt/hostedtoolcache/Python/3.11.16/x64
2026-09-28T20:40:43.6606325Z   Python2_ROOT_DIR: /opt/hostedtoolcache/Python/3.11.16/x64
2026-09-28T20:40:43.6606715Z   Python3_ROOT_DIR: /opt/hostedtoolcache/Python/3.11.16/x64
2026-09-28T20:40:43.6607140Z   LD_LIBRARY_PATH: /opt/hostedtoolcache/Python/3.11.16/x64/lib
2026-09-28T20:40:43.6607478Z   OPENBLAS_NUM_THREADS: 1
2026-09-28T20:40:43.6607860Z   PYTHONUNBUFFERED: 1
2026-09-28T20:40:43.6608077Z ##[endgroup]
2026-09-28T20:41:13.2068020Z candidate=46 precision=50 a=1.0 arm=plane complete
2026-09-28T20:41:27.1757530Z candidate=46 precision=50 a=1.0 arm=isotropic complete
2026-09-28T20:41:48.7419337Z candidate=46 precision=50 a=0.3333333333333333 arm=plane complete
2026-09-28T20:42:03.7885819Z candidate=46 precision=50 a=0.3333333333333333 arm=isotropic complete
2026-09-28T20:42:25.2712173Z candidate=46 precision=50 a=0.16666666666666666 arm=plane complete
2026-09-28T20:42:40.3132055Z candidate=46 precision=50 a=0.16666666666666666 arm=isotropic complete
2026-09-28T20:43:11.6591108Z candidate=46 precision=80 a=1.0 arm=plane complete
2026-09-28T20:43:26.4990020Z candidate=46 precision=80 a=1.0 arm=isotropic complete
2026-09-28T20:43:49.9737960Z candidate=46 precision=80 a=0.3333333333333333 arm=plane complete
2026-09-28T20:44:06.1290819Z candidate=46 precision=80 a=0.3333333333333333 arm=isotropic complete
2026-09-28T20:44:29.7088213Z candidate=46 precision=80 a=0.16666666666666666 arm=plane complete
2026-09-28T20:44:45.8003695Z candidate=46 precision=80 a=0.16666666666666666 arm=isotropic complete
2026-09-28T20:44:45.8925764Z {"version": "16.04", "candidate_index": 46, "all_valid": true, "verdict": "FACTORIZATION_CONFIRMED", "execution_head": "1b14035ab727b1f07a40c01498f91ad7fd0f3aac"}
2026-09-28T20:44:45.9613506Z ##[group]Run actions/upload-artifact@v4
2026-09-28T20:44:45.9613820Z with:
2026-09-28T20:44:45.9614081Z   name: factor-46-1b14035ab727b1f07a40c01498f91ad7fd0f3aac
2026-09-28T20:44:45.9615639Z   path: execution_head.txt
ResearchHistory/UQCF-GEM/demos/v15.56-response-selector-obstruction/inserted-channel-factorization/result-*.json.gz
ResearchHistory/UQCF-GEM/demos/v15.56-response-selector-obstruction/inserted-channel-factorization/measurement-*.log
ResearchHistory/UQCF-GEM/demos/v15.56-response-selector-obstruction/inserted-channel-factorization/SHA256SUMS-*

2026-09-28T20:44:45.9617140Z   if-no-files-found: warn
2026-09-28T20:44:45.9617372Z   compression-level: 6
2026-09-28T20:44:45.9617588Z   overwrite: false
2026-09-28T20:44:45.9618054Z   include-hidden-files: false
2026-09-28T20:44:45.9618287Z env:
2026-09-28T20:44:45.9618537Z   pythonLocation: /opt/hostedtoolcache/Python/3.11.16/x64
2026-09-28T20:44:45.9618995Z   PKG_CONFIG_PATH: /opt/hostedtoolcache/Python/3.11.16/x64/lib/pkgconfig
2026-09-28T20:44:45.9619422Z   Python_ROOT_DIR: /opt/hostedtoolcache/Python/3.11.16/x64
2026-09-28T20:44:45.9619847Z   Python2_ROOT_DIR: /opt/hostedtoolcache/Python/3.11.16/x64
2026-09-28T20:44:45.9620246Z   Python3_ROOT_DIR: /opt/hostedtoolcache/Python/3.11.16/x64
2026-09-28T20:44:45.9620633Z   LD_LIBRARY_PATH: /opt/hostedtoolcache/Python/3.11.16/x64/lib
2026-09-28T20:44:45.9620954Z ##[endgroup]
2026-09-28T20:44:46.1312859Z (node:2371) [DEP0040] DeprecationWarning: The `punycode` module is deprecated. Please use a userland alternative instead.
2026-09-28T20:44:46.1314151Z (Use `node --trace-deprecation ...` to show where the warning was created)
2026-09-28T20:44:46.1433819Z Multiple search paths detected. Calculating the least common ancestor of all paths
2026-09-28T20:44:46.1435675Z The least common ancestor is /home/runner/work/WetLabEngine/WetLabEngine. This will be the root directory of the artifact
2026-09-28T20:44:46.1436787Z With the provided path, there will be 4 files uploaded
2026-09-28T20:44:46.1437901Z Artifact name is valid!
2026-09-28T20:44:46.1438356Z Root directory input is valid!
2026-09-28T20:44:46.5452763Z Beginning upload of artifact content to blob storage
2026-09-28T20:44:46.5786959Z (node:2371) [DEP0169] DeprecationWarning: `url.parse()` behavior is not standardized and prone to errors that have security implications. Use the WHATWG URL API instead. CVEs are not issued for `url.parse()` vulnerabilities.
2026-09-28T20:44:47.0488915Z Uploaded bytes 208659
2026-09-28T20:44:47.1260795Z Finished uploading artifact content to blob storage!
2026-09-28T20:44:47.1261980Z SHA256 digest of uploaded artifact zip is bca876933fe403439faf6c7c88fcc9de655637d8f87424c252c20f62f4012c3a
2026-09-28T20:44:47.1263709Z Finalizing artifact upload
2026-09-28T20:44:47.3709005Z Artifact factor-46-1b14035ab727b1f07a40c01498f91ad7fd0f3aac.zip successfully finalized. Artifact ID 10995898940
2026-09-28T20:44:47.3711139Z Artifact factor-46-1b14035ab727b1f07a40c01498f91ad7fd0f3aac has been successfully uploaded! Final size is 208659 bytes. Artifact ID is 10995898940
2026-09-28T20:44:47.3713282Z Artifact download URL: https://github.com/proteinfoldingengine/WetLabEngine/actions/runs/36480147334/artifacts/10995898940
2026-09-28T20:44:47.3877012Z Post job cleanup.
2026-09-28T20:44:47.5067139Z (node:2384) [DEP0040] DeprecationWarning: The `punycode` module is deprecated. Please use a userland alternative instead.
2026-09-28T20:44:47.5068234Z (Use `node --trace-deprecation ...` to show where the warning was created)
2026-09-28T20:44:47.5254060Z Post job cleanup.
2026-09-28T20:44:47.6188632Z [command]/usr/bin/git version
2026-09-28T20:44:47.6219508Z git version 2.55.0
2026-09-28T20:44:47.6266569Z Temporarily overriding HOME='/home/runner/work/_temp/14daaf72-83c2-448a-96ee-4e1f2073e732' before making global git config changes
2026-09-28T20:44:47.6268627Z Adding repository directory to the temporary git global config as a safe directory
2026-09-28T20:44:47.6274191Z [command]/usr/bin/git config --global --add safe.directory /home/runner/work/WetLabEngine/WetLabEngine
2026-09-28T20:44:47.6332724Z [command]/usr/bin/git config --local --name-only --get-regexp core\.sshCommand
2026-09-28T20:44:47.6389549Z [command]/usr/bin/git submodule foreach --recursive sh -c "git config --local --name-only --get-regexp 'core\.sshCommand' && git config --local --unset-all 'core.sshCommand' || :"
2026-09-28T20:44:47.6618319Z [command]/usr/bin/git config --local --name-only --get-regexp http\.https\:\/\/github\.com\/\.extraheader
2026-09-28T20:44:47.6643919Z http.https://github.com/.extraheader
2026-09-28T20:44:47.6658256Z [command]/usr/bin/git config --local --unset-all http.https://github.com/.extraheader
2026-09-28T20:44:47.6694456Z [command]/usr/bin/git submodule foreach --recursive sh -c "git config --local --name-only --get-regexp 'http\.https\:\/\/github\.com\/\.extraheader' && git config --local --unset-all 'http.https://github.com/.extraheader' || :"
2026-09-28T20:44:47.6961308Z [command]/usr/bin/git config --local --name-only --get-regexp ^includeIf\.gitdir:
2026-09-28T20:44:47.6998829Z [command]/usr/bin/git submodule foreach --recursive git config --local --show-origin --name-only --get-regexp remote.origin.url
2026-09-28T20:44:47.7471551Z Cleaning up orphan processes
2026-09-28T20:44:47.7865638Z ##[warning]Node.js 20 is deprecated. The following actions target Node.js 20 but are being forced to run on Node.js 24: actions/checkout@11d5960a326750d5838078e36cf38b85af677262, actions/setup-python@a26af69be951a213d495a4c3e4e4022e16d87065, actions/upload-artifact@v4. For more information see: https://github.blog/changelog/2025-09-19-deprecation-of-node-20-on-github-actions-runners/

