2026-09-28T20:38:31.6957507Z Current runner version: '2.337.0'
2026-09-28T20:38:31.6973686Z ##[group]Runner Image Provisioner
2026-09-28T20:38:31.6974504Z Hosted Compute Agent
2026-09-28T20:38:31.6974948Z Version: 20260828.587
2026-09-28T20:38:31.6975402Z Commit: abac92662cab4cc7352de4f9f9d2e2419aad9c29
2026-09-28T20:38:31.6975910Z Build Date: 2026-08-28T16:44:25Z
2026-09-28T20:38:31.6976390Z Worker ID: {e3f0c15e-6572-4e27-99b0-1af2ef790e50}
2026-09-28T20:38:31.6976873Z Azure Region: centralus
2026-09-28T20:38:31.6977275Z ##[endgroup]
2026-09-28T20:38:31.6978268Z ##[group]Operating System
2026-09-28T20:38:31.6978697Z Ubuntu
2026-09-28T20:38:31.6979045Z 24.04.5
2026-09-28T20:38:31.6979385Z LTS
2026-09-28T20:38:31.6979757Z ##[endgroup]
2026-09-28T20:38:31.6980137Z ##[group]Runner Image
2026-09-28T20:38:31.6980567Z Image: ubuntu-24.04
2026-09-28T20:38:31.6980944Z Version: 20260920.314.1
2026-09-28T20:38:31.6981880Z Included Software: https://github.com/actions/runner-images/blob/ubuntu24/20260920.314/images/ubuntu/Ubuntu2404-Readme.md
2026-09-28T20:38:31.6982945Z Image Release: https://github.com/actions/runner-images/releases/tag/ubuntu24%2F20260920.314
2026-09-28T20:38:31.6983892Z ##[endgroup]
2026-09-28T20:38:31.6984777Z ##[group]GITHUB_TOKEN Permissions
2026-09-28T20:38:31.6986519Z Contents: read
2026-09-28T20:38:31.6986927Z Metadata: read
2026-09-28T20:38:31.6987282Z ##[endgroup]
2026-09-28T20:38:31.6988723Z Secret source: Actions
2026-09-28T20:38:31.6989330Z Cache mode: write
2026-09-28T20:38:31.6989810Z Prepare workflow directory
2026-09-28T20:38:31.7218441Z Prepare all required actions
2026-09-28T20:38:31.7253379Z Getting action download info
2026-09-28T20:38:31.9933127Z Download action repository 'actions/checkout@11d5960a326750d5838078e36cf38b85af677262' (SHA:11d5960a326750d5838078e36cf38b85af677262)
2026-09-28T20:38:32.1673167Z Download action repository 'actions/setup-python@a26af69be951a213d495a4c3e4e4022e16d87065' (SHA:a26af69be951a213d495a4c3e4e4022e16d87065)
2026-09-28T20:38:32.2578685Z Download action repository 'actions/upload-artifact@v4' (SHA:ea165f8d65b6e75b540449e92b4886f43607fa02)
2026-09-28T20:38:32.4837118Z Complete job name: measure (37)
2026-09-28T20:38:32.5373398Z ##[group]Run actions/checkout@11d5960a326750d5838078e36cf38b85af677262
2026-09-28T20:38:32.5374627Z with:
2026-09-28T20:38:32.5375076Z   repository: proteinfoldingengine/WetLabEngine
2026-09-28T20:38:32.5377922Z   token: ***
2026-09-28T20:38:32.5378313Z   ssh-strict: true
2026-09-28T20:38:32.5378684Z   ssh-user: git
2026-09-28T20:38:32.5379990Z   persist-credentials: true
2026-09-28T20:38:32.5380421Z   clean: true
2026-09-28T20:38:32.5380825Z   sparse-checkout-cone-mode: true
2026-09-28T20:38:32.5381291Z   fetch-depth: 1
2026-09-28T20:38:32.5381696Z   fetch-tags: false
2026-09-28T20:38:32.5382084Z   show-progress: true
2026-09-28T20:38:32.5382487Z   lfs: false
2026-09-28T20:38:32.5382885Z   submodules: false
2026-09-28T20:38:32.5383277Z   set-safe-directory: true
2026-09-28T20:38:32.5383692Z   allow-unsafe-pr-checkout: false
2026-09-28T20:38:32.5384557Z ##[endgroup]
2026-09-28T20:38:32.6130744Z Syncing repository: proteinfoldingengine/WetLabEngine
2026-09-28T20:38:32.6132512Z ##[group]Getting Git version info
2026-09-28T20:38:32.6133279Z Working directory is '/home/runner/work/WetLabEngine/WetLabEngine'
2026-09-28T20:38:32.6134562Z [command]/usr/bin/git version
2026-09-28T20:38:32.6206441Z git version 2.55.0
2026-09-28T20:38:32.6231331Z ##[endgroup]
2026-09-28T20:38:32.6245390Z Temporarily overriding HOME='/home/runner/work/_temp/08dd6ab8-a340-45ec-98ee-c0db3f79de3e' before making global git config changes
2026-09-28T20:38:32.6246979Z Adding repository directory to the temporary git global config as a safe directory
2026-09-28T20:38:32.6250939Z [command]/usr/bin/git config --global --add safe.directory /home/runner/work/WetLabEngine/WetLabEngine
2026-09-28T20:38:32.6294297Z Deleting the contents of '/home/runner/work/WetLabEngine/WetLabEngine'
2026-09-28T20:38:32.6298262Z ##[group]Initializing the repository
2026-09-28T20:38:32.6301708Z [command]/usr/bin/git init /home/runner/work/WetLabEngine/WetLabEngine
2026-09-28T20:38:32.6413064Z hint: Using 'master' as the name for the initial branch. This default branch name
2026-09-28T20:38:32.6414379Z hint: will change to "main" in Git 3.0. To configure the initial branch name
2026-09-28T20:38:32.6415345Z hint: to use in all of your new repositories, which will suppress this warning,
2026-09-28T20:38:32.6416257Z hint: call:
2026-09-28T20:38:32.6416580Z hint:
2026-09-28T20:38:32.6416997Z hint: 	git config --global init.defaultBranch <name>
2026-09-28T20:38:32.6417480Z hint:
2026-09-28T20:38:32.6417910Z hint: Names commonly chosen instead of 'master' are 'main', 'trunk' and
2026-09-28T20:38:32.6418672Z hint: 'development'. The just-created branch can be renamed via this command:
2026-09-28T20:38:32.6419425Z hint:
2026-09-28T20:38:32.6419779Z hint: 	git branch -m <name>
2026-09-28T20:38:32.6420342Z hint:
2026-09-28T20:38:32.6420905Z hint: Disable this message with "git config set advice.defaultBranchName false"
2026-09-28T20:38:32.6421667Z Initialized empty Git repository in /home/runner/work/WetLabEngine/WetLabEngine/.git/
2026-09-28T20:38:32.6423023Z [command]/usr/bin/git remote add origin https://github.com/proteinfoldingengine/WetLabEngine
2026-09-28T20:38:32.6517201Z ##[endgroup]
2026-09-28T20:38:32.6518222Z ##[group]Disabling automatic garbage collection
2026-09-28T20:38:32.6519163Z [command]/usr/bin/git config --local gc.auto 0
2026-09-28T20:38:32.6546184Z ##[endgroup]
2026-09-28T20:38:32.6546994Z ##[group]Setting up auth
2026-09-28T20:38:32.6550460Z [command]/usr/bin/git config --local --name-only --get-regexp core\.sshCommand
2026-09-28T20:38:32.6571845Z [command]/usr/bin/git submodule foreach --recursive sh -c "git config --local --name-only --get-regexp 'core\.sshCommand' && git config --local --unset-all 'core.sshCommand' || :"
2026-09-28T20:38:32.6866867Z [command]/usr/bin/git config --local --name-only --get-regexp http\.https\:\/\/github\.com\/\.extraheader
2026-09-28T20:38:32.6888732Z [command]/usr/bin/git submodule foreach --recursive sh -c "git config --local --name-only --get-regexp 'http\.https\:\/\/github\.com\/\.extraheader' && git config --local --unset-all 'http.https://github.com/.extraheader' || :"
2026-09-28T20:38:32.7029009Z [command]/usr/bin/git config --local --name-only --get-regexp ^includeIf\.gitdir:
2026-09-28T20:38:32.7050741Z [command]/usr/bin/git submodule foreach --recursive git config --local --show-origin --name-only --get-regexp remote.origin.url
2026-09-28T20:38:32.7191281Z [command]/usr/bin/git config --local http.https://github.com/.extraheader AUTHORIZATION: basic ***
2026-09-28T20:38:32.7227812Z ##[endgroup]
2026-09-28T20:38:32.7228723Z ##[group]Fetching the repository
2026-09-28T20:38:32.7236308Z [command]/usr/bin/git -c protocol.version=2 fetch --no-tags --prune --no-recurse-submodules --depth=1 origin +1b14035ab727b1f07a40c01498f91ad7fd0f3aac:refs/remotes/origin/research/v16.04-inserted-channel-factorization
2026-09-28T20:38:56.6731884Z From https://github.com/proteinfoldingengine/WetLabEngine
2026-09-28T20:38:56.6739258Z  * [new ref]         1b14035ab727b1f07a40c01498f91ad7fd0f3aac -> origin/research/v16.04-inserted-channel-factorization
2026-09-28T20:38:56.6741719Z ##[endgroup]
2026-09-28T20:38:56.6742406Z ##[group]Determining the checkout info
2026-09-28T20:38:56.6743077Z ##[endgroup]
2026-09-28T20:38:56.6745553Z [command]/usr/bin/git sparse-checkout disable
2026-09-28T20:38:56.6798577Z [command]/usr/bin/git config --local --unset-all extensions.worktreeConfig
2026-09-28T20:38:56.6826889Z ##[group]Checking out the ref
2026-09-28T20:38:56.6831567Z [command]/usr/bin/git checkout --progress --force -B research/v16.04-inserted-channel-factorization refs/remotes/origin/research/v16.04-inserted-channel-factorization
2026-09-28T20:38:57.7049824Z Updating files:  49% (2161/4375)
2026-09-28T20:38:57.7060159Z Updating files:  50% (2188/4375)
2026-09-28T20:38:57.7066574Z Updating files:  51% (2232/4375)
2026-09-28T20:38:57.7108440Z Updating files:  52% (2275/4375)
2026-09-28T20:38:57.7193225Z Updating files:  53% (2319/4375)
2026-09-28T20:38:57.7272364Z Updating files:  54% (2363/4375)
2026-09-28T20:38:57.7362227Z Updating files:  55% (2407/4375)
2026-09-28T20:38:57.7455652Z Updating files:  56% (2450/4375)
2026-09-28T20:38:57.7480238Z Updating files:  57% (2494/4375)
2026-09-28T20:38:57.7491984Z Updating files:  58% (2538/4375)
2026-09-28T20:38:57.7849966Z Updating files:  59% (2582/4375)
2026-09-28T20:38:57.8988743Z Updating files:  60% (2625/4375)
2026-09-28T20:38:58.0693907Z Updating files:  61% (2669/4375)
2026-09-28T20:38:58.0704758Z Updating files:  62% (2713/4375)
2026-09-28T20:38:58.1231154Z Updating files:  63% (2757/4375)
2026-09-28T20:38:58.2449793Z Updating files:  64% (2800/4375)
2026-09-28T20:38:58.2987405Z Updating files:  65% (2844/4375)
2026-09-28T20:38:58.3910211Z Updating files:  66% (2888/4375)
2026-09-28T20:38:58.4041489Z Updating files:  67% (2932/4375)
2026-09-28T20:38:58.4445019Z Updating files:  68% (2975/4375)
2026-09-28T20:38:58.4504501Z Updating files:  69% (3019/4375)
2026-09-28T20:38:58.4557697Z Updating files:  70% (3063/4375)
2026-09-28T20:38:58.4968540Z Updating files:  71% (3107/4375)
2026-09-28T20:38:58.4995497Z Updating files:  72% (3150/4375)
2026-09-28T20:38:58.5010510Z Updating files:  73% (3194/4375)
2026-09-28T20:38:58.5035181Z Updating files:  74% (3238/4375)
2026-09-28T20:38:58.5041281Z Updating files:  75% (3282/4375)
2026-09-28T20:38:58.5065337Z Updating files:  76% (3325/4375)
2026-09-28T20:38:58.5071250Z Updating files:  77% (3369/4375)
2026-09-28T20:38:58.5086266Z Updating files:  78% (3413/4375)
2026-09-28T20:38:58.5103265Z Updating files:  79% (3457/4375)
2026-09-28T20:38:58.5113886Z Updating files:  80% (3500/4375)
2026-09-28T20:38:58.5121752Z Updating files:  81% (3544/4375)
2026-09-28T20:38:58.5253478Z Updating files:  82% (3588/4375)
2026-09-28T20:38:58.5268559Z Updating files:  83% (3632/4375)
2026-09-28T20:38:58.7649733Z Updating files:  84% (3675/4375)
2026-09-28T20:38:58.8519980Z Updating files:  84% (3695/4375)
2026-09-28T20:38:58.8570332Z Updating files:  85% (3719/4375)
2026-09-28T20:38:58.8705637Z Updating files:  86% (3763/4375)
2026-09-28T20:38:58.8898984Z Updating files:  87% (3807/4375)
2026-09-28T20:38:58.9088436Z Updating files:  88% (3850/4375)
2026-09-28T20:38:58.9199606Z Updating files:  89% (3894/4375)
2026-09-28T20:38:58.9413856Z Updating files:  90% (3938/4375)
2026-09-28T20:38:58.9823169Z Updating files:  91% (3982/4375)
2026-09-28T20:38:58.9880251Z Updating files:  92% (4025/4375)
2026-09-28T20:38:58.9889215Z Updating files:  93% (4069/4375)
2026-09-28T20:38:58.9917223Z Updating files:  94% (4113/4375)
2026-09-28T20:38:58.9980871Z Updating files:  95% (4157/4375)
2026-09-28T20:38:59.0011133Z Updating files:  96% (4200/4375)
2026-09-28T20:38:59.0036628Z Updating files:  97% (4244/4375)
2026-09-28T20:38:59.0144031Z Updating files:  98% (4288/4375)
2026-09-28T20:38:59.0175973Z Updating files:  99% (4332/4375)
2026-09-28T20:38:59.0176420Z Updating files: 100% (4375/4375)
2026-09-28T20:38:59.0176851Z Updating files: 100% (4375/4375), done.
2026-09-28T20:38:59.0492426Z Switched to a new branch 'research/v16.04-inserted-channel-factorization'
2026-09-28T20:38:59.0497718Z branch 'research/v16.04-inserted-channel-factorization' set up to track 'origin/research/v16.04-inserted-channel-factorization'.
2026-09-28T20:38:59.0552230Z ##[endgroup]
2026-09-28T20:38:59.0592304Z [command]/usr/bin/git log -1 --format=%H
2026-09-28T20:38:59.0622070Z 1b14035ab727b1f07a40c01498f91ad7fd0f3aac
2026-09-28T20:38:59.0821282Z ##[group]Run actions/setup-python@a26af69be951a213d495a4c3e4e4022e16d87065
2026-09-28T20:38:59.0821686Z with:
2026-09-28T20:38:59.0821899Z   python-version: 3.11
2026-09-28T20:38:59.0822140Z   check-latest: false
2026-09-28T20:38:59.0823840Z   token: ***
2026-09-28T20:38:59.0824057Z   update-environment: true
2026-09-28T20:38:59.0824546Z   allow-prereleases: false
2026-09-28T20:38:59.0824774Z   freethreaded: false
2026-09-28T20:38:59.0824997Z ##[endgroup]
2026-09-28T20:38:59.1747474Z ##[group]Installed versions
2026-09-28T20:38:59.3107724Z (node:2038) [DEP0040] DeprecationWarning: The `punycode` module is deprecated. Please use a userland alternative instead.
2026-09-28T20:38:59.3108498Z (Use `node --trace-deprecation ...` to show where the warning was created)
2026-09-28T20:38:59.3109000Z Successfully set up CPython (3.11.16)
2026-09-28T20:38:59.3109624Z ##[endgroup]
2026-09-28T20:38:59.3267310Z ##[group]Run python -m pip install numpy==2.3.5 sympy==1.13.3 mpmath==1.3.0
2026-09-28T20:38:59.3267955Z [36;1mpython -m pip install numpy==2.3.5 sympy==1.13.3 mpmath==1.3.0[0m
2026-09-28T20:38:59.5344092Z shell: /usr/bin/bash -e {0}
2026-09-28T20:38:59.5344689Z env:
2026-09-28T20:38:59.5344997Z   pythonLocation: /opt/hostedtoolcache/Python/3.11.16/x64
2026-09-28T20:38:59.5345372Z   PKG_CONFIG_PATH: /opt/hostedtoolcache/Python/3.11.16/x64/lib/pkgconfig
2026-09-28T20:38:59.5345759Z   Python_ROOT_DIR: /opt/hostedtoolcache/Python/3.11.16/x64
2026-09-28T20:38:59.5346094Z   Python2_ROOT_DIR: /opt/hostedtoolcache/Python/3.11.16/x64
2026-09-28T20:38:59.5346429Z   Python3_ROOT_DIR: /opt/hostedtoolcache/Python/3.11.16/x64
2026-09-28T20:38:59.5346776Z   LD_LIBRARY_PATH: /opt/hostedtoolcache/Python/3.11.16/x64/lib
2026-09-28T20:38:59.5347051Z ##[endgroup]
2026-09-28T20:39:04.5627934Z Collecting numpy==2.3.5
2026-09-28T20:39:04.6387485Z   Downloading numpy-2.3.5-cp311-cp311-manylinux_2_27_x86_64.manylinux_2_28_x86_64.whl.metadata (62 kB)
2026-09-28T20:39:04.9304991Z Collecting sympy==1.13.3
2026-09-28T20:39:04.9411920Z   Downloading sympy-1.13.3-py3-none-any.whl.metadata (12 kB)
2026-09-28T20:39:04.9793292Z Collecting mpmath==1.3.0
2026-09-28T20:39:04.9894569Z   Downloading mpmath-1.3.0-py3-none-any.whl.metadata (8.6 kB)
2026-09-28T20:39:05.0035213Z Downloading numpy-2.3.5-cp311-cp311-manylinux_2_27_x86_64.manylinux_2_28_x86_64.whl (16.9 MB)
2026-09-28T20:39:05.3373574Z    ━━━━━━━━━━━━━━━━━━━━━━━━━━━━━━━━━━━━━━━━ 16.9/16.9 MB 53.2 MB/s  0:00:00
2026-09-28T20:39:05.3477423Z Downloading sympy-1.13.3-py3-none-any.whl (6.2 MB)
2026-09-28T20:39:05.4140613Z    ━━━━━━━━━━━━━━━━━━━━━━━━━━━━━━━━━━━━━━━━ 6.2/6.2 MB 94.0 MB/s  0:00:00
2026-09-28T20:39:05.4240205Z Downloading mpmath-1.3.0-py3-none-any.whl (536 kB)
2026-09-28T20:39:05.4801848Z    ━━━━━━━━━━━━━━━━━━━━━━━━━━━━━━━━━━━━━━━━ 536.2/536.2 kB 5.0 MB/s  0:00:00
2026-09-28T20:39:05.6849341Z Installing collected packages: mpmath, sympy, numpy
2026-09-28T20:39:10.2518555Z 
2026-09-28T20:39:10.2527221Z Successfully installed mpmath-1.3.0 numpy-2.3.5 sympy-1.13.3
2026-09-28T20:39:10.3137771Z ##[group]Run set -o pipefail
2026-09-28T20:39:10.3138111Z [36;1mset -o pipefail[0m
2026-09-28T20:39:10.3138466Z [36;1mgit rev-parse HEAD > execution_head.txt[0m
2026-09-28T20:39:10.3139009Z [36;1mcd ResearchHistory/UQCF-GEM/demos/v15.56-response-selector-obstruction/inserted-channel-factorization[0m
2026-09-28T20:39:10.3139540Z [36;1mpython gate.py --candidate 37 2>&1 | tee measurement-37.log[0m
2026-09-28T20:39:10.3177959Z shell: /usr/bin/bash -e {0}
2026-09-28T20:39:10.3178348Z env:
2026-09-28T20:39:10.3178641Z   pythonLocation: /opt/hostedtoolcache/Python/3.11.16/x64
2026-09-28T20:39:10.3179090Z   PKG_CONFIG_PATH: /opt/hostedtoolcache/Python/3.11.16/x64/lib/pkgconfig
2026-09-28T20:39:10.3179529Z   Python_ROOT_DIR: /opt/hostedtoolcache/Python/3.11.16/x64
2026-09-28T20:39:10.3179904Z   Python2_ROOT_DIR: /opt/hostedtoolcache/Python/3.11.16/x64
2026-09-28T20:39:10.3180266Z   Python3_ROOT_DIR: /opt/hostedtoolcache/Python/3.11.16/x64
2026-09-28T20:39:10.3180711Z   LD_LIBRARY_PATH: /opt/hostedtoolcache/Python/3.11.16/x64/lib
2026-09-28T20:39:10.3181044Z   OPENBLAS_NUM_THREADS: 1
2026-09-28T20:39:10.3181295Z   PYTHONUNBUFFERED: 1
2026-09-28T20:39:10.3181540Z ##[endgroup]
2026-09-28T20:39:28.4379675Z candidate=37 precision=50 a=1.0 arm=plane complete
2026-09-28T20:39:36.7120529Z candidate=37 precision=50 a=1.0 arm=isotropic complete
2026-09-28T20:39:49.4048301Z candidate=37 precision=50 a=0.3333333333333333 arm=plane complete
2026-09-28T20:39:58.3858356Z candidate=37 precision=50 a=0.3333333333333333 arm=isotropic complete
2026-09-28T20:40:11.2496898Z candidate=37 precision=50 a=0.16666666666666666 arm=plane complete
2026-09-28T20:40:20.2933187Z candidate=37 precision=50 a=0.16666666666666666 arm=isotropic complete
2026-09-28T20:40:39.1445531Z candidate=37 precision=80 a=1.0 arm=plane complete
2026-09-28T20:40:48.1239543Z candidate=37 precision=80 a=1.0 arm=isotropic complete
2026-09-28T20:41:02.3911981Z candidate=37 precision=80 a=0.3333333333333333 arm=plane complete
2026-09-28T20:41:11.8838921Z candidate=37 precision=80 a=0.3333333333333333 arm=isotropic complete
2026-09-28T20:41:26.3978343Z candidate=37 precision=80 a=0.16666666666666666 arm=plane complete
2026-09-28T20:41:36.0199886Z candidate=37 precision=80 a=0.16666666666666666 arm=isotropic complete
2026-09-28T20:41:36.0879632Z {"version": "16.04", "candidate_index": 37, "all_valid": true, "verdict": "FACTORIZATION_CONFIRMED", "execution_head": "1b14035ab727b1f07a40c01498f91ad7fd0f3aac"}
2026-09-28T20:41:36.1608015Z ##[group]Run actions/upload-artifact@v4
2026-09-28T20:41:36.1608284Z with:
2026-09-28T20:41:36.1608545Z   name: factor-37-1b14035ab727b1f07a40c01498f91ad7fd0f3aac
2026-09-28T20:41:36.1609668Z   path: execution_head.txt
ResearchHistory/UQCF-GEM/demos/v15.56-response-selector-obstruction/inserted-channel-factorization/result-*.json.gz
ResearchHistory/UQCF-GEM/demos/v15.56-response-selector-obstruction/inserted-channel-factorization/measurement-*.log
ResearchHistory/UQCF-GEM/demos/v15.56-response-selector-obstruction/inserted-channel-factorization/SHA256SUMS-*

2026-09-28T20:41:36.1610636Z   if-no-files-found: warn
2026-09-28T20:41:36.1610866Z   compression-level: 6
2026-09-28T20:41:36.1611065Z   overwrite: false
2026-09-28T20:41:36.1611264Z   include-hidden-files: false
2026-09-28T20:41:36.1611470Z env:
2026-09-28T20:41:36.1611704Z   pythonLocation: /opt/hostedtoolcache/Python/3.11.16/x64
2026-09-28T20:41:36.1612113Z   PKG_CONFIG_PATH: /opt/hostedtoolcache/Python/3.11.16/x64/lib/pkgconfig
2026-09-28T20:41:36.1612443Z   Python_ROOT_DIR: /opt/hostedtoolcache/Python/3.11.16/x64
2026-09-28T20:41:36.1612788Z   Python2_ROOT_DIR: /opt/hostedtoolcache/Python/3.11.16/x64
2026-09-28T20:41:36.1613108Z   Python3_ROOT_DIR: /opt/hostedtoolcache/Python/3.11.16/x64
2026-09-28T20:41:36.1613419Z   LD_LIBRARY_PATH: /opt/hostedtoolcache/Python/3.11.16/x64/lib
2026-09-28T20:41:36.1613683Z ##[endgroup]
2026-09-28T20:41:36.2820597Z (node:2192) [DEP0040] DeprecationWarning: The `punycode` module is deprecated. Please use a userland alternative instead.
2026-09-28T20:41:36.2821206Z (Use `node --trace-deprecation ...` to show where the warning was created)
2026-09-28T20:41:36.2879429Z Multiple search paths detected. Calculating the least common ancestor of all paths
2026-09-28T20:41:36.2880985Z The least common ancestor is /home/runner/work/WetLabEngine/WetLabEngine. This will be the root directory of the artifact
2026-09-28T20:41:36.2881740Z With the provided path, there will be 4 files uploaded
2026-09-28T20:41:36.2896805Z Artifact name is valid!
2026-09-28T20:41:36.2897231Z Root directory input is valid!
2026-09-28T20:41:36.6183550Z Beginning upload of artifact content to blob storage
2026-09-28T20:41:36.6443713Z (node:2192) [DEP0169] DeprecationWarning: `url.parse()` behavior is not standardized and prone to errors that have security implications. Use the WHATWG URL API instead. CVEs are not issued for `url.parse()` vulnerabilities.
2026-09-28T20:41:36.9304537Z Uploaded bytes 208584
2026-09-28T20:41:36.9793009Z Finished uploading artifact content to blob storage!
2026-09-28T20:41:36.9793931Z SHA256 digest of uploaded artifact zip is 3838b2ec363b7cdcc4a26181681c35a787964fb937c14b8c1620fee2327c89d0
2026-09-28T20:41:36.9794697Z Finalizing artifact upload
2026-09-28T20:41:37.2351578Z Artifact factor-37-1b14035ab727b1f07a40c01498f91ad7fd0f3aac.zip successfully finalized. Artifact ID 10996212550
2026-09-28T20:41:37.2352874Z Artifact factor-37-1b14035ab727b1f07a40c01498f91ad7fd0f3aac has been successfully uploaded! Final size is 208584 bytes. Artifact ID is 10996212550
2026-09-28T20:41:37.2360476Z Artifact download URL: https://github.com/proteinfoldingengine/WetLabEngine/actions/runs/36480147334/artifacts/10996212550
2026-09-28T20:41:37.2504587Z Post job cleanup.
2026-09-28T20:41:37.3443432Z (node:2206) [DEP0040] DeprecationWarning: The `punycode` module is deprecated. Please use a userland alternative instead.
2026-09-28T20:41:37.3444070Z (Use `node --trace-deprecation ...` to show where the warning was created)
2026-09-28T20:41:37.3577431Z Post job cleanup.
2026-09-28T20:41:37.4221047Z [command]/usr/bin/git version
2026-09-28T20:41:37.4255300Z git version 2.55.0
2026-09-28T20:41:37.4286109Z Temporarily overriding HOME='/home/runner/work/_temp/13e4dbe2-bde0-4cf3-bfdd-c62aab313060' before making global git config changes
2026-09-28T20:41:37.4286922Z Adding repository directory to the temporary git global config as a safe directory
2026-09-28T20:41:37.4290865Z [command]/usr/bin/git config --global --add safe.directory /home/runner/work/WetLabEngine/WetLabEngine
2026-09-28T20:41:37.4318827Z [command]/usr/bin/git config --local --name-only --get-regexp core\.sshCommand
2026-09-28T20:41:37.4343767Z [command]/usr/bin/git submodule foreach --recursive sh -c "git config --local --name-only --get-regexp 'core\.sshCommand' && git config --local --unset-all 'core.sshCommand' || :"
2026-09-28T20:41:37.4527922Z [command]/usr/bin/git config --local --name-only --get-regexp http\.https\:\/\/github\.com\/\.extraheader
2026-09-28T20:41:37.4585445Z http.https://github.com/.extraheader
2026-09-28T20:41:37.4587979Z [command]/usr/bin/git config --local --unset-all http.https://github.com/.extraheader
2026-09-28T20:41:37.4604714Z [command]/usr/bin/git submodule foreach --recursive sh -c "git config --local --name-only --get-regexp 'http\.https\:\/\/github\.com\/\.extraheader' && git config --local --unset-all 'http.https://github.com/.extraheader' || :"
2026-09-28T20:41:37.4855280Z [command]/usr/bin/git config --local --name-only --get-regexp ^includeIf\.gitdir:
2026-09-28T20:41:37.4880125Z [command]/usr/bin/git submodule foreach --recursive git config --local --show-origin --name-only --get-regexp remote.origin.url
2026-09-28T20:41:37.5188162Z Cleaning up orphan processes
2026-09-28T20:41:37.5385664Z ##[warning]Node.js 20 is deprecated. The following actions target Node.js 20 but are being forced to run on Node.js 24: actions/checkout@11d5960a326750d5838078e36cf38b85af677262, actions/setup-python@a26af69be951a213d495a4c3e4e4022e16d87065, actions/upload-artifact@v4. For more information see: https://github.blog/changelog/2025-09-19-deprecation-of-node-20-on-github-actions-runners/

