2026-09-28T20:35:14.6219991Z Current runner version: '2.337.0'
2026-09-28T20:35:14.6258953Z ##[group]Runner Image Provisioner
2026-09-28T20:35:14.6260360Z Hosted Compute Agent
2026-09-28T20:35:14.6261285Z Version: 20260828.587
2026-09-28T20:35:14.6262268Z Commit: abac92662cab4cc7352de4f9f9d2e2419aad9c29
2026-09-28T20:35:14.6263657Z Build Date: 2026-08-28T16:44:25Z
2026-09-28T20:35:14.6264800Z Worker ID: {c213c59b-9210-4d49-8699-77a512e9b5eb}
2026-09-28T20:35:14.6266336Z Azure Region: eastus2
2026-09-28T20:35:14.6267306Z ##[endgroup]
2026-09-28T20:35:14.6269721Z ##[group]Operating System
2026-09-28T20:35:14.6270810Z Ubuntu
2026-09-28T20:35:14.6271643Z 24.04.5
2026-09-28T20:35:14.6272601Z LTS
2026-09-28T20:35:14.6273453Z ##[endgroup]
2026-09-28T20:35:14.6274300Z ##[group]Runner Image
2026-09-28T20:35:14.6275449Z Image: ubuntu-24.04
2026-09-28T20:35:14.6276689Z Version: 20260920.314.1
2026-09-28T20:35:14.6279318Z Included Software: https://github.com/actions/runner-images/blob/ubuntu24/20260920.314/images/ubuntu/Ubuntu2404-Readme.md
2026-09-28T20:35:14.6282135Z Image Release: https://github.com/actions/runner-images/releases/tag/ubuntu24%2F20260920.314
2026-09-28T20:35:14.6283863Z ##[endgroup]
2026-09-28T20:35:14.6286100Z ##[group]GITHUB_TOKEN Permissions
2026-09-28T20:35:14.6289061Z Contents: read
2026-09-28T20:35:14.6290028Z Metadata: read
2026-09-28T20:35:14.6291205Z ##[endgroup]
2026-09-28T20:35:14.6294220Z Secret source: Actions
2026-09-28T20:35:14.6296252Z Cache mode: write
2026-09-28T20:35:14.6297779Z Prepare workflow directory
2026-09-28T20:35:14.6784339Z Prepare all required actions
2026-09-28T20:35:14.6855402Z Getting action download info
2026-09-28T20:35:14.9305306Z Download action repository 'actions/checkout@11d5960a326750d5838078e36cf38b85af677262' (SHA:11d5960a326750d5838078e36cf38b85af677262)
2026-09-28T20:35:15.0384500Z Download action repository 'actions/setup-python@a26af69be951a213d495a4c3e4e4022e16d87065' (SHA:a26af69be951a213d495a4c3e4e4022e16d87065)
2026-09-28T20:35:15.1232953Z Download action repository 'actions/upload-artifact@v4' (SHA:ea165f8d65b6e75b540449e92b4886f43607fa02)
2026-09-28T20:35:15.3372044Z Complete job name: measure (25)
2026-09-28T20:35:15.4139506Z ##[group]Run actions/checkout@11d5960a326750d5838078e36cf38b85af677262
2026-09-28T20:35:15.4140585Z with:
2026-09-28T20:35:15.4141094Z   repository: proteinfoldingengine/WetLabEngine
2026-09-28T20:35:15.4145292Z   token: ***
2026-09-28T20:35:15.4146015Z   ssh-strict: true
2026-09-28T20:35:15.4146467Z   ssh-user: git
2026-09-28T20:35:15.4146918Z   persist-credentials: true
2026-09-28T20:35:15.4147422Z   clean: true
2026-09-28T20:35:15.4147878Z   sparse-checkout-cone-mode: true
2026-09-28T20:35:15.4148403Z   fetch-depth: 1
2026-09-28T20:35:15.4148832Z   fetch-tags: false
2026-09-28T20:35:15.4149277Z   show-progress: true
2026-09-28T20:35:15.4149733Z   lfs: false
2026-09-28T20:35:15.4150190Z   submodules: false
2026-09-28T20:35:15.4150678Z   set-safe-directory: true
2026-09-28T20:35:15.4151184Z   allow-unsafe-pr-checkout: false
2026-09-28T20:35:15.4151987Z ##[endgroup]
2026-09-28T20:35:15.5169238Z Syncing repository: proteinfoldingengine/WetLabEngine
2026-09-28T20:35:15.5171979Z ##[group]Getting Git version info
2026-09-28T20:35:15.5173189Z Working directory is '/home/runner/work/WetLabEngine/WetLabEngine'
2026-09-28T20:35:15.5174889Z [command]/usr/bin/git version
2026-09-28T20:35:15.5221908Z git version 2.55.0
2026-09-28T20:35:15.5244784Z ##[endgroup]
2026-09-28T20:35:15.5260738Z Temporarily overriding HOME='/home/runner/work/_temp/961a4a37-a901-405c-935c-11f3de937067' before making global git config changes
2026-09-28T20:35:15.5263232Z Adding repository directory to the temporary git global config as a safe directory
2026-09-28T20:35:15.5266010Z [command]/usr/bin/git config --global --add safe.directory /home/runner/work/WetLabEngine/WetLabEngine
2026-09-28T20:35:15.5323883Z Deleting the contents of '/home/runner/work/WetLabEngine/WetLabEngine'
2026-09-28T20:35:15.5329669Z ##[group]Initializing the repository
2026-09-28T20:35:15.5334776Z [command]/usr/bin/git init /home/runner/work/WetLabEngine/WetLabEngine
2026-09-28T20:35:15.5441575Z hint: Using 'master' as the name for the initial branch. This default branch name
2026-09-28T20:35:15.5442812Z hint: will change to "main" in Git 3.0. To configure the initial branch name
2026-09-28T20:35:15.5443772Z hint: to use in all of your new repositories, which will suppress this warning,
2026-09-28T20:35:15.5444801Z hint: call:
2026-09-28T20:35:15.5445216Z hint:
2026-09-28T20:35:15.5446177Z hint: 	git config --global init.defaultBranch <name>
2026-09-28T20:35:15.5446852Z hint:
2026-09-28T20:35:15.5447447Z hint: Names commonly chosen instead of 'master' are 'main', 'trunk' and
2026-09-28T20:35:15.5448398Z hint: 'development'. The just-created branch can be renamed via this command:
2026-09-28T20:35:15.5449144Z hint:
2026-09-28T20:35:15.5449561Z hint: 	git branch -m <name>
2026-09-28T20:35:15.5450040Z hint:
2026-09-28T20:35:15.5450660Z hint: Disable this message with "git config set advice.defaultBranchName false"
2026-09-28T20:35:15.5456838Z Initialized empty Git repository in /home/runner/work/WetLabEngine/WetLabEngine/.git/
2026-09-28T20:35:15.5468952Z [command]/usr/bin/git remote add origin https://github.com/proteinfoldingengine/WetLabEngine
2026-09-28T20:35:15.5517635Z ##[endgroup]
2026-09-28T20:35:15.5519260Z ##[group]Disabling automatic garbage collection
2026-09-28T20:35:15.5521688Z [command]/usr/bin/git config --local gc.auto 0
2026-09-28T20:35:15.5556806Z ##[endgroup]
2026-09-28T20:35:15.5558604Z ##[group]Setting up auth
2026-09-28T20:35:15.5572559Z [command]/usr/bin/git config --local --name-only --get-regexp core\.sshCommand
2026-09-28T20:35:15.5609442Z [command]/usr/bin/git submodule foreach --recursive sh -c "git config --local --name-only --get-regexp 'core\.sshCommand' && git config --local --unset-all 'core.sshCommand' || :"
2026-09-28T20:35:15.6000716Z [command]/usr/bin/git config --local --name-only --get-regexp http\.https\:\/\/github\.com\/\.extraheader
2026-09-28T20:35:15.6044180Z [command]/usr/bin/git submodule foreach --recursive sh -c "git config --local --name-only --get-regexp 'http\.https\:\/\/github\.com\/\.extraheader' && git config --local --unset-all 'http.https://github.com/.extraheader' || :"
2026-09-28T20:35:15.6300049Z [command]/usr/bin/git config --local --name-only --get-regexp ^includeIf\.gitdir:
2026-09-28T20:35:15.6340893Z [command]/usr/bin/git submodule foreach --recursive git config --local --show-origin --name-only --get-regexp remote.origin.url
2026-09-28T20:35:15.6590916Z [command]/usr/bin/git config --local http.https://github.com/.extraheader AUTHORIZATION: basic ***
2026-09-28T20:35:15.6638808Z ##[endgroup]
2026-09-28T20:35:15.6639618Z ##[group]Fetching the repository
2026-09-28T20:35:15.6653664Z [command]/usr/bin/git -c protocol.version=2 fetch --no-tags --prune --no-recurse-submodules --depth=1 origin +1b14035ab727b1f07a40c01498f91ad7fd0f3aac:refs/remotes/origin/research/v16.04-inserted-channel-factorization
2026-09-28T20:35:41.2012462Z From https://github.com/proteinfoldingengine/WetLabEngine
2026-09-28T20:35:41.2014059Z  * [new ref]         1b14035ab727b1f07a40c01498f91ad7fd0f3aac -> origin/research/v16.04-inserted-channel-factorization
2026-09-28T20:35:41.2017749Z ##[endgroup]
2026-09-28T20:35:41.2018818Z ##[group]Determining the checkout info
2026-09-28T20:35:41.2026300Z ##[endgroup]
2026-09-28T20:35:41.2028526Z [command]/usr/bin/git sparse-checkout disable
2026-09-28T20:35:41.2080742Z [command]/usr/bin/git config --local --unset-all extensions.worktreeConfig
2026-09-28T20:35:41.2112344Z ##[group]Checking out the ref
2026-09-28T20:35:41.2123956Z [command]/usr/bin/git checkout --progress --force -B research/v16.04-inserted-channel-factorization refs/remotes/origin/research/v16.04-inserted-channel-factorization
2026-09-28T20:35:42.2382228Z Updating files:  48% (2127/4375)
2026-09-28T20:35:42.2788688Z Updating files:  49% (2144/4375)
2026-09-28T20:35:42.2808900Z Updating files:  50% (2188/4375)
2026-09-28T20:35:42.2825522Z Updating files:  51% (2232/4375)
2026-09-28T20:35:42.2880187Z Updating files:  52% (2275/4375)
2026-09-28T20:35:42.2980195Z Updating files:  53% (2319/4375)
2026-09-28T20:35:42.3076781Z Updating files:  54% (2363/4375)
2026-09-28T20:35:42.3187545Z Updating files:  55% (2407/4375)
2026-09-28T20:35:42.3297900Z Updating files:  56% (2450/4375)
2026-09-28T20:35:42.3335227Z Updating files:  57% (2494/4375)
2026-09-28T20:35:42.3356408Z Updating files:  58% (2538/4375)
2026-09-28T20:35:42.3754418Z Updating files:  59% (2582/4375)
2026-09-28T20:35:42.5024159Z Updating files:  60% (2625/4375)
2026-09-28T20:35:42.6820772Z Updating files:  61% (2669/4375)
2026-09-28T20:35:42.6841376Z Updating files:  62% (2713/4375)
2026-09-28T20:35:42.7401081Z Updating files:  63% (2757/4375)
2026-09-28T20:35:42.8620655Z Updating files:  64% (2800/4375)
2026-09-28T20:35:42.9161988Z Updating files:  65% (2844/4375)
2026-09-28T20:35:43.0085975Z Updating files:  66% (2888/4375)
2026-09-28T20:35:43.0229952Z Updating files:  67% (2932/4375)
2026-09-28T20:35:43.0684991Z Updating files:  68% (2975/4375)
2026-09-28T20:35:43.0784500Z Updating files:  69% (3019/4375)
2026-09-28T20:35:43.0845328Z Updating files:  70% (3063/4375)
2026-09-28T20:35:43.1324575Z Updating files:  71% (3107/4375)
2026-09-28T20:35:43.1361320Z Updating files:  72% (3150/4375)
2026-09-28T20:35:43.1400494Z Updating files:  73% (3194/4375)
2026-09-28T20:35:43.1430550Z Updating files:  74% (3238/4375)
2026-09-28T20:35:43.1458138Z Updating files:  75% (3282/4375)
2026-09-28T20:35:43.1485922Z Updating files:  76% (3325/4375)
2026-09-28T20:35:43.1513618Z Updating files:  77% (3369/4375)
2026-09-28T20:35:43.1540616Z Updating files:  78% (3413/4375)
2026-09-28T20:35:43.1569673Z Updating files:  79% (3457/4375)
2026-09-28T20:35:43.1591914Z Updating files:  80% (3500/4375)
2026-09-28T20:35:43.1610543Z Updating files:  81% (3544/4375)
2026-09-28T20:35:43.1759201Z Updating files:  82% (3588/4375)
2026-09-28T20:35:43.1785580Z Updating files:  83% (3632/4375)
2026-09-28T20:35:43.2479181Z Updating files:  84% (3675/4375)
2026-09-28T20:35:43.5613466Z Updating files:  84% (3685/4375)
2026-09-28T20:35:43.5673756Z Updating files:  85% (3719/4375)
2026-09-28T20:35:43.5820800Z Updating files:  86% (3763/4375)
2026-09-28T20:35:43.6026429Z Updating files:  87% (3807/4375)
2026-09-28T20:35:43.6229258Z Updating files:  88% (3850/4375)
2026-09-28T20:35:43.6353603Z Updating files:  89% (3894/4375)
2026-09-28T20:35:43.6595083Z Updating files:  90% (3938/4375)
2026-09-28T20:35:43.7044239Z Updating files:  91% (3982/4375)
2026-09-28T20:35:43.7112934Z Updating files:  92% (4025/4375)
2026-09-28T20:35:43.7133368Z Updating files:  93% (4069/4375)
2026-09-28T20:35:43.7173853Z Updating files:  94% (4113/4375)
2026-09-28T20:35:43.7260336Z Updating files:  95% (4157/4375)
2026-09-28T20:35:43.7303841Z Updating files:  96% (4200/4375)
2026-09-28T20:35:43.7340502Z Updating files:  97% (4244/4375)
2026-09-28T20:35:43.7476839Z Updating files:  98% (4288/4375)
2026-09-28T20:35:43.7513736Z Updating files:  99% (4332/4375)
2026-09-28T20:35:43.7514044Z Updating files: 100% (4375/4375)
2026-09-28T20:35:43.7514619Z Updating files: 100% (4375/4375), done.
2026-09-28T20:35:43.7579212Z Switched to a new branch 'research/v16.04-inserted-channel-factorization'
2026-09-28T20:35:43.7585366Z branch 'research/v16.04-inserted-channel-factorization' set up to track 'origin/research/v16.04-inserted-channel-factorization'.
2026-09-28T20:35:43.7680932Z ##[endgroup]
2026-09-28T20:35:43.7730864Z [command]/usr/bin/git log -1 --format=%H
2026-09-28T20:35:43.7760028Z 1b14035ab727b1f07a40c01498f91ad7fd0f3aac
2026-09-28T20:35:43.8096731Z ##[group]Run actions/setup-python@a26af69be951a213d495a4c3e4e4022e16d87065
2026-09-28T20:35:43.8097176Z with:
2026-09-28T20:35:43.8097387Z   python-version: 3.11
2026-09-28T20:35:43.8097621Z   check-latest: false
2026-09-28T20:35:43.8100427Z   token: ***
2026-09-28T20:35:43.8100646Z   update-environment: true
2026-09-28T20:35:43.8100895Z   allow-prereleases: false
2026-09-28T20:35:43.8101131Z   freethreaded: false
2026-09-28T20:35:43.8101345Z ##[endgroup]
2026-09-28T20:35:43.9468112Z ##[group]Installed versions
2026-09-28T20:35:43.9555262Z (node:2251) [DEP0040] DeprecationWarning: The `punycode` module is deprecated. Please use a userland alternative instead.
2026-09-28T20:35:43.9556515Z (Use `node --trace-deprecation ...` to show where the warning was created)
2026-09-28T20:35:43.9557369Z Successfully set up CPython (3.11.16)
2026-09-28T20:35:43.9558192Z ##[endgroup]
2026-09-28T20:35:43.9722652Z ##[group]Run python -m pip install numpy==2.3.5 sympy==1.13.3 mpmath==1.3.0
2026-09-28T20:35:43.9723269Z [36;1mpython -m pip install numpy==2.3.5 sympy==1.13.3 mpmath==1.3.0[0m
2026-09-28T20:35:44.0032732Z shell: /usr/bin/bash -e {0}
2026-09-28T20:35:44.0033037Z env:
2026-09-28T20:35:44.0033340Z   pythonLocation: /opt/hostedtoolcache/Python/3.11.16/x64
2026-09-28T20:35:44.0033817Z   PKG_CONFIG_PATH: /opt/hostedtoolcache/Python/3.11.16/x64/lib/pkgconfig
2026-09-28T20:35:44.0034289Z   Python_ROOT_DIR: /opt/hostedtoolcache/Python/3.11.16/x64
2026-09-28T20:35:44.0034692Z   Python2_ROOT_DIR: /opt/hostedtoolcache/Python/3.11.16/x64
2026-09-28T20:35:44.0035116Z   Python3_ROOT_DIR: /opt/hostedtoolcache/Python/3.11.16/x64
2026-09-28T20:35:44.0035821Z   LD_LIBRARY_PATH: /opt/hostedtoolcache/Python/3.11.16/x64/lib
2026-09-28T20:35:44.0036175Z ##[endgroup]
2026-09-28T20:35:45.0065671Z Collecting numpy==2.3.5
2026-09-28T20:35:45.0728980Z   Downloading numpy-2.3.5-cp311-cp311-manylinux_2_27_x86_64.manylinux_2_28_x86_64.whl.metadata (62 kB)
2026-09-28T20:35:45.1146740Z Collecting sympy==1.13.3
2026-09-28T20:35:45.1238723Z   Downloading sympy-1.13.3-py3-none-any.whl.metadata (12 kB)
2026-09-28T20:35:45.1412752Z Collecting mpmath==1.3.0
2026-09-28T20:35:45.1490721Z   Downloading mpmath-1.3.0-py3-none-any.whl.metadata (8.6 kB)
2026-09-28T20:35:45.1641618Z Downloading numpy-2.3.5-cp311-cp311-manylinux_2_27_x86_64.manylinux_2_28_x86_64.whl (16.9 MB)
2026-09-28T20:35:45.5305985Z    ━━━━━━━━━━━━━━━━━━━━━━━━━━━━━━━━━━━━━━━━ 16.9/16.9 MB 48.8 MB/s  0:00:00
2026-09-28T20:35:45.5383636Z Downloading sympy-1.13.3-py3-none-any.whl (6.2 MB)
2026-09-28T20:35:45.6013188Z    ━━━━━━━━━━━━━━━━━━━━━━━━━━━━━━━━━━━━━━━━ 6.2/6.2 MB 99.1 MB/s  0:00:00
2026-09-28T20:35:45.6090415Z Downloading mpmath-1.3.0-py3-none-any.whl (536 kB)
2026-09-28T20:35:45.6143482Z    ━━━━━━━━━━━━━━━━━━━━━━━━━━━━━━━━━━━━━━━━ 536.2/536.2 kB 93.7 MB/s  0:00:00
2026-09-28T20:35:45.7141485Z Installing collected packages: mpmath, sympy, numpy
2026-09-28T20:35:52.8258162Z 
2026-09-28T20:35:52.8267590Z Successfully installed mpmath-1.3.0 numpy-2.3.5 sympy-1.13.3
2026-09-28T20:35:52.8834662Z ##[group]Run set -o pipefail
2026-09-28T20:35:52.8834997Z [36;1mset -o pipefail[0m
2026-09-28T20:35:52.8835279Z [36;1mgit rev-parse HEAD > execution_head.txt[0m
2026-09-28T20:35:52.8836175Z [36;1mcd ResearchHistory/UQCF-GEM/demos/v15.56-response-selector-obstruction/inserted-channel-factorization[0m
2026-09-28T20:35:52.8836837Z [36;1mpython gate.py --candidate 25 2>&1 | tee measurement-25.log[0m
2026-09-28T20:35:52.8902199Z shell: /usr/bin/bash -e {0}
2026-09-28T20:35:52.8902461Z env:
2026-09-28T20:35:52.8902763Z   pythonLocation: /opt/hostedtoolcache/Python/3.11.16/x64
2026-09-28T20:35:52.8903221Z   PKG_CONFIG_PATH: /opt/hostedtoolcache/Python/3.11.16/x64/lib/pkgconfig
2026-09-28T20:35:52.8903652Z   Python_ROOT_DIR: /opt/hostedtoolcache/Python/3.11.16/x64
2026-09-28T20:35:52.8904034Z   Python2_ROOT_DIR: /opt/hostedtoolcache/Python/3.11.16/x64
2026-09-28T20:35:52.8904416Z   Python3_ROOT_DIR: /opt/hostedtoolcache/Python/3.11.16/x64
2026-09-28T20:35:52.8904834Z   LD_LIBRARY_PATH: /opt/hostedtoolcache/Python/3.11.16/x64/lib
2026-09-28T20:35:52.8905177Z   OPENBLAS_NUM_THREADS: 1
2026-09-28T20:35:52.8905411Z   PYTHONUNBUFFERED: 1
2026-09-28T20:35:52.8905972Z ##[endgroup]
2026-09-28T20:36:22.4717882Z candidate=25 precision=50 a=1.0 arm=plane complete
2026-09-28T20:36:36.4467294Z candidate=25 precision=50 a=1.0 arm=isotropic complete
2026-09-28T20:36:57.8666087Z candidate=25 precision=50 a=0.3333333333333333 arm=plane complete
2026-09-28T20:37:12.9134815Z candidate=25 precision=50 a=0.3333333333333333 arm=isotropic complete
2026-09-28T20:37:34.3477381Z candidate=25 precision=50 a=0.16666666666666666 arm=plane complete
2026-09-28T20:37:49.3569898Z candidate=25 precision=50 a=0.16666666666666666 arm=isotropic complete
2026-09-28T20:38:20.6440099Z candidate=25 precision=80 a=1.0 arm=plane complete
2026-09-28T20:38:35.3848285Z candidate=25 precision=80 a=1.0 arm=isotropic complete
2026-09-28T20:38:59.0559065Z candidate=25 precision=80 a=0.3333333333333333 arm=plane complete
2026-09-28T20:39:15.1929004Z candidate=25 precision=80 a=0.3333333333333333 arm=isotropic complete
2026-09-28T20:39:38.8616053Z candidate=25 precision=80 a=0.16666666666666666 arm=plane complete
2026-09-28T20:39:54.9543826Z candidate=25 precision=80 a=0.16666666666666666 arm=isotropic complete
2026-09-28T20:39:55.0444635Z {"version": "16.04", "candidate_index": 25, "all_valid": true, "verdict": "FACTORIZATION_CONFIRMED", "execution_head": "1b14035ab727b1f07a40c01498f91ad7fd0f3aac"}
2026-09-28T20:39:55.1146701Z ##[group]Run actions/upload-artifact@v4
2026-09-28T20:39:55.1147021Z with:
2026-09-28T20:39:55.1147274Z   name: factor-25-1b14035ab727b1f07a40c01498f91ad7fd0f3aac
2026-09-28T20:39:55.1148820Z   path: execution_head.txt
ResearchHistory/UQCF-GEM/demos/v15.56-response-selector-obstruction/inserted-channel-factorization/result-*.json.gz
ResearchHistory/UQCF-GEM/demos/v15.56-response-selector-obstruction/inserted-channel-factorization/measurement-*.log
ResearchHistory/UQCF-GEM/demos/v15.56-response-selector-obstruction/inserted-channel-factorization/SHA256SUMS-*

2026-09-28T20:39:55.1150321Z   if-no-files-found: warn
2026-09-28T20:39:55.1150554Z   compression-level: 6
2026-09-28T20:39:55.1150766Z   overwrite: false
2026-09-28T20:39:55.1150978Z   include-hidden-files: false
2026-09-28T20:39:55.1151205Z env:
2026-09-28T20:39:55.1151452Z   pythonLocation: /opt/hostedtoolcache/Python/3.11.16/x64
2026-09-28T20:39:55.1151903Z   PKG_CONFIG_PATH: /opt/hostedtoolcache/Python/3.11.16/x64/lib/pkgconfig
2026-09-28T20:39:55.1152321Z   Python_ROOT_DIR: /opt/hostedtoolcache/Python/3.11.16/x64
2026-09-28T20:39:55.1152712Z   Python2_ROOT_DIR: /opt/hostedtoolcache/Python/3.11.16/x64
2026-09-28T20:39:55.1153092Z   Python3_ROOT_DIR: /opt/hostedtoolcache/Python/3.11.16/x64
2026-09-28T20:39:55.1153483Z   LD_LIBRARY_PATH: /opt/hostedtoolcache/Python/3.11.16/x64/lib
2026-09-28T20:39:55.1153801Z ##[endgroup]
2026-09-28T20:39:55.2905378Z (node:2430) [DEP0040] DeprecationWarning: The `punycode` module is deprecated. Please use a userland alternative instead.
2026-09-28T20:39:55.2906364Z (Use `node --trace-deprecation ...` to show where the warning was created)
2026-09-28T20:39:55.3000089Z Multiple search paths detected. Calculating the least common ancestor of all paths
2026-09-28T20:39:55.3002555Z The least common ancestor is /home/runner/work/WetLabEngine/WetLabEngine. This will be the root directory of the artifact
2026-09-28T20:39:55.3003755Z With the provided path, there will be 4 files uploaded
2026-09-28T20:39:55.3008665Z Artifact name is valid!
2026-09-28T20:39:55.3009611Z Root directory input is valid!
2026-09-28T20:39:55.4850334Z Beginning upload of artifact content to blob storage
2026-09-28T20:39:55.5213136Z (node:2430) [DEP0169] DeprecationWarning: `url.parse()` behavior is not standardized and prone to errors that have security implications. Use the WHATWG URL API instead. CVEs are not issued for `url.parse()` vulnerabilities.
2026-09-28T20:39:55.5774856Z Uploaded bytes 208388
2026-09-28T20:39:55.5957487Z Finished uploading artifact content to blob storage!
2026-09-28T20:39:55.5958945Z SHA256 digest of uploaded artifact zip is 1263c3f15f59d9745369be4d53fdb78c0d1dab311dee8f63cdecb6d0ea8d9567
2026-09-28T20:39:55.5960288Z Finalizing artifact upload
2026-09-28T20:39:55.7916927Z Artifact factor-25-1b14035ab727b1f07a40c01498f91ad7fd0f3aac.zip successfully finalized. Artifact ID 10995953131
2026-09-28T20:39:55.7918803Z Artifact factor-25-1b14035ab727b1f07a40c01498f91ad7fd0f3aac has been successfully uploaded! Final size is 208388 bytes. Artifact ID is 10995953131
2026-09-28T20:39:55.7920660Z Artifact download URL: https://github.com/proteinfoldingengine/WetLabEngine/actions/runs/36480147334/artifacts/10995953131
2026-09-28T20:39:55.8098408Z Post job cleanup.
2026-09-28T20:39:55.9316120Z (node:2460) [DEP0040] DeprecationWarning: The `punycode` module is deprecated. Please use a userland alternative instead.
2026-09-28T20:39:55.9316905Z (Use `node --trace-deprecation ...` to show where the warning was created)
2026-09-28T20:39:55.9530063Z Post job cleanup.
2026-09-28T20:39:56.0436402Z [command]/usr/bin/git version
2026-09-28T20:39:56.0472895Z git version 2.55.0
2026-09-28T20:39:56.0514554Z Temporarily overriding HOME='/home/runner/work/_temp/15aa54f5-b9ce-423b-848e-d615da8aeea1' before making global git config changes
2026-09-28T20:39:56.0516065Z Adding repository directory to the temporary git global config as a safe directory
2026-09-28T20:39:56.0521391Z [command]/usr/bin/git config --global --add safe.directory /home/runner/work/WetLabEngine/WetLabEngine
2026-09-28T20:39:56.0568611Z [command]/usr/bin/git config --local --name-only --get-regexp core\.sshCommand
2026-09-28T20:39:56.0614227Z [command]/usr/bin/git submodule foreach --recursive sh -c "git config --local --name-only --get-regexp 'core\.sshCommand' && git config --local --unset-all 'core.sshCommand' || :"
2026-09-28T20:39:56.0886814Z [command]/usr/bin/git config --local --name-only --get-regexp http\.https\:\/\/github\.com\/\.extraheader
2026-09-28T20:39:56.0918526Z http.https://github.com/.extraheader
2026-09-28T20:39:56.0930465Z [command]/usr/bin/git config --local --unset-all http.https://github.com/.extraheader
2026-09-28T20:39:56.0979998Z [command]/usr/bin/git submodule foreach --recursive sh -c "git config --local --name-only --get-regexp 'http\.https\:\/\/github\.com\/\.extraheader' && git config --local --unset-all 'http.https://github.com/.extraheader' || :"
2026-09-28T20:39:56.1343996Z [command]/usr/bin/git config --local --name-only --get-regexp ^includeIf\.gitdir:
2026-09-28T20:39:56.1399128Z [command]/usr/bin/git submodule foreach --recursive git config --local --show-origin --name-only --get-regexp remote.origin.url
2026-09-28T20:39:56.1909784Z Cleaning up orphan processes
2026-09-28T20:39:56.2258270Z ##[warning]Node.js 20 is deprecated. The following actions target Node.js 20 but are being forced to run on Node.js 24: actions/checkout@11d5960a326750d5838078e36cf38b85af677262, actions/setup-python@a26af69be951a213d495a4c3e4e4022e16d87065, actions/upload-artifact@v4. For more information see: https://github.blog/changelog/2025-09-19-deprecation-of-node-20-on-github-actions-runners/

