2026-09-29T03:04:50.4338167Z Current runner version: '2.337.0'
2026-09-29T03:04:50.4375349Z ##[group]Runner Image Provisioner
2026-09-29T03:04:50.4376730Z Hosted Compute Agent
2026-09-29T03:04:50.4377687Z Version: 20260828.587
2026-09-29T03:04:50.4378841Z Commit: abac92662cab4cc7352de4f9f9d2e2419aad9c29
2026-09-29T03:04:50.4380492Z Build Date: 2026-08-28T16:44:25Z
2026-09-29T03:04:50.4381634Z Worker ID: {08f4ebc6-3b93-463f-a1b4-ae472c08ee02}
2026-09-29T03:04:50.4382988Z Azure Region: eastus
2026-09-29T03:04:50.4384023Z ##[endgroup]
2026-09-29T03:04:50.4386697Z ##[group]Operating System
2026-09-29T03:04:50.4387765Z Ubuntu
2026-09-29T03:04:50.4389106Z 24.04.5
2026-09-29T03:04:50.4390388Z LTS
2026-09-29T03:04:50.4391300Z ##[endgroup]
2026-09-29T03:04:50.4392306Z ##[group]Runner Image
2026-09-29T03:04:50.4393414Z Image: ubuntu-24.04
2026-09-29T03:04:50.4394371Z Version: 20260920.314.1
2026-09-29T03:04:50.4396639Z Included Software: https://github.com/actions/runner-images/blob/ubuntu24/20260920.314/images/ubuntu/Ubuntu2404-Readme.md
2026-09-29T03:04:50.4399639Z Image Release: https://github.com/actions/runner-images/releases/tag/ubuntu24%2F20260920.314
2026-09-29T03:04:50.4401596Z ##[endgroup]
2026-09-29T03:04:50.4403584Z ##[group]GITHUB_TOKEN Permissions
2026-09-29T03:04:50.4406581Z Contents: read
2026-09-29T03:04:50.4407703Z Metadata: read
2026-09-29T03:04:50.4408615Z ##[endgroup]
2026-09-29T03:04:50.4412084Z Secret source: Actions
2026-09-29T03:04:50.4413750Z Cache mode: write
2026-09-29T03:04:50.4415321Z Prepare workflow directory
2026-09-29T03:04:50.4966302Z Prepare all required actions
2026-09-29T03:04:50.5015851Z Getting action download info
2026-09-29T03:04:50.7103989Z Download action repository 'actions/checkout@11d5960a326750d5838078e36cf38b85af677262' (SHA:11d5960a326750d5838078e36cf38b85af677262)
2026-09-29T03:04:50.8012895Z Download action repository 'actions/setup-python@a26af69be951a213d495a4c3e4e4022e16d87065' (SHA:a26af69be951a213d495a4c3e4e4022e16d87065)
2026-09-29T03:04:50.8798347Z Download action repository 'actions/upload-artifact@ea165f8d65b6e75b540449e92b4886f43607fa02' (SHA:ea165f8d65b6e75b540449e92b4886f43607fa02)
2026-09-29T03:04:51.1007151Z Complete job name: verify
2026-09-29T03:04:51.1821176Z ##[group]Run actions/checkout@11d5960a326750d5838078e36cf38b85af677262
2026-09-29T03:04:51.1822321Z with:
2026-09-29T03:04:51.1822842Z   repository: proteinfoldingengine/WetLabEngine
2026-09-29T03:04:51.1827031Z   token: ***
2026-09-29T03:04:51.1827466Z   ssh-strict: true
2026-09-29T03:04:51.1827906Z   ssh-user: git
2026-09-29T03:04:51.1828360Z   persist-credentials: true
2026-09-29T03:04:51.1828853Z   clean: true
2026-09-29T03:04:51.1829297Z   sparse-checkout-cone-mode: true
2026-09-29T03:04:51.1829819Z   fetch-depth: 1
2026-09-29T03:04:51.1830514Z   fetch-tags: false
2026-09-29T03:04:51.1830963Z   show-progress: true
2026-09-29T03:04:51.1831410Z   lfs: false
2026-09-29T03:04:51.1831819Z   submodules: false
2026-09-29T03:04:51.1832268Z   set-safe-directory: true
2026-09-29T03:04:51.1832791Z   allow-unsafe-pr-checkout: false
2026-09-29T03:04:51.1833612Z env:
2026-09-29T03:04:51.1834205Z   P: ResearchHistory/UQCF-GEM/foundational-closure-verification
2026-09-29T03:04:51.1835075Z ##[endgroup]
2026-09-29T03:04:51.2889772Z Syncing repository: proteinfoldingengine/WetLabEngine
2026-09-29T03:04:51.2892374Z ##[group]Getting Git version info
2026-09-29T03:04:51.2893520Z Working directory is '/home/runner/work/WetLabEngine/WetLabEngine'
2026-09-29T03:04:51.2894664Z [command]/usr/bin/git version
2026-09-29T03:04:51.2970691Z git version 2.55.0
2026-09-29T03:04:51.2997832Z ##[endgroup]
2026-09-29T03:04:51.3016649Z Temporarily overriding HOME='/home/runner/work/_temp/bb36b89b-d662-4d2f-9e2c-cfeb6b39396d' before making global git config changes
2026-09-29T03:04:51.3019087Z Adding repository directory to the temporary git global config as a safe directory
2026-09-29T03:04:51.3025242Z [command]/usr/bin/git config --global --add safe.directory /home/runner/work/WetLabEngine/WetLabEngine
2026-09-29T03:04:51.3081221Z Deleting the contents of '/home/runner/work/WetLabEngine/WetLabEngine'
2026-09-29T03:04:51.3096999Z ##[group]Initializing the repository
2026-09-29T03:04:51.3102838Z [command]/usr/bin/git init /home/runner/work/WetLabEngine/WetLabEngine
2026-09-29T03:04:51.3217598Z hint: Using 'master' as the name for the initial branch. This default branch name
2026-09-29T03:04:51.3219640Z hint: will change to "main" in Git 3.0. To configure the initial branch name
2026-09-29T03:04:51.3222005Z hint: to use in all of your new repositories, which will suppress this warning,
2026-09-29T03:04:51.3223378Z hint: call:
2026-09-29T03:04:51.3224085Z hint:
2026-09-29T03:04:51.3224970Z hint: 	git config --global init.defaultBranch <name>
2026-09-29T03:04:51.3226023Z hint:
2026-09-29T03:04:51.3227050Z hint: Names commonly chosen instead of 'master' are 'main', 'trunk' and
2026-09-29T03:04:51.3228809Z hint: 'development'. The just-created branch can be renamed via this command:
2026-09-29T03:04:51.3230546Z hint:
2026-09-29T03:04:51.3231350Z hint: 	git branch -m <name>
2026-09-29T03:04:51.3232310Z hint:
2026-09-29T03:04:51.3233409Z hint: Disable this message with "git config set advice.defaultBranchName false"
2026-09-29T03:04:51.3235189Z Initialized empty Git repository in /home/runner/work/WetLabEngine/WetLabEngine/.git/
2026-09-29T03:04:51.3238631Z [command]/usr/bin/git remote add origin https://github.com/proteinfoldingengine/WetLabEngine
2026-09-29T03:04:51.3288796Z ##[endgroup]
2026-09-29T03:04:51.3290648Z ##[group]Disabling automatic garbage collection
2026-09-29T03:04:51.3293967Z [command]/usr/bin/git config --local gc.auto 0
2026-09-29T03:04:51.3327919Z ##[endgroup]
2026-09-29T03:04:51.3329711Z ##[group]Setting up auth
2026-09-29T03:04:51.3335735Z [command]/usr/bin/git config --local --name-only --get-regexp core\.sshCommand
2026-09-29T03:04:51.3371504Z [command]/usr/bin/git submodule foreach --recursive sh -c "git config --local --name-only --get-regexp 'core\.sshCommand' && git config --local --unset-all 'core.sshCommand' || :"
2026-09-29T03:04:51.3781551Z [command]/usr/bin/git config --local --name-only --get-regexp http\.https\:\/\/github\.com\/\.extraheader
2026-09-29T03:04:51.3825463Z [command]/usr/bin/git submodule foreach --recursive sh -c "git config --local --name-only --get-regexp 'http\.https\:\/\/github\.com\/\.extraheader' && git config --local --unset-all 'http.https://github.com/.extraheader' || :"
2026-09-29T03:04:51.4064915Z [command]/usr/bin/git config --local --name-only --get-regexp ^includeIf\.gitdir:
2026-09-29T03:04:51.4106015Z [command]/usr/bin/git submodule foreach --recursive git config --local --show-origin --name-only --get-regexp remote.origin.url
2026-09-29T03:04:51.4370624Z [command]/usr/bin/git config --local http.https://github.com/.extraheader AUTHORIZATION: basic ***
2026-09-29T03:04:51.4423732Z ##[endgroup]
2026-09-29T03:04:51.4424725Z ##[group]Fetching the repository
2026-09-29T03:04:51.4440440Z [command]/usr/bin/git -c protocol.version=2 fetch --no-tags --prune --no-recurse-submodules --depth=1 origin +b1858ca92c3eff57c25fd655f75fa9b91d6d4788:refs/remotes/origin/research/foundational-closure-verification
2026-09-29T03:05:00.9577444Z From https://github.com/proteinfoldingengine/WetLabEngine
2026-09-29T03:05:00.9579434Z  * [new ref]         b1858ca92c3eff57c25fd655f75fa9b91d6d4788 -> origin/research/foundational-closure-verification
2026-09-29T03:05:00.9583872Z ##[endgroup]
2026-09-29T03:05:00.9585404Z ##[group]Determining the checkout info
2026-09-29T03:05:00.9589353Z ##[endgroup]
2026-09-29T03:05:00.9594897Z [command]/usr/bin/git sparse-checkout disable
2026-09-29T03:05:00.9660393Z [command]/usr/bin/git config --local --unset-all extensions.worktreeConfig
2026-09-29T03:05:00.9701159Z ##[group]Checking out the ref
2026-09-29T03:05:00.9707284Z [command]/usr/bin/git checkout --progress --force -B research/foundational-closure-verification refs/remotes/origin/research/foundational-closure-verification
2026-09-29T03:05:02.0026900Z Updating files:  46% (2154/4682)
2026-09-29T03:05:02.0071150Z Updating files:  47% (2201/4682)
2026-09-29T03:05:02.0104596Z Updating files:  48% (2248/4682)
2026-09-29T03:05:02.0129808Z Updating files:  49% (2295/4682)
2026-09-29T03:05:02.0155442Z Updating files:  50% (2341/4682)
2026-09-29T03:05:02.0458303Z Updating files:  51% (2388/4682)
2026-09-29T03:05:02.0906018Z Updating files:  52% (2435/4682)
2026-09-29T03:05:02.0927319Z Updating files:  53% (2482/4682)
2026-09-29T03:05:02.0946383Z Updating files:  54% (2529/4682)
2026-09-29T03:05:02.0986841Z Updating files:  55% (2576/4682)
2026-09-29T03:05:02.1106061Z Updating files:  56% (2622/4682)
2026-09-29T03:05:02.1208967Z Updating files:  57% (2669/4682)
2026-09-29T03:05:02.1344488Z Updating files:  58% (2716/4682)
2026-09-29T03:05:02.1446939Z Updating files:  59% (2763/4682)
2026-09-29T03:05:02.1476418Z Updating files:  60% (2810/4682)
2026-09-29T03:05:02.1863660Z Updating files:  61% (2857/4682)
2026-09-29T03:05:02.1912341Z Updating files:  62% (2903/4682)
2026-09-29T03:05:02.3569534Z Updating files:  63% (2950/4682)
2026-09-29T03:05:02.5005359Z Updating files:  64% (2997/4682)
2026-09-29T03:05:02.5024036Z Updating files:  65% (3044/4682)
2026-09-29T03:05:02.6435655Z Updating files:  66% (3091/4682)
2026-09-29T03:05:02.7416749Z Updating files:  67% (3137/4682)
2026-09-29T03:05:02.8243476Z Updating files:  68% (3184/4682)
2026-09-29T03:05:02.8502037Z Updating files:  69% (3231/4682)
2026-09-29T03:05:02.8953293Z Updating files:  70% (3278/4682)
2026-09-29T03:05:02.9030390Z Updating files:  71% (3325/4682)
2026-09-29T03:05:02.9089185Z Updating files:  72% (3372/4682)
2026-09-29T03:05:02.9549679Z Updating files:  73% (3418/4682)
2026-09-29T03:05:02.9580615Z Updating files:  74% (3465/4682)
2026-09-29T03:05:02.9611887Z Updating files:  75% (3512/4682)
2026-09-29T03:05:02.9640795Z Updating files:  76% (3559/4682)
2026-09-29T03:05:02.9667655Z Updating files:  77% (3606/4682)
2026-09-29T03:05:02.9697360Z Updating files:  78% (3652/4682)
2026-09-29T03:05:02.9726241Z Updating files:  79% (3699/4682)
2026-09-29T03:05:02.9762624Z Updating files:  80% (3746/4682)
2026-09-29T03:05:02.9786194Z Updating files:  81% (3793/4682)
2026-09-29T03:05:02.9807382Z Updating files:  82% (3840/4682)
2026-09-29T03:05:02.9810383Z Updating files:  83% (3887/4682)
2026-09-29T03:05:02.9892756Z Updating files:  83% (3891/4682)
2026-09-29T03:05:02.9988264Z Updating files:  84% (3933/4682)
2026-09-29T03:05:03.3710629Z Updating files:  85% (3980/4682)
2026-09-29T03:05:03.3775511Z Updating files:  86% (4027/4682)
2026-09-29T03:05:03.3959239Z Updating files:  87% (4074/4682)
2026-09-29T03:05:03.4218547Z Updating files:  88% (4121/4682)
2026-09-29T03:05:03.4452217Z Updating files:  89% (4167/4682)
2026-09-29T03:05:03.4725099Z Updating files:  90% (4214/4682)
2026-09-29T03:05:03.5180413Z Updating files:  91% (4261/4682)
2026-09-29T03:05:03.5326521Z Updating files:  92% (4308/4682)
2026-09-29T03:05:03.5368314Z Updating files:  93% (4355/4682)
2026-09-29T03:05:03.5410735Z Updating files:  94% (4402/4682)
2026-09-29T03:05:03.5516858Z Updating files:  95% (4448/4682)
2026-09-29T03:05:03.5560681Z Updating files:  96% (4495/4682)
2026-09-29T03:05:03.5603689Z Updating files:  97% (4542/4682)
2026-09-29T03:05:03.5744874Z Updating files:  98% (4589/4682)
2026-09-29T03:05:03.5784417Z Updating files:  99% (4636/4682)
2026-09-29T03:05:03.5785276Z Updating files: 100% (4682/4682)
2026-09-29T03:05:03.5785913Z Updating files: 100% (4682/4682), done.
2026-09-29T03:05:03.9844663Z Switched to a new branch 'research/foundational-closure-verification'
2026-09-29T03:05:03.9851879Z branch 'research/foundational-closure-verification' set up to track 'origin/research/foundational-closure-verification'.
2026-09-29T03:05:03.9961071Z ##[endgroup]
2026-09-29T03:05:04.0488998Z [command]/usr/bin/git log -1 --format=%H
2026-09-29T03:05:04.0525124Z b1858ca92c3eff57c25fd655f75fa9b91d6d4788
2026-09-29T03:05:04.0875736Z ##[group]Run actions/setup-python@a26af69be951a213d495a4c3e4e4022e16d87065
2026-09-29T03:05:04.0876172Z with:
2026-09-29T03:05:04.0876379Z   python-version: 3.11
2026-09-29T03:05:04.0876613Z   check-latest: false
2026-09-29T03:05:04.0879455Z   token: ***
2026-09-29T03:05:04.0879674Z   update-environment: true
2026-09-29T03:05:04.0879919Z   allow-prereleases: false
2026-09-29T03:05:04.0880475Z   freethreaded: false
2026-09-29T03:05:04.0880690Z env:
2026-09-29T03:05:04.0880967Z   P: ResearchHistory/UQCF-GEM/foundational-closure-verification
2026-09-29T03:05:04.0881317Z ##[endgroup]
2026-09-29T03:05:04.2308323Z ##[group]Installed versions
2026-09-29T03:05:04.4935677Z (node:2234) [DEP0040] DeprecationWarning: The `punycode` module is deprecated. Please use a userland alternative instead.
2026-09-29T03:05:04.4936938Z (Use `node --trace-deprecation ...` to show where the warning was created)
2026-09-29T03:05:04.4937709Z Successfully set up CPython (3.11.16)
2026-09-29T03:05:04.4938643Z ##[endgroup]
2026-09-29T03:05:04.5122672Z ##[group]Run python -m pip install sympy==1.13.3 mpmath==1.3.0
2026-09-29T03:05:04.5123220Z [36;1mpython -m pip install sympy==1.13.3 mpmath==1.3.0[0m
2026-09-29T03:05:04.5445107Z shell: /usr/bin/bash -e {0}
2026-09-29T03:05:04.5445582Z env:
2026-09-29T03:05:04.5446049Z   P: ResearchHistory/UQCF-GEM/foundational-closure-verification
2026-09-29T03:05:04.5446677Z   pythonLocation: /opt/hostedtoolcache/Python/3.11.16/x64
2026-09-29T03:05:04.5447615Z   PKG_CONFIG_PATH: /opt/hostedtoolcache/Python/3.11.16/x64/lib/pkgconfig
2026-09-29T03:05:04.5448364Z   Python_ROOT_DIR: /opt/hostedtoolcache/Python/3.11.16/x64
2026-09-29T03:05:04.5448988Z   Python2_ROOT_DIR: /opt/hostedtoolcache/Python/3.11.16/x64
2026-09-29T03:05:04.5449539Z   Python3_ROOT_DIR: /opt/hostedtoolcache/Python/3.11.16/x64
2026-09-29T03:05:04.5450299Z   LD_LIBRARY_PATH: /opt/hostedtoolcache/Python/3.11.16/x64/lib
2026-09-29T03:05:04.5450769Z ##[endgroup]
2026-09-29T03:05:05.4058415Z Collecting sympy==1.13.3
2026-09-29T03:05:05.4567607Z   Downloading sympy-1.13.3-py3-none-any.whl.metadata (12 kB)
2026-09-29T03:05:05.4739301Z Collecting mpmath==1.3.0
2026-09-29T03:05:05.4779228Z   Downloading mpmath-1.3.0-py3-none-any.whl.metadata (8.6 kB)
2026-09-29T03:05:05.4874975Z Downloading sympy-1.13.3-py3-none-any.whl (6.2 MB)
2026-09-29T03:05:05.5483422Z    ━━━━━━━━━━━━━━━━━━━━━━━━━━━━━━━━━━━━━━━━ 6.2/6.2 MB 156.1 MB/s  0:00:00
2026-09-29T03:05:05.5525921Z Downloading mpmath-1.3.0-py3-none-any.whl (536 kB)
2026-09-29T03:05:05.5576538Z    ━━━━━━━━━━━━━━━━━━━━━━━━━━━━━━━━━━━━━━━━ 536.2/536.2 kB 99.7 MB/s  0:00:00
2026-09-29T03:05:05.6333975Z Installing collected packages: mpmath, sympy
2026-09-29T03:05:11.4779493Z 
2026-09-29T03:05:11.4789339Z Successfully installed mpmath-1.3.0 sympy-1.13.3
2026-09-29T03:05:11.5361493Z ##[group]Run set -euo pipefail
2026-09-29T03:05:11.5361893Z [36;1mset -euo pipefail[0m
2026-09-29T03:05:11.5362203Z [36;1mmkdir -p "$P/evidence"[0m
2026-09-29T03:05:11.5362606Z [36;1mpython -m pip freeze > "$P/evidence/dependencies.txt"[0m
2026-09-29T03:05:11.5363106Z [36;1mpython --version > "$P/evidence/python-version.txt"[0m
2026-09-29T03:05:11.5363594Z [36;1mgit rev-parse HEAD > "$P/evidence/execution-head.txt"[0m
2026-09-29T03:05:11.5363986Z [36;1mset +e[0m
2026-09-29T03:05:11.5364389Z [36;1m(cd "$P" && python tests/test_fcv.py) 2>&1 | tee "$P/evidence/test.log"[0m
2026-09-29T03:05:11.5364854Z [36;1mstatuses=("${PIPESTATUS[@]}")[0m
2026-09-29T03:05:11.5365395Z [36;1mprintf 'tests\t%s\t%s\n' "${statuses[0]}" "${statuses[1]}" >> "$P/evidence/COMMAND_EXIT_CODES.tsv"[0m
2026-09-29T03:05:11.5366040Z [36;1mtest "${statuses[0]}" -eq 0 && test "${statuses[1]}" -eq 0[0m
2026-09-29T03:05:11.5432995Z shell: /usr/bin/bash -e {0}
2026-09-29T03:05:11.5433295Z env:
2026-09-29T03:05:11.5433685Z   P: ResearchHistory/UQCF-GEM/foundational-closure-verification
2026-09-29T03:05:11.5434201Z   pythonLocation: /opt/hostedtoolcache/Python/3.11.16/x64
2026-09-29T03:05:11.5434721Z   PKG_CONFIG_PATH: /opt/hostedtoolcache/Python/3.11.16/x64/lib/pkgconfig
2026-09-29T03:05:11.5435228Z   Python_ROOT_DIR: /opt/hostedtoolcache/Python/3.11.16/x64
2026-09-29T03:05:11.5435683Z   Python2_ROOT_DIR: /opt/hostedtoolcache/Python/3.11.16/x64
2026-09-29T03:05:11.5436142Z   Python3_ROOT_DIR: /opt/hostedtoolcache/Python/3.11.16/x64
2026-09-29T03:05:11.5436822Z   LD_LIBRARY_PATH: /opt/hostedtoolcache/Python/3.11.16/x64/lib
2026-09-29T03:05:11.5437212Z ##[endgroup]
2026-09-29T03:05:12.1599353Z test_actual_old_kernel_witness (__main__.Tests.test_actual_old_kernel_witness) ... ok
2026-09-29T03:05:12.1671494Z test_bare_filtration_scaling_and_shear (__main__.Tests.test_bare_filtration_scaling_and_shear) ... ok
2026-09-29T03:05:12.1676631Z test_constructive_and_negative_linear_descent (__main__.Tests.test_constructive_and_negative_linear_descent) ... ok
2026-09-29T03:05:12.1865003Z test_corrupted_witness_rejected (__main__.Tests.test_corrupted_witness_rejected) ... ok
2026-09-29T03:05:12.2228089Z test_direct_fiber_sum_and_section (__main__.Tests.test_direct_fiber_sum_and_section) ... ok
2026-09-29T03:05:12.2230633Z test_exact_input_no_float_or_truncation (__main__.Tests.test_exact_input_no_float_or_truncation) ... ok
2026-09-29T03:05:12.2402742Z test_false_descent_rejected (__main__.Tests.test_false_descent_rejected) ... ok
2026-09-29T03:05:12.2473870Z test_foreign_domain_identity_rejected (__main__.Tests.test_foreign_domain_identity_rejected) ... ok
2026-09-29T03:05:12.2502842Z test_identity_and_root_zero_dimensional_cases (__main__.Tests.test_identity_and_root_zero_dimensional_cases) ... ok
2026-09-29T03:05:12.2504791Z test_illegal_target_and_origin_rejected (__main__.Tests.test_illegal_target_and_origin_rejected) ... ok
2026-09-29T03:05:12.2506876Z test_incompatible_composition_rejected (__main__.Tests.test_incompatible_composition_rejected) ... ok
2026-09-29T03:05:12.2509826Z test_invalid_carriers_are_not_repaired (__main__.Tests.test_invalid_carriers_are_not_repaired) ... ok
2026-09-29T03:05:12.2515489Z test_linear_right_inverse_can_fail_retained_naturality (__main__.Tests.test_linear_right_inverse_can_fail_retained_naturality) ... ok
2026-09-29T03:05:12.2712316Z test_missing_check_and_coverage_rejected (__main__.Tests.test_missing_check_and_coverage_rejected) ... ok
2026-09-29T03:05:12.2769348Z test_mutated_green_rejected (__main__.Tests.test_mutated_green_rejected) ... ok
2026-09-29T03:05:12.2839999Z test_mutated_pushforward_rejected (__main__.Tests.test_mutated_pushforward_rejected) ... ok
2026-09-29T03:05:12.2910609Z test_mutated_section_rejected (__main__.Tests.test_mutated_section_rejected) ... ok
2026-09-29T03:05:12.2913026Z test_nonlinear_boundary_is_not_linear_test (__main__.Tests.test_nonlinear_boundary_is_not_linear_test) ... ok
2026-09-29T03:05:12.3077110Z test_nonpermutation_coordinate_change (__main__.Tests.test_nonpermutation_coordinate_change) ... ok
2026-09-29T03:05:12.4388406Z test_relabel_and_storage_naturality (__main__.Tests.test_relabel_and_storage_naturality) ... ok
2026-09-29T03:05:12.4817999Z test_response_quotient_and_supplied_complement (__main__.Tests.test_response_quotient_and_supplied_complement) ... ok
2026-09-29T03:05:12.4856873Z test_shape_enumerators_agree_without_shared_implementation (__main__.Tests.test_shape_enumerators_agree_without_shared_implementation) ... ok
2026-09-29T03:05:12.4858167Z 
2026-09-29T03:05:12.4858922Z ----------------------------------------------------------------------
2026-09-29T03:05:12.4860717Z Ran 22 tests in 0.636s
2026-09-29T03:05:12.4860982Z 
2026-09-29T03:05:12.4861124Z OK
2026-09-29T03:05:12.5391016Z ##[group]Run set -euo pipefail
2026-09-29T03:05:12.5391418Z [36;1mset -euo pipefail[0m
2026-09-29T03:05:12.5391685Z [36;1mset +e[0m
2026-09-29T03:05:12.5392457Z [36;1m(cd ResearchHistory/UQCF-GEM/demos/v15.56-response-selector-obstruction && python -m unittest -v test_pruning_consistency_audit) 2>&1 | tee "$P/evidence/parent-test.log"[0m
2026-09-29T03:05:12.5393330Z [36;1mstatuses=("${PIPESTATUS[@]}")[0m
2026-09-29T03:05:12.5393870Z [36;1mprintf 'parent-tests\t%s\t%s\n' "${statuses[0]}" "${statuses[1]}" >> "$P/evidence/COMMAND_EXIT_CODES.tsv"[0m
2026-09-29T03:05:12.5394511Z [36;1mtest "${statuses[0]}" -eq 0 && test "${statuses[1]}" -eq 0 || exit 1[0m
2026-09-29T03:05:12.5395401Z [36;1m(cd ResearchHistory/UQCF-GEM/demos/v16.15F-graded-obstruction-descent && python -m unittest -v && python gate.py) 2>&1 | tee "$P/evidence/historical-1615F.log"[0m
2026-09-29T03:05:12.5396438Z [36;1mstatuses=("${PIPESTATUS[@]}")[0m
2026-09-29T03:05:12.5397068Z [36;1mprintf 'historical-reproduction\t%s\t%s\n' "${statuses[0]}" "${statuses[1]}" >> "$P/evidence/COMMAND_EXIT_CODES.tsv"[0m
2026-09-29T03:05:12.5397799Z [36;1mtest "${statuses[0]}" -eq 0 && test "${statuses[1]}" -eq 0 || exit 1[0m
2026-09-29T03:05:12.5398502Z [36;1mcp ResearchHistory/UQCF-GEM/demos/v16.15F-graded-obstruction-descent/result.json "$P/evidence/REPRODUCED_1615F.json"[0m
2026-09-29T03:05:12.5463266Z shell: /usr/bin/bash -e {0}
2026-09-29T03:05:12.5463550Z env:
2026-09-29T03:05:12.5463869Z   P: ResearchHistory/UQCF-GEM/foundational-closure-verification
2026-09-29T03:05:12.5464365Z   pythonLocation: /opt/hostedtoolcache/Python/3.11.16/x64
2026-09-29T03:05:12.5464860Z   PKG_CONFIG_PATH: /opt/hostedtoolcache/Python/3.11.16/x64/lib/pkgconfig
2026-09-29T03:05:12.5465349Z   Python_ROOT_DIR: /opt/hostedtoolcache/Python/3.11.16/x64
2026-09-29T03:05:12.5465799Z   Python2_ROOT_DIR: /opt/hostedtoolcache/Python/3.11.16/x64
2026-09-29T03:05:12.5466230Z   Python3_ROOT_DIR: /opt/hostedtoolcache/Python/3.11.16/x64
2026-09-29T03:05:12.5466667Z   LD_LIBRARY_PATH: /opt/hostedtoolcache/Python/3.11.16/x64/lib
2026-09-29T03:05:12.5467045Z ##[endgroup]
2026-09-29T03:05:12.6016159Z test_checker_exists (test_pruning_consistency_audit.Availability.test_checker_exists) ... ok
2026-09-29T03:05:12.7513105Z test_centering_discrepancy_is_rank_one (test_pruning_consistency_audit.ExactPruningTests.test_centering_discrepancy_is_rank_one) ... ok
2026-09-29T03:05:12.9381426Z test_depth_measures_are_identical_not_independent_controls (test_pruning_consistency_audit.ExactPruningTests.test_depth_measures_are_identical_not_independent_controls) ... ok
2026-09-29T03:05:12.9390717Z test_equal_size_fibers_allow_original_full_source_equation (test_pruning_consistency_audit.ExactPruningTests.test_equal_size_fibers_allow_original_full_source_equation) ... ok
2026-09-29T03:05:12.9579431Z test_exact_balanced_operator_identity_for_all_sources (test_pruning_consistency_audit.ExactPruningTests.test_exact_balanced_operator_identity_for_all_sources) ... ok
2026-09-29T03:05:12.9583137Z test_exact_solver_rejects_inconsistent_system (test_pruning_consistency_audit.ExactPruningTests.test_exact_solver_rejects_inconsistent_system) ... ok
2026-09-29T03:05:13.1223271Z test_forgotten_contrast_invisible_only_after_correct_response_map (test_pruning_consistency_audit.ExactPruningTests.test_forgotten_contrast_invisible_only_after_correct_response_map) ... ok
2026-09-29T03:05:13.2713818Z test_frozen_fiber_sizes_and_constant_source_witnesses (test_pruning_consistency_audit.ExactPruningTests.test_frozen_fiber_sizes_and_constant_source_witnesses) ... ok
2026-09-29T03:05:13.4209885Z test_frozen_old_counting_defects_reproduce (test_pruning_consistency_audit.ExactPruningTests.test_frozen_old_counting_defects_reproduce) ... ok
2026-09-29T03:05:13.4219218Z test_identity_pruning_has_no_constant_obstruction (test_pruning_consistency_audit.ExactPruningTests.test_identity_pruning_has_no_constant_obstruction) ... ok
2026-09-29T03:05:13.4222032Z test_invalid_lineage_is_rejected (test_pruning_consistency_audit.ExactPruningTests.test_invalid_lineage_is_rejected) ... ok
2026-09-29T03:05:13.4224762Z test_known_chain_laplacian_and_green (test_pruning_consistency_audit.ExactPruningTests.test_known_chain_laplacian_and_green) ... ok
2026-09-29T03:05:13.5717028Z test_only_normalized_fiber_local_solution_is_restriction (test_pruning_consistency_audit.ExactPruningTests.test_only_normalized_fiber_local_solution_is_restriction) ... ok
2026-09-29T03:05:13.8692841Z test_serialized_result_is_deterministic (test_pruning_consistency_audit.ExactPruningTests.test_serialized_result_is_deterministic) ... ok
2026-09-29T03:05:13.8698742Z test_singleton_coarse_is_degenerate_not_strict_positive_nogo (test_pruning_consistency_audit.ExactPruningTests.test_singleton_coarse_is_degenerate_not_strict_positive_nogo) ... ok
2026-09-29T03:05:13.8700705Z 
2026-09-29T03:05:13.8700988Z ----------------------------------------------------------------------
2026-09-29T03:05:13.8701576Z Ran 15 tests in 1.268s
2026-09-29T03:05:13.8701794Z 
2026-09-29T03:05:13.8701935Z OK
2026-09-29T03:05:13.9828309Z test_audit (test_gate.Tests.test_audit) ... ok
2026-09-29T03:05:13.9835614Z test_kernel_basis (test_gate.Tests.test_kernel_basis) ... ok
2026-09-29T03:05:13.9836115Z 
2026-09-29T03:05:13.9836359Z ----------------------------------------------------------------------
2026-09-29T03:05:13.9836911Z Ran 2 tests in 0.062s
2026-09-29T03:05:13.9837130Z 
2026-09-29T03:05:13.9837246Z OK
2026-09-29T03:05:14.0790699Z {"all_valid": true, "verdict": "OBSTRUCTION_RETAINS_PRIOR_GRADE_HISTORY", "metrics": {"stages": 12, "descending_stages": 4, "history_retaining_stages": 8}}
2026-09-29T03:05:14.0902505Z ##[group]Run set -euo pipefail
2026-09-29T03:05:14.0902869Z [36;1mset -euo pipefail[0m
2026-09-29T03:05:14.0903126Z [36;1mset +e[0m
2026-09-29T03:05:14.0903530Z [36;1m(cd "$P" && python produce_certificates.py) 2>&1 | tee "$P/evidence/producer.log"[0m
2026-09-29T03:05:14.0904014Z [36;1mstatuses=("${PIPESTATUS[@]}")[0m
2026-09-29T03:05:14.0904526Z [36;1mprintf 'producer\t%s\t%s\n' "${statuses[0]}" "${statuses[1]}" >> "$P/evidence/COMMAND_EXIT_CODES.tsv"[0m
2026-09-29T03:05:14.0905155Z [36;1mtest "${statuses[0]}" -eq 0 && test "${statuses[1]}" -eq 0 || exit 1[0m
2026-09-29T03:05:14.0905734Z [36;1m(cd "$P" && python verify_certificates.py) 2>&1 | tee "$P/evidence/verifier.log"[0m
2026-09-29T03:05:14.0906208Z [36;1mstatuses=("${PIPESTATUS[@]}")[0m
2026-09-29T03:05:14.0906775Z [36;1mprintf 'independent-verifier\t%s\t%s\n' "${statuses[0]}" "${statuses[1]}" >> "$P/evidence/COMMAND_EXIT_CODES.tsv"[0m
2026-09-29T03:05:14.0907434Z [36;1mtest "${statuses[0]}" -eq 0 && test "${statuses[1]}" -eq 0[0m
2026-09-29T03:05:14.0973233Z shell: /usr/bin/bash -e {0}
2026-09-29T03:05:14.0973542Z env:
2026-09-29T03:05:14.0973892Z   P: ResearchHistory/UQCF-GEM/foundational-closure-verification
2026-09-29T03:05:14.0974425Z   pythonLocation: /opt/hostedtoolcache/Python/3.11.16/x64
2026-09-29T03:05:14.0974945Z   PKG_CONFIG_PATH: /opt/hostedtoolcache/Python/3.11.16/x64/lib/pkgconfig
2026-09-29T03:05:14.0975463Z   Python_ROOT_DIR: /opt/hostedtoolcache/Python/3.11.16/x64
2026-09-29T03:05:14.0975927Z   Python2_ROOT_DIR: /opt/hostedtoolcache/Python/3.11.16/x64
2026-09-29T03:05:14.0976419Z   Python3_ROOT_DIR: /opt/hostedtoolcache/Python/3.11.16/x64
2026-09-29T03:05:14.0976920Z   LD_LIBRARY_PATH: /opt/hostedtoolcache/Python/3.11.16/x64/lib
2026-09-29T03:05:14.0977480Z ##[endgroup]
2026-09-29T03:05:14.2314191Z Produced U1:((((())))) vertices 5 chains 55
2026-09-29T03:05:14.3378670Z Produced U1:(((()()))) vertices 5 chains 76
2026-09-29T03:05:14.4849323Z Produced U1:(((())())) vertices 5 chains 97
2026-09-29T03:05:14.6417564Z Produced U1:(((()))()) vertices 5 chains 118
2026-09-29T03:05:14.6727823Z Produced U1:(((()))) vertices 4 chains 34
2026-09-29T03:05:14.8811689Z Produced U1:((()()())) vertices 5 chains 145
2026-09-29T03:05:15.1333359Z Produced U1:((()())()) vertices 5 chains 172
2026-09-29T03:05:15.1856789Z Produced U1:((()())) vertices 4 chains 49
2026-09-29T03:05:15.4015303Z Produced U1:((())(())) vertices 5 chains 145
2026-09-29T03:05:15.6881841Z Produced U1:((())()()) vertices 5 chains 226
2026-09-29T03:05:15.7416725Z Produced U1:((())()) vertices 4 chains 64
2026-09-29T03:05:15.7510060Z Produced U1:((())) vertices 3 chains 19
2026-09-29T03:05:16.1620536Z Produced U1:(()()()()) vertices 5 chains 353
2026-09-29T03:05:16.2417488Z Produced U1:(()()()) vertices 4 chains 99
2026-09-29T03:05:16.2555337Z Produced U1:(()()) vertices 3 chains 29
2026-09-29T03:05:16.2576378Z Produced U1:(()) vertices 2 chains 9
2026-09-29T03:05:16.2580464Z Produced U1:() vertices 1 chains 3
2026-09-29T03:05:18.7613910Z Produced U2:1 vertices 7 chains 1121
2026-09-29T03:05:19.2086619Z Produced U2:2 vertices 6 chains 237
2026-09-29T03:05:22.5337662Z Produced U2:3 vertices 7 chains 1482
2026-09-29T03:05:23.7989517Z Produced U2:4 vertices 7 chains 516
2026-09-29T03:05:27.6696894Z {"execution_status": "completed", "input_validity": "producer validation executed; independent verification pending", "raw_sha256": "21357bdc79429f9d4214024b125e75693609a2538a08a57037978b191ab432c6", "raw_bytes": 34890118, "xz_sha256": "b035e14709825657a485bddd1e495471f4f15147ffa78b0e6d79a512e6301ac4", "instances": 21, "relabeled_instances": 21}
2026-09-29T03:05:30.5283296Z Verified U1:((((())))) chains 55
2026-09-29T03:05:31.0333816Z Verified U1:(((()()))) chains 76
2026-09-29T03:05:31.6653026Z Verified U1:(((())())) chains 97
2026-09-29T03:05:32.4262018Z Verified U1:(((()))()) chains 118
2026-09-29T03:05:32.6266839Z Verified U1:(((()))) chains 34
2026-09-29T03:05:33.5404425Z Verified U1:((()()())) chains 145
2026-09-29T03:05:34.6455568Z Verified U1:((()())()) chains 172
2026-09-29T03:05:34.9222385Z Verified U1:((()())) chains 49
2026-09-29T03:05:35.8410480Z Verified U1:((())(())) chains 145
2026-09-29T03:05:37.2618190Z Verified U1:((())()()) chains 226
2026-09-29T03:05:37.6129884Z Verified U1:((())()) chains 64
2026-09-29T03:05:37.7032657Z Verified U1:((())) chains 19
2026-09-29T03:05:39.8211410Z Verified U1:(()()()()) chains 353
2026-09-29T03:05:40.3805489Z Verified U1:(()()()) chains 99
2026-09-29T03:05:40.5160974Z Verified U1:(()()) chains 29
2026-09-29T03:05:40.5488889Z Verified U1:(()) chains 9
2026-09-29T03:05:40.5564595Z Verified U1:() chains 3
2026-09-29T03:05:49.5346297Z Verified U2:1 chains 1121
2026-09-29T03:05:51.2560765Z Verified U2:2 chains 237
2026-09-29T03:06:02.2754401Z Verified U2:3 chains 1482
2026-09-29T03:06:06.4901775Z Verified U2:4 chains 516
2026-09-29T03:06:06.6149864Z {"all_valid": true, "coverage": {"instances": 21, "shape_counts": {"1": 1, "2": 1, "3": 2, "4": 4, "5": 9}, "original": {"vertices": 97, "carriers": 197, "prunings": 1028, "chains": 5049, "steps": 13725, "non_descending_steps": 7254, "descending_steps": 6471, "nonempty_old_kernel_steps": 7254, "old_kernel_rank_sum": 16357, "composition_triples": 8676, "distinct_stage_certificates": 1028}, "relabeled": {"vertices": 97, "carriers": 197, "prunings": 1028, "chains": 5049, "steps": 13725, "non_descending_steps": 7254, "descending_steps": 6471, "nonempty_old_kernel_steps": 7254, "old_kernel_rank_sum": 16357, "composition_triples": 8676, "distinct_stage_certificates": 1028}, "basis_changed_prunings": 1028, "naturality_prunings": 1028}, "historical_reproduction": {"stages": 12, "descending_stages": 4, "non_descending_stages": 8, "scope": "new independent reconstruction of the historical selected chains, not an old-run upgrade"}}
2026-09-29T03:06:08.3102613Z ##[group]Run set -euo pipefail
2026-09-29T03:06:08.3102962Z [36;1mset -euo pipefail[0m
2026-09-29T03:06:08.3103228Z [36;1mmkdir -p "$P/evidence"[0m
2026-09-29T03:06:08.3104875Z [36;1mgit archive --format=zip HEAD "$P" ResearchHistory/UQCF-GEM/demos/v15.56-response-selector-obstruction/pruning_consistency_audit.py ResearchHistory/UQCF-GEM/demos/v15.56-response-selector-obstruction/test_pruning_consistency_audit.py ResearchHistory/UQCF-GEM/demos/v16.15F-graded-obstruction-descent .github/workflows/uqcf-foundational-closure-verification.yml > "$P/evidence/source-snapshot.zip"[0m
2026-09-29T03:06:08.3106511Z [36;1mpython - <<'PY'[0m
2026-09-29T03:06:08.3106789Z [36;1mimport hashlib,json,os,pathlib,platform[0m
2026-09-29T03:06:08.3107149Z [36;1mp=pathlib.Path(os.environ['P']); e=p/'evidence'[0m
2026-09-29T03:06:08.3108750Z [36;1mmeta={'execution_sha':os.environ['GITHUB_SHA'],'run_id':os.environ['GITHUB_RUN_ID'],'attempt':os.environ['GITHUB_RUN_ATTEMPT'],'python':platform.python_version(),'commands':['python tests/test_fcv.py','python -m unittest -v test_pruning_consistency_audit','python produce_certificates.py','python verify_certificates.py'],'review':'self-reviewed; independent verifier is algorithmic, not a separate reviewer'}[0m
2026-09-29T03:06:08.3110685Z [36;1mcodes=e/'COMMAND_EXIT_CODES.tsv'[0m
2026-09-29T03:06:08.3111425Z [36;1mmeta['executed_exit_codes']=[{'stage':a,'command_exit':int(b),'tee_exit':int(c)} for a,b,c in (line.split('\t') for line in codes.read_text().splitlines())] if codes.exists() else [][0m
2026-09-29T03:06:08.3112575Z [36;1mmeta['unrecorded_stage_status']='not certified as executed; inspect workflow step status'[0m
2026-09-29T03:06:08.3113140Z [36;1m(e/'EXECUTION.json').write_text(json.dumps(meta,indent=2)+'\n')[0m
2026-09-29T03:06:08.3113906Z [36;1m(e/'SHA256SUMS').write_text(''.join(hashlib.sha256(f.read_bytes()).hexdigest()+'  '+f.name+'\n' for f in sorted(e.iterdir()) if f.is_file() and f.name!='SHA256SUMS'))[0m
2026-09-29T03:06:08.3114560Z [36;1mPY[0m
2026-09-29T03:06:08.3184427Z shell: /usr/bin/bash -e {0}
2026-09-29T03:06:08.3184785Z env:
2026-09-29T03:06:08.3185191Z   P: ResearchHistory/UQCF-GEM/foundational-closure-verification
2026-09-29T03:06:08.3185633Z   pythonLocation: /opt/hostedtoolcache/Python/3.11.16/x64
2026-09-29T03:06:08.3186235Z   PKG_CONFIG_PATH: /opt/hostedtoolcache/Python/3.11.16/x64/lib/pkgconfig
2026-09-29T03:06:08.3186808Z   Python_ROOT_DIR: /opt/hostedtoolcache/Python/3.11.16/x64
2026-09-29T03:06:08.3187302Z   Python2_ROOT_DIR: /opt/hostedtoolcache/Python/3.11.16/x64
2026-09-29T03:06:08.3187800Z   Python3_ROOT_DIR: /opt/hostedtoolcache/Python/3.11.16/x64
2026-09-29T03:06:08.3188296Z   LD_LIBRARY_PATH: /opt/hostedtoolcache/Python/3.11.16/x64/lib
2026-09-29T03:06:08.3188856Z ##[endgroup]
2026-09-29T03:06:08.3838660Z ##[group]Run actions/upload-artifact@ea165f8d65b6e75b540449e92b4886f43607fa02
2026-09-29T03:06:08.3839113Z with:
2026-09-29T03:06:08.3839370Z   name: fcv-1-b1858ca92c3eff57c25fd655f75fa9b91d6d4788
2026-09-29T03:06:08.3839693Z   if-no-files-found: error
2026-09-29T03:06:08.3840440Z   path: ResearchHistory/UQCF-GEM/foundational-closure-verification/evidence
2026-09-29T03:06:08.3840868Z   compression-level: 6
2026-09-29T03:06:08.3841085Z   overwrite: false
2026-09-29T03:06:08.3841306Z   include-hidden-files: false
2026-09-29T03:06:08.3841542Z env:
2026-09-29T03:06:08.3841818Z   P: ResearchHistory/UQCF-GEM/foundational-closure-verification
2026-09-29T03:06:08.3842267Z   pythonLocation: /opt/hostedtoolcache/Python/3.11.16/x64
2026-09-29T03:06:08.3842701Z   PKG_CONFIG_PATH: /opt/hostedtoolcache/Python/3.11.16/x64/lib/pkgconfig
2026-09-29T03:06:08.3843124Z   Python_ROOT_DIR: /opt/hostedtoolcache/Python/3.11.16/x64
2026-09-29T03:06:08.3843543Z   Python2_ROOT_DIR: /opt/hostedtoolcache/Python/3.11.16/x64
2026-09-29T03:06:08.3843928Z   Python3_ROOT_DIR: /opt/hostedtoolcache/Python/3.11.16/x64
2026-09-29T03:06:08.3844313Z   LD_LIBRARY_PATH: /opt/hostedtoolcache/Python/3.11.16/x64/lib
2026-09-29T03:06:08.3844638Z ##[endgroup]
2026-09-29T03:06:08.5701294Z (node:2337) [DEP0040] DeprecationWarning: The `punycode` module is deprecated. Please use a userland alternative instead.
2026-09-29T03:06:08.5702983Z (Use `node --trace-deprecation ...` to show where the warning was created)
2026-09-29T03:06:08.5895607Z With the provided path, there will be 17 files uploaded
2026-09-29T03:06:08.5896563Z Artifact name is valid!
2026-09-29T03:06:08.5897090Z Root directory input is valid!
2026-09-29T03:06:08.7692031Z Beginning upload of artifact content to blob storage
2026-09-29T03:06:08.8249595Z (node:2337) [DEP0169] DeprecationWarning: `url.parse()` behavior is not standardized and prone to errors that have security implications. Use the WHATWG URL API instead. CVEs are not issued for `url.parse()` vulnerabilities.
2026-09-29T03:06:08.9023549Z Uploaded bytes 361695
2026-09-29T03:06:08.9714662Z Finished uploading artifact content to blob storage!
2026-09-29T03:06:08.9715771Z SHA256 digest of uploaded artifact zip is d72c4fb864efe462df0ef2d2b10cfd89752683477ec21d3529cc4ef6df868cac
2026-09-29T03:06:08.9717626Z Finalizing artifact upload
2026-09-29T03:06:09.1465961Z Artifact fcv-1-b1858ca92c3eff57c25fd655f75fa9b91d6d4788.zip successfully finalized. Artifact ID 11010802108
2026-09-29T03:06:09.1467897Z Artifact fcv-1-b1858ca92c3eff57c25fd655f75fa9b91d6d4788 has been successfully uploaded! Final size is 361695 bytes. Artifact ID is 11010802108
2026-09-29T03:06:09.1474641Z Artifact download URL: https://github.com/proteinfoldingengine/WetLabEngine/actions/runs/36515537475/artifacts/11010802108
2026-09-29T03:06:09.1657406Z Post job cleanup.
2026-09-29T03:06:09.2960876Z (node:2349) [DEP0040] DeprecationWarning: The `punycode` module is deprecated. Please use a userland alternative instead.
2026-09-29T03:06:09.2962194Z (Use `node --trace-deprecation ...` to show where the warning was created)
2026-09-29T03:06:09.3196909Z Post job cleanup.
2026-09-29T03:06:09.4182984Z [command]/usr/bin/git version
2026-09-29T03:06:09.4229251Z git version 2.55.0
2026-09-29T03:06:09.4271445Z Temporarily overriding HOME='/home/runner/work/_temp/ff450c3c-a8a6-4b62-bc17-7c0dc83f66ff' before making global git config changes
2026-09-29T03:06:09.4272766Z Adding repository directory to the temporary git global config as a safe directory
2026-09-29T03:06:09.4279055Z [command]/usr/bin/git config --global --add safe.directory /home/runner/work/WetLabEngine/WetLabEngine
2026-09-29T03:06:09.4331561Z [command]/usr/bin/git config --local --name-only --get-regexp core\.sshCommand
2026-09-29T03:06:09.4377652Z [command]/usr/bin/git submodule foreach --recursive sh -c "git config --local --name-only --get-regexp 'core\.sshCommand' && git config --local --unset-all 'core.sshCommand' || :"
2026-09-29T03:06:09.4665811Z [command]/usr/bin/git config --local --name-only --get-regexp http\.https\:\/\/github\.com\/\.extraheader
2026-09-29T03:06:09.4698714Z http.https://github.com/.extraheader
2026-09-29T03:06:09.4714038Z [command]/usr/bin/git config --local --unset-all http.https://github.com/.extraheader
2026-09-29T03:06:09.4772288Z [command]/usr/bin/git submodule foreach --recursive sh -c "git config --local --name-only --get-regexp 'http\.https\:\/\/github\.com\/\.extraheader' && git config --local --unset-all 'http.https://github.com/.extraheader' || :"
2026-09-29T03:06:09.5082068Z [command]/usr/bin/git config --local --name-only --get-regexp ^includeIf\.gitdir:
2026-09-29T03:06:09.5129608Z [command]/usr/bin/git submodule foreach --recursive git config --local --show-origin --name-only --get-regexp remote.origin.url
2026-09-29T03:06:09.5593374Z Cleaning up orphan processes
2026-09-29T03:06:09.6015106Z ##[warning]Node.js 20 is deprecated. The following actions target Node.js 20 but are being forced to run on Node.js 24: actions/checkout@11d5960a326750d5838078e36cf38b85af677262, actions/setup-python@a26af69be951a213d495a4c3e4e4022e16d87065, actions/upload-artifact@ea165f8d65b6e75b540449e92b4886f43607fa02. For more information see: https://github.blog/changelog/2025-09-19-deprecation-of-node-20-on-github-actions-runners/
