Produced U1:((((())))) vertices 5 chains 55
Produced U1:(((()()))) vertices 5 chains 76
Produced U1:(((())())) vertices 5 chains 97
Produced U1:(((()))()) vertices 5 chains 118
Produced U1:(((()))) vertices 4 chains 34
Produced U1:((()()())) vertices 5 chains 145
Produced U1:((()())()) vertices 5 chains 172
Produced U1:((()())) vertices 4 chains 49
Produced U1:((())(())) vertices 5 chains 145
Produced U1:((())()()) vertices 5 chains 226
Produced U1:((())()) vertices 4 chains 64
Produced U1:((())) vertices 3 chains 19
Produced U1:(()()()()) vertices 5 chains 353
Produced U1:(()()()) vertices 4 chains 99
Produced U1:(()()) vertices 3 chains 29
Produced U1:(()) vertices 2 chains 9
Produced U1:() vertices 1 chains 3
Produced U2:1 vertices 7 chains 1121
Produced U2:2 vertices 6 chains 237
Produced U2:3 vertices 7 chains 1482
Produced U2:4 vertices 7 chains 516
{"execution_status": "completed", "input_validity": "producer validation executed; independent verification pending", "raw_sha256": "21357bdc79429f9d4214024b125e75693609a2538a08a57037978b191ab432c6", "raw_bytes": 34890118, "xz_sha256": "b035e14709825657a485bddd1e495471f4f15147ffa78b0e6d79a512e6301ac4", "instances": 21, "relabeled_instances": 21}
