Verified U1:((((())))) chains 55
Verified U1:(((()()))) chains 76
Verified U1:(((())())) chains 97
Verified U1:(((()))()) chains 118
Verified U1:(((()))) chains 34
Verified U1:((()()())) chains 145
Verified U1:((()())()) chains 172
Verified U1:((()())) chains 49
Verified U1:((())(())) chains 145
Verified U1:((())()()) chains 226
Verified U1:((())()) chains 64
Verified U1:((())) chains 19
Verified U1:(()()()()) chains 353
Verified U1:(()()()) chains 99
Verified U1:(()()) chains 29
Verified U1:(()) chains 9
Verified U1:() chains 3
Verified U2:1 chains 1121
Verified U2:2 chains 237
Verified U2:3 chains 1482
Verified U2:4 chains 516
{"all_valid": true, "coverage": {"instances": 21, "shape_counts": {"1": 1, "2": 1, "3": 2, "4": 4, "5": 9}, "original": {"vertices": 97, "carriers": 197, "prunings": 1028, "chains": 5049, "steps": 13725, "non_descending_steps": 7254, "descending_steps": 6471, "nonempty_old_kernel_steps": 7254, "old_kernel_rank_sum": 16357, "composition_triples": 8676, "distinct_stage_certificates": 1028}, "relabeled": {"vertices": 97, "carriers": 197, "prunings": 1028, "chains": 5049, "steps": 13725, "non_descending_steps": 7254, "descending_steps": 6471, "nonempty_old_kernel_steps": 7254, "old_kernel_rank_sum": 16357, "composition_triples": 8676, "distinct_stage_certificates": 1028}, "basis_changed_prunings": 1028, "naturality_prunings": 1028}, "historical_reproduction": {"stages": 12, "descending_stages": 4, "non_descending_stages": 8, "scope": "new independent reconstruction of the historical selected chains, not an old-run upgrade"}}
