2026-09-28T22:38:07.5867073Z Current runner version: '2.337.0'
2026-09-28T22:38:07.5886755Z ##[group]Runner Image Provisioner
2026-09-28T22:38:07.5887479Z Hosted Compute Agent
2026-09-28T22:38:07.5887904Z Version: 20260828.587
2026-09-28T22:38:07.5888350Z Commit: abac92662cab4cc7352de4f9f9d2e2419aad9c29
2026-09-28T22:38:07.5888888Z Build Date: 2026-08-28T16:44:25Z
2026-09-28T22:38:07.5889351Z Worker ID: {0527a21a-d017-464e-918d-d1e2a2311d27}
2026-09-28T22:38:07.5889822Z Azure Region: centralus
2026-09-28T22:38:07.5890249Z ##[endgroup]
2026-09-28T22:38:07.5891601Z ##[group]Operating System
2026-09-28T22:38:07.5892169Z Ubuntu
2026-09-28T22:38:07.5892530Z 24.04.5
2026-09-28T22:38:07.5892864Z LTS
2026-09-28T22:38:07.5893247Z ##[endgroup]
2026-09-28T22:38:07.5893625Z ##[group]Runner Image
2026-09-28T22:38:07.5894051Z Image: ubuntu-24.04
2026-09-28T22:38:07.5894444Z Version: 20260920.314.1
2026-09-28T22:38:07.5895356Z Included Software: https://github.com/actions/runner-images/blob/ubuntu24/20260920.314/images/ubuntu/Ubuntu2404-Readme.md
2026-09-28T22:38:07.5896433Z Image Release: https://github.com/actions/runner-images/releases/tag/ubuntu24%2F20260920.314
2026-09-28T22:38:07.5897408Z ##[endgroup]
2026-09-28T22:38:07.5898226Z ##[group]GITHUB_TOKEN Permissions
2026-09-28T22:38:07.5900059Z Contents: read
2026-09-28T22:38:07.5900478Z Metadata: read
2026-09-28T22:38:07.5900870Z ##[endgroup]
2026-09-28T22:38:07.5902838Z Secret source: Actions
2026-09-28T22:38:07.5903475Z Cache mode: write
2026-09-28T22:38:07.5903972Z Prepare workflow directory
2026-09-28T22:38:07.6142241Z Prepare all required actions
2026-09-28T22:38:07.6179695Z Getting action download info
2026-09-28T22:38:07.8674511Z Download action repository 'actions/checkout@11d5960a326750d5838078e36cf38b85af677262' (SHA:11d5960a326750d5838078e36cf38b85af677262)
2026-09-28T22:38:08.0183984Z Download action repository 'actions/setup-python@a26af69be951a213d495a4c3e4e4022e16d87065' (SHA:a26af69be951a213d495a4c3e4e4022e16d87065)
2026-09-28T22:38:08.2609341Z Download action repository 'actions/upload-artifact@v4' (SHA:ea165f8d65b6e75b540449e92b4886f43607fa02)
2026-09-28T22:38:08.5235432Z Complete job name: audit
2026-09-28T22:38:08.5804064Z ##[group]Run actions/checkout@11d5960a326750d5838078e36cf38b85af677262
2026-09-28T22:38:08.5804815Z with:
2026-09-28T22:38:08.5805228Z   repository: proteinfoldingengine/WetLabEngine
2026-09-28T22:38:08.5808180Z   token: ***
2026-09-28T22:38:08.5808547Z   ssh-strict: true
2026-09-28T22:38:08.5808917Z   ssh-user: git
2026-09-28T22:38:08.5809304Z   persist-credentials: true
2026-09-28T22:38:08.5809699Z   clean: true
2026-09-28T22:38:08.5810116Z   sparse-checkout-cone-mode: true
2026-09-28T22:38:08.5810536Z   fetch-depth: 1
2026-09-28T22:38:08.5810885Z   fetch-tags: false
2026-09-28T22:38:08.5811667Z   show-progress: true
2026-09-28T22:38:08.5812048Z   lfs: false
2026-09-28T22:38:08.5812444Z   submodules: false
2026-09-28T22:38:08.5812843Z   set-safe-directory: true
2026-09-28T22:38:08.5813242Z   allow-unsafe-pr-checkout: false
2026-09-28T22:38:08.5813857Z ##[endgroup]
2026-09-28T22:38:08.6654823Z Syncing repository: proteinfoldingengine/WetLabEngine
2026-09-28T22:38:08.6657051Z ##[group]Getting Git version info
2026-09-28T22:38:08.6657800Z Working directory is '/home/runner/work/WetLabEngine/WetLabEngine'
2026-09-28T22:38:08.6658972Z [command]/usr/bin/git version
2026-09-28T22:38:08.7759179Z git version 2.55.0
2026-09-28T22:38:08.7775799Z ##[endgroup]
2026-09-28T22:38:08.7789518Z Temporarily overriding HOME='/home/runner/work/_temp/eaa4c235-4961-4cba-bffe-4a14980b9385' before making global git config changes
2026-09-28T22:38:08.7791320Z Adding repository directory to the temporary git global config as a safe directory
2026-09-28T22:38:08.7794515Z [command]/usr/bin/git config --global --add safe.directory /home/runner/work/WetLabEngine/WetLabEngine
2026-09-28T22:38:08.7837220Z Deleting the contents of '/home/runner/work/WetLabEngine/WetLabEngine'
2026-09-28T22:38:08.7840725Z ##[group]Initializing the repository
2026-09-28T22:38:08.7844507Z [command]/usr/bin/git init /home/runner/work/WetLabEngine/WetLabEngine
2026-09-28T22:38:08.7971338Z hint: Using 'master' as the name for the initial branch. This default branch name
2026-09-28T22:38:08.7972450Z hint: will change to "main" in Git 3.0. To configure the initial branch name
2026-09-28T22:38:08.7973504Z hint: to use in all of your new repositories, which will suppress this warning,
2026-09-28T22:38:08.7974256Z hint: call:
2026-09-28T22:38:08.7974661Z hint:
2026-09-28T22:38:08.7975205Z hint: 	git config --global init.defaultBranch <name>
2026-09-28T22:38:08.7975695Z hint:
2026-09-28T22:38:08.7976171Z hint: Names commonly chosen instead of 'master' are 'main', 'trunk' and
2026-09-28T22:38:08.7976857Z hint: 'development'. The just-created branch can be renamed via this command:
2026-09-28T22:38:08.7977439Z hint:
2026-09-28T22:38:08.7977798Z hint: 	git branch -m <name>
2026-09-28T22:38:08.7978185Z hint:
2026-09-28T22:38:08.7978744Z hint: Disable this message with "git config set advice.defaultBranchName false"
2026-09-28T22:38:08.7979742Z Initialized empty Git repository in /home/runner/work/WetLabEngine/WetLabEngine/.git/
2026-09-28T22:38:08.7981668Z [command]/usr/bin/git remote add origin https://github.com/proteinfoldingengine/WetLabEngine
2026-09-28T22:38:08.8026880Z ##[endgroup]
2026-09-28T22:38:08.8027495Z ##[group]Disabling automatic garbage collection
2026-09-28T22:38:08.8029590Z [command]/usr/bin/git config --local gc.auto 0
2026-09-28T22:38:08.8055753Z ##[endgroup]
2026-09-28T22:38:08.8056386Z ##[group]Setting up auth
2026-09-28T22:38:08.8061465Z [command]/usr/bin/git config --local --name-only --get-regexp core\.sshCommand
2026-09-28T22:38:08.8085121Z [command]/usr/bin/git submodule foreach --recursive sh -c "git config --local --name-only --get-regexp 'core\.sshCommand' && git config --local --unset-all 'core.sshCommand' || :"
2026-09-28T22:38:08.8361411Z [command]/usr/bin/git config --local --name-only --get-regexp http\.https\:\/\/github\.com\/\.extraheader
2026-09-28T22:38:08.8385726Z [command]/usr/bin/git submodule foreach --recursive sh -c "git config --local --name-only --get-regexp 'http\.https\:\/\/github\.com\/\.extraheader' && git config --local --unset-all 'http.https://github.com/.extraheader' || :"
2026-09-28T22:38:08.8536590Z [command]/usr/bin/git config --local --name-only --get-regexp ^includeIf\.gitdir:
2026-09-28T22:38:08.8561602Z [command]/usr/bin/git submodule foreach --recursive git config --local --show-origin --name-only --get-regexp remote.origin.url
2026-09-28T22:38:08.8712167Z [command]/usr/bin/git config --local http.https://github.com/.extraheader AUTHORIZATION: basic ***
2026-09-28T22:38:08.8746276Z ##[endgroup]
2026-09-28T22:38:08.8747954Z ##[group]Fetching the repository
2026-09-28T22:38:08.8754522Z [command]/usr/bin/git -c protocol.version=2 fetch --no-tags --prune --no-recurse-submodules --depth=1 origin +7d4c116694571fc1d501d4609d60b4bb06f594ae:refs/remotes/origin/research/v16.10-source-reversal
2026-09-28T22:38:26.7969317Z From https://github.com/proteinfoldingengine/WetLabEngine
2026-09-28T22:38:26.7970324Z  * [new ref]         7d4c116694571fc1d501d4609d60b4bb06f594ae -> origin/research/v16.10-source-reversal
2026-09-28T22:38:26.7972778Z ##[endgroup]
2026-09-28T22:38:26.7973396Z ##[group]Determining the checkout info
2026-09-28T22:38:26.7974144Z ##[endgroup]
2026-09-28T22:38:26.7981809Z [command]/usr/bin/git sparse-checkout disable
2026-09-28T22:38:26.9058835Z [command]/usr/bin/git config --local --unset-all extensions.worktreeConfig
2026-09-28T22:38:26.9088667Z ##[group]Checking out the ref
2026-09-28T22:38:26.9091043Z [command]/usr/bin/git checkout --progress --force -B research/v16.10-source-reversal refs/remotes/origin/research/v16.10-source-reversal
2026-09-28T22:38:27.9363650Z Updating files:  44% (2053/4581)
2026-09-28T22:38:27.9382629Z Updating files:  45% (2062/4581)
2026-09-28T22:38:27.9414022Z Updating files:  46% (2108/4581)
2026-09-28T22:38:27.9436865Z Updating files:  47% (2154/4581)
2026-09-28T22:38:27.9447019Z Updating files:  48% (2199/4581)
2026-09-28T22:38:27.9467861Z Updating files:  49% (2245/4581)
2026-09-28T22:38:27.9832575Z Updating files:  50% (2291/4581)
2026-09-28T22:38:28.0240856Z Updating files:  51% (2337/4581)
2026-09-28T22:38:28.0251633Z Updating files:  52% (2383/4581)
2026-09-28T22:38:28.0259508Z Updating files:  53% (2428/4581)
2026-09-28T22:38:28.0285443Z Updating files:  54% (2474/4581)
2026-09-28T22:38:28.0391560Z Updating files:  55% (2520/4581)
2026-09-28T22:38:28.0478388Z Updating files:  56% (2566/4581)
2026-09-28T22:38:28.0580914Z Updating files:  57% (2612/4581)
2026-09-28T22:38:28.0688123Z Updating files:  58% (2657/4581)
2026-09-28T22:38:28.0713007Z Updating files:  59% (2703/4581)
2026-09-28T22:38:28.0752201Z Updating files:  60% (2749/4581)
2026-09-28T22:38:28.1164718Z Updating files:  61% (2795/4581)
2026-09-28T22:38:28.2473761Z Updating files:  62% (2841/4581)
2026-09-28T22:38:28.4397980Z Updating files:  63% (2887/4581)
2026-09-28T22:38:28.4405845Z Updating files:  64% (2932/4581)
2026-09-28T22:38:28.5684604Z Updating files:  65% (2978/4581)
2026-09-28T22:38:28.6977345Z Updating files:  66% (3024/4581)
2026-09-28T22:38:28.7618078Z Updating files:  67% (3070/4581)
2026-09-28T22:38:28.8011066Z Updating files:  68% (3116/4581)
2026-09-28T22:38:28.8463341Z Updating files:  69% (3161/4581)
2026-09-28T22:38:28.8566650Z Updating files:  70% (3207/4581)
2026-09-28T22:38:28.8585486Z Updating files:  71% (3253/4581)
2026-09-28T22:38:28.9062199Z Updating files:  72% (3299/4581)
2026-09-28T22:38:28.9094626Z Updating files:  73% (3345/4581)
2026-09-28T22:38:28.9110184Z Updating files:  74% (3390/4581)
2026-09-28T22:38:28.9127566Z Updating files:  75% (3436/4581)
2026-09-28T22:38:28.9143657Z Updating files:  76% (3482/4581)
2026-09-28T22:38:28.9160628Z Updating files:  77% (3528/4581)
2026-09-28T22:38:28.9173870Z Updating files:  78% (3574/4581)
2026-09-28T22:38:28.9176884Z Updating files:  78% (3609/4581)
2026-09-28T22:38:28.9193139Z Updating files:  79% (3619/4581)
2026-09-28T22:38:28.9211753Z Updating files:  80% (3665/4581)
2026-09-28T22:38:28.9223738Z Updating files:  81% (3711/4581)
2026-09-28T22:38:28.9231893Z Updating files:  82% (3757/4581)
2026-09-28T22:38:28.9378754Z Updating files:  83% (3803/4581)
2026-09-28T22:38:29.1104999Z Updating files:  84% (3849/4581)
2026-09-28T22:38:29.3098997Z Updating files:  85% (3894/4581)
2026-09-28T22:38:29.3143093Z Updating files:  86% (3940/4581)
2026-09-28T22:38:29.3396855Z Updating files:  87% (3986/4581)
2026-09-28T22:38:29.3616722Z Updating files:  88% (4032/4581)
2026-09-28T22:38:29.3717813Z Updating files:  89% (4078/4581)
2026-09-28T22:38:29.3955103Z Updating files:  90% (4123/4581)
2026-09-28T22:38:29.4368044Z Updating files:  91% (4169/4581)
2026-09-28T22:38:29.4493922Z Updating files:  92% (4215/4581)
2026-09-28T22:38:29.4518123Z Updating files:  93% (4261/4581)
2026-09-28T22:38:29.4546459Z Updating files:  94% (4307/4581)
2026-09-28T22:38:29.4612132Z Updating files:  95% (4352/4581)
2026-09-28T22:38:29.4642179Z Updating files:  96% (4398/4581)
2026-09-28T22:38:29.4668719Z Updating files:  97% (4444/4581)
2026-09-28T22:38:29.4789962Z Updating files:  98% (4490/4581)
2026-09-28T22:38:29.4818249Z Updating files:  99% (4536/4581)
2026-09-28T22:38:29.4819027Z Updating files: 100% (4581/4581)
2026-09-28T22:38:29.4819410Z Updating files: 100% (4581/4581), done.
2026-09-28T22:38:29.4937681Z Switched to a new branch 'research/v16.10-source-reversal'
2026-09-28T22:38:29.4941641Z branch 'research/v16.10-source-reversal' set up to track 'origin/research/v16.10-source-reversal'.
2026-09-28T22:38:29.4996940Z ##[endgroup]
2026-09-28T22:38:29.5036032Z [command]/usr/bin/git log -1 --format=%H
2026-09-28T22:38:29.5056257Z 7d4c116694571fc1d501d4609d60b4bb06f594ae
2026-09-28T22:38:29.5272178Z ##[group]Run actions/setup-python@a26af69be951a213d495a4c3e4e4022e16d87065
2026-09-28T22:38:29.5272548Z with:
2026-09-28T22:38:29.5272788Z   python-version: 3.11
2026-09-28T22:38:29.5273041Z   check-latest: false
2026-09-28T22:38:29.5274983Z   token: ***
2026-09-28T22:38:29.5275251Z   update-environment: true
2026-09-28T22:38:29.5275512Z   allow-prereleases: false
2026-09-28T22:38:29.5275869Z   freethreaded: false
2026-09-28T22:38:29.5276147Z ##[endgroup]
2026-09-28T22:38:29.6309899Z ##[group]Installed versions
2026-09-28T22:38:29.6420351Z (node:2029) [DEP0040] DeprecationWarning: The `punycode` module is deprecated. Please use a userland alternative instead.
2026-09-28T22:38:29.6421304Z (Use `node --trace-deprecation ...` to show where the warning was created)
2026-09-28T22:38:29.6421793Z Successfully set up CPython (3.11.16)
2026-09-28T22:38:29.6422398Z ##[endgroup]
2026-09-28T22:38:29.6588405Z ##[group]Run python -m pip install numpy==2.3.5 sympy==1.13.3 mpmath==1.3.0
2026-09-28T22:38:29.6589146Z [36;1mpython -m pip install numpy==2.3.5 sympy==1.13.3 mpmath==1.3.0[0m
2026-09-28T22:38:29.9034535Z shell: /usr/bin/bash -e {0}
2026-09-28T22:38:29.9034892Z env:
2026-09-28T22:38:29.9035278Z   pythonLocation: /opt/hostedtoolcache/Python/3.11.16/x64
2026-09-28T22:38:29.9035760Z   PKG_CONFIG_PATH: /opt/hostedtoolcache/Python/3.11.16/x64/lib/pkgconfig
2026-09-28T22:38:29.9036273Z   Python_ROOT_DIR: /opt/hostedtoolcache/Python/3.11.16/x64
2026-09-28T22:38:29.9036689Z   Python2_ROOT_DIR: /opt/hostedtoolcache/Python/3.11.16/x64
2026-09-28T22:38:29.9037219Z   Python3_ROOT_DIR: /opt/hostedtoolcache/Python/3.11.16/x64
2026-09-28T22:38:29.9037623Z   LD_LIBRARY_PATH: /opt/hostedtoolcache/Python/3.11.16/x64/lib
2026-09-28T22:38:29.9038005Z ##[endgroup]
2026-09-28T22:38:32.8674889Z Collecting numpy==2.3.5
2026-09-28T22:38:32.9256664Z   Downloading numpy-2.3.5-cp311-cp311-manylinux_2_27_x86_64.manylinux_2_28_x86_64.whl.metadata (62 kB)
2026-09-28T22:38:32.9727660Z Collecting sympy==1.13.3
2026-09-28T22:38:32.9830726Z   Downloading sympy-1.13.3-py3-none-any.whl.metadata (12 kB)
2026-09-28T22:38:33.0156558Z Collecting mpmath==1.3.0
2026-09-28T22:38:33.0259318Z   Downloading mpmath-1.3.0-py3-none-any.whl.metadata (8.6 kB)
2026-09-28T22:38:33.1115677Z Downloading numpy-2.3.5-cp311-cp311-manylinux_2_27_x86_64.manylinux_2_28_x86_64.whl (16.9 MB)
2026-09-28T22:38:33.6948052Z    ━━━━━━━━━━━━━━━━━━━━━━━━━━━━━━━━━━━━━━━━ 16.9/16.9 MB 30.1 MB/s  0:00:00
2026-09-28T22:38:33.7057135Z Downloading sympy-1.13.3-py3-none-any.whl (6.2 MB)
2026-09-28T22:38:33.7845374Z    ━━━━━━━━━━━━━━━━━━━━━━━━━━━━━━━━━━━━━━━━ 6.2/6.2 MB 78.7 MB/s  0:00:00
2026-09-28T22:38:33.7953616Z Downloading mpmath-1.3.0-py3-none-any.whl (536 kB)
2026-09-28T22:38:33.8229151Z    ━━━━━━━━━━━━━━━━━━━━━━━━━━━━━━━━━━━━━━━━ 536.2/536.2 kB 11.0 MB/s  0:00:00
2026-09-28T22:38:34.2027929Z Installing collected packages: mpmath, sympy, numpy
2026-09-28T22:38:39.1885566Z 
2026-09-28T22:38:39.1895292Z Successfully installed mpmath-1.3.0 numpy-2.3.5 sympy-1.13.3
2026-09-28T22:38:39.2516860Z ##[group]Run set -o pipefail
2026-09-28T22:38:39.2517398Z [36;1mset -o pipefail[0m
2026-09-28T22:38:39.2517708Z [36;1mgit rev-parse HEAD > execution_head.txt[0m
2026-09-28T22:38:39.2518163Z [36;1mcd ResearchHistory/UQCF-GEM/demos/v15.56-response-selector-obstruction/source-reversal[0m
2026-09-28T22:38:39.2518632Z [36;1mpython -m unittest -v 2>&1 | tee test.log[0m
2026-09-28T22:38:39.2519081Z [36;1m(cd ../boundary-polar-limits && python -m unittest -v) 2>&1 | tee parent-test.log[0m
2026-09-28T22:38:39.2519525Z [36;1mpython gate.py 2>&1 | tee audit.log[0m
2026-09-28T22:38:39.2554523Z shell: /usr/bin/bash -e {0}
2026-09-28T22:38:39.2554853Z env:
2026-09-28T22:38:39.2555226Z   pythonLocation: /opt/hostedtoolcache/Python/3.11.16/x64
2026-09-28T22:38:39.2555630Z   PKG_CONFIG_PATH: /opt/hostedtoolcache/Python/3.11.16/x64/lib/pkgconfig
2026-09-28T22:38:39.2556048Z   Python_ROOT_DIR: /opt/hostedtoolcache/Python/3.11.16/x64
2026-09-28T22:38:39.2556527Z   Python2_ROOT_DIR: /opt/hostedtoolcache/Python/3.11.16/x64
2026-09-28T22:38:39.2556887Z   Python3_ROOT_DIR: /opt/hostedtoolcache/Python/3.11.16/x64
2026-09-28T22:38:39.2557250Z   LD_LIBRARY_PATH: /opt/hostedtoolcache/Python/3.11.16/x64/lib
2026-09-28T22:38:39.2557560Z   OPENBLAS_NUM_THREADS: 1
2026-09-28T22:38:39.2557815Z ##[endgroup]
2026-09-28T22:38:39.5470257Z test_exact_reversal_requires_nonzero (test_gate.Tests.test_exact_reversal_requires_nonzero) ... FAIL
2026-09-28T22:38:39.5471382Z test_gap_theorem (test_gate.Tests.test_gap_theorem) ... FAIL
2026-09-28T22:38:39.5472150Z test_ordered_paths_share_baseline (test_gate.Tests.test_ordered_paths_share_baseline) ... FAIL
2026-09-28T22:38:39.5472790Z test_source_transfer_and_cptp (test_gate.Tests.test_source_transfer_and_cptp) ... FAIL
2026-09-28T22:38:39.5473135Z 
2026-09-28T22:38:39.5473300Z ======================================================================
2026-09-28T22:38:39.5473914Z FAIL: test_exact_reversal_requires_nonzero (test_gate.Tests.test_exact_reversal_requires_nonzero)
2026-09-28T22:38:39.5474558Z ----------------------------------------------------------------------
2026-09-28T22:38:39.5475088Z Traceback (most recent call last):
2026-09-28T22:38:39.5482469Z   File "/home/runner/work/WetLabEngine/WetLabEngine/ResearchHistory/UQCF-GEM/demos/v15.56-response-selector-obstruction/source-reversal/test_gate.py", line 9, in test_exact_reversal_requires_nonzero
2026-09-28T22:38:39.5483642Z     g=self.gate();n=s.diag(0,2,0);self.assertTrue(g.reversal(n,-n));self.assertFalse(g.reversal(n,n));self.assertFalse(g.reversal(s.zeros(3),s.zeros(3)))
2026-09-28T22:38:39.5484180Z       ^^^^^^^^^^^
2026-09-28T22:38:39.5484797Z   File "/home/runner/work/WetLabEngine/WetLabEngine/ResearchHistory/UQCF-GEM/demos/v15.56-response-selector-obstruction/source-reversal/test_gate.py", line 5, in gate
2026-09-28T22:38:39.5486019Z     p=pathlib.Path(__file__).with_name('gate.py');self.assertTrue(p.exists(),'expected RED: reversal audit absent');q=importlib.util.spec_from_file_location('r1610',p);g=importlib.util.module_from_spec(q);q.loader.exec_module(g);return g
2026-09-28T22:38:39.5486882Z                                                   ^^^^^^^^^^^^^^^^^^^^^^^^^^^^^^^^^^^^^^^^^^^^^^^^^^^^^^^^^^^^^^^^^
2026-09-28T22:38:39.5487303Z AssertionError: False is not true : expected RED: reversal audit absent
2026-09-28T22:38:39.5487624Z 
2026-09-28T22:38:39.5487734Z ======================================================================
2026-09-28T22:38:39.5488082Z FAIL: test_gap_theorem (test_gate.Tests.test_gap_theorem)
2026-09-28T22:38:39.5488539Z ----------------------------------------------------------------------
2026-09-28T22:38:39.5488878Z Traceback (most recent call last):
2026-09-28T22:38:39.5489565Z   File "/home/runner/work/WetLabEngine/WetLabEngine/ResearchHistory/UQCF-GEM/demos/v15.56-response-selector-obstruction/source-reversal/test_gate.py", line 11, in test_gap_theorem
2026-09-28T22:38:39.5490223Z     g=self.gate()
2026-09-28T22:38:39.5490443Z       ^^^^^^^^^^^
2026-09-28T22:38:39.5491424Z   File "/home/runner/work/WetLabEngine/WetLabEngine/ResearchHistory/UQCF-GEM/demos/v15.56-response-selector-obstruction/source-reversal/test_gate.py", line 5, in gate
2026-09-28T22:38:39.5492597Z     p=pathlib.Path(__file__).with_name('gate.py');self.assertTrue(p.exists(),'expected RED: reversal audit absent');q=importlib.util.spec_from_file_location('r1610',p);g=importlib.util.module_from_spec(q);q.loader.exec_module(g);return g
2026-09-28T22:38:39.5493477Z                                                   ^^^^^^^^^^^^^^^^^^^^^^^^^^^^^^^^^^^^^^^^^^^^^^^^^^^^^^^^^^^^^^^^^
2026-09-28T22:38:39.5493883Z AssertionError: False is not true : expected RED: reversal audit absent
2026-09-28T22:38:39.5494177Z 
2026-09-28T22:38:39.5494270Z ======================================================================
2026-09-28T22:38:39.5494720Z FAIL: test_ordered_paths_share_baseline (test_gate.Tests.test_ordered_paths_share_baseline)
2026-09-28T22:38:39.5495195Z ----------------------------------------------------------------------
2026-09-28T22:38:39.5495529Z Traceback (most recent call last):
2026-09-28T22:38:39.5496272Z   File "/home/runner/work/WetLabEngine/WetLabEngine/ResearchHistory/UQCF-GEM/demos/v15.56-response-selector-obstruction/source-reversal/test_gate.py", line 15, in test_ordered_paths_share_baseline
2026-09-28T22:38:39.5497056Z     g=self.gate();d={(0,0,0,0):s.Rational(1,4),(0,0,1,0):s.Rational(1,16)};a=s.Rational(1,3)
2026-09-28T22:38:39.5497527Z       ^^^^^^^^^^^
2026-09-28T22:38:39.5498125Z   File "/home/runner/work/WetLabEngine/WetLabEngine/ResearchHistory/UQCF-GEM/demos/v15.56-response-selector-obstruction/source-reversal/test_gate.py", line 5, in gate
2026-09-28T22:38:39.5499241Z     p=pathlib.Path(__file__).with_name('gate.py');self.assertTrue(p.exists(),'expected RED: reversal audit absent');q=importlib.util.spec_from_file_location('r1610',p);g=importlib.util.module_from_spec(q);q.loader.exec_module(g);return g
2026-09-28T22:38:39.5500074Z                                                   ^^^^^^^^^^^^^^^^^^^^^^^^^^^^^^^^^^^^^^^^^^^^^^^^^^^^^^^^^^^^^^^^^
2026-09-28T22:38:39.5500517Z AssertionError: False is not true : expected RED: reversal audit absent
2026-09-28T22:38:39.5500810Z 
2026-09-28T22:38:39.5500912Z ======================================================================
2026-09-28T22:38:39.5501572Z FAIL: test_source_transfer_and_cptp (test_gate.Tests.test_source_transfer_and_cptp)
2026-09-28T22:38:39.5502011Z ----------------------------------------------------------------------
2026-09-28T22:38:39.5502357Z Traceback (most recent call last):
2026-09-28T22:38:39.5503458Z   File "/home/runner/work/WetLabEngine/WetLabEngine/ResearchHistory/UQCF-GEM/demos/v15.56-response-selector-obstruction/source-reversal/test_gate.py", line 7, in test_source_transfer_and_cptp
2026-09-28T22:38:39.5504249Z     g=self.gate();self.assertTrue(g.source_certificate()['valid'])
2026-09-28T22:38:39.5504577Z       ^^^^^^^^^^^
2026-09-28T22:38:39.5505226Z   File "/home/runner/work/WetLabEngine/WetLabEngine/ResearchHistory/UQCF-GEM/demos/v15.56-response-selector-obstruction/source-reversal/test_gate.py", line 5, in gate
2026-09-28T22:38:39.5506323Z     p=pathlib.Path(__file__).with_name('gate.py');self.assertTrue(p.exists(),'expected RED: reversal audit absent');q=importlib.util.spec_from_file_location('r1610',p);g=importlib.util.module_from_spec(q);q.loader.exec_module(g);return g
2026-09-28T22:38:39.5507116Z                                                   ^^^^^^^^^^^^^^^^^^^^^^^^^^^^^^^^^^^^^^^^^^^^^^^^^^^^^^^^^^^^^^^^^
2026-09-28T22:38:39.5507537Z AssertionError: False is not true : expected RED: reversal audit absent
2026-09-28T22:38:39.5507799Z 
2026-09-28T22:38:39.5507929Z ----------------------------------------------------------------------
2026-09-28T22:38:39.5508300Z Ran 4 tests in 0.001s
2026-09-28T22:38:39.5508421Z 
2026-09-28T22:38:39.5508533Z FAILED (failures=4)
2026-09-28T22:38:39.5878172Z ##[error]Process completed with exit code 1.
2026-09-28T22:38:39.5967801Z ##[group]Run actions/upload-artifact@v4
2026-09-28T22:38:39.5968106Z with:
2026-09-28T22:38:39.5968439Z   name: source-reversal-7d4c116694571fc1d501d4609d60b4bb06f594ae
2026-09-28T22:38:39.5969619Z   path: execution_head.txt
ResearchHistory/UQCF-GEM/demos/v15.56-response-selector-obstruction/source-reversal/*.log
ResearchHistory/UQCF-GEM/demos/v15.56-response-selector-obstruction/source-reversal/result.json
ResearchHistory/UQCF-GEM/demos/v15.56-response-selector-obstruction/source-reversal/SHA256SUMS

2026-09-28T22:38:39.5970657Z   if-no-files-found: warn
2026-09-28T22:38:39.5970928Z   compression-level: 6
2026-09-28T22:38:39.5971345Z   overwrite: false
2026-09-28T22:38:39.5971584Z   include-hidden-files: false
2026-09-28T22:38:39.5971854Z env:
2026-09-28T22:38:39.5972111Z   pythonLocation: /opt/hostedtoolcache/Python/3.11.16/x64
2026-09-28T22:38:39.5972537Z   PKG_CONFIG_PATH: /opt/hostedtoolcache/Python/3.11.16/x64/lib/pkgconfig
2026-09-28T22:38:39.5973025Z   Python_ROOT_DIR: /opt/hostedtoolcache/Python/3.11.16/x64
2026-09-28T22:38:39.5973431Z   Python2_ROOT_DIR: /opt/hostedtoolcache/Python/3.11.16/x64
2026-09-28T22:38:39.5973815Z   Python3_ROOT_DIR: /opt/hostedtoolcache/Python/3.11.16/x64
2026-09-28T22:38:39.5974230Z   LD_LIBRARY_PATH: /opt/hostedtoolcache/Python/3.11.16/x64/lib
2026-09-28T22:38:39.5974565Z ##[endgroup]
2026-09-28T22:38:39.7263955Z (node:2070) [DEP0040] DeprecationWarning: The `punycode` module is deprecated. Please use a userland alternative instead.
2026-09-28T22:38:39.7265103Z (Use `node --trace-deprecation ...` to show where the warning was created)
2026-09-28T22:38:39.7362428Z Multiple search paths detected. Calculating the least common ancestor of all paths
2026-09-28T22:38:39.7364940Z The least common ancestor is /home/runner/work/WetLabEngine/WetLabEngine. This will be the root directory of the artifact
2026-09-28T22:38:39.7365981Z With the provided path, there will be 3 files uploaded
2026-09-28T22:38:39.7366990Z Artifact name is valid!
2026-09-28T22:38:39.7367541Z Root directory input is valid!
2026-09-28T22:38:39.9968591Z Beginning upload of artifact content to blob storage
2026-09-28T22:38:40.0127446Z (node:2070) [DEP0169] DeprecationWarning: `url.parse()` behavior is not standardized and prone to errors that have security implications. Use the WHATWG URL API instead. CVEs are not issued for `url.parse()` vulnerabilities.
2026-09-28T22:38:40.1473504Z Uploaded bytes 2155
2026-09-28T22:38:40.1863932Z Finished uploading artifact content to blob storage!
2026-09-28T22:38:40.1865047Z SHA256 digest of uploaded artifact zip is 20272b36042ebe04dc817f0d3e4c774b80bd99cf9abe8a6956d8ad8ccad94b59
2026-09-28T22:38:40.1865672Z Finalizing artifact upload
2026-09-28T22:38:40.5982225Z Artifact source-reversal-7d4c116694571fc1d501d4609d60b4bb06f594ae.zip successfully finalized. Artifact ID 11002092846
2026-09-28T22:38:40.5983120Z Artifact source-reversal-7d4c116694571fc1d501d4609d60b4bb06f594ae has been successfully uploaded! Final size is 2155 bytes. Artifact ID is 11002092846
2026-09-28T22:38:40.5987349Z Artifact download URL: https://github.com/proteinfoldingengine/WetLabEngine/actions/runs/36493546753/artifacts/11002092846
2026-09-28T22:38:40.6140436Z Post job cleanup.
2026-09-28T22:38:40.6795658Z [command]/usr/bin/git version
2026-09-28T22:38:40.6829221Z git version 2.55.0
2026-09-28T22:38:40.6856641Z Temporarily overriding HOME='/home/runner/work/_temp/708120ab-0ddb-488d-a3d3-fccd4a9c9353' before making global git config changes
2026-09-28T22:38:40.6857798Z Adding repository directory to the temporary git global config as a safe directory
2026-09-28T22:38:40.6861052Z [command]/usr/bin/git config --global --add safe.directory /home/runner/work/WetLabEngine/WetLabEngine
2026-09-28T22:38:40.6894452Z [command]/usr/bin/git config --local --name-only --get-regexp core\.sshCommand
2026-09-28T22:38:40.6928957Z [command]/usr/bin/git submodule foreach --recursive sh -c "git config --local --name-only --get-regexp 'core\.sshCommand' && git config --local --unset-all 'core.sshCommand' || :"
2026-09-28T22:38:40.7110075Z [command]/usr/bin/git config --local --name-only --get-regexp http\.https\:\/\/github\.com\/\.extraheader
2026-09-28T22:38:40.7752576Z http.https://github.com/.extraheader
2026-09-28T22:38:40.7763611Z [command]/usr/bin/git config --local --unset-all http.https://github.com/.extraheader
2026-09-28T22:38:40.7797421Z [command]/usr/bin/git submodule foreach --recursive sh -c "git config --local --name-only --get-regexp 'http\.https\:\/\/github\.com\/\.extraheader' && git config --local --unset-all 'http.https://github.com/.extraheader' || :"
2026-09-28T22:38:40.7967434Z [command]/usr/bin/git config --local --name-only --get-regexp ^includeIf\.gitdir:
2026-09-28T22:38:40.7993430Z [command]/usr/bin/git submodule foreach --recursive git config --local --show-origin --name-only --get-regexp remote.origin.url
2026-09-28T22:38:40.8288306Z Cleaning up orphan processes
2026-09-28T22:38:40.8475571Z ##[warning]Node.js 20 is deprecated. The following actions target Node.js 20 but are being forced to run on Node.js 24: actions/checkout@11d5960a326750d5838078e36cf38b85af677262, actions/setup-python@a26af69be951a213d495a4c3e4e4022e16d87065, actions/upload-artifact@v4. For more information see: https://github.blog/changelog/2025-09-19-deprecation-of-node-20-on-github-actions-runners/
