2026-10-10T01:25:36.5314485Z Current runner version: '2.337.0'
2026-10-10T01:25:36.5334653Z ##[group]Runner Image Provisioner
2026-10-10T01:25:36.5335442Z Hosted Compute Agent
2026-10-10T01:25:36.5336010Z Version: 20261002.596
2026-10-10T01:25:36.5336556Z Commit: c3d12f3313a95f25162a1503be624f3b0617f8c0
2026-10-10T01:25:36.5337153Z Build Date: 2026-10-02T22:28:27Z
2026-10-10T01:25:36.5337716Z Worker ID: {2ac34b20-9cbf-4710-8a9b-a3e151672cfa}
2026-10-10T01:25:36.5338399Z Region: westus3
2026-10-10T01:25:36.5338891Z Cloud: Azure
2026-10-10T01:25:36.5339528Z ##[endgroup]
2026-10-10T01:25:36.5340709Z ##[group]Operating System
2026-10-10T01:25:36.5341234Z Ubuntu
2026-10-10T01:25:36.5341752Z 24.04.5
2026-10-10T01:25:36.5342182Z LTS
2026-10-10T01:25:36.5342595Z ##[endgroup]
2026-10-10T01:25:36.5343119Z ##[group]Runner Image
2026-10-10T01:25:36.5343683Z Image: ubuntu-24.04
2026-10-10T01:25:36.5344522Z Version: 20261004.327.1
2026-10-10T01:25:36.5345553Z Included Software: https://github.com/actions/runner-images/blob/ubuntu24/20261004.327/images/ubuntu/Ubuntu2404-Readme.md
2026-10-10T01:25:36.5346850Z Image Release: https://github.com/actions/runner-images/releases/tag/ubuntu24%2F20261004.327
2026-10-10T01:25:36.5347650Z ##[endgroup]
2026-10-10T01:25:36.5348636Z ##[group]GITHUB_TOKEN Permissions
2026-10-10T01:25:36.5350517Z Contents: read
2026-10-10T01:25:36.5351080Z Metadata: read
2026-10-10T01:25:36.5351577Z ##[endgroup]
2026-10-10T01:25:36.5353266Z Secret source: Actions
2026-10-10T01:25:36.5354027Z Cache mode: write
2026-10-10T01:25:36.5354658Z Prepare workflow directory
2026-10-10T01:25:36.5612377Z Prepare all required actions
2026-10-10T01:25:36.5667141Z Getting action download info
2026-10-10T01:25:36.8599458Z Download action repository 'actions/checkout@v4' (SHA:11d5960a326750d5838078e36cf38b85af677262)
2026-10-10T01:25:36.9457101Z Download action repository 'actions/download-artifact@v4' (SHA:d3f86a106a0bac45b974a628896c90dbdf5c8093)
2026-10-10T01:25:37.6959062Z Download action repository 'actions/upload-artifact@v4' (SHA:ea165f8d65b6e75b540449e92b4886f43607fa02)
2026-10-10T01:25:37.9971266Z Complete job name: mathematical-review
2026-10-10T01:25:38.0677268Z ##[group]Run actions/checkout@v4
2026-10-10T01:25:38.0678368Z with:
2026-10-10T01:25:38.0679067Z   path: research_snapshot
2026-10-10T01:25:38.0680109Z   persist-credentials: false
2026-10-10T01:25:38.0681407Z   sparse-checkout: ResearchHistory/UQCF-GEM/research/physical-bridge
.github/scripts

2026-10-10T01:25:38.0682884Z   repository: proteinfoldingengine/WetLabEngine
2026-10-10T01:25:38.0689487Z   token: ***
2026-10-10T01:25:38.0690207Z   ssh-strict: true
2026-10-10T01:25:38.0690946Z   ssh-user: git
2026-10-10T01:25:38.0691700Z   clean: true
2026-10-10T01:25:38.0692444Z   sparse-checkout-cone-mode: true
2026-10-10T01:25:38.0693314Z   fetch-depth: 1
2026-10-10T01:25:38.0694086Z   fetch-tags: false
2026-10-10T01:25:38.0694834Z   show-progress: true
2026-10-10T01:25:38.0695579Z   lfs: false
2026-10-10T01:25:38.0696261Z   submodules: false
2026-10-10T01:25:38.0697025Z   set-safe-directory: true
2026-10-10T01:25:38.0697889Z   allow-unsafe-pr-checkout: false
2026-10-10T01:25:38.0698999Z ##[endgroup]
2026-10-10T01:25:38.1536681Z Syncing repository: proteinfoldingengine/WetLabEngine
2026-10-10T01:25:38.1539010Z ##[group]Getting Git version info
2026-10-10T01:25:38.1540637Z Working directory is '/home/runner/work/WetLabEngine/WetLabEngine/research_snapshot'
2026-10-10T01:25:38.1542501Z [command]/usr/bin/git version
2026-10-10T01:25:38.1587039Z git version 2.55.0
2026-10-10T01:25:38.1604771Z ##[endgroup]
2026-10-10T01:25:38.1615412Z Temporarily overriding HOME='/home/runner/work/_temp/23540523-4394-4b64-943e-b816ef088c8f' before making global git config changes
2026-10-10T01:25:38.1618977Z Adding repository directory to the temporary git global config as a safe directory
2026-10-10T01:25:38.1622741Z [command]/usr/bin/git config --global --add safe.directory /home/runner/work/WetLabEngine/WetLabEngine/research_snapshot
2026-10-10T01:25:38.1659038Z ##[group]Initializing the repository
2026-10-10T01:25:38.1662544Z [command]/usr/bin/git init /home/runner/work/WetLabEngine/WetLabEngine/research_snapshot
2026-10-10T01:25:38.1731310Z hint: Using 'master' as the name for the initial branch. This default branch name
2026-10-10T01:25:38.1733876Z hint: will change to "main" in Git 3.0. To configure the initial branch name
2026-10-10T01:25:38.1736265Z hint: to use in all of your new repositories, which will suppress this warning,
2026-10-10T01:25:38.1738588Z hint: call:
2026-10-10T01:25:38.1739985Z hint:
2026-10-10T01:25:38.1741325Z hint: 	git config --global init.defaultBranch <name>
2026-10-10T01:25:38.1743038Z hint:
2026-10-10T01:25:38.1744180Z hint: Names commonly chosen instead of 'master' are 'main', 'trunk' and
2026-10-10T01:25:38.1746106Z hint: 'development'. The just-created branch can be renamed via this command:
2026-10-10T01:25:38.1748136Z hint:
2026-10-10T01:25:38.1749340Z hint: 	git branch -m <name>
2026-10-10T01:25:38.1750592Z hint:
2026-10-10T01:25:38.1752275Z hint: Disable this message with "git config set advice.defaultBranchName false"
2026-10-10T01:25:38.1755353Z Initialized empty Git repository in /home/runner/work/WetLabEngine/WetLabEngine/research_snapshot/.git/
2026-10-10T01:25:38.1760533Z [command]/usr/bin/git remote add origin https://github.com/proteinfoldingengine/WetLabEngine
2026-10-10T01:25:38.1782077Z ##[endgroup]
2026-10-10T01:25:38.1784041Z ##[group]Disabling automatic garbage collection
2026-10-10T01:25:38.1786546Z [command]/usr/bin/git config --local gc.auto 0
2026-10-10T01:25:38.1813853Z ##[endgroup]
2026-10-10T01:25:38.1815803Z ##[group]Setting up auth
2026-10-10T01:25:38.1817775Z [command]/usr/bin/git config --local --name-only --get-regexp core\.sshCommand
2026-10-10T01:25:38.1844488Z [command]/usr/bin/git submodule foreach --recursive sh -c "git config --local --name-only --get-regexp 'core\.sshCommand' && git config --local --unset-all 'core.sshCommand' || :"
2026-10-10T01:25:38.2153435Z [command]/usr/bin/git config --local --name-only --get-regexp http\.https\:\/\/github\.com\/\.extraheader
2026-10-10T01:25:38.2194843Z [command]/usr/bin/git submodule foreach --recursive sh -c "git config --local --name-only --get-regexp 'http\.https\:\/\/github\.com\/\.extraheader' && git config --local --unset-all 'http.https://github.com/.extraheader' || :"
2026-10-10T01:25:38.2387270Z [command]/usr/bin/git config --local --name-only --get-regexp ^includeIf\.gitdir:
2026-10-10T01:25:38.2418948Z [command]/usr/bin/git submodule foreach --recursive git config --local --show-origin --name-only --get-regexp remote.origin.url
2026-10-10T01:25:38.2607778Z [command]/usr/bin/git config --local http.https://github.com/.extraheader AUTHORIZATION: basic ***
2026-10-10T01:25:38.2642477Z ##[endgroup]
2026-10-10T01:25:38.2644079Z ##[group]Fetching the repository
2026-10-10T01:25:38.2651254Z [command]/usr/bin/git -c protocol.version=2 fetch --no-tags --prune --no-recurse-submodules --filter=blob:none --depth=1 origin +927836d37fbe858dea36c3e88856a53cbb69d7db:refs/remotes/origin/research/uqcf-overlapping-guard-exchange
2026-10-10T01:25:38.9191128Z From https://github.com/proteinfoldingengine/WetLabEngine
2026-10-10T01:25:38.9191819Z  * [new ref]         927836d37fbe858dea36c3e88856a53cbb69d7db -> origin/research/uqcf-overlapping-guard-exchange
2026-10-10T01:25:38.9194793Z ##[endgroup]
2026-10-10T01:25:38.9195188Z ##[group]Determining the checkout info
2026-10-10T01:25:38.9197104Z ##[endgroup]
2026-10-10T01:25:38.9197500Z ##[group]Setting up sparse checkout
2026-10-10T01:25:38.9202313Z [command]/usr/bin/git sparse-checkout set ResearchHistory/UQCF-GEM/research/physical-bridge .github/scripts
2026-10-10T01:25:38.9244000Z ##[endgroup]
2026-10-10T01:25:38.9244425Z ##[group]Checking out the ref
2026-10-10T01:25:38.9247799Z [command]/usr/bin/git checkout --progress --force -B research/uqcf-overlapping-guard-exchange refs/remotes/origin/research/uqcf-overlapping-guard-exchange
2026-10-10T01:25:40.3403833Z Updating files:   0% (1/838)
2026-10-10T01:25:40.3406152Z Updating files:   1% (9/838)
2026-10-10T01:25:40.3420004Z Updating files:   2% (17/838)
2026-10-10T01:25:40.3420759Z Updating files:   3% (26/838)
2026-10-10T01:25:40.3421129Z Updating files:   4% (34/838)
2026-10-10T01:25:40.3423887Z Updating files:   5% (42/838)
2026-10-10T01:25:40.3428612Z Updating files:   6% (51/838)
2026-10-10T01:25:40.3435693Z Updating files:   7% (59/838)
2026-10-10T01:25:40.3439083Z Updating files:   8% (68/838)
2026-10-10T01:25:40.3442940Z Updating files:   9% (76/838)
2026-10-10T01:25:40.3446974Z Updating files:  10% (84/838)
2026-10-10T01:25:40.3453633Z Updating files:  11% (93/838)
2026-10-10T01:25:40.3458402Z Updating files:  12% (101/838)
2026-10-10T01:25:40.3462330Z Updating files:  13% (109/838)
2026-10-10T01:25:40.3466196Z Updating files:  14% (118/838)
2026-10-10T01:25:40.3471384Z Updating files:  15% (126/838)
2026-10-10T01:25:40.3476740Z Updating files:  16% (135/838)
2026-10-10T01:25:40.3481122Z Updating files:  17% (143/838)
2026-10-10T01:25:40.3485374Z Updating files:  18% (151/838)
2026-10-10T01:25:40.3488848Z Updating files:  19% (160/838)
2026-10-10T01:25:40.3493118Z Updating files:  20% (168/838)
2026-10-10T01:25:40.3497711Z Updating files:  21% (176/838)
2026-10-10T01:25:40.3502242Z Updating files:  22% (185/838)
2026-10-10T01:25:40.3507063Z Updating files:  23% (193/838)
2026-10-10T01:25:40.3511300Z Updating files:  24% (202/838)
2026-10-10T01:25:40.3515832Z Updating files:  25% (210/838)
2026-10-10T01:25:40.3520630Z Updating files:  26% (218/838)
2026-10-10T01:25:40.3524663Z Updating files:  27% (227/838)
2026-10-10T01:25:40.3529103Z Updating files:  28% (235/838)
2026-10-10T01:25:40.3534421Z Updating files:  29% (244/838)
2026-10-10T01:25:40.3538935Z Updating files:  30% (252/838)
2026-10-10T01:25:40.3543536Z Updating files:  31% (260/838)
2026-10-10T01:25:40.3547365Z Updating files:  32% (269/838)
2026-10-10T01:25:40.3553827Z Updating files:  33% (277/838)
2026-10-10T01:25:40.3558160Z Updating files:  34% (285/838)
2026-10-10T01:25:40.3569562Z Updating files:  35% (294/838)
2026-10-10T01:25:40.3569927Z Updating files:  36% (302/838)
2026-10-10T01:25:40.3572047Z Updating files:  37% (311/838)
2026-10-10T01:25:40.3576777Z Updating files:  38% (319/838)
2026-10-10T01:25:40.3582931Z Updating files:  39% (327/838)
2026-10-10T01:25:40.3588529Z Updating files:  40% (336/838)
2026-10-10T01:25:40.3595793Z Updating files:  41% (344/838)
2026-10-10T01:25:40.3601097Z Updating files:  42% (352/838)
2026-10-10T01:25:40.3605858Z Updating files:  43% (361/838)
2026-10-10T01:25:40.3613662Z Updating files:  44% (369/838)
2026-10-10T01:25:40.3616682Z Updating files:  45% (378/838)
2026-10-10T01:25:40.3620088Z Updating files:  46% (386/838)
2026-10-10T01:25:40.3627681Z Updating files:  47% (394/838)
2026-10-10T01:25:40.3634410Z Updating files:  48% (403/838)
2026-10-10T01:25:40.3638033Z Updating files:  49% (411/838)
2026-10-10T01:25:40.3652086Z Updating files:  50% (419/838)
2026-10-10T01:25:40.3658125Z Updating files:  51% (428/838)
2026-10-10T01:25:40.3665620Z Updating files:  52% (436/838)
2026-10-10T01:25:40.3670066Z Updating files:  53% (445/838)
2026-10-10T01:25:40.3677601Z Updating files:  54% (453/838)
2026-10-10T01:25:40.3685043Z Updating files:  55% (461/838)
2026-10-10T01:25:40.3690817Z Updating files:  56% (470/838)
2026-10-10T01:25:40.3695467Z Updating files:  57% (478/838)
2026-10-10T01:25:40.3722812Z Updating files:  58% (487/838)
2026-10-10T01:25:40.3725645Z Updating files:  59% (495/838)
2026-10-10T01:25:40.3731834Z Updating files:  60% (503/838)
2026-10-10T01:25:40.3735634Z Updating files:  61% (512/838)
2026-10-10T01:25:40.3739685Z Updating files:  62% (520/838)
2026-10-10T01:25:40.3745520Z Updating files:  63% (528/838)
2026-10-10T01:25:40.3749067Z Updating files:  64% (537/838)
2026-10-10T01:25:40.3754971Z Updating files:  65% (545/838)
2026-10-10T01:25:40.3761900Z Updating files:  66% (554/838)
2026-10-10T01:25:40.3767355Z Updating files:  67% (562/838)
2026-10-10T01:25:40.3775931Z Updating files:  68% (570/838)
2026-10-10T01:25:40.3779616Z Updating files:  69% (579/838)
2026-10-10T01:25:40.3783836Z Updating files:  70% (587/838)
2026-10-10T01:25:40.3788814Z Updating files:  71% (595/838)
2026-10-10T01:25:40.3793263Z Updating files:  72% (604/838)
2026-10-10T01:25:40.3798660Z Updating files:  73% (612/838)
2026-10-10T01:25:40.3806032Z Updating files:  74% (621/838)
2026-10-10T01:25:40.3810513Z Updating files:  75% (629/838)
2026-10-10T01:25:40.3815571Z Updating files:  76% (637/838)
2026-10-10T01:25:40.3819032Z Updating files:  77% (646/838)
2026-10-10T01:25:40.3828140Z Updating files:  78% (654/838)
2026-10-10T01:25:40.3831655Z Updating files:  79% (663/838)
2026-10-10T01:25:40.3835746Z Updating files:  80% (671/838)
2026-10-10T01:25:40.3840872Z Updating files:  81% (679/838)
2026-10-10T01:25:40.3866341Z Updating files:  82% (688/838)
2026-10-10T01:25:40.3868583Z Updating files:  83% (696/838)
2026-10-10T01:25:40.3871836Z Updating files:  84% (704/838)
2026-10-10T01:25:40.3875641Z Updating files:  85% (713/838)
2026-10-10T01:25:40.3882867Z Updating files:  86% (721/838)
2026-10-10T01:25:40.3900716Z Updating files:  87% (730/838)
2026-10-10T01:25:40.3903824Z Updating files:  88% (738/838)
2026-10-10T01:25:40.3908813Z Updating files:  89% (746/838)
2026-10-10T01:25:40.3912112Z Updating files:  90% (755/838)
2026-10-10T01:25:40.3916374Z Updating files:  91% (763/838)
2026-10-10T01:25:40.3920444Z Updating files:  92% (771/838)
2026-10-10T01:25:40.3923328Z Updating files:  93% (780/838)
2026-10-10T01:25:40.3931363Z Updating files:  94% (788/838)
2026-10-10T01:25:40.3934751Z Updating files:  95% (797/838)
2026-10-10T01:25:40.3940069Z Updating files:  96% (805/838)
2026-10-10T01:25:40.3944309Z Updating files:  97% (813/838)
2026-10-10T01:25:40.3948786Z Updating files:  98% (822/838)
2026-10-10T01:25:40.3953164Z Updating files:  99% (830/838)
2026-10-10T01:25:40.3953695Z Updating files: 100% (838/838)
2026-10-10T01:25:40.3954241Z Updating files: 100% (838/838), done.
2026-10-10T01:25:40.4050623Z Switched to a new branch 'research/uqcf-overlapping-guard-exchange'
2026-10-10T01:25:40.4055398Z branch 'research/uqcf-overlapping-guard-exchange' set up to track 'origin/research/uqcf-overlapping-guard-exchange'.
2026-10-10T01:25:40.4065296Z ##[endgroup]
2026-10-10T01:25:40.4108826Z [command]/usr/bin/git log -1 --format=%H
2026-10-10T01:25:40.4132219Z 927836d37fbe858dea36c3e88856a53cbb69d7db
2026-10-10T01:25:40.4140004Z ##[group]Removing auth
2026-10-10T01:25:40.4142667Z [command]/usr/bin/git config --local --name-only --get-regexp core\.sshCommand
2026-10-10T01:25:40.4170555Z [command]/usr/bin/git submodule foreach --recursive sh -c "git config --local --name-only --get-regexp 'core\.sshCommand' && git config --local --unset-all 'core.sshCommand' || :"
2026-10-10T01:25:40.4375831Z [command]/usr/bin/git config --local --name-only --get-regexp http\.https\:\/\/github\.com\/\.extraheader
2026-10-10T01:25:40.4400696Z http.https://github.com/.extraheader
2026-10-10T01:25:40.4407531Z [command]/usr/bin/git config --local --unset-all http.https://github.com/.extraheader
2026-10-10T01:25:40.4551569Z [command]/usr/bin/git submodule foreach --recursive sh -c "git config --local --name-only --get-regexp 'http\.https\:\/\/github\.com\/\.extraheader' && git config --local --unset-all 'http.https://github.com/.extraheader' || :"
2026-10-10T01:25:40.4696959Z [command]/usr/bin/git config --local --name-only --get-regexp ^includeIf\.gitdir:
2026-10-10T01:25:40.4725228Z [command]/usr/bin/git submodule foreach --recursive git config --local --show-origin --name-only --get-regexp remote.origin.url
2026-10-10T01:25:40.4924144Z ##[endgroup]
2026-10-10T01:25:40.5112113Z ##[group]Run actions/download-artifact@v4
2026-10-10T01:25:40.5112348Z with:
2026-10-10T01:25:40.5112525Z   name: c3-capacity_gap-verification
2026-10-10T01:25:40.5112752Z   path: capacity_gap_verification
2026-10-10T01:25:40.5112959Z   merge-multiple: false
2026-10-10T01:25:40.5113172Z   repository: proteinfoldingengine/WetLabEngine
2026-10-10T01:25:40.5113403Z   run-id: 38013084106
2026-10-10T01:25:40.5113577Z ##[endgroup]
2026-10-10T01:25:40.6263283Z Downloading single artifact
2026-10-10T01:25:40.6374241Z (node:2174) [DEP0040] DeprecationWarning: The `punycode` module is deprecated. Please use a userland alternative instead.
2026-10-10T01:25:40.6375170Z (Use `node --trace-deprecation ...` to show where the warning was created)
2026-10-10T01:25:40.8570451Z Preparing to download the following artifacts:
2026-10-10T01:25:40.8571453Z - c3-capacity_gap-verification (ID: 11655201340, Size: 21290, Expected Digest: sha256:cc4075ec4a27eef3a8c8cbdfd9e038f66e8fa600c407cf46129380cad24a4d3e)
2026-10-10T01:25:41.0658270Z Redirecting to blob download url: https://productionresultssa18.blob.core.windows.net/actions-results/90544d6c-2db1-8ef2-ba37-bbfc1ef36537/workflow-job-run-de0ca22c-a014-552f-bad9-5a9ba6e52a26/artifacts/239e2e6ddec179eb19fe74c08be7849316dacdcbce1403afbe200130864456a2.zip
2026-10-10T01:25:41.0659709Z Starting download of artifact to: /home/runner/work/WetLabEngine/WetLabEngine/capacity_gap_verification
2026-10-10T01:25:41.2683008Z (node:2174) [DEP0005] DeprecationWarning: Buffer() is deprecated due to security and usability issues. Please use the Buffer.alloc(), Buffer.allocUnsafe(), or Buffer.from() methods instead.
2026-10-10T01:25:41.3204183Z SHA256 digest of downloaded artifact is cc4075ec4a27eef3a8c8cbdfd9e038f66e8fa600c407cf46129380cad24a4d3e
2026-10-10T01:25:41.3204674Z Artifact download completed successfully.
2026-10-10T01:25:41.3204964Z Total of 1 artifact(s) downloaded
2026-10-10T01:25:41.3208428Z Download artifact has finished successfully
2026-10-10T01:25:41.3324297Z ##[group]Run python3 research_snapshot/.github/scripts/c3_capacity_gap_review.py
2026-10-10T01:25:41.3324800Z [36;1mpython3 research_snapshot/.github/scripts/c3_capacity_gap_review.py[0m
2026-10-10T01:25:41.3523906Z shell: /usr/bin/bash -e {0}
2026-10-10T01:25:41.3524154Z env:
2026-10-10T01:25:41.3524541Z   GEMINI_API_KEY: ***
2026-10-10T01:25:41.3524727Z ##[endgroup]
2026-10-10T01:26:05.7731562Z Handoff independent verdict: ACCEPTED
2026-10-10T01:26:05.7731990Z Missing assumptions: 0
2026-10-10T01:26:05.7732629Z Counterexamples: 0
2026-10-10T01:26:05.7733122Z Response SHA256: 34271b49122723e6a4ae167c934a1b2d8de6fb8c042aa472c3d04808a5e470b1
2026-10-10T01:26:05.7733648Z This is not scientific certification.
2026-10-10T01:26:05.7872483Z ##[group]Run actions/upload-artifact@v4
2026-10-10T01:26:05.7872722Z with:
2026-10-10T01:26:05.7872904Z   name: c3-capacity_gap-review
2026-10-10T01:26:05.7873115Z   path: capacity_gap_review/
2026-10-10T01:26:05.7873325Z   if-no-files-found: warn
2026-10-10T01:26:05.7873522Z   compression-level: 6
2026-10-10T01:26:05.7873700Z   overwrite: false
2026-10-10T01:26:05.7873888Z   include-hidden-files: false
2026-10-10T01:26:05.7874091Z ##[endgroup]
2026-10-10T01:26:05.9226865Z (node:2192) [DEP0040] DeprecationWarning: The `punycode` module is deprecated. Please use a userland alternative instead.
2026-10-10T01:26:05.9227507Z (Use `node --trace-deprecation ...` to show where the warning was created)
2026-10-10T01:26:05.9291247Z With the provided path, there will be 2 files uploaded
2026-10-10T01:26:05.9291938Z Artifact name is valid!
2026-10-10T01:26:05.9292287Z Root directory input is valid!
2026-10-10T01:26:06.2597690Z Beginning upload of artifact content to blob storage
2026-10-10T01:26:06.2771161Z (node:2192) [DEP0169] DeprecationWarning: `url.parse()` behavior is not standardized and prone to errors that have security implications. Use the WHATWG URL API instead. CVEs are not issued for `url.parse()` vulnerabilities.
2026-10-10T01:26:06.4814841Z Uploaded bytes 2495
2026-10-10T01:26:06.5376257Z Finished uploading artifact content to blob storage!
2026-10-10T01:26:06.5376994Z SHA256 digest of uploaded artifact zip is fc76b7dd5bd743a244700c365d751c8cf8876f487cdd67cbae9543c531639755
2026-10-10T01:26:06.5377709Z Finalizing artifact upload
2026-10-10T01:26:06.7762825Z Artifact c3-capacity_gap-review.zip successfully finalized. Artifact ID 11655361284
2026-10-10T01:26:06.7763708Z Artifact c3-capacity_gap-review has been successfully uploaded! Final size is 2495 bytes. Artifact ID is 11655361284
2026-10-10T01:26:06.7768633Z Artifact download URL: https://github.com/proteinfoldingengine/WetLabEngine/actions/runs/38013084106/artifacts/11655361284
2026-10-10T01:26:06.7923996Z Post job cleanup.
2026-10-10T01:26:06.8583756Z [command]/usr/bin/git version
2026-10-10T01:26:06.8617585Z git version 2.55.0
2026-10-10T01:26:06.8646398Z Temporarily overriding HOME='/home/runner/work/_temp/3098fd0f-9475-4e6d-a670-bd84350932e4' before making global git config changes
2026-10-10T01:26:06.8647466Z Adding repository directory to the temporary git global config as a safe directory
2026-10-10T01:26:06.8651394Z [command]/usr/bin/git config --global --add safe.directory /home/runner/work/WetLabEngine/WetLabEngine/research_snapshot
2026-10-10T01:26:06.8682930Z [command]/usr/bin/git config --local --name-only --get-regexp core\.sshCommand
2026-10-10T01:26:06.8712392Z [command]/usr/bin/git submodule foreach --recursive sh -c "git config --local --name-only --get-regexp 'core\.sshCommand' && git config --local --unset-all 'core.sshCommand' || :"
2026-10-10T01:26:06.8934249Z [command]/usr/bin/git config --local --name-only --get-regexp http\.https\:\/\/github\.com\/\.extraheader
2026-10-10T01:26:06.8965807Z [command]/usr/bin/git submodule foreach --recursive sh -c "git config --local --name-only --get-regexp 'http\.https\:\/\/github\.com\/\.extraheader' && git config --local --unset-all 'http.https://github.com/.extraheader' || :"
2026-10-10T01:26:06.9200313Z [command]/usr/bin/git config --local --name-only --get-regexp ^includeIf\.gitdir:
2026-10-10T01:26:06.9223907Z [command]/usr/bin/git submodule foreach --recursive git config --local --show-origin --name-only --get-regexp remote.origin.url
2026-10-10T01:26:06.9563932Z Cleaning up orphan processes
2026-10-10T01:26:06.9810924Z ##[warning]Node.js 20 is deprecated. The following actions target Node.js 20 but are being forced to run on Node.js 24: actions/checkout@v4, actions/download-artifact@v4, actions/upload-artifact@v4. For more information see: https://github.blog/changelog/2025-09-19-deprecation-of-node-20-on-github-actions-runners/

