2026-10-10T01:26:11.9822897Z Current runner version: '2.337.0'
2026-10-10T01:26:11.9843743Z ##[group]Runner Image Provisioner
2026-10-10T01:26:11.9844893Z Hosted Compute Agent
2026-10-10T01:26:11.9845674Z Version: 20261002.596
2026-10-10T01:26:11.9846699Z Commit: c3d12f3313a95f25162a1503be624f3b0617f8c0
2026-10-10T01:26:11.9847940Z Build Date: 2026-10-02T22:28:27Z
2026-10-10T01:26:11.9848984Z Worker ID: {a944e1f6-c6c5-4b12-94fb-2871955234e2}
2026-10-10T01:26:11.9850116Z Region: centralus
2026-10-10T01:26:11.9850898Z Cloud: Azure
2026-10-10T01:26:11.9851720Z ##[endgroup]
2026-10-10T01:26:11.9853791Z ##[group]Operating System
2026-10-10T01:26:11.9854719Z Ubuntu
2026-10-10T01:26:11.9855866Z 24.04.5
2026-10-10T01:26:11.9856672Z LTS
2026-10-10T01:26:11.9857652Z ##[endgroup]
2026-10-10T01:26:11.9858459Z ##[group]Runner Image
2026-10-10T01:26:11.9859310Z Image: ubuntu-24.04
2026-10-10T01:26:11.9860109Z Version: 20261004.327.1
2026-10-10T01:26:11.9861774Z Included Software: https://github.com/actions/runner-images/blob/ubuntu24/20261004.327/images/ubuntu/Ubuntu2404-Readme.md
2026-10-10T01:26:11.9864082Z Image Release: https://github.com/actions/runner-images/releases/tag/ubuntu24%2F20261004.327
2026-10-10T01:26:11.9865496Z ##[endgroup]
2026-10-10T01:26:11.9867396Z ##[group]GITHUB_TOKEN Permissions
2026-10-10T01:26:11.9870340Z Contents: read
2026-10-10T01:26:11.9871379Z Metadata: read
2026-10-10T01:26:11.9872223Z ##[endgroup]
2026-10-10T01:26:11.9875705Z Secret source: Actions
2026-10-10T01:26:11.9877388Z Cache mode: write
2026-10-10T01:26:11.9878355Z Prepare workflow directory
2026-10-10T01:26:12.0616334Z Prepare all required actions
2026-10-10T01:26:12.0662903Z Getting action download info
2026-10-10T01:26:12.2651729Z Download action repository 'actions/checkout@v4' (SHA:11d5960a326750d5838078e36cf38b85af677262)
2026-10-10T01:26:12.3517358Z Download action repository 'actions/download-artifact@v4' (SHA:d3f86a106a0bac45b974a628896c90dbdf5c8093)
2026-10-10T01:26:12.8060171Z Download action repository 'actions/upload-artifact@v4' (SHA:ea165f8d65b6e75b540449e92b4886f43607fa02)
2026-10-10T01:26:13.0541227Z Complete job name: publication-audit
2026-10-10T01:26:13.1254462Z ##[group]Run actions/checkout@v4
2026-10-10T01:26:13.1255363Z with:
2026-10-10T01:26:13.1255939Z   path: research_snapshot
2026-10-10T01:26:13.1256589Z   persist-credentials: false
2026-10-10T01:26:13.1257823Z   sparse-checkout: ResearchHistory/UQCF-GEM/research/physical-bridge
.github/scripts

2026-10-10T01:26:13.1258933Z   repository: proteinfoldingengine/WetLabEngine
2026-10-10T01:26:13.1263089Z   token: ***
2026-10-10T01:26:13.1263641Z   ssh-strict: true
2026-10-10T01:26:13.1264276Z   ssh-user: git
2026-10-10T01:26:13.1264818Z   clean: true
2026-10-10T01:26:13.1265456Z   sparse-checkout-cone-mode: true
2026-10-10T01:26:13.1266103Z   fetch-depth: 1
2026-10-10T01:26:13.1266664Z   fetch-tags: false
2026-10-10T01:26:13.1267382Z   show-progress: true
2026-10-10T01:26:13.1267973Z   lfs: false
2026-10-10T01:26:13.1268544Z   submodules: false
2026-10-10T01:26:13.1269155Z   set-safe-directory: true
2026-10-10T01:26:13.1269823Z   allow-unsafe-pr-checkout: false
2026-10-10T01:26:13.1270763Z ##[endgroup]
2026-10-10T01:26:13.2245585Z Syncing repository: proteinfoldingengine/WetLabEngine
2026-10-10T01:26:13.2248516Z ##[group]Getting Git version info
2026-10-10T01:26:13.2249711Z Working directory is '/home/runner/work/WetLabEngine/WetLabEngine/research_snapshot'
2026-10-10T01:26:13.2251589Z [command]/usr/bin/git version
2026-10-10T01:26:13.2327331Z git version 2.55.0
2026-10-10T01:26:13.2347811Z ##[endgroup]
2026-10-10T01:26:13.2360101Z Temporarily overriding HOME='/home/runner/work/_temp/1882ff7b-efa7-4405-b446-303e5751591d' before making global git config changes
2026-10-10T01:26:13.2362035Z Adding repository directory to the temporary git global config as a safe directory
2026-10-10T01:26:13.2365556Z [command]/usr/bin/git config --global --add safe.directory /home/runner/work/WetLabEngine/WetLabEngine/research_snapshot
2026-10-10T01:26:13.2417859Z ##[group]Initializing the repository
2026-10-10T01:26:13.2423401Z [command]/usr/bin/git init /home/runner/work/WetLabEngine/WetLabEngine/research_snapshot
2026-10-10T01:26:13.2514265Z hint: Using 'master' as the name for the initial branch. This default branch name
2026-10-10T01:26:13.2515905Z hint: will change to "main" in Git 3.0. To configure the initial branch name
2026-10-10T01:26:13.2517588Z hint: to use in all of your new repositories, which will suppress this warning,
2026-10-10T01:26:13.2518874Z hint: call:
2026-10-10T01:26:13.2519663Z hint:
2026-10-10T01:26:13.2520590Z hint: 	git config --global init.defaultBranch <name>
2026-10-10T01:26:13.2521690Z hint:
2026-10-10T01:26:13.2522635Z hint: Names commonly chosen instead of 'master' are 'main', 'trunk' and
2026-10-10T01:26:13.2524208Z hint: 'development'. The just-created branch can be renamed via this command:
2026-10-10T01:26:13.2525327Z hint:
2026-10-10T01:26:13.2525907Z hint: 	git branch -m <name>
2026-10-10T01:26:13.2526506Z hint:
2026-10-10T01:26:13.2527471Z hint: Disable this message with "git config set advice.defaultBranchName false"
2026-10-10T01:26:13.2529305Z Initialized empty Git repository in /home/runner/work/WetLabEngine/WetLabEngine/research_snapshot/.git/
2026-10-10T01:26:13.2532279Z [command]/usr/bin/git remote add origin https://github.com/proteinfoldingengine/WetLabEngine
2026-10-10T01:26:13.2581195Z ##[endgroup]
2026-10-10T01:26:13.2584345Z ##[group]Disabling automatic garbage collection
2026-10-10T01:26:13.2585466Z [command]/usr/bin/git config --local gc.auto 0
2026-10-10T01:26:13.2618952Z ##[endgroup]
2026-10-10T01:26:13.2620081Z ##[group]Setting up auth
2026-10-10T01:26:13.2625955Z [command]/usr/bin/git config --local --name-only --get-regexp core\.sshCommand
2026-10-10T01:26:13.2654677Z [command]/usr/bin/git submodule foreach --recursive sh -c "git config --local --name-only --get-regexp 'core\.sshCommand' && git config --local --unset-all 'core.sshCommand' || :"
2026-10-10T01:26:13.3000528Z [command]/usr/bin/git config --local --name-only --get-regexp http\.https\:\/\/github\.com\/\.extraheader
2026-10-10T01:26:13.3032596Z [command]/usr/bin/git submodule foreach --recursive sh -c "git config --local --name-only --get-regexp 'http\.https\:\/\/github\.com\/\.extraheader' && git config --local --unset-all 'http.https://github.com/.extraheader' || :"
2026-10-10T01:26:13.3226137Z [command]/usr/bin/git config --local --name-only --get-regexp ^includeIf\.gitdir:
2026-10-10T01:26:13.3258839Z [command]/usr/bin/git submodule foreach --recursive git config --local --show-origin --name-only --get-regexp remote.origin.url
2026-10-10T01:26:13.3436201Z [command]/usr/bin/git config --local http.https://github.com/.extraheader AUTHORIZATION: basic ***
2026-10-10T01:26:13.3475339Z ##[endgroup]
2026-10-10T01:26:13.3476746Z ##[group]Fetching the repository
2026-10-10T01:26:13.3485331Z [command]/usr/bin/git -c protocol.version=2 fetch --no-tags --prune --no-recurse-submodules --filter=blob:none --depth=1 origin +927836d37fbe858dea36c3e88856a53cbb69d7db:refs/remotes/origin/research/uqcf-overlapping-guard-exchange
2026-10-10T01:26:13.8279513Z From https://github.com/proteinfoldingengine/WetLabEngine
2026-10-10T01:26:13.8285248Z  * [new ref]         927836d37fbe858dea36c3e88856a53cbb69d7db -> origin/research/uqcf-overlapping-guard-exchange
2026-10-10T01:26:13.8292589Z ##[endgroup]
2026-10-10T01:26:13.8295099Z ##[group]Determining the checkout info
2026-10-10T01:26:13.8297360Z ##[endgroup]
2026-10-10T01:26:13.8299509Z ##[group]Setting up sparse checkout
2026-10-10T01:26:13.8302227Z [command]/usr/bin/git sparse-checkout set ResearchHistory/UQCF-GEM/research/physical-bridge .github/scripts
2026-10-10T01:26:13.8344414Z ##[endgroup]
2026-10-10T01:26:13.8347127Z ##[group]Checking out the ref
2026-10-10T01:26:13.8351630Z [command]/usr/bin/git checkout --progress --force -B research/uqcf-overlapping-guard-exchange refs/remotes/origin/research/uqcf-overlapping-guard-exchange
2026-10-10T01:26:14.8076344Z Switched to a new branch 'research/uqcf-overlapping-guard-exchange'
2026-10-10T01:26:14.8080170Z branch 'research/uqcf-overlapping-guard-exchange' set up to track 'origin/research/uqcf-overlapping-guard-exchange'.
2026-10-10T01:26:14.8088836Z ##[endgroup]
2026-10-10T01:26:14.8142291Z [command]/usr/bin/git log -1 --format=%H
2026-10-10T01:26:14.8164903Z 927836d37fbe858dea36c3e88856a53cbb69d7db
2026-10-10T01:26:14.8172690Z ##[group]Removing auth
2026-10-10T01:26:14.8175588Z [command]/usr/bin/git config --local --name-only --get-regexp core\.sshCommand
2026-10-10T01:26:14.8202294Z [command]/usr/bin/git submodule foreach --recursive sh -c "git config --local --name-only --get-regexp 'core\.sshCommand' && git config --local --unset-all 'core.sshCommand' || :"
2026-10-10T01:26:14.8400361Z [command]/usr/bin/git config --local --name-only --get-regexp http\.https\:\/\/github\.com\/\.extraheader
2026-10-10T01:26:14.8424021Z http.https://github.com/.extraheader
2026-10-10T01:26:14.8430880Z [command]/usr/bin/git config --local --unset-all http.https://github.com/.extraheader
2026-10-10T01:26:14.8461223Z [command]/usr/bin/git submodule foreach --recursive sh -c "git config --local --name-only --get-regexp 'http\.https\:\/\/github\.com\/\.extraheader' && git config --local --unset-all 'http.https://github.com/.extraheader' || :"
2026-10-10T01:26:14.8649273Z [command]/usr/bin/git config --local --name-only --get-regexp ^includeIf\.gitdir:
2026-10-10T01:26:14.8674217Z [command]/usr/bin/git submodule foreach --recursive git config --local --show-origin --name-only --get-regexp remote.origin.url
2026-10-10T01:26:14.8859633Z ##[endgroup]
2026-10-10T01:26:14.9064236Z ##[group]Run actions/download-artifact@v4
2026-10-10T01:26:14.9064722Z with:
2026-10-10T01:26:14.9065108Z   name: c3-capacity_gap-verification
2026-10-10T01:26:14.9065548Z   path: capacity_gap_verification
2026-10-10T01:26:14.9065984Z   merge-multiple: false
2026-10-10T01:26:14.9066482Z   repository: proteinfoldingengine/WetLabEngine
2026-10-10T01:26:14.9067117Z   run-id: 38013084106
2026-10-10T01:26:14.9067514Z ##[endgroup]
2026-10-10T01:26:15.0571688Z Downloading single artifact
2026-10-10T01:26:15.0719329Z (node:2312) [DEP0040] DeprecationWarning: The `punycode` module is deprecated. Please use a userland alternative instead.
2026-10-10T01:26:15.0720914Z (Use `node --trace-deprecation ...` to show where the warning was created)
2026-10-10T01:26:15.2757458Z Preparing to download the following artifacts:
2026-10-10T01:26:15.2759160Z - c3-capacity_gap-verification (ID: 11655201340, Size: 21290, Expected Digest: sha256:cc4075ec4a27eef3a8c8cbdfd9e038f66e8fa600c407cf46129380cad24a4d3e)
2026-10-10T01:26:15.4505583Z Redirecting to blob download url: https://productionresultssa18.blob.core.windows.net/actions-results/90544d6c-2db1-8ef2-ba37-bbfc1ef36537/workflow-job-run-de0ca22c-a014-552f-bad9-5a9ba6e52a26/artifacts/239e2e6ddec179eb19fe74c08be7849316dacdcbce1403afbe200130864456a2.zip
2026-10-10T01:26:15.4508183Z Starting download of artifact to: /home/runner/work/WetLabEngine/WetLabEngine/capacity_gap_verification
2026-10-10T01:26:15.5802783Z (node:2312) [DEP0005] DeprecationWarning: Buffer() is deprecated due to security and usability issues. Please use the Buffer.alloc(), Buffer.allocUnsafe(), or Buffer.from() methods instead.
2026-10-10T01:26:15.6149920Z SHA256 digest of downloaded artifact is cc4075ec4a27eef3a8c8cbdfd9e038f66e8fa600c407cf46129380cad24a4d3e
2026-10-10T01:26:15.6151558Z Artifact download completed successfully.
2026-10-10T01:26:15.6153003Z Total of 1 artifact(s) downloaded
2026-10-10T01:26:15.6157013Z Download artifact has finished successfully
2026-10-10T01:26:15.6291795Z ##[group]Run actions/download-artifact@v4
2026-10-10T01:26:15.6292246Z with:
2026-10-10T01:26:15.6292538Z   name: c3-capacity_gap-review
2026-10-10T01:26:15.6292921Z   path: capacity_gap_review
2026-10-10T01:26:15.6293255Z   merge-multiple: false
2026-10-10T01:26:15.6293679Z   repository: proteinfoldingengine/WetLabEngine
2026-10-10T01:26:15.6294058Z   run-id: 38013084106
2026-10-10T01:26:15.6294342Z ##[endgroup]
2026-10-10T01:26:15.7728923Z Downloading single artifact
2026-10-10T01:26:15.7864963Z (node:2324) [DEP0040] DeprecationWarning: The `punycode` module is deprecated. Please use a userland alternative instead.
2026-10-10T01:26:15.7866147Z (Use `node --trace-deprecation ...` to show where the warning was created)
2026-10-10T01:26:15.9206115Z Preparing to download the following artifacts:
2026-10-10T01:26:15.9207455Z - c3-capacity_gap-review (ID: 11655361284, Size: 2495, Expected Digest: sha256:fc76b7dd5bd743a244700c365d751c8cf8876f487cdd67cbae9543c531639755)
2026-10-10T01:26:16.0895254Z Redirecting to blob download url: https://productionresultssa18.blob.core.windows.net/actions-results/90544d6c-2db1-8ef2-ba37-bbfc1ef36537/workflow-job-run-d49a0fca-2720-57dc-9b5d-c17718693e36/artifacts/4597121342790c15932206ca50a7f2e1444dc5aa901ae72d503b6af65f724aa4.zip
2026-10-10T01:26:16.0897785Z Starting download of artifact to: /home/runner/work/WetLabEngine/WetLabEngine/capacity_gap_review
2026-10-10T01:26:16.2446399Z (node:2324) [DEP0005] DeprecationWarning: Buffer() is deprecated due to security and usability issues. Please use the Buffer.alloc(), Buffer.allocUnsafe(), or Buffer.from() methods instead.
2026-10-10T01:26:16.2511435Z SHA256 digest of downloaded artifact is fc76b7dd5bd743a244700c365d751c8cf8876f487cdd67cbae9543c531639755
2026-10-10T01:26:16.2512673Z Artifact download completed successfully.
2026-10-10T01:26:16.2513345Z Total of 1 artifact(s) downloaded
2026-10-10T01:26:16.2518479Z Download artifact has finished successfully
2026-10-10T01:26:16.2676288Z ##[group]Run set -euo pipefail
2026-10-10T01:26:16.2677211Z [36;1mset -euo pipefail[0m
2026-10-10T01:26:16.2677794Z [36;1mROOT=research_snapshot/ResearchHistory/UQCF-GEM/research/physical-bridge[0m
2026-10-10T01:26:16.2678460Z [36;1mpython3 "$ROOT/capacity_gap/producer.py" /tmp/publication-certificate.json[0m
2026-10-10T01:26:16.2679160Z [36;1mcmp /tmp/publication-certificate.json capacity_gap_verification/certificate.json[0m
2026-10-10T01:26:16.2679863Z [36;1mpython3 "$ROOT/capacity_gap/independent.py" /tmp/publication-certificate.json[0m
2026-10-10T01:26:16.2680424Z [36;1mpython3 - <<'PY'[0m
2026-10-10T01:26:16.2680766Z [36;1mimport json,hashlib,pathlib,os[0m
2026-10-10T01:26:16.2681322Z [36;1mm=json.loads(pathlib.Path('capacity_gap_review/manifest.json').read_text())[0m
2026-10-10T01:26:16.2682101Z [36;1mif m['research_commit']!=os.environ['GITHUB_SHA'] or m['workflow_commit']!=os.environ['GITHUB_SHA']: raise ValueError('commit provenance')[0m
2026-10-10T01:26:16.2682865Z [36;1mfor n,h in m['input_sha256'].items():[0m
2026-10-10T01:26:16.2683659Z [36;1m    p=(pathlib.Path('capacity_gap_verification')/n[9:]) if n.startswith('EVIDENCE/') else (pathlib.Path('research_snapshot/ResearchHistory/UQCF-GEM/research/physical-bridge')/n)[0m
2026-10-10T01:26:16.2684623Z [36;1m    if hashlib.sha256(p.read_bytes()).hexdigest()!=h: raise ValueError('input hash '+n)[0m
2026-10-10T01:26:16.2685226Z [36;1mraw=pathlib.Path('capacity_gap_review/review.txt').read_bytes()[0m
2026-10-10T01:26:16.2685871Z [36;1mif hashlib.sha256(raw).hexdigest()!=m['response_sha256']: raise ValueError('response hash')[0m
2026-10-10T01:26:16.2686532Z [36;1mprovenance=pathlib.Path('capacity_gap_verification/provenance.txt').read_text()[0m
2026-10-10T01:26:16.2687509Z [36;1mif provenance!=f"scientific_sha={os.environ['GITHUB_SHA']}\nworkflow_sha={os.environ['GITHUB_SHA']}\n": raise ValueError('execution provenance')[0m
2026-10-10T01:26:16.2688712Z [36;1mgate={'status':'PASS','scientific_commit':os.environ['GITHUB_SHA'],'verified_review_inputs':len(m['input_sha256']),'certificate_reproduced_byte_exact':True,'independent_full_reconstruction':True,'response_sha256':m['response_sha256']}[0m
2026-10-10T01:26:16.2689799Z [36;1mpathlib.Path('capacity_gap_gate.json').write_text(json.dumps(gate,indent=2)+'\n')[0m
2026-10-10T01:26:16.2690312Z [36;1mprint(json.dumps(gate))[0m
2026-10-10T01:26:16.2690673Z [36;1mPY[0m
2026-10-10T01:26:16.2895636Z shell: /usr/bin/bash --noprofile --norc -e -o pipefail {0}
2026-10-10T01:26:16.2896221Z ##[endgroup]
2026-10-10T01:26:16.6205025Z {"core_sources": 2448, "family_sources": 4, "floor_instances": 4896, "protected_completions": 2586, "rejecting_first_toggles": 218, "upper_controls": 1}
2026-10-10T01:26:17.9370597Z {"complete_typed_reconstruction": true, "core_sources": 2448, "family_sources": 4, "floor_instances": 4896, "protected_completions": 2586, "rejecting_first_toggles": 218, "status": "PASS", "upper_controls": 1}
2026-10-10T01:26:17.9796554Z {"status": "PASS", "scientific_commit": "927836d37fbe858dea36c3e88856a53cbb69d7db", "verified_review_inputs": 20, "certificate_reproduced_byte_exact": true, "independent_full_reconstruction": true, "response_sha256": "34271b49122723e6a4ae167c934a1b2d8de6fb8c042aa472c3d04808a5e470b1"}
2026-10-10T01:26:17.9889349Z ##[group]Run python3 research_snapshot/.github/scripts/c3_capacity_gap_review.py
2026-10-10T01:26:17.9890067Z [36;1mpython3 research_snapshot/.github/scripts/c3_capacity_gap_review.py[0m
2026-10-10T01:26:17.9930391Z shell: /usr/bin/bash -e {0}
2026-10-10T01:26:17.9930753Z env:
2026-10-10T01:26:17.9931566Z   GEMINI_API_KEY: ***
2026-10-10T01:26:17.9931915Z   REVIEW_PHASE: publication
2026-10-10T01:26:17.9932242Z ##[endgroup]
2026-10-10T01:26:42.0629694Z Handoff independent verdict: ACCEPTED
2026-10-10T01:26:42.0630472Z Missing assumptions: 0
2026-10-10T01:26:42.0631002Z Counterexamples: 0
2026-10-10T01:26:42.0631742Z Response SHA256: 863352115c79e212884b896f42e2e07e5848446d7abc614bdd9d84ba981ba635
2026-10-10T01:26:42.0632337Z This is not scientific certification.
2026-10-10T01:26:42.1141373Z ##[group]Run actions/upload-artifact@v4
2026-10-10T01:26:42.1141778Z with:
2026-10-10T01:26:42.1142147Z   name: c3-capacity_gap-publication
2026-10-10T01:26:42.1142579Z   path: capacity_gap_publication/
capacity_gap_gate.json

2026-10-10T01:26:42.1143029Z   if-no-files-found: warn
2026-10-10T01:26:42.1143362Z   compression-level: 6
2026-10-10T01:26:42.1143737Z   overwrite: false
2026-10-10T01:26:42.1144030Z   include-hidden-files: false
2026-10-10T01:26:42.1144386Z ##[endgroup]
2026-10-10T01:26:42.2695014Z (node:2350) [DEP0040] DeprecationWarning: The `punycode` module is deprecated. Please use a userland alternative instead.
2026-10-10T01:26:42.2695824Z (Use `node --trace-deprecation ...` to show where the warning was created)
2026-10-10T01:26:42.2764963Z Multiple search paths detected. Calculating the least common ancestor of all paths
2026-10-10T01:26:42.2767242Z The least common ancestor is /home/runner/work/WetLabEngine/WetLabEngine. This will be the root directory of the artifact
2026-10-10T01:26:42.2768349Z With the provided path, there will be 3 files uploaded
2026-10-10T01:26:42.2777588Z Artifact name is valid!
2026-10-10T01:26:42.2778323Z Root directory input is valid!
2026-10-10T01:26:42.5316299Z Beginning upload of artifact content to blob storage
2026-10-10T01:26:42.5515156Z (node:2350) [DEP0169] DeprecationWarning: `url.parse()` behavior is not standardized and prone to errors that have security implications. Use the WHATWG URL API instead. CVEs are not issued for `url.parse()` vulnerabilities.
2026-10-10T01:26:42.6824519Z Uploaded bytes 3021
2026-10-10T01:26:42.7215309Z Finished uploading artifact content to blob storage!
2026-10-10T01:26:42.7217162Z SHA256 digest of uploaded artifact zip is 831d62a9dbd461bc81d3b83ab615385cf89440bfb664c19a4f63b906011e92b3
2026-10-10T01:26:42.7218637Z Finalizing artifact upload
2026-10-10T01:26:42.9347049Z Artifact c3-capacity_gap-publication.zip successfully finalized. Artifact ID 11654681806
2026-10-10T01:26:42.9348045Z Artifact c3-capacity_gap-publication has been successfully uploaded! Final size is 3021 bytes. Artifact ID is 11654681806
2026-10-10T01:26:42.9351615Z Artifact download URL: https://github.com/proteinfoldingengine/WetLabEngine/actions/runs/38013084106/artifacts/11654681806
2026-10-10T01:26:42.9880498Z Post job cleanup.
2026-10-10T01:26:43.0783708Z [command]/usr/bin/git version
2026-10-10T01:26:43.0825075Z git version 2.55.0
2026-10-10T01:26:43.0864188Z Temporarily overriding HOME='/home/runner/work/_temp/d5fcc7db-1b41-4fac-b918-2d3b58cc75dc' before making global git config changes
2026-10-10T01:26:43.0865581Z Adding repository directory to the temporary git global config as a safe directory
2026-10-10T01:26:43.0870849Z [command]/usr/bin/git config --global --add safe.directory /home/runner/work/WetLabEngine/WetLabEngine/research_snapshot
2026-10-10T01:26:43.1423045Z [command]/usr/bin/git config --local --name-only --get-regexp core\.sshCommand
2026-10-10T01:26:43.1460602Z [command]/usr/bin/git submodule foreach --recursive sh -c "git config --local --name-only --get-regexp 'core\.sshCommand' && git config --local --unset-all 'core.sshCommand' || :"
2026-10-10T01:26:43.1706000Z [command]/usr/bin/git config --local --name-only --get-regexp http\.https\:\/\/github\.com\/\.extraheader
2026-10-10T01:26:43.1745393Z [command]/usr/bin/git submodule foreach --recursive sh -c "git config --local --name-only --get-regexp 'http\.https\:\/\/github\.com\/\.extraheader' && git config --local --unset-all 'http.https://github.com/.extraheader' || :"
2026-10-10T01:26:43.1942690Z [command]/usr/bin/git config --local --name-only --get-regexp ^includeIf\.gitdir:
2026-10-10T01:26:43.1974738Z [command]/usr/bin/git submodule foreach --recursive git config --local --show-origin --name-only --get-regexp remote.origin.url
2026-10-10T01:26:43.3520405Z Cleaning up orphan processes
2026-10-10T01:26:43.3749575Z ##[warning]Node.js 20 is deprecated. The following actions target Node.js 20 but are being forced to run on Node.js 24: actions/checkout@v4, actions/download-artifact@v4, actions/upload-artifact@v4. For more information see: https://github.blog/changelog/2025-09-19-deprecation-of-node-20-on-github-actions-runners/

