2026-10-10T01:24:56.9718702Z Current runner version: '2.337.0'
2026-10-10T01:24:56.9735591Z ##[group]Runner Image Provisioner
2026-10-10T01:24:56.9736182Z Hosted Compute Agent
2026-10-10T01:24:56.9736585Z Version: 20261002.596
2026-10-10T01:24:56.9736983Z Commit: c3d12f3313a95f25162a1503be624f3b0617f8c0
2026-10-10T01:24:56.9737426Z Build Date: 2026-10-02T22:28:27Z
2026-10-10T01:24:56.9737881Z Worker ID: {b6a44b13-8d26-4fac-b280-ab43a24b3af1}
2026-10-10T01:24:56.9738339Z Region: centralus
2026-10-10T01:24:56.9738670Z Cloud: Azure
2026-10-10T01:24:56.9739056Z ##[endgroup]
2026-10-10T01:24:56.9739820Z ##[group]Operating System
2026-10-10T01:24:56.9740257Z Ubuntu
2026-10-10T01:24:56.9740609Z 24.04.5
2026-10-10T01:24:56.9740914Z LTS
2026-10-10T01:24:56.9741278Z ##[endgroup]
2026-10-10T01:24:56.9741614Z ##[group]Runner Image
2026-10-10T01:24:56.9742000Z Image: ubuntu-24.04
2026-10-10T01:24:56.9742390Z Version: 20261004.327.1
2026-10-10T01:24:56.9743402Z Included Software: https://github.com/actions/runner-images/blob/ubuntu24/20261004.327/images/ubuntu/Ubuntu2404-Readme.md
2026-10-10T01:24:56.9744291Z Image Release: https://github.com/actions/runner-images/releases/tag/ubuntu24%2F20261004.327
2026-10-10T01:24:56.9744881Z ##[endgroup]
2026-10-10T01:24:56.9745593Z ##[group]GITHUB_TOKEN Permissions
2026-10-10T01:24:56.9747145Z Contents: read
2026-10-10T01:24:56.9747515Z Metadata: read
2026-10-10T01:24:56.9747857Z ##[endgroup]
2026-10-10T01:24:56.9749256Z Secret source: Actions
2026-10-10T01:24:56.9749790Z Cache mode: write
2026-10-10T01:24:56.9750259Z Prepare workflow directory
2026-10-10T01:24:56.9949876Z Prepare all required actions
2026-10-10T01:24:56.9981178Z Getting action download info
2026-10-10T01:24:57.2322888Z Download action repository 'actions/checkout@v4' (SHA:11d5960a326750d5838078e36cf38b85af677262)
2026-10-10T01:24:57.3119295Z Download action repository 'actions/upload-artifact@v4' (SHA:ea165f8d65b6e75b540449e92b4886f43607fa02)
2026-10-10T01:24:57.5109004Z Complete job name: verification
2026-10-10T01:24:57.5556846Z ##[group]Run actions/checkout@v4
2026-10-10T01:24:57.5557271Z with:
2026-10-10T01:24:57.5557522Z   path: research_snapshot
2026-10-10T01:24:57.5557809Z   persist-credentials: false
2026-10-10T01:24:57.5558250Z   sparse-checkout: ResearchHistory/UQCF-GEM/research/physical-bridge
.github/scripts

2026-10-10T01:24:57.5558754Z   repository: proteinfoldingengine/WetLabEngine
2026-10-10T01:24:57.5560923Z   token: ***
2026-10-10T01:24:57.5561171Z   ssh-strict: true
2026-10-10T01:24:57.5561420Z   ssh-user: git
2026-10-10T01:24:57.5561661Z   clean: true
2026-10-10T01:24:57.5561915Z   sparse-checkout-cone-mode: true
2026-10-10T01:24:57.5562211Z   fetch-depth: 1
2026-10-10T01:24:57.5562457Z   fetch-tags: false
2026-10-10T01:24:57.5562844Z   show-progress: true
2026-10-10T01:24:57.5563098Z   lfs: false
2026-10-10T01:24:57.5563332Z   submodules: false
2026-10-10T01:24:57.5563590Z   set-safe-directory: true
2026-10-10T01:24:57.5563882Z   allow-unsafe-pr-checkout: false
2026-10-10T01:24:57.5564278Z ##[endgroup]
2026-10-10T01:24:57.6245925Z Syncing repository: proteinfoldingengine/WetLabEngine
2026-10-10T01:24:57.6247423Z ##[group]Getting Git version info
2026-10-10T01:24:57.6247895Z Working directory is '/home/runner/work/WetLabEngine/WetLabEngine/research_snapshot'
2026-10-10T01:24:57.6248523Z [command]/usr/bin/git version
2026-10-10T01:24:57.6313761Z git version 2.55.0
2026-10-10T01:24:57.6334211Z ##[endgroup]
2026-10-10T01:24:57.6339216Z Temporarily overriding HOME='/home/runner/work/_temp/de0a4714-8658-4e1d-8037-e51fe2145abb' before making global git config changes
2026-10-10T01:24:57.6340597Z Adding repository directory to the temporary git global config as a safe directory
2026-10-10T01:24:57.6341810Z [command]/usr/bin/git config --global --add safe.directory /home/runner/work/WetLabEngine/WetLabEngine/research_snapshot
2026-10-10T01:24:57.6387738Z ##[group]Initializing the repository
2026-10-10T01:24:57.6402160Z [command]/usr/bin/git init /home/runner/work/WetLabEngine/WetLabEngine/research_snapshot
2026-10-10T01:24:57.6488589Z hint: Using 'master' as the name for the initial branch. This default branch name
2026-10-10T01:24:57.6489644Z hint: will change to "main" in Git 3.0. To configure the initial branch name
2026-10-10T01:24:57.6490660Z hint: to use in all of your new repositories, which will suppress this warning,
2026-10-10T01:24:57.6492160Z hint: call:
2026-10-10T01:24:57.6492779Z hint:
2026-10-10T01:24:57.6493258Z hint: 	git config --global init.defaultBranch <name>
2026-10-10T01:24:57.6493810Z hint:
2026-10-10T01:24:57.6494438Z hint: Names commonly chosen instead of 'master' are 'main', 'trunk' and
2026-10-10T01:24:57.6495325Z hint: 'development'. The just-created branch can be renamed via this command:
2026-10-10T01:24:57.6496020Z hint:
2026-10-10T01:24:57.6496427Z hint: 	git branch -m <name>
2026-10-10T01:24:57.6496922Z hint:
2026-10-10T01:24:57.6497513Z hint: Disable this message with "git config set advice.defaultBranchName false"
2026-10-10T01:24:57.6498595Z Initialized empty Git repository in /home/runner/work/WetLabEngine/WetLabEngine/research_snapshot/.git/
2026-10-10T01:24:57.6500970Z [command]/usr/bin/git remote add origin https://github.com/proteinfoldingengine/WetLabEngine
2026-10-10T01:24:57.6544834Z ##[endgroup]
2026-10-10T01:24:57.6545565Z ##[group]Disabling automatic garbage collection
2026-10-10T01:24:57.6547758Z [command]/usr/bin/git config --local gc.auto 0
2026-10-10T01:24:57.6590514Z ##[endgroup]
2026-10-10T01:24:57.6590937Z ##[group]Setting up auth
2026-10-10T01:24:57.6591489Z [command]/usr/bin/git config --local --name-only --get-regexp core\.sshCommand
2026-10-10T01:24:57.6614439Z [command]/usr/bin/git submodule foreach --recursive sh -c "git config --local --name-only --get-regexp 'core\.sshCommand' && git config --local --unset-all 'core.sshCommand' || :"
2026-10-10T01:24:57.6899331Z [command]/usr/bin/git config --local --name-only --get-regexp http\.https\:\/\/github\.com\/\.extraheader
2026-10-10T01:24:57.6927895Z [command]/usr/bin/git submodule foreach --recursive sh -c "git config --local --name-only --get-regexp 'http\.https\:\/\/github\.com\/\.extraheader' && git config --local --unset-all 'http.https://github.com/.extraheader' || :"
2026-10-10T01:24:57.7104373Z [command]/usr/bin/git config --local --name-only --get-regexp ^includeIf\.gitdir:
2026-10-10T01:24:57.7133596Z [command]/usr/bin/git submodule foreach --recursive git config --local --show-origin --name-only --get-regexp remote.origin.url
2026-10-10T01:24:57.7308514Z [command]/usr/bin/git config --local http.https://github.com/.extraheader AUTHORIZATION: basic ***
2026-10-10T01:24:57.7340907Z ##[endgroup]
2026-10-10T01:24:57.7341471Z ##[group]Fetching the repository
2026-10-10T01:24:57.7347371Z [command]/usr/bin/git -c protocol.version=2 fetch --no-tags --prune --no-recurse-submodules --filter=blob:none --depth=1 origin +927836d37fbe858dea36c3e88856a53cbb69d7db:refs/remotes/origin/research/uqcf-overlapping-guard-exchange
2026-10-10T01:24:58.1763232Z From https://github.com/proteinfoldingengine/WetLabEngine
2026-10-10T01:24:58.1764151Z  * [new ref]         927836d37fbe858dea36c3e88856a53cbb69d7db -> origin/research/uqcf-overlapping-guard-exchange
2026-10-10T01:24:58.1768745Z ##[endgroup]
2026-10-10T01:24:58.1769335Z ##[group]Determining the checkout info
2026-10-10T01:24:58.1771106Z ##[endgroup]
2026-10-10T01:24:58.1771698Z ##[group]Setting up sparse checkout
2026-10-10T01:24:58.1777411Z [command]/usr/bin/git sparse-checkout set ResearchHistory/UQCF-GEM/research/physical-bridge .github/scripts
2026-10-10T01:24:58.1824002Z ##[endgroup]
2026-10-10T01:24:58.1825323Z ##[group]Checking out the ref
2026-10-10T01:24:58.1827165Z [command]/usr/bin/git checkout --progress --force -B research/uqcf-overlapping-guard-exchange refs/remotes/origin/research/uqcf-overlapping-guard-exchange
2026-10-10T01:24:59.0373765Z Switched to a new branch 'research/uqcf-overlapping-guard-exchange'
2026-10-10T01:24:59.0376991Z branch 'research/uqcf-overlapping-guard-exchange' set up to track 'origin/research/uqcf-overlapping-guard-exchange'.
2026-10-10T01:24:59.0385789Z ##[endgroup]
2026-10-10T01:24:59.0430096Z [command]/usr/bin/git log -1 --format=%H
2026-10-10T01:24:59.0452315Z 927836d37fbe858dea36c3e88856a53cbb69d7db
2026-10-10T01:24:59.0459354Z ##[group]Removing auth
2026-10-10T01:24:59.0461752Z [command]/usr/bin/git config --local --name-only --get-regexp core\.sshCommand
2026-10-10T01:24:59.0489297Z [command]/usr/bin/git submodule foreach --recursive sh -c "git config --local --name-only --get-regexp 'core\.sshCommand' && git config --local --unset-all 'core.sshCommand' || :"
2026-10-10T01:24:59.0677295Z [command]/usr/bin/git config --local --name-only --get-regexp http\.https\:\/\/github\.com\/\.extraheader
2026-10-10T01:24:59.0701600Z http.https://github.com/.extraheader
2026-10-10T01:24:59.0707178Z [command]/usr/bin/git config --local --unset-all http.https://github.com/.extraheader
2026-10-10T01:24:59.0735574Z [command]/usr/bin/git submodule foreach --recursive sh -c "git config --local --name-only --get-regexp 'http\.https\:\/\/github\.com\/\.extraheader' && git config --local --unset-all 'http.https://github.com/.extraheader' || :"
2026-10-10T01:24:59.0917725Z [command]/usr/bin/git config --local --name-only --get-regexp ^includeIf\.gitdir:
2026-10-10T01:24:59.0944116Z [command]/usr/bin/git submodule foreach --recursive git config --local --show-origin --name-only --get-regexp remote.origin.url
2026-10-10T01:24:59.1124676Z ##[endgroup]
2026-10-10T01:24:59.1311946Z ##[group]Run set -euo pipefail
2026-10-10T01:24:59.1313058Z [36;1mset -euo pipefail[0m
2026-10-10T01:24:59.1313867Z [36;1mmkdir capacity_gap_verification[0m
2026-10-10T01:24:59.1315119Z [36;1mROOT=research_snapshot/ResearchHistory/UQCF-GEM/research/physical-bridge[0m
2026-10-10T01:24:59.1317127Z [36;1mpython3 -m unittest discover -s "$ROOT/capacity_gap" -p test_capacity.py -v 2>&1 | tee capacity_gap_verification/contracts.log[0m
2026-10-10T01:24:59.1319596Z [36;1mpython3 "$ROOT/capacity_gap/producer.py" capacity_gap_verification/certificate.json | tee capacity_gap_verification/counts.json[0m
2026-10-10T01:24:59.1321533Z [36;1mpython3 "$ROOT/capacity_gap/producer.py" /tmp/repeated.json[0m
2026-10-10T01:24:59.1322998Z [36;1mcmp capacity_gap_verification/certificate.json /tmp/repeated.json[0m
2026-10-10T01:24:59.1325064Z [36;1mpython3 "$ROOT/capacity_gap/independent.py" capacity_gap_verification/certificate.json | tee capacity_gap_verification/independent.json[0m
2026-10-10T01:24:59.1327857Z [36;1mpython3 -m unittest discover -s "$ROOT/saturated_transfer" -p test_transfer.py -v 2>&1 | tee capacity_gap_verification/inherited_saturated_transfer.log[0m
2026-10-10T01:24:59.1330543Z [36;1mpython3 -m unittest discover -s "$ROOT/label_release" -p test_release.py -v 2>&1 | tee capacity_gap_verification/inherited_label_release.log[0m
2026-10-10T01:24:59.1333193Z [36;1mpython3 -m unittest discover -s "$ROOT/footprint" -p test_footprint.py -v 2>&1 | tee capacity_gap_verification/inherited_footprint.log[0m
2026-10-10T01:24:59.1335782Z [36;1mpython3 -m unittest discover -s "$ROOT/fixed_family" -p test_fixed_family.py -v 2>&1 | tee capacity_gap_verification/inherited_fixed_family.log[0m
2026-10-10T01:24:59.1338176Z [36;1mecho "scientific_sha=$(git -C research_snapshot rev-parse HEAD)" > capacity_gap_verification/provenance.txt[0m
2026-10-10T01:24:59.1340003Z [36;1mecho "workflow_sha=$GITHUB_SHA" >> capacity_gap_verification/provenance.txt[0m
2026-10-10T01:24:59.1341803Z [36;1msha256sum capacity_gap_verification/certificate.json > capacity_gap_verification/certificate.sha256[0m
2026-10-10T01:24:59.1560152Z shell: /usr/bin/bash --noprofile --norc -e -o pipefail {0}
2026-10-10T01:24:59.1561185Z ##[endgroup]
2026-10-10T01:25:00.2453176Z test_complete (test_capacity.Contracts.test_complete) ... ok
2026-10-10T01:25:00.2553928Z test_duplicate_core (test_capacity.Contracts.test_duplicate_core) ... ok
2026-10-10T01:25:00.2647757Z test_extra (test_capacity.Contracts.test_extra) ... ok
2026-10-10T01:25:00.2816521Z test_fake_absence (test_capacity.Contracts.test_fake_absence) ... ok
2026-10-10T01:25:00.2987286Z test_fake_witness (test_capacity.Contracts.test_fake_witness) ... ok
2026-10-10T01:25:00.2988628Z test_family_capacity (test_capacity.Contracts.test_family_capacity) ... ok
2026-10-10T01:25:00.2989118Z test_general_domain (test_capacity.Contracts.test_general_domain) ... ok
2026-10-10T01:25:00.3157388Z test_hidden_omission (test_capacity.Contracts.test_hidden_omission) ... ok
2026-10-10T01:25:00.3253507Z test_missing_core (test_capacity.Contracts.test_missing_core) ... ok
2026-10-10T01:25:00.3423582Z test_missing_family (test_capacity.Contracts.test_missing_family) ... ok
2026-10-10T01:25:00.3616202Z test_missing_maximal (test_capacity.Contracts.test_missing_maximal) ... ok
2026-10-10T01:25:00.3781127Z test_missing_toggle (test_capacity.Contracts.test_missing_toggle) ... ok
2026-10-10T01:25:00.3947820Z test_type (test_capacity.Contracts.test_type) ... ok
2026-10-10T01:25:00.3948566Z test_unbounded_pattern (test_capacity.Contracts.test_unbounded_pattern) ... ok
2026-10-10T01:25:00.4128125Z test_upper_forgery (test_capacity.Contracts.test_upper_forgery) ... ok
2026-10-10T01:25:00.4128824Z test_upper_native_control (test_capacity.Contracts.test_upper_native_control) ... ok
2026-10-10T01:25:00.4224659Z test_wrong_capacity (test_capacity.Contracts.test_wrong_capacity) ... ok
2026-10-10T01:25:00.4406151Z test_wrong_counts (test_capacity.Contracts.test_wrong_counts) ... ok
2026-10-10T01:25:00.4575905Z test_wrong_source (test_capacity.Contracts.test_wrong_source) ... ok
2026-10-10T01:25:00.4751893Z test_wrong_target (test_capacity.Contracts.test_wrong_target) ... ok
2026-10-10T01:25:00.4752277Z 
2026-10-10T01:25:00.4752427Z ----------------------------------------------------------------------
2026-10-10T01:25:00.4752979Z Ran 20 tests in 1.229s
2026-10-10T01:25:00.4753108Z 
2026-10-10T01:25:00.4753183Z OK
2026-10-10T01:25:00.7182099Z {"core_sources": 2448, "family_sources": 4, "floor_instances": 4896, "protected_completions": 2586, "rejecting_first_toggles": 218, "upper_controls": 1}
2026-10-10T01:25:00.9382741Z {"core_sources": 2448, "family_sources": 4, "floor_instances": 4896, "protected_completions": 2586, "rejecting_first_toggles": 218, "upper_controls": 1}
2026-10-10T01:25:01.7792077Z {"complete_typed_reconstruction": true, "core_sources": 2448, "family_sources": 4, "floor_instances": 4896, "protected_completions": 2586, "rejecting_first_toggles": 218, "status": "PASS", "upper_controls": 1}
2026-10-10T01:25:08.6233467Z test_bool_for_int (test_transfer.TransferContracts.test_bool_for_int) ... ok
2026-10-10T01:25:08.6742014Z test_duplicate_case (test_transfer.TransferContracts.test_duplicate_case) ... ok
2026-10-10T01:25:08.6743189Z test_empty_hidden_protected (test_transfer.TransferContracts.test_empty_hidden_protected) ... ok
2026-10-10T01:25:08.7391628Z test_entire_typed_domain (test_transfer.TransferContracts.test_entire_typed_domain) ... ok
2026-10-10T01:25:08.7394435Z test_every_forward_reverse_exact (test_transfer.TransferContracts.test_every_forward_reverse_exact) ... ok
2026-10-10T01:25:08.8077652Z test_extra_field (test_transfer.TransferContracts.test_extra_field) ... ok
2026-10-10T01:25:08.8568059Z test_floor_forged (test_transfer.TransferContracts.test_floor_forged) ... ok
2026-10-10T01:25:08.9632469Z test_forged_control (test_transfer.TransferContracts.test_forged_control) ... ok
2026-10-10T01:25:09.0690856Z test_forged_counts (test_transfer.TransferContracts.test_forged_counts) ... ok
2026-10-10T01:25:09.1343200Z test_hidden_change (test_transfer.TransferContracts.test_hidden_change) ... ok
2026-10-10T01:25:09.1855201Z test_missing_case (test_transfer.TransferContracts.test_missing_case) ... ok
2026-10-10T01:25:09.2372799Z test_missing_hidden (test_transfer.TransferContracts.test_missing_hidden) ... ok
2026-10-10T01:25:09.3540855Z test_missing_isolation (test_transfer.TransferContracts.test_missing_isolation) ... ok
2026-10-10T01:25:09.4034856Z test_missing_partition (test_transfer.TransferContracts.test_missing_partition) ... ok
2026-10-10T01:25:09.5097472Z test_missing_toggle (test_transfer.TransferContracts.test_missing_toggle) ... ok
2026-10-10T01:25:09.5098481Z test_native_rejecting_controls (test_transfer.TransferContracts.test_native_rejecting_controls) ... ok
2026-10-10T01:25:09.5103610Z test_one_block_isolation (test_transfer.TransferContracts.test_one_block_isolation) ... ok
2026-10-10T01:25:09.5591609Z test_private_cleanup_omitted (test_transfer.TransferContracts.test_private_cleanup_omitted) ... ok
2026-10-10T01:25:09.6195102Z test_wrong_donor (test_transfer.TransferContracts.test_wrong_donor) ... ok
2026-10-10T01:25:09.6683660Z test_wrong_hitting (test_transfer.TransferContracts.test_wrong_hitting) ... ok
2026-10-10T01:25:09.7170971Z test_wrong_reserve (test_transfer.TransferContracts.test_wrong_reserve) ... ok
2026-10-10T01:25:09.7660332Z test_wrong_reverse (test_transfer.TransferContracts.test_wrong_reverse) ... ok
2026-10-10T01:25:09.7660643Z 
2026-10-10T01:25:09.7660775Z ----------------------------------------------------------------------
2026-10-10T01:25:09.7661077Z Ran 22 tests in 7.936s
2026-10-10T01:25:09.7661223Z 
2026-10-10T01:25:09.7661359Z OK
2026-10-10T01:25:12.0551953Z test_first_progress_equivalence (test_release.Contracts.test_first_progress_equivalence) ... ok
2026-10-10T01:25:18.1226613Z test_full_independent_reconstruction (test_release.Contracts.test_full_independent_reconstruction) ... ok
2026-10-10T01:25:18.1227881Z test_host_only_endpoint_cost (test_release.Contracts.test_host_only_endpoint_cost) ... ok
2026-10-10T01:25:18.1245818Z test_loan_renewal (test_release.Contracts.test_loan_renewal) ... ok
2026-10-10T01:25:18.1246410Z test_native_capacity_obstruction (test_release.Contracts.test_native_capacity_obstruction) ... ok
2026-10-10T01:25:18.1247035Z test_native_upper_control (test_release.Contracts.test_native_upper_control) ... ok
2026-10-10T01:25:18.3241176Z test_reject_bad_mask (test_release.Contracts.test_reject_bad_mask) ... ok
2026-10-10T01:25:18.5174278Z test_reject_capacity (test_release.Contracts.test_reject_capacity) ... ok
2026-10-10T01:25:19.0937471Z test_reject_extra (test_release.Contracts.test_reject_extra) ... ok
2026-10-10T01:25:19.2780479Z test_reject_first_toggles (test_release.Contracts.test_reject_first_toggles) ... ok
2026-10-10T01:25:19.8485744Z test_reject_loan_cost (test_release.Contracts.test_reject_loan_cost) ... ok
2026-10-10T01:25:20.0345910Z test_reject_loan_mask (test_release.Contracts.test_reject_loan_mask) ... ok
2026-10-10T01:25:20.6177130Z test_reject_loan_slice (test_release.Contracts.test_reject_loan_slice) ... ok
2026-10-10T01:25:20.7967637Z test_reject_loan_tau (test_release.Contracts.test_reject_loan_tau) ... ok
2026-10-10T01:25:20.9812429Z test_reject_missing_loan (test_release.Contracts.test_reject_missing_loan) ... ok
2026-10-10T01:25:21.5543306Z test_reject_missing_mask (test_release.Contracts.test_reject_missing_mask) ... ok
2026-10-10T01:25:21.7438255Z test_reject_missing_source (test_release.Contracts.test_reject_missing_source) ... ok
2026-10-10T01:25:22.3343702Z test_reject_provenance (test_release.Contracts.test_reject_provenance) ... ok
2026-10-10T01:25:22.5298824Z test_reject_release_value (test_release.Contracts.test_reject_release_value) ... ok
2026-10-10T01:25:22.7263903Z test_reject_release_witness (test_release.Contracts.test_reject_release_witness) ... ok
2026-10-10T01:25:23.3222837Z test_reject_source_core (test_release.Contracts.test_reject_source_core) ... ok
2026-10-10T01:25:23.5105148Z test_reject_source_tau (test_release.Contracts.test_reject_source_tau) ... ok
2026-10-10T01:25:23.6982746Z test_reject_strict_pair (test_release.Contracts.test_reject_strict_pair) ... ok
2026-10-10T01:25:24.2699208Z test_reject_type (test_release.Contracts.test_reject_type) ... ok
2026-10-10T01:25:24.4602215Z test_reject_upper (test_release.Contracts.test_reject_upper) ... ok
2026-10-10T01:25:24.4602975Z test_release_criterion (test_release.Contracts.test_release_criterion) ... ok
2026-10-10T01:25:24.4603261Z 
2026-10-10T01:25:24.4603396Z ----------------------------------------------------------------------
2026-10-10T01:25:24.4603699Z Ran 26 tests in 14.604s
2026-10-10T01:25:24.4604183Z 
2026-10-10T01:25:24.4604277Z OK
2026-10-10T01:25:26.8478471Z test_complete_independent_reconstruction (test_footprint.Contracts.test_complete_independent_reconstruction) ... ok
2026-10-10T01:25:26.8479217Z test_cross_role_hidden_witness (test_footprint.Contracts.test_cross_role_hidden_witness) ... ok
2026-10-10T01:25:26.8479822Z test_declared_universe (test_footprint.Contracts.test_declared_universe) ... ok
2026-10-10T01:25:26.8480343Z test_premature_deletion (test_footprint.Contracts.test_premature_deletion) ... ok
2026-10-10T01:25:26.9839353Z test_reject_boolean_type (test_footprint.Contracts.test_reject_boolean_type) ... ok
2026-10-10T01:25:27.0274507Z test_reject_classification (test_footprint.Contracts.test_reject_classification) ... ok
2026-10-10T01:25:27.0706824Z test_reject_conditions (test_footprint.Contracts.test_reject_conditions) ... ok
2026-10-10T01:25:27.1947185Z test_reject_deadlock (test_footprint.Contracts.test_reject_deadlock) ... ok
2026-10-10T01:25:27.2401399Z test_reject_duplicate_row (test_footprint.Contracts.test_reject_duplicate_row) ... ok
2026-10-10T01:25:27.2849002Z test_reject_floor (test_footprint.Contracts.test_reject_floor) ... ok
2026-10-10T01:25:27.4062205Z test_reject_missing_fixture (test_footprint.Contracts.test_reject_missing_fixture) ... ok
2026-10-10T01:25:27.4511333Z test_reject_missing_row (test_footprint.Contracts.test_reject_missing_row) ... ok
2026-10-10T01:25:27.4947852Z test_reject_path (test_footprint.Contracts.test_reject_path) ... ok
2026-10-10T01:25:27.6195238Z test_reject_protected_mask (test_footprint.Contracts.test_reject_protected_mask) ... ok
2026-10-10T01:25:27.6620702Z test_reject_provenance (test_footprint.Contracts.test_reject_provenance) ... ok
2026-10-10T01:25:27.7825353Z test_reject_source_core (test_footprint.Contracts.test_reject_source_core) ... ok
2026-10-10T01:25:27.8254901Z test_reject_tau (test_footprint.Contracts.test_reject_tau) ... ok
2026-10-10T01:25:27.8681818Z test_reject_unknown_field (test_footprint.Contracts.test_reject_unknown_field) ... ok
2026-10-10T01:25:27.9915239Z test_reject_upper (test_footprint.Contracts.test_reject_upper) ... ok
2026-10-10T01:25:28.0345562Z test_reject_violations (test_footprint.Contracts.test_reject_violations) ... ok
2026-10-10T01:25:28.0353342Z test_sharp_exchange (test_footprint.Contracts.test_sharp_exchange) ... ok
2026-10-10T01:25:28.0353811Z test_upper_control (test_footprint.Contracts.test_upper_control) ... ok
2026-10-10T01:25:28.0354058Z 
2026-10-10T01:25:28.0354196Z ----------------------------------------------------------------------
2026-10-10T01:25:28.0354489Z Ran 22 tests in 2.392s
2026-10-10T01:25:28.0354607Z 
2026-10-10T01:25:28.0354680Z OK
2026-10-10T01:25:28.4038160Z test_all_categories (test_fixed_family.Contracts.test_all_categories) ... ok
2026-10-10T01:25:28.6682437Z test_category (test_fixed_family.Contracts.test_category) ... ok
2026-10-10T01:25:28.7543270Z test_complement_tau (test_fixed_family.Contracts.test_complement_tau) ... ok
2026-10-10T01:25:28.7770761Z test_complete (test_fixed_family.Contracts.test_complete) ... ok
2026-10-10T01:25:28.8679544Z test_core_intersection (test_fixed_family.Contracts.test_core_intersection) ... ok
2026-10-10T01:25:28.9526874Z test_duplicate_completion (test_fixed_family.Contracts.test_duplicate_completion) ... ok
2026-10-10T01:25:29.0446745Z test_duplicate_state (test_fixed_family.Contracts.test_duplicate_state) ... ok
2026-10-10T01:25:29.1299579Z test_false_floor_extension (test_fixed_family.Contracts.test_false_floor_extension) ... ok
2026-10-10T01:25:29.2221268Z test_false_hidden_control (test_fixed_family.Contracts.test_false_hidden_control) ... ok
2026-10-10T01:25:29.3073201Z test_false_native_access (test_fixed_family.Contracts.test_false_native_access) ... ok
2026-10-10T01:25:29.3921338Z test_false_retarget (test_fixed_family.Contracts.test_false_retarget) ... ok
2026-10-10T01:25:29.4831182Z test_floor (test_fixed_family.Contracts.test_floor) ... ok
2026-10-10T01:25:29.4885911Z test_full_partition (test_fixed_family.Contracts.test_full_partition) ... ok
2026-10-10T01:25:29.5742403Z test_missing_completion (test_fixed_family.Contracts.test_missing_completion) ... ok
2026-10-10T01:25:29.6677061Z test_missing_false_member (test_fixed_family.Contracts.test_missing_false_member) ... ok
2026-10-10T01:25:29.7533842Z test_missing_fiber (test_fixed_family.Contracts.test_missing_fiber) ... ok
2026-10-10T01:25:29.8457888Z test_missing_state (test_fixed_family.Contracts.test_missing_state) ... ok
2026-10-10T01:25:29.9302785Z test_preparation (test_fixed_family.Contracts.test_preparation) ... ok
2026-10-10T01:25:30.0170847Z test_protected (test_fixed_family.Contracts.test_protected) ... ok
2026-10-10T01:25:30.1094988Z test_scope (test_fixed_family.Contracts.test_scope) ... ok
2026-10-10T01:25:30.1104676Z test_sharp_preparation (test_fixed_family.Contracts.test_sharp_preparation) ... ok
2026-10-10T01:25:30.1964191Z test_state (test_fixed_family.Contracts.test_state) ... ok
2026-10-10T01:25:30.2903692Z test_substitute_fiber (test_fixed_family.Contracts.test_substitute_fiber) ... ok
2026-10-10T01:25:30.3758886Z test_substituted_truth (test_fixed_family.Contracts.test_substituted_truth) ... ok
2026-10-10T01:25:30.4676815Z test_tau (test_fixed_family.Contracts.test_tau) ... ok
2026-10-10T01:25:30.5538051Z test_type (test_fixed_family.Contracts.test_type) ... ok
2026-10-10T01:25:30.6391810Z test_witness_protected (test_fixed_family.Contracts.test_witness_protected) ... ok
2026-10-10T01:25:30.7308650Z test_witness_tau (test_fixed_family.Contracts.test_witness_tau) ... ok
2026-10-10T01:25:30.7308850Z 
2026-10-10T01:25:30.7308939Z ----------------------------------------------------------------------
2026-10-10T01:25:30.7309147Z Ran 28 tests in 2.485s
2026-10-10T01:25:30.7309226Z 
2026-10-10T01:25:30.7309277Z OK
2026-10-10T01:25:30.7573315Z ##[group]Run actions/upload-artifact@v4
2026-10-10T01:25:30.7573479Z with:
2026-10-10T01:25:30.7573607Z   name: c3-capacity_gap-verification
2026-10-10T01:25:30.7573763Z   path: capacity_gap_verification/
2026-10-10T01:25:30.7573925Z   if-no-files-found: warn
2026-10-10T01:25:30.7574070Z   compression-level: 6
2026-10-10T01:25:30.7574191Z   overwrite: false
2026-10-10T01:25:30.7574317Z   include-hidden-files: false
2026-10-10T01:25:30.7574455Z ##[endgroup]
2026-10-10T01:25:30.8611931Z (node:2192) [DEP0040] DeprecationWarning: The `punycode` module is deprecated. Please use a userland alternative instead.
2026-10-10T01:25:30.8612351Z (Use `node --trace-deprecation ...` to show where the warning was created)
2026-10-10T01:25:30.8656009Z With the provided path, there will be 10 files uploaded
2026-10-10T01:25:30.8659664Z Artifact name is valid!
2026-10-10T01:25:30.8659886Z Root directory input is valid!
2026-10-10T01:25:31.1346845Z Beginning upload of artifact content to blob storage
2026-10-10T01:25:31.1570523Z (node:2192) [DEP0169] DeprecationWarning: `url.parse()` behavior is not standardized and prone to errors that have security implications. Use the WHATWG URL API instead. CVEs are not issued for `url.parse()` vulnerabilities.
2026-10-10T01:25:31.3157588Z Uploaded bytes 21290
2026-10-10T01:25:31.3521259Z Finished uploading artifact content to blob storage!
2026-10-10T01:25:31.3521771Z SHA256 digest of uploaded artifact zip is cc4075ec4a27eef3a8c8cbdfd9e038f66e8fa600c407cf46129380cad24a4d3e
2026-10-10T01:25:31.3523224Z Finalizing artifact upload
2026-10-10T01:25:31.5859426Z Artifact c3-capacity_gap-verification.zip successfully finalized. Artifact ID 11655201340
2026-10-10T01:25:31.5860120Z Artifact c3-capacity_gap-verification has been successfully uploaded! Final size is 21290 bytes. Artifact ID is 11655201340
2026-10-10T01:25:31.5864187Z Artifact download URL: https://github.com/proteinfoldingengine/WetLabEngine/actions/runs/38013084106/artifacts/11655201340
2026-10-10T01:25:31.6021501Z Post job cleanup.
2026-10-10T01:25:31.6559739Z [command]/usr/bin/git version
2026-10-10T01:25:31.6591392Z git version 2.55.0
2026-10-10T01:25:31.6613726Z Temporarily overriding HOME='/home/runner/work/_temp/1d189afa-ac44-4191-b263-cfdad346dfbf' before making global git config changes
2026-10-10T01:25:31.6614686Z Adding repository directory to the temporary git global config as a safe directory
2026-10-10T01:25:31.6618258Z [command]/usr/bin/git config --global --add safe.directory /home/runner/work/WetLabEngine/WetLabEngine/research_snapshot
2026-10-10T01:25:31.6651596Z [command]/usr/bin/git config --local --name-only --get-regexp core\.sshCommand
2026-10-10T01:25:31.6678578Z [command]/usr/bin/git submodule foreach --recursive sh -c "git config --local --name-only --get-regexp 'core\.sshCommand' && git config --local --unset-all 'core.sshCommand' || :"
2026-10-10T01:25:31.6884567Z [command]/usr/bin/git config --local --name-only --get-regexp http\.https\:\/\/github\.com\/\.extraheader
2026-10-10T01:25:31.6918068Z [command]/usr/bin/git submodule foreach --recursive sh -c "git config --local --name-only --get-regexp 'http\.https\:\/\/github\.com\/\.extraheader' && git config --local --unset-all 'http.https://github.com/.extraheader' || :"
2026-10-10T01:25:31.7130440Z [command]/usr/bin/git config --local --name-only --get-regexp ^includeIf\.gitdir:
2026-10-10T01:25:31.7160968Z [command]/usr/bin/git submodule foreach --recursive git config --local --show-origin --name-only --get-regexp remote.origin.url
2026-10-10T01:25:31.7485551Z Cleaning up orphan processes
2026-10-10T01:25:31.7675709Z ##[warning]Node.js 20 is deprecated. The following actions target Node.js 20 but are being forced to run on Node.js 24: actions/checkout@v4, actions/upload-artifact@v4. For more information see: https://github.blog/changelog/2025-09-19-deprecation-of-node-20-on-github-actions-runners/

