2026-10-09T14:41:58.8418437Z Current runner version: '2.337.0'
2026-10-09T14:41:58.8449885Z ##[group]Runner Image Provisioner
2026-10-09T14:41:58.8451180Z Hosted Compute Agent
2026-10-09T14:41:58.8451993Z Version: 20261002.596
2026-10-09T14:41:58.8452933Z Commit: c3d12f3313a95f25162a1503be624f3b0617f8c0
2026-10-09T14:41:58.8453953Z Build Date: 2026-10-02T22:28:27Z
2026-10-09T14:41:58.8455616Z Worker ID: {bc3d4d94-7a34-4dad-ab58-eed5fd55c5ea}
2026-10-09T14:41:58.8456727Z Region: eastus
2026-10-09T14:41:58.8457519Z Cloud: Azure
2026-10-09T14:41:58.8458349Z ##[endgroup]
2026-10-09T14:41:58.8460324Z ##[group]Operating System
2026-10-09T14:41:58.8461258Z Ubuntu
2026-10-09T14:41:58.8462033Z 24.04.5
2026-10-09T14:41:58.8462771Z LTS
2026-10-09T14:41:58.8463643Z ##[endgroup]
2026-10-09T14:41:58.8464421Z ##[group]Runner Image
2026-10-09T14:41:58.8465528Z Image: ubuntu-24.04
2026-10-09T14:41:58.8466402Z Version: 20261004.327.1
2026-10-09T14:41:58.8468306Z Included Software: https://github.com/actions/runner-images/blob/ubuntu24/20261004.327/images/ubuntu/Ubuntu2404-Readme.md
2026-10-09T14:41:58.8470602Z Image Release: https://github.com/actions/runner-images/releases/tag/ubuntu24%2F20261004.327
2026-10-09T14:41:58.8472176Z ##[endgroup]
2026-10-09T14:41:58.8473700Z ##[group]GITHUB_TOKEN Permissions
2026-10-09T14:41:58.8476552Z Contents: read
2026-10-09T14:41:58.8477347Z Metadata: read
2026-10-09T14:41:58.8478234Z ##[endgroup]
2026-10-09T14:41:58.8480934Z Secret source: Actions
2026-10-09T14:41:58.8482304Z Cache mode: write
2026-10-09T14:41:58.8483498Z Prepare workflow directory
2026-10-09T14:41:58.8899893Z Prepare all required actions
2026-10-09T14:41:58.8963652Z Getting action download info
2026-10-09T14:41:59.0812309Z Download action repository 'actions/checkout@v4' (SHA:11d5960a326750d5838078e36cf38b85af677262)
2026-10-09T14:41:59.2441291Z Download action repository 'actions/download-artifact@v4' (SHA:d3f86a106a0bac45b974a628896c90dbdf5c8093)
2026-10-09T14:41:59.4604744Z Download action repository 'actions/upload-artifact@v4' (SHA:ea165f8d65b6e75b540449e92b4886f43607fa02)
2026-10-09T14:41:59.7232632Z Complete job name: mathematical-review
2026-10-09T14:41:59.7992107Z ##[group]Run actions/checkout@v4
2026-10-09T14:41:59.7993040Z with:
2026-10-09T14:41:59.7993544Z   path: research_snapshot
2026-10-09T14:41:59.7994434Z   persist-credentials: false
2026-10-09T14:41:59.7996136Z   sparse-checkout: ResearchHistory/UQCF-GEM/research/physical-bridge
.github/scripts

2026-10-09T14:41:59.7997872Z   repository: proteinfoldingengine/WetLabEngine
2026-10-09T14:41:59.8008205Z   token: ***
2026-10-09T14:41:59.8008735Z   ssh-strict: true
2026-10-09T14:41:59.8009246Z   ssh-user: git
2026-10-09T14:41:59.8009751Z   clean: true
2026-10-09T14:41:59.8010276Z   sparse-checkout-cone-mode: true
2026-10-09T14:41:59.8010939Z   fetch-depth: 1
2026-10-09T14:41:59.8011441Z   fetch-tags: false
2026-10-09T14:41:59.8011982Z   show-progress: true
2026-10-09T14:41:59.8012516Z   lfs: false
2026-10-09T14:41:59.8012990Z   submodules: false
2026-10-09T14:41:59.8013508Z   set-safe-directory: true
2026-10-09T14:41:59.8014161Z   allow-unsafe-pr-checkout: false
2026-10-09T14:41:59.8015515Z ##[endgroup]
2026-10-09T14:41:59.9019291Z Syncing repository: proteinfoldingengine/WetLabEngine
2026-10-09T14:41:59.9022578Z ##[group]Getting Git version info
2026-10-09T14:41:59.9024405Z Working directory is '/home/runner/work/WetLabEngine/WetLabEngine/research_snapshot'
2026-10-09T14:41:59.9027251Z [command]/usr/bin/git version
2026-10-09T14:41:59.9179266Z git version 2.55.0
2026-10-09T14:41:59.9200525Z ##[endgroup]
2026-10-09T14:41:59.9213829Z Temporarily overriding HOME='/home/runner/work/_temp/2149b56b-688e-4287-91f0-de2ec779ed87' before making global git config changes
2026-10-09T14:41:59.9217322Z Adding repository directory to the temporary git global config as a safe directory
2026-10-09T14:41:59.9220408Z [command]/usr/bin/git config --global --add safe.directory /home/runner/work/WetLabEngine/WetLabEngine/research_snapshot
2026-10-09T14:41:59.9270060Z ##[group]Initializing the repository
2026-10-09T14:41:59.9276280Z [command]/usr/bin/git init /home/runner/work/WetLabEngine/WetLabEngine/research_snapshot
2026-10-09T14:41:59.9363575Z hint: Using 'master' as the name for the initial branch. This default branch name
2026-10-09T14:41:59.9365365Z hint: will change to "main" in Git 3.0. To configure the initial branch name
2026-10-09T14:41:59.9367077Z hint: to use in all of your new repositories, which will suppress this warning,
2026-10-09T14:41:59.9368119Z hint: call:
2026-10-09T14:41:59.9368578Z hint:
2026-10-09T14:41:59.9369186Z hint: 	git config --global init.defaultBranch <name>
2026-10-09T14:41:59.9370230Z hint:
2026-10-09T14:41:59.9370977Z hint: Names commonly chosen instead of 'master' are 'main', 'trunk' and
2026-10-09T14:41:59.9372327Z hint: 'development'. The just-created branch can be renamed via this command:
2026-10-09T14:41:59.9373360Z hint:
2026-10-09T14:41:59.9373860Z hint: 	git branch -m <name>
2026-10-09T14:41:59.9374450Z hint:
2026-10-09T14:41:59.9375463Z hint: Disable this message with "git config set advice.defaultBranchName false"
2026-10-09T14:41:59.9381136Z Initialized empty Git repository in /home/runner/work/WetLabEngine/WetLabEngine/research_snapshot/.git/
2026-10-09T14:41:59.9393781Z [command]/usr/bin/git remote add origin https://github.com/proteinfoldingengine/WetLabEngine
2026-10-09T14:41:59.9439365Z ##[endgroup]
2026-10-09T14:41:59.9440824Z ##[group]Disabling automatic garbage collection
2026-10-09T14:41:59.9442971Z [command]/usr/bin/git config --local gc.auto 0
2026-10-09T14:41:59.9476659Z ##[endgroup]
2026-10-09T14:41:59.9477954Z ##[group]Setting up auth
2026-10-09T14:41:59.9483355Z [command]/usr/bin/git config --local --name-only --get-regexp core\.sshCommand
2026-10-09T14:41:59.9526263Z [command]/usr/bin/git submodule foreach --recursive sh -c "git config --local --name-only --get-regexp 'core\.sshCommand' && git config --local --unset-all 'core.sshCommand' || :"
2026-10-09T14:41:59.9863698Z [command]/usr/bin/git config --local --name-only --get-regexp http\.https\:\/\/github\.com\/\.extraheader
2026-10-09T14:41:59.9907699Z [command]/usr/bin/git submodule foreach --recursive sh -c "git config --local --name-only --get-regexp 'http\.https\:\/\/github\.com\/\.extraheader' && git config --local --unset-all 'http.https://github.com/.extraheader' || :"
2026-10-09T14:42:00.0125918Z [command]/usr/bin/git config --local --name-only --get-regexp ^includeIf\.gitdir:
2026-10-09T14:42:00.0160856Z [command]/usr/bin/git submodule foreach --recursive git config --local --show-origin --name-only --get-regexp remote.origin.url
2026-10-09T14:42:00.0381674Z [command]/usr/bin/git config --local http.https://github.com/.extraheader AUTHORIZATION: basic ***
2026-10-09T14:42:00.0421984Z ##[endgroup]
2026-10-09T14:42:00.0422903Z ##[group]Fetching the repository
2026-10-09T14:42:00.0432080Z [command]/usr/bin/git -c protocol.version=2 fetch --no-tags --prune --no-recurse-submodules --filter=blob:none --depth=1 origin +5487616ed57d0922825ffb3dad438674a3c1449e:refs/remotes/origin/research/uqcf-overlapping-guard-exchange
2026-10-09T14:42:00.2904889Z From https://github.com/proteinfoldingengine/WetLabEngine
2026-10-09T14:42:00.2906714Z  * [new ref]         5487616ed57d0922825ffb3dad438674a3c1449e -> origin/research/uqcf-overlapping-guard-exchange
2026-10-09T14:42:00.2910481Z ##[endgroup]
2026-10-09T14:42:00.2911868Z ##[group]Determining the checkout info
2026-10-09T14:42:00.2913559Z ##[endgroup]
2026-10-09T14:42:00.2915037Z ##[group]Setting up sparse checkout
2026-10-09T14:42:00.2920963Z [command]/usr/bin/git sparse-checkout set ResearchHistory/UQCF-GEM/research/physical-bridge .github/scripts
2026-10-09T14:42:00.2969064Z ##[endgroup]
2026-10-09T14:42:00.2970682Z ##[group]Checking out the ref
2026-10-09T14:42:00.2974413Z [command]/usr/bin/git checkout --progress --force -B research/uqcf-overlapping-guard-exchange refs/remotes/origin/research/uqcf-overlapping-guard-exchange
2026-10-09T14:42:01.0555475Z Switched to a new branch 'research/uqcf-overlapping-guard-exchange'
2026-10-09T14:42:01.0558649Z branch 'research/uqcf-overlapping-guard-exchange' set up to track 'origin/research/uqcf-overlapping-guard-exchange'.
2026-10-09T14:42:01.0568600Z ##[endgroup]
2026-10-09T14:42:01.0622017Z [command]/usr/bin/git log -1 --format=%H
2026-10-09T14:42:01.0649878Z 5487616ed57d0922825ffb3dad438674a3c1449e
2026-10-09T14:42:01.0658227Z ##[group]Removing auth
2026-10-09T14:42:01.0661266Z [command]/usr/bin/git config --local --name-only --get-regexp core\.sshCommand
2026-10-09T14:42:01.0691741Z [command]/usr/bin/git submodule foreach --recursive sh -c "git config --local --name-only --get-regexp 'core\.sshCommand' && git config --local --unset-all 'core.sshCommand' || :"
2026-10-09T14:42:01.0920421Z [command]/usr/bin/git config --local --name-only --get-regexp http\.https\:\/\/github\.com\/\.extraheader
2026-10-09T14:42:01.0948197Z http.https://github.com/.extraheader
2026-10-09T14:42:01.0954523Z [command]/usr/bin/git config --local --unset-all http.https://github.com/.extraheader
2026-10-09T14:42:01.0986752Z [command]/usr/bin/git submodule foreach --recursive sh -c "git config --local --name-only --get-regexp 'http\.https\:\/\/github\.com\/\.extraheader' && git config --local --unset-all 'http.https://github.com/.extraheader' || :"
2026-10-09T14:42:01.1210004Z [command]/usr/bin/git config --local --name-only --get-regexp ^includeIf\.gitdir:
2026-10-09T14:42:01.1241655Z [command]/usr/bin/git submodule foreach --recursive git config --local --show-origin --name-only --get-regexp remote.origin.url
2026-10-09T14:42:01.1469103Z ##[endgroup]
2026-10-09T14:42:01.1693646Z ##[group]Run actions/download-artifact@v4
2026-10-09T14:42:01.1693999Z with:
2026-10-09T14:42:01.1694273Z   name: c3-transfer-verification
2026-10-09T14:42:01.1694589Z   path: transfer_verification
2026-10-09T14:42:01.1694894Z   merge-multiple: false
2026-10-09T14:42:01.1695429Z   repository: proteinfoldingengine/WetLabEngine
2026-10-09T14:42:01.1695779Z   run-id: 37946082524
2026-10-09T14:42:01.1696050Z ##[endgroup]
2026-10-09T14:42:01.3093225Z Downloading single artifact
2026-10-09T14:42:01.3254096Z (node:2167) [DEP0040] DeprecationWarning: The `punycode` module is deprecated. Please use a userland alternative instead.
2026-10-09T14:42:01.3255039Z (Use `node --trace-deprecation ...` to show where the warning was created)
2026-10-09T14:42:01.4107386Z Preparing to download the following artifacts:
2026-10-09T14:42:01.4109089Z - c3-transfer-verification (ID: 11623511159, Size: 76190, Expected Digest: sha256:0c3f17c3f92fd91e6e0033178cd673e41a2f86555ea6d5b81f2d967bc39d523a)
2026-10-09T14:42:01.5535977Z Redirecting to blob download url: https://productionresultssa4.blob.core.windows.net/actions-results/812ef44c-b3b7-8c71-9fdc-9097a9b3c98d/workflow-job-run-e7137854-ad75-58dd-92fa-9b4406f1ab1b/artifacts/c5c10761352a43d625cb5a73727a3ba5efaa431fff4fc1e0f7f3b33cceed58da.zip
2026-10-09T14:42:01.5537558Z Starting download of artifact to: /home/runner/work/WetLabEngine/WetLabEngine/transfer_verification
2026-10-09T14:42:01.5800280Z (node:2167) [DEP0005] DeprecationWarning: Buffer() is deprecated due to security and usability issues. Please use the Buffer.alloc(), Buffer.allocUnsafe(), or Buffer.from() methods instead.
2026-10-09T14:42:01.5952769Z SHA256 digest of downloaded artifact is 0c3f17c3f92fd91e6e0033178cd673e41a2f86555ea6d5b81f2d967bc39d523a
2026-10-09T14:42:01.5953570Z Artifact download completed successfully.
2026-10-09T14:42:01.5954131Z Total of 1 artifact(s) downloaded
2026-10-09T14:42:01.5959304Z Download artifact has finished successfully
2026-10-09T14:42:01.6135781Z ##[group]Run python3 research_snapshot/.github/scripts/c3_transfer_review.py
2026-10-09T14:42:01.6136353Z [36;1mpython3 research_snapshot/.github/scripts/c3_transfer_review.py[0m
2026-10-09T14:42:01.6358713Z shell: /usr/bin/bash -e {0}
2026-10-09T14:42:01.6358998Z env:
2026-10-09T14:42:01.6359576Z   GEMINI_API_KEY: ***
2026-10-09T14:42:01.6359796Z ##[endgroup]
2026-10-09T14:42:44.5012654Z Handoff independent verdict: ACCEPTED
2026-10-09T14:42:44.5013066Z Missing assumptions: 0
2026-10-09T14:42:44.5013281Z Counterexamples: 0
2026-10-09T14:42:44.5013875Z Response SHA256: 5e01ecbcdbbe6ac6aa3f32973fce94087dddcb4af8f02c32b14432f1ee167fbe
2026-10-09T14:42:44.5014257Z This is not scientific certification.
2026-10-09T14:42:44.5167260Z ##[group]Run actions/upload-artifact@v4
2026-10-09T14:42:44.5167523Z with:
2026-10-09T14:42:44.5167722Z   name: c3-transfer-review
2026-10-09T14:42:44.5167954Z   path: transfer_review/
2026-10-09T14:42:44.5168179Z   if-no-files-found: warn
2026-10-09T14:42:44.5168396Z   compression-level: 6
2026-10-09T14:42:44.5168615Z   overwrite: false
2026-10-09T14:42:44.5168820Z   include-hidden-files: false
2026-10-09T14:42:44.5169045Z ##[endgroup]
2026-10-09T14:42:44.6656720Z (node:2188) [DEP0040] DeprecationWarning: The `punycode` module is deprecated. Please use a userland alternative instead.
2026-10-09T14:42:44.6657472Z (Use `node --trace-deprecation ...` to show where the warning was created)
2026-10-09T14:42:44.6702918Z With the provided path, there will be 2 files uploaded
2026-10-09T14:42:44.6707447Z Artifact name is valid!
2026-10-09T14:42:44.6708012Z Root directory input is valid!
2026-10-09T14:42:44.8852103Z Beginning upload of artifact content to blob storage
2026-10-09T14:42:44.9017791Z (node:2188) [DEP0169] DeprecationWarning: `url.parse()` behavior is not standardized and prone to errors that have security implications. Use the WHATWG URL API instead. CVEs are not issued for `url.parse()` vulnerabilities.
2026-10-09T14:42:44.9247466Z Uploaded bytes 2213
2026-10-09T14:42:44.9379637Z Finished uploading artifact content to blob storage!
2026-10-09T14:42:44.9380560Z SHA256 digest of uploaded artifact zip is 72f48609bc42c4079ee4381398627c5eb6f62ba4c5cb052bd0eefd061da850b0
2026-10-09T14:42:44.9381680Z Finalizing artifact upload
2026-10-09T14:42:45.1376077Z Artifact c3-transfer-review.zip successfully finalized. Artifact ID 11624420987
2026-10-09T14:42:45.1377052Z Artifact c3-transfer-review has been successfully uploaded! Final size is 2213 bytes. Artifact ID is 11624420987
2026-10-09T14:42:45.1378023Z Artifact download URL: https://github.com/proteinfoldingengine/WetLabEngine/actions/runs/37946082524/artifacts/11624420987
2026-10-09T14:42:45.1529725Z Post job cleanup.
2026-10-09T14:42:45.2274814Z [command]/usr/bin/git version
2026-10-09T14:42:45.2314121Z git version 2.55.0
2026-10-09T14:42:45.2347475Z Temporarily overriding HOME='/home/runner/work/_temp/526ac71c-e529-49f7-b5ac-fefff0687f7c' before making global git config changes
2026-10-09T14:42:45.2348866Z Adding repository directory to the temporary git global config as a safe directory
2026-10-09T14:42:45.2352518Z [command]/usr/bin/git config --global --add safe.directory /home/runner/work/WetLabEngine/WetLabEngine/research_snapshot
2026-10-09T14:42:45.2387531Z [command]/usr/bin/git config --local --name-only --get-regexp core\.sshCommand
2026-10-09T14:42:45.2420620Z [command]/usr/bin/git submodule foreach --recursive sh -c "git config --local --name-only --get-regexp 'core\.sshCommand' && git config --local --unset-all 'core.sshCommand' || :"
2026-10-09T14:42:45.2686155Z [command]/usr/bin/git config --local --name-only --get-regexp http\.https\:\/\/github\.com\/\.extraheader
2026-10-09T14:42:45.2719561Z [command]/usr/bin/git submodule foreach --recursive sh -c "git config --local --name-only --get-regexp 'http\.https\:\/\/github\.com\/\.extraheader' && git config --local --unset-all 'http.https://github.com/.extraheader' || :"
2026-10-09T14:42:45.2983023Z [command]/usr/bin/git config --local --name-only --get-regexp ^includeIf\.gitdir:
2026-10-09T14:42:45.3019451Z [command]/usr/bin/git submodule foreach --recursive git config --local --show-origin --name-only --get-regexp remote.origin.url
2026-10-09T14:42:45.3392864Z Cleaning up orphan processes
2026-10-09T14:42:45.3641801Z ##[warning]Node.js 20 is deprecated. The following actions target Node.js 20 but are being forced to run on Node.js 24: actions/checkout@v4, actions/download-artifact@v4, actions/upload-artifact@v4. For more information see: https://github.blog/changelog/2025-09-19-deprecation-of-node-20-on-github-actions-runners/
