2026-10-09T14:42:50.0457297Z Current runner version: '2.337.0'
2026-10-09T14:42:50.0482853Z ##[group]Runner Image Provisioner
2026-10-09T14:42:50.0483786Z Hosted Compute Agent
2026-10-09T14:42:50.0484727Z Version: 20261002.596
2026-10-09T14:42:50.0485546Z Commit: c3d12f3313a95f25162a1503be624f3b0617f8c0
2026-10-09T14:42:50.0486285Z Build Date: 2026-10-02T22:28:27Z
2026-10-09T14:42:50.0487031Z Worker ID: {dd0cbb31-9aea-4c3f-8834-b54c5f8a12ed}
2026-10-09T14:42:50.0487746Z Region: westus2
2026-10-09T14:42:50.0488321Z Cloud: Azure
2026-10-09T14:42:50.0488963Z ##[endgroup]
2026-10-09T14:42:50.0490645Z ##[group]Operating System
2026-10-09T14:42:50.0491818Z Ubuntu
2026-10-09T14:42:50.0492362Z 24.04.5
2026-10-09T14:42:50.0492871Z LTS
2026-10-09T14:42:50.0493495Z ##[endgroup]
2026-10-09T14:42:50.0494319Z ##[group]Runner Image
2026-10-09T14:42:50.0495037Z Image: ubuntu-24.04
2026-10-09T14:42:50.0495631Z Version: 20261004.327.1
2026-10-09T14:42:50.0496995Z Included Software: https://github.com/actions/runner-images/blob/ubuntu24/20261004.327/images/ubuntu/Ubuntu2404-Readme.md
2026-10-09T14:42:50.0498587Z Image Release: https://github.com/actions/runner-images/releases/tag/ubuntu24%2F20261004.327
2026-10-09T14:42:50.0499609Z ##[endgroup]
2026-10-09T14:42:50.0500735Z ##[group]GITHUB_TOKEN Permissions
2026-10-09T14:42:50.0503009Z Contents: read
2026-10-09T14:42:50.0503629Z Metadata: read
2026-10-09T14:42:50.0504559Z ##[endgroup]
2026-10-09T14:42:50.0507000Z Secret source: Actions
2026-10-09T14:42:50.0508000Z Cache mode: write
2026-10-09T14:42:50.0508850Z Prepare workflow directory
2026-10-09T14:42:50.0868668Z Prepare all required actions
2026-10-09T14:42:50.0918815Z Getting action download info
2026-10-09T14:42:50.4593836Z Download action repository 'actions/checkout@v4' (SHA:11d5960a326750d5838078e36cf38b85af677262)
2026-10-09T14:42:50.5690136Z Download action repository 'actions/download-artifact@v4' (SHA:d3f86a106a0bac45b974a628896c90dbdf5c8093)
2026-10-09T14:42:50.8917990Z Download action repository 'actions/upload-artifact@v4' (SHA:ea165f8d65b6e75b540449e92b4886f43607fa02)
2026-10-09T14:42:51.1200586Z Complete job name: publication-audit
2026-10-09T14:42:51.2167952Z ##[group]Run actions/checkout@v4
2026-10-09T14:42:51.2168910Z with:
2026-10-09T14:42:51.2169388Z   path: research_snapshot
2026-10-09T14:42:51.2169927Z   persist-credentials: false
2026-10-09T14:42:51.2170746Z   sparse-checkout: ResearchHistory/UQCF-GEM/research/physical-bridge
.github/scripts

2026-10-09T14:42:51.2171670Z   repository: proteinfoldingengine/WetLabEngine
2026-10-09T14:42:51.2176023Z   token: ***
2026-10-09T14:42:51.2176499Z   ssh-strict: true
2026-10-09T14:42:51.2176960Z   ssh-user: git
2026-10-09T14:42:51.2177402Z   clean: true
2026-10-09T14:42:51.2177880Z   sparse-checkout-cone-mode: true
2026-10-09T14:42:51.2178436Z   fetch-depth: 1
2026-10-09T14:42:51.2178899Z   fetch-tags: false
2026-10-09T14:42:51.2179370Z   show-progress: true
2026-10-09T14:42:51.2179880Z   lfs: false
2026-10-09T14:42:51.2180315Z   submodules: false
2026-10-09T14:42:51.2180796Z   set-safe-directory: true
2026-10-09T14:42:51.2181357Z   allow-unsafe-pr-checkout: false
2026-10-09T14:42:51.2182405Z ##[endgroup]
2026-10-09T14:42:51.3233496Z Syncing repository: proteinfoldingengine/WetLabEngine
2026-10-09T14:42:51.3236518Z ##[group]Getting Git version info
2026-10-09T14:42:51.3237700Z Working directory is '/home/runner/work/WetLabEngine/WetLabEngine/research_snapshot'
2026-10-09T14:42:51.3239123Z [command]/usr/bin/git version
2026-10-09T14:42:51.3378483Z git version 2.55.0
2026-10-09T14:42:51.3401061Z ##[endgroup]
2026-10-09T14:42:51.3419464Z Temporarily overriding HOME='/home/runner/work/_temp/27868d0c-ebee-4e86-b1b4-3978d6ec53be' before making global git config changes
2026-10-09T14:42:51.3421846Z Adding repository directory to the temporary git global config as a safe directory
2026-10-09T14:42:51.3426788Z [command]/usr/bin/git config --global --add safe.directory /home/runner/work/WetLabEngine/WetLabEngine/research_snapshot
2026-10-09T14:42:51.3492206Z ##[group]Initializing the repository
2026-10-09T14:42:51.3506447Z [command]/usr/bin/git init /home/runner/work/WetLabEngine/WetLabEngine/research_snapshot
2026-10-09T14:42:51.3624830Z hint: Using 'master' as the name for the initial branch. This default branch name
2026-10-09T14:42:51.3626037Z hint: will change to "main" in Git 3.0. To configure the initial branch name
2026-10-09T14:42:51.3627051Z hint: to use in all of your new repositories, which will suppress this warning,
2026-10-09T14:42:51.3628143Z hint: call:
2026-10-09T14:42:51.3628575Z hint:
2026-10-09T14:42:51.3629179Z hint: 	git config --global init.defaultBranch <name>
2026-10-09T14:42:51.3629845Z hint:
2026-10-09T14:42:51.3630467Z hint: Names commonly chosen instead of 'master' are 'main', 'trunk' and
2026-10-09T14:42:51.3631535Z hint: 'development'. The just-created branch can be renamed via this command:
2026-10-09T14:42:51.3632326Z hint:
2026-10-09T14:42:51.3632767Z hint: 	git branch -m <name>
2026-10-09T14:42:51.3633286Z hint:
2026-10-09T14:42:51.3634213Z hint: Disable this message with "git config set advice.defaultBranchName false"
2026-10-09T14:42:51.3650297Z Initialized empty Git repository in /home/runner/work/WetLabEngine/WetLabEngine/research_snapshot/.git/
2026-10-09T14:42:51.3657785Z [command]/usr/bin/git remote add origin https://github.com/proteinfoldingengine/WetLabEngine
2026-10-09T14:42:51.3714150Z ##[endgroup]
2026-10-09T14:42:51.3715673Z ##[group]Disabling automatic garbage collection
2026-10-09T14:42:51.3718231Z [command]/usr/bin/git config --local gc.auto 0
2026-10-09T14:42:51.3764358Z ##[endgroup]
2026-10-09T14:42:51.3765902Z ##[group]Setting up auth
2026-10-09T14:42:51.3773123Z [command]/usr/bin/git config --local --name-only --get-regexp core\.sshCommand
2026-10-09T14:42:51.3814267Z [command]/usr/bin/git submodule foreach --recursive sh -c "git config --local --name-only --get-regexp 'core\.sshCommand' && git config --local --unset-all 'core.sshCommand' || :"
2026-10-09T14:42:51.4235752Z [command]/usr/bin/git config --local --name-only --get-regexp http\.https\:\/\/github\.com\/\.extraheader
2026-10-09T14:42:51.4272372Z [command]/usr/bin/git submodule foreach --recursive sh -c "git config --local --name-only --get-regexp 'http\.https\:\/\/github\.com\/\.extraheader' && git config --local --unset-all 'http.https://github.com/.extraheader' || :"
2026-10-09T14:42:51.4508977Z [command]/usr/bin/git config --local --name-only --get-regexp ^includeIf\.gitdir:
2026-10-09T14:42:51.4548635Z [command]/usr/bin/git submodule foreach --recursive git config --local --show-origin --name-only --get-regexp remote.origin.url
2026-10-09T14:42:51.4789179Z [command]/usr/bin/git config --local http.https://github.com/.extraheader AUTHORIZATION: basic ***
2026-10-09T14:42:51.4834638Z ##[endgroup]
2026-10-09T14:42:51.4835969Z ##[group]Fetching the repository
2026-10-09T14:42:51.4845904Z [command]/usr/bin/git -c protocol.version=2 fetch --no-tags --prune --no-recurse-submodules --filter=blob:none --depth=1 origin +5487616ed57d0922825ffb3dad438674a3c1449e:refs/remotes/origin/research/uqcf-overlapping-guard-exchange
2026-10-09T14:42:51.9364863Z From https://github.com/proteinfoldingengine/WetLabEngine
2026-10-09T14:42:51.9368766Z  * [new ref]         5487616ed57d0922825ffb3dad438674a3c1449e -> origin/research/uqcf-overlapping-guard-exchange
2026-10-09T14:42:51.9375665Z ##[endgroup]
2026-10-09T14:42:51.9378485Z ##[group]Determining the checkout info
2026-10-09T14:42:51.9381157Z ##[endgroup]
2026-10-09T14:42:51.9383870Z ##[group]Setting up sparse checkout
2026-10-09T14:42:51.9386774Z [command]/usr/bin/git sparse-checkout set ResearchHistory/UQCF-GEM/research/physical-bridge .github/scripts
2026-10-09T14:42:51.9439264Z ##[endgroup]
2026-10-09T14:42:51.9440549Z ##[group]Checking out the ref
2026-10-09T14:42:51.9444920Z [command]/usr/bin/git checkout --progress --force -B research/uqcf-overlapping-guard-exchange refs/remotes/origin/research/uqcf-overlapping-guard-exchange
2026-10-09T14:42:53.1105161Z Updating files:   0% (1/640)
2026-10-09T14:42:53.1108122Z Updating files:   1% (7/640)
2026-10-09T14:42:53.1114582Z Updating files:   2% (13/640)
2026-10-09T14:42:53.1119047Z Updating files:   3% (20/640)
2026-10-09T14:42:53.1122654Z Updating files:   4% (26/640)
2026-10-09T14:42:53.1126842Z Updating files:   5% (32/640)
2026-10-09T14:42:53.1132516Z Updating files:   6% (39/640)
2026-10-09T14:42:53.1138950Z Updating files:   7% (45/640)
2026-10-09T14:42:53.1143782Z Updating files:   8% (52/640)
2026-10-09T14:42:53.1148935Z Updating files:   9% (58/640)
2026-10-09T14:42:53.1153296Z Updating files:  10% (64/640)
2026-10-09T14:42:53.1157409Z Updating files:  11% (71/640)
2026-10-09T14:42:53.1161838Z Updating files:  12% (77/640)
2026-10-09T14:42:53.1166788Z Updating files:  13% (84/640)
2026-10-09T14:42:53.1171000Z Updating files:  14% (90/640)
2026-10-09T14:42:53.1175355Z Updating files:  15% (96/640)
2026-10-09T14:42:53.1179680Z Updating files:  16% (103/640)
2026-10-09T14:42:53.1184223Z Updating files:  17% (109/640)
2026-10-09T14:42:53.1189366Z Updating files:  18% (116/640)
2026-10-09T14:42:53.1194915Z Updating files:  19% (122/640)
2026-10-09T14:42:53.1200637Z Updating files:  20% (128/640)
2026-10-09T14:42:53.1205124Z Updating files:  21% (135/640)
2026-10-09T14:42:53.1209605Z Updating files:  22% (141/640)
2026-10-09T14:42:53.1213639Z Updating files:  23% (148/640)
2026-10-09T14:42:53.1218672Z Updating files:  24% (154/640)
2026-10-09T14:42:53.1223344Z Updating files:  25% (160/640)
2026-10-09T14:42:53.1228252Z Updating files:  26% (167/640)
2026-10-09T14:42:53.1233148Z Updating files:  27% (173/640)
2026-10-09T14:42:53.1237392Z Updating files:  28% (180/640)
2026-10-09T14:42:53.1241835Z Updating files:  29% (186/640)
2026-10-09T14:42:53.1247531Z Updating files:  30% (192/640)
2026-10-09T14:42:53.1251642Z Updating files:  31% (199/640)
2026-10-09T14:42:53.1256766Z Updating files:  32% (205/640)
2026-10-09T14:42:53.1262336Z Updating files:  33% (212/640)
2026-10-09T14:42:53.1267199Z Updating files:  34% (218/640)
2026-10-09T14:42:53.1272841Z Updating files:  35% (224/640)
2026-10-09T14:42:53.1277410Z Updating files:  36% (231/640)
2026-10-09T14:42:53.1282030Z Updating files:  37% (237/640)
2026-10-09T14:42:53.1292912Z Updating files:  38% (244/640)
2026-10-09T14:42:53.1294756Z Updating files:  39% (250/640)
2026-10-09T14:42:53.1301123Z Updating files:  40% (256/640)
2026-10-09T14:42:53.1305852Z Updating files:  41% (263/640)
2026-10-09T14:42:53.1310123Z Updating files:  42% (269/640)
2026-10-09T14:42:53.1314796Z Updating files:  43% (276/640)
2026-10-09T14:42:53.1319291Z Updating files:  44% (282/640)
2026-10-09T14:42:53.1326251Z Updating files:  45% (288/640)
2026-10-09T14:42:53.1331146Z Updating files:  46% (295/640)
2026-10-09T14:42:53.1337218Z Updating files:  47% (301/640)
2026-10-09T14:42:53.1346575Z Updating files:  48% (308/640)
2026-10-09T14:42:53.1351027Z Updating files:  49% (314/640)
2026-10-09T14:42:53.1358220Z Updating files:  50% (320/640)
2026-10-09T14:42:53.1361801Z Updating files:  51% (327/640)
2026-10-09T14:42:53.1365882Z Updating files:  52% (333/640)
2026-10-09T14:42:53.1368753Z Updating files:  53% (340/640)
2026-10-09T14:42:53.1436595Z Updating files:  54% (346/640)
2026-10-09T14:42:53.1438020Z Updating files:  55% (352/640)
2026-10-09T14:42:53.1445409Z Updating files:  56% (359/640)
2026-10-09T14:42:53.1446522Z Updating files:  57% (365/640)
2026-10-09T14:42:53.1447678Z Updating files:  58% (372/640)
2026-10-09T14:42:53.1448770Z Updating files:  59% (378/640)
2026-10-09T14:42:53.1449887Z Updating files:  60% (384/640)
2026-10-09T14:42:53.1451020Z Updating files:  61% (391/640)
2026-10-09T14:42:53.1452394Z Updating files:  62% (397/640)
2026-10-09T14:42:53.1453449Z Updating files:  63% (404/640)
2026-10-09T14:42:53.1454847Z Updating files:  64% (410/640)
2026-10-09T14:42:53.1456101Z Updating files:  65% (416/640)
2026-10-09T14:42:53.1487689Z Updating files:  66% (423/640)
2026-10-09T14:42:53.1491719Z Updating files:  67% (429/640)
2026-10-09T14:42:53.1497669Z Updating files:  68% (436/640)
2026-10-09T14:42:53.1504442Z Updating files:  69% (442/640)
2026-10-09T14:42:53.1509235Z Updating files:  70% (448/640)
2026-10-09T14:42:53.1514691Z Updating files:  71% (455/640)
2026-10-09T14:42:53.1519475Z Updating files:  72% (461/640)
2026-10-09T14:42:53.1524413Z Updating files:  73% (468/640)
2026-10-09T14:42:53.1531057Z Updating files:  74% (474/640)
2026-10-09T14:42:53.1540397Z Updating files:  75% (480/640)
2026-10-09T14:42:53.1543847Z Updating files:  76% (487/640)
2026-10-09T14:42:53.1549767Z Updating files:  77% (493/640)
2026-10-09T14:42:53.1558587Z Updating files:  78% (500/640)
2026-10-09T14:42:53.1559739Z Updating files:  79% (506/640)
2026-10-09T14:42:53.1564053Z Updating files:  80% (512/640)
2026-10-09T14:42:53.1570565Z Updating files:  81% (519/640)
2026-10-09T14:42:53.1576494Z Updating files:  82% (525/640)
2026-10-09T14:42:53.1605174Z Updating files:  83% (532/640)
2026-10-09T14:42:53.1609127Z Updating files:  84% (538/640)
2026-10-09T14:42:53.1613311Z Updating files:  85% (544/640)
2026-10-09T14:42:53.1634276Z Updating files:  86% (551/640)
2026-10-09T14:42:53.1641305Z Updating files:  87% (557/640)
2026-10-09T14:42:53.1644533Z Updating files:  88% (564/640)
2026-10-09T14:42:53.1649369Z Updating files:  89% (570/640)
2026-10-09T14:42:53.1653469Z Updating files:  90% (576/640)
2026-10-09T14:42:53.1657949Z Updating files:  91% (583/640)
2026-10-09T14:42:53.1663294Z Updating files:  92% (589/640)
2026-10-09T14:42:53.1673031Z Updating files:  93% (596/640)
2026-10-09T14:42:53.1675397Z Updating files:  94% (602/640)
2026-10-09T14:42:53.1682194Z Updating files:  95% (608/640)
2026-10-09T14:42:53.1687323Z Updating files:  96% (615/640)
2026-10-09T14:42:53.1692146Z Updating files:  97% (621/640)
2026-10-09T14:42:53.1697573Z Updating files:  98% (628/640)
2026-10-09T14:42:53.1702807Z Updating files:  99% (634/640)
2026-10-09T14:42:53.1704271Z Updating files: 100% (640/640)
2026-10-09T14:42:53.1705443Z Updating files: 100% (640/640), done.
2026-10-09T14:42:53.1822667Z Switched to a new branch 'research/uqcf-overlapping-guard-exchange'
2026-10-09T14:42:53.1830234Z branch 'research/uqcf-overlapping-guard-exchange' set up to track 'origin/research/uqcf-overlapping-guard-exchange'.
2026-10-09T14:42:53.1842749Z ##[endgroup]
2026-10-09T14:42:53.1895074Z [command]/usr/bin/git log -1 --format=%H
2026-10-09T14:42:53.1926215Z 5487616ed57d0922825ffb3dad438674a3c1449e
2026-10-09T14:42:53.1936282Z ##[group]Removing auth
2026-10-09T14:42:53.1940778Z [command]/usr/bin/git config --local --name-only --get-regexp core\.sshCommand
2026-10-09T14:42:53.1980862Z [command]/usr/bin/git submodule foreach --recursive sh -c "git config --local --name-only --get-regexp 'core\.sshCommand' && git config --local --unset-all 'core.sshCommand' || :"
2026-10-09T14:42:53.2236873Z [command]/usr/bin/git config --local --name-only --get-regexp http\.https\:\/\/github\.com\/\.extraheader
2026-10-09T14:42:53.2268500Z http.https://github.com/.extraheader
2026-10-09T14:42:53.2278490Z [command]/usr/bin/git config --local --unset-all http.https://github.com/.extraheader
2026-10-09T14:42:53.2322003Z [command]/usr/bin/git submodule foreach --recursive sh -c "git config --local --name-only --get-regexp 'http\.https\:\/\/github\.com\/\.extraheader' && git config --local --unset-all 'http.https://github.com/.extraheader' || :"
2026-10-09T14:42:53.2569406Z [command]/usr/bin/git config --local --name-only --get-regexp ^includeIf\.gitdir:
2026-10-09T14:42:53.2606507Z [command]/usr/bin/git submodule foreach --recursive git config --local --show-origin --name-only --get-regexp remote.origin.url
2026-10-09T14:42:53.2853889Z ##[endgroup]
2026-10-09T14:42:53.3132610Z ##[group]Run actions/download-artifact@v4
2026-10-09T14:42:53.3133494Z with:
2026-10-09T14:42:53.3134208Z   name: c3-transfer-verification
2026-10-09T14:42:53.3134953Z   path: transfer_verification
2026-10-09T14:42:53.3135638Z   merge-multiple: false
2026-10-09T14:42:53.3136379Z   repository: proteinfoldingengine/WetLabEngine
2026-10-09T14:42:53.3137267Z   run-id: 37946082524
2026-10-09T14:42:53.3137798Z ##[endgroup]
2026-10-09T14:42:53.4666628Z Downloading single artifact
2026-10-09T14:42:53.4854198Z (node:2459) [DEP0040] DeprecationWarning: The `punycode` module is deprecated. Please use a userland alternative instead.
2026-10-09T14:42:53.4858652Z (Use `node --trace-deprecation ...` to show where the warning was created)
2026-10-09T14:42:53.7557587Z Preparing to download the following artifacts:
2026-10-09T14:42:53.7558957Z - c3-transfer-verification (ID: 11623511159, Size: 76190, Expected Digest: sha256:0c3f17c3f92fd91e6e0033178cd673e41a2f86555ea6d5b81f2d967bc39d523a)
2026-10-09T14:42:54.0156590Z Redirecting to blob download url: https://productionresultssa4.blob.core.windows.net/actions-results/812ef44c-b3b7-8c71-9fdc-9097a9b3c98d/workflow-job-run-e7137854-ad75-58dd-92fa-9b4406f1ab1b/artifacts/c5c10761352a43d625cb5a73727a3ba5efaa431fff4fc1e0f7f3b33cceed58da.zip
2026-10-09T14:42:54.0159028Z Starting download of artifact to: /home/runner/work/WetLabEngine/WetLabEngine/transfer_verification
2026-10-09T14:42:54.3116294Z (node:2459) [DEP0005] DeprecationWarning: Buffer() is deprecated due to security and usability issues. Please use the Buffer.alloc(), Buffer.allocUnsafe(), or Buffer.from() methods instead.
2026-10-09T14:42:54.4509368Z SHA256 digest of downloaded artifact is 0c3f17c3f92fd91e6e0033178cd673e41a2f86555ea6d5b81f2d967bc39d523a
2026-10-09T14:42:54.4510143Z Artifact download completed successfully.
2026-10-09T14:42:54.4510471Z Total of 1 artifact(s) downloaded
2026-10-09T14:42:54.4517056Z Download artifact has finished successfully
2026-10-09T14:42:54.4669137Z ##[group]Run actions/download-artifact@v4
2026-10-09T14:42:54.4669488Z with:
2026-10-09T14:42:54.4669701Z   name: c3-transfer-review
2026-10-09T14:42:54.4669958Z   path: transfer_review
2026-10-09T14:42:54.4670199Z   merge-multiple: false
2026-10-09T14:42:54.4670495Z   repository: proteinfoldingengine/WetLabEngine
2026-10-09T14:42:54.4670807Z   run-id: 37946082524
2026-10-09T14:42:54.4671036Z ##[endgroup]
2026-10-09T14:42:54.6233155Z Downloading single artifact
2026-10-09T14:42:54.6390150Z (node:2471) [DEP0040] DeprecationWarning: The `punycode` module is deprecated. Please use a userland alternative instead.
2026-10-09T14:42:54.6391162Z (Use `node --trace-deprecation ...` to show where the warning was created)
2026-10-09T14:42:54.9178353Z Preparing to download the following artifacts:
2026-10-09T14:42:54.9179252Z - c3-transfer-review (ID: 11624420987, Size: 2213, Expected Digest: sha256:72f48609bc42c4079ee4381398627c5eb6f62ba4c5cb052bd0eefd061da850b0)
2026-10-09T14:42:55.1876319Z Redirecting to blob download url: https://productionresultssa4.blob.core.windows.net/actions-results/812ef44c-b3b7-8c71-9fdc-9097a9b3c98d/workflow-job-run-541107ed-5bf0-5f12-bcca-887a4199149b/artifacts/a8c86a808813ddbd4c805c9fec1090dae3457a05cbc86feda21766278890ae64.zip
2026-10-09T14:42:55.1878331Z Starting download of artifact to: /home/runner/work/WetLabEngine/WetLabEngine/transfer_review
2026-10-09T14:42:55.4680271Z (node:2471) [DEP0005] DeprecationWarning: Buffer() is deprecated due to security and usability issues. Please use the Buffer.alloc(), Buffer.allocUnsafe(), or Buffer.from() methods instead.
2026-10-09T14:42:55.4754792Z SHA256 digest of downloaded artifact is 72f48609bc42c4079ee4381398627c5eb6f62ba4c5cb052bd0eefd061da850b0
2026-10-09T14:42:55.4755909Z Artifact download completed successfully.
2026-10-09T14:42:55.4756432Z Total of 1 artifact(s) downloaded
2026-10-09T14:42:55.4765240Z Download artifact has finished successfully
2026-10-09T14:42:55.4898180Z ##[group]Run set -euo pipefail
2026-10-09T14:42:55.4898653Z [36;1mset -euo pipefail[0m
2026-10-09T14:42:55.4899116Z [36;1mROOT=research_snapshot/ResearchHistory/UQCF-GEM/research/physical-bridge[0m
2026-10-09T14:42:55.4899749Z [36;1mpython3 "$ROOT/record_transfer/producer.py" /tmp/publication-certificate.json[0m
2026-10-09T14:42:55.4900379Z [36;1mcmp /tmp/publication-certificate.json transfer_verification/certificate.json[0m
2026-10-09T14:42:55.4901000Z [36;1mpython3 "$ROOT/record_transfer/independent.py" /tmp/publication-certificate.json[0m
2026-10-09T14:42:55.4901482Z [36;1mpython3 - <<'PY'[0m
2026-10-09T14:42:55.4901951Z [36;1mimport json,hashlib,pathlib,os[0m
2026-10-09T14:42:55.4902399Z [36;1mm=json.loads(pathlib.Path('transfer_review/manifest.json').read_text())[0m
2026-10-09T14:42:55.4903164Z [36;1mif m['research_commit']!=os.environ['GITHUB_SHA'] or m['workflow_commit']!=os.environ['GITHUB_SHA']: raise ValueError('commit provenance')[0m
2026-10-09T14:42:55.4903851Z [36;1mfor n,h in m['input_sha256'].items():[0m
2026-10-09T14:42:55.4904985Z [36;1m    p=(pathlib.Path('transfer_verification')/n[9:]) if n.startswith('EVIDENCE/') else (pathlib.Path('research_snapshot/ResearchHistory/UQCF-GEM/research/physical-bridge')/n)[0m
2026-10-09T14:42:55.4905903Z [36;1m    if hashlib.sha256(p.read_bytes()).hexdigest()!=h: raise ValueError('input hash '+n)[0m
2026-10-09T14:42:55.4906461Z [36;1mraw=pathlib.Path('transfer_review/review.txt').read_bytes()[0m
2026-10-09T14:42:55.4907027Z [36;1mif hashlib.sha256(raw).hexdigest()!=m['response_sha256']: raise ValueError('response hash')[0m
2026-10-09T14:42:55.4907651Z [36;1mprovenance=pathlib.Path('transfer_verification/provenance.txt').read_text()[0m
2026-10-09T14:42:55.4908462Z [36;1mif provenance!=f"scientific_sha={os.environ['GITHUB_SHA']}\nworkflow_sha={os.environ['GITHUB_SHA']}\n": raise ValueError('execution provenance')[0m
2026-10-09T14:42:55.4909761Z [36;1mgate={'status':'PASS','scientific_commit':os.environ['GITHUB_SHA'],'verified_review_inputs':len(m['input_sha256']),'certificate_reproduced_byte_exact':True,'independent_full_reconstruction':True,'response_sha256':m['response_sha256']}[0m
2026-10-09T14:42:55.4910866Z [36;1mpathlib.Path('transfer_gate.json').write_text(json.dumps(gate,indent=2)+'\n')[0m
2026-10-09T14:42:55.4911315Z [36;1mprint(json.dumps(gate))[0m
2026-10-09T14:42:55.4911581Z [36;1mPY[0m
2026-10-09T14:42:55.5245863Z shell: /usr/bin/bash --noprofile --norc -e -o pipefail {0}
2026-10-09T14:42:55.5246385Z ##[endgroup]
2026-10-09T14:42:55.8269999Z {"sources": 4096, "protected": 3088, "admitted": 2640, "fibers1": 320, "mixed1": 192, "fibers2": 2464, "mixed2": 0}
2026-10-09T14:42:56.1571242Z PASS independent complete global record transfer and fiber reconstruction
2026-10-09T14:42:56.1905962Z {"status": "PASS", "scientific_commit": "5487616ed57d0922825ffb3dad438674a3c1449e", "verified_review_inputs": 16, "certificate_reproduced_byte_exact": true, "independent_full_reconstruction": true, "response_sha256": "5e01ecbcdbbe6ac6aa3f32973fce94087dddcb4af8f02c32b14432f1ee167fbe"}
2026-10-09T14:42:56.1999004Z ##[group]Run python3 research_snapshot/.github/scripts/c3_transfer_review.py
2026-10-09T14:42:56.1999628Z [36;1mpython3 research_snapshot/.github/scripts/c3_transfer_review.py[0m
2026-10-09T14:42:56.2062642Z shell: /usr/bin/bash -e {0}
2026-10-09T14:42:56.2062926Z env:
2026-10-09T14:42:56.2063591Z   GEMINI_API_KEY: ***
2026-10-09T14:42:56.2063858Z   REVIEW_PHASE: publication
2026-10-09T14:42:56.2064383Z ##[endgroup]
2026-10-09T14:43:25.1908784Z Handoff independent verdict: ACCEPTED
2026-10-09T14:43:25.1909483Z Missing assumptions: 0
2026-10-09T14:43:25.1909901Z Counterexamples: 0
2026-10-09T14:43:25.1910536Z Response SHA256: 220bbaa02b8dee6a658aafe0f829743891978f4a7a7f145afcc2fda6980f2e2a
2026-10-09T14:43:25.1911309Z This is not scientific certification.
2026-10-09T14:43:25.2096131Z ##[group]Run actions/upload-artifact@v4
2026-10-09T14:43:25.2096461Z with:
2026-10-09T14:43:25.2096682Z   name: c3-transfer-publication
2026-10-09T14:43:25.2097013Z   path: transfer_publication/
transfer_gate.json

2026-10-09T14:43:25.2097337Z   if-no-files-found: warn
2026-10-09T14:43:25.2097591Z   compression-level: 6
2026-10-09T14:43:25.2097824Z   overwrite: false
2026-10-09T14:43:25.2098063Z   include-hidden-files: false
2026-10-09T14:43:25.2098318Z ##[endgroup]
2026-10-09T14:43:25.3764511Z (node:2518) [DEP0040] DeprecationWarning: The `punycode` module is deprecated. Please use a userland alternative instead.
2026-10-09T14:43:25.3765576Z (Use `node --trace-deprecation ...` to show where the warning was created)
2026-10-09T14:43:25.3887319Z Multiple search paths detected. Calculating the least common ancestor of all paths
2026-10-09T14:43:25.3891154Z The least common ancestor is /home/runner/work/WetLabEngine/WetLabEngine. This will be the root directory of the artifact
2026-10-09T14:43:25.3892817Z With the provided path, there will be 3 files uploaded
2026-10-09T14:43:25.3894478Z Artifact name is valid!
2026-10-09T14:43:25.3894947Z Root directory input is valid!
2026-10-09T14:43:25.8216012Z Beginning upload of artifact content to blob storage
2026-10-09T14:43:25.8440568Z (node:2518) [DEP0169] DeprecationWarning: `url.parse()` behavior is not standardized and prone to errors that have security implications. Use the WHATWG URL API instead. CVEs are not issued for `url.parse()` vulnerabilities.
2026-10-09T14:43:26.1402484Z Uploaded bytes 2885
2026-10-09T14:43:26.2227050Z Finished uploading artifact content to blob storage!
2026-10-09T14:43:26.2228151Z SHA256 digest of uploaded artifact zip is e2d87580e977a97807e29066be5ca596261824f95958e204bc19e46b5d1e11ec
2026-10-09T14:43:26.2229318Z Finalizing artifact upload
2026-10-09T14:43:26.4842447Z Artifact c3-transfer-publication.zip successfully finalized. Artifact ID 11623801421
2026-10-09T14:43:26.4844283Z Artifact c3-transfer-publication has been successfully uploaded! Final size is 2885 bytes. Artifact ID is 11623801421
2026-10-09T14:43:26.4850282Z Artifact download URL: https://github.com/proteinfoldingengine/WetLabEngine/actions/runs/37946082524/artifacts/11623801421
2026-10-09T14:43:26.5031756Z Post job cleanup.
2026-10-09T14:43:26.5919805Z [command]/usr/bin/git version
2026-10-09T14:43:26.5966835Z git version 2.55.0
2026-10-09T14:43:26.6012836Z Temporarily overriding HOME='/home/runner/work/_temp/81d47ec1-9cda-4437-9854-d3426c31b287' before making global git config changes
2026-10-09T14:43:26.6014747Z Adding repository directory to the temporary git global config as a safe directory
2026-10-09T14:43:26.6019636Z [command]/usr/bin/git config --global --add safe.directory /home/runner/work/WetLabEngine/WetLabEngine/research_snapshot
2026-10-09T14:43:26.6061747Z [command]/usr/bin/git config --local --name-only --get-regexp core\.sshCommand
2026-10-09T14:43:26.6101077Z [command]/usr/bin/git submodule foreach --recursive sh -c "git config --local --name-only --get-regexp 'core\.sshCommand' && git config --local --unset-all 'core.sshCommand' || :"
2026-10-09T14:43:26.6370788Z [command]/usr/bin/git config --local --name-only --get-regexp http\.https\:\/\/github\.com\/\.extraheader
2026-10-09T14:43:26.6410372Z [command]/usr/bin/git submodule foreach --recursive sh -c "git config --local --name-only --get-regexp 'http\.https\:\/\/github\.com\/\.extraheader' && git config --local --unset-all 'http.https://github.com/.extraheader' || :"
2026-10-09T14:43:26.6698029Z [command]/usr/bin/git config --local --name-only --get-regexp ^includeIf\.gitdir:
2026-10-09T14:43:26.6737580Z [command]/usr/bin/git submodule foreach --recursive git config --local --show-origin --name-only --get-regexp remote.origin.url
2026-10-09T14:43:26.7196236Z Cleaning up orphan processes
2026-10-09T14:43:26.7516107Z ##[warning]Node.js 20 is deprecated. The following actions target Node.js 20 but are being forced to run on Node.js 24: actions/checkout@v4, actions/download-artifact@v4, actions/upload-artifact@v4. For more information see: https://github.blog/changelog/2025-09-19-deprecation-of-node-20-on-github-actions-runners/
