2026-10-09T14:41:42.4927348Z Current runner version: '2.337.0'
2026-10-09T14:41:42.4948126Z ##[group]Runner Image Provisioner
2026-10-09T14:41:42.4948909Z Hosted Compute Agent
2026-10-09T14:41:42.4949422Z Version: 20261002.596
2026-10-09T14:41:42.4949987Z Commit: c3d12f3313a95f25162a1503be624f3b0617f8c0
2026-10-09T14:41:42.4950717Z Build Date: 2026-10-02T22:28:27Z
2026-10-09T14:41:42.4951355Z Worker ID: {11267c2f-1ca8-44c6-b9f7-1d3aea382ee6}
2026-10-09T14:41:42.4951946Z Region: westus3
2026-10-09T14:41:42.4952435Z Cloud: Azure
2026-10-09T14:41:42.4952920Z ##[endgroup]
2026-10-09T14:41:42.4954173Z ##[group]Operating System
2026-10-09T14:41:42.4954686Z Ubuntu
2026-10-09T14:41:42.4955184Z 24.04.5
2026-10-09T14:41:42.4955637Z LTS
2026-10-09T14:41:42.4956090Z ##[endgroup]
2026-10-09T14:41:42.4956558Z ##[group]Runner Image
2026-10-09T14:41:42.4957101Z Image: ubuntu-24.04
2026-10-09T14:41:42.4957665Z Version: 20261004.327.1
2026-10-09T14:41:42.4958690Z Included Software: https://github.com/actions/runner-images/blob/ubuntu24/20261004.327/images/ubuntu/Ubuntu2404-Readme.md
2026-10-09T14:41:42.4959994Z Image Release: https://github.com/actions/runner-images/releases/tag/ubuntu24%2F20261004.327
2026-10-09T14:41:42.4961046Z ##[endgroup]
2026-10-09T14:41:42.4962145Z ##[group]GITHUB_TOKEN Permissions
2026-10-09T14:41:42.4963919Z Contents: read
2026-10-09T14:41:42.4964779Z Metadata: read
2026-10-09T14:41:42.4965245Z ##[endgroup]
2026-10-09T14:41:42.4967043Z Secret source: Actions
2026-10-09T14:41:42.4967870Z Cache mode: write
2026-10-09T14:41:42.4968460Z Prepare workflow directory
2026-10-09T14:41:42.5226929Z Prepare all required actions
2026-10-09T14:41:42.5265393Z Getting action download info
2026-10-09T14:41:42.8257768Z Download action repository 'actions/checkout@v4' (SHA:11d5960a326750d5838078e36cf38b85af677262)
2026-10-09T14:41:42.9196811Z Download action repository 'actions/upload-artifact@v4' (SHA:ea165f8d65b6e75b540449e92b4886f43607fa02)
2026-10-09T14:41:43.1835722Z Complete job name: verification
2026-10-09T14:41:43.2439351Z ##[group]Run actions/checkout@v4
2026-10-09T14:41:43.2440045Z with:
2026-10-09T14:41:43.2440552Z   path: research_snapshot
2026-10-09T14:41:43.2440966Z   persist-credentials: false
2026-10-09T14:41:43.2441602Z   sparse-checkout: ResearchHistory/UQCF-GEM/research/physical-bridge
.github/scripts

2026-10-09T14:41:43.2442317Z   repository: proteinfoldingengine/WetLabEngine
2026-10-09T14:41:43.2445393Z   token: ***
2026-10-09T14:41:43.2445745Z   ssh-strict: true
2026-10-09T14:41:43.2446100Z   ssh-user: git
2026-10-09T14:41:43.2446442Z   clean: true
2026-10-09T14:41:43.2446799Z   sparse-checkout-cone-mode: true
2026-10-09T14:41:43.2447218Z   fetch-depth: 1
2026-10-09T14:41:43.2447556Z   fetch-tags: false
2026-10-09T14:41:43.2447903Z   show-progress: true
2026-10-09T14:41:43.2448258Z   lfs: false
2026-10-09T14:41:43.2448586Z   submodules: false
2026-10-09T14:41:43.2448951Z   set-safe-directory: true
2026-10-09T14:41:43.2449358Z   allow-unsafe-pr-checkout: false
2026-10-09T14:41:43.2449973Z ##[endgroup]
2026-10-09T14:41:43.3284487Z Syncing repository: proteinfoldingengine/WetLabEngine
2026-10-09T14:41:43.3286675Z ##[group]Getting Git version info
2026-10-09T14:41:43.3287698Z Working directory is '/home/runner/work/WetLabEngine/WetLabEngine/research_snapshot'
2026-10-09T14:41:43.3289075Z [command]/usr/bin/git version
2026-10-09T14:41:43.3374489Z git version 2.55.0
2026-10-09T14:41:43.3392346Z ##[endgroup]
2026-10-09T14:41:43.3403633Z Temporarily overriding HOME='/home/runner/work/_temp/16b72c70-a0a4-4d41-af3f-648a8f3fea47' before making global git config changes
2026-10-09T14:41:43.3405376Z Adding repository directory to the temporary git global config as a safe directory
2026-10-09T14:41:43.3407929Z [command]/usr/bin/git config --global --add safe.directory /home/runner/work/WetLabEngine/WetLabEngine/research_snapshot
2026-10-09T14:41:43.3454334Z ##[group]Initializing the repository
2026-10-09T14:41:43.3464937Z [command]/usr/bin/git init /home/runner/work/WetLabEngine/WetLabEngine/research_snapshot
2026-10-09T14:41:43.3545567Z hint: Using 'master' as the name for the initial branch. This default branch name
2026-10-09T14:41:43.3547233Z hint: will change to "main" in Git 3.0. To configure the initial branch name
2026-10-09T14:41:43.3549114Z hint: to use in all of your new repositories, which will suppress this warning,
2026-10-09T14:41:43.3550004Z hint: call:
2026-10-09T14:41:43.3550695Z hint:
2026-10-09T14:41:43.3551332Z hint: 	git config --global init.defaultBranch <name>
2026-10-09T14:41:43.3552082Z hint:
2026-10-09T14:41:43.3552864Z hint: Names commonly chosen instead of 'master' are 'main', 'trunk' and
2026-10-09T14:41:43.3554042Z hint: 'development'. The just-created branch can be renamed via this command:
2026-10-09T14:41:43.3554934Z hint:
2026-10-09T14:41:43.3555475Z hint: 	git branch -m <name>
2026-10-09T14:41:43.3556047Z hint:
2026-10-09T14:41:43.3556808Z hint: Disable this message with "git config set advice.defaultBranchName false"
2026-10-09T14:41:43.3558263Z Initialized empty Git repository in /home/runner/work/WetLabEngine/WetLabEngine/research_snapshot/.git/
2026-10-09T14:41:43.3560823Z [command]/usr/bin/git remote add origin https://github.com/proteinfoldingengine/WetLabEngine
2026-10-09T14:41:43.3607364Z ##[endgroup]
2026-10-09T14:41:43.3608300Z ##[group]Disabling automatic garbage collection
2026-10-09T14:41:43.3611045Z [command]/usr/bin/git config --local gc.auto 0
2026-10-09T14:41:43.3641753Z ##[endgroup]
2026-10-09T14:41:43.3642863Z ##[group]Setting up auth
2026-10-09T14:41:43.3647405Z [command]/usr/bin/git config --local --name-only --get-regexp core\.sshCommand
2026-10-09T14:41:43.3677876Z [command]/usr/bin/git submodule foreach --recursive sh -c "git config --local --name-only --get-regexp 'core\.sshCommand' && git config --local --unset-all 'core.sshCommand' || :"
2026-10-09T14:41:43.4249467Z [command]/usr/bin/git config --local --name-only --get-regexp http\.https\:\/\/github\.com\/\.extraheader
2026-10-09T14:41:43.4282278Z [command]/usr/bin/git submodule foreach --recursive sh -c "git config --local --name-only --get-regexp 'http\.https\:\/\/github\.com\/\.extraheader' && git config --local --unset-all 'http.https://github.com/.extraheader' || :"
2026-10-09T14:41:43.4476386Z [command]/usr/bin/git config --local --name-only --get-regexp ^includeIf\.gitdir:
2026-10-09T14:41:43.4507841Z [command]/usr/bin/git submodule foreach --recursive git config --local --show-origin --name-only --get-regexp remote.origin.url
2026-10-09T14:41:43.4718081Z [command]/usr/bin/git config --local http.https://github.com/.extraheader AUTHORIZATION: basic ***
2026-10-09T14:41:43.4773976Z ##[endgroup]
2026-10-09T14:41:43.4774984Z ##[group]Fetching the repository
2026-10-09T14:41:43.4783546Z [command]/usr/bin/git -c protocol.version=2 fetch --no-tags --prune --no-recurse-submodules --filter=blob:none --depth=1 origin +5487616ed57d0922825ffb3dad438674a3c1449e:refs/remotes/origin/research/uqcf-overlapping-guard-exchange
2026-10-09T14:41:44.2499060Z From https://github.com/proteinfoldingengine/WetLabEngine
2026-10-09T14:41:44.2501414Z  * [new ref]         5487616ed57d0922825ffb3dad438674a3c1449e -> origin/research/uqcf-overlapping-guard-exchange
2026-10-09T14:41:44.2505790Z ##[endgroup]
2026-10-09T14:41:44.2507324Z ##[group]Determining the checkout info
2026-10-09T14:41:44.2509135Z ##[endgroup]
2026-10-09T14:41:44.2511102Z ##[group]Setting up sparse checkout
2026-10-09T14:41:44.2512916Z [command]/usr/bin/git sparse-checkout set ResearchHistory/UQCF-GEM/research/physical-bridge .github/scripts
2026-10-09T14:41:44.2553523Z ##[endgroup]
2026-10-09T14:41:44.2554692Z ##[group]Checking out the ref
2026-10-09T14:41:44.2557905Z [command]/usr/bin/git checkout --progress --force -B research/uqcf-overlapping-guard-exchange refs/remotes/origin/research/uqcf-overlapping-guard-exchange
2026-10-09T14:41:46.2637501Z Updating files:   0% (1/640)
2026-10-09T14:41:46.2642163Z Updating files:   1% (7/640)
2026-10-09T14:41:46.2644126Z Updating files:   2% (13/640)
2026-10-09T14:41:46.2647504Z Updating files:   3% (20/640)
2026-10-09T14:41:46.2650456Z Updating files:   4% (26/640)
2026-10-09T14:41:46.2653465Z Updating files:   5% (32/640)
2026-10-09T14:41:46.2658258Z Updating files:   6% (39/640)
2026-10-09T14:41:46.2662345Z Updating files:   7% (45/640)
2026-10-09T14:41:46.2665434Z Updating files:   8% (52/640)
2026-10-09T14:41:46.2667043Z Updating files:   8% (56/640)
2026-10-09T14:41:46.2670899Z Updating files:   9% (58/640)
2026-10-09T14:41:46.2674016Z Updating files:  10% (64/640)
2026-10-09T14:41:46.2676433Z Updating files:  11% (71/640)
2026-10-09T14:41:46.2679640Z Updating files:  12% (77/640)
2026-10-09T14:41:46.2683040Z Updating files:  13% (84/640)
2026-10-09T14:41:46.2685821Z Updating files:  14% (90/640)
2026-10-09T14:41:46.2688578Z Updating files:  15% (96/640)
2026-10-09T14:41:46.2691957Z Updating files:  16% (103/640)
2026-10-09T14:41:46.2694814Z Updating files:  17% (109/640)
2026-10-09T14:41:46.2698249Z Updating files:  18% (116/640)
2026-10-09T14:41:46.2702196Z Updating files:  19% (122/640)
2026-10-09T14:41:46.2706271Z Updating files:  20% (128/640)
2026-10-09T14:41:46.2709306Z Updating files:  21% (135/640)
2026-10-09T14:41:46.2712606Z Updating files:  22% (141/640)
2026-10-09T14:41:46.2715079Z Updating files:  23% (148/640)
2026-10-09T14:41:46.2718406Z Updating files:  24% (154/640)
2026-10-09T14:41:46.2721857Z Updating files:  25% (160/640)
2026-10-09T14:41:46.2724949Z Updating files:  26% (167/640)
2026-10-09T14:41:46.2728281Z Updating files:  27% (173/640)
2026-10-09T14:41:46.2730862Z Updating files:  28% (180/640)
2026-10-09T14:41:46.2733939Z Updating files:  29% (186/640)
2026-10-09T14:41:46.2737750Z Updating files:  30% (192/640)
2026-10-09T14:41:46.2740648Z Updating files:  31% (199/640)
2026-10-09T14:41:46.2744101Z Updating files:  32% (205/640)
2026-10-09T14:41:46.2748045Z Updating files:  33% (212/640)
2026-10-09T14:41:46.2751385Z Updating files:  34% (218/640)
2026-10-09T14:41:46.2759924Z Updating files:  35% (224/640)
2026-10-09T14:41:46.2760509Z Updating files:  36% (231/640)
2026-10-09T14:41:46.2763405Z Updating files:  37% (237/640)
2026-10-09T14:41:46.2768192Z Updating files:  38% (244/640)
2026-10-09T14:41:46.2771315Z Updating files:  39% (250/640)
2026-10-09T14:41:46.2775377Z Updating files:  40% (256/640)
2026-10-09T14:41:46.2779096Z Updating files:  41% (263/640)
2026-10-09T14:41:46.2783206Z Updating files:  42% (269/640)
2026-10-09T14:41:46.2786394Z Updating files:  43% (276/640)
2026-10-09T14:41:46.2789845Z Updating files:  44% (282/640)
2026-10-09T14:41:46.2796920Z Updating files:  45% (288/640)
2026-10-09T14:41:46.2811014Z Updating files:  46% (295/640)
2026-10-09T14:41:46.2811470Z Updating files:  47% (301/640)
2026-10-09T14:41:46.2813261Z Updating files:  48% (308/640)
2026-10-09T14:41:46.2816724Z Updating files:  49% (314/640)
2026-10-09T14:41:46.2822291Z Updating files:  50% (320/640)
2026-10-09T14:41:46.2824540Z Updating files:  51% (327/640)
2026-10-09T14:41:46.2827243Z Updating files:  52% (333/640)
2026-10-09T14:41:46.2829172Z Updating files:  53% (340/640)
2026-10-09T14:41:46.2834738Z Updating files:  54% (346/640)
2026-10-09T14:41:46.2840659Z Updating files:  55% (352/640)
2026-10-09T14:41:46.2845536Z Updating files:  56% (359/640)
2026-10-09T14:41:46.2848407Z Updating files:  57% (365/640)
2026-10-09T14:41:46.2855738Z Updating files:  58% (372/640)
2026-10-09T14:41:46.2868122Z Updating files:  59% (378/640)
2026-10-09T14:41:46.2873721Z Updating files:  60% (384/640)
2026-10-09T14:41:46.2878589Z Updating files:  61% (391/640)
2026-10-09T14:41:46.2885018Z Updating files:  62% (397/640)
2026-10-09T14:41:46.2889024Z Updating files:  63% (404/640)
2026-10-09T14:41:46.2892409Z Updating files:  64% (410/640)
2026-10-09T14:41:46.2896155Z Updating files:  65% (416/640)
2026-10-09T14:41:46.2922745Z Updating files:  66% (423/640)
2026-10-09T14:41:46.2925324Z Updating files:  67% (429/640)
2026-10-09T14:41:46.2929736Z Updating files:  68% (436/640)
2026-10-09T14:41:46.2934762Z Updating files:  69% (442/640)
2026-10-09T14:41:46.2938105Z Updating files:  70% (448/640)
2026-10-09T14:41:46.2942190Z Updating files:  71% (455/640)
2026-10-09T14:41:46.2945359Z Updating files:  72% (461/640)
2026-10-09T14:41:46.2948988Z Updating files:  73% (468/640)
2026-10-09T14:41:46.2953955Z Updating files:  74% (474/640)
2026-10-09T14:41:46.2960887Z Updating files:  75% (480/640)
2026-10-09T14:41:46.2963549Z Updating files:  76% (487/640)
2026-10-09T14:41:46.2967409Z Updating files:  77% (493/640)
2026-10-09T14:41:46.2971758Z Updating files:  78% (500/640)
2026-10-09T14:41:46.2974212Z Updating files:  79% (506/640)
2026-10-09T14:41:46.2977463Z Updating files:  80% (512/640)
2026-10-09T14:41:46.2982129Z Updating files:  81% (519/640)
2026-10-09T14:41:46.2986072Z Updating files:  82% (525/640)
2026-10-09T14:41:46.3016371Z Updating files:  83% (532/640)
2026-10-09T14:41:46.3016830Z Updating files:  84% (538/640)
2026-10-09T14:41:46.3018002Z Updating files:  85% (544/640)
2026-10-09T14:41:46.3035531Z Updating files:  86% (551/640)
2026-10-09T14:41:46.3038968Z Updating files:  87% (557/640)
2026-10-09T14:41:46.3042481Z Updating files:  88% (564/640)
2026-10-09T14:41:46.3044915Z Updating files:  89% (570/640)
2026-10-09T14:41:46.3047626Z Updating files:  90% (576/640)
2026-10-09T14:41:46.3050217Z Updating files:  91% (583/640)
2026-10-09T14:41:46.3054474Z Updating files:  92% (589/640)
2026-10-09T14:41:46.3058541Z Updating files:  93% (596/640)
2026-10-09T14:41:46.3062709Z Updating files:  94% (602/640)
2026-10-09T14:41:46.3067151Z Updating files:  95% (608/640)
2026-10-09T14:41:46.3070532Z Updating files:  96% (615/640)
2026-10-09T14:41:46.3073840Z Updating files:  97% (621/640)
2026-10-09T14:41:46.3077052Z Updating files:  98% (628/640)
2026-10-09T14:41:46.3081145Z Updating files:  99% (634/640)
2026-10-09T14:41:46.3081542Z Updating files: 100% (640/640)
2026-10-09T14:41:46.3081915Z Updating files: 100% (640/640), done.
2026-10-09T14:41:46.3494320Z Switched to a new branch 'research/uqcf-overlapping-guard-exchange'
2026-10-09T14:41:46.3883184Z branch 'research/uqcf-overlapping-guard-exchange' set up to track 'origin/research/uqcf-overlapping-guard-exchange'.
2026-10-09T14:41:46.3890012Z ##[endgroup]
2026-10-09T14:41:46.3937834Z [command]/usr/bin/git log -1 --format=%H
2026-10-09T14:41:46.3962815Z 5487616ed57d0922825ffb3dad438674a3c1449e
2026-10-09T14:41:46.3971211Z ##[group]Removing auth
2026-10-09T14:41:46.3974600Z [command]/usr/bin/git config --local --name-only --get-regexp core\.sshCommand
2026-10-09T14:41:46.4004031Z [command]/usr/bin/git submodule foreach --recursive sh -c "git config --local --name-only --get-regexp 'core\.sshCommand' && git config --local --unset-all 'core.sshCommand' || :"
2026-10-09T14:41:46.4628568Z [command]/usr/bin/git config --local --name-only --get-regexp http\.https\:\/\/github\.com\/\.extraheader
2026-10-09T14:41:46.4659343Z http.https://github.com/.extraheader
2026-10-09T14:41:46.4666167Z [command]/usr/bin/git config --local --unset-all http.https://github.com/.extraheader
2026-10-09T14:41:46.4708476Z [command]/usr/bin/git submodule foreach --recursive sh -c "git config --local --name-only --get-regexp 'http\.https\:\/\/github\.com\/\.extraheader' && git config --local --unset-all 'http.https://github.com/.extraheader' || :"
2026-10-09T14:41:46.4917598Z [command]/usr/bin/git config --local --name-only --get-regexp ^includeIf\.gitdir:
2026-10-09T14:41:46.4945710Z [command]/usr/bin/git submodule foreach --recursive git config --local --show-origin --name-only --get-regexp remote.origin.url
2026-10-09T14:41:46.5149978Z ##[endgroup]
2026-10-09T14:41:46.5408758Z ##[group]Run set -euo pipefail
2026-10-09T14:41:46.5409177Z [36;1mset -euo pipefail[0m
2026-10-09T14:41:46.5409443Z [36;1mmkdir transfer_verification[0m
2026-10-09T14:41:46.5409831Z [36;1mROOT=research_snapshot/ResearchHistory/UQCF-GEM/research/physical-bridge[0m
2026-10-09T14:41:46.5410719Z [36;1mpython3 -m unittest discover -s "$ROOT/record_transfer" -p test_transfer.py -v 2>&1 | tee transfer_verification/contracts.log[0m
2026-10-09T14:41:46.5411433Z [36;1mpython3 "$ROOT/record_transfer/producer.py" transfer_verification/certificate.json | tee transfer_verification/counts.json[0m
2026-10-09T14:41:46.5412183Z [36;1mpython3 "$ROOT/record_transfer/producer.py" /tmp/repeated.json[0m
2026-10-09T14:41:46.5412601Z [36;1mcmp transfer_verification/certificate.json /tmp/repeated.json[0m
2026-10-09T14:41:46.5413193Z [36;1mpython3 "$ROOT/record_transfer/independent.py" transfer_verification/certificate.json | tee transfer_verification/independent.json[0m
2026-10-09T14:41:46.5414000Z [36;1mpython3 -m unittest discover -s "$ROOT/admission" -p test_admission.py -v 2>&1 | tee transfer_verification/inherited_admission.log[0m
2026-10-09T14:41:46.5414670Z [36;1mecho "scientific_sha=$(git -C research_snapshot rev-parse HEAD)" > transfer_verification/provenance.txt[0m
2026-10-09T14:41:46.5415189Z [36;1mecho "workflow_sha=$GITHUB_SHA" >> transfer_verification/provenance.txt[0m
2026-10-09T14:41:46.5415698Z [36;1msha256sum transfer_verification/certificate.json > transfer_verification/certificate.sha256[0m
2026-10-09T14:41:46.6054036Z shell: /usr/bin/bash --noprofile --norc -e -o pipefail {0}
2026-10-09T14:41:46.6054465Z ##[endgroup]
2026-10-09T14:41:46.8675509Z test_analytic_pair (test_transfer.Contracts.test_analytic_pair) ... ok
2026-10-09T14:41:47.0641497Z test_complete (test_transfer.Contracts.test_complete) ... ok
2026-10-09T14:41:47.1728284Z test_duplicate_fiber (test_transfer.Contracts.test_duplicate_fiber) ... ok
2026-10-09T14:41:47.2915773Z test_duplicate_source (test_transfer.Contracts.test_duplicate_source) ... ok
2026-10-09T14:41:47.3992148Z test_false_access (test_transfer.Contracts.test_false_access) ... ok
2026-10-09T14:41:47.5061715Z test_false_fiber_record (test_transfer.Contracts.test_false_fiber_record) ... ok
2026-10-09T14:41:47.6203247Z test_false_minimal_bits (test_transfer.Contracts.test_false_minimal_bits) ... ok
2026-10-09T14:41:47.7283766Z test_false_mixed (test_transfer.Contracts.test_false_mixed) ... ok
2026-10-09T14:41:47.8455510Z test_false_order (test_transfer.Contracts.test_false_order) ... ok
2026-10-09T14:41:47.9535718Z test_false_scope (test_transfer.Contracts.test_false_scope) ... ok
2026-10-09T14:41:47.9536711Z test_fibers (test_transfer.Contracts.test_fibers) ... ok
2026-10-09T14:41:47.9552871Z test_identity (test_transfer.Contracts.test_identity) ... ok
2026-10-09T14:41:48.0643154Z test_missing_fiber1 (test_transfer.Contracts.test_missing_fiber1) ... ok
2026-10-09T14:41:48.1834657Z test_missing_fiber2 (test_transfer.Contracts.test_missing_fiber2) ... ok
2026-10-09T14:41:48.2895235Z test_missing_member (test_transfer.Contracts.test_missing_member) ... ok
2026-10-09T14:41:48.3962021Z test_missing_query (test_transfer.Contracts.test_missing_query) ... ok
2026-10-09T14:41:48.5102366Z test_missing_source (test_transfer.Contracts.test_missing_source) ... ok
2026-10-09T14:41:48.6157182Z test_substituted_member (test_transfer.Contracts.test_substituted_member) ... ok
2026-10-09T14:41:48.7219629Z test_type (test_transfer.Contracts.test_type) ... ok
2026-10-09T14:41:48.8380730Z test_wrong_admission (test_transfer.Contracts.test_wrong_admission) ... ok
2026-10-09T14:41:48.9468404Z test_wrong_decode (test_transfer.Contracts.test_wrong_decode) ... ok
2026-10-09T14:41:49.0527833Z test_wrong_outside (test_transfer.Contracts.test_wrong_outside) ... ok
2026-10-09T14:41:49.1657743Z test_wrong_pair (test_transfer.Contracts.test_wrong_pair) ... ok
2026-10-09T14:41:49.2718989Z test_wrong_protected (test_transfer.Contracts.test_wrong_protected) ... ok
2026-10-09T14:41:49.3793915Z test_wrong_singleton (test_transfer.Contracts.test_wrong_singleton) ... ok
2026-10-09T14:41:49.4915331Z test_wrong_state (test_transfer.Contracts.test_wrong_state) ... ok
2026-10-09T14:41:49.5971046Z test_wrong_tau (test_transfer.Contracts.test_wrong_tau) ... ok
2026-10-09T14:41:49.7032298Z test_wrong_witness (test_transfer.Contracts.test_wrong_witness) ... ok
2026-10-09T14:41:49.7032747Z 
2026-10-09T14:41:49.7032951Z ----------------------------------------------------------------------
2026-10-09T14:41:49.7033459Z Ran 28 tests in 3.024s
2026-10-09T14:41:49.7033637Z 
2026-10-09T14:41:49.7033739Z OK
2026-10-09T14:41:49.9370586Z {"sources": 4096, "protected": 3088, "admitted": 2640, "fibers1": 320, "mixed1": 192, "fibers2": 2464, "mixed2": 0}
2026-10-09T14:41:50.1619240Z {"sources": 4096, "protected": 3088, "admitted": 2640, "fibers1": 320, "mixed1": 192, "fibers2": 2464, "mixed2": 0}
2026-10-09T14:41:50.3973399Z PASS independent complete global record transfer and fiber reconstruction
2026-10-09T14:41:50.5323688Z test_budget (test_admission.Contracts.test_budget) ... ok
2026-10-09T14:41:50.5388387Z test_complete (test_admission.Contracts.test_complete) ... ok
2026-10-09T14:41:50.5669392Z test_duplicate_edge (test_admission.Contracts.test_duplicate_edge) ... ok
2026-10-09T14:41:50.5994885Z test_duplicate_node (test_admission.Contracts.test_duplicate_node) ... ok
2026-10-09T14:41:50.6262797Z test_duplicate_source (test_admission.Contracts.test_duplicate_source) ... ok
2026-10-09T14:41:50.6264164Z test_exact_admission_and_extension (test_admission.Contracts.test_exact_admission_and_extension) ... ok
2026-10-09T14:41:50.6530919Z test_false_admission_sensor (test_admission.Contracts.test_false_admission_sensor) ... ok
2026-10-09T14:41:50.6801074Z test_false_exact_tau (test_admission.Contracts.test_false_exact_tau) ... ok
2026-10-09T14:41:50.7083080Z test_false_guard_needed (test_admission.Contracts.test_false_guard_needed) ... ok
2026-10-09T14:41:50.7385774Z test_false_native_guard (test_admission.Contracts.test_false_native_guard) ... ok
2026-10-09T14:41:50.7649384Z test_false_new_label (test_admission.Contracts.test_false_new_label) ... ok
2026-10-09T14:41:50.7914819Z test_false_optimality (test_admission.Contracts.test_false_optimality) ... ok
2026-10-09T14:41:50.8190459Z test_false_origin (test_admission.Contracts.test_false_origin) ... ok
2026-10-09T14:41:50.8501644Z test_false_progress (test_admission.Contracts.test_false_progress) ... ok
2026-10-09T14:41:50.8874769Z test_false_tau3_universal (test_admission.Contracts.test_false_tau3_universal) ... ok
2026-10-09T14:41:50.9249613Z test_false_uniform_safety (test_admission.Contracts.test_false_uniform_safety) ... ok
2026-10-09T14:41:50.9517163Z test_false_unobservable (test_admission.Contracts.test_false_unobservable) ... ok
2026-10-09T14:41:50.9790169Z test_floor (test_admission.Contracts.test_floor) ... ok
2026-10-09T14:41:51.0063248Z test_guarded_edge_mismatch (test_admission.Contracts.test_guarded_edge_mismatch) ... ok
2026-10-09T14:41:51.0337855Z test_hidden_read (test_admission.Contracts.test_hidden_read) ... ok
2026-10-09T14:41:51.0653820Z test_illegal_host_delete (test_admission.Contracts.test_illegal_host_delete) ... ok
2026-10-09T14:41:51.0923017Z test_intersection (test_admission.Contracts.test_intersection) ... ok
2026-10-09T14:41:51.1194657Z test_marker_insert (test_admission.Contracts.test_marker_insert) ... ok
2026-10-09T14:41:51.1465004Z test_missing_edge (test_admission.Contracts.test_missing_edge) ... ok
2026-10-09T14:41:51.1740208Z test_missing_graph (test_admission.Contracts.test_missing_graph) ... ok
2026-10-09T14:41:51.2055216Z test_missing_node (test_admission.Contracts.test_missing_node) ... ok
2026-10-09T14:41:51.2330246Z test_missing_noop (test_admission.Contracts.test_missing_noop) ... ok
2026-10-09T14:41:51.2614769Z test_missing_path (test_admission.Contracts.test_missing_path) ... ok
2026-10-09T14:41:51.2895528Z test_missing_rejection (test_admission.Contracts.test_missing_rejection) ... ok
2026-10-09T14:41:51.3167785Z test_missing_source (test_admission.Contracts.test_missing_source) ... ok
2026-10-09T14:41:51.3486365Z test_missing_triangle (test_admission.Contracts.test_missing_triangle) ... ok
2026-10-09T14:41:51.3487160Z test_no_runtime_guard_query (test_admission.Contracts.test_no_runtime_guard_query) ... ok
2026-10-09T14:41:51.3497388Z test_observable_deterministic_endpoint (test_admission.Contracts.test_observable_deterministic_endpoint) ... ok
2026-10-09T14:41:51.3764618Z test_path_command (test_admission.Contracts.test_path_command) ... ok
2026-10-09T14:41:51.4034591Z test_protected (test_admission.Contracts.test_protected) ... ok
2026-10-09T14:41:51.4306190Z test_provenance (test_admission.Contracts.test_provenance) ... ok
2026-10-09T14:41:51.4581737Z test_rank (test_admission.Contracts.test_rank) ... ok
2026-10-09T14:41:51.4860111Z test_rejection_tau (test_admission.Contracts.test_rejection_tau) ... ok
2026-10-09T14:41:51.5166744Z test_reverse_edge (test_admission.Contracts.test_reverse_edge) ... ok
2026-10-09T14:41:51.5167502Z test_sharp_boundary (test_admission.Contracts.test_sharp_boundary) ... ok
2026-10-09T14:41:51.5438286Z test_singleton_count (test_admission.Contracts.test_singleton_count) ... ok
2026-10-09T14:41:51.5713639Z test_source_admission (test_admission.Contracts.test_source_admission) ... ok
2026-10-09T14:41:51.5999784Z test_source_tau (test_admission.Contracts.test_source_tau) ... ok
2026-10-09T14:41:51.6345595Z test_substituted_graph (test_admission.Contracts.test_substituted_graph) ... ok
2026-10-09T14:41:51.6661582Z test_target (test_admission.Contracts.test_target) ... ok
2026-10-09T14:41:51.6933278Z test_type (test_admission.Contracts.test_type) ... ok
2026-10-09T14:41:51.7203312Z test_wrong_formula (test_admission.Contracts.test_wrong_formula) ... ok
2026-10-09T14:41:51.7474513Z test_wrong_residual_tau (test_admission.Contracts.test_wrong_residual_tau) ... ok
2026-10-09T14:41:51.7474984Z 
2026-10-09T14:41:51.7475168Z ----------------------------------------------------------------------
2026-10-09T14:41:51.7475938Z Ran 48 tests in 1.307s
2026-10-09T14:41:51.7476129Z 
2026-10-09T14:41:51.7476228Z OK
2026-10-09T14:41:51.7702987Z ##[group]Run actions/upload-artifact@v4
2026-10-09T14:41:51.7703219Z with:
2026-10-09T14:41:51.7703396Z   name: c3-transfer-verification
2026-10-09T14:41:51.7703614Z   path: transfer_verification/
2026-10-09T14:41:51.7703818Z   if-no-files-found: warn
2026-10-09T14:41:51.7704021Z   compression-level: 6
2026-10-09T14:41:51.7704199Z   overwrite: false
2026-10-09T14:41:51.7704377Z   include-hidden-files: false
2026-10-09T14:41:51.7704574Z ##[endgroup]
2026-10-09T14:41:51.9049658Z (node:2167) [DEP0040] DeprecationWarning: The `punycode` module is deprecated. Please use a userland alternative instead.
2026-10-09T14:41:51.9050509Z (Use `node --trace-deprecation ...` to show where the warning was created)
2026-10-09T14:41:51.9122533Z With the provided path, there will be 7 files uploaded
2026-10-09T14:41:51.9127202Z Artifact name is valid!
2026-10-09T14:41:51.9127656Z Root directory input is valid!
2026-10-09T14:41:52.2608550Z Beginning upload of artifact content to blob storage
2026-10-09T14:41:52.2994862Z (node:2167) [DEP0169] DeprecationWarning: `url.parse()` behavior is not standardized and prone to errors that have security implications. Use the WHATWG URL API instead. CVEs are not issued for `url.parse()` vulnerabilities.
2026-10-09T14:41:52.6432469Z Uploaded bytes 76190
2026-10-09T14:41:52.7061307Z Finished uploading artifact content to blob storage!
2026-10-09T14:41:52.7062112Z SHA256 digest of uploaded artifact zip is 0c3f17c3f92fd91e6e0033178cd673e41a2f86555ea6d5b81f2d967bc39d523a
2026-10-09T14:41:52.7063260Z Finalizing artifact upload
2026-10-09T14:41:52.9655951Z Artifact c3-transfer-verification.zip successfully finalized. Artifact ID 11623511159
2026-10-09T14:41:52.9656897Z Artifact c3-transfer-verification has been successfully uploaded! Final size is 76190 bytes. Artifact ID is 11623511159
2026-10-09T14:41:52.9662507Z Artifact download URL: https://github.com/proteinfoldingengine/WetLabEngine/actions/runs/37946082524/artifacts/11623511159
2026-10-09T14:41:52.9842164Z Post job cleanup.
2026-10-09T14:41:53.0517744Z [command]/usr/bin/git version
2026-10-09T14:41:53.0552321Z git version 2.55.0
2026-10-09T14:41:53.0579966Z Temporarily overriding HOME='/home/runner/work/_temp/1175e2d4-f828-4880-a2b3-add32c439f67' before making global git config changes
2026-10-09T14:41:53.0581100Z Adding repository directory to the temporary git global config as a safe directory
2026-10-09T14:41:53.0584258Z [command]/usr/bin/git config --global --add safe.directory /home/runner/work/WetLabEngine/WetLabEngine/research_snapshot
2026-10-09T14:41:53.0616604Z [command]/usr/bin/git config --local --name-only --get-regexp core\.sshCommand
2026-10-09T14:41:53.0646405Z [command]/usr/bin/git submodule foreach --recursive sh -c "git config --local --name-only --get-regexp 'core\.sshCommand' && git config --local --unset-all 'core.sshCommand' || :"
2026-10-09T14:41:53.0871691Z [command]/usr/bin/git config --local --name-only --get-regexp http\.https\:\/\/github\.com\/\.extraheader
2026-10-09T14:41:53.0901007Z [command]/usr/bin/git submodule foreach --recursive sh -c "git config --local --name-only --get-regexp 'http\.https\:\/\/github\.com\/\.extraheader' && git config --local --unset-all 'http.https://github.com/.extraheader' || :"
2026-10-09T14:41:53.1129295Z [command]/usr/bin/git config --local --name-only --get-regexp ^includeIf\.gitdir:
2026-10-09T14:41:53.1162559Z [command]/usr/bin/git submodule foreach --recursive git config --local --show-origin --name-only --get-regexp remote.origin.url
2026-10-09T14:41:53.1512439Z Cleaning up orphan processes
2026-10-09T14:41:53.1751898Z ##[warning]Node.js 20 is deprecated. The following actions target Node.js 20 but are being forced to run on Node.js 24: actions/checkout@v4, actions/upload-artifact@v4. For more information see: https://github.blog/changelog/2025-09-19-deprecation-of-node-20-on-github-actions-runners/
