2026-09-29T20:47:29.3848433Z Current runner version: '2.337.0'
2026-09-29T20:47:29.3872554Z ##[group]Runner Image Provisioner
2026-09-29T20:47:29.3873571Z Hosted Compute Agent
2026-09-29T20:47:29.3874120Z Version: 20260828.587
2026-09-29T20:47:29.3874919Z Commit: abac92662cab4cc7352de4f9f9d2e2419aad9c29
2026-09-29T20:47:29.3875634Z Build Date: 2026-08-28T16:44:25Z
2026-09-29T20:47:29.3876318Z Worker ID: {d7ebf470-ba71-4b4d-971a-d6a9c02d36c2}
2026-09-29T20:47:29.3877011Z Azure Region: southcentralus
2026-09-29T20:47:29.3877580Z ##[endgroup]
2026-09-29T20:47:29.3878970Z ##[group]Operating System
2026-09-29T20:47:29.3879548Z Ubuntu
2026-09-29T20:47:29.3880052Z 24.04.5
2026-09-29T20:47:29.3880693Z LTS
2026-09-29T20:47:29.3881372Z ##[endgroup]
2026-09-29T20:47:29.3882007Z ##[group]Runner Image
2026-09-29T20:47:29.3882772Z Image: ubuntu-24.04
2026-09-29T20:47:29.3883482Z Version: 20260920.314.1
2026-09-29T20:47:29.3884883Z Included Software: https://github.com/actions/runner-images/blob/ubuntu24/20260920.314/images/ubuntu/Ubuntu2404-Readme.md
2026-09-29T20:47:29.3886350Z Image Release: https://github.com/actions/runner-images/releases/tag/ubuntu24%2F20260920.314
2026-09-29T20:47:29.3887242Z ##[endgroup]
2026-09-29T20:47:29.3888741Z ##[group]GITHUB_TOKEN Permissions
2026-09-29T20:47:29.3891125Z Contents: read
2026-09-29T20:47:29.3891651Z Metadata: read
2026-09-29T20:47:29.3892212Z ##[endgroup]
2026-09-29T20:47:29.3894379Z Secret source: Actions
2026-09-29T20:47:29.3895494Z Cache mode: write
2026-09-29T20:47:29.3896170Z Prepare workflow directory
2026-09-29T20:47:29.4283966Z Prepare all required actions
2026-09-29T20:47:29.4333446Z Getting action download info
2026-09-29T20:47:29.7525092Z Download action repository 'actions/checkout@11d5960a326750d5838078e36cf38b85af677262' (SHA:11d5960a326750d5838078e36cf38b85af677262)
2026-09-29T20:47:29.8541271Z Download action repository 'actions/setup-python@a26af69be951a213d495a4c3e4e4022e16d87065' (SHA:a26af69be951a213d495a4c3e4e4022e16d87065)
2026-09-29T20:47:29.9622602Z Download action repository 'actions/upload-artifact@ea165f8d65b6e75b540449e92b4886f43607fa02' (SHA:ea165f8d65b6e75b540449e92b4886f43607fa02)
2026-09-29T20:47:30.2284335Z Complete job name: certify
2026-09-29T20:47:30.2958689Z ##[group]Run actions/checkout@11d5960a326750d5838078e36cf38b85af677262
2026-09-29T20:47:30.2959794Z with:
2026-09-29T20:47:30.2960352Z   repository: proteinfoldingengine/WetLabEngine
2026-09-29T20:47:30.2964184Z   token: ***
2026-09-29T20:47:30.2964942Z   ssh-strict: true
2026-09-29T20:47:30.2965472Z   ssh-user: git
2026-09-29T20:47:30.2966039Z   persist-credentials: true
2026-09-29T20:47:30.2966612Z   clean: true
2026-09-29T20:47:30.2967124Z   sparse-checkout-cone-mode: true
2026-09-29T20:47:30.2967723Z   fetch-depth: 1
2026-09-29T20:47:30.2968218Z   fetch-tags: false
2026-09-29T20:47:30.2968723Z   show-progress: true
2026-09-29T20:47:30.2969205Z   lfs: false
2026-09-29T20:47:30.2969678Z   submodules: false
2026-09-29T20:47:30.2970201Z   set-safe-directory: true
2026-09-29T20:47:30.2970785Z   allow-unsafe-pr-checkout: false
2026-09-29T20:47:30.2971558Z env:
2026-09-29T20:47:30.2972292Z   P: ResearchHistory/UQCF-GEM/demos/v16.28-diamond-attribution-closure
2026-09-29T20:47:30.2973162Z ##[endgroup]
2026-09-29T20:47:30.4014535Z Syncing repository: proteinfoldingengine/WetLabEngine
2026-09-29T20:47:30.4017305Z ##[group]Getting Git version info
2026-09-29T20:47:30.4018115Z Working directory is '/home/runner/work/WetLabEngine/WetLabEngine'
2026-09-29T20:47:30.4019306Z [command]/usr/bin/git version
2026-09-29T20:47:30.4092954Z git version 2.55.0
2026-09-29T20:47:30.4113494Z ##[endgroup]
2026-09-29T20:47:30.4137602Z Temporarily overriding HOME='/home/runner/work/_temp/11e0c294-f5ff-4c98-ac7a-31dc5fefd515' before making global git config changes
2026-09-29T20:47:30.4139438Z Adding repository directory to the temporary git global config as a safe directory
2026-09-29T20:47:30.4140858Z [command]/usr/bin/git config --global --add safe.directory /home/runner/work/WetLabEngine/WetLabEngine
2026-09-29T20:47:30.4219713Z Deleting the contents of '/home/runner/work/WetLabEngine/WetLabEngine'
2026-09-29T20:47:30.4226522Z ##[group]Initializing the repository
2026-09-29T20:47:30.4231894Z [command]/usr/bin/git init /home/runner/work/WetLabEngine/WetLabEngine
2026-09-29T20:47:30.4368386Z hint: Using 'master' as the name for the initial branch. This default branch name
2026-09-29T20:47:30.4370189Z hint: will change to "main" in Git 3.0. To configure the initial branch name
2026-09-29T20:47:30.4376163Z hint: to use in all of your new repositories, which will suppress this warning,
2026-09-29T20:47:30.4377531Z hint: call:
2026-09-29T20:47:30.4378274Z hint:
2026-09-29T20:47:30.4379306Z hint: 	git config --global init.defaultBranch <name>
2026-09-29T20:47:30.4380472Z hint:
2026-09-29T20:47:30.4381666Z hint: Names commonly chosen instead of 'master' are 'main', 'trunk' and
2026-09-29T20:47:30.4383111Z hint: 'development'. The just-created branch can be renamed via this command:
2026-09-29T20:47:30.4384224Z hint:
2026-09-29T20:47:30.4385325Z hint: 	git branch -m <name>
2026-09-29T20:47:30.4386180Z hint:
2026-09-29T20:47:30.4387378Z hint: Disable this message with "git config set advice.defaultBranchName false"
2026-09-29T20:47:30.4389267Z Initialized empty Git repository in /home/runner/work/WetLabEngine/WetLabEngine/.git/
2026-09-29T20:47:30.4392337Z [command]/usr/bin/git remote add origin https://github.com/proteinfoldingengine/WetLabEngine
2026-09-29T20:47:30.4456259Z ##[endgroup]
2026-09-29T20:47:30.4457619Z ##[group]Disabling automatic garbage collection
2026-09-29T20:47:30.4461548Z [command]/usr/bin/git config --local gc.auto 0
2026-09-29T20:47:30.4534375Z ##[endgroup]
2026-09-29T20:47:30.4535940Z ##[group]Setting up auth
2026-09-29T20:47:30.4537324Z [command]/usr/bin/git config --local --name-only --get-regexp core\.sshCommand
2026-09-29T20:47:30.4566888Z [command]/usr/bin/git submodule foreach --recursive sh -c "git config --local --name-only --get-regexp 'core\.sshCommand' && git config --local --unset-all 'core.sshCommand' || :"
2026-09-29T20:47:30.4969971Z [command]/usr/bin/git config --local --name-only --get-regexp http\.https\:\/\/github\.com\/\.extraheader
2026-09-29T20:47:30.5009228Z [command]/usr/bin/git submodule foreach --recursive sh -c "git config --local --name-only --get-regexp 'http\.https\:\/\/github\.com\/\.extraheader' && git config --local --unset-all 'http.https://github.com/.extraheader' || :"
2026-09-29T20:47:30.5203421Z [command]/usr/bin/git config --local --name-only --get-regexp ^includeIf\.gitdir:
2026-09-29T20:47:30.5235742Z [command]/usr/bin/git submodule foreach --recursive git config --local --show-origin --name-only --get-regexp remote.origin.url
2026-09-29T20:47:30.5424791Z [command]/usr/bin/git config --local http.https://github.com/.extraheader AUTHORIZATION: basic ***
2026-09-29T20:47:30.5464917Z ##[endgroup]
2026-09-29T20:47:30.5467303Z ##[group]Fetching the repository
2026-09-29T20:47:30.5475823Z [command]/usr/bin/git -c protocol.version=2 fetch --no-tags --prune --no-recurse-submodules --depth=1 origin +1cee24db0d120e685f8849e4ed5823281e63e6d5:refs/remotes/origin/research/v16.28-diamond-attribution-closure
2026-09-29T20:47:44.9741229Z From https://github.com/proteinfoldingengine/WetLabEngine
2026-09-29T20:47:44.9742593Z  * [new ref]         1cee24db0d120e685f8849e4ed5823281e63e6d5 -> origin/research/v16.28-diamond-attribution-closure
2026-09-29T20:47:44.9746213Z ##[endgroup]
2026-09-29T20:47:44.9747381Z ##[group]Determining the checkout info
2026-09-29T20:47:44.9748657Z ##[endgroup]
2026-09-29T20:47:44.9755739Z [command]/usr/bin/git sparse-checkout disable
2026-09-29T20:47:45.0651405Z [command]/usr/bin/git config --local --unset-all extensions.worktreeConfig
2026-09-29T20:47:45.0749190Z ##[group]Checking out the ref
2026-09-29T20:47:45.0793003Z [command]/usr/bin/git checkout --progress --force -B research/v16.28-diamond-attribution-closure refs/remotes/origin/research/v16.28-diamond-attribution-closure
2026-09-29T20:47:46.1261023Z Updating files:  49% (2556/5117)
2026-09-29T20:47:46.3297745Z Updating files:  50% (2559/5117)
2026-09-29T20:47:46.3330721Z Updating files:  51% (2610/5117)
2026-09-29T20:47:46.3377426Z Updating files:  52% (2661/5117)
2026-09-29T20:47:46.3397851Z Updating files:  53% (2713/5117)
2026-09-29T20:47:46.3415168Z Updating files:  54% (2764/5117)
2026-09-29T20:47:46.3458789Z Updating files:  55% (2815/5117)
2026-09-29T20:47:46.4349599Z Updating files:  56% (2866/5117)
2026-09-29T20:47:46.4362367Z Updating files:  57% (2917/5117)
2026-09-29T20:47:46.4375370Z Updating files:  58% (2968/5117)
2026-09-29T20:47:46.4460964Z Updating files:  59% (3020/5117)
2026-09-29T20:47:46.4558307Z Updating files:  60% (3071/5117)
2026-09-29T20:47:46.4689977Z Updating files:  61% (3122/5117)
2026-09-29T20:47:46.4875521Z Updating files:  62% (3173/5117)
2026-09-29T20:47:46.4922778Z Updating files:  63% (3224/5117)
2026-09-29T20:47:46.4941802Z Updating files:  64% (3275/5117)
2026-09-29T20:47:46.5446783Z Updating files:  65% (3327/5117)
2026-09-29T20:47:46.7300517Z Updating files:  66% (3378/5117)
2026-09-29T20:47:46.9344833Z Updating files:  67% (3429/5117)
2026-09-29T20:47:46.9353567Z Updating files:  68% (3480/5117)
2026-09-29T20:47:47.1012063Z Updating files:  69% (3531/5117)
2026-09-29T20:47:47.1673158Z Updating files:  69% (3563/5117)
2026-09-29T20:47:47.2518363Z Updating files:  70% (3582/5117)
2026-09-29T20:47:47.3745700Z Updating files:  71% (3634/5117)
2026-09-29T20:47:47.4363170Z Updating files:  72% (3685/5117)
2026-09-29T20:47:47.4498733Z Updating files:  73% (3736/5117)
2026-09-29T20:47:47.4547417Z Updating files:  74% (3787/5117)
2026-09-29T20:47:47.5139664Z Updating files:  75% (3838/5117)
2026-09-29T20:47:47.5177835Z Updating files:  76% (3889/5117)
2026-09-29T20:47:47.5203099Z Updating files:  77% (3941/5117)
2026-09-29T20:47:47.5227102Z Updating files:  78% (3992/5117)
2026-09-29T20:47:47.5249480Z Updating files:  79% (4043/5117)
2026-09-29T20:47:47.5275647Z Updating files:  80% (4094/5117)
2026-09-29T20:47:47.5299946Z Updating files:  81% (4145/5117)
2026-09-29T20:47:47.5327146Z Updating files:  82% (4196/5117)
2026-09-29T20:47:47.5346296Z Updating files:  83% (4248/5117)
2026-09-29T20:47:47.5389315Z Updating files:  84% (4299/5117)
2026-09-29T20:47:47.5547032Z Updating files:  85% (4350/5117)
2026-09-29T20:47:47.9985546Z Updating files:  86% (4401/5117)
2026-09-29T20:47:48.0086527Z Updating files:  87% (4452/5117)
2026-09-29T20:47:48.0317805Z Updating files:  88% (4503/5117)
2026-09-29T20:47:48.0604197Z Updating files:  89% (4555/5117)
2026-09-29T20:47:48.0862228Z Updating files:  90% (4606/5117)
2026-09-29T20:47:48.1131349Z Updating files:  91% (4657/5117)
2026-09-29T20:47:48.1195659Z Updating files:  91% (4688/5117)
2026-09-29T20:47:48.1796393Z Updating files:  92% (4708/5117)
2026-09-29T20:47:48.1881536Z Updating files:  93% (4759/5117)
2026-09-29T20:47:48.1912559Z Updating files:  94% (4810/5117)
2026-09-29T20:47:48.1943349Z Updating files:  95% (4862/5117)
2026-09-29T20:47:48.2043552Z Updating files:  96% (4913/5117)
2026-09-29T20:47:48.2090520Z Updating files:  97% (4964/5117)
2026-09-29T20:47:48.2241540Z Updating files:  98% (5015/5117)
2026-09-29T20:47:48.2277399Z Updating files:  99% (5066/5117)
2026-09-29T20:47:48.2278354Z Updating files: 100% (5117/5117)
2026-09-29T20:47:48.2279778Z Updating files: 100% (5117/5117), done.
2026-09-29T20:47:48.2475443Z Switched to a new branch 'research/v16.28-diamond-attribution-closure'
2026-09-29T20:47:48.2477019Z branch 'research/v16.28-diamond-attribution-closure' set up to track 'origin/research/v16.28-diamond-attribution-closure'.
2026-09-29T20:47:48.2541872Z ##[endgroup]
2026-09-29T20:47:48.2588610Z [command]/usr/bin/git log -1 --format=%H
2026-09-29T20:47:48.2615305Z 1cee24db0d120e685f8849e4ed5823281e63e6d5
2026-09-29T20:47:48.2877592Z ##[group]Run actions/setup-python@a26af69be951a213d495a4c3e4e4022e16d87065
2026-09-29T20:47:48.2878094Z with:
2026-09-29T20:47:48.2878439Z   python-version: 3.11
2026-09-29T20:47:48.2878750Z   check-latest: false
2026-09-29T20:47:48.2881040Z   token: ***
2026-09-29T20:47:48.2881353Z   update-environment: true
2026-09-29T20:47:48.2882243Z   allow-prereleases: false
2026-09-29T20:47:48.2882767Z   freethreaded: false
2026-09-29T20:47:48.2883057Z env:
2026-09-29T20:47:48.2883488Z   P: ResearchHistory/UQCF-GEM/demos/v16.28-diamond-attribution-closure
2026-09-29T20:47:48.2883934Z ##[endgroup]
2026-09-29T20:47:48.4179416Z ##[group]Installed versions
2026-09-29T20:47:48.4282606Z (node:2250) [DEP0040] DeprecationWarning: The `punycode` module is deprecated. Please use a userland alternative instead.
2026-09-29T20:47:48.4283336Z (Use `node --trace-deprecation ...` to show where the warning was created)
2026-09-29T20:47:48.4284350Z Successfully set up CPython (3.11.16)
2026-09-29T20:47:48.4285747Z ##[endgroup]
2026-09-29T20:47:48.4432038Z ##[group]Run python -m pip install sympy==1.13.3 mpmath==1.3.0
2026-09-29T20:47:48.4432668Z [36;1mpython -m pip install sympy==1.13.3 mpmath==1.3.0[0m
2026-09-29T20:47:48.4971405Z shell: /usr/bin/bash -e {0}
2026-09-29T20:47:48.4971862Z env:
2026-09-29T20:47:48.4972282Z   P: ResearchHistory/UQCF-GEM/demos/v16.28-diamond-attribution-closure
2026-09-29T20:47:48.4972900Z   pythonLocation: /opt/hostedtoolcache/Python/3.11.16/x64
2026-09-29T20:47:48.4973447Z   PKG_CONFIG_PATH: /opt/hostedtoolcache/Python/3.11.16/x64/lib/pkgconfig
2026-09-29T20:47:48.4973986Z   Python_ROOT_DIR: /opt/hostedtoolcache/Python/3.11.16/x64
2026-09-29T20:47:48.4974444Z   Python2_ROOT_DIR: /opt/hostedtoolcache/Python/3.11.16/x64
2026-09-29T20:47:48.4975166Z   Python3_ROOT_DIR: /opt/hostedtoolcache/Python/3.11.16/x64
2026-09-29T20:47:48.4975663Z   LD_LIBRARY_PATH: /opt/hostedtoolcache/Python/3.11.16/x64/lib
2026-09-29T20:47:48.4976068Z ##[endgroup]
2026-09-29T20:47:49.4015526Z Collecting sympy==1.13.3
2026-09-29T20:47:49.4793460Z   Downloading sympy-1.13.3-py3-none-any.whl.metadata (12 kB)
2026-09-29T20:47:49.5064393Z Collecting mpmath==1.3.0
2026-09-29T20:47:49.5171894Z   Downloading mpmath-1.3.0-py3-none-any.whl.metadata (8.6 kB)
2026-09-29T20:47:49.5335200Z Downloading sympy-1.13.3-py3-none-any.whl (6.2 MB)
2026-09-29T20:47:49.8903129Z    ━━━━━━━━━━━━━━━━━━━━━━━━━━━━━━━━━━━━━━━━ 6.2/6.2 MB 18.0 MB/s  0:00:00
2026-09-29T20:47:49.9011744Z Downloading mpmath-1.3.0-py3-none-any.whl (536 kB)
2026-09-29T20:47:49.9067892Z    ━━━━━━━━━━━━━━━━━━━━━━━━━━━━━━━━━━━━━━━━ 536.2/536.2 kB 80.5 MB/s  0:00:00
2026-09-29T20:47:49.9823880Z Installing collected packages: mpmath, sympy
2026-09-29T20:47:55.0051546Z 
2026-09-29T20:47:55.0061008Z Successfully installed mpmath-1.3.0 sympy-1.13.3
2026-09-29T20:47:55.1650889Z ##[group]Run python "$P/run_campaign.py"
2026-09-29T20:47:55.1651343Z [36;1mpython "$P/run_campaign.py"[0m
2026-09-29T20:47:55.1696451Z shell: /usr/bin/bash -e {0}
2026-09-29T20:47:55.1696902Z env:
2026-09-29T20:47:55.1697351Z   P: ResearchHistory/UQCF-GEM/demos/v16.28-diamond-attribution-closure
2026-09-29T20:47:55.1697926Z   pythonLocation: /opt/hostedtoolcache/Python/3.11.16/x64
2026-09-29T20:47:55.1698410Z   PKG_CONFIG_PATH: /opt/hostedtoolcache/Python/3.11.16/x64/lib/pkgconfig
2026-09-29T20:47:55.1698917Z   Python_ROOT_DIR: /opt/hostedtoolcache/Python/3.11.16/x64
2026-09-29T20:47:55.1699432Z   Python2_ROOT_DIR: /opt/hostedtoolcache/Python/3.11.16/x64
2026-09-29T20:47:55.1699868Z   Python3_ROOT_DIR: /opt/hostedtoolcache/Python/3.11.16/x64
2026-09-29T20:47:55.1700332Z   LD_LIBRARY_PATH: /opt/hostedtoolcache/Python/3.11.16/x64/lib
2026-09-29T20:47:55.1700723Z ##[endgroup]
2026-09-29T20:48:03.7140347Z {"name": "v1628-tests", "cwd": "ResearchHistory/UQCF-GEM/demos/v16.28-diamond-attribution-closure", "command": ["/opt/hostedtoolcache/Python/3.11.16/x64/bin/python", "test_gate.py"], "exit_code": 1, "tests": [28]}
2026-09-29T20:48:03.7141688Z test_actual_lineage_and_storage_relabeling (__main__.Tests.test_actual_lineage_and_storage_relabeling) ... ERROR
2026-09-29T20:48:03.7142320Z test_boolean_h (__main__.Tests.test_boolean_h) ... ok
2026-09-29T20:48:03.7142945Z test_chain_interval_is_not_a_no_go (__main__.Tests.test_chain_interval_is_not_a_no_go) ... ok
2026-09-29T20:48:03.7143806Z test_changed_union_rejected_by_verifier (__main__.Tests.test_changed_union_rejected_by_verifier) ... ok
2026-09-29T20:48:03.7145230Z test_complete_small_universe (__main__.Tests.test_complete_small_universe) ... ok
2026-09-29T20:48:03.7145743Z test_false_h (__main__.Tests.test_false_h) ... ok
2026-09-29T20:48:03.7146230Z test_false_independence (__main__.Tests.test_false_independence) ... ok
2026-09-29T20:48:03.7146828Z test_false_metamorphic_copy (__main__.Tests.test_false_metamorphic_copy) ... ok
2026-09-29T20:48:03.7147407Z test_false_mixed_difference (__main__.Tests.test_false_mixed_difference) ... ok
2026-09-29T20:48:03.7148012Z test_false_witness_heights (__main__.Tests.test_false_witness_heights) ... ok
2026-09-29T20:48:03.7148599Z test_fitted_weights_not_accepted (__main__.Tests.test_fitted_weights_not_accepted) ... ok
2026-09-29T20:48:03.7149191Z test_foreign_origin (__main__.Tests.test_foreign_origin) ... ok
2026-09-29T20:48:03.7149695Z test_identity_control (__main__.Tests.test_identity_control) ... ok
2026-09-29T20:48:03.7150226Z test_illegal_inputs_rejected (__main__.Tests.test_illegal_inputs_rejected) ... ok
2026-09-29T20:48:03.7150787Z test_missing_diamond (__main__.Tests.test_missing_diamond) ... ok
2026-09-29T20:48:03.7151275Z test_missing_endpoint (__main__.Tests.test_missing_endpoint) ... ok
2026-09-29T20:48:03.7151878Z test_missing_predecessor_field (__main__.Tests.test_missing_predecessor_field) ... ok
2026-09-29T20:48:03.7152433Z test_missing_shape (__main__.Tests.test_missing_shape) ... ok
2026-09-29T20:48:03.7152892Z test_missing_state (__main__.Tests.test_missing_state) ... ok
2026-09-29T20:48:03.7153431Z test_missing_witness (__main__.Tests.test_missing_witness) ... ok
2026-09-29T20:48:03.7153956Z test_one_event_positive_weight (__main__.Tests.test_one_event_positive_weight) ... ok
2026-09-29T20:48:03.7154545Z test_parent_counterexample (__main__.Tests.test_parent_counterexample) ... ok
2026-09-29T20:48:03.7155424Z test_positive_mixed_difference_control (__main__.Tests.test_positive_mixed_difference_control) ... ok
2026-09-29T20:48:03.7156055Z test_reordered_records_valid (__main__.Tests.test_reordered_records_valid) ... ok
2026-09-29T20:48:03.7156744Z test_same_total_wrong_coefficients_rejected (__main__.Tests.test_same_total_wrong_coefficients_rejected) ... ok
2026-09-29T20:48:03.7157444Z test_verifier_does_not_import_producer (__main__.Tests.test_verifier_does_not_import_producer) ... ok
2026-09-29T20:48:03.7158216Z test_wrong_event_identity (__main__.Tests.test_wrong_event_identity) ... ok
2026-09-29T20:48:03.7158783Z test_wrong_witness_path (__main__.Tests.test_wrong_witness_path) ... ok
2026-09-29T20:48:03.7159108Z 
2026-09-29T20:48:03.7159259Z ======================================================================
2026-09-29T20:48:03.7159890Z ERROR: test_actual_lineage_and_storage_relabeling (__main__.Tests.test_actual_lineage_and_storage_relabeling)
2026-09-29T20:48:03.7160486Z ----------------------------------------------------------------------
2026-09-29T20:48:03.7160963Z Traceback (most recent call last):
2026-09-29T20:48:03.7167810Z   File "/home/runner/work/WetLabEngine/WetLabEngine/ResearchHistory/UQCF-GEM/demos/v16.28-diamond-attribution-closure/test_gate.py", line 43, in test_actual_lineage_and_storage_relabeling
2026-09-29T20:48:03.7168905Z     p,v=self.modules();c=p.certify((-1,2,0),[(1,2,0),(2,0)],[(2,0),(2,0)])
2026-09-29T20:48:03.7169433Z                          ^^^^^^^^^^^^^^^^^^^^^^^^^^^^^^^^^^^^^^^^^^^^^^^^^
2026-09-29T20:48:03.7170269Z   File "/home/runner/work/WetLabEngine/WetLabEngine/ResearchHistory/UQCF-GEM/demos/v16.28-diamond-attribution-closure/producer.py", line 76, in certify
2026-09-29T20:48:03.7170972Z     p,ys,zs=validate(raw,before,after)
2026-09-29T20:48:03.7171366Z             ^^^^^^^^^^^^^^^^^^^^^^^^^^
2026-09-29T20:48:03.7172103Z   File "/home/runner/work/WetLabEngine/WetLabEngine/ResearchHistory/UQCF-GEM/demos/v16.28-diamond-attribution-closure/producer.py", line 46, in validate
2026-09-29T20:48:03.7172909Z     need(set().union(*map(set,ys))==set().union(*map(set,zs)),'changed union')
2026-09-29T20:48:03.7173714Z   File "/home/runner/work/WetLabEngine/WetLabEngine/ResearchHistory/UQCF-GEM/demos/v16.28-diamond-attribution-closure/producer.py", line 16, in need
2026-09-29T20:48:03.7175444Z     if not ok:raise ValueError(message)
2026-09-29T20:48:03.7175862Z               ^^^^^^^^^^^^^^^^^^^^^^^^^
2026-09-29T20:48:03.7176217Z ValueError: changed union
2026-09-29T20:48:03.7176424Z 
2026-09-29T20:48:03.7176715Z ----------------------------------------------------------------------
2026-09-29T20:48:03.7177129Z Ran 28 tests in 4.636s
2026-09-29T20:48:03.7177294Z 
2026-09-29T20:48:03.7177430Z FAILED (errors=1)
2026-09-29T20:48:03.7177662Z 
2026-09-29T20:48:03.7306424Z Traceback (most recent call last):
2026-09-29T20:48:03.7307411Z   File "/home/runner/work/WetLabEngine/WetLabEngine/ResearchHistory/UQCF-GEM/demos/v16.28-diamond-attribution-closure/run_campaign.py", line 44, in <module>
2026-09-29T20:48:03.7308355Z     print(text[-18000:],flush=True);raise RuntimeError('failed command/coverage '+name)
2026-09-29T20:48:03.7308882Z                                     ^^^^^^^^^^^^^^^^^^^^^^^^^^^^^^^^^^^^^^^^^^^^^^^^^^^
2026-09-29T20:48:03.7309346Z RuntimeError: failed command/coverage v1628-tests
2026-09-29T20:48:03.7418918Z ##[error]Process completed with exit code 1.
2026-09-29T20:48:03.7535732Z ##[group]Run actions/upload-artifact@ea165f8d65b6e75b540449e92b4886f43607fa02
2026-09-29T20:48:03.7536245Z with:
2026-09-29T20:48:03.7536587Z   name: v1628-1cee24db0d120e685f8849e4ed5823281e63e6d5
2026-09-29T20:48:03.7537008Z   if-no-files-found: error
2026-09-29T20:48:03.7537476Z   path: ResearchHistory/UQCF-GEM/demos/v16.28-diamond-attribution-closure/evidence
2026-09-29T20:48:03.7538033Z   compression-level: 6
2026-09-29T20:48:03.7538358Z   overwrite: false
2026-09-29T20:48:03.7538668Z   include-hidden-files: false
2026-09-29T20:48:03.7539010Z env:
2026-09-29T20:48:03.7539388Z   P: ResearchHistory/UQCF-GEM/demos/v16.28-diamond-attribution-closure
2026-09-29T20:48:03.7539911Z   pythonLocation: /opt/hostedtoolcache/Python/3.11.16/x64
2026-09-29T20:48:03.7540460Z   PKG_CONFIG_PATH: /opt/hostedtoolcache/Python/3.11.16/x64/lib/pkgconfig
2026-09-29T20:48:03.7540949Z   Python_ROOT_DIR: /opt/hostedtoolcache/Python/3.11.16/x64
2026-09-29T20:48:03.7541524Z   Python2_ROOT_DIR: /opt/hostedtoolcache/Python/3.11.16/x64
2026-09-29T20:48:03.7542001Z   Python3_ROOT_DIR: /opt/hostedtoolcache/Python/3.11.16/x64
2026-09-29T20:48:03.7542500Z   LD_LIBRARY_PATH: /opt/hostedtoolcache/Python/3.11.16/x64/lib
2026-09-29T20:48:03.7542892Z ##[endgroup]
2026-09-29T20:48:03.9228026Z (node:2292) [DEP0040] DeprecationWarning: The `punycode` module is deprecated. Please use a userland alternative instead.
2026-09-29T20:48:03.9229059Z (Use `node --trace-deprecation ...` to show where the warning was created)
2026-09-29T20:48:03.9333688Z With the provided path, there will be 6 files uploaded
2026-09-29T20:48:03.9335093Z Artifact name is valid!
2026-09-29T20:48:03.9337081Z Root directory input is valid!
2026-09-29T20:48:04.2444947Z Beginning upload of artifact content to blob storage
2026-09-29T20:48:04.2698670Z (node:2292) [DEP0169] DeprecationWarning: `url.parse()` behavior is not standardized and prone to errors that have security implications. Use the WHATWG URL API instead. CVEs are not issued for `url.parse()` vulnerabilities.
2026-09-29T20:48:04.4342724Z Uploaded bytes 23104
2026-09-29T20:48:04.4790601Z Finished uploading artifact content to blob storage!
2026-09-29T20:48:04.4791634Z SHA256 digest of uploaded artifact zip is 0de9b31af40949c72884dd2c78645f184468b077ceed0df1d696eb9191fa5398
2026-09-29T20:48:04.4792736Z Finalizing artifact upload
2026-09-29T20:48:04.7103866Z Artifact v1628-1cee24db0d120e685f8849e4ed5823281e63e6d5.zip successfully finalized. Artifact ID 11062290464
2026-09-29T20:48:04.7105610Z Artifact v1628-1cee24db0d120e685f8849e4ed5823281e63e6d5 has been successfully uploaded! Final size is 23104 bytes. Artifact ID is 11062290464
2026-09-29T20:48:04.7111429Z Artifact download URL: https://github.com/proteinfoldingengine/WetLabEngine/actions/runs/36628829369/artifacts/11062290464
2026-09-29T20:48:04.7289495Z Post job cleanup.
2026-09-29T20:48:04.8131127Z [command]/usr/bin/git version
2026-09-29T20:48:04.8176085Z git version 2.55.0
2026-09-29T20:48:04.8218249Z Temporarily overriding HOME='/home/runner/work/_temp/9f756172-d8c6-477c-a102-a874cf4473ed' before making global git config changes
2026-09-29T20:48:04.8219292Z Adding repository directory to the temporary git global config as a safe directory
2026-09-29T20:48:04.8224352Z [command]/usr/bin/git config --global --add safe.directory /home/runner/work/WetLabEngine/WetLabEngine
2026-09-29T20:48:04.8266679Z [command]/usr/bin/git config --local --name-only --get-regexp core\.sshCommand
2026-09-29T20:48:04.8299049Z [command]/usr/bin/git submodule foreach --recursive sh -c "git config --local --name-only --get-regexp 'core\.sshCommand' && git config --local --unset-all 'core.sshCommand' || :"
2026-09-29T20:48:04.8532603Z [command]/usr/bin/git config --local --name-only --get-regexp http\.https\:\/\/github\.com\/\.extraheader
2026-09-29T20:48:04.8558568Z http.https://github.com/.extraheader
2026-09-29T20:48:04.8569613Z [command]/usr/bin/git config --local --unset-all http.https://github.com/.extraheader
2026-09-29T20:48:04.8609284Z [command]/usr/bin/git submodule foreach --recursive sh -c "git config --local --name-only --get-regexp 'http\.https\:\/\/github\.com\/\.extraheader' && git config --local --unset-all 'http.https://github.com/.extraheader' || :"
2026-09-29T20:48:04.8851085Z [command]/usr/bin/git config --local --name-only --get-regexp ^includeIf\.gitdir:
2026-09-29T20:48:04.8890416Z [command]/usr/bin/git submodule foreach --recursive git config --local --show-origin --name-only --get-regexp remote.origin.url
2026-09-29T20:48:04.9313218Z Cleaning up orphan processes
2026-09-29T20:48:04.9568758Z ##[warning]Node.js 20 is deprecated. The following actions target Node.js 20 but are being forced to run on Node.js 24: actions/checkout@11d5960a326750d5838078e36cf38b85af677262, actions/setup-python@a26af69be951a213d495a4c3e4e4022e16d87065, actions/upload-artifact@ea165f8d65b6e75b540449e92b4886f43607fa02. For more information see: https://github.blog/changelog/2025-09-19-deprecation-of-node-20-on-github-actions-runners/
