2026-10-01T18:54:14.2672952Z Current runner version: '2.337.0'
2026-10-01T18:54:14.2693464Z ##[group]Runner Image Provisioner
2026-10-01T18:54:14.2694288Z Hosted Compute Agent
2026-10-01T18:54:14.2694758Z Version: 20260901.588
2026-10-01T18:54:14.2695354Z Commit: f88ec8081b781fac6c440065ac7ff9e710ce3d0b
2026-10-01T18:54:14.2695950Z Build Date: 2026-09-01T19:56:44Z
2026-10-01T18:54:14.2696535Z Worker ID: {db7e44d9-be4f-41c2-a9c1-de9f03818e2a}
2026-10-01T18:54:14.2697179Z Azure Region: westcentralus
2026-10-01T18:54:14.2697686Z ##[endgroup]
2026-10-01T18:54:14.2699102Z ##[group]Operating System
2026-10-01T18:54:14.2699634Z Ubuntu
2026-10-01T18:54:14.2700176Z 24.04.5
2026-10-01T18:54:14.2700617Z LTS
2026-10-01T18:54:14.2701040Z ##[endgroup]
2026-10-01T18:54:14.2701537Z ##[group]Runner Image
2026-10-01T18:54:14.2702032Z Image: ubuntu-24.04
2026-10-01T18:54:14.2702565Z Version: 20260927.320.1
2026-10-01T18:54:14.2703679Z Included Software: https://github.com/actions/runner-images/blob/ubuntu24/20260927.320/images/ubuntu/Ubuntu2404-Readme.md
2026-10-01T18:54:14.2705283Z Image Release: https://github.com/actions/runner-images/releases/tag/ubuntu24%2F20260927.320
2026-10-01T18:54:14.2706086Z ##[endgroup]
2026-10-01T18:54:14.2707070Z ##[group]GITHUB_TOKEN Permissions
2026-10-01T18:54:14.2709175Z Contents: read
2026-10-01T18:54:14.2709656Z Metadata: read
2026-10-01T18:54:14.2710207Z ##[endgroup]
2026-10-01T18:54:14.2711885Z Secret source: Actions
2026-10-01T18:54:14.2712748Z Cache mode: write
2026-10-01T18:54:14.2713302Z Prepare workflow directory
2026-10-01T18:54:14.3014765Z Prepare all required actions
2026-10-01T18:54:14.3053271Z Getting action download info
2026-10-01T18:54:14.6207764Z Download action repository 'actions/checkout@11d5960a326750d5838078e36cf38b85af677262' (SHA:11d5960a326750d5838078e36cf38b85af677262)
2026-10-01T18:54:14.7562819Z Download action repository 'actions/setup-python@a26af69be951a213d495a4c3e4e4022e16d87065' (SHA:a26af69be951a213d495a4c3e4e4022e16d87065)
2026-10-01T18:54:14.8483256Z Download action repository 'actions/upload-artifact@ea165f8d65b6e75b540449e92b4886f43607fa02' (SHA:ea165f8d65b6e75b540449e92b4886f43607fa02)
2026-10-01T18:54:15.0776376Z Complete job name: science
2026-10-01T18:54:15.1372805Z ##[group]Run actions/checkout@11d5960a326750d5838078e36cf38b85af677262
2026-10-01T18:54:15.1373585Z with:
2026-10-01T18:54:15.1373933Z   fetch-depth: 64
2026-10-01T18:54:15.1374341Z   repository: proteinfoldingengine/WetLabEngine
2026-10-01T18:54:15.1377668Z   token: ***
2026-10-01T18:54:15.1378014Z   ssh-strict: true
2026-10-01T18:54:15.1378510Z   ssh-user: git
2026-10-01T18:54:15.1378864Z   persist-credentials: true
2026-10-01T18:54:15.1379253Z   clean: true
2026-10-01T18:54:15.1379605Z   sparse-checkout-cone-mode: true
2026-10-01T18:54:15.1380005Z   fetch-tags: false
2026-10-01T18:54:15.1380352Z   show-progress: true
2026-10-01T18:54:15.1380705Z   lfs: false
2026-10-01T18:54:15.1381033Z   submodules: false
2026-10-01T18:54:15.1381382Z   set-safe-directory: true
2026-10-01T18:54:15.1381774Z   allow-unsafe-pr-checkout: false
2026-10-01T18:54:15.1382343Z ##[endgroup]
2026-10-01T18:54:15.2183866Z Syncing repository: proteinfoldingengine/WetLabEngine
2026-10-01T18:54:15.2185680Z ##[group]Getting Git version info
2026-10-01T18:54:15.2186360Z Working directory is '/home/runner/work/WetLabEngine/WetLabEngine'
2026-10-01T18:54:15.2187289Z [command]/usr/bin/git version
2026-10-01T18:54:15.2245572Z git version 2.55.0
2026-10-01T18:54:15.2262528Z ##[endgroup]
2026-10-01T18:54:15.2276999Z Temporarily overriding HOME='/home/runner/work/_temp/a1a2b279-ff39-4603-8979-c85f6c7c3ff1' before making global git config changes
2026-10-01T18:54:15.2278912Z Adding repository directory to the temporary git global config as a safe directory
2026-10-01T18:54:15.2281338Z [command]/usr/bin/git config --global --add safe.directory /home/runner/work/WetLabEngine/WetLabEngine
2026-10-01T18:54:15.2339483Z Deleting the contents of '/home/runner/work/WetLabEngine/WetLabEngine'
2026-10-01T18:54:15.2343656Z ##[group]Initializing the repository
2026-10-01T18:54:15.2347609Z [command]/usr/bin/git init /home/runner/work/WetLabEngine/WetLabEngine
2026-10-01T18:54:15.2458423Z hint: Using 'master' as the name for the initial branch. This default branch name
2026-10-01T18:54:15.2459955Z hint: will change to "main" in Git 3.0. To configure the initial branch name
2026-10-01T18:54:15.2461237Z hint: to use in all of your new repositories, which will suppress this warning,
2026-10-01T18:54:15.2462409Z hint: call:
2026-10-01T18:54:15.2462997Z hint:
2026-10-01T18:54:15.2463718Z hint: 	git config --global init.defaultBranch <name>
2026-10-01T18:54:15.2464594Z hint:
2026-10-01T18:54:15.2465396Z hint: Names commonly chosen instead of 'master' are 'main', 'trunk' and
2026-10-01T18:54:15.2466656Z hint: 'development'. The just-created branch can be renamed via this command:
2026-10-01T18:54:15.2472846Z hint:
2026-10-01T18:54:15.2473479Z hint: 	git branch -m <name>
2026-10-01T18:54:15.2474157Z hint:
2026-10-01T18:54:15.2475025Z hint: Disable this message with "git config set advice.defaultBranchName false"
2026-10-01T18:54:15.2476917Z Initialized empty Git repository in /home/runner/work/WetLabEngine/WetLabEngine/.git/
2026-10-01T18:54:15.2479780Z [command]/usr/bin/git remote add origin https://github.com/proteinfoldingengine/WetLabEngine
2026-10-01T18:54:15.2559947Z ##[endgroup]
2026-10-01T18:54:15.2560886Z ##[group]Disabling automatic garbage collection
2026-10-01T18:54:15.2561703Z [command]/usr/bin/git config --local gc.auto 0
2026-10-01T18:54:15.2599997Z ##[endgroup]
2026-10-01T18:54:15.2600923Z ##[group]Setting up auth
2026-10-01T18:54:15.2601915Z [command]/usr/bin/git config --local --name-only --get-regexp core\.sshCommand
2026-10-01T18:54:15.2635579Z [command]/usr/bin/git submodule foreach --recursive sh -c "git config --local --name-only --get-regexp 'core\.sshCommand' && git config --local --unset-all 'core.sshCommand' || :"
2026-10-01T18:54:15.2952427Z [command]/usr/bin/git config --local --name-only --get-regexp http\.https\:\/\/github\.com\/\.extraheader
2026-10-01T18:54:15.2982842Z [command]/usr/bin/git submodule foreach --recursive sh -c "git config --local --name-only --get-regexp 'http\.https\:\/\/github\.com\/\.extraheader' && git config --local --unset-all 'http.https://github.com/.extraheader' || :"
2026-10-01T18:54:15.3179296Z [command]/usr/bin/git config --local --name-only --get-regexp ^includeIf\.gitdir:
2026-10-01T18:54:15.3215680Z [command]/usr/bin/git submodule foreach --recursive git config --local --show-origin --name-only --get-regexp remote.origin.url
2026-10-01T18:54:15.3430992Z [command]/usr/bin/git config --local http.https://github.com/.extraheader AUTHORIZATION: basic ***
2026-10-01T18:54:15.3460290Z ##[endgroup]
2026-10-01T18:54:15.3461287Z ##[group]Fetching the repository
2026-10-01T18:54:15.3469507Z [command]/usr/bin/git -c protocol.version=2 fetch --no-tags --prune --no-recurse-submodules --depth=64 origin +0db3ea122068aa7f8aa7939ac768cf00c0a40a98:refs/remotes/origin/research/v16.52-recursive-ternary-composition
2026-10-01T18:55:14.4134393Z From https://github.com/proteinfoldingengine/WetLabEngine
2026-10-01T18:55:14.4135577Z  * [new ref]         0db3ea122068aa7f8aa7939ac768cf00c0a40a98 -> origin/research/v16.52-recursive-ternary-composition
2026-10-01T18:55:14.4139518Z ##[endgroup]
2026-10-01T18:55:14.4140535Z ##[group]Determining the checkout info
2026-10-01T18:55:14.4141742Z ##[endgroup]
2026-10-01T18:55:14.4147042Z [command]/usr/bin/git sparse-checkout disable
2026-10-01T18:55:14.4198926Z [command]/usr/bin/git config --local --unset-all extensions.worktreeConfig
2026-10-01T18:55:14.4472905Z ##[group]Checking out the ref
2026-10-01T18:55:14.4477306Z [command]/usr/bin/git checkout --progress --force -B research/v16.52-recursive-ternary-composition refs/remotes/origin/research/v16.52-recursive-ternary-composition
2026-10-01T18:55:15.6079871Z Updating files:  37% (2953/7915)
2026-10-01T18:55:15.7880416Z Updating files:  38% (3008/7915)
2026-10-01T18:55:16.2317376Z Updating files:  39% (3087/7915)
2026-10-01T18:55:16.2969408Z Updating files:  40% (3166/7915)
2026-10-01T18:55:16.4879457Z Updating files:  41% (3246/7915)
2026-10-01T18:55:16.6571837Z Updating files:  41% (3272/7915)
2026-10-01T18:55:16.8701096Z Updating files:  42% (3325/7915)
2026-10-01T18:55:17.3466685Z Updating files:  43% (3404/7915)
2026-10-01T18:55:17.4672304Z Updating files:  44% (3483/7915)
2026-10-01T18:55:17.5280109Z Updating files:  44% (3525/7915)
2026-10-01T18:55:17.7587716Z Updating files:  45% (3562/7915)
2026-10-01T18:55:18.0903901Z Updating files:  46% (3641/7915)
2026-10-01T18:55:18.2926758Z Updating files:  47% (3721/7915)
2026-10-01T18:55:18.4794780Z Updating files:  48% (3800/7915)
2026-10-01T18:55:18.8845196Z Updating files:  48% (3851/7915)
2026-10-01T18:55:19.1658727Z Updating files:  49% (3879/7915)
2026-10-01T18:55:19.3616217Z Updating files:  50% (3958/7915)
2026-10-01T18:55:19.5533856Z Updating files:  51% (4037/7915)
2026-10-01T18:55:20.4606865Z Updating files:  51% (4066/7915)
2026-10-01T18:55:20.6758850Z Updating files:  51% (4099/7915)
2026-10-01T18:55:20.9924249Z Updating files:  52% (4116/7915)
2026-10-01T18:55:21.2508330Z Updating files:  53% (4195/7915)
2026-10-01T18:55:21.4744376Z Updating files:  54% (4275/7915)
2026-10-01T18:55:22.7244331Z Updating files:  54% (4305/7915)
2026-10-01T18:55:22.7257961Z Updating files:  54% (4337/7915)
2026-10-01T18:55:23.0816257Z Updating files:  55% (4354/7915)
2026-10-01T18:55:23.3699301Z Updating files:  56% (4433/7915)
2026-10-01T18:55:23.4732106Z Updating files:  57% (4512/7915)
2026-10-01T18:55:24.4739144Z Updating files:  57% (4548/7915)
2026-10-01T18:55:24.7539463Z Updating files:  57% (4584/7915)
2026-10-01T18:55:25.1382748Z Updating files:  58% (4591/7915)
2026-10-01T18:55:25.3793225Z Updating files:  59% (4670/7915)
2026-10-01T18:55:25.3842631Z Updating files:  60% (4749/7915)
2026-10-01T18:55:25.3886621Z Updating files:  61% (4829/7915)
2026-10-01T18:55:25.6216649Z Updating files:  62% (4908/7915)
2026-10-01T18:55:25.7834004Z Updating files:  62% (4958/7915)
2026-10-01T18:55:26.2960997Z Updating files:  63% (4987/7915)
2026-10-01T18:55:26.3303189Z Updating files:  64% (5066/7915)
2026-10-01T18:55:26.3532722Z Updating files:  65% (5145/7915)
2026-10-01T18:55:26.6536038Z Updating files:  66% (5224/7915)
2026-10-01T18:55:26.8966075Z Updating files:  66% (5291/7915)
2026-10-01T18:55:26.9018908Z Updating files:  67% (5304/7915)
2026-10-01T18:55:26.9131817Z Updating files:  68% (5383/7915)
2026-10-01T18:55:26.9169365Z Updating files:  69% (5462/7915)
2026-10-01T18:55:27.0559439Z Updating files:  70% (5541/7915)
2026-10-01T18:55:27.0594200Z Updating files:  71% (5620/7915)
2026-10-01T18:55:27.0696126Z Updating files:  72% (5699/7915)
2026-10-01T18:55:27.1228942Z Updating files:  73% (5778/7915)
2026-10-01T18:55:27.1712478Z Updating files:  74% (5858/7915)
2026-10-01T18:55:27.1734019Z Updating files:  75% (5937/7915)
2026-10-01T18:55:27.2986608Z Updating files:  76% (6016/7915)
2026-10-01T18:55:27.4704142Z Updating files:  77% (6095/7915)
2026-10-01T18:55:27.7275509Z Updating files:  77% (6133/7915)
2026-10-01T18:55:27.8684149Z Updating files:  78% (6174/7915)
2026-10-01T18:55:28.0788953Z Updating files:  79% (6253/7915)
2026-10-01T18:55:28.2344329Z Updating files:  80% (6332/7915)
2026-10-01T18:55:28.3234859Z Updating files:  81% (6412/7915)
2026-10-01T18:55:28.3295232Z Updating files:  82% (6491/7915)
2026-10-01T18:55:28.3969444Z Updating files:  83% (6570/7915)
2026-10-01T18:55:28.4006189Z Updating files:  84% (6649/7915)
2026-10-01T18:55:28.4045632Z Updating files:  85% (6728/7915)
2026-10-01T18:55:28.4081788Z Updating files:  86% (6807/7915)
2026-10-01T18:55:28.4121227Z Updating files:  87% (6887/7915)
2026-10-01T18:55:28.4160235Z Updating files:  88% (6966/7915)
2026-10-01T18:55:28.4376399Z Updating files:  89% (7045/7915)
2026-10-01T18:55:28.5052831Z Updating files:  90% (7124/7915)
2026-10-01T18:55:28.8877840Z Updating files:  90% (7130/7915)
2026-10-01T18:55:28.9149319Z Updating files:  91% (7203/7915)
2026-10-01T18:55:28.9465814Z Updating files:  92% (7282/7915)
2026-10-01T18:55:29.2697788Z Updating files:  93% (7361/7915)
2026-10-01T18:55:29.2964644Z Updating files:  94% (7441/7915)
2026-10-01T18:55:29.3006611Z Updating files:  95% (7520/7915)
2026-10-01T18:55:29.3106873Z Updating files:  96% (7599/7915)
2026-10-01T18:55:29.3242074Z Updating files:  97% (7678/7915)
2026-10-01T18:55:29.3294615Z Updating files:  98% (7757/7915)
2026-10-01T18:55:29.3614015Z Updating files:  99% (7836/7915)
2026-10-01T18:55:29.3614308Z Updating files: 100% (7915/7915)
2026-10-01T18:55:29.3614538Z Updating files: 100% (7915/7915), done.
2026-10-01T18:55:29.6070871Z Switched to a new branch 'research/v16.52-recursive-ternary-composition'
2026-10-01T18:55:29.6073014Z branch 'research/v16.52-recursive-ternary-composition' set up to track 'origin/research/v16.52-recursive-ternary-composition'.
2026-10-01T18:55:29.6261322Z ##[endgroup]
2026-10-01T18:55:29.6306509Z [command]/usr/bin/git log -1 --format=%H
2026-10-01T18:55:29.6333365Z 0db3ea122068aa7f8aa7939ac768cf00c0a40a98
2026-10-01T18:55:29.8506248Z ##[group]Run actions/setup-python@a26af69be951a213d495a4c3e4e4022e16d87065
2026-10-01T18:55:29.8506576Z with:
2026-10-01T18:55:29.8506742Z   python-version: 3.11
2026-10-01T18:55:29.8506945Z   check-latest: false
2026-10-01T18:55:29.8509135Z   token: ***
2026-10-01T18:55:29.8509319Z   update-environment: true
2026-10-01T18:55:29.8509524Z   allow-prereleases: false
2026-10-01T18:55:29.8509708Z   freethreaded: false
2026-10-01T18:55:29.8509882Z ##[endgroup]
2026-10-01T18:55:29.9561049Z ##[group]Installed versions
2026-10-01T18:55:30.0240089Z (node:2172) [DEP0040] DeprecationWarning: The `punycode` module is deprecated. Please use a userland alternative instead.
2026-10-01T18:55:30.0240937Z (Use `node --trace-deprecation ...` to show where the warning was created)
2026-10-01T18:55:30.0241614Z Successfully set up CPython (3.11.16)
2026-10-01T18:55:30.0242148Z ##[endgroup]
2026-10-01T18:55:30.0386999Z ##[group]Run python -m pip install sympy==1.13.3 mpmath==1.3.0
2026-10-01T18:55:30.0387412Z [36;1mpython -m pip install sympy==1.13.3 mpmath==1.3.0[0m
2026-10-01T18:55:30.1362374Z shell: /usr/bin/bash -e {0}
2026-10-01T18:55:30.1362623Z env:
2026-10-01T18:55:30.1362868Z   pythonLocation: /opt/hostedtoolcache/Python/3.11.16/x64
2026-10-01T18:55:30.1363233Z   PKG_CONFIG_PATH: /opt/hostedtoolcache/Python/3.11.16/x64/lib/pkgconfig
2026-10-01T18:55:30.1363564Z   Python_ROOT_DIR: /opt/hostedtoolcache/Python/3.11.16/x64
2026-10-01T18:55:30.1363870Z   Python2_ROOT_DIR: /opt/hostedtoolcache/Python/3.11.16/x64
2026-10-01T18:55:30.1364201Z   Python3_ROOT_DIR: /opt/hostedtoolcache/Python/3.11.16/x64
2026-10-01T18:55:30.1364498Z   LD_LIBRARY_PATH: /opt/hostedtoolcache/Python/3.11.16/x64/lib
2026-10-01T18:55:30.1364755Z ##[endgroup]
2026-10-01T18:55:32.5124189Z Collecting sympy==1.13.3
2026-10-01T18:55:32.6033880Z   Downloading sympy-1.13.3-py3-none-any.whl.metadata (12 kB)
2026-10-01T18:55:32.9681041Z Collecting mpmath==1.3.0
2026-10-01T18:55:32.9875890Z   Downloading mpmath-1.3.0-py3-none-any.whl.metadata (8.6 kB)
2026-10-01T18:55:33.0569734Z Downloading sympy-1.13.3-py3-none-any.whl (6.2 MB)
2026-10-01T18:55:33.5766975Z    ━━━━━━━━━━━━━━━━━━━━━━━━━━━━━━━━━━━━━━━━ 6.2/6.2 MB 12.8 MB/s  0:00:00
2026-10-01T18:55:33.5974222Z Downloading mpmath-1.3.0-py3-none-any.whl (536 kB)
2026-10-01T18:55:33.8665107Z    ━━━━━━━━━━━━━━━━━━━━━━━━━━━━━━━━━━━━━━━━ 536.2/536.2 kB 1.0 MB/s  0:00:00
2026-10-01T18:55:34.0148713Z Installing collected packages: mpmath, sympy
2026-10-01T18:55:38.6818478Z 
2026-10-01T18:55:38.6825468Z Successfully installed mpmath-1.3.0 sympy-1.13.3
2026-10-01T18:55:38.7274980Z ##[group]Run python ResearchHistory/UQCF-GEM/demos/v16.52-recursive-ternary-composition/run.py phase out/science
2026-10-01T18:55:38.7275640Z [36;1mpython ResearchHistory/UQCF-GEM/demos/v16.52-recursive-ternary-composition/run.py phase out/science[0m
2026-10-01T18:55:38.7334555Z shell: /usr/bin/bash -e {0}
2026-10-01T18:55:38.7334767Z env:
2026-10-01T18:55:38.7334992Z   pythonLocation: /opt/hostedtoolcache/Python/3.11.16/x64
2026-10-01T18:55:38.7335345Z   PKG_CONFIG_PATH: /opt/hostedtoolcache/Python/3.11.16/x64/lib/pkgconfig
2026-10-01T18:55:38.7335867Z   Python_ROOT_DIR: /opt/hostedtoolcache/Python/3.11.16/x64
2026-10-01T18:55:38.7336170Z   Python2_ROOT_DIR: /opt/hostedtoolcache/Python/3.11.16/x64
2026-10-01T18:55:38.7336458Z   Python3_ROOT_DIR: /opt/hostedtoolcache/Python/3.11.16/x64
2026-10-01T18:55:38.7336759Z   LD_LIBRARY_PATH: /opt/hostedtoolcache/Python/3.11.16/x64/lib
2026-10-01T18:55:38.7337020Z ##[endgroup]
2026-10-01T19:04:17.3629746Z ##[group]Run python ResearchHistory/UQCF-GEM/demos/v16.52-recursive-ternary-composition/run.py package out/science science
2026-10-01T19:04:17.3630432Z [36;1mpython ResearchHistory/UQCF-GEM/demos/v16.52-recursive-ternary-composition/run.py package out/science science[0m
2026-10-01T19:04:17.3686235Z shell: /usr/bin/bash -e {0}
2026-10-01T19:04:17.3686439Z env:
2026-10-01T19:04:17.3686661Z   pythonLocation: /opt/hostedtoolcache/Python/3.11.16/x64
2026-10-01T19:04:17.3687009Z   PKG_CONFIG_PATH: /opt/hostedtoolcache/Python/3.11.16/x64/lib/pkgconfig
2026-10-01T19:04:17.3687363Z   Python_ROOT_DIR: /opt/hostedtoolcache/Python/3.11.16/x64
2026-10-01T19:04:17.3687661Z   Python2_ROOT_DIR: /opt/hostedtoolcache/Python/3.11.16/x64
2026-10-01T19:04:17.3687953Z   Python3_ROOT_DIR: /opt/hostedtoolcache/Python/3.11.16/x64
2026-10-01T19:04:17.3688460Z   LD_LIBRARY_PATH: /opt/hostedtoolcache/Python/3.11.16/x64/lib
2026-10-01T19:04:17.3688716Z ##[endgroup]
2026-10-01T19:04:25.4339693Z {"package": "VERIFIED", "source_members": 1931}
2026-10-01T19:04:25.4550746Z ##[group]Run actions/upload-artifact@ea165f8d65b6e75b540449e92b4886f43607fa02
2026-10-01T19:04:25.4551066Z with:
2026-10-01T19:04:25.4551289Z   name: v1652-science-0db3ea122068aa7f8aa7939ac768cf00c0a40a98
2026-10-01T19:04:25.4551551Z   path: out/science
2026-10-01T19:04:25.4551723Z   if-no-files-found: error
2026-10-01T19:04:25.4551910Z   compression-level: 6
2026-10-01T19:04:25.4552088Z   overwrite: false
2026-10-01T19:04:25.4552264Z   include-hidden-files: false
2026-10-01T19:04:25.4552447Z env:
2026-10-01T19:04:25.4552646Z   pythonLocation: /opt/hostedtoolcache/Python/3.11.16/x64
2026-10-01T19:04:25.4552989Z   PKG_CONFIG_PATH: /opt/hostedtoolcache/Python/3.11.16/x64/lib/pkgconfig
2026-10-01T19:04:25.4553319Z   Python_ROOT_DIR: /opt/hostedtoolcache/Python/3.11.16/x64
2026-10-01T19:04:25.4553606Z   Python2_ROOT_DIR: /opt/hostedtoolcache/Python/3.11.16/x64
2026-10-01T19:04:25.4553885Z   Python3_ROOT_DIR: /opt/hostedtoolcache/Python/3.11.16/x64
2026-10-01T19:04:25.4554198Z   LD_LIBRARY_PATH: /opt/hostedtoolcache/Python/3.11.16/x64/lib
2026-10-01T19:04:25.4554447Z ##[endgroup]
2026-10-01T19:04:25.5903763Z (node:2690) [DEP0040] DeprecationWarning: The `punycode` module is deprecated. Please use a userland alternative instead.
2026-10-01T19:04:25.5904471Z (Use `node --trace-deprecation ...` to show where the warning was created)
2026-10-01T19:04:25.6112070Z With the provided path, there will be 112 files uploaded
2026-10-01T19:04:25.6115800Z Artifact name is valid!
2026-10-01T19:04:25.6116470Z Root directory input is valid!
2026-10-01T19:04:25.9400687Z Beginning upload of artifact content to blob storage
2026-10-01T19:04:26.1736943Z (node:2690) [DEP0169] DeprecationWarning: `url.parse()` behavior is not standardized and prone to errors that have security implications. Use the WHATWG URL API instead. CVEs are not issued for `url.parse()` vulnerabilities.
2026-10-01T19:04:26.8826789Z Uploaded bytes 8388608
2026-10-01T19:04:26.9888352Z Uploaded bytes 16777216
2026-10-01T19:04:27.2608934Z Uploaded bytes 25165824
2026-10-01T19:04:27.2742245Z Uploaded bytes 33554432
2026-10-01T19:04:27.3984638Z Uploaded bytes 41943040
2026-10-01T19:04:27.5003912Z Uploaded bytes 50331648
2026-10-01T19:04:27.7035980Z Uploaded bytes 58720256
2026-10-01T19:04:27.9425754Z Uploaded bytes 67108864
2026-10-01T19:04:28.2790026Z Uploaded bytes 75497472
2026-10-01T19:04:28.5543191Z Uploaded bytes 83886080
2026-10-01T19:04:28.7773150Z Uploaded bytes 92274688
2026-10-01T19:04:28.9960406Z Uploaded bytes 100663296
2026-10-01T19:04:29.3005022Z Uploaded bytes 109051904
2026-10-01T19:04:29.4673614Z Uploaded bytes 111634559
2026-10-01T19:04:29.5174437Z Finished uploading artifact content to blob storage!
2026-10-01T19:04:29.5176444Z SHA256 digest of uploaded artifact zip is 86eb8509a7553e886ea93910f466d37ff0ff31ee385f3d33c9d7a198f30d6f31
2026-10-01T19:04:29.5178674Z Finalizing artifact upload
2026-10-01T19:04:29.7858507Z Artifact v1652-science-0db3ea122068aa7f8aa7939ac768cf00c0a40a98.zip successfully finalized. Artifact ID 11186548016
2026-10-01T19:04:29.7860049Z Artifact v1652-science-0db3ea122068aa7f8aa7939ac768cf00c0a40a98 has been successfully uploaded! Final size is 111634559 bytes. Artifact ID is 11186548016
2026-10-01T19:04:29.7866060Z Artifact download URL: https://github.com/proteinfoldingengine/WetLabEngine/actions/runs/36909923039/artifacts/11186548016
2026-10-01T19:04:29.8054259Z Post job cleanup.
2026-10-01T19:04:29.9071395Z (node:2702) [DEP0040] DeprecationWarning: The `punycode` module is deprecated. Please use a userland alternative instead.
2026-10-01T19:04:29.9072277Z (Use `node --trace-deprecation ...` to show where the warning was created)
2026-10-01T19:04:29.9250344Z Post job cleanup.
2026-10-01T19:04:30.0189097Z [command]/usr/bin/git version
2026-10-01T19:04:30.0209003Z git version 2.55.0
2026-10-01T19:04:30.0302337Z Temporarily overriding HOME='/home/runner/work/_temp/70c3d13b-71bb-452d-a6f3-fc02f11a6a64' before making global git config changes
2026-10-01T19:04:30.0328820Z Adding repository directory to the temporary git global config as a safe directory
2026-10-01T19:04:30.0358819Z [command]/usr/bin/git config --global --add safe.directory /home/runner/work/WetLabEngine/WetLabEngine
2026-10-01T19:04:30.0408740Z [command]/usr/bin/git config --local --name-only --get-regexp core\.sshCommand
2026-10-01T19:04:30.0450113Z [command]/usr/bin/git submodule foreach --recursive sh -c "git config --local --name-only --get-regexp 'core\.sshCommand' && git config --local --unset-all 'core.sshCommand' || :"
2026-10-01T19:04:30.0889814Z [command]/usr/bin/git config --local --name-only --get-regexp http\.https\:\/\/github\.com\/\.extraheader
2026-10-01T19:04:30.0936434Z http.https://github.com/.extraheader
2026-10-01T19:04:30.0946131Z [command]/usr/bin/git config --local --unset-all http.https://github.com/.extraheader
2026-10-01T19:04:30.1011026Z [command]/usr/bin/git submodule foreach --recursive sh -c "git config --local --name-only --get-regexp 'http\.https\:\/\/github\.com\/\.extraheader' && git config --local --unset-all 'http.https://github.com/.extraheader' || :"
2026-10-01T19:04:30.1320346Z [command]/usr/bin/git config --local --name-only --get-regexp ^includeIf\.gitdir:
2026-10-01T19:04:30.1326101Z [command]/usr/bin/git submodule foreach --recursive git config --local --show-origin --name-only --get-regexp remote.origin.url
2026-10-01T19:04:30.1674199Z Cleaning up orphan processes
2026-10-01T19:04:30.1983497Z ##[warning]Node.js 20 is deprecated. The following actions target Node.js 20 but are being forced to run on Node.js 24: actions/checkout@11d5960a326750d5838078e36cf38b85af677262, actions/setup-python@a26af69be951a213d495a4c3e4e4022e16d87065, actions/upload-artifact@ea165f8d65b6e75b540449e92b4886f43607fa02. For more information see: https://github.blog/changelog/2025-09-19-deprecation-of-node-20-on-github-actions-runners/
