2026-09-29T19:14:24.9335991Z Current runner version: '2.337.0'
2026-09-29T19:14:24.9359814Z ##[group]Runner Image Provisioner
2026-09-29T19:14:24.9360702Z Hosted Compute Agent
2026-09-29T19:14:24.9361277Z Version: 20260828.587
2026-09-29T19:14:24.9361951Z Commit: abac92662cab4cc7352de4f9f9d2e2419aad9c29
2026-09-29T19:14:24.9362669Z Build Date: 2026-08-28T16:44:25Z
2026-09-29T19:14:24.9363554Z Worker ID: {cb5d2d74-0889-4f72-a920-bab86e091e6b}
2026-09-29T19:14:24.9364203Z Azure Region: westus3
2026-09-29T19:14:24.9364730Z ##[endgroup]
2026-09-29T19:14:24.9366270Z ##[group]Operating System
2026-09-29T19:14:24.9366907Z Ubuntu
2026-09-29T19:14:24.9367503Z 24.04.5
2026-09-29T19:14:24.9367992Z LTS
2026-09-29T19:14:24.9368445Z ##[endgroup]
2026-09-29T19:14:24.9368946Z ##[group]Runner Image
2026-09-29T19:14:24.9369498Z Image: ubuntu-24.04
2026-09-29T19:14:24.9370057Z Version: 20260920.314.1
2026-09-29T19:14:24.9371180Z Included Software: https://github.com/actions/runner-images/blob/ubuntu24/20260920.314/images/ubuntu/Ubuntu2404-Readme.md
2026-09-29T19:14:24.9372553Z Image Release: https://github.com/actions/runner-images/releases/tag/ubuntu24%2F20260920.314
2026-09-29T19:14:24.9373665Z ##[endgroup]
2026-09-29T19:14:24.9374705Z ##[group]GITHUB_TOKEN Permissions
2026-09-29T19:14:24.9376833Z Contents: read
2026-09-29T19:14:24.9377422Z Metadata: read
2026-09-29T19:14:24.9377922Z ##[endgroup]
2026-09-29T19:14:24.9380225Z Secret source: Actions
2026-09-29T19:14:24.9381154Z Cache mode: write
2026-09-29T19:14:24.9381765Z Prepare workflow directory
2026-09-29T19:14:24.9704509Z Prepare all required actions
2026-09-29T19:14:24.9751582Z Getting action download info
2026-09-29T19:14:25.3163379Z Download action repository 'actions/checkout@11d5960a326750d5838078e36cf38b85af677262' (SHA:11d5960a326750d5838078e36cf38b85af677262)
2026-09-29T19:14:25.3867113Z Download action repository 'actions/setup-python@a26af69be951a213d495a4c3e4e4022e16d87065' (SHA:a26af69be951a213d495a4c3e4e4022e16d87065)
2026-09-29T19:14:25.5666276Z Complete job name: verify
2026-09-29T19:14:25.6325552Z ##[group]Run actions/checkout@11d5960a326750d5838078e36cf38b85af677262
2026-09-29T19:14:25.6326582Z with:
2026-09-29T19:14:25.6327168Z   repository: proteinfoldingengine/WetLabEngine
2026-09-29T19:14:25.6330848Z   token: ***
2026-09-29T19:14:25.6331318Z   ssh-strict: true
2026-09-29T19:14:25.6331816Z   ssh-user: git
2026-09-29T19:14:25.6332290Z   persist-credentials: true
2026-09-29T19:14:25.6332808Z   clean: true
2026-09-29T19:14:25.6333533Z   sparse-checkout-cone-mode: true
2026-09-29T19:14:25.6334081Z   fetch-depth: 1
2026-09-29T19:14:25.6334570Z   fetch-tags: false
2026-09-29T19:14:25.6335035Z   show-progress: true
2026-09-29T19:14:25.6335496Z   lfs: false
2026-09-29T19:14:25.6336200Z   submodules: false
2026-09-29T19:14:25.6336710Z   set-safe-directory: true
2026-09-29T19:14:25.6337258Z   allow-unsafe-pr-checkout: false
2026-09-29T19:14:25.6338106Z ##[endgroup]
2026-09-29T19:14:25.7300828Z Syncing repository: proteinfoldingengine/WetLabEngine
2026-09-29T19:14:25.7303414Z ##[group]Getting Git version info
2026-09-29T19:14:25.7304574Z Working directory is '/home/runner/work/WetLabEngine/WetLabEngine'
2026-09-29T19:14:25.7411195Z [command]/usr/bin/git version
2026-09-29T19:14:25.7413733Z git version 2.55.0
2026-09-29T19:14:25.7417521Z ##[endgroup]
2026-09-29T19:14:25.7446747Z Temporarily overriding HOME='/home/runner/work/_temp/cb249aad-3b8f-486c-b172-afa1d348ff52' before making global git config changes
2026-09-29T19:14:25.7454257Z Adding repository directory to the temporary git global config as a safe directory
2026-09-29T19:14:25.7456637Z [command]/usr/bin/git config --global --add safe.directory /home/runner/work/WetLabEngine/WetLabEngine
2026-09-29T19:14:25.7502577Z Deleting the contents of '/home/runner/work/WetLabEngine/WetLabEngine'
2026-09-29T19:14:25.7507222Z ##[group]Initializing the repository
2026-09-29T19:14:25.7514541Z [command]/usr/bin/git init /home/runner/work/WetLabEngine/WetLabEngine
2026-09-29T19:14:25.7603098Z hint: Using 'master' as the name for the initial branch. This default branch name
2026-09-29T19:14:25.7605773Z hint: will change to "main" in Git 3.0. To configure the initial branch name
2026-09-29T19:14:25.7607610Z hint: to use in all of your new repositories, which will suppress this warning,
2026-09-29T19:14:25.7609198Z hint: call:
2026-09-29T19:14:25.7609874Z hint:
2026-09-29T19:14:25.7610683Z hint: 	git config --global init.defaultBranch <name>
2026-09-29T19:14:25.7611468Z hint:
2026-09-29T19:14:25.7612049Z hint: Names commonly chosen instead of 'master' are 'main', 'trunk' and
2026-09-29T19:14:25.7612908Z hint: 'development'. The just-created branch can be renamed via this command:
2026-09-29T19:14:25.7614389Z hint:
2026-09-29T19:14:25.7615120Z hint: 	git branch -m <name>
2026-09-29T19:14:25.7615824Z hint:
2026-09-29T19:14:25.7616801Z hint: Disable this message with "git config set advice.defaultBranchName false"
2026-09-29T19:14:25.7618601Z Initialized empty Git repository in /home/runner/work/WetLabEngine/WetLabEngine/.git/
2026-09-29T19:14:25.7630359Z [command]/usr/bin/git remote add origin https://github.com/proteinfoldingengine/WetLabEngine
2026-09-29T19:14:25.7672288Z ##[endgroup]
2026-09-29T19:14:25.7673798Z ##[group]Disabling automatic garbage collection
2026-09-29T19:14:25.7677308Z [command]/usr/bin/git config --local gc.auto 0
2026-09-29T19:14:25.7703367Z ##[endgroup]
2026-09-29T19:14:25.7704567Z ##[group]Setting up auth
2026-09-29T19:14:25.7710870Z [command]/usr/bin/git config --local --name-only --get-regexp core\.sshCommand
2026-09-29T19:14:25.7739151Z [command]/usr/bin/git submodule foreach --recursive sh -c "git config --local --name-only --get-regexp 'core\.sshCommand' && git config --local --unset-all 'core.sshCommand' || :"
2026-09-29T19:14:25.8058203Z [command]/usr/bin/git config --local --name-only --get-regexp http\.https\:\/\/github\.com\/\.extraheader
2026-09-29T19:14:25.8090107Z [command]/usr/bin/git submodule foreach --recursive sh -c "git config --local --name-only --get-regexp 'http\.https\:\/\/github\.com\/\.extraheader' && git config --local --unset-all 'http.https://github.com/.extraheader' || :"
2026-09-29T19:14:25.8282658Z [command]/usr/bin/git config --local --name-only --get-regexp ^includeIf\.gitdir:
2026-09-29T19:14:25.8311201Z [command]/usr/bin/git submodule foreach --recursive git config --local --show-origin --name-only --get-regexp remote.origin.url
2026-09-29T19:14:25.8484062Z [command]/usr/bin/git config --local http.https://github.com/.extraheader AUTHORIZATION: basic ***
2026-09-29T19:14:25.8517127Z ##[endgroup]
2026-09-29T19:14:25.8517819Z ##[group]Fetching the repository
2026-09-29T19:14:25.8526887Z [command]/usr/bin/git -c protocol.version=2 fetch --no-tags --prune --no-recurse-submodules --depth=1 origin +5d51a0d8ce9ecd35be9b1c50666ed691f257b6a8:refs/remotes/origin/research/v16.27-increment-attribution-closure
2026-09-29T19:14:39.0991019Z From https://github.com/proteinfoldingengine/WetLabEngine
2026-09-29T19:14:39.0992361Z  * [new ref]         5d51a0d8ce9ecd35be9b1c50666ed691f257b6a8 -> origin/research/v16.27-increment-attribution-closure
2026-09-29T19:14:39.0995402Z ##[endgroup]
2026-09-29T19:14:39.0996421Z ##[group]Determining the checkout info
2026-09-29T19:14:39.0997674Z ##[endgroup]
2026-09-29T19:14:39.1004726Z [command]/usr/bin/git sparse-checkout disable
2026-09-29T19:14:39.1050553Z [command]/usr/bin/git config --local --unset-all extensions.worktreeConfig
2026-09-29T19:14:39.1077373Z ##[group]Checking out the ref
2026-09-29T19:14:39.1081801Z [command]/usr/bin/git checkout --progress --force -B research/v16.27-increment-attribution-closure refs/remotes/origin/research/v16.27-increment-attribution-closure
2026-09-29T19:14:40.1401633Z Updating files:  49% (2447/4975)
2026-09-29T19:14:40.1440067Z Updating files:  50% (2488/4975)
2026-09-29T19:14:40.1467893Z Updating files:  51% (2538/4975)
2026-09-29T19:14:40.1486747Z Updating files:  52% (2587/4975)
2026-09-29T19:14:40.1509612Z Updating files:  53% (2637/4975)
2026-09-29T19:14:40.1854110Z Updating files:  54% (2687/4975)
2026-09-29T19:14:40.2255002Z Updating files:  55% (2737/4975)
2026-09-29T19:14:40.2270452Z Updating files:  56% (2786/4975)
2026-09-29T19:14:40.2281902Z Updating files:  57% (2836/4975)
2026-09-29T19:14:40.2402568Z Updating files:  58% (2886/4975)
2026-09-29T19:14:40.2440955Z Updating files:  59% (2936/4975)
2026-09-29T19:14:40.2570909Z Updating files:  60% (2985/4975)
2026-09-29T19:14:40.2711363Z Updating files:  61% (3035/4975)
2026-09-29T19:14:40.2748349Z Updating files:  62% (3085/4975)
2026-09-29T19:14:40.2765525Z Updating files:  63% (3135/4975)
2026-09-29T19:14:40.3190675Z Updating files:  64% (3184/4975)
2026-09-29T19:14:40.4505262Z Updating files:  65% (3234/4975)
2026-09-29T19:14:40.6289317Z Updating files:  66% (3284/4975)
2026-09-29T19:14:40.6300791Z Updating files:  67% (3334/4975)
2026-09-29T19:14:40.7774665Z Updating files:  68% (3383/4975)
2026-09-29T19:14:40.8699030Z Updating files:  69% (3433/4975)
2026-09-29T19:14:40.9676260Z Updating files:  70% (3483/4975)
2026-09-29T19:14:41.0112582Z Updating files:  71% (3533/4975)
2026-09-29T19:14:41.0276165Z Updating files:  72% (3582/4975)
2026-09-29T19:14:41.0348841Z Updating files:  73% (3632/4975)
2026-09-29T19:14:41.0391467Z Updating files:  74% (3682/4975)
2026-09-29T19:14:41.0873045Z Updating files:  75% (3732/4975)
2026-09-29T19:14:41.0892571Z Updating files:  76% (3781/4975)
2026-09-29T19:14:41.0915311Z Updating files:  77% (3831/4975)
2026-09-29T19:14:41.0936622Z Updating files:  78% (3881/4975)
2026-09-29T19:14:41.0957789Z Updating files:  79% (3931/4975)
2026-09-29T19:14:41.0980201Z Updating files:  80% (3980/4975)
2026-09-29T19:14:41.1002696Z Updating files:  81% (4030/4975)
2026-09-29T19:14:41.1023957Z Updating files:  82% (4080/4975)
2026-09-29T19:14:41.1037590Z Updating files:  83% (4130/4975)
2026-09-29T19:14:41.1149289Z Updating files:  84% (4179/4975)
2026-09-29T19:14:41.1182677Z Updating files:  85% (4229/4975)
2026-09-29T19:14:41.1206412Z Updating files:  85% (4230/4975)
2026-09-29T19:14:41.4881579Z Updating files:  86% (4279/4975)
2026-09-29T19:14:41.4929414Z Updating files:  87% (4329/4975)
2026-09-29T19:14:41.5193023Z Updating files:  88% (4378/4975)
2026-09-29T19:14:41.5445485Z Updating files:  89% (4428/4975)
2026-09-29T19:14:41.5569917Z Updating files:  90% (4478/4975)
2026-09-29T19:14:41.5830171Z Updating files:  91% (4528/4975)
2026-09-29T19:14:41.6312530Z Updating files:  92% (4577/4975)
2026-09-29T19:14:41.6376133Z Updating files:  93% (4627/4975)
2026-09-29T19:14:41.6404101Z Updating files:  94% (4677/4975)
2026-09-29T19:14:41.6485621Z Updating files:  95% (4727/4975)
2026-09-29T19:14:41.6520971Z Updating files:  96% (4776/4975)
2026-09-29T19:14:41.6557227Z Updating files:  97% (4826/4975)
2026-09-29T19:14:41.6692151Z Updating files:  98% (4876/4975)
2026-09-29T19:14:41.6725054Z Updating files:  99% (4926/4975)
2026-09-29T19:14:41.6725763Z Updating files: 100% (4975/4975)
2026-09-29T19:14:41.6726718Z Updating files: 100% (4975/4975), done.
2026-09-29T19:14:41.6796266Z Switched to a new branch 'research/v16.27-increment-attribution-closure'
2026-09-29T19:14:41.6801786Z branch 'research/v16.27-increment-attribution-closure' set up to track 'origin/research/v16.27-increment-attribution-closure'.
2026-09-29T19:14:41.6869262Z ##[endgroup]
2026-09-29T19:14:41.6907491Z [command]/usr/bin/git log -1 --format=%H
2026-09-29T19:14:41.6930536Z 5d51a0d8ce9ecd35be9b1c50666ed691f257b6a8
2026-09-29T19:14:41.7166764Z ##[group]Run actions/setup-python@a26af69be951a213d495a4c3e4e4022e16d87065
2026-09-29T19:14:41.7167146Z with:
2026-09-29T19:14:41.7167346Z   python-version: 3.11
2026-09-29T19:14:41.7167571Z   check-latest: false
2026-09-29T19:14:41.7170045Z   token: ***
2026-09-29T19:14:41.7170261Z   update-environment: true
2026-09-29T19:14:41.7170502Z   allow-prereleases: false
2026-09-29T19:14:41.7170734Z   freethreaded: false
2026-09-29T19:14:41.7170945Z ##[endgroup]
2026-09-29T19:14:41.8411329Z ##[group]Installed versions
2026-09-29T19:14:41.8493356Z (node:2180) [DEP0040] DeprecationWarning: The `punycode` module is deprecated. Please use a userland alternative instead.
2026-09-29T19:14:41.8494510Z (Use `node --trace-deprecation ...` to show where the warning was created)
2026-09-29T19:14:41.8495515Z Successfully set up CPython (3.11.16)
2026-09-29T19:14:41.8496400Z ##[endgroup]
2026-09-29T19:14:41.8641758Z ##[group]Run cd ResearchHistory/UQCF-GEM/demos/v16.27-increment-attribution-closure/ && python test_gate.py
2026-09-29T19:14:41.8643462Z [36;1mcd ResearchHistory/UQCF-GEM/demos/v16.27-increment-attribution-closure/ && python test_gate.py[0m
2026-09-29T19:14:41.8911718Z shell: /usr/bin/bash -e {0}
2026-09-29T19:14:41.8912001Z env:
2026-09-29T19:14:41.8912286Z   pythonLocation: /opt/hostedtoolcache/Python/3.11.16/x64
2026-09-29T19:14:41.8912725Z   PKG_CONFIG_PATH: /opt/hostedtoolcache/Python/3.11.16/x64/lib/pkgconfig
2026-09-29T19:14:41.8913344Z   Python_ROOT_DIR: /opt/hostedtoolcache/Python/3.11.16/x64
2026-09-29T19:14:41.8913785Z   Python2_ROOT_DIR: /opt/hostedtoolcache/Python/3.11.16/x64
2026-09-29T19:14:41.8914160Z   Python3_ROOT_DIR: /opt/hostedtoolcache/Python/3.11.16/x64
2026-09-29T19:14:41.8914570Z   LD_LIBRARY_PATH: /opt/hostedtoolcache/Python/3.11.16/x64/lib
2026-09-29T19:14:41.8914883Z ##[endgroup]
2026-09-29T19:14:42.0649996Z test_complete_bounded_search (__main__.Tests.test_complete_bounded_search) ... ERROR
2026-09-29T19:14:42.0653357Z test_corrupt_delta_rejected (__main__.Tests.test_corrupt_delta_rejected) ... ERROR
2026-09-29T19:14:42.0656871Z test_endpoint_mismatch_rejected (__main__.Tests.test_endpoint_mismatch_rejected) ... ERROR
2026-09-29T19:14:42.0659774Z test_path_total (__main__.Tests.test_path_total) ... ERROR
2026-09-29T19:14:42.0662680Z test_same_event_changes (__main__.Tests.test_same_event_changes) ... ERROR
2026-09-29T19:14:42.0663429Z 
2026-09-29T19:14:42.0663667Z ======================================================================
2026-09-29T19:14:42.0664522Z ERROR: test_complete_bounded_search (__main__.Tests.test_complete_bounded_search)
2026-09-29T19:14:42.0665171Z ----------------------------------------------------------------------
2026-09-29T19:14:42.0665904Z Traceback (most recent call last):
2026-09-29T19:14:42.0673756Z   File "/home/runner/work/WetLabEngine/WetLabEngine/ResearchHistory/UQCF-GEM/demos/v16.27-increment-attribution-closure/test_gate.py", line 15, in test_complete_bounded_search
2026-09-29T19:14:42.0675084Z     e,v=self.m();doc=e.produce(4);r=v.verify_document(doc,4);self.assertGreater(r['endpoints'],0)
2026-09-29T19:14:42.0675585Z         ^^^^^^^^
2026-09-29T19:14:42.0676346Z   File "/home/runner/work/WetLabEngine/WetLabEngine/ResearchHistory/UQCF-GEM/demos/v16.27-increment-attribution-closure/test_gate.py", line 3, in m
2026-09-29T19:14:42.0677278Z     def m(self):return importlib.import_module('engine'),importlib.import_module('verify')
2026-09-29T19:14:42.0677820Z                                                          ^^^^^^^^^^^^^^^^^^^^^^^^^^^^^^^^^
2026-09-29T19:14:42.0678497Z   File "/opt/hostedtoolcache/Python/3.11.16/x64/lib/python3.11/importlib/__init__.py", line 126, in import_module
2026-09-29T19:14:42.0679190Z     return _bootstrap._gcd_import(name[level:], package, level)
2026-09-29T19:14:42.0679630Z            ^^^^^^^^^^^^^^^^^^^^^^^^^^^^^^^^^^^^^^^^^^^^^^^^^^^^
2026-09-29T19:14:42.0680096Z   File "<frozen importlib._bootstrap>", line 1204, in _gcd_import
2026-09-29T19:14:42.0680615Z   File "<frozen importlib._bootstrap>", line 1176, in _find_and_load
2026-09-29T19:14:42.0681173Z   File "<frozen importlib._bootstrap>", line 1140, in _find_and_load_unlocked
2026-09-29T19:14:42.0681657Z ModuleNotFoundError: No module named 'verify'
2026-09-29T19:14:42.0681895Z 
2026-09-29T19:14:42.0682038Z ======================================================================
2026-09-29T19:14:42.0682521Z ERROR: test_corrupt_delta_rejected (__main__.Tests.test_corrupt_delta_rejected)
2026-09-29T19:14:42.0683039Z ----------------------------------------------------------------------
2026-09-29T19:14:42.0683635Z Traceback (most recent call last):
2026-09-29T19:14:42.0684520Z   File "/home/runner/work/WetLabEngine/WetLabEngine/ResearchHistory/UQCF-GEM/demos/v16.27-increment-attribution-closure/test_gate.py", line 9, in test_corrupt_delta_rejected
2026-09-29T19:14:42.0685693Z     e,v=self.m();d=e.find_witness(4);d['path_a'][0]['delta_h']=9
2026-09-29T19:14:42.0686212Z         ^^^^^^^^
2026-09-29T19:14:42.0686912Z   File "/home/runner/work/WetLabEngine/WetLabEngine/ResearchHistory/UQCF-GEM/demos/v16.27-increment-attribution-closure/test_gate.py", line 3, in m
2026-09-29T19:14:42.0687829Z     def m(self):return importlib.import_module('engine'),importlib.import_module('verify')
2026-09-29T19:14:42.0688372Z                                                          ^^^^^^^^^^^^^^^^^^^^^^^^^^^^^^^^^
2026-09-29T19:14:42.0689044Z   File "/opt/hostedtoolcache/Python/3.11.16/x64/lib/python3.11/importlib/__init__.py", line 126, in import_module
2026-09-29T19:14:42.0689732Z     return _bootstrap._gcd_import(name[level:], package, level)
2026-09-29T19:14:42.0690201Z            ^^^^^^^^^^^^^^^^^^^^^^^^^^^^^^^^^^^^^^^^^^^^^^^^^^^^
2026-09-29T19:14:42.0690682Z   File "<frozen importlib._bootstrap>", line 1204, in _gcd_import
2026-09-29T19:14:42.0691223Z   File "<frozen importlib._bootstrap>", line 1176, in _find_and_load
2026-09-29T19:14:42.0691798Z   File "<frozen importlib._bootstrap>", line 1140, in _find_and_load_unlocked
2026-09-29T19:14:42.0692279Z ModuleNotFoundError: No module named 'verify'
2026-09-29T19:14:42.0692516Z 
2026-09-29T19:14:42.0692658Z ======================================================================
2026-09-29T19:14:42.0693362Z ERROR: test_endpoint_mismatch_rejected (__main__.Tests.test_endpoint_mismatch_rejected)
2026-09-29T19:14:42.0693934Z ----------------------------------------------------------------------
2026-09-29T19:14:42.0694329Z Traceback (most recent call last):
2026-09-29T19:14:42.0695220Z   File "/home/runner/work/WetLabEngine/WetLabEngine/ResearchHistory/UQCF-GEM/demos/v16.27-increment-attribution-closure/test_gate.py", line 12, in test_endpoint_mismatch_rejected
2026-09-29T19:14:42.0696163Z     e,v=self.m();d=e.find_witness(4);d['after'][0]=d['before'][0]
2026-09-29T19:14:42.0696545Z         ^^^^^^^^
2026-09-29T19:14:42.0697262Z   File "/home/runner/work/WetLabEngine/WetLabEngine/ResearchHistory/UQCF-GEM/demos/v16.27-increment-attribution-closure/test_gate.py", line 3, in m
2026-09-29T19:14:42.0698172Z     def m(self):return importlib.import_module('engine'),importlib.import_module('verify')
2026-09-29T19:14:42.0698714Z                                                          ^^^^^^^^^^^^^^^^^^^^^^^^^^^^^^^^^
2026-09-29T19:14:42.0699379Z   File "/opt/hostedtoolcache/Python/3.11.16/x64/lib/python3.11/importlib/__init__.py", line 126, in import_module
2026-09-29T19:14:42.0700032Z     return _bootstrap._gcd_import(name[level:], package, level)
2026-09-29T19:14:42.0700451Z            ^^^^^^^^^^^^^^^^^^^^^^^^^^^^^^^^^^^^^^^^^^^^^^^^^^^^
2026-09-29T19:14:42.0700894Z   File "<frozen importlib._bootstrap>", line 1204, in _gcd_import
2026-09-29T19:14:42.0701404Z   File "<frozen importlib._bootstrap>", line 1176, in _find_and_load
2026-09-29T19:14:42.0701963Z   File "<frozen importlib._bootstrap>", line 1140, in _find_and_load_unlocked
2026-09-29T19:14:42.0702445Z ModuleNotFoundError: No module named 'verify'
2026-09-29T19:14:42.0702686Z 
2026-09-29T19:14:42.0702825Z ======================================================================
2026-09-29T19:14:42.0703355Z ERROR: test_path_total (__main__.Tests.test_path_total)
2026-09-29T19:14:42.0703783Z ----------------------------------------------------------------------
2026-09-29T19:14:42.0704172Z Traceback (most recent call last):
2026-09-29T19:14:42.0704987Z   File "/home/runner/work/WetLabEngine/WetLabEngine/ResearchHistory/UQCF-GEM/demos/v16.27-increment-attribution-closure/test_gate.py", line 5, in test_path_total
2026-09-29T19:14:42.0706241Z     e,v=self.m();d=e.find_witness(4);self.assertIsNotNone(d);v.verify_witness(d);self.assertEqual(sum(x['delta_h'] for x in d['path_a']),sum(x['delta_h'] for x in d['path_b']))
2026-09-29T19:14:42.0706985Z         ^^^^^^^^
2026-09-29T19:14:42.0707666Z   File "/home/runner/work/WetLabEngine/WetLabEngine/ResearchHistory/UQCF-GEM/demos/v16.27-increment-attribution-closure/test_gate.py", line 3, in m
2026-09-29T19:14:42.0708812Z     def m(self):return importlib.import_module('engine'),importlib.import_module('verify')
2026-09-29T19:14:42.0709359Z                                                          ^^^^^^^^^^^^^^^^^^^^^^^^^^^^^^^^^
2026-09-29T19:14:42.0710020Z   File "/opt/hostedtoolcache/Python/3.11.16/x64/lib/python3.11/importlib/__init__.py", line 126, in import_module
2026-09-29T19:14:42.0710675Z     return _bootstrap._gcd_import(name[level:], package, level)
2026-09-29T19:14:42.0711086Z            ^^^^^^^^^^^^^^^^^^^^^^^^^^^^^^^^^^^^^^^^^^^^^^^^^^^^
2026-09-29T19:14:42.0711530Z   File "<frozen importlib._bootstrap>", line 1204, in _gcd_import
2026-09-29T19:14:42.0712042Z   File "<frozen importlib._bootstrap>", line 1176, in _find_and_load
2026-09-29T19:14:42.0712595Z   File "<frozen importlib._bootstrap>", line 1140, in _find_and_load_unlocked
2026-09-29T19:14:42.0713088Z ModuleNotFoundError: No module named 'verify'
2026-09-29T19:14:42.0713528Z 
2026-09-29T19:14:42.0713669Z ======================================================================
2026-09-29T19:14:42.0714135Z ERROR: test_same_event_changes (__main__.Tests.test_same_event_changes)
2026-09-29T19:14:42.0714612Z ----------------------------------------------------------------------
2026-09-29T19:14:42.0715001Z Traceback (most recent call last):
2026-09-29T19:14:42.0715864Z   File "/home/runner/work/WetLabEngine/WetLabEngine/ResearchHistory/UQCF-GEM/demos/v16.27-increment-attribution-closure/test_gate.py", line 7, in test_same_event_changes
2026-09-29T19:14:42.0716784Z     e,v=self.m();d=e.find_witness(4);v.verify_witness(d);self.assertTrue(d['changed_events'])
2026-09-29T19:14:42.0717165Z         ^^^^^^^^
2026-09-29T19:14:42.0717732Z   File "/home/runner/work/WetLabEngine/WetLabEngine/ResearchHistory/UQCF-GEM/demos/v16.27-increment-attribution-closure/test_gate.py", line 3, in m
2026-09-29T19:14:42.0718485Z     def m(self):return importlib.import_module('engine'),importlib.import_module('verify')
2026-09-29T19:14:42.0718945Z                                                          ^^^^^^^^^^^^^^^^^^^^^^^^^^^^^^^^^
2026-09-29T19:14:42.0719493Z   File "/opt/hostedtoolcache/Python/3.11.16/x64/lib/python3.11/importlib/__init__.py", line 126, in import_module
2026-09-29T19:14:42.0720046Z     return _bootstrap._gcd_import(name[level:], package, level)
2026-09-29T19:14:42.0720393Z            ^^^^^^^^^^^^^^^^^^^^^^^^^^^^^^^^^^^^^^^^^^^^^^^^^^^^
2026-09-29T19:14:42.0720761Z   File "<frozen importlib._bootstrap>", line 1204, in _gcd_import
2026-09-29T19:14:42.0721184Z   File "<frozen importlib._bootstrap>", line 1176, in _find_and_load
2026-09-29T19:14:42.0721644Z   File "<frozen importlib._bootstrap>", line 1140, in _find_and_load_unlocked
2026-09-29T19:14:42.0722044Z ModuleNotFoundError: No module named 'verify'
2026-09-29T19:14:42.0722241Z 
2026-09-29T19:14:42.0722389Z ----------------------------------------------------------------------
2026-09-29T19:14:42.0722719Z Ran 5 tests in 0.022s
2026-09-29T19:14:42.0722850Z 
2026-09-29T19:14:42.0722943Z FAILED (errors=5)
2026-09-29T19:14:42.0755563Z ##[error]Process completed with exit code 1.
2026-09-29T19:14:42.0891123Z Post job cleanup.
2026-09-29T19:14:42.1695955Z [command]/usr/bin/git version
2026-09-29T19:14:42.1733441Z git version 2.55.0
2026-09-29T19:14:42.1768868Z Temporarily overriding HOME='/home/runner/work/_temp/5fee054d-bc34-4cc1-989f-3739a51b2499' before making global git config changes
2026-09-29T19:14:42.1770235Z Adding repository directory to the temporary git global config as a safe directory
2026-09-29T19:14:42.1774205Z [command]/usr/bin/git config --global --add safe.directory /home/runner/work/WetLabEngine/WetLabEngine
2026-09-29T19:14:42.1809115Z [command]/usr/bin/git config --local --name-only --get-regexp core\.sshCommand
2026-09-29T19:14:42.1841111Z [command]/usr/bin/git submodule foreach --recursive sh -c "git config --local --name-only --get-regexp 'core\.sshCommand' && git config --local --unset-all 'core.sshCommand' || :"
2026-09-29T19:14:42.2058700Z [command]/usr/bin/git config --local --name-only --get-regexp http\.https\:\/\/github\.com\/\.extraheader
2026-09-29T19:14:42.2084198Z http.https://github.com/.extraheader
2026-09-29T19:14:42.2098133Z [command]/usr/bin/git config --local --unset-all http.https://github.com/.extraheader
2026-09-29T19:14:42.2124255Z [command]/usr/bin/git submodule foreach --recursive sh -c "git config --local --name-only --get-regexp 'http\.https\:\/\/github\.com\/\.extraheader' && git config --local --unset-all 'http.https://github.com/.extraheader' || :"
2026-09-29T19:14:42.2337526Z [command]/usr/bin/git config --local --name-only --get-regexp ^includeIf\.gitdir:
2026-09-29T19:14:42.2371009Z [command]/usr/bin/git submodule foreach --recursive git config --local --show-origin --name-only --get-regexp remote.origin.url
2026-09-29T19:14:42.2737425Z Cleaning up orphan processes
2026-09-29T19:14:42.2968560Z ##[warning]Node.js 20 is deprecated. The following actions target Node.js 20 but are being forced to run on Node.js 24: actions/checkout@11d5960a326750d5838078e36cf38b85af677262, actions/setup-python@a26af69be951a213d495a4c3e4e4022e16d87065. For more information see: https://github.blog/changelog/2025-09-19-deprecation-of-node-20-on-github-actions-runners/
