2026-09-29T23:39:23.2355370Z Current runner version: '2.337.0'
2026-09-29T23:39:23.2381552Z ##[group]Runner Image Provisioner
2026-09-29T23:39:23.2382810Z Hosted Compute Agent
2026-09-29T23:39:23.2383547Z Version: 20260828.587
2026-09-29T23:39:23.2384229Z Commit: abac92662cab4cc7352de4f9f9d2e2419aad9c29
2026-09-29T23:39:23.2385001Z Build Date: 2026-08-28T16:44:25Z
2026-09-29T23:39:23.2385845Z Worker ID: {5ae3a853-6632-40e8-b0b9-18b1547f69b2}
2026-09-29T23:39:23.2386637Z Azure Region: centralus
2026-09-29T23:39:23.2387297Z ##[endgroup]
2026-09-29T23:39:23.2388748Z ##[group]Operating System
2026-09-29T23:39:23.2389392Z Ubuntu
2026-09-29T23:39:23.2390042Z 24.04.5
2026-09-29T23:39:23.2390619Z LTS
2026-09-29T23:39:23.2391204Z ##[endgroup]
2026-09-29T23:39:23.2392220Z ##[group]Runner Image
2026-09-29T23:39:23.2393099Z Image: ubuntu-24.04
2026-09-29T23:39:23.2394060Z Version: 20260920.314.1
2026-09-29T23:39:23.2395958Z Included Software: https://github.com/actions/runner-images/blob/ubuntu24/20260920.314/images/ubuntu/Ubuntu2404-Readme.md
2026-09-29T23:39:23.2398360Z Image Release: https://github.com/actions/runner-images/releases/tag/ubuntu24%2F20260920.314
2026-09-29T23:39:23.2399814Z ##[endgroup]
2026-09-29T23:39:23.2402283Z ##[group]GITHUB_TOKEN Permissions
2026-09-29T23:39:23.2404928Z Contents: read
2026-09-29T23:39:23.2405918Z Metadata: read
2026-09-29T23:39:23.2406727Z ##[endgroup]
2026-09-29T23:39:23.2410167Z Secret source: Actions
2026-09-29T23:39:23.2411785Z Cache mode: write
2026-09-29T23:39:23.2413085Z Prepare workflow directory
2026-09-29T23:39:23.2851126Z Prepare all required actions
2026-09-29T23:39:23.2919564Z Getting action download info
2026-09-29T23:39:23.5705667Z Download action repository 'actions/checkout@11d5960a326750d5838078e36cf38b85af677262' (SHA:11d5960a326750d5838078e36cf38b85af677262)
2026-09-29T23:39:24.0776824Z Download action repository 'actions/setup-python@a26af69be951a213d495a4c3e4e4022e16d87065' (SHA:a26af69be951a213d495a4c3e4e4022e16d87065)
2026-09-29T23:39:24.3641205Z Download action repository 'actions/upload-artifact@ea165f8d65b6e75b540449e92b4886f43607fa02' (SHA:ea165f8d65b6e75b540449e92b4886f43607fa02)
2026-09-29T23:39:24.7954931Z Complete job name: certify
2026-09-29T23:39:24.8866374Z ##[group]Run actions/checkout@11d5960a326750d5838078e36cf38b85af677262
2026-09-29T23:39:24.8868147Z with:
2026-09-29T23:39:24.8869150Z   repository: proteinfoldingengine/WetLabEngine
2026-09-29T23:39:24.8878494Z   token: ***
2026-09-29T23:39:24.8879403Z   ssh-strict: true
2026-09-29T23:39:24.8880315Z   ssh-user: git
2026-09-29T23:39:24.8881232Z   persist-credentials: true
2026-09-29T23:39:24.8882465Z   clean: true
2026-09-29T23:39:24.8883396Z   sparse-checkout-cone-mode: true
2026-09-29T23:39:24.8884473Z   fetch-depth: 1
2026-09-29T23:39:24.8885373Z   fetch-tags: false
2026-09-29T23:39:24.8886292Z   show-progress: true
2026-09-29T23:39:24.8887226Z   lfs: false
2026-09-29T23:39:24.8888091Z   submodules: false
2026-09-29T23:39:24.8889030Z   set-safe-directory: true
2026-09-29T23:39:24.8890086Z   allow-unsafe-pr-checkout: false
2026-09-29T23:39:24.8891474Z ##[endgroup]
2026-09-29T23:39:24.9935395Z Syncing repository: proteinfoldingengine/WetLabEngine
2026-09-29T23:39:24.9939805Z ##[group]Getting Git version info
2026-09-29T23:39:24.9942242Z Working directory is '/home/runner/work/WetLabEngine/WetLabEngine'
2026-09-29T23:39:24.9945553Z [command]/usr/bin/git version
2026-09-29T23:39:24.9960411Z git version 2.55.0
2026-09-29T23:39:24.9982492Z ##[endgroup]
2026-09-29T23:39:24.9999164Z Temporarily overriding HOME='/home/runner/work/_temp/21d9119c-cbd8-48d6-91df-e04a6c00e323' before making global git config changes
2026-09-29T23:39:25.0003835Z Adding repository directory to the temporary git global config as a safe directory
2026-09-29T23:39:25.0007527Z [command]/usr/bin/git config --global --add safe.directory /home/runner/work/WetLabEngine/WetLabEngine
2026-09-29T23:39:25.0052101Z Deleting the contents of '/home/runner/work/WetLabEngine/WetLabEngine'
2026-09-29T23:39:25.0056948Z ##[group]Initializing the repository
2026-09-29T23:39:25.0060892Z [command]/usr/bin/git init /home/runner/work/WetLabEngine/WetLabEngine
2026-09-29T23:39:25.0145633Z hint: Using 'master' as the name for the initial branch. This default branch name
2026-09-29T23:39:25.0149189Z hint: will change to "main" in Git 3.0. To configure the initial branch name
2026-09-29T23:39:25.0152812Z hint: to use in all of your new repositories, which will suppress this warning,
2026-09-29T23:39:25.0155373Z hint: call:
2026-09-29T23:39:25.0156811Z hint:
2026-09-29T23:39:25.0158504Z hint: 	git config --global init.defaultBranch <name>
2026-09-29T23:39:25.0160575Z hint:
2026-09-29T23:39:25.0162974Z hint: Names commonly chosen instead of 'master' are 'main', 'trunk' and
2026-09-29T23:39:25.0166080Z hint: 'development'. The just-created branch can be renamed via this command:
2026-09-29T23:39:25.0168619Z hint:
2026-09-29T23:39:25.0170055Z hint: 	git branch -m <name>
2026-09-29T23:39:25.0172107Z hint:
2026-09-29T23:39:25.0174380Z hint: Disable this message with "git config set advice.defaultBranchName false"
2026-09-29T23:39:25.0178006Z Initialized empty Git repository in /home/runner/work/WetLabEngine/WetLabEngine/.git/
2026-09-29T23:39:25.0184268Z [command]/usr/bin/git remote add origin https://github.com/proteinfoldingengine/WetLabEngine
2026-09-29T23:39:25.0214384Z ##[endgroup]
2026-09-29T23:39:25.0216658Z ##[group]Disabling automatic garbage collection
2026-09-29T23:39:25.0218210Z [command]/usr/bin/git config --local gc.auto 0
2026-09-29T23:39:25.0255535Z ##[endgroup]
2026-09-29T23:39:25.0257730Z ##[group]Setting up auth
2026-09-29T23:39:25.0263150Z [command]/usr/bin/git config --local --name-only --get-regexp core\.sshCommand
2026-09-29T23:39:25.0300335Z [command]/usr/bin/git submodule foreach --recursive sh -c "git config --local --name-only --get-regexp 'core\.sshCommand' && git config --local --unset-all 'core.sshCommand' || :"
2026-09-29T23:39:25.0648496Z [command]/usr/bin/git config --local --name-only --get-regexp http\.https\:\/\/github\.com\/\.extraheader
2026-09-29T23:39:25.0695990Z [command]/usr/bin/git submodule foreach --recursive sh -c "git config --local --name-only --get-regexp 'http\.https\:\/\/github\.com\/\.extraheader' && git config --local --unset-all 'http.https://github.com/.extraheader' || :"
2026-09-29T23:39:25.0978869Z [command]/usr/bin/git config --local --name-only --get-regexp ^includeIf\.gitdir:
2026-09-29T23:39:25.1023666Z [command]/usr/bin/git submodule foreach --recursive git config --local --show-origin --name-only --get-regexp remote.origin.url
2026-09-29T23:39:25.1349439Z [command]/usr/bin/git config --local http.https://github.com/.extraheader AUTHORIZATION: basic ***
2026-09-29T23:39:25.1398841Z ##[endgroup]
2026-09-29T23:39:25.1401800Z ##[group]Fetching the repository
2026-09-29T23:39:25.1412858Z [command]/usr/bin/git -c protocol.version=2 fetch --no-tags --prune --no-recurse-submodules --depth=1 origin +cba4eed8fa73340efb7e81dc522a62ae2c07d51d:refs/remotes/origin/research/v16.31-global-component-factorization
2026-09-29T23:39:37.1645508Z From https://github.com/proteinfoldingengine/WetLabEngine
2026-09-29T23:39:37.1646493Z  * [new ref]         cba4eed8fa73340efb7e81dc522a62ae2c07d51d -> origin/research/v16.31-global-component-factorization
2026-09-29T23:39:37.1649460Z ##[endgroup]
2026-09-29T23:39:37.1650403Z ##[group]Determining the checkout info
2026-09-29T23:39:37.1653149Z ##[endgroup]
2026-09-29T23:39:37.1659335Z [command]/usr/bin/git sparse-checkout disable
2026-09-29T23:39:37.1712719Z [command]/usr/bin/git config --local --unset-all extensions.worktreeConfig
2026-09-29T23:39:37.1746291Z ##[group]Checking out the ref
2026-09-29T23:39:37.1751277Z [command]/usr/bin/git checkout --progress --force -B research/v16.31-global-component-factorization refs/remotes/origin/research/v16.31-global-component-factorization
2026-09-29T23:39:38.3063343Z Updating files:  52% (2773/5302)
2026-09-29T23:39:38.3111006Z Updating files:  53% (2811/5302)
2026-09-29T23:39:38.3150260Z Updating files:  54% (2864/5302)
2026-09-29T23:39:38.3178457Z Updating files:  55% (2917/5302)
2026-09-29T23:39:38.3212397Z Updating files:  56% (2970/5302)
2026-09-29T23:39:38.3582882Z Updating files:  57% (3023/5302)
2026-09-29T23:39:38.4007678Z Updating files:  58% (3076/5302)
2026-09-29T23:39:38.4029491Z Updating files:  59% (3129/5302)
2026-09-29T23:39:38.4050778Z Updating files:  60% (3182/5302)
2026-09-29T23:39:38.4201815Z Updating files:  61% (3235/5302)
2026-09-29T23:39:38.4316557Z Updating files:  62% (3288/5302)
2026-09-29T23:39:38.4482652Z Updating files:  63% (3341/5302)
2026-09-29T23:39:38.4570617Z Updating files:  64% (3394/5302)
2026-09-29T23:39:38.4599762Z Updating files:  65% (3447/5302)
2026-09-29T23:39:38.5043232Z Updating files:  66% (3500/5302)
2026-09-29T23:39:38.6466935Z Updating files:  67% (3553/5302)
2026-09-29T23:39:38.8391758Z Updating files:  68% (3606/5302)
2026-09-29T23:39:38.8415812Z Updating files:  69% (3659/5302)
2026-09-29T23:39:39.0203952Z Updating files:  70% (3712/5302)
2026-09-29T23:39:39.0980192Z Updating files:  71% (3765/5302)
2026-09-29T23:39:39.1847695Z Updating files:  72% (3818/5302)
2026-09-29T23:39:39.2014896Z Updating files:  72% (3849/5302)
2026-09-29T23:39:39.2560969Z Updating files:  73% (3871/5302)
2026-09-29T23:39:39.2691391Z Updating files:  74% (3924/5302)
2026-09-29T23:39:39.2756644Z Updating files:  75% (3977/5302)
2026-09-29T23:39:39.3260885Z Updating files:  76% (4030/5302)
2026-09-29T23:39:39.3300419Z Updating files:  77% (4083/5302)
2026-09-29T23:39:39.3334628Z Updating files:  78% (4136/5302)
2026-09-29T23:39:39.3366388Z Updating files:  79% (4189/5302)
2026-09-29T23:39:39.3399283Z Updating files:  80% (4242/5302)
2026-09-29T23:39:39.3431972Z Updating files:  81% (4295/5302)
2026-09-29T23:39:39.3463535Z Updating files:  82% (4348/5302)
2026-09-29T23:39:39.3497680Z Updating files:  83% (4401/5302)
2026-09-29T23:39:39.3521893Z Updating files:  84% (4454/5302)
2026-09-29T23:39:39.3687309Z Updating files:  85% (4507/5302)
2026-09-29T23:39:39.5075999Z Updating files:  86% (4560/5302)
2026-09-29T23:39:39.7767791Z Updating files:  87% (4613/5302)
2026-09-29T23:39:39.7937097Z Updating files:  88% (4666/5302)
2026-09-29T23:39:39.8183927Z Updating files:  89% (4719/5302)
2026-09-29T23:39:39.8411007Z Updating files:  90% (4772/5302)
2026-09-29T23:39:39.8705685Z Updating files:  91% (4825/5302)
2026-09-29T23:39:39.9204829Z Updating files:  92% (4878/5302)
2026-09-29T23:39:39.9366245Z Updating files:  93% (4931/5302)
2026-09-29T23:39:39.9400854Z Updating files:  94% (4984/5302)
2026-09-29T23:39:39.9448151Z Updating files:  95% (5037/5302)
2026-09-29T23:39:39.9552708Z Updating files:  96% (5090/5302)
2026-09-29T23:39:39.9604235Z Updating files:  97% (5143/5302)
2026-09-29T23:39:39.9750499Z Updating files:  98% (5196/5302)
2026-09-29T23:39:39.9796607Z Updating files:  99% (5249/5302)
2026-09-29T23:39:39.9796985Z Updating files: 100% (5302/5302)
2026-09-29T23:39:39.9797266Z Updating files: 100% (5302/5302), done.
2026-09-29T23:39:39.9872136Z Switched to a new branch 'research/v16.31-global-component-factorization'
2026-09-29T23:39:39.9877634Z branch 'research/v16.31-global-component-factorization' set up to track 'origin/research/v16.31-global-component-factorization'.
2026-09-29T23:39:39.9976359Z ##[endgroup]
2026-09-29T23:39:40.0026853Z [command]/usr/bin/git log -1 --format=%H
2026-09-29T23:39:40.0057500Z cba4eed8fa73340efb7e81dc522a62ae2c07d51d
2026-09-29T23:39:40.0419477Z ##[group]Run actions/setup-python@a26af69be951a213d495a4c3e4e4022e16d87065
2026-09-29T23:39:40.0419888Z with:
2026-09-29T23:39:40.0420108Z   python-version: 3.11
2026-09-29T23:39:40.0420340Z   check-latest: false
2026-09-29T23:39:40.0423172Z   token: ***
2026-09-29T23:39:40.0423399Z   update-environment: true
2026-09-29T23:39:40.0423647Z   allow-prereleases: false
2026-09-29T23:39:40.0423880Z   freethreaded: false
2026-09-29T23:39:40.0424104Z ##[endgroup]
2026-09-29T23:39:40.1728761Z ##[group]Installed versions
2026-09-29T23:39:40.1809117Z (node:2266) [DEP0040] DeprecationWarning: The `punycode` module is deprecated. Please use a userland alternative instead.
2026-09-29T23:39:40.1810108Z (Use `node --trace-deprecation ...` to show where the warning was created)
2026-09-29T23:39:40.1811007Z Successfully set up CPython (3.11.16)
2026-09-29T23:39:40.1811510Z ##[endgroup]
2026-09-29T23:39:40.2014717Z ##[group]Run python -m pip install sympy==1.13.3 mpmath==1.3.0
2026-09-29T23:39:40.2015224Z [36;1mpython -m pip install sympy==1.13.3 mpmath==1.3.0[0m
2026-09-29T23:39:40.2305874Z shell: /usr/bin/bash -e {0}
2026-09-29T23:39:40.2306188Z env:
2026-09-29T23:39:40.2306491Z   pythonLocation: /opt/hostedtoolcache/Python/3.11.16/x64
2026-09-29T23:39:40.2306943Z   PKG_CONFIG_PATH: /opt/hostedtoolcache/Python/3.11.16/x64/lib/pkgconfig
2026-09-29T23:39:40.2307373Z   Python_ROOT_DIR: /opt/hostedtoolcache/Python/3.11.16/x64
2026-09-29T23:39:40.2307759Z   Python2_ROOT_DIR: /opt/hostedtoolcache/Python/3.11.16/x64
2026-09-29T23:39:40.2308133Z   Python3_ROOT_DIR: /opt/hostedtoolcache/Python/3.11.16/x64
2026-09-29T23:39:40.2308503Z   LD_LIBRARY_PATH: /opt/hostedtoolcache/Python/3.11.16/x64/lib
2026-09-29T23:39:40.2308825Z ##[endgroup]
2026-09-29T23:39:40.9613280Z Collecting sympy==1.13.3
2026-09-29T23:39:41.0300819Z   Downloading sympy-1.13.3-py3-none-any.whl.metadata (12 kB)
2026-09-29T23:39:41.0539824Z Collecting mpmath==1.3.0
2026-09-29T23:39:41.0649153Z   Downloading mpmath-1.3.0-py3-none-any.whl.metadata (8.6 kB)
2026-09-29T23:39:41.0829952Z Downloading sympy-1.13.3-py3-none-any.whl (6.2 MB)
2026-09-29T23:39:41.3137410Z    ━━━━━━━━━━━━━━━━━━━━━━━━━━━━━━━━━━━━━━━━ 6.2/6.2 MB 29.7 MB/s  0:00:00
2026-09-29T23:39:41.3248001Z Downloading mpmath-1.3.0-py3-none-any.whl (536 kB)
2026-09-29T23:39:41.3292459Z    ━━━━━━━━━━━━━━━━━━━━━━━━━━━━━━━━━━━━━━━━ 536.2/536.2 kB 110.3 MB/s  0:00:00
2026-09-29T23:39:41.3946838Z Installing collected packages: mpmath, sympy
2026-09-29T23:39:47.4035121Z 
2026-09-29T23:39:47.4062595Z Successfully installed mpmath-1.3.0 sympy-1.13.3
2026-09-29T23:39:47.5608894Z ##[group]Run python ResearchHistory/UQCF-GEM/demos/v16.31-global-component-factorization/run_campaign.py
2026-09-29T23:39:47.5609689Z [36;1mpython ResearchHistory/UQCF-GEM/demos/v16.31-global-component-factorization/run_campaign.py[0m
2026-09-29T23:39:47.5678940Z shell: /usr/bin/bash -e {0}
2026-09-29T23:39:47.5679197Z env:
2026-09-29T23:39:47.5679479Z   pythonLocation: /opt/hostedtoolcache/Python/3.11.16/x64
2026-09-29T23:39:47.5679927Z   PKG_CONFIG_PATH: /opt/hostedtoolcache/Python/3.11.16/x64/lib/pkgconfig
2026-09-29T23:39:47.5680361Z   Python_ROOT_DIR: /opt/hostedtoolcache/Python/3.11.16/x64
2026-09-29T23:39:47.5680736Z   Python2_ROOT_DIR: /opt/hostedtoolcache/Python/3.11.16/x64
2026-09-29T23:39:47.5681112Z   Python3_ROOT_DIR: /opt/hostedtoolcache/Python/3.11.16/x64
2026-09-29T23:39:47.5681483Z   LD_LIBRARY_PATH: /opt/hostedtoolcache/Python/3.11.16/x64/lib
2026-09-29T23:39:47.5681907Z ##[endgroup]
2026-09-29T23:39:48.6177198Z {"name": "v1631-review", "cwd": "ResearchHistory/UQCF-GEM/demos/v16.31-global-component-factorization", "command": ["/opt/hostedtoolcache/Python/3.11.16/x64/bin/python", "test_review.py"], "exit_code": 0, "tests": [4]}
2026-09-29T23:39:48.6686594Z {"name": "v1631-contract", "cwd": "ResearchHistory/UQCF-GEM/demos/v16.31-global-component-factorization", "command": ["/opt/hostedtoolcache/Python/3.11.16/x64/bin/python", "test_contract.py"], "exit_code": 0, "tests": [3]}
2026-09-29T23:39:48.7754731Z {"name": "v1631-tests", "cwd": "ResearchHistory/UQCF-GEM/demos/v16.31-global-component-factorization", "command": ["/opt/hostedtoolcache/Python/3.11.16/x64/bin/python", "test_gate.py"], "exit_code": 0, "tests": [28]}
2026-09-29T23:40:06.2579894Z {"name": "producer", "cwd": "ResearchHistory/UQCF-GEM/demos/v16.31-global-component-factorization", "command": ["/opt/hostedtoolcache/Python/3.11.16/x64/bin/python", "producer.py"], "exit_code": 0, "tests": []}
2026-09-29T23:40:40.9462933Z {"name": "verifier", "cwd": "ResearchHistory/UQCF-GEM/demos/v16.31-global-component-factorization", "command": ["/opt/hostedtoolcache/Python/3.11.16/x64/bin/python", "verifier.py"], "exit_code": 0, "tests": []}
2026-09-29T23:40:41.0014286Z {"name": "v1630", "cwd": "ResearchHistory/UQCF-GEM/demos/v16.30-interaction-component-closure", "command": ["/opt/hostedtoolcache/Python/3.11.16/x64/bin/python", "test_gate.py"], "exit_code": 0, "tests": [5]}
2026-09-29T23:40:41.0942598Z {"name": "v1629", "cwd": "ResearchHistory/UQCF-GEM/demos/v16.29-local-profile-closure", "command": ["/opt/hostedtoolcache/Python/3.11.16/x64/bin/python", "test_gate.py"], "exit_code": 0, "tests": [30]}
2026-09-29T23:40:49.9061169Z {"name": "v1628", "cwd": "ResearchHistory/UQCF-GEM/demos/v16.28-diamond-attribution-closure", "command": ["/opt/hostedtoolcache/Python/3.11.16/x64/bin/python", "test_gate.py"], "exit_code": 0, "tests": [28]}
2026-09-29T23:40:49.9663176Z {"name": "v1627-contract", "cwd": "ResearchHistory/UQCF-GEM/demos/v16.27-increment-attribution-closure/completion", "command": ["/opt/hostedtoolcache/Python/3.11.16/x64/bin/python", "test_contract.py"], "exit_code": 0, "tests": [11]}
2026-09-29T23:40:50.0572187Z {"name": "v1627-complete", "cwd": "ResearchHistory/UQCF-GEM/demos/v16.27-increment-attribution-closure/completion", "command": ["/opt/hostedtoolcache/Python/3.11.16/x64/bin/python", "test_complete.py"], "exit_code": 0, "tests": [23]}
2026-09-29T23:41:23.6966150Z {"name": "v1627-original", "cwd": "ResearchHistory/UQCF-GEM/demos/v16.27-increment-attribution-closure", "command": ["/opt/hostedtoolcache/Python/3.11.16/x64/bin/python", "test_gate.py"], "exit_code": 0, "tests": [5]}
2026-09-29T23:41:23.8659650Z {"name": "v1626", "cwd": "ResearchHistory/UQCF-GEM/demos/v16.26-consistency-increment-law", "command": ["/opt/hostedtoolcache/Python/3.11.16/x64/bin/python", "test_gate.py"], "exit_code": 0, "tests": [8]}
2026-09-29T23:41:24.2022128Z {"name": "v1625", "cwd": "ResearchHistory/UQCF-GEM/demos/v16.25-pruning-refinement-closure", "command": ["/opt/hostedtoolcache/Python/3.11.16/x64/bin/python", "test_gate.py"], "exit_code": 0, "tests": [11]}
2026-09-29T23:41:24.7000686Z {"name": "v1624", "cwd": "ResearchHistory/UQCF-GEM/demos/v16.24-consistency-order", "command": ["/opt/hostedtoolcache/Python/3.11.16/x64/bin/python", "test_gate.py"], "exit_code": 0, "tests": [28]}
2026-09-29T23:41:25.0044956Z {"name": "v1624-validation", "cwd": "ResearchHistory/UQCF-GEM/demos/v16.24-consistency-order", "command": ["/opt/hostedtoolcache/Python/3.11.16/x64/bin/python", "test_validation.py"], "exit_code": 0, "tests": [2]}
2026-09-29T23:41:26.1038802Z {"name": "v1623", "cwd": "ResearchHistory/UQCF-GEM/demos/v16.23-overlap-descent", "command": ["/opt/hostedtoolcache/Python/3.11.16/x64/bin/python", "test_gate.py"], "exit_code": 0, "tests": [22]}
2026-09-29T23:41:26.5587992Z {"name": "v1623-schema", "cwd": "ResearchHistory/UQCF-GEM/demos/v16.23-overlap-descent", "command": ["/opt/hostedtoolcache/Python/3.11.16/x64/bin/python", "test_schema.py"], "exit_code": 0, "tests": [3]}
2026-09-29T23:41:27.0166900Z {"name": "v1622", "cwd": "ResearchHistory/UQCF-GEM/demos/v16.22-response-selection-closure", "command": ["/opt/hostedtoolcache/Python/3.11.16/x64/bin/python", "-m", "unittest", "discover", "-v"], "exit_code": 0, "tests": [20]}
2026-09-29T23:41:27.6789155Z {"name": "v1621", "cwd": "ResearchHistory/UQCF-GEM/foundational-closure-verification", "command": ["/opt/hostedtoolcache/Python/3.11.16/x64/bin/python", "tests/test_fcv.py"], "exit_code": 0, "tests": [22]}
2026-09-29T23:41:28.9366438Z {"name": "exact-parent", "cwd": "ResearchHistory/UQCF-GEM/demos/v15.56-response-selector-obstruction", "command": ["/opt/hostedtoolcache/Python/3.11.16/x64/bin/python", "-m", "unittest", "-v", "test_pruning_consistency_audit"], "exit_code": 0, "tests": [15]}
2026-09-29T23:41:28.9654759Z ##[group]Run actions/upload-artifact@ea165f8d65b6e75b540449e92b4886f43607fa02
2026-09-29T23:41:28.9655176Z with:
2026-09-29T23:41:28.9655431Z   name: v1631-cba4eed8fa73340efb7e81dc522a62ae2c07d51d
2026-09-29T23:41:28.9655750Z   if-no-files-found: error
2026-09-29T23:41:28.9656145Z   path: ResearchHistory/UQCF-GEM/demos/v16.31-global-component-factorization/evidence
2026-09-29T23:41:28.9656572Z   compression-level: 6
2026-09-29T23:41:28.9656792Z   overwrite: false
2026-09-29T23:41:28.9657202Z   include-hidden-files: false
2026-09-29T23:41:28.9657443Z env:
2026-09-29T23:41:28.9657711Z   pythonLocation: /opt/hostedtoolcache/Python/3.11.16/x64
2026-09-29T23:41:28.9658133Z   PKG_CONFIG_PATH: /opt/hostedtoolcache/Python/3.11.16/x64/lib/pkgconfig
2026-09-29T23:41:28.9658546Z   Python_ROOT_DIR: /opt/hostedtoolcache/Python/3.11.16/x64
2026-09-29T23:41:28.9658922Z   Python2_ROOT_DIR: /opt/hostedtoolcache/Python/3.11.16/x64
2026-09-29T23:41:28.9659350Z   Python3_ROOT_DIR: /opt/hostedtoolcache/Python/3.11.16/x64
2026-09-29T23:41:28.9659740Z   LD_LIBRARY_PATH: /opt/hostedtoolcache/Python/3.11.16/x64/lib
2026-09-29T23:41:28.9660061Z ##[endgroup]
2026-09-29T23:41:29.1377323Z (node:2347) [DEP0040] DeprecationWarning: The `punycode` module is deprecated. Please use a userland alternative instead.
2026-09-29T23:41:29.1378220Z (Use `node --trace-deprecation ...` to show where the warning was created)
2026-09-29T23:41:29.1515754Z With the provided path, there will be 35 files uploaded
2026-09-29T23:41:29.1516940Z Artifact name is valid!
2026-09-29T23:41:29.1517619Z Root directory input is valid!
2026-09-29T23:41:29.4545206Z Beginning upload of artifact content to blob storage
2026-09-29T23:41:29.5428450Z (node:2347) [DEP0169] DeprecationWarning: `url.parse()` behavior is not standardized and prone to errors that have security implications. Use the WHATWG URL API instead. CVEs are not issued for `url.parse()` vulnerabilities.
2026-09-29T23:41:29.8622903Z Uploaded bytes 511086
2026-09-29T23:41:29.9127385Z Finished uploading artifact content to blob storage!
2026-09-29T23:41:29.9128562Z SHA256 digest of uploaded artifact zip is d0ee376c6c2f7528cf4227e609fdfdf6a380d5e460fd773e0b6063e374c0b8cb
2026-09-29T23:41:29.9129441Z Finalizing artifact upload
2026-09-29T23:41:30.1560019Z Artifact v1631-cba4eed8fa73340efb7e81dc522a62ae2c07d51d.zip successfully finalized. Artifact ID 11068762102
2026-09-29T23:41:30.1561113Z Artifact v1631-cba4eed8fa73340efb7e81dc522a62ae2c07d51d has been successfully uploaded! Final size is 511086 bytes. Artifact ID is 11068762102
2026-09-29T23:41:30.1567146Z Artifact download URL: https://github.com/proteinfoldingengine/WetLabEngine/actions/runs/36646349715/artifacts/11068762102
2026-09-29T23:41:30.1743024Z Post job cleanup.
2026-09-29T23:41:30.2999552Z (node:2363) [DEP0040] DeprecationWarning: The `punycode` module is deprecated. Please use a userland alternative instead.
2026-09-29T23:41:30.3000400Z (Use `node --trace-deprecation ...` to show where the warning was created)
2026-09-29T23:41:30.3196214Z Post job cleanup.
2026-09-29T23:41:30.4122549Z [command]/usr/bin/git version
2026-09-29T23:41:30.4166086Z git version 2.55.0
2026-09-29T23:41:30.4204616Z Temporarily overriding HOME='/home/runner/work/_temp/037e9879-ed79-4f67-ba36-57247b4bc874' before making global git config changes
2026-09-29T23:41:30.4206258Z Adding repository directory to the temporary git global config as a safe directory
2026-09-29T23:41:30.4210777Z [command]/usr/bin/git config --global --add safe.directory /home/runner/work/WetLabEngine/WetLabEngine
2026-09-29T23:41:30.4262566Z [command]/usr/bin/git config --local --name-only --get-regexp core\.sshCommand
2026-09-29T23:41:30.4302061Z [command]/usr/bin/git submodule foreach --recursive sh -c "git config --local --name-only --get-regexp 'core\.sshCommand' && git config --local --unset-all 'core.sshCommand' || :"
2026-09-29T23:41:30.4582633Z [command]/usr/bin/git config --local --name-only --get-regexp http\.https\:\/\/github\.com\/\.extraheader
2026-09-29T23:41:30.4612398Z http.https://github.com/.extraheader
2026-09-29T23:41:30.4625357Z [command]/usr/bin/git config --local --unset-all http.https://github.com/.extraheader
2026-09-29T23:41:30.4670949Z [command]/usr/bin/git submodule foreach --recursive sh -c "git config --local --name-only --get-regexp 'http\.https\:\/\/github\.com\/\.extraheader' && git config --local --unset-all 'http.https://github.com/.extraheader' || :"
2026-09-29T23:41:30.4972738Z [command]/usr/bin/git config --local --name-only --get-regexp ^includeIf\.gitdir:
2026-09-29T23:41:30.5019118Z [command]/usr/bin/git submodule foreach --recursive git config --local --show-origin --name-only --get-regexp remote.origin.url
2026-09-29T23:41:30.5458658Z Cleaning up orphan processes
2026-09-29T23:41:30.5772240Z ##[warning]Node.js 20 is deprecated. The following actions target Node.js 20 but are being forced to run on Node.js 24: actions/checkout@11d5960a326750d5838078e36cf38b85af677262, actions/setup-python@a26af69be951a213d495a4c3e4e4022e16d87065, actions/upload-artifact@ea165f8d65b6e75b540449e92b4886f43607fa02. For more information see: https://github.blog/changelog/2025-09-19-deprecation-of-node-20-on-github-actions-runners/
