2026-10-10T15:01:08.0195946Z Current runner version: '2.337.0'
2026-10-10T15:01:08.0222883Z ##[group]Runner Image Provisioner
2026-10-10T15:01:08.0223746Z Hosted Compute Agent
2026-10-10T15:01:08.0224397Z Version: 20261002.596
2026-10-10T15:01:08.0225145Z Commit: c3d12f3313a95f25162a1503be624f3b0617f8c0
2026-10-10T15:01:08.0225867Z Build Date: 2026-10-02T22:28:27Z
2026-10-10T15:01:08.0226614Z Worker ID: {36ad4c03-9708-45fa-89ae-2a2cfdba07b2}
2026-10-10T15:01:08.0227368Z Region: southcentralus
2026-10-10T15:01:08.0227957Z Cloud: Azure
2026-10-10T15:01:08.0228535Z ##[endgroup]
2026-10-10T15:01:08.0230101Z ##[group]Operating System
2026-10-10T15:01:08.0231256Z Ubuntu
2026-10-10T15:01:08.0231864Z 24.04.5
2026-10-10T15:01:08.0232353Z LTS
2026-10-10T15:01:08.0233095Z ##[endgroup]
2026-10-10T15:01:08.0233656Z ##[group]Runner Image
2026-10-10T15:01:08.0234350Z Image: ubuntu-24.04
2026-10-10T15:01:08.0234941Z Version: 20261004.327.1
2026-10-10T15:01:08.0236242Z Included Software: https://github.com/actions/runner-images/blob/ubuntu24/20261004.327/images/ubuntu/Ubuntu2404-Readme.md
2026-10-10T15:01:08.0237775Z Image Release: https://github.com/actions/runner-images/releases/tag/ubuntu24%2F20261004.327
2026-10-10T15:01:08.0238840Z ##[endgroup]
2026-10-10T15:01:08.0239913Z ##[group]GITHUB_TOKEN Permissions
2026-10-10T15:01:08.0243079Z Contents: read
2026-10-10T15:01:08.0243696Z Metadata: read
2026-10-10T15:01:08.0244315Z ##[endgroup]
2026-10-10T15:01:08.0246434Z Secret source: Actions
2026-10-10T15:01:08.0247482Z Cache mode: write
2026-10-10T15:01:08.0248414Z Prepare workflow directory
2026-10-10T15:01:08.0599113Z Prepare all required actions
2026-10-10T15:01:08.0650874Z Getting action download info
2026-10-10T15:01:08.3457929Z Download action repository 'actions/checkout@v4' (SHA:11d5960a326750d5838078e36cf38b85af677262)
2026-10-10T15:01:08.4539501Z Download action repository 'actions/upload-artifact@v4' (SHA:ea165f8d65b6e75b540449e92b4886f43607fa02)
2026-10-10T15:01:08.6692952Z Complete job name: verification
2026-10-10T15:01:08.7467454Z ##[group]Run actions/checkout@v4
2026-10-10T15:01:08.7468361Z with:
2026-10-10T15:01:08.7468807Z   path: research_snapshot
2026-10-10T15:01:08.7469325Z   persist-credentials: false
2026-10-10T15:01:08.7470093Z   sparse-checkout: ResearchHistory/UQCF-GEM/research/physical-bridge
2026-10-10T15:01:08.7471322Z   repository: proteinfoldingengine/WetLabEngine
2026-10-10T15:01:08.7475376Z   token: ***
2026-10-10T15:01:08.7475812Z   ssh-strict: true
2026-10-10T15:01:08.7476259Z   ssh-user: git
2026-10-10T15:01:08.7476743Z   clean: true
2026-10-10T15:01:08.7477199Z   sparse-checkout-cone-mode: true
2026-10-10T15:01:08.7477731Z   fetch-depth: 1
2026-10-10T15:01:08.7478174Z   fetch-tags: false
2026-10-10T15:01:08.7478630Z   show-progress: true
2026-10-10T15:01:08.7479091Z   lfs: false
2026-10-10T15:01:08.7479513Z   submodules: false
2026-10-10T15:01:08.7479966Z   set-safe-directory: true
2026-10-10T15:01:08.7480476Z   allow-unsafe-pr-checkout: false
2026-10-10T15:01:08.7481471Z ##[endgroup]
2026-10-10T15:01:08.8527762Z Syncing repository: proteinfoldingengine/WetLabEngine
2026-10-10T15:01:08.8529705Z ##[group]Getting Git version info
2026-10-10T15:01:08.8530596Z Working directory is '/home/runner/work/WetLabEngine/WetLabEngine/research_snapshot'
2026-10-10T15:01:08.8532079Z [command]/usr/bin/git version
2026-10-10T15:01:08.8626372Z git version 2.55.0
2026-10-10T15:01:08.8653347Z ##[endgroup]
2026-10-10T15:01:08.8671962Z Temporarily overriding HOME='/home/runner/work/_temp/81d26353-ffef-453b-b5ff-7551bc38fbef' before making global git config changes
2026-10-10T15:01:08.8674249Z Adding repository directory to the temporary git global config as a safe directory
2026-10-10T15:01:08.8678505Z [command]/usr/bin/git config --global --add safe.directory /home/runner/work/WetLabEngine/WetLabEngine/research_snapshot
2026-10-10T15:01:08.8735664Z ##[group]Initializing the repository
2026-10-10T15:01:08.8740103Z [command]/usr/bin/git init /home/runner/work/WetLabEngine/WetLabEngine/research_snapshot
2026-10-10T15:01:08.8883093Z hint: Using 'master' as the name for the initial branch. This default branch name
2026-10-10T15:01:08.8885202Z hint: will change to "main" in Git 3.0. To configure the initial branch name
2026-10-10T15:01:08.8886696Z hint: to use in all of your new repositories, which will suppress this warning,
2026-10-10T15:01:08.8888931Z hint: call:
2026-10-10T15:01:08.8889646Z hint:
2026-10-10T15:01:08.8890440Z hint: 	git config --global init.defaultBranch <name>
2026-10-10T15:01:08.8891677Z hint:
2026-10-10T15:01:08.8892591Z hint: Names commonly chosen instead of 'master' are 'main', 'trunk' and
2026-10-10T15:01:08.8894166Z hint: 'development'. The just-created branch can be renamed via this command:
2026-10-10T15:01:08.8895369Z hint:
2026-10-10T15:01:08.8896061Z hint: 	git branch -m <name>
2026-10-10T15:01:08.8896802Z hint:
2026-10-10T15:01:08.8897822Z hint: Disable this message with "git config set advice.defaultBranchName false"
2026-10-10T15:01:08.8899827Z Initialized empty Git repository in /home/runner/work/WetLabEngine/WetLabEngine/research_snapshot/.git/
2026-10-10T15:01:08.8903194Z [command]/usr/bin/git remote add origin https://github.com/proteinfoldingengine/WetLabEngine
2026-10-10T15:01:08.8954797Z ##[endgroup]
2026-10-10T15:01:08.8956118Z ##[group]Disabling automatic garbage collection
2026-10-10T15:01:08.8960288Z [command]/usr/bin/git config --local gc.auto 0
2026-10-10T15:01:08.9009176Z ##[endgroup]
2026-10-10T15:01:08.9009924Z ##[group]Setting up auth
2026-10-10T15:01:08.9010937Z [command]/usr/bin/git config --local --name-only --get-regexp core\.sshCommand
2026-10-10T15:01:08.9047276Z [command]/usr/bin/git submodule foreach --recursive sh -c "git config --local --name-only --get-regexp 'core\.sshCommand' && git config --local --unset-all 'core.sshCommand' || :"
2026-10-10T15:01:08.9448488Z [command]/usr/bin/git config --local --name-only --get-regexp http\.https\:\/\/github\.com\/\.extraheader
2026-10-10T15:01:08.9489960Z [command]/usr/bin/git submodule foreach --recursive sh -c "git config --local --name-only --get-regexp 'http\.https\:\/\/github\.com\/\.extraheader' && git config --local --unset-all 'http.https://github.com/.extraheader' || :"
2026-10-10T15:01:08.9718211Z [command]/usr/bin/git config --local --name-only --get-regexp ^includeIf\.gitdir:
2026-10-10T15:01:08.9756897Z [command]/usr/bin/git submodule foreach --recursive git config --local --show-origin --name-only --get-regexp remote.origin.url
2026-10-10T15:01:09.0006791Z [command]/usr/bin/git config --local http.https://github.com/.extraheader AUTHORIZATION: basic ***
2026-10-10T15:01:09.0048638Z ##[endgroup]
2026-10-10T15:01:09.0049441Z ##[group]Fetching the repository
2026-10-10T15:01:09.0060321Z [command]/usr/bin/git -c protocol.version=2 fetch --no-tags --prune --no-recurse-submodules --filter=blob:none --depth=1 origin +06f8e31cf286cf9da204feef038ac0153bb10bd9:refs/remotes/origin/research/uqcf-overlapping-guard-exchange
2026-10-10T15:01:09.4786741Z From https://github.com/proteinfoldingengine/WetLabEngine
2026-10-10T15:01:09.4788938Z  * [new ref]         06f8e31cf286cf9da204feef038ac0153bb10bd9 -> origin/research/uqcf-overlapping-guard-exchange
2026-10-10T15:01:09.4793394Z ##[endgroup]
2026-10-10T15:01:09.4795018Z ##[group]Determining the checkout info
2026-10-10T15:01:09.4796816Z ##[endgroup]
2026-10-10T15:01:09.4798338Z ##[group]Setting up sparse checkout
2026-10-10T15:01:09.4804571Z [command]/usr/bin/git sparse-checkout set ResearchHistory/UQCF-GEM/research/physical-bridge
2026-10-10T15:01:09.4858804Z ##[endgroup]
2026-10-10T15:01:09.4860135Z ##[group]Checking out the ref
2026-10-10T15:01:09.4866515Z [command]/usr/bin/git checkout --progress --force -B research/uqcf-overlapping-guard-exchange refs/remotes/origin/research/uqcf-overlapping-guard-exchange
2026-10-10T15:01:10.6958567Z Updating files:   0% (1/895)
2026-10-10T15:01:10.6963263Z Updating files:   1% (9/895)
2026-10-10T15:01:10.6968845Z Updating files:   2% (18/895)
2026-10-10T15:01:10.6976514Z Updating files:   3% (27/895)
2026-10-10T15:01:10.6983866Z Updating files:   4% (36/895)
2026-10-10T15:01:10.6990416Z Updating files:   5% (45/895)
2026-10-10T15:01:10.6995947Z Updating files:   6% (54/895)
2026-10-10T15:01:10.7001208Z Updating files:   7% (63/895)
2026-10-10T15:01:10.7009722Z Updating files:   8% (72/895)
2026-10-10T15:01:10.7016485Z Updating files:   9% (81/895)
2026-10-10T15:01:10.7022157Z Updating files:  10% (90/895)
2026-10-10T15:01:10.7028243Z Updating files:  11% (99/895)
2026-10-10T15:01:10.7034105Z Updating files:  12% (108/895)
2026-10-10T15:01:10.7041665Z Updating files:  13% (117/895)
2026-10-10T15:01:10.7048395Z Updating files:  14% (126/895)
2026-10-10T15:01:10.7054095Z Updating files:  15% (135/895)
2026-10-10T15:01:10.7059246Z Updating files:  16% (144/895)
2026-10-10T15:01:10.7065369Z Updating files:  17% (153/895)
2026-10-10T15:01:10.7071593Z Updating files:  18% (162/895)
2026-10-10T15:01:10.7076698Z Updating files:  19% (171/895)
2026-10-10T15:01:10.7083368Z Updating files:  20% (179/895)
2026-10-10T15:01:10.7088592Z Updating files:  21% (188/895)
2026-10-10T15:01:10.7095290Z Updating files:  22% (197/895)
2026-10-10T15:01:10.7101365Z Updating files:  23% (206/895)
2026-10-10T15:01:10.7107749Z Updating files:  24% (215/895)
2026-10-10T15:01:10.7114051Z Updating files:  25% (224/895)
2026-10-10T15:01:10.7120416Z Updating files:  26% (233/895)
2026-10-10T15:01:10.7127213Z Updating files:  27% (242/895)
2026-10-10T15:01:10.7133383Z Updating files:  28% (251/895)
2026-10-10T15:01:10.7139334Z Updating files:  29% (260/895)
2026-10-10T15:01:10.7147275Z Updating files:  30% (269/895)
2026-10-10T15:01:10.7152252Z Updating files:  31% (278/895)
2026-10-10T15:01:10.7158130Z Updating files:  32% (287/895)
2026-10-10T15:01:10.7164342Z Updating files:  33% (296/895)
2026-10-10T15:01:10.7170461Z Updating files:  34% (305/895)
2026-10-10T15:01:10.7177121Z Updating files:  35% (314/895)
2026-10-10T15:01:10.7184857Z Updating files:  36% (323/895)
2026-10-10T15:01:10.7192433Z Updating files:  37% (332/895)
2026-10-10T15:01:10.7202516Z Updating files:  38% (341/895)
2026-10-10T15:01:10.7207999Z Updating files:  39% (350/895)
2026-10-10T15:01:10.7219524Z Updating files:  40% (358/895)
2026-10-10T15:01:10.7224003Z Updating files:  41% (367/895)
2026-10-10T15:01:10.7228491Z Updating files:  42% (376/895)
2026-10-10T15:01:10.7240953Z Updating files:  43% (385/895)
2026-10-10T15:01:10.7247726Z Updating files:  44% (394/895)
2026-10-10T15:01:10.7253551Z Updating files:  45% (403/895)
2026-10-10T15:01:10.7264251Z Updating files:  46% (412/895)
2026-10-10T15:01:10.7278112Z Updating files:  47% (421/895)
2026-10-10T15:01:10.7283885Z Updating files:  48% (430/895)
2026-10-10T15:01:10.7289163Z Updating files:  49% (439/895)
2026-10-10T15:01:10.7301785Z Updating files:  50% (448/895)
2026-10-10T15:01:10.7309826Z Updating files:  51% (457/895)
2026-10-10T15:01:10.7316314Z Updating files:  52% (466/895)
2026-10-10T15:01:10.7326374Z Updating files:  53% (475/895)
2026-10-10T15:01:10.7336307Z Updating files:  54% (484/895)
2026-10-10T15:01:10.7343077Z Updating files:  55% (493/895)
2026-10-10T15:01:10.7349508Z Updating files:  56% (502/895)
2026-10-10T15:01:10.7382107Z Updating files:  57% (511/895)
2026-10-10T15:01:10.7386634Z Updating files:  58% (520/895)
2026-10-10T15:01:10.7394243Z Updating files:  59% (529/895)
2026-10-10T15:01:10.7398882Z Updating files:  60% (537/895)
2026-10-10T15:01:10.7406780Z Updating files:  61% (546/895)
2026-10-10T15:01:10.7412519Z Updating files:  62% (555/895)
2026-10-10T15:01:10.7418511Z Updating files:  63% (564/895)
2026-10-10T15:01:10.7427029Z Updating files:  64% (573/895)
2026-10-10T15:01:10.7436022Z Updating files:  65% (582/895)
2026-10-10T15:01:10.7445486Z Updating files:  66% (591/895)
2026-10-10T15:01:10.7451762Z Updating files:  67% (600/895)
2026-10-10T15:01:10.7457589Z Updating files:  68% (609/895)
2026-10-10T15:01:10.7466511Z Updating files:  69% (618/895)
2026-10-10T15:01:10.7470193Z Updating files:  70% (627/895)
2026-10-10T15:01:10.7477483Z Updating files:  71% (636/895)
2026-10-10T15:01:10.7484598Z Updating files:  72% (645/895)
2026-10-10T15:01:10.7489838Z Updating files:  73% (654/895)
2026-10-10T15:01:10.7497598Z Updating files:  74% (663/895)
2026-10-10T15:01:10.7507796Z Updating files:  75% (672/895)
2026-10-10T15:01:10.7513921Z Updating files:  76% (681/895)
2026-10-10T15:01:10.7521437Z Updating files:  77% (690/895)
2026-10-10T15:01:10.7526566Z Updating files:  78% (699/895)
2026-10-10T15:01:10.7538474Z Updating files:  79% (708/895)
2026-10-10T15:01:10.7543891Z Updating files:  80% (716/895)
2026-10-10T15:01:10.7550246Z Updating files:  81% (725/895)
2026-10-10T15:01:10.7557652Z Updating files:  82% (734/895)
2026-10-10T15:01:10.7588167Z Updating files:  83% (743/895)
2026-10-10T15:01:10.7592898Z Updating files:  84% (752/895)
2026-10-10T15:01:10.7599191Z Updating files:  85% (761/895)
2026-10-10T15:01:10.7605142Z Updating files:  86% (770/895)
2026-10-10T15:01:10.7611649Z Updating files:  87% (779/895)
2026-10-10T15:01:10.7633744Z Updating files:  88% (788/895)
2026-10-10T15:01:10.7639321Z Updating files:  89% (797/895)
2026-10-10T15:01:10.7644747Z Updating files:  90% (806/895)
2026-10-10T15:01:10.7651397Z Updating files:  91% (815/895)
2026-10-10T15:01:10.7657184Z Updating files:  92% (824/895)
2026-10-10T15:01:10.7661976Z Updating files:  93% (833/895)
2026-10-10T15:01:10.7670859Z Updating files:  94% (842/895)
2026-10-10T15:01:10.7677659Z Updating files:  95% (851/895)
2026-10-10T15:01:10.7685952Z Updating files:  96% (860/895)
2026-10-10T15:01:10.7692295Z Updating files:  97% (869/895)
2026-10-10T15:01:10.7699436Z Updating files:  98% (878/895)
2026-10-10T15:01:10.7707759Z Updating files:  99% (887/895)
2026-10-10T15:01:10.7709537Z Updating files: 100% (895/895)
2026-10-10T15:01:10.7711437Z Updating files: 100% (895/895), done.
2026-10-10T15:01:10.7828711Z Switched to a new branch 'research/uqcf-overlapping-guard-exchange'
2026-10-10T15:01:10.7837159Z branch 'research/uqcf-overlapping-guard-exchange' set up to track 'origin/research/uqcf-overlapping-guard-exchange'.
2026-10-10T15:01:10.7850944Z ##[endgroup]
2026-10-10T15:01:10.7899716Z [command]/usr/bin/git log -1 --format=%H
2026-10-10T15:01:10.7927697Z 06f8e31cf286cf9da204feef038ac0153bb10bd9
2026-10-10T15:01:10.7937559Z ##[group]Removing auth
2026-10-10T15:01:10.7941473Z [command]/usr/bin/git config --local --name-only --get-regexp core\.sshCommand
2026-10-10T15:01:10.7977051Z [command]/usr/bin/git submodule foreach --recursive sh -c "git config --local --name-only --get-regexp 'core\.sshCommand' && git config --local --unset-all 'core.sshCommand' || :"
2026-10-10T15:01:10.8224785Z [command]/usr/bin/git config --local --name-only --get-regexp http\.https\:\/\/github\.com\/\.extraheader
2026-10-10T15:01:10.8268256Z http.https://github.com/.extraheader
2026-10-10T15:01:10.8277523Z [command]/usr/bin/git config --local --unset-all http.https://github.com/.extraheader
2026-10-10T15:01:10.8320275Z [command]/usr/bin/git submodule foreach --recursive sh -c "git config --local --name-only --get-regexp 'http\.https\:\/\/github\.com\/\.extraheader' && git config --local --unset-all 'http.https://github.com/.extraheader' || :"
2026-10-10T15:01:10.8556893Z [command]/usr/bin/git config --local --name-only --get-regexp ^includeIf\.gitdir:
2026-10-10T15:01:10.8592198Z [command]/usr/bin/git submodule foreach --recursive git config --local --show-origin --name-only --get-regexp remote.origin.url
2026-10-10T15:01:10.8830398Z ##[endgroup]
2026-10-10T15:01:10.9071607Z ##[group]Run set -euo pipefail
2026-10-10T15:01:10.9072870Z [36;1mset -euo pipefail[0m
2026-10-10T15:01:10.9073892Z [36;1mmkdir evidence[0m
2026-10-10T15:01:10.9075500Z [36;1mROOT=research_snapshot/ResearchHistory/UQCF-GEM/research/physical-bridge[0m
2026-10-10T15:01:10.9078391Z [36;1mpython3 -m unittest discover -s "$ROOT/anchored_release" -p test_anchored.py -v 2>&1 | tee evidence/contracts.log[0m
2026-10-10T15:01:10.9081868Z [36;1mpython3 "$ROOT/anchored_release/producer.py" evidence/certificate.json | tee evidence/counts.json[0m
2026-10-10T15:01:10.9085038Z [36;1mpython3 "$ROOT/anchored_release/independent.py" evidence/certificate.json | tee evidence/independent.json[0m
2026-10-10T15:01:10.9088792Z [36;1mpython3 -m unittest discover -s "$ROOT/local_progress" -p test_progress.py -v 2>&1 | tee evidence/inherited_local_progress.log[0m
2026-10-10T15:01:10.9092729Z [36;1mpython3 -m unittest discover -s "$ROOT/capacity_gap" -p test_capacity.py -v 2>&1 | tee evidence/inherited_capacity.log[0m
2026-10-10T15:01:10.9096343Z [36;1mpython3 -m unittest discover -s "$ROOT/saturated_transfer" -p test_transfer.py -v 2>&1 | tee evidence/inherited_transfer.log[0m
2026-10-10T15:01:10.9099900Z [36;1mpython3 -m unittest discover -s "$ROOT/label_release" -p test_release.py -v 2>&1 | tee evidence/inherited_release.log[0m
2026-10-10T15:01:10.9103661Z [36;1mpython3 -m unittest discover -s "$ROOT/footprint" -p test_footprint.py -v 2>&1 | tee evidence/inherited_footprint.log[0m
2026-10-10T15:01:10.9107170Z [36;1mpython3 -m unittest discover -s "$ROOT/fixed_family" -p test_fixed_family.py -v 2>&1 | tee evidence/inherited_fixed.log[0m
2026-10-10T15:01:10.9109930Z [36;1mpython3 "$ROOT/anchored_release/producer.py" /tmp/repeated.json[0m
2026-10-10T15:01:10.9112010Z [36;1mcmp /tmp/repeated.json evidence/certificate.json[0m
2026-10-10T15:01:10.9114155Z [36;1mecho "scientific_sha=$(git -C research_snapshot rev-parse HEAD)" > evidence/provenance.txt[0m
2026-10-10T15:01:10.9116444Z [36;1mecho "workflow_sha=$GITHUB_SHA" >> evidence/provenance.txt[0m
2026-10-10T15:01:10.9118396Z [36;1msha256sum evidence/certificate.json > evidence/certificate.sha256[0m
2026-10-10T15:01:10.9120270Z [36;1mcp "$ROOT/anchored_release/red.log" evidence/red.log[0m
2026-10-10T15:01:10.9122423Z [36;1mcp "$ROOT/COUPLED_C3_ANCHORED_RELEASE_RESULT.md" evidence/frozen_proof.md[0m
2026-10-10T15:01:10.9124641Z [36;1mcp "$ROOT/COUPLED_C3_ANCHORED_RELEASE_SCOPE.md" evidence/frozen_scope.md[0m
2026-10-10T15:01:10.9126453Z [36;1mcp "$ROOT/anchored_release/"*.py evidence/[0m
2026-10-10T15:01:10.9434097Z shell: /usr/bin/bash --noprofile --norc -e -o pipefail {0}
2026-10-10T15:01:10.9435541Z ##[endgroup]
2026-10-10T15:01:18.2721651Z test_anchoring_control (test_anchored.Contracts.test_anchoring_control) ... ok
2026-10-10T15:01:18.2724907Z test_arbitrary_reserve_moving_permutations (test_anchored.Contracts.test_arbitrary_reserve_moving_permutations) ... ok
2026-10-10T15:01:18.3661424Z test_bool_for_int (test_anchored.Contracts.test_bool_for_int) ... ok
2026-10-10T15:01:18.4067914Z test_complete_independent_identity (test_anchored.Contracts.test_complete_independent_identity) ... ok
2026-10-10T15:01:18.4792619Z test_duplicate_primary (test_anchored.Contracts.test_duplicate_primary) ... ok
2026-10-10T15:01:18.4794197Z test_exact_primary_coverage (test_anchored.Contracts.test_exact_primary_coverage) ... ok
2026-10-10T15:01:18.5630242Z test_extra_field (test_anchored.Contracts.test_extra_field) ... ok
2026-10-10T15:01:18.6728305Z test_false_coverage (test_anchored.Contracts.test_false_coverage) ... ok
2026-10-10T15:01:18.7605155Z test_floor_demand_control (test_anchored.Contracts.test_floor_demand_control) ... ok
2026-10-10T15:01:18.7606471Z test_missing_primary (test_anchored.Contracts.test_missing_primary) ... ok
2026-10-10T15:01:18.7608022Z test_multi_donor_without_backbone (test_anchored.Contracts.test_multi_donor_without_backbone) ... ok
2026-10-10T15:01:18.7610222Z test_old_obstructions_retained (test_anchored.Contracts.test_old_obstructions_retained) ... ok
2026-10-10T15:01:18.7612240Z test_original_domination_control (test_anchored.Contracts.test_original_domination_control) ... ok
2026-10-10T15:01:18.8296269Z test_substituted_source (test_anchored.Contracts.test_substituted_source) ... ok
2026-10-10T15:01:18.8297263Z test_upper_cover_control (test_anchored.Contracts.test_upper_cover_control) ... ok
2026-10-10T15:01:18.9434832Z test_wrong_endpoint (test_anchored.Contracts.test_wrong_endpoint) ... ok
2026-10-10T15:01:19.0621653Z test_wrong_hidden_mask (test_anchored.Contracts.test_wrong_hidden_mask) ... ok
2026-10-10T15:01:19.1342777Z test_wrong_reserve (test_anchored.Contracts.test_wrong_reserve) ... ok
2026-10-10T15:01:19.2525633Z test_wrong_script (test_anchored.Contracts.test_wrong_script) ... ok
2026-10-10T15:01:19.3277008Z test_wrong_witness (test_anchored.Contracts.test_wrong_witness) ... ok
2026-10-10T15:01:19.3277771Z 
2026-10-10T15:01:19.3278298Z ----------------------------------------------------------------------
2026-10-10T15:01:19.3279116Z Ran 20 tests in 8.313s
2026-10-10T15:01:19.3279486Z 
2026-10-10T15:01:19.3279649Z OK
2026-10-10T15:01:20.5683401Z {"permutation_cases": 72, "permutation_hidden_slice_checks": 24020, "positive_releases": 5424, "primary_hidden_slice_checks": 143520, "primary_identities": 19584, "primary_release_toggles": 10752, "renewal_cases": 3, "sources": 2448}
2026-10-10T15:01:26.7920126Z {"complete_typed_reconstruction": true, "permutation_cases": 72, "permutation_hidden_slice_checks": 24020, "positive_releases": 5424, "primary_hidden_slice_checks": 143520, "primary_identities": 19584, "primary_release_toggles": 10752, "renewal_cases": 3, "sources": 2448, "status": "PASS"}
2026-10-10T15:01:53.4968263Z test_boolean_integer (test_progress.Contracts.test_boolean_integer) ... ok
2026-10-10T15:01:53.5118616Z test_duplicate_family (test_progress.Contracts.test_duplicate_family) ... ok
2026-10-10T15:01:53.5261899Z test_duplicate_state (test_progress.Contracts.test_duplicate_state) ... ok
2026-10-10T15:01:53.5390265Z test_exact_independent_universe (test_progress.Contracts.test_exact_independent_universe) ... ok
2026-10-10T15:01:53.5514230Z test_extra_field (test_progress.Contracts.test_extra_field) ... ok
2026-10-10T15:01:53.5641265Z test_missing_edge (test_progress.Contracts.test_missing_edge) ... ok
2026-10-10T15:01:53.5763928Z test_missing_family (test_progress.Contracts.test_missing_family) ... ok
2026-10-10T15:01:53.5889265Z test_missing_state (test_progress.Contracts.test_missing_state) ... ok
2026-10-10T15:01:53.6016178Z test_missing_witness (test_progress.Contracts.test_missing_witness) ... ok
2026-10-10T15:01:53.6017498Z test_no_reachable_absent_label (test_progress.Contracts.test_no_reachable_absent_label) ... ok
2026-10-10T15:01:53.6019026Z test_nonisolated_seven_state_component (test_progress.Contracts.test_nonisolated_seven_state_component) ... ok
2026-10-10T15:01:53.6020340Z test_static_reserve_grows (test_progress.Contracts.test_static_reserve_grows) ... ok
2026-10-10T15:01:53.6181603Z test_substituted_edge (test_progress.Contracts.test_substituted_edge) ... ok
2026-10-10T15:01:53.6298904Z test_wrong_capacity (test_progress.Contracts.test_wrong_capacity) ... ok
2026-10-10T15:01:53.6425616Z test_wrong_floor (test_progress.Contracts.test_wrong_floor) ... ok
2026-10-10T15:01:53.6549631Z test_wrong_target (test_progress.Contracts.test_wrong_target) ... ok
2026-10-10T15:01:53.6677483Z test_wrong_witness (test_progress.Contracts.test_wrong_witness) ... ok
2026-10-10T15:01:53.6678053Z 
2026-10-10T15:01:53.6678296Z ----------------------------------------------------------------------
2026-10-10T15:01:53.6678838Z Ran 17 tests in 26.804s
2026-10-10T15:01:53.6679063Z 
2026-10-10T15:01:53.6679185Z OK
2026-10-10T15:01:55.7277325Z test_complete (test_capacity.Contracts.test_complete) ... ok
2026-10-10T15:01:55.7477376Z test_duplicate_core (test_capacity.Contracts.test_duplicate_core) ... ok
2026-10-10T15:01:55.7646822Z test_extra (test_capacity.Contracts.test_extra) ... ok
2026-10-10T15:01:55.7956138Z test_fake_absence (test_capacity.Contracts.test_fake_absence) ... ok
2026-10-10T15:01:55.8260096Z test_fake_witness (test_capacity.Contracts.test_fake_witness) ... ok
2026-10-10T15:01:55.8261540Z test_family_capacity (test_capacity.Contracts.test_family_capacity) ... ok
2026-10-10T15:01:55.8262220Z test_general_domain (test_capacity.Contracts.test_general_domain) ... ok
2026-10-10T15:01:55.8564125Z test_hidden_omission (test_capacity.Contracts.test_hidden_omission) ... ok
2026-10-10T15:01:55.8732295Z test_missing_core (test_capacity.Contracts.test_missing_core) ... ok
2026-10-10T15:01:55.9038704Z test_missing_family (test_capacity.Contracts.test_missing_family) ... ok
2026-10-10T15:01:55.9281604Z test_missing_maximal (test_capacity.Contracts.test_missing_maximal) ... ok
2026-10-10T15:01:55.9583017Z test_missing_toggle (test_capacity.Contracts.test_missing_toggle) ... ok
2026-10-10T15:01:55.9884720Z test_type (test_capacity.Contracts.test_type) ... ok
2026-10-10T15:01:55.9885756Z test_unbounded_pattern (test_capacity.Contracts.test_unbounded_pattern) ... ok
2026-10-10T15:01:56.0225126Z test_upper_forgery (test_capacity.Contracts.test_upper_forgery) ... ok
2026-10-10T15:01:56.0226185Z test_upper_native_control (test_capacity.Contracts.test_upper_native_control) ... ok
2026-10-10T15:01:56.0393068Z test_wrong_capacity (test_capacity.Contracts.test_wrong_capacity) ... ok
2026-10-10T15:01:56.0723630Z test_wrong_counts (test_capacity.Contracts.test_wrong_counts) ... ok
2026-10-10T15:01:56.1029769Z test_wrong_source (test_capacity.Contracts.test_wrong_source) ... ok
2026-10-10T15:01:56.1334288Z test_wrong_target (test_capacity.Contracts.test_wrong_target) ... ok
2026-10-10T15:01:56.1334703Z 
2026-10-10T15:01:56.1334903Z ----------------------------------------------------------------------
2026-10-10T15:01:56.1335369Z Ran 20 tests in 2.197s
2026-10-10T15:01:56.1335557Z 
2026-10-10T15:01:56.1335654Z OK
2026-10-10T15:02:08.2065478Z test_bool_for_int (test_transfer.TransferContracts.test_bool_for_int) ... ok
2026-10-10T15:02:08.2959366Z test_duplicate_case (test_transfer.TransferContracts.test_duplicate_case) ... ok
2026-10-10T15:02:08.2961077Z test_empty_hidden_protected (test_transfer.TransferContracts.test_empty_hidden_protected) ... ok
2026-10-10T15:02:08.4141248Z test_entire_typed_domain (test_transfer.TransferContracts.test_entire_typed_domain) ... ok
2026-10-10T15:02:08.4145612Z test_every_forward_reverse_exact (test_transfer.TransferContracts.test_every_forward_reverse_exact) ... ok
2026-10-10T15:02:08.5218076Z test_extra_field (test_transfer.TransferContracts.test_extra_field) ... ok
2026-10-10T15:02:08.6099469Z test_floor_forged (test_transfer.TransferContracts.test_floor_forged) ... ok
2026-10-10T15:02:08.8116150Z test_forged_control (test_transfer.TransferContracts.test_forged_control) ... ok
2026-10-10T15:02:09.0173910Z test_forged_counts (test_transfer.TransferContracts.test_forged_counts) ... ok
2026-10-10T15:02:09.1208691Z test_hidden_change (test_transfer.TransferContracts.test_hidden_change) ... ok
2026-10-10T15:02:09.2098823Z test_missing_case (test_transfer.TransferContracts.test_missing_case) ... ok
2026-10-10T15:02:09.2983921Z test_missing_hidden (test_transfer.TransferContracts.test_missing_hidden) ... ok
2026-10-10T15:02:09.5116816Z test_missing_isolation (test_transfer.TransferContracts.test_missing_isolation) ... ok
2026-10-10T15:02:09.6005036Z test_missing_partition (test_transfer.TransferContracts.test_missing_partition) ... ok
2026-10-10T15:02:09.8011903Z test_missing_toggle (test_transfer.TransferContracts.test_missing_toggle) ... ok
2026-10-10T15:02:09.8013324Z test_native_rejecting_controls (test_transfer.TransferContracts.test_native_rejecting_controls) ... ok
2026-10-10T15:02:09.8014550Z test_one_block_isolation (test_transfer.TransferContracts.test_one_block_isolation) ... ok
2026-10-10T15:02:09.8882756Z test_private_cleanup_omitted (test_transfer.TransferContracts.test_private_cleanup_omitted) ... ok
2026-10-10T15:02:09.9909422Z test_wrong_donor (test_transfer.TransferContracts.test_wrong_donor) ... ok
2026-10-10T15:02:10.0808464Z test_wrong_hitting (test_transfer.TransferContracts.test_wrong_hitting) ... ok
2026-10-10T15:02:10.1696758Z test_wrong_reserve (test_transfer.TransferContracts.test_wrong_reserve) ... ok
2026-10-10T15:02:10.2576422Z test_wrong_reverse (test_transfer.TransferContracts.test_wrong_reverse) ... ok
2026-10-10T15:02:10.2576905Z 
2026-10-10T15:02:10.2577105Z ----------------------------------------------------------------------
2026-10-10T15:02:10.2577844Z Ran 22 tests in 14.045s
2026-10-10T15:02:10.2578164Z 
2026-10-10T15:02:10.2578372Z OK
2026-10-10T15:02:14.3538335Z test_first_progress_equivalence (test_release.Contracts.test_first_progress_equivalence) ... ok
2026-10-10T15:02:23.0149137Z test_full_independent_reconstruction (test_release.Contracts.test_full_independent_reconstruction) ... ok
2026-10-10T15:02:23.0150440Z test_host_only_endpoint_cost (test_release.Contracts.test_host_only_endpoint_cost) ... ok
2026-10-10T15:02:23.0182512Z test_loan_renewal (test_release.Contracts.test_loan_renewal) ... ok
2026-10-10T15:02:23.0183790Z test_native_capacity_obstruction (test_release.Contracts.test_native_capacity_obstruction) ... ok
2026-10-10T15:02:23.0184778Z test_native_upper_control (test_release.Contracts.test_native_upper_control) ... ok
2026-10-10T15:02:23.3429260Z test_reject_bad_mask (test_release.Contracts.test_reject_bad_mask) ... ok
2026-10-10T15:02:23.6673944Z test_reject_capacity (test_release.Contracts.test_reject_capacity) ... ok
2026-10-10T15:02:24.2985177Z test_reject_extra (test_release.Contracts.test_reject_extra) ... ok
2026-10-10T15:02:24.6247899Z test_reject_first_toggles (test_release.Contracts.test_reject_first_toggles) ... ok
2026-10-10T15:02:25.2704294Z test_reject_loan_cost (test_release.Contracts.test_reject_loan_cost) ... ok
2026-10-10T15:02:25.5918159Z test_reject_loan_mask (test_release.Contracts.test_reject_loan_mask) ... ok
2026-10-10T15:02:26.2556246Z test_reject_loan_slice (test_release.Contracts.test_reject_loan_slice) ... ok
2026-10-10T15:02:26.5779068Z test_reject_loan_tau (test_release.Contracts.test_reject_loan_tau) ... ok
2026-10-10T15:02:26.9063787Z test_reject_missing_loan (test_release.Contracts.test_reject_missing_loan) ... ok
2026-10-10T15:02:27.5490088Z test_reject_missing_mask (test_release.Contracts.test_reject_missing_mask) ... ok
2026-10-10T15:02:27.8778358Z test_reject_missing_source (test_release.Contracts.test_reject_missing_source) ... ok
2026-10-10T15:02:28.5275932Z test_reject_provenance (test_release.Contracts.test_reject_provenance) ... ok
2026-10-10T15:02:28.8485271Z test_reject_release_value (test_release.Contracts.test_reject_release_value) ... ok
2026-10-10T15:02:29.1684193Z test_reject_release_witness (test_release.Contracts.test_reject_release_witness) ... ok
2026-10-10T15:02:29.8122348Z test_reject_source_core (test_release.Contracts.test_reject_source_core) ... ok
2026-10-10T15:02:30.1412093Z test_reject_source_tau (test_release.Contracts.test_reject_source_tau) ... ok
2026-10-10T15:02:30.4634352Z test_reject_strict_pair (test_release.Contracts.test_reject_strict_pair) ... ok
2026-10-10T15:02:31.0974046Z test_reject_type (test_release.Contracts.test_reject_type) ... ok
2026-10-10T15:02:31.4189425Z test_reject_upper (test_release.Contracts.test_reject_upper) ... ok
2026-10-10T15:02:31.4226614Z test_release_criterion (test_release.Contracts.test_release_criterion) ... ok
2026-10-10T15:02:31.4227280Z 
2026-10-10T15:02:31.4227884Z ----------------------------------------------------------------------
2026-10-10T15:02:31.4228617Z Ran 26 tests in 21.049s
2026-10-10T15:02:31.4228797Z 
2026-10-10T15:02:31.4228901Z OK
2026-10-10T15:02:34.5396242Z test_complete_independent_reconstruction (test_footprint.Contracts.test_complete_independent_reconstruction) ... ok
2026-10-10T15:02:34.5397654Z test_cross_role_hidden_witness (test_footprint.Contracts.test_cross_role_hidden_witness) ... ok
2026-10-10T15:02:34.5398719Z test_declared_universe (test_footprint.Contracts.test_declared_universe) ... ok
2026-10-10T15:02:34.5400037Z test_premature_deletion (test_footprint.Contracts.test_premature_deletion) ... ok
2026-10-10T15:02:34.7083532Z test_reject_boolean_type (test_footprint.Contracts.test_reject_boolean_type) ... ok
2026-10-10T15:02:34.7893275Z test_reject_classification (test_footprint.Contracts.test_reject_classification) ... ok
2026-10-10T15:02:34.8699770Z test_reject_conditions (test_footprint.Contracts.test_reject_conditions) ... ok
2026-10-10T15:02:35.0364484Z test_reject_deadlock (test_footprint.Contracts.test_reject_deadlock) ... ok
2026-10-10T15:02:35.1207405Z test_reject_duplicate_row (test_footprint.Contracts.test_reject_duplicate_row) ... ok
2026-10-10T15:02:35.2014067Z test_reject_floor (test_footprint.Contracts.test_reject_floor) ... ok
2026-10-10T15:02:35.3633541Z test_reject_missing_fixture (test_footprint.Contracts.test_reject_missing_fixture) ... ok
2026-10-10T15:02:35.4467396Z test_reject_missing_row (test_footprint.Contracts.test_reject_missing_row) ... ok
2026-10-10T15:02:35.5274708Z test_reject_path (test_footprint.Contracts.test_reject_path) ... ok
2026-10-10T15:02:35.7006735Z test_reject_protected_mask (test_footprint.Contracts.test_reject_protected_mask) ... ok
2026-10-10T15:02:35.7834303Z test_reject_provenance (test_footprint.Contracts.test_reject_provenance) ... ok
2026-10-10T15:02:35.9497567Z test_reject_source_core (test_footprint.Contracts.test_reject_source_core) ... ok
2026-10-10T15:02:36.0369528Z test_reject_tau (test_footprint.Contracts.test_reject_tau) ... ok
2026-10-10T15:02:36.1219848Z test_reject_unknown_field (test_footprint.Contracts.test_reject_unknown_field) ... ok
2026-10-10T15:02:36.2868096Z test_reject_upper (test_footprint.Contracts.test_reject_upper) ... ok
2026-10-10T15:02:36.3681657Z test_reject_violations (test_footprint.Contracts.test_reject_violations) ... ok
2026-10-10T15:02:36.3682905Z test_sharp_exchange (test_footprint.Contracts.test_sharp_exchange) ... ok
2026-10-10T15:02:36.3683950Z test_upper_control (test_footprint.Contracts.test_upper_control) ... ok
2026-10-10T15:02:36.3684580Z 
2026-10-10T15:02:36.3684893Z ----------------------------------------------------------------------
2026-10-10T15:02:36.3685608Z Ran 22 tests in 3.889s
2026-10-10T15:02:36.3685898Z 
2026-10-10T15:02:36.3686059Z OK
2026-10-10T15:02:36.9584805Z test_all_categories (test_fixed_family.Contracts.test_all_categories) ... ok
2026-10-10T15:02:37.4341282Z test_category (test_fixed_family.Contracts.test_category) ... ok
2026-10-10T15:02:37.5932901Z test_complement_tau (test_fixed_family.Contracts.test_complement_tau) ... ok
2026-10-10T15:02:37.6360182Z test_complete (test_fixed_family.Contracts.test_complete) ... ok
2026-10-10T15:02:37.8000240Z test_core_intersection (test_fixed_family.Contracts.test_core_intersection) ... ok
2026-10-10T15:02:37.9574503Z test_duplicate_completion (test_fixed_family.Contracts.test_duplicate_completion) ... ok
2026-10-10T15:02:38.1244964Z test_duplicate_state (test_fixed_family.Contracts.test_duplicate_state) ... ok
2026-10-10T15:02:38.2825056Z test_false_floor_extension (test_fixed_family.Contracts.test_false_floor_extension) ... ok
2026-10-10T15:02:38.4546716Z test_false_hidden_control (test_fixed_family.Contracts.test_false_hidden_control) ... ok
2026-10-10T15:02:38.6142197Z test_false_native_access (test_fixed_family.Contracts.test_false_native_access) ... ok
2026-10-10T15:02:38.7752082Z test_false_retarget (test_fixed_family.Contracts.test_false_retarget) ... ok
2026-10-10T15:02:38.9393879Z test_floor (test_fixed_family.Contracts.test_floor) ... ok
2026-10-10T15:02:38.9488350Z test_full_partition (test_fixed_family.Contracts.test_full_partition) ... ok
2026-10-10T15:02:39.1087452Z test_missing_completion (test_fixed_family.Contracts.test_missing_completion) ... ok
2026-10-10T15:02:39.2735436Z test_missing_false_member (test_fixed_family.Contracts.test_missing_false_member) ... ok
2026-10-10T15:02:39.4340116Z test_missing_fiber (test_fixed_family.Contracts.test_missing_fiber) ... ok
2026-10-10T15:02:39.6027556Z test_missing_state (test_fixed_family.Contracts.test_missing_state) ... ok
2026-10-10T15:02:39.7656614Z test_preparation (test_fixed_family.Contracts.test_preparation) ... ok
2026-10-10T15:02:39.9259309Z test_protected (test_fixed_family.Contracts.test_protected) ... ok
2026-10-10T15:02:40.0945730Z test_scope (test_fixed_family.Contracts.test_scope) ... ok
2026-10-10T15:02:40.0965780Z test_sharp_preparation (test_fixed_family.Contracts.test_sharp_preparation) ... ok
2026-10-10T15:02:40.2566414Z test_state (test_fixed_family.Contracts.test_state) ... ok
2026-10-10T15:02:40.4262062Z test_substitute_fiber (test_fixed_family.Contracts.test_substitute_fiber) ... ok
2026-10-10T15:02:40.5911954Z test_substituted_truth (test_fixed_family.Contracts.test_substituted_truth) ... ok
2026-10-10T15:02:40.7610451Z test_tau (test_fixed_family.Contracts.test_tau) ... ok
2026-10-10T15:02:40.9192032Z test_type (test_fixed_family.Contracts.test_type) ... ok
2026-10-10T15:02:41.0795988Z test_witness_protected (test_fixed_family.Contracts.test_witness_protected) ... ok
2026-10-10T15:02:41.2472867Z test_witness_tau (test_fixed_family.Contracts.test_witness_tau) ... ok
2026-10-10T15:02:41.2473391Z 
2026-10-10T15:02:41.2473619Z ----------------------------------------------------------------------
2026-10-10T15:02:41.2474124Z Ran 28 tests in 4.582s
2026-10-10T15:02:41.2474346Z 
2026-10-10T15:02:41.2474462Z OK
2026-10-10T15:02:42.4575623Z {"permutation_cases": 72, "permutation_hidden_slice_checks": 24020, "positive_releases": 5424, "primary_hidden_slice_checks": 143520, "primary_identities": 19584, "primary_release_toggles": 10752, "renewal_cases": 3, "sources": 2448}
2026-10-10T15:02:42.5005162Z ##[group]Run actions/upload-artifact@v4
2026-10-10T15:02:42.5005461Z with:
2026-10-10T15:02:42.5005674Z   name: c3-anchored-release-verification
2026-10-10T15:02:42.5005960Z   path: evidence/
2026-10-10T15:02:42.5006164Z   if-no-files-found: warn
2026-10-10T15:02:42.5006397Z   compression-level: 6
2026-10-10T15:02:42.5006610Z   overwrite: false
2026-10-10T15:02:42.5006821Z   include-hidden-files: false
2026-10-10T15:02:42.5007056Z ##[endgroup]
2026-10-10T15:02:42.6674621Z (node:2372) [DEP0040] DeprecationWarning: The `punycode` module is deprecated. Please use a userland alternative instead.
2026-10-10T15:02:42.6675334Z (Use `node --trace-deprecation ...` to show where the warning was created)
2026-10-10T15:02:42.6763804Z With the provided path, there will be 18 files uploaded
2026-10-10T15:02:42.6771694Z Artifact name is valid!
2026-10-10T15:02:42.6772496Z Root directory input is valid!
2026-10-10T15:02:43.2527519Z Beginning upload of artifact content to blob storage
2026-10-10T15:02:43.3061456Z (node:2372) [DEP0169] DeprecationWarning: `url.parse()` behavior is not standardized and prone to errors that have security implications. Use the WHATWG URL API instead. CVEs are not issued for `url.parse()` vulnerabilities.
2026-10-10T15:02:43.5560797Z Uploaded bytes 99833
2026-10-10T15:02:43.6014157Z Finished uploading artifact content to blob storage!
2026-10-10T15:02:43.6015423Z SHA256 digest of uploaded artifact zip is 2a80ebd586341a9800a302b6896df6c3fa9c9b524d3f9cdcde9efe81cedea853
2026-10-10T15:02:43.6017555Z Finalizing artifact upload
2026-10-10T15:02:43.8554353Z Artifact c3-anchored-release-verification.zip successfully finalized. Artifact ID 11672948227
2026-10-10T15:02:43.8555613Z Artifact c3-anchored-release-verification has been successfully uploaded! Final size is 99833 bytes. Artifact ID is 11672948227
2026-10-10T15:02:43.8561667Z Artifact download URL: https://github.com/proteinfoldingengine/WetLabEngine/actions/runs/38061911959/artifacts/11672948227
2026-10-10T15:02:43.8772870Z Post job cleanup.
2026-10-10T15:02:43.9647625Z [command]/usr/bin/git version
2026-10-10T15:02:43.9693405Z git version 2.55.0
2026-10-10T15:02:43.9738287Z Temporarily overriding HOME='/home/runner/work/_temp/82de516b-450a-4f0c-a677-706b1343871f' before making global git config changes
2026-10-10T15:02:43.9739613Z Adding repository directory to the temporary git global config as a safe directory
2026-10-10T15:02:43.9744990Z [command]/usr/bin/git config --global --add safe.directory /home/runner/work/WetLabEngine/WetLabEngine/research_snapshot
2026-10-10T15:02:43.9785529Z [command]/usr/bin/git config --local --name-only --get-regexp core\.sshCommand
2026-10-10T15:02:43.9819554Z [command]/usr/bin/git submodule foreach --recursive sh -c "git config --local --name-only --get-regexp 'core\.sshCommand' && git config --local --unset-all 'core.sshCommand' || :"
2026-10-10T15:02:44.0097565Z [command]/usr/bin/git config --local --name-only --get-regexp http\.https\:\/\/github\.com\/\.extraheader
2026-10-10T15:02:44.0134383Z [command]/usr/bin/git submodule foreach --recursive sh -c "git config --local --name-only --get-regexp 'http\.https\:\/\/github\.com\/\.extraheader' && git config --local --unset-all 'http.https://github.com/.extraheader' || :"
2026-10-10T15:02:44.0411825Z [command]/usr/bin/git config --local --name-only --get-regexp ^includeIf\.gitdir:
2026-10-10T15:02:44.0452835Z [command]/usr/bin/git submodule foreach --recursive git config --local --show-origin --name-only --get-regexp remote.origin.url
2026-10-10T15:02:44.0856293Z Cleaning up orphan processes
2026-10-10T15:02:44.1164647Z ##[warning]Node.js 20 is deprecated. The following actions target Node.js 20 but are being forced to run on Node.js 24: actions/checkout@v4, actions/upload-artifact@v4. For more information see: https://github.blog/changelog/2025-09-19-deprecation-of-node-20-on-github-actions-runners/
