test_admissible (test_autonomy.Contracts.test_admissible) ... ok
test_admission_application (test_autonomy.Contracts.test_admission_application) ... ok
test_admit_nonuniform (test_autonomy.Contracts.test_admit_nonuniform) ... ok
test_all_commit_not_noop_only (test_autonomy.Contracts.test_all_commit_not_noop_only) ... ok
test_complete (test_autonomy.Contracts.test_complete) ... ok
test_constant_scratch (test_autonomy.Contracts.test_constant_scratch) ... ok
test_duplicate_guarded_edge (test_autonomy.Contracts.test_duplicate_guarded_edge) ... ok
test_duplicate_pair_edge (test_autonomy.Contracts.test_duplicate_pair_edge) ... ok
test_duplicate_state (test_autonomy.Contracts.test_duplicate_state) ... ok
test_false_distribution_claim (test_autonomy.Contracts.test_false_distribution_claim) ... ok
test_false_nonuniform (test_autonomy.Contracts.test_false_nonuniform) ... ok
test_false_noop_dependency (test_autonomy.Contracts.test_false_noop_dependency) ... ok
test_false_universal_observer (test_autonomy.Contracts.test_false_universal_observer) ... ok
test_floor (test_autonomy.Contracts.test_floor) ... ok
test_missing_guarded_edge (test_autonomy.Contracts.test_missing_guarded_edge) ... ok
test_missing_nonuniform (test_autonomy.Contracts.test_missing_nonuniform) ... ok
test_missing_pair (test_autonomy.Contracts.test_missing_pair) ... ok
test_missing_pair_edge (test_autonomy.Contracts.test_missing_pair_edge) ... ok
test_missing_pair_node (test_autonomy.Contracts.test_missing_pair_node) ... ok
test_missing_state (test_autonomy.Contracts.test_missing_state) ... ok
test_nonuniform_guard_boundary (test_autonomy.Contracts.test_nonuniform_guard_boundary) ... ok
test_provenance (test_autonomy.Contracts.test_provenance) ... ok
test_substituted_pair (test_autonomy.Contracts.test_substituted_pair) ... ok
test_support (test_autonomy.Contracts.test_support) ... ok
test_tau (test_autonomy.Contracts.test_tau) ... ok
test_type (test_autonomy.Contracts.test_type) ... ok
test_wrong_core_effect (test_autonomy.Contracts.test_wrong_core_effect) ... ok
test_wrong_resolution_mask (test_autonomy.Contracts.test_wrong_resolution_mask) ... ok

----------------------------------------------------------------------
Ran 28 tests in 0.320s

OK
