test_analytic_pair (test_transfer.Contracts.test_analytic_pair) ... ok
test_complete (test_transfer.Contracts.test_complete) ... ok
test_duplicate_fiber (test_transfer.Contracts.test_duplicate_fiber) ... ok
test_duplicate_source (test_transfer.Contracts.test_duplicate_source) ... ok
test_false_access (test_transfer.Contracts.test_false_access) ... ok
test_false_fiber_record (test_transfer.Contracts.test_false_fiber_record) ... ok
test_false_minimal_bits (test_transfer.Contracts.test_false_minimal_bits) ... ok
test_false_mixed (test_transfer.Contracts.test_false_mixed) ... ok
test_false_order (test_transfer.Contracts.test_false_order) ... ok
test_false_scope (test_transfer.Contracts.test_false_scope) ... ok
test_fibers (test_transfer.Contracts.test_fibers) ... ok
test_identity (test_transfer.Contracts.test_identity) ... ok
test_missing_fiber1 (test_transfer.Contracts.test_missing_fiber1) ... ok
test_missing_fiber2 (test_transfer.Contracts.test_missing_fiber2) ... ok
test_missing_member (test_transfer.Contracts.test_missing_member) ... ok
test_missing_query (test_transfer.Contracts.test_missing_query) ... ok
test_missing_source (test_transfer.Contracts.test_missing_source) ... ok
test_substituted_member (test_transfer.Contracts.test_substituted_member) ... ok
test_type (test_transfer.Contracts.test_type) ... ok
test_wrong_admission (test_transfer.Contracts.test_wrong_admission) ... ok
test_wrong_decode (test_transfer.Contracts.test_wrong_decode) ... ok
test_wrong_outside (test_transfer.Contracts.test_wrong_outside) ... ok
test_wrong_pair (test_transfer.Contracts.test_wrong_pair) ... ok
test_wrong_protected (test_transfer.Contracts.test_wrong_protected) ... ok
test_wrong_singleton (test_transfer.Contracts.test_wrong_singleton) ... ok
test_wrong_state (test_transfer.Contracts.test_wrong_state) ... ok
test_wrong_tau (test_transfer.Contracts.test_wrong_tau) ... ok
test_wrong_witness (test_transfer.Contracts.test_wrong_witness) ... ok

----------------------------------------------------------------------
Ran 28 tests in 3.622s

OK
