test_campaign_not_control (__main__.Corpus.test_campaign_not_control) ... ok
test_claimed_failure (__main__.Corpus.test_claimed_failure) ... ok
test_duplicate_full_case (__main__.Corpus.test_duplicate_full_case) ... ok
test_extra_record_field (__main__.Corpus.test_extra_record_field) ... ok
test_false_schema (__main__.Corpus.test_false_schema) ... ok
test_omitted_full_case (__main__.Corpus.test_omitted_full_case) ... ok
test_substituted_full_case (__main__.Corpus.test_substituted_full_case) ... ok
test_valid_full_corpus (__main__.Corpus.test_valid_full_corpus) ... ok
test_wrong_palette_identity (__main__.Corpus.test_wrong_palette_identity) ... ok
test_wrong_start (__main__.Corpus.test_wrong_start) ... ok
test_wrong_target (__main__.Corpus.test_wrong_target) ... ok
test_wrong_width (__main__.Corpus.test_wrong_width) ... ok
test_construction_failure_retained (__main__.FailureHandling.test_construction_failure_retained) ... ok
test_execution_failure_outcome (__main__.FailureHandling.test_execution_failure_outcome) ... ok
test_scientific_failure_outcome (__main__.FailureHandling.test_scientific_failure_outcome) ... ok
test_start_failure_retained (__main__.FailureHandling.test_start_failure_retained) ... ok
test_attached_contraction (__main__.Gate.test_attached_contraction) ... ok
test_bad_representation (__main__.Gate.test_bad_representation) ... ok
test_empty_support (__main__.Gate.test_empty_support) ... ok
test_independent_case_universe (__main__.Gate.test_independent_case_universe) ... ok
test_independent_model (__main__.Gate.test_independent_model) ... ok
test_invalid_profile (__main__.Gate.test_invalid_profile) ... ok
test_leaf_fixed_root (__main__.Gate.test_leaf_fixed_root) ... ok
test_local_hole_with_other_child_occupied (__main__.Gate.test_local_hole_with_other_child_occupied) ... ok
test_mixed_binary_parent (__main__.Gate.test_mixed_binary_parent) ... ok
test_nested_ternary (__main__.Gate.test_nested_ternary) ... ok
test_nonprimitive (__main__.Gate.test_nonprimitive) ... ok
test_ordered_equivariance (__main__.Gate.test_ordered_equivariance) ... ok
test_root_and_nested_ternary_stacking (__main__.Gate.test_root_and_nested_ternary_stacking) ... ok
test_root_changed (__main__.Gate.test_root_changed) ... ok
test_scope_rejected (__main__.Gate.test_scope_rejected) ... ok
test_shape_profile_counts (__main__.Gate.test_shape_profile_counts) ... ok
test_small_palette (__main__.Gate.test_small_palette) ... ok
test_spare_palette (__main__.Gate.test_spare_palette) ... ok
test_target_one_nested (__main__.Gate.test_target_one_nested) ... ok
test_target_three_nested (__main__.Gate.test_target_three_nested) ... ok
test_two_ternary_children_stacking (__main__.Gate.test_two_ternary_children_stacking) ... ok
test_unnested_support (__main__.Gate.test_unnested_support) ... ok
test_whole_palette_child_induced_order (__main__.Gate.test_whole_palette_child_induced_order) ... ok
test_width_minimality (__main__.Gate.test_width_minimality) ... ok
test_wrong_endpoint (__main__.Gate.test_wrong_endpoint) ... ok

----------------------------------------------------------------------
Ran 41 tests in 49.555s

OK
