2026-10-01T03:53:47.0622347Z Current runner version: '2.337.0'
2026-10-01T03:53:47.0647621Z ##[group]Runner Image Provisioner
2026-10-01T03:53:47.0648611Z Hosted Compute Agent
2026-10-01T03:53:47.0649183Z Version: 20260828.587
2026-10-01T03:53:47.0649818Z Commit: abac92662cab4cc7352de4f9f9d2e2419aad9c29
2026-10-01T03:53:47.0650562Z Build Date: 2026-08-28T16:44:25Z
2026-10-01T03:53:47.0651214Z Worker ID: {fc5dc27a-4904-4f1e-b336-099826b9d606}
2026-10-01T03:53:47.0651927Z Azure Region: northcentralus
2026-10-01T03:53:47.0652516Z ##[endgroup]
2026-10-01T03:53:47.0653765Z ##[group]Operating System
2026-10-01T03:53:47.0654438Z Ubuntu
2026-10-01T03:53:47.0655020Z 24.04.5
2026-10-01T03:53:47.0655594Z LTS
2026-10-01T03:53:47.0656275Z ##[endgroup]
2026-10-01T03:53:47.0656808Z ##[group]Runner Image
2026-10-01T03:53:47.0657440Z Image: ubuntu-24.04
2026-10-01T03:53:47.0657983Z Version: 20260920.314.1
2026-10-01T03:53:47.0659219Z Included Software: https://github.com/actions/runner-images/blob/ubuntu24/20260920.314/images/ubuntu/Ubuntu2404-Readme.md
2026-10-01T03:53:47.0660603Z Image Release: https://github.com/actions/runner-images/releases/tag/ubuntu24%2F20260920.314
2026-10-01T03:53:47.0661939Z ##[endgroup]
2026-10-01T03:53:47.0662998Z ##[group]GITHUB_TOKEN Permissions
2026-10-01T03:53:47.0665213Z Contents: read
2026-10-01T03:53:47.0665772Z Metadata: read
2026-10-01T03:53:47.0666503Z ##[endgroup]
2026-10-01T03:53:47.0668541Z Secret source: Actions
2026-10-01T03:53:47.0669452Z Cache mode: write
2026-10-01T03:53:47.0670116Z Prepare workflow directory
2026-10-01T03:53:47.0998138Z Prepare all required actions
2026-10-01T03:53:47.1048906Z Getting action download info
2026-10-01T03:53:47.3823165Z Download action repository 'actions/checkout@11d5960a326750d5838078e36cf38b85af677262' (SHA:11d5960a326750d5838078e36cf38b85af677262)
2026-10-01T03:53:47.4771690Z Download action repository 'actions/setup-python@a26af69be951a213d495a4c3e4e4022e16d87065' (SHA:a26af69be951a213d495a4c3e4e4022e16d87065)
2026-10-01T03:53:47.5880471Z Download action repository 'actions/upload-artifact@ea165f8d65b6e75b540449e92b4886f43607fa02' (SHA:ea165f8d65b6e75b540449e92b4886f43607fa02)
2026-10-01T03:53:47.8396068Z Complete job name: publication
2026-10-01T03:53:47.9098670Z ##[group]Run actions/checkout@11d5960a326750d5838078e36cf38b85af677262
2026-10-01T03:53:47.9099642Z with:
2026-10-01T03:53:47.9100110Z   fetch-depth: 64
2026-10-01T03:53:47.9100760Z   repository: proteinfoldingengine/WetLabEngine
2026-10-01T03:53:47.9104630Z   token: ***
2026-10-01T03:53:47.9105176Z   ssh-strict: true
2026-10-01T03:53:47.9105787Z   ssh-user: git
2026-10-01T03:53:47.9106554Z   persist-credentials: true
2026-10-01T03:53:47.9107194Z   clean: true
2026-10-01T03:53:47.9107725Z   sparse-checkout-cone-mode: true
2026-10-01T03:53:47.9108320Z   fetch-tags: false
2026-10-01T03:53:47.9108854Z   show-progress: true
2026-10-01T03:53:47.9109363Z   lfs: false
2026-10-01T03:53:47.9109892Z   submodules: false
2026-10-01T03:53:47.9110438Z   set-safe-directory: true
2026-10-01T03:53:47.9111027Z   allow-unsafe-pr-checkout: false
2026-10-01T03:53:47.9111818Z ##[endgroup]
2026-10-01T03:53:48.0136536Z Syncing repository: proteinfoldingengine/WetLabEngine
2026-10-01T03:53:48.0139721Z ##[group]Getting Git version info
2026-10-01T03:53:48.0141092Z Working directory is '/home/runner/work/WetLabEngine/WetLabEngine'
2026-10-01T03:53:48.0142837Z [command]/usr/bin/git version
2026-10-01T03:53:48.0161209Z git version 2.55.0
2026-10-01T03:53:48.0186420Z ##[endgroup]
2026-10-01T03:53:48.0199005Z Temporarily overriding HOME='/home/runner/work/_temp/e2d3987c-2bb4-4ae9-86aa-ecfc2fe06af9' before making global git config changes
2026-10-01T03:53:48.0201218Z Adding repository directory to the temporary git global config as a safe directory
2026-10-01T03:53:48.0204552Z [command]/usr/bin/git config --global --add safe.directory /home/runner/work/WetLabEngine/WetLabEngine
2026-10-01T03:53:48.0263932Z Deleting the contents of '/home/runner/work/WetLabEngine/WetLabEngine'
2026-10-01T03:53:48.0268386Z ##[group]Initializing the repository
2026-10-01T03:53:48.0271962Z [command]/usr/bin/git init /home/runner/work/WetLabEngine/WetLabEngine
2026-10-01T03:53:48.0436905Z hint: Using 'master' as the name for the initial branch. This default branch name
2026-10-01T03:53:48.0439495Z hint: will change to "main" in Git 3.0. To configure the initial branch name
2026-10-01T03:53:48.0440688Z hint: to use in all of your new repositories, which will suppress this warning,
2026-10-01T03:53:48.0441497Z hint: call:
2026-10-01T03:53:48.0442046Z hint:
2026-10-01T03:53:48.0442658Z hint: 	git config --global init.defaultBranch <name>
2026-10-01T03:53:48.0443484Z hint:
2026-10-01T03:53:48.0444248Z hint: Names commonly chosen instead of 'master' are 'main', 'trunk' and
2026-10-01T03:53:48.0445254Z hint: 'development'. The just-created branch can be renamed via this command:
2026-10-01T03:53:48.0446291Z hint:
2026-10-01T03:53:48.0446825Z hint: 	git branch -m <name>
2026-10-01T03:53:48.0447409Z hint:
2026-10-01T03:53:48.0448108Z hint: Disable this message with "git config set advice.defaultBranchName false"
2026-10-01T03:53:48.0449216Z Initialized empty Git repository in /home/runner/work/WetLabEngine/WetLabEngine/.git/
2026-10-01T03:53:48.0464028Z [command]/usr/bin/git remote add origin https://github.com/proteinfoldingengine/WetLabEngine
2026-10-01T03:53:48.0516854Z ##[endgroup]
2026-10-01T03:53:48.0518189Z ##[group]Disabling automatic garbage collection
2026-10-01T03:53:48.0521120Z [command]/usr/bin/git config --local gc.auto 0
2026-10-01T03:53:48.0556858Z ##[endgroup]
2026-10-01T03:53:48.0558019Z ##[group]Setting up auth
2026-10-01T03:53:48.0565005Z [command]/usr/bin/git config --local --name-only --get-regexp core\.sshCommand
2026-10-01T03:53:48.0598947Z [command]/usr/bin/git submodule foreach --recursive sh -c "git config --local --name-only --get-regexp 'core\.sshCommand' && git config --local --unset-all 'core.sshCommand' || :"
2026-10-01T03:53:48.1027316Z [command]/usr/bin/git config --local --name-only --get-regexp http\.https\:\/\/github\.com\/\.extraheader
2026-10-01T03:53:48.1078915Z [command]/usr/bin/git submodule foreach --recursive sh -c "git config --local --name-only --get-regexp 'http\.https\:\/\/github\.com\/\.extraheader' && git config --local --unset-all 'http.https://github.com/.extraheader' || :"
2026-10-01T03:53:48.1313396Z [command]/usr/bin/git config --local --name-only --get-regexp ^includeIf\.gitdir:
2026-10-01T03:53:48.1352112Z [command]/usr/bin/git submodule foreach --recursive git config --local --show-origin --name-only --get-regexp remote.origin.url
2026-10-01T03:53:48.1555157Z [command]/usr/bin/git config --local http.https://github.com/.extraheader AUTHORIZATION: basic ***
2026-10-01T03:53:48.1597269Z ##[endgroup]
2026-10-01T03:53:48.1598429Z ##[group]Fetching the repository
2026-10-01T03:53:48.1607527Z [command]/usr/bin/git -c protocol.version=2 fetch --no-tags --prune --no-recurse-submodules --depth=64 origin +43cf7e4ebf2cce3f0b59222cb7cdecdcfe20a5b2:refs/remotes/origin/research/v16.46-nested-chain-repair
2026-10-01T03:54:22.5569419Z From https://github.com/proteinfoldingengine/WetLabEngine
2026-10-01T03:54:22.5577031Z  * [new ref]         43cf7e4ebf2cce3f0b59222cb7cdecdcfe20a5b2 -> origin/research/v16.46-nested-chain-repair
2026-10-01T03:54:22.5581661Z ##[endgroup]
2026-10-01T03:54:22.5582730Z ##[group]Determining the checkout info
2026-10-01T03:54:22.5583637Z ##[endgroup]
2026-10-01T03:54:22.5584190Z [command]/usr/bin/git sparse-checkout disable
2026-10-01T03:54:22.5640832Z [command]/usr/bin/git config --local --unset-all extensions.worktreeConfig
2026-10-01T03:54:22.5678336Z ##[group]Checking out the ref
2026-10-01T03:54:22.5683955Z [command]/usr/bin/git checkout --progress --force -B research/v16.46-nested-chain-repair refs/remotes/origin/research/v16.46-nested-chain-repair
2026-10-01T03:54:23.6492244Z Updating files:  42% (2814/6549)
2026-10-01T03:54:23.8472265Z Updating files:  43% (2817/6549)
2026-10-01T03:54:24.0484076Z Updating files:  44% (2882/6549)
2026-10-01T03:54:24.3320358Z Updating files:  45% (2948/6549)
2026-10-01T03:54:24.5823810Z Updating files:  46% (3013/6549)
2026-10-01T03:54:24.8967382Z Updating files:  47% (3079/6549)
2026-10-01T03:54:25.1942197Z Updating files:  48% (3144/6549)
2026-10-01T03:54:25.5835017Z Updating files:  49% (3210/6549)
2026-10-01T03:54:25.7511660Z Updating files:  49% (3262/6549)
2026-10-01T03:54:26.0139087Z Updating files:  50% (3275/6549)
2026-10-01T03:54:26.0179986Z Updating files:  51% (3340/6549)
2026-10-01T03:54:26.0216948Z Updating files:  52% (3406/6549)
2026-10-01T03:54:26.0253686Z Updating files:  53% (3471/6549)
2026-10-01T03:54:26.2816417Z Updating files:  54% (3537/6549)
2026-10-01T03:54:26.4794145Z Updating files:  55% (3602/6549)
2026-10-01T03:54:26.4879357Z Updating files:  56% (3668/6549)
2026-10-01T03:54:26.5083483Z Updating files:  57% (3733/6549)
2026-10-01T03:54:26.5254163Z Updating files:  58% (3799/6549)
2026-10-01T03:54:26.5826342Z Updating files:  59% (3864/6549)
2026-10-01T03:54:26.7851700Z Updating files:  59% (3893/6549)
2026-10-01T03:54:26.7891613Z Updating files:  60% (3930/6549)
2026-10-01T03:54:26.7945333Z Updating files:  61% (3995/6549)
2026-10-01T03:54:26.7971521Z Updating files:  62% (4061/6549)
2026-10-01T03:54:26.8014120Z Updating files:  63% (4126/6549)
2026-10-01T03:54:26.8935473Z Updating files:  64% (4192/6549)
2026-10-01T03:54:26.8959622Z Updating files:  65% (4257/6549)
2026-10-01T03:54:26.8979455Z Updating files:  66% (4323/6549)
2026-10-01T03:54:26.9156986Z Updating files:  67% (4388/6549)
2026-10-01T03:54:26.9334832Z Updating files:  68% (4454/6549)
2026-10-01T03:54:26.9529887Z Updating files:  69% (4519/6549)
2026-10-01T03:54:26.9556084Z Updating files:  70% (4585/6549)
2026-10-01T03:54:27.0060902Z Updating files:  71% (4650/6549)
2026-10-01T03:54:27.2125024Z Updating files:  72% (4716/6549)
2026-10-01T03:54:27.3964622Z Updating files:  73% (4781/6549)
2026-10-01T03:54:27.5858903Z Updating files:  74% (4847/6549)
2026-10-01T03:54:27.5911711Z Updating files:  74% (4908/6549)
2026-10-01T03:54:27.7828100Z Updating files:  75% (4912/6549)
2026-10-01T03:54:27.8611502Z Updating files:  76% (4978/6549)
2026-10-01T03:54:27.9277109Z Updating files:  77% (5043/6549)
2026-10-01T03:54:27.9379100Z Updating files:  78% (5109/6549)
2026-10-01T03:54:27.9974834Z Updating files:  79% (5174/6549)
2026-10-01T03:54:28.0003263Z Updating files:  80% (5240/6549)
2026-10-01T03:54:28.0037374Z Updating files:  81% (5305/6549)
2026-10-01T03:54:28.0068193Z Updating files:  82% (5371/6549)
2026-10-01T03:54:28.0105194Z Updating files:  83% (5436/6549)
2026-10-01T03:54:28.0154547Z Updating files:  84% (5502/6549)
2026-10-01T03:54:28.0185645Z Updating files:  85% (5567/6549)
2026-10-01T03:54:28.0298877Z Updating files:  86% (5633/6549)
2026-10-01T03:54:28.1143228Z Updating files:  87% (5698/6549)
2026-10-01T03:54:28.4942580Z Updating files:  88% (5764/6549)
2026-10-01T03:54:28.5327984Z Updating files:  89% (5829/6549)
2026-10-01T03:54:28.5647773Z Updating files:  90% (5895/6549)
2026-10-01T03:54:28.5787737Z Updating files:  91% (5960/6549)
2026-10-01T03:54:28.6021248Z Updating files:  91% (6002/6549)
2026-10-01T03:54:28.6601987Z Updating files:  92% (6026/6549)
2026-10-01T03:54:28.6794304Z Updating files:  93% (6091/6549)
2026-10-01T03:54:28.6835156Z Updating files:  94% (6157/6549)
2026-10-01T03:54:28.6938235Z Updating files:  95% (6222/6549)
2026-10-01T03:54:28.6991791Z Updating files:  96% (6288/6549)
2026-10-01T03:54:28.7154088Z Updating files:  97% (6353/6549)
2026-10-01T03:54:28.7336318Z Updating files:  98% (6419/6549)
2026-10-01T03:54:28.7661515Z Updating files:  99% (6484/6549)
2026-10-01T03:54:28.7662292Z Updating files: 100% (6549/6549)
2026-10-01T03:54:28.7663382Z Updating files: 100% (6549/6549), done.
2026-10-01T03:54:28.9994075Z Switched to a new branch 'research/v16.46-nested-chain-repair'
2026-10-01T03:54:29.0420157Z branch 'research/v16.46-nested-chain-repair' set up to track 'origin/research/v16.46-nested-chain-repair'.
2026-10-01T03:54:29.0522906Z ##[endgroup]
2026-10-01T03:54:29.0961408Z [command]/usr/bin/git log -1 --format=%H
2026-10-01T03:54:29.0989919Z 43cf7e4ebf2cce3f0b59222cb7cdecdcfe20a5b2
2026-10-01T03:54:29.1240445Z ##[group]Run actions/setup-python@a26af69be951a213d495a4c3e4e4022e16d87065
2026-10-01T03:54:29.1240922Z with:
2026-10-01T03:54:29.1241259Z   python-version: 3.11
2026-10-01T03:54:29.1241581Z   check-latest: false
2026-10-01T03:54:29.1243810Z   token: ***
2026-10-01T03:54:29.1244103Z   update-environment: true
2026-10-01T03:54:29.1244434Z   allow-prereleases: false
2026-10-01T03:54:29.1244784Z   freethreaded: false
2026-10-01T03:54:29.1245084Z ##[endgroup]
2026-10-01T03:54:29.2651849Z ##[group]Installed versions
2026-10-01T03:54:29.4791489Z (node:2256) [DEP0040] DeprecationWarning: The `punycode` module is deprecated. Please use a userland alternative instead.
2026-10-01T03:54:29.4792536Z Successfully set up CPython (3.11.16)
2026-10-01T03:54:29.4793643Z ##[endgroup]
2026-10-01T03:54:29.4824784Z (Use `node --trace-deprecation ...` to show where the warning was created)
2026-10-01T03:54:29.4952807Z ##[group]Run python -m pip install sympy==1.13.3 mpmath==1.3.0
2026-10-01T03:54:29.4953584Z [36;1mpython -m pip install sympy==1.13.3 mpmath==1.3.0[0m
2026-10-01T03:54:29.5250114Z shell: /usr/bin/bash -e {0}
2026-10-01T03:54:29.5250547Z env:
2026-10-01T03:54:29.5251085Z   pythonLocation: /opt/hostedtoolcache/Python/3.11.16/x64
2026-10-01T03:54:29.5251601Z   PKG_CONFIG_PATH: /opt/hostedtoolcache/Python/3.11.16/x64/lib/pkgconfig
2026-10-01T03:54:29.5252166Z   Python_ROOT_DIR: /opt/hostedtoolcache/Python/3.11.16/x64
2026-10-01T03:54:29.5252634Z   Python2_ROOT_DIR: /opt/hostedtoolcache/Python/3.11.16/x64
2026-10-01T03:54:29.5253074Z   Python3_ROOT_DIR: /opt/hostedtoolcache/Python/3.11.16/x64
2026-10-01T03:54:29.5253540Z   LD_LIBRARY_PATH: /opt/hostedtoolcache/Python/3.11.16/x64/lib
2026-10-01T03:54:29.5253935Z ##[endgroup]
2026-10-01T03:54:31.2726510Z Collecting sympy==1.13.3
2026-10-01T03:54:31.3441698Z   Downloading sympy-1.13.3-py3-none-any.whl.metadata (12 kB)
2026-10-01T03:54:31.6962330Z Collecting mpmath==1.3.0
2026-10-01T03:54:31.7001716Z   Downloading mpmath-1.3.0-py3-none-any.whl.metadata (8.6 kB)
2026-10-01T03:54:31.9871768Z Downloading sympy-1.13.3-py3-none-any.whl (6.2 MB)
2026-10-01T03:54:32.4158451Z    ━━━━━━━━━━━━━━━━━━━━━━━━━━━━━━━━━━━━━━━━ 6.2/6.2 MB 14.4 MB/s  0:00:00
2026-10-01T03:54:32.4199080Z Downloading mpmath-1.3.0-py3-none-any.whl (536 kB)
2026-10-01T03:54:32.4272173Z    ━━━━━━━━━━━━━━━━━━━━━━━━━━━━━━━━━━━━━━━━ 536.2/536.2 kB 55.4 MB/s  0:00:00
2026-10-01T03:54:32.4988833Z Installing collected packages: mpmath, sympy
2026-10-01T03:54:37.1773815Z 
2026-10-01T03:54:37.1783402Z Successfully installed mpmath-1.3.0 sympy-1.13.3
2026-10-01T03:54:37.2390982Z ##[group]Run python ResearchHistory/UQCF-GEM/demos/v16.46-nested-chain-repair/run.py phase out/reproduction
2026-10-01T03:54:37.2391846Z [36;1mpython ResearchHistory/UQCF-GEM/demos/v16.46-nested-chain-repair/run.py phase out/reproduction[0m
2026-10-01T03:54:37.2436595Z shell: /usr/bin/bash -e {0}
2026-10-01T03:54:37.2437050Z env:
2026-10-01T03:54:37.2437398Z   pythonLocation: /opt/hostedtoolcache/Python/3.11.16/x64
2026-10-01T03:54:37.2437969Z   PKG_CONFIG_PATH: /opt/hostedtoolcache/Python/3.11.16/x64/lib/pkgconfig
2026-10-01T03:54:37.2438458Z   Python_ROOT_DIR: /opt/hostedtoolcache/Python/3.11.16/x64
2026-10-01T03:54:37.2438935Z   Python2_ROOT_DIR: /opt/hostedtoolcache/Python/3.11.16/x64
2026-10-01T03:54:37.2439387Z   Python3_ROOT_DIR: /opt/hostedtoolcache/Python/3.11.16/x64
2026-10-01T03:54:37.2439834Z   LD_LIBRARY_PATH: /opt/hostedtoolcache/Python/3.11.16/x64/lib
2026-10-01T03:54:37.2440242Z ##[endgroup]
2026-10-01T04:01:28.2492148Z ##[group]Run python ResearchHistory/UQCF-GEM/demos/v16.46-nested-chain-repair/run.py package out/reproduction publication
2026-10-01T04:01:28.2493072Z [36;1mpython ResearchHistory/UQCF-GEM/demos/v16.46-nested-chain-repair/run.py package out/reproduction publication[0m
2026-10-01T04:01:28.2536313Z shell: /usr/bin/bash -e {0}
2026-10-01T04:01:28.2536765Z env:
2026-10-01T04:01:28.2537195Z   pythonLocation: /opt/hostedtoolcache/Python/3.11.16/x64
2026-10-01T04:01:28.2537760Z   PKG_CONFIG_PATH: /opt/hostedtoolcache/Python/3.11.16/x64/lib/pkgconfig
2026-10-01T04:01:28.2538485Z   Python_ROOT_DIR: /opt/hostedtoolcache/Python/3.11.16/x64
2026-10-01T04:01:28.2539018Z   Python2_ROOT_DIR: /opt/hostedtoolcache/Python/3.11.16/x64
2026-10-01T04:01:28.2539517Z   Python3_ROOT_DIR: /opt/hostedtoolcache/Python/3.11.16/x64
2026-10-01T04:01:28.2540012Z   LD_LIBRARY_PATH: /opt/hostedtoolcache/Python/3.11.16/x64/lib
2026-10-01T04:01:28.2540464Z ##[endgroup]
2026-10-01T04:01:34.9119166Z {"package": "VERIFIED", "source_members": 1548}
2026-10-01T04:01:34.9331765Z ##[group]Run actions/upload-artifact@ea165f8d65b6e75b540449e92b4886f43607fa02
2026-10-01T04:01:34.9332238Z with:
2026-10-01T04:01:34.9332643Z   name: v1646-publication-43cf7e4ebf2cce3f0b59222cb7cdecdcfe20a5b2
2026-10-01T04:01:34.9333077Z   path: out/reproduction
2026-10-01T04:01:34.9333390Z   if-no-files-found: error
2026-10-01T04:01:34.9333781Z   compression-level: 6
2026-10-01T04:01:34.9334118Z   overwrite: false
2026-10-01T04:01:34.9334440Z   include-hidden-files: false
2026-10-01T04:01:34.9334765Z env:
2026-10-01T04:01:34.9335069Z   pythonLocation: /opt/hostedtoolcache/Python/3.11.16/x64
2026-10-01T04:01:34.9336200Z   PKG_CONFIG_PATH: /opt/hostedtoolcache/Python/3.11.16/x64/lib/pkgconfig
2026-10-01T04:01:34.9336694Z   Python_ROOT_DIR: /opt/hostedtoolcache/Python/3.11.16/x64
2026-10-01T04:01:34.9337150Z   Python2_ROOT_DIR: /opt/hostedtoolcache/Python/3.11.16/x64
2026-10-01T04:01:34.9337604Z   Python3_ROOT_DIR: /opt/hostedtoolcache/Python/3.11.16/x64
2026-10-01T04:01:34.9338210Z   LD_LIBRARY_PATH: /opt/hostedtoolcache/Python/3.11.16/x64/lib
2026-10-01T04:01:34.9338607Z ##[endgroup]
2026-10-01T04:01:35.0942661Z (node:2553) [DEP0040] DeprecationWarning: The `punycode` module is deprecated. Please use a userland alternative instead.
2026-10-01T04:01:35.0943927Z (Use `node --trace-deprecation ...` to show where the warning was created)
2026-10-01T04:01:35.1119576Z With the provided path, there will be 71 files uploaded
2026-10-01T04:01:35.1124355Z Artifact name is valid!
2026-10-01T04:01:35.1125155Z Root directory input is valid!
2026-10-01T04:01:35.3671215Z Beginning upload of artifact content to blob storage
2026-10-01T04:01:35.6543079Z (node:2553) [DEP0169] DeprecationWarning: `url.parse()` behavior is not standardized and prone to errors that have security implications. Use the WHATWG URL API instead. CVEs are not issued for `url.parse()` vulnerabilities.
2026-10-01T04:01:35.9944299Z Uploaded bytes 8388608
2026-10-01T04:01:36.3236278Z Uploaded bytes 16777216
2026-10-01T04:01:36.3510782Z Uploaded bytes 25165824
2026-10-01T04:01:36.6647430Z Uploaded bytes 33554432
2026-10-01T04:01:36.8568343Z Uploaded bytes 41943040
2026-10-01T04:01:37.2099753Z Uploaded bytes 50331648
2026-10-01T04:01:37.4503379Z Uploaded bytes 58720256
2026-10-01T04:01:37.8772635Z Uploaded bytes 67108864
2026-10-01T04:01:38.1360375Z Uploaded bytes 75497472
2026-10-01T04:01:38.4127871Z Uploaded bytes 83886080
2026-10-01T04:01:38.4750127Z Uploaded bytes 86003356
2026-10-01T04:01:38.5097556Z Finished uploading artifact content to blob storage!
2026-10-01T04:01:38.5100429Z SHA256 digest of uploaded artifact zip is 40ee26bf1e04d36f2d1b7a63c24e38bb23be437e295851433c5da03c93402610
2026-10-01T04:01:38.5102837Z Finalizing artifact upload
2026-10-01T04:01:38.7151401Z Artifact v1646-publication-43cf7e4ebf2cce3f0b59222cb7cdecdcfe20a5b2.zip successfully finalized. Artifact ID 11140292773
2026-10-01T04:01:38.7153219Z Artifact v1646-publication-43cf7e4ebf2cce3f0b59222cb7cdecdcfe20a5b2 has been successfully uploaded! Final size is 86003356 bytes. Artifact ID is 11140292773
2026-10-01T04:01:38.7159610Z Artifact download URL: https://github.com/proteinfoldingengine/WetLabEngine/actions/runs/36812516235/artifacts/11140292773
2026-10-01T04:01:38.7352049Z Post job cleanup.
2026-10-01T04:01:38.8554389Z (node:2566) [DEP0040] DeprecationWarning: The `punycode` module is deprecated. Please use a userland alternative instead.
2026-10-01T04:01:38.8555182Z (Use `node --trace-deprecation ...` to show where the warning was created)
2026-10-01T04:01:38.8678354Z Post job cleanup.
2026-10-01T04:01:38.9651772Z [command]/usr/bin/git version
2026-10-01T04:01:38.9687403Z git version 2.55.0
2026-10-01T04:01:38.9789000Z Temporarily overriding HOME='/home/runner/work/_temp/7760c186-c379-4c7e-969e-44595164e085' before making global git config changes
2026-10-01T04:01:38.9797250Z Adding repository directory to the temporary git global config as a safe directory
2026-10-01T04:01:38.9798753Z [command]/usr/bin/git config --global --add safe.directory /home/runner/work/WetLabEngine/WetLabEngine
2026-10-01T04:01:38.9801126Z [command]/usr/bin/git config --local --name-only --get-regexp core\.sshCommand
2026-10-01T04:01:38.9803818Z [command]/usr/bin/git submodule foreach --recursive sh -c "git config --local --name-only --get-regexp 'core\.sshCommand' && git config --local --unset-all 'core.sshCommand' || :"
2026-10-01T04:01:39.0092147Z [command]/usr/bin/git config --local --name-only --get-regexp http\.https\:\/\/github\.com\/\.extraheader
2026-10-01T04:01:39.0130214Z http.https://github.com/.extraheader
2026-10-01T04:01:39.0139866Z [command]/usr/bin/git config --local --unset-all http.https://github.com/.extraheader
2026-10-01T04:01:39.0176635Z [command]/usr/bin/git submodule foreach --recursive sh -c "git config --local --name-only --get-regexp 'http\.https\:\/\/github\.com\/\.extraheader' && git config --local --unset-all 'http.https://github.com/.extraheader' || :"
2026-10-01T04:01:39.0458084Z [command]/usr/bin/git config --local --name-only --get-regexp ^includeIf\.gitdir:
2026-10-01T04:01:39.0463546Z [command]/usr/bin/git submodule foreach --recursive git config --local --show-origin --name-only --get-regexp remote.origin.url
2026-10-01T04:01:39.0921535Z Cleaning up orphan processes
2026-10-01T04:01:39.1200579Z ##[warning]Node.js 20 is deprecated. The following actions target Node.js 20 but are being forced to run on Node.js 24: actions/checkout@11d5960a326750d5838078e36cf38b85af677262, actions/setup-python@a26af69be951a213d495a4c3e4e4022e16d87065, actions/upload-artifact@ea165f8d65b6e75b540449e92b4886f43607fa02. For more information see: https://github.blog/changelog/2025-09-19-deprecation-of-node-20-on-github-actions-runners/
