2026-10-01T15:57:35.0577443Z Current runner version: '2.337.0'
2026-10-01T15:57:35.0597126Z ##[group]Runner Image Provisioner
2026-10-01T15:57:35.0597961Z Hosted Compute Agent
2026-10-01T15:57:35.0598431Z Version: 20260901.588
2026-10-01T15:57:35.0598984Z Commit: f88ec8081b781fac6c440065ac7ff9e710ce3d0b
2026-10-01T15:57:35.0599594Z Build Date: 2026-09-01T19:56:44Z
2026-10-01T15:57:35.0600206Z Worker ID: {f7489728-ac46-4bb5-88f3-37737e7bfa2c}
2026-10-01T15:57:35.0600825Z Azure Region: centralus
2026-10-01T15:57:35.0601295Z ##[endgroup]
2026-10-01T15:57:35.0602432Z ##[group]Operating System
2026-10-01T15:57:35.0602950Z Ubuntu
2026-10-01T15:57:35.0603360Z 24.04.5
2026-10-01T15:57:35.0603843Z LTS
2026-10-01T15:57:35.0604270Z ##[endgroup]
2026-10-01T15:57:35.0604726Z ##[group]Runner Image
2026-10-01T15:57:35.0605362Z Image: ubuntu-24.04
2026-10-01T15:57:35.0605821Z Version: 20260927.320.1
2026-10-01T15:57:35.0606866Z Included Software: https://github.com/actions/runner-images/blob/ubuntu24/20260927.320/images/ubuntu/Ubuntu2404-Readme.md
2026-10-01T15:57:35.0608420Z Image Release: https://github.com/actions/runner-images/releases/tag/ubuntu24%2F20260927.320
2026-10-01T15:57:35.0609215Z ##[endgroup]
2026-10-01T15:57:35.0610158Z ##[group]GITHUB_TOKEN Permissions
2026-10-01T15:57:35.0612020Z Contents: read
2026-10-01T15:57:35.0612475Z Metadata: read
2026-10-01T15:57:35.0612977Z ##[endgroup]
2026-10-01T15:57:35.0614650Z Secret source: Actions
2026-10-01T15:57:35.0615582Z Cache mode: write
2026-10-01T15:57:35.0616145Z Prepare workflow directory
2026-10-01T15:57:35.0893464Z Prepare all required actions
2026-10-01T15:57:35.0933821Z Getting action download info
2026-10-01T15:57:35.3772960Z Download action repository 'actions/checkout@11d5960a326750d5838078e36cf38b85af677262' (SHA:11d5960a326750d5838078e36cf38b85af677262)
2026-10-01T15:57:35.4746909Z Download action repository 'actions/setup-python@a26af69be951a213d495a4c3e4e4022e16d87065' (SHA:a26af69be951a213d495a4c3e4e4022e16d87065)
2026-10-01T15:57:35.7375847Z Download action repository 'actions/upload-artifact@ea165f8d65b6e75b540449e92b4886f43607fa02' (SHA:ea165f8d65b6e75b540449e92b4886f43607fa02)
2026-10-01T15:57:35.9509691Z Complete job name: publication
2026-10-01T15:57:36.0084181Z ##[group]Run actions/checkout@11d5960a326750d5838078e36cf38b85af677262
2026-10-01T15:57:36.0085212Z with:
2026-10-01T15:57:36.0085683Z   fetch-depth: 64
2026-10-01T15:57:36.0086221Z   repository: proteinfoldingengine/WetLabEngine
2026-10-01T15:57:36.0089544Z   token: ***
2026-10-01T15:57:36.0090021Z   ssh-strict: true
2026-10-01T15:57:36.0090434Z   ssh-user: git
2026-10-01T15:57:36.0090878Z   persist-credentials: true
2026-10-01T15:57:36.0091366Z   clean: true
2026-10-01T15:57:36.0091796Z   sparse-checkout-cone-mode: true
2026-10-01T15:57:36.0092303Z   fetch-tags: false
2026-10-01T15:57:36.0092720Z   show-progress: true
2026-10-01T15:57:36.0093132Z   lfs: false
2026-10-01T15:57:36.0093574Z   submodules: false
2026-10-01T15:57:36.0094028Z   set-safe-directory: true
2026-10-01T15:57:36.0094514Z   allow-unsafe-pr-checkout: false
2026-10-01T15:57:36.0095583Z ##[endgroup]
2026-10-01T15:57:36.1004156Z Syncing repository: proteinfoldingengine/WetLabEngine
2026-10-01T15:57:36.1006931Z ##[group]Getting Git version info
2026-10-01T15:57:36.1007671Z Working directory is '/home/runner/work/WetLabEngine/WetLabEngine'
2026-10-01T15:57:36.1008736Z [command]/usr/bin/git version
2026-10-01T15:57:36.1046112Z git version 2.55.0
2026-10-01T15:57:36.1055357Z ##[endgroup]
2026-10-01T15:57:36.1068696Z Temporarily overriding HOME='/home/runner/work/_temp/2cbfda81-ab08-4b86-bf47-0507d24f1810' before making global git config changes
2026-10-01T15:57:36.1070701Z Adding repository directory to the temporary git global config as a safe directory
2026-10-01T15:57:36.1073042Z [command]/usr/bin/git config --global --add safe.directory /home/runner/work/WetLabEngine/WetLabEngine
2026-10-01T15:57:36.1124837Z Deleting the contents of '/home/runner/work/WetLabEngine/WetLabEngine'
2026-10-01T15:57:36.1136537Z ##[group]Initializing the repository
2026-10-01T15:57:36.1161242Z [command]/usr/bin/git init /home/runner/work/WetLabEngine/WetLabEngine
2026-10-01T15:57:36.1269737Z hint: Using 'master' as the name for the initial branch. This default branch name
2026-10-01T15:57:36.1271321Z hint: will change to "main" in Git 3.0. To configure the initial branch name
2026-10-01T15:57:36.1272700Z hint: to use in all of your new repositories, which will suppress this warning,
2026-10-01T15:57:36.1273860Z hint: call:
2026-10-01T15:57:36.1274478Z hint:
2026-10-01T15:57:36.1275460Z hint: 	git config --global init.defaultBranch <name>
2026-10-01T15:57:36.1276358Z hint:
2026-10-01T15:57:36.1277163Z hint: Names commonly chosen instead of 'master' are 'main', 'trunk' and
2026-10-01T15:57:36.1278431Z hint: 'development'. The just-created branch can be renamed via this command:
2026-10-01T15:57:36.1279452Z hint:
2026-10-01T15:57:36.1280095Z hint: 	git branch -m <name>
2026-10-01T15:57:36.1280775Z hint:
2026-10-01T15:57:36.1281533Z hint: Disable this message with "git config set advice.defaultBranchName false"
2026-10-01T15:57:36.1282639Z Initialized empty Git repository in /home/runner/work/WetLabEngine/WetLabEngine/.git/
2026-10-01T15:57:36.1285533Z [command]/usr/bin/git remote add origin https://github.com/proteinfoldingengine/WetLabEngine
2026-10-01T15:57:36.1418514Z ##[endgroup]
2026-10-01T15:57:36.1423232Z ##[group]Disabling automatic garbage collection
2026-10-01T15:57:36.1423874Z [command]/usr/bin/git config --local gc.auto 0
2026-10-01T15:57:36.1447895Z ##[endgroup]
2026-10-01T15:57:36.1454416Z ##[group]Setting up auth
2026-10-01T15:57:36.1455382Z [command]/usr/bin/git config --local --name-only --get-regexp core\.sshCommand
2026-10-01T15:57:36.1479692Z [command]/usr/bin/git submodule foreach --recursive sh -c "git config --local --name-only --get-regexp 'core\.sshCommand' && git config --local --unset-all 'core.sshCommand' || :"
2026-10-01T15:57:36.1761862Z [command]/usr/bin/git config --local --name-only --get-regexp http\.https\:\/\/github\.com\/\.extraheader
2026-10-01T15:57:36.1804825Z [command]/usr/bin/git submodule foreach --recursive sh -c "git config --local --name-only --get-regexp 'http\.https\:\/\/github\.com\/\.extraheader' && git config --local --unset-all 'http.https://github.com/.extraheader' || :"
2026-10-01T15:57:36.1969813Z [command]/usr/bin/git config --local --name-only --get-regexp ^includeIf\.gitdir:
2026-10-01T15:57:36.1994091Z [command]/usr/bin/git submodule foreach --recursive git config --local --show-origin --name-only --get-regexp remote.origin.url
2026-10-01T15:57:36.2147771Z [command]/usr/bin/git config --local http.https://github.com/.extraheader AUTHORIZATION: basic ***
2026-10-01T15:57:36.2177502Z ##[endgroup]
2026-10-01T15:57:36.2178198Z ##[group]Fetching the repository
2026-10-01T15:57:36.2186366Z [command]/usr/bin/git -c protocol.version=2 fetch --no-tags --prune --no-recurse-submodules --depth=64 origin +e0b88d35989c0e9998c75240a14e7e3f41f49259:refs/remotes/origin/research/v16.51-ternary-interface
2026-10-01T15:58:28.1572433Z From https://github.com/proteinfoldingengine/WetLabEngine
2026-10-01T15:58:28.1573600Z  * [new ref]         e0b88d35989c0e9998c75240a14e7e3f41f49259 -> origin/research/v16.51-ternary-interface
2026-10-01T15:58:28.1576543Z ##[endgroup]
2026-10-01T15:58:28.1577339Z ##[group]Determining the checkout info
2026-10-01T15:58:28.1578561Z ##[endgroup]
2026-10-01T15:58:28.1584042Z [command]/usr/bin/git sparse-checkout disable
2026-10-01T15:58:28.1628739Z [command]/usr/bin/git config --local --unset-all extensions.worktreeConfig
2026-10-01T15:58:28.1654877Z ##[group]Checking out the ref
2026-10-01T15:58:28.1658900Z [command]/usr/bin/git checkout --progress --force -B research/v16.51-ternary-interface refs/remotes/origin/research/v16.51-ternary-interface
2026-10-01T15:58:29.2708811Z Updating files:  37% (2875/7646)
2026-10-01T15:58:29.5559566Z Updating files:  38% (2906/7646)
2026-10-01T15:58:29.8090269Z Updating files:  39% (2982/7646)
2026-10-01T15:58:30.1648010Z Updating files:  40% (3059/7646)
2026-10-01T15:58:30.2494158Z Updating files:  41% (3135/7646)
2026-10-01T15:58:30.4188518Z Updating files:  41% (3155/7646)
2026-10-01T15:58:30.8896521Z Updating files:  42% (3212/7646)
2026-10-01T15:58:31.1109206Z Updating files:  43% (3288/7646)
2026-10-01T15:58:31.2760427Z Updating files:  44% (3365/7646)
2026-10-01T15:58:31.3866161Z Updating files:  44% (3431/7646)
2026-10-01T15:58:31.8785199Z Updating files:  45% (3441/7646)
2026-10-01T15:58:32.0516855Z Updating files:  46% (3518/7646)
2026-10-01T15:58:32.2515205Z Updating files:  47% (3594/7646)
2026-10-01T15:58:32.7054922Z Updating files:  47% (3634/7646)
2026-10-01T15:58:32.9709938Z Updating files:  48% (3671/7646)
2026-10-01T15:58:33.0301316Z Updating files:  49% (3747/7646)
2026-10-01T15:58:33.2304011Z Updating files:  50% (3823/7646)
2026-10-01T15:58:33.6557706Z Updating files:  50% (3846/7646)
2026-10-01T15:58:33.9146452Z Updating files:  51% (3900/7646)
2026-10-01T15:58:34.0187129Z Updating files:  52% (3976/7646)
2026-10-01T15:58:34.2622356Z Updating files:  53% (4053/7646)
2026-10-01T15:58:35.0970596Z Updating files:  53% (4073/7646)
2026-10-01T15:58:35.2745750Z Updating files:  54% (4129/7646)
2026-10-01T15:58:35.3943825Z Updating files:  54% (4170/7646)
2026-10-01T15:58:35.6250453Z Updating files:  55% (4206/7646)
2026-10-01T15:58:36.2114830Z Updating files:  56% (4282/7646)
2026-10-01T15:58:37.0713513Z Updating files:  56% (4322/7646)
2026-10-01T15:58:37.2672294Z Updating files:  57% (4359/7646)
2026-10-01T15:58:37.3970135Z Updating files:  57% (4409/7646)
2026-10-01T15:58:37.4014022Z Updating files:  58% (4435/7646)
2026-10-01T15:58:37.4050606Z Updating files:  59% (4512/7646)
2026-10-01T15:58:37.4090617Z Updating files:  60% (4588/7646)
2026-10-01T15:58:38.2260600Z Updating files:  61% (4665/7646)
2026-10-01T15:58:38.2661604Z Updating files:  61% (4740/7646)
2026-10-01T15:58:38.4135882Z Updating files:  62% (4741/7646)
2026-10-01T15:58:38.4565465Z Updating files:  63% (4817/7646)
2026-10-01T15:58:38.4837896Z Updating files:  64% (4894/7646)
2026-10-01T15:58:39.0895558Z Updating files:  65% (4970/7646)
2026-10-01T15:58:39.0945371Z Updating files:  66% (5047/7646)
2026-10-01T15:58:39.0977774Z Updating files:  67% (5123/7646)
2026-10-01T15:58:39.1075268Z Updating files:  68% (5200/7646)
2026-10-01T15:58:39.2089851Z Updating files:  69% (5276/7646)
2026-10-01T15:58:39.2495309Z Updating files:  69% (5337/7646)
2026-10-01T15:58:39.2513729Z Updating files:  70% (5353/7646)
2026-10-01T15:58:39.2705135Z Updating files:  71% (5429/7646)
2026-10-01T15:58:39.3219267Z Updating files:  72% (5506/7646)
2026-10-01T15:58:39.3699705Z Updating files:  73% (5582/7646)
2026-10-01T15:58:39.3745579Z Updating files:  74% (5659/7646)
2026-10-01T15:58:39.4485611Z Updating files:  75% (5735/7646)
2026-10-01T15:58:39.9648814Z Updating files:  76% (5811/7646)
2026-10-01T15:58:39.9665884Z Updating files:  77% (5888/7646)
2026-10-01T15:58:40.2125378Z Updating files:  78% (5964/7646)
2026-10-01T15:58:40.3415656Z Updating files:  78% (6005/7646)
2026-10-01T15:58:40.4849106Z Updating files:  79% (6041/7646)
2026-10-01T15:58:40.5858628Z Updating files:  80% (6117/7646)
2026-10-01T15:58:40.5957872Z Updating files:  81% (6194/7646)
2026-10-01T15:58:40.6707773Z Updating files:  82% (6270/7646)
2026-10-01T15:58:40.6733166Z Updating files:  83% (6347/7646)
2026-10-01T15:58:40.6764586Z Updating files:  84% (6423/7646)
2026-10-01T15:58:40.6794821Z Updating files:  85% (6500/7646)
2026-10-01T15:58:40.6824902Z Updating files:  86% (6576/7646)
2026-10-01T15:58:40.6852335Z Updating files:  87% (6653/7646)
2026-10-01T15:58:40.7060137Z Updating files:  88% (6729/7646)
2026-10-01T15:58:41.2163331Z Updating files:  89% (6805/7646)
2026-10-01T15:58:41.2165542Z Updating files:  89% (6874/7646)
2026-10-01T15:58:41.2277504Z Updating files:  90% (6882/7646)
2026-10-01T15:58:41.2685151Z Updating files:  91% (6958/7646)
2026-10-01T15:58:41.3064688Z Updating files:  92% (7035/7646)
2026-10-01T15:58:41.4076625Z Updating files:  93% (7111/7646)
2026-10-01T15:58:41.4391886Z Updating files:  94% (7188/7646)
2026-10-01T15:58:41.4430890Z Updating files:  95% (7264/7646)
2026-10-01T15:58:41.4664576Z Updating files:  96% (7341/7646)
2026-10-01T15:58:41.5058021Z Updating files:  97% (7417/7646)
2026-10-01T15:58:41.5207664Z Updating files:  98% (7494/7646)
2026-10-01T15:58:41.6133787Z Updating files:  99% (7570/7646)
2026-10-01T15:58:41.6134632Z Updating files: 100% (7646/7646)
2026-10-01T15:58:41.6135390Z Updating files: 100% (7646/7646), done.
2026-10-01T15:58:41.7829719Z Switched to a new branch 'research/v16.51-ternary-interface'
2026-10-01T15:58:41.7830831Z branch 'research/v16.51-ternary-interface' set up to track 'origin/research/v16.51-ternary-interface'.
2026-10-01T15:58:41.7957781Z ##[endgroup]
2026-10-01T15:58:41.7994928Z [command]/usr/bin/git log -1 --format=%H
2026-10-01T15:58:41.8022456Z e0b88d35989c0e9998c75240a14e7e3f41f49259
2026-10-01T15:58:41.9228340Z ##[group]Run actions/setup-python@a26af69be951a213d495a4c3e4e4022e16d87065
2026-10-01T15:58:41.9228752Z with:
2026-10-01T15:58:41.9229037Z   python-version: 3.11
2026-10-01T15:58:41.9229314Z   check-latest: false
2026-10-01T15:58:41.9231450Z   token: ***
2026-10-01T15:58:41.9231705Z   update-environment: true
2026-10-01T15:58:41.9232017Z   allow-prereleases: false
2026-10-01T15:58:41.9232322Z   freethreaded: false
2026-10-01T15:58:41.9232583Z ##[endgroup]
2026-10-01T15:58:42.0317962Z ##[group]Installed versions
2026-10-01T15:58:42.0880813Z (node:2091) [DEP0040] DeprecationWarning: The `punycode` module is deprecated. Please use a userland alternative instead.
2026-10-01T15:58:42.0881500Z (Use `node --trace-deprecation ...` to show where the warning was created)
2026-10-01T15:58:42.0882316Z Successfully set up CPython (3.11.16)
2026-10-01T15:58:42.0882889Z ##[endgroup]
2026-10-01T15:58:42.1055518Z ##[group]Run python -m pip install sympy==1.13.3 mpmath==1.3.0
2026-10-01T15:58:42.1056303Z [36;1mpython -m pip install sympy==1.13.3 mpmath==1.3.0[0m
2026-10-01T15:58:42.2409185Z shell: /usr/bin/bash -e {0}
2026-10-01T15:58:42.2409650Z env:
2026-10-01T15:58:42.2409995Z   pythonLocation: /opt/hostedtoolcache/Python/3.11.16/x64
2026-10-01T15:58:42.2410498Z   PKG_CONFIG_PATH: /opt/hostedtoolcache/Python/3.11.16/x64/lib/pkgconfig
2026-10-01T15:58:42.2410941Z   Python_ROOT_DIR: /opt/hostedtoolcache/Python/3.11.16/x64
2026-10-01T15:58:42.2411366Z   Python2_ROOT_DIR: /opt/hostedtoolcache/Python/3.11.16/x64
2026-10-01T15:58:42.2411783Z   Python3_ROOT_DIR: /opt/hostedtoolcache/Python/3.11.16/x64
2026-10-01T15:58:42.2412185Z   LD_LIBRARY_PATH: /opt/hostedtoolcache/Python/3.11.16/x64/lib
2026-10-01T15:58:42.2412534Z ##[endgroup]
2026-10-01T15:58:52.3947371Z Collecting sympy==1.13.3
2026-10-01T15:58:52.4606819Z   Downloading sympy-1.13.3-py3-none-any.whl.metadata (12 kB)
2026-10-01T15:58:52.4879025Z Collecting mpmath==1.3.0
2026-10-01T15:58:52.4981026Z   Downloading mpmath-1.3.0-py3-none-any.whl.metadata (8.6 kB)
2026-10-01T15:58:52.5146964Z Downloading sympy-1.13.3-py3-none-any.whl (6.2 MB)
2026-10-01T15:58:52.6422176Z    ━━━━━━━━━━━━━━━━━━━━━━━━━━━━━━━━━━━━━━━━ 6.2/6.2 MB 60.3 MB/s  0:00:00
2026-10-01T15:58:52.6528470Z Downloading mpmath-1.3.0-py3-none-any.whl (536 kB)
2026-10-01T15:58:52.6573420Z    ━━━━━━━━━━━━━━━━━━━━━━━━━━━━━━━━━━━━━━━━ 536.2/536.2 kB 114.6 MB/s  0:00:00
2026-10-01T15:58:53.2085357Z Installing collected packages: mpmath, sympy
2026-10-01T15:58:57.1982023Z 
2026-10-01T15:58:57.1990388Z Successfully installed mpmath-1.3.0 sympy-1.13.3
2026-10-01T15:58:57.2488894Z ##[group]Run python ResearchHistory/UQCF-GEM/demos/v16.51-ternary-interface/run.py phase out/reproduction
2026-10-01T15:58:57.2489613Z [36;1mpython ResearchHistory/UQCF-GEM/demos/v16.51-ternary-interface/run.py phase out/reproduction[0m
2026-10-01T15:58:57.2528818Z shell: /usr/bin/bash -e {0}
2026-10-01T15:58:57.2529161Z env:
2026-10-01T15:58:57.2529486Z   pythonLocation: /opt/hostedtoolcache/Python/3.11.16/x64
2026-10-01T15:58:57.2529921Z   PKG_CONFIG_PATH: /opt/hostedtoolcache/Python/3.11.16/x64/lib/pkgconfig
2026-10-01T15:58:57.2530340Z   Python_ROOT_DIR: /opt/hostedtoolcache/Python/3.11.16/x64
2026-10-01T15:58:57.2530756Z   Python2_ROOT_DIR: /opt/hostedtoolcache/Python/3.11.16/x64
2026-10-01T15:58:57.2531269Z   Python3_ROOT_DIR: /opt/hostedtoolcache/Python/3.11.16/x64
2026-10-01T15:58:57.2531639Z   LD_LIBRARY_PATH: /opt/hostedtoolcache/Python/3.11.16/x64/lib
2026-10-01T15:58:57.2532031Z ##[endgroup]
2026-10-01T16:05:51.5585095Z ##[group]Run python ResearchHistory/UQCF-GEM/demos/v16.51-ternary-interface/run.py package out/reproduction publication
2026-10-01T16:05:51.5585825Z [36;1mpython ResearchHistory/UQCF-GEM/demos/v16.51-ternary-interface/run.py package out/reproduction publication[0m
2026-10-01T16:05:51.5621642Z shell: /usr/bin/bash -e {0}
2026-10-01T16:05:51.5622427Z env:
2026-10-01T16:05:51.5622747Z   pythonLocation: /opt/hostedtoolcache/Python/3.11.16/x64
2026-10-01T16:05:51.5623157Z   PKG_CONFIG_PATH: /opt/hostedtoolcache/Python/3.11.16/x64/lib/pkgconfig
2026-10-01T16:05:51.5623652Z   Python_ROOT_DIR: /opt/hostedtoolcache/Python/3.11.16/x64
2026-10-01T16:05:51.5624036Z   Python2_ROOT_DIR: /opt/hostedtoolcache/Python/3.11.16/x64
2026-10-01T16:05:51.5624434Z   Python3_ROOT_DIR: /opt/hostedtoolcache/Python/3.11.16/x64
2026-10-01T16:05:51.5624804Z   LD_LIBRARY_PATH: /opt/hostedtoolcache/Python/3.11.16/x64/lib
2026-10-01T16:05:51.5625236Z ##[endgroup]
2026-10-01T16:05:59.8686939Z {"package": "VERIFIED", "source_members": 1850}
2026-10-01T16:05:59.8873193Z ##[group]Run actions/upload-artifact@ea165f8d65b6e75b540449e92b4886f43607fa02
2026-10-01T16:05:59.8873639Z with:
2026-10-01T16:05:59.8873964Z   name: v1651-publication-e0b88d35989c0e9998c75240a14e7e3f41f49259
2026-10-01T16:05:59.8874341Z   path: out/reproduction
2026-10-01T16:05:59.8874648Z   if-no-files-found: error
2026-10-01T16:05:59.8874922Z   compression-level: 6
2026-10-01T16:05:59.8875411Z   overwrite: false
2026-10-01T16:05:59.8875676Z   include-hidden-files: false
2026-10-01T16:05:59.8875976Z env:
2026-10-01T16:05:59.8876316Z   pythonLocation: /opt/hostedtoolcache/Python/3.11.16/x64
2026-10-01T16:05:59.8876769Z   PKG_CONFIG_PATH: /opt/hostedtoolcache/Python/3.11.16/x64/lib/pkgconfig
2026-10-01T16:05:59.8877360Z   Python_ROOT_DIR: /opt/hostedtoolcache/Python/3.11.16/x64
2026-10-01T16:05:59.8877742Z   Python2_ROOT_DIR: /opt/hostedtoolcache/Python/3.11.16/x64
2026-10-01T16:05:59.8878103Z   Python3_ROOT_DIR: /opt/hostedtoolcache/Python/3.11.16/x64
2026-10-01T16:05:59.8878610Z   LD_LIBRARY_PATH: /opt/hostedtoolcache/Python/3.11.16/x64/lib
2026-10-01T16:05:59.8878929Z ##[endgroup]
2026-10-01T16:06:00.0249742Z (node:2551) [DEP0040] DeprecationWarning: The `punycode` module is deprecated. Please use a userland alternative instead.
2026-10-01T16:06:00.0250373Z (Use `node --trace-deprecation ...` to show where the warning was created)
2026-10-01T16:06:00.0449678Z With the provided path, there will be 102 files uploaded
2026-10-01T16:06:00.0451806Z Artifact name is valid!
2026-10-01T16:06:00.0452495Z Root directory input is valid!
2026-10-01T16:06:00.3460017Z Beginning upload of artifact content to blob storage
2026-10-01T16:06:00.5854715Z (node:2551) [DEP0169] DeprecationWarning: `url.parse()` behavior is not standardized and prone to errors that have security implications. Use the WHATWG URL API instead. CVEs are not issued for `url.parse()` vulnerabilities.
2026-10-01T16:06:01.1064171Z Uploaded bytes 8388608
2026-10-01T16:06:01.2910782Z Uploaded bytes 16777216
2026-10-01T16:06:01.4828581Z Uploaded bytes 25165824
2026-10-01T16:06:01.7433067Z Uploaded bytes 33554432
2026-10-01T16:06:01.9110543Z Uploaded bytes 41943040
2026-10-01T16:06:02.1942629Z Uploaded bytes 50331648
2026-10-01T16:06:02.4536581Z Uploaded bytes 58720256
2026-10-01T16:06:02.6880904Z Uploaded bytes 67108864
2026-10-01T16:06:02.9919205Z Uploaded bytes 75497472
2026-10-01T16:06:03.2263540Z Uploaded bytes 83886080
2026-10-01T16:06:03.5880224Z Uploaded bytes 92274688
2026-10-01T16:06:03.8370907Z Uploaded bytes 100663296
2026-10-01T16:06:04.8053702Z Uploaded bytes 109051904
2026-10-01T16:06:05.9642693Z Uploaded bytes 110351637
2026-10-01T16:06:06.0623286Z Finished uploading artifact content to blob storage!
2026-10-01T16:06:06.0626504Z SHA256 digest of uploaded artifact zip is 2f87863c7e3e36b1f125ef3c42014dbdd87dd6be88847dbcb5ceb5e357f9d802
2026-10-01T16:06:06.0632831Z Finalizing artifact upload
2026-10-01T16:06:06.3773096Z Artifact v1651-publication-e0b88d35989c0e9998c75240a14e7e3f41f49259.zip successfully finalized. Artifact ID 11175163573
2026-10-01T16:06:06.3774677Z Artifact v1651-publication-e0b88d35989c0e9998c75240a14e7e3f41f49259 has been successfully uploaded! Final size is 110351637 bytes. Artifact ID is 11175163573
2026-10-01T16:06:06.3779895Z Artifact download URL: https://github.com/proteinfoldingengine/WetLabEngine/actions/runs/36888010712/artifacts/11175163573
2026-10-01T16:06:06.3947095Z Post job cleanup.
2026-10-01T16:06:06.4990311Z (node:2563) [DEP0040] DeprecationWarning: The `punycode` module is deprecated. Please use a userland alternative instead.
2026-10-01T16:06:06.4991257Z (Use `node --trace-deprecation ...` to show where the warning was created)
2026-10-01T16:06:06.5181128Z Post job cleanup.
2026-10-01T16:06:06.6036106Z [command]/usr/bin/git version
2026-10-01T16:06:06.6065676Z git version 2.55.0
2026-10-01T16:06:06.6138244Z Temporarily overriding HOME='/home/runner/work/_temp/768213a2-0841-4fb7-aeba-92802bfa082d' before making global git config changes
2026-10-01T16:06:06.6139484Z Adding repository directory to the temporary git global config as a safe directory
2026-10-01T16:06:06.6140482Z [command]/usr/bin/git config --global --add safe.directory /home/runner/work/WetLabEngine/WetLabEngine
2026-10-01T16:06:06.6184572Z [command]/usr/bin/git config --local --name-only --get-regexp core\.sshCommand
2026-10-01T16:06:06.6237281Z [command]/usr/bin/git submodule foreach --recursive sh -c "git config --local --name-only --get-regexp 'core\.sshCommand' && git config --local --unset-all 'core.sshCommand' || :"
2026-10-01T16:06:06.6585536Z [command]/usr/bin/git config --local --name-only --get-regexp http\.https\:\/\/github\.com\/\.extraheader
2026-10-01T16:06:06.6612953Z http.https://github.com/.extraheader
2026-10-01T16:06:06.6620878Z [command]/usr/bin/git config --local --unset-all http.https://github.com/.extraheader
2026-10-01T16:06:06.6678872Z [command]/usr/bin/git submodule foreach --recursive sh -c "git config --local --name-only --get-regexp 'http\.https\:\/\/github\.com\/\.extraheader' && git config --local --unset-all 'http.https://github.com/.extraheader' || :"
2026-10-01T16:06:06.7005313Z [command]/usr/bin/git config --local --name-only --get-regexp ^includeIf\.gitdir:
2026-10-01T16:06:06.7047715Z [command]/usr/bin/git submodule foreach --recursive git config --local --show-origin --name-only --get-regexp remote.origin.url
2026-10-01T16:06:06.7466585Z Cleaning up orphan processes
2026-10-01T16:06:06.7682594Z ##[warning]Node.js 20 is deprecated. The following actions target Node.js 20 but are being forced to run on Node.js 24: actions/checkout@11d5960a326750d5838078e36cf38b85af677262, actions/setup-python@a26af69be951a213d495a4c3e4e4022e16d87065, actions/upload-artifact@ea165f8d65b6e75b540449e92b4886f43607fa02. For more information see: https://github.blog/changelog/2025-09-19-deprecation-of-node-20-on-github-actions-runners/
