test_all_categories (test_fixed_family.Contracts.test_all_categories) ... FAIL
test_category (test_fixed_family.Contracts.test_category) ... FAIL
test_complement_tau (test_fixed_family.Contracts.test_complement_tau) ... FAIL
test_complete (test_fixed_family.Contracts.test_complete) ... FAIL
test_core_intersection (test_fixed_family.Contracts.test_core_intersection) ... FAIL
test_duplicate_completion (test_fixed_family.Contracts.test_duplicate_completion) ... FAIL
test_duplicate_state (test_fixed_family.Contracts.test_duplicate_state) ... FAIL
test_false_floor_extension (test_fixed_family.Contracts.test_false_floor_extension) ... FAIL
test_false_hidden_control (test_fixed_family.Contracts.test_false_hidden_control) ... FAIL
test_false_native_access (test_fixed_family.Contracts.test_false_native_access) ... FAIL
test_false_retarget (test_fixed_family.Contracts.test_false_retarget) ... FAIL
test_floor (test_fixed_family.Contracts.test_floor) ... FAIL
test_full_partition (test_fixed_family.Contracts.test_full_partition) ... FAIL
test_missing_completion (test_fixed_family.Contracts.test_missing_completion) ... FAIL
test_missing_false_member (test_fixed_family.Contracts.test_missing_false_member) ... FAIL
test_missing_fiber (test_fixed_family.Contracts.test_missing_fiber) ... FAIL
test_missing_state (test_fixed_family.Contracts.test_missing_state) ... FAIL
test_preparation (test_fixed_family.Contracts.test_preparation) ... FAIL
test_protected (test_fixed_family.Contracts.test_protected) ... FAIL
test_scope (test_fixed_family.Contracts.test_scope) ... FAIL
test_sharp_preparation (test_fixed_family.Contracts.test_sharp_preparation) ... FAIL
test_state (test_fixed_family.Contracts.test_state) ... FAIL
test_substitute_fiber (test_fixed_family.Contracts.test_substitute_fiber) ... FAIL
test_substituted_truth (test_fixed_family.Contracts.test_substituted_truth) ... FAIL
test_tau (test_fixed_family.Contracts.test_tau) ... FAIL
test_type (test_fixed_family.Contracts.test_type) ... FAIL
test_witness_protected (test_fixed_family.Contracts.test_witness_protected) ... FAIL
test_witness_tau (test_fixed_family.Contracts.test_witness_tau) ... FAIL

======================================================================
FAIL: test_all_categories (test_fixed_family.Contracts.test_all_categories)
----------------------------------------------------------------------
Traceback (most recent call last):
  File "/workspace/scratch/e1b2c832a87f/fixed_family/test_fixed_family.py", line 18, in test_all_categories
    self.ready();d={tuple(f['id']):f for f in self.cert['fibers']};self.assertEqual(d[0,0,1]['category'],'forced_false');self.assertEqual(d[0,0,24]['category'],'mixed');self.assertEqual(d[0,0,62]['category'],'forced_true')
    ^^^^^^^^^^^^
  File "/workspace/scratch/e1b2c832a87f/fixed_family/test_fixed_family.py", line 12, in ready
    def ready(self):self.assertEqual(set(self.mods),{'producer','independent'},'expected RED: implementation absent')
                    ^^^^^^^^^^^^^^^^^^^^^^^^^^^^^^^^^^^^^^^^^^^^^^^^^^^^^^^^^^^^^^^^^^^^^^^^^^^^^^^^^^^^^^^^^^^^^^^^^
AssertionError: Items in the second set but not the first:
'producer'
'independent' : expected RED: implementation absent

======================================================================
FAIL: test_category (test_fixed_family.Contracts.test_category)
----------------------------------------------------------------------
Traceback (most recent call last):
  File "/workspace/scratch/e1b2c832a87f/fixed_family/test_fixed_family.py", line 41, in test_category
    def test_category(self):self.reject(lambda c:c['fibers'][0].__setitem__('category','forced_true'))
                            ^^^^^^^^^^^^^^^^^^^^^^^^^^^^^^^^^^^^^^^^^^^^^^^^^^^^^^^^^^^^^^^^^^^^^^^^^^
  File "/workspace/scratch/e1b2c832a87f/fixed_family/test_fixed_family.py", line 14, in reject
    self.ready();c=copy.deepcopy(self.cert);f(c)
    ^^^^^^^^^^^^
  File "/workspace/scratch/e1b2c832a87f/fixed_family/test_fixed_family.py", line 12, in ready
    def ready(self):self.assertEqual(set(self.mods),{'producer','independent'},'expected RED: implementation absent')
                    ^^^^^^^^^^^^^^^^^^^^^^^^^^^^^^^^^^^^^^^^^^^^^^^^^^^^^^^^^^^^^^^^^^^^^^^^^^^^^^^^^^^^^^^^^^^^^^^^^
AssertionError: Items in the second set but not the first:
'producer'
'independent' : expected RED: implementation absent

======================================================================
FAIL: test_complement_tau (test_fixed_family.Contracts.test_complement_tau)
----------------------------------------------------------------------
Traceback (most recent call last):
  File "/workspace/scratch/e1b2c832a87f/fixed_family/test_fixed_family.py", line 40, in test_complement_tau
    def test_complement_tau(self):self.reject(lambda c:c['fibers'][0].__setitem__('complement_tau',1))
                                  ^^^^^^^^^^^^^^^^^^^^^^^^^^^^^^^^^^^^^^^^^^^^^^^^^^^^^^^^^^^^^^^^^^^^
  File "/workspace/scratch/e1b2c832a87f/fixed_family/test_fixed_family.py", line 14, in reject
    self.ready();c=copy.deepcopy(self.cert);f(c)
    ^^^^^^^^^^^^
  File "/workspace/scratch/e1b2c832a87f/fixed_family/test_fixed_family.py", line 12, in ready
    def ready(self):self.assertEqual(set(self.mods),{'producer','independent'},'expected RED: implementation absent')
                    ^^^^^^^^^^^^^^^^^^^^^^^^^^^^^^^^^^^^^^^^^^^^^^^^^^^^^^^^^^^^^^^^^^^^^^^^^^^^^^^^^^^^^^^^^^^^^^^^^
AssertionError: Items in the second set but not the first:
'producer'
'independent' : expected RED: implementation absent

======================================================================
FAIL: test_complete (test_fixed_family.Contracts.test_complete)
----------------------------------------------------------------------
Traceback (most recent call last):
  File "/workspace/scratch/e1b2c832a87f/fixed_family/test_fixed_family.py", line 16, in test_complete
    def test_complete(self):self.ready();self.assertTrue(self.mods['independent'].verify(self.cert));self.assertEqual(len(self.cert['states']),4096);self.assertEqual(len(self.cert['fibers']),4032)
                            ^^^^^^^^^^^^
  File "/workspace/scratch/e1b2c832a87f/fixed_family/test_fixed_family.py", line 12, in ready
    def ready(self):self.assertEqual(set(self.mods),{'producer','independent'},'expected RED: implementation absent')
                    ^^^^^^^^^^^^^^^^^^^^^^^^^^^^^^^^^^^^^^^^^^^^^^^^^^^^^^^^^^^^^^^^^^^^^^^^^^^^^^^^^^^^^^^^^^^^^^^^^
AssertionError: Items in the second set but not the first:
'producer'
'independent' : expected RED: implementation absent

======================================================================
FAIL: test_core_intersection (test_fixed_family.Contracts.test_core_intersection)
----------------------------------------------------------------------
Traceback (most recent call last):
  File "/workspace/scratch/e1b2c832a87f/fixed_family/test_fixed_family.py", line 39, in test_core_intersection
    def test_core_intersection(self):self.reject(lambda c:c['fibers'][0].__setitem__('core_intersection',[]))
                                     ^^^^^^^^^^^^^^^^^^^^^^^^^^^^^^^^^^^^^^^^^^^^^^^^^^^^^^^^^^^^^^^^^^^^^^^^
  File "/workspace/scratch/e1b2c832a87f/fixed_family/test_fixed_family.py", line 14, in reject
    self.ready();c=copy.deepcopy(self.cert);f(c)
    ^^^^^^^^^^^^
  File "/workspace/scratch/e1b2c832a87f/fixed_family/test_fixed_family.py", line 12, in ready
    def ready(self):self.assertEqual(set(self.mods),{'producer','independent'},'expected RED: implementation absent')
                    ^^^^^^^^^^^^^^^^^^^^^^^^^^^^^^^^^^^^^^^^^^^^^^^^^^^^^^^^^^^^^^^^^^^^^^^^^^^^^^^^^^^^^^^^^^^^^^^^^
AssertionError: Items in the second set but not the first:
'producer'
'independent' : expected RED: implementation absent

======================================================================
FAIL: test_duplicate_completion (test_fixed_family.Contracts.test_duplicate_completion)
----------------------------------------------------------------------
Traceback (most recent call last):
  File "/workspace/scratch/e1b2c832a87f/fixed_family/test_fixed_family.py", line 36, in test_duplicate_completion
    def test_duplicate_completion(self):self.reject(lambda c:c['fibers'][0]['admissible_masks'].append(0))
                                        ^^^^^^^^^^^^^^^^^^^^^^^^^^^^^^^^^^^^^^^^^^^^^^^^^^^^^^^^^^^^^^^^^^
  File "/workspace/scratch/e1b2c832a87f/fixed_family/test_fixed_family.py", line 14, in reject
    self.ready();c=copy.deepcopy(self.cert);f(c)
    ^^^^^^^^^^^^
  File "/workspace/scratch/e1b2c832a87f/fixed_family/test_fixed_family.py", line 12, in ready
    def ready(self):self.assertEqual(set(self.mods),{'producer','independent'},'expected RED: implementation absent')
                    ^^^^^^^^^^^^^^^^^^^^^^^^^^^^^^^^^^^^^^^^^^^^^^^^^^^^^^^^^^^^^^^^^^^^^^^^^^^^^^^^^^^^^^^^^^^^^^^^^
AssertionError: Items in the second set but not the first:
'producer'
'independent' : expected RED: implementation absent

======================================================================
FAIL: test_duplicate_state (test_fixed_family.Contracts.test_duplicate_state)
----------------------------------------------------------------------
Traceback (most recent call last):
  File "/workspace/scratch/e1b2c832a87f/fixed_family/test_fixed_family.py", line 28, in test_duplicate_state
    def test_duplicate_state(self):self.reject(lambda c:c['states'].__setitem__(1,c['states'][0]))
                                   ^^^^^^^^^^^^^^^^^^^^^^^^^^^^^^^^^^^^^^^^^^^^^^^^^^^^^^^^^^^^^^^
  File "/workspace/scratch/e1b2c832a87f/fixed_family/test_fixed_family.py", line 14, in reject
    self.ready();c=copy.deepcopy(self.cert);f(c)
    ^^^^^^^^^^^^
  File "/workspace/scratch/e1b2c832a87f/fixed_family/test_fixed_family.py", line 12, in ready
    def ready(self):self.assertEqual(set(self.mods),{'producer','independent'},'expected RED: implementation absent')
                    ^^^^^^^^^^^^^^^^^^^^^^^^^^^^^^^^^^^^^^^^^^^^^^^^^^^^^^^^^^^^^^^^^^^^^^^^^^^^^^^^^^^^^^^^^^^^^^^^^
AssertionError: Items in the second set but not the first:
'producer'
'independent' : expected RED: implementation absent

======================================================================
FAIL: test_false_floor_extension (test_fixed_family.Contracts.test_false_floor_extension)
----------------------------------------------------------------------
Traceback (most recent call last):
  File "/workspace/scratch/e1b2c832a87f/fixed_family/test_fixed_family.py", line 48, in test_false_floor_extension
    def test_false_floor_extension(self):self.reject(lambda c:c['claims'].__setitem__('floors_above_core_covered',True))
                                         ^^^^^^^^^^^^^^^^^^^^^^^^^^^^^^^^^^^^^^^^^^^^^^^^^^^^^^^^^^^^^^^^^^^^^^^^^^^^^^^
  File "/workspace/scratch/e1b2c832a87f/fixed_family/test_fixed_family.py", line 14, in reject
    self.ready();c=copy.deepcopy(self.cert);f(c)
    ^^^^^^^^^^^^
  File "/workspace/scratch/e1b2c832a87f/fixed_family/test_fixed_family.py", line 12, in ready
    def ready(self):self.assertEqual(set(self.mods),{'producer','independent'},'expected RED: implementation absent')
                    ^^^^^^^^^^^^^^^^^^^^^^^^^^^^^^^^^^^^^^^^^^^^^^^^^^^^^^^^^^^^^^^^^^^^^^^^^^^^^^^^^^^^^^^^^^^^^^^^^
AssertionError: Items in the second set but not the first:
'producer'
'independent' : expected RED: implementation absent

======================================================================
FAIL: test_false_hidden_control (test_fixed_family.Contracts.test_false_hidden_control)
----------------------------------------------------------------------
Traceback (most recent call last):
  File "/workspace/scratch/e1b2c832a87f/fixed_family/test_fixed_family.py", line 45, in test_false_hidden_control
    def test_false_hidden_control(self):self.reject(lambda c:c['claims'].__setitem__('hidden_edits_covered',True))
                                        ^^^^^^^^^^^^^^^^^^^^^^^^^^^^^^^^^^^^^^^^^^^^^^^^^^^^^^^^^^^^^^^^^^^^^^^^^^
  File "/workspace/scratch/e1b2c832a87f/fixed_family/test_fixed_family.py", line 14, in reject
    self.ready();c=copy.deepcopy(self.cert);f(c)
    ^^^^^^^^^^^^
  File "/workspace/scratch/e1b2c832a87f/fixed_family/test_fixed_family.py", line 12, in ready
    def ready(self):self.assertEqual(set(self.mods),{'producer','independent'},'expected RED: implementation absent')
                    ^^^^^^^^^^^^^^^^^^^^^^^^^^^^^^^^^^^^^^^^^^^^^^^^^^^^^^^^^^^^^^^^^^^^^^^^^^^^^^^^^^^^^^^^^^^^^^^^^
AssertionError: Items in the second set but not the first:
'producer'
'independent' : expected RED: implementation absent

======================================================================
FAIL: test_false_native_access (test_fixed_family.Contracts.test_false_native_access)
----------------------------------------------------------------------
Traceback (most recent call last):
  File "/workspace/scratch/e1b2c832a87f/fixed_family/test_fixed_family.py", line 47, in test_false_native_access
    def test_false_native_access(self):self.reject(lambda c:c['claims'].__setitem__('native_access_derived',True))
                                       ^^^^^^^^^^^^^^^^^^^^^^^^^^^^^^^^^^^^^^^^^^^^^^^^^^^^^^^^^^^^^^^^^^^^^^^^^^^
  File "/workspace/scratch/e1b2c832a87f/fixed_family/test_fixed_family.py", line 14, in reject
    self.ready();c=copy.deepcopy(self.cert);f(c)
    ^^^^^^^^^^^^
  File "/workspace/scratch/e1b2c832a87f/fixed_family/test_fixed_family.py", line 12, in ready
    def ready(self):self.assertEqual(set(self.mods),{'producer','independent'},'expected RED: implementation absent')
                    ^^^^^^^^^^^^^^^^^^^^^^^^^^^^^^^^^^^^^^^^^^^^^^^^^^^^^^^^^^^^^^^^^^^^^^^^^^^^^^^^^^^^^^^^^^^^^^^^^
AssertionError: Items in the second set but not the first:
'producer'
'independent' : expected RED: implementation absent

======================================================================
FAIL: test_false_retarget (test_fixed_family.Contracts.test_false_retarget)
----------------------------------------------------------------------
Traceback (most recent call last):
  File "/workspace/scratch/e1b2c832a87f/fixed_family/test_fixed_family.py", line 46, in test_false_retarget
    def test_false_retarget(self):self.reject(lambda c:c['claims'].__setitem__('retargeting_covered',True))
                                  ^^^^^^^^^^^^^^^^^^^^^^^^^^^^^^^^^^^^^^^^^^^^^^^^^^^^^^^^^^^^^^^^^^^^^^^^^
  File "/workspace/scratch/e1b2c832a87f/fixed_family/test_fixed_family.py", line 14, in reject
    self.ready();c=copy.deepcopy(self.cert);f(c)
    ^^^^^^^^^^^^
  File "/workspace/scratch/e1b2c832a87f/fixed_family/test_fixed_family.py", line 12, in ready
    def ready(self):self.assertEqual(set(self.mods),{'producer','independent'},'expected RED: implementation absent')
                    ^^^^^^^^^^^^^^^^^^^^^^^^^^^^^^^^^^^^^^^^^^^^^^^^^^^^^^^^^^^^^^^^^^^^^^^^^^^^^^^^^^^^^^^^^^^^^^^^^
AssertionError: Items in the second set but not the first:
'producer'
'independent' : expected RED: implementation absent

======================================================================
FAIL: test_floor (test_fixed_family.Contracts.test_floor)
----------------------------------------------------------------------
Traceback (most recent call last):
  File "/workspace/scratch/e1b2c832a87f/fixed_family/test_fixed_family.py", line 31, in test_floor
    def test_floor(self):self.reject(lambda c:c['states'][0]['floors'].__setitem__(0,9))
                         ^^^^^^^^^^^^^^^^^^^^^^^^^^^^^^^^^^^^^^^^^^^^^^^^^^^^^^^^^^^^^^^
  File "/workspace/scratch/e1b2c832a87f/fixed_family/test_fixed_family.py", line 14, in reject
    self.ready();c=copy.deepcopy(self.cert);f(c)
    ^^^^^^^^^^^^
  File "/workspace/scratch/e1b2c832a87f/fixed_family/test_fixed_family.py", line 12, in ready
    def ready(self):self.assertEqual(set(self.mods),{'producer','independent'},'expected RED: implementation absent')
                    ^^^^^^^^^^^^^^^^^^^^^^^^^^^^^^^^^^^^^^^^^^^^^^^^^^^^^^^^^^^^^^^^^^^^^^^^^^^^^^^^^^^^^^^^^^^^^^^^^
AssertionError: Items in the second set but not the first:
'producer'
'independent' : expected RED: implementation absent

======================================================================
FAIL: test_full_partition (test_fixed_family.Contracts.test_full_partition)
----------------------------------------------------------------------
Traceback (most recent call last):
  File "/workspace/scratch/e1b2c832a87f/fixed_family/test_fixed_family.py", line 25, in test_full_partition
    self.ready()
  File "/workspace/scratch/e1b2c832a87f/fixed_family/test_fixed_family.py", line 12, in ready
    def ready(self):self.assertEqual(set(self.mods),{'producer','independent'},'expected RED: implementation absent')
                    ^^^^^^^^^^^^^^^^^^^^^^^^^^^^^^^^^^^^^^^^^^^^^^^^^^^^^^^^^^^^^^^^^^^^^^^^^^^^^^^^^^^^^^^^^^^^^^^^^
AssertionError: Items in the second set but not the first:
'producer'
'independent' : expected RED: implementation absent

======================================================================
FAIL: test_missing_completion (test_fixed_family.Contracts.test_missing_completion)
----------------------------------------------------------------------
Traceback (most recent call last):
  File "/workspace/scratch/e1b2c832a87f/fixed_family/test_fixed_family.py", line 35, in test_missing_completion
    def test_missing_completion(self):self.reject(lambda c:c['fibers'][0]['admissible_masks'].pop())
                                      ^^^^^^^^^^^^^^^^^^^^^^^^^^^^^^^^^^^^^^^^^^^^^^^^^^^^^^^^^^^^^^
  File "/workspace/scratch/e1b2c832a87f/fixed_family/test_fixed_family.py", line 14, in reject
    self.ready();c=copy.deepcopy(self.cert);f(c)
    ^^^^^^^^^^^^
  File "/workspace/scratch/e1b2c832a87f/fixed_family/test_fixed_family.py", line 12, in ready
    def ready(self):self.assertEqual(set(self.mods),{'producer','independent'},'expected RED: implementation absent')
                    ^^^^^^^^^^^^^^^^^^^^^^^^^^^^^^^^^^^^^^^^^^^^^^^^^^^^^^^^^^^^^^^^^^^^^^^^^^^^^^^^^^^^^^^^^^^^^^^^^
AssertionError: Items in the second set but not the first:
'producer'
'independent' : expected RED: implementation absent

======================================================================
FAIL: test_missing_false_member (test_fixed_family.Contracts.test_missing_false_member)
----------------------------------------------------------------------
Traceback (most recent call last):
  File "/workspace/scratch/e1b2c832a87f/fixed_family/test_fixed_family.py", line 37, in test_missing_false_member
    def test_missing_false_member(self):self.reject(lambda c:c['fibers'][0]['no_masks'].pop())
                                        ^^^^^^^^^^^^^^^^^^^^^^^^^^^^^^^^^^^^^^^^^^^^^^^^^^^^^^
  File "/workspace/scratch/e1b2c832a87f/fixed_family/test_fixed_family.py", line 14, in reject
    self.ready();c=copy.deepcopy(self.cert);f(c)
    ^^^^^^^^^^^^
  File "/workspace/scratch/e1b2c832a87f/fixed_family/test_fixed_family.py", line 12, in ready
    def ready(self):self.assertEqual(set(self.mods),{'producer','independent'},'expected RED: implementation absent')
                    ^^^^^^^^^^^^^^^^^^^^^^^^^^^^^^^^^^^^^^^^^^^^^^^^^^^^^^^^^^^^^^^^^^^^^^^^^^^^^^^^^^^^^^^^^^^^^^^^^
AssertionError: Items in the second set but not the first:
'producer'
'independent' : expected RED: implementation absent

======================================================================
FAIL: test_missing_fiber (test_fixed_family.Contracts.test_missing_fiber)
----------------------------------------------------------------------
Traceback (most recent call last):
  File "/workspace/scratch/e1b2c832a87f/fixed_family/test_fixed_family.py", line 33, in test_missing_fiber
    def test_missing_fiber(self):self.reject(lambda c:c['fibers'].pop())
                                 ^^^^^^^^^^^^^^^^^^^^^^^^^^^^^^^^^^^^^^^
  File "/workspace/scratch/e1b2c832a87f/fixed_family/test_fixed_family.py", line 14, in reject
    self.ready();c=copy.deepcopy(self.cert);f(c)
    ^^^^^^^^^^^^
  File "/workspace/scratch/e1b2c832a87f/fixed_family/test_fixed_family.py", line 12, in ready
    def ready(self):self.assertEqual(set(self.mods),{'producer','independent'},'expected RED: implementation absent')
                    ^^^^^^^^^^^^^^^^^^^^^^^^^^^^^^^^^^^^^^^^^^^^^^^^^^^^^^^^^^^^^^^^^^^^^^^^^^^^^^^^^^^^^^^^^^^^^^^^^
AssertionError: Items in the second set but not the first:
'producer'
'independent' : expected RED: implementation absent

======================================================================
FAIL: test_missing_state (test_fixed_family.Contracts.test_missing_state)
----------------------------------------------------------------------
Traceback (most recent call last):
  File "/workspace/scratch/e1b2c832a87f/fixed_family/test_fixed_family.py", line 27, in test_missing_state
    def test_missing_state(self):self.reject(lambda c:c['states'].pop())
                                 ^^^^^^^^^^^^^^^^^^^^^^^^^^^^^^^^^^^^^^^
  File "/workspace/scratch/e1b2c832a87f/fixed_family/test_fixed_family.py", line 14, in reject
    self.ready();c=copy.deepcopy(self.cert);f(c)
    ^^^^^^^^^^^^
  File "/workspace/scratch/e1b2c832a87f/fixed_family/test_fixed_family.py", line 12, in ready
    def ready(self):self.assertEqual(set(self.mods),{'producer','independent'},'expected RED: implementation absent')
                    ^^^^^^^^^^^^^^^^^^^^^^^^^^^^^^^^^^^^^^^^^^^^^^^^^^^^^^^^^^^^^^^^^^^^^^^^^^^^^^^^^^^^^^^^^^^^^^^^^
AssertionError: Items in the second set but not the first:
'producer'
'independent' : expected RED: implementation absent

======================================================================
FAIL: test_preparation (test_fixed_family.Contracts.test_preparation)
----------------------------------------------------------------------
Traceback (most recent call last):
  File "/workspace/scratch/e1b2c832a87f/fixed_family/test_fixed_family.py", line 42, in test_preparation
    def test_preparation(self):self.reject(lambda c:c['fibers'][0].__setitem__('preparation_possible',True))
                               ^^^^^^^^^^^^^^^^^^^^^^^^^^^^^^^^^^^^^^^^^^^^^^^^^^^^^^^^^^^^^^^^^^^^^^^^^^^^^
  File "/workspace/scratch/e1b2c832a87f/fixed_family/test_fixed_family.py", line 14, in reject
    self.ready();c=copy.deepcopy(self.cert);f(c)
    ^^^^^^^^^^^^
  File "/workspace/scratch/e1b2c832a87f/fixed_family/test_fixed_family.py", line 12, in ready
    def ready(self):self.assertEqual(set(self.mods),{'producer','independent'},'expected RED: implementation absent')
                    ^^^^^^^^^^^^^^^^^^^^^^^^^^^^^^^^^^^^^^^^^^^^^^^^^^^^^^^^^^^^^^^^^^^^^^^^^^^^^^^^^^^^^^^^^^^^^^^^^
AssertionError: Items in the second set but not the first:
'producer'
'independent' : expected RED: implementation absent

======================================================================
FAIL: test_protected (test_fixed_family.Contracts.test_protected)
----------------------------------------------------------------------
Traceback (most recent call last):
  File "/workspace/scratch/e1b2c832a87f/fixed_family/test_fixed_family.py", line 32, in test_protected
    def test_protected(self):self.reject(lambda c:c['states'][0].__setitem__('protected',False))
                             ^^^^^^^^^^^^^^^^^^^^^^^^^^^^^^^^^^^^^^^^^^^^^^^^^^^^^^^^^^^^^^^^^^^
  File "/workspace/scratch/e1b2c832a87f/fixed_family/test_fixed_family.py", line 14, in reject
    self.ready();c=copy.deepcopy(self.cert);f(c)
    ^^^^^^^^^^^^
  File "/workspace/scratch/e1b2c832a87f/fixed_family/test_fixed_family.py", line 12, in ready
    def ready(self):self.assertEqual(set(self.mods),{'producer','independent'},'expected RED: implementation absent')
                    ^^^^^^^^^^^^^^^^^^^^^^^^^^^^^^^^^^^^^^^^^^^^^^^^^^^^^^^^^^^^^^^^^^^^^^^^^^^^^^^^^^^^^^^^^^^^^^^^^
AssertionError: Items in the second set but not the first:
'producer'
'independent' : expected RED: implementation absent

======================================================================
FAIL: test_scope (test_fixed_family.Contracts.test_scope)
----------------------------------------------------------------------
Traceback (most recent call last):
  File "/workspace/scratch/e1b2c832a87f/fixed_family/test_fixed_family.py", line 49, in test_scope
    def test_scope(self):self.reject(lambda c:c.__setitem__('scope_commit','0'*40))
                         ^^^^^^^^^^^^^^^^^^^^^^^^^^^^^^^^^^^^^^^^^^^^^^^^^^^^^^^^^^
  File "/workspace/scratch/e1b2c832a87f/fixed_family/test_fixed_family.py", line 14, in reject
    self.ready();c=copy.deepcopy(self.cert);f(c)
    ^^^^^^^^^^^^
  File "/workspace/scratch/e1b2c832a87f/fixed_family/test_fixed_family.py", line 12, in ready
    def ready(self):self.assertEqual(set(self.mods),{'producer','independent'},'expected RED: implementation absent')
                    ^^^^^^^^^^^^^^^^^^^^^^^^^^^^^^^^^^^^^^^^^^^^^^^^^^^^^^^^^^^^^^^^^^^^^^^^^^^^^^^^^^^^^^^^^^^^^^^^^
AssertionError: Items in the second set but not the first:
'producer'
'independent' : expected RED: implementation absent

======================================================================
FAIL: test_sharp_preparation (test_fixed_family.Contracts.test_sharp_preparation)
----------------------------------------------------------------------
Traceback (most recent call last):
  File "/workspace/scratch/e1b2c832a87f/fixed_family/test_fixed_family.py", line 20, in test_sharp_preparation
    self.ready()
  File "/workspace/scratch/e1b2c832a87f/fixed_family/test_fixed_family.py", line 12, in ready
    def ready(self):self.assertEqual(set(self.mods),{'producer','independent'},'expected RED: implementation absent')
                    ^^^^^^^^^^^^^^^^^^^^^^^^^^^^^^^^^^^^^^^^^^^^^^^^^^^^^^^^^^^^^^^^^^^^^^^^^^^^^^^^^^^^^^^^^^^^^^^^^
AssertionError: Items in the second set but not the first:
'producer'
'independent' : expected RED: implementation absent

======================================================================
FAIL: test_state (test_fixed_family.Contracts.test_state)
----------------------------------------------------------------------
Traceback (most recent call last):
  File "/workspace/scratch/e1b2c832a87f/fixed_family/test_fixed_family.py", line 30, in test_state
    def test_state(self):self.reject(lambda c:c['states'][0]['supports'].__setitem__(0,0))
                         ^^^^^^^^^^^^^^^^^^^^^^^^^^^^^^^^^^^^^^^^^^^^^^^^^^^^^^^^^^^^^^^^^
  File "/workspace/scratch/e1b2c832a87f/fixed_family/test_fixed_family.py", line 14, in reject
    self.ready();c=copy.deepcopy(self.cert);f(c)
    ^^^^^^^^^^^^
  File "/workspace/scratch/e1b2c832a87f/fixed_family/test_fixed_family.py", line 12, in ready
    def ready(self):self.assertEqual(set(self.mods),{'producer','independent'},'expected RED: implementation absent')
                    ^^^^^^^^^^^^^^^^^^^^^^^^^^^^^^^^^^^^^^^^^^^^^^^^^^^^^^^^^^^^^^^^^^^^^^^^^^^^^^^^^^^^^^^^^^^^^^^^^
AssertionError: Items in the second set but not the first:
'producer'
'independent' : expected RED: implementation absent

======================================================================
FAIL: test_substitute_fiber (test_fixed_family.Contracts.test_substitute_fiber)
----------------------------------------------------------------------
Traceback (most recent call last):
  File "/workspace/scratch/e1b2c832a87f/fixed_family/test_fixed_family.py", line 34, in test_substitute_fiber
    def test_substitute_fiber(self):self.reject(lambda c:c['fibers'].__setitem__(1,c['fibers'][0]))
                                    ^^^^^^^^^^^^^^^^^^^^^^^^^^^^^^^^^^^^^^^^^^^^^^^^^^^^^^^^^^^^^^^
  File "/workspace/scratch/e1b2c832a87f/fixed_family/test_fixed_family.py", line 14, in reject
    self.ready();c=copy.deepcopy(self.cert);f(c)
    ^^^^^^^^^^^^
  File "/workspace/scratch/e1b2c832a87f/fixed_family/test_fixed_family.py", line 12, in ready
    def ready(self):self.assertEqual(set(self.mods),{'producer','independent'},'expected RED: implementation absent')
                    ^^^^^^^^^^^^^^^^^^^^^^^^^^^^^^^^^^^^^^^^^^^^^^^^^^^^^^^^^^^^^^^^^^^^^^^^^^^^^^^^^^^^^^^^^^^^^^^^^
AssertionError: Items in the second set but not the first:
'producer'
'independent' : expected RED: implementation absent

======================================================================
FAIL: test_substituted_truth (test_fixed_family.Contracts.test_substituted_truth)
----------------------------------------------------------------------
Traceback (most recent call last):
  File "/workspace/scratch/e1b2c832a87f/fixed_family/test_fixed_family.py", line 38, in test_substituted_truth
    def test_substituted_truth(self):self.reject(lambda c:c['fibers'][0]['yes_masks'].append(0))
                                     ^^^^^^^^^^^^^^^^^^^^^^^^^^^^^^^^^^^^^^^^^^^^^^^^^^^^^^^^^^^
  File "/workspace/scratch/e1b2c832a87f/fixed_family/test_fixed_family.py", line 14, in reject
    self.ready();c=copy.deepcopy(self.cert);f(c)
    ^^^^^^^^^^^^
  File "/workspace/scratch/e1b2c832a87f/fixed_family/test_fixed_family.py", line 12, in ready
    def ready(self):self.assertEqual(set(self.mods),{'producer','independent'},'expected RED: implementation absent')
                    ^^^^^^^^^^^^^^^^^^^^^^^^^^^^^^^^^^^^^^^^^^^^^^^^^^^^^^^^^^^^^^^^^^^^^^^^^^^^^^^^^^^^^^^^^^^^^^^^^
AssertionError: Items in the second set but not the first:
'producer'
'independent' : expected RED: implementation absent

======================================================================
FAIL: test_tau (test_fixed_family.Contracts.test_tau)
----------------------------------------------------------------------
Traceback (most recent call last):
  File "/workspace/scratch/e1b2c832a87f/fixed_family/test_fixed_family.py", line 29, in test_tau
    def test_tau(self):self.reject(lambda c:c['states'][0].__setitem__('tau',2))
                       ^^^^^^^^^^^^^^^^^^^^^^^^^^^^^^^^^^^^^^^^^^^^^^^^^^^^^^^^^
  File "/workspace/scratch/e1b2c832a87f/fixed_family/test_fixed_family.py", line 14, in reject
    self.ready();c=copy.deepcopy(self.cert);f(c)
    ^^^^^^^^^^^^
  File "/workspace/scratch/e1b2c832a87f/fixed_family/test_fixed_family.py", line 12, in ready
    def ready(self):self.assertEqual(set(self.mods),{'producer','independent'},'expected RED: implementation absent')
                    ^^^^^^^^^^^^^^^^^^^^^^^^^^^^^^^^^^^^^^^^^^^^^^^^^^^^^^^^^^^^^^^^^^^^^^^^^^^^^^^^^^^^^^^^^^^^^^^^^
AssertionError: Items in the second set but not the first:
'producer'
'independent' : expected RED: implementation absent

======================================================================
FAIL: test_type (test_fixed_family.Contracts.test_type)
----------------------------------------------------------------------
Traceback (most recent call last):
  File "/workspace/scratch/e1b2c832a87f/fixed_family/test_fixed_family.py", line 50, in test_type
    def test_type(self):self.reject(lambda c:c['fibers'][0]['id'].__setitem__(0,False))
                        ^^^^^^^^^^^^^^^^^^^^^^^^^^^^^^^^^^^^^^^^^^^^^^^^^^^^^^^^^^^^^^^
  File "/workspace/scratch/e1b2c832a87f/fixed_family/test_fixed_family.py", line 14, in reject
    self.ready();c=copy.deepcopy(self.cert);f(c)
    ^^^^^^^^^^^^
  File "/workspace/scratch/e1b2c832a87f/fixed_family/test_fixed_family.py", line 12, in ready
    def ready(self):self.assertEqual(set(self.mods),{'producer','independent'},'expected RED: implementation absent')
                    ^^^^^^^^^^^^^^^^^^^^^^^^^^^^^^^^^^^^^^^^^^^^^^^^^^^^^^^^^^^^^^^^^^^^^^^^^^^^^^^^^^^^^^^^^^^^^^^^^
AssertionError: Items in the second set but not the first:
'producer'
'independent' : expected RED: implementation absent

======================================================================
FAIL: test_witness_protected (test_fixed_family.Contracts.test_witness_protected)
----------------------------------------------------------------------
Traceback (most recent call last):
  File "/workspace/scratch/e1b2c832a87f/fixed_family/test_fixed_family.py", line 44, in test_witness_protected
    def test_witness_protected(self):self.reject(lambda c:c['fibers'][0]['witness'].__setitem__('protected',False))
                                     ^^^^^^^^^^^^^^^^^^^^^^^^^^^^^^^^^^^^^^^^^^^^^^^^^^^^^^^^^^^^^^^^^^^^^^^^^^^^^^
  File "/workspace/scratch/e1b2c832a87f/fixed_family/test_fixed_family.py", line 14, in reject
    self.ready();c=copy.deepcopy(self.cert);f(c)
    ^^^^^^^^^^^^
  File "/workspace/scratch/e1b2c832a87f/fixed_family/test_fixed_family.py", line 12, in ready
    def ready(self):self.assertEqual(set(self.mods),{'producer','independent'},'expected RED: implementation absent')
                    ^^^^^^^^^^^^^^^^^^^^^^^^^^^^^^^^^^^^^^^^^^^^^^^^^^^^^^^^^^^^^^^^^^^^^^^^^^^^^^^^^^^^^^^^^^^^^^^^^
AssertionError: Items in the second set but not the first:
'producer'
'independent' : expected RED: implementation absent

======================================================================
FAIL: test_witness_tau (test_fixed_family.Contracts.test_witness_tau)
----------------------------------------------------------------------
Traceback (most recent call last):
  File "/workspace/scratch/e1b2c832a87f/fixed_family/test_fixed_family.py", line 43, in test_witness_tau
    def test_witness_tau(self):self.reject(lambda c:c['fibers'][0]['witness'].__setitem__('tau',2))
                               ^^^^^^^^^^^^^^^^^^^^^^^^^^^^^^^^^^^^^^^^^^^^^^^^^^^^^^^^^^^^^^^^^^^^
  File "/workspace/scratch/e1b2c832a87f/fixed_family/test_fixed_family.py", line 14, in reject
    self.ready();c=copy.deepcopy(self.cert);f(c)
    ^^^^^^^^^^^^
  File "/workspace/scratch/e1b2c832a87f/fixed_family/test_fixed_family.py", line 12, in ready
    def ready(self):self.assertEqual(set(self.mods),{'producer','independent'},'expected RED: implementation absent')
                    ^^^^^^^^^^^^^^^^^^^^^^^^^^^^^^^^^^^^^^^^^^^^^^^^^^^^^^^^^^^^^^^^^^^^^^^^^^^^^^^^^^^^^^^^^^^^^^^^^
AssertionError: Items in the second set but not the first:
'producer'
'independent' : expected RED: implementation absent

----------------------------------------------------------------------
Ran 28 tests in 0.005s

FAILED (failures=28)
