2026-09-30T18:18:59.7518085Z Current runner version: '2.337.0'
2026-09-30T18:18:59.7543226Z ##[group]Runner Image Provisioner
2026-09-30T18:18:59.7544127Z Hosted Compute Agent
2026-09-30T18:18:59.7545176Z Version: 20260901.588
2026-09-30T18:18:59.7545843Z Commit: f88ec8081b781fac6c440065ac7ff9e710ce3d0b
2026-09-30T18:18:59.7546675Z Build Date: 2026-09-01T19:56:44Z
2026-09-30T18:18:59.7547416Z Worker ID: {53e26c84-4c1f-468a-8756-7b8bc758e472}
2026-09-30T18:18:59.7548188Z Azure Region: westus
2026-09-30T18:18:59.7548849Z ##[endgroup]
2026-09-30T18:18:59.7550595Z ##[group]Operating System
2026-09-30T18:18:59.7551249Z Ubuntu
2026-09-30T18:18:59.7551938Z 24.04.5
2026-09-30T18:18:59.7552521Z LTS
2026-09-30T18:18:59.7553126Z ##[endgroup]
2026-09-30T18:18:59.7553715Z ##[group]Runner Image
2026-09-30T18:18:59.7554324Z Image: ubuntu-24.04
2026-09-30T18:18:59.7554983Z Version: 20260927.320.1
2026-09-30T18:18:59.7556314Z Included Software: https://github.com/actions/runner-images/blob/ubuntu24/20260927.320/images/ubuntu/Ubuntu2404-Readme.md
2026-09-30T18:18:59.7558106Z Image Release: https://github.com/actions/runner-images/releases/tag/ubuntu24%2F20260927.320
2026-09-30T18:18:59.7559123Z ##[endgroup]
2026-09-30T18:18:59.7560803Z ##[group]GITHUB_TOKEN Permissions
2026-09-30T18:18:59.7563056Z Contents: read
2026-09-30T18:18:59.7563795Z Metadata: read
2026-09-30T18:18:59.7564387Z ##[endgroup]
2026-09-30T18:18:59.7566512Z Secret source: Actions
2026-09-30T18:18:59.7567565Z Cache mode: write
2026-09-30T18:18:59.7568299Z Prepare workflow directory
2026-09-30T18:18:59.7918417Z Prepare all required actions
2026-09-30T18:18:59.7985477Z Getting action download info
2026-09-30T18:19:00.1879242Z Download action repository 'actions/checkout@11d5960a326750d5838078e36cf38b85af677262' (SHA:11d5960a326750d5838078e36cf38b85af677262)
2026-09-30T18:19:00.2656713Z Download action repository 'actions/setup-python@a26af69be951a213d495a4c3e4e4022e16d87065' (SHA:a26af69be951a213d495a4c3e4e4022e16d87065)
2026-09-30T18:19:00.3447400Z Download action repository 'actions/upload-artifact@ea165f8d65b6e75b540449e92b4886f43607fa02' (SHA:ea165f8d65b6e75b540449e92b4886f43607fa02)
2026-09-30T18:19:00.5633989Z Complete job name: post_merge
2026-09-30T18:19:00.6381149Z ##[group]Run actions/checkout@11d5960a326750d5838078e36cf38b85af677262
2026-09-30T18:19:00.6382536Z with:
2026-09-30T18:19:00.6382976Z   fetch-depth: 64
2026-09-30T18:19:00.6383496Z   repository: proteinfoldingengine/WetLabEngine
2026-09-30T18:19:00.6387456Z   token: ***
2026-09-30T18:19:00.6387940Z   ssh-strict: true
2026-09-30T18:19:00.6388394Z   ssh-user: git
2026-09-30T18:19:00.6388848Z   persist-credentials: true
2026-09-30T18:19:00.6389337Z   clean: true
2026-09-30T18:19:00.6389996Z   sparse-checkout-cone-mode: true
2026-09-30T18:19:00.6390530Z   fetch-tags: false
2026-09-30T18:19:00.6390981Z   show-progress: true
2026-09-30T18:19:00.6391427Z   lfs: false
2026-09-30T18:19:00.6391853Z   submodules: false
2026-09-30T18:19:00.6392307Z   set-safe-directory: true
2026-09-30T18:19:00.6392819Z   allow-unsafe-pr-checkout: false
2026-09-30T18:19:00.6393684Z ##[endgroup]
2026-09-30T18:19:00.7381797Z Syncing repository: proteinfoldingengine/WetLabEngine
2026-09-30T18:19:00.7384544Z ##[group]Getting Git version info
2026-09-30T18:19:00.7385763Z Working directory is '/home/runner/work/WetLabEngine/WetLabEngine'
2026-09-30T18:19:00.7387423Z [command]/usr/bin/git version
2026-09-30T18:19:00.7443389Z git version 2.55.0
2026-09-30T18:19:00.7464470Z ##[endgroup]
2026-09-30T18:19:00.7478923Z Temporarily overriding HOME='/home/runner/work/_temp/1229d357-f1df-4c65-b3c3-9b8bc0dd0d2b' before making global git config changes
2026-09-30T18:19:00.7481441Z Adding repository directory to the temporary git global config as a safe directory
2026-09-30T18:19:00.7484560Z [command]/usr/bin/git config --global --add safe.directory /home/runner/work/WetLabEngine/WetLabEngine
2026-09-30T18:19:00.7532232Z Deleting the contents of '/home/runner/work/WetLabEngine/WetLabEngine'
2026-09-30T18:19:00.7548569Z ##[group]Initializing the repository
2026-09-30T18:19:00.7551120Z [command]/usr/bin/git init /home/runner/work/WetLabEngine/WetLabEngine
2026-09-30T18:19:00.7620879Z hint: Using 'master' as the name for the initial branch. This default branch name
2026-09-30T18:19:00.7622587Z hint: will change to "main" in Git 3.0. To configure the initial branch name
2026-09-30T18:19:00.7626019Z hint: to use in all of your new repositories, which will suppress this warning,
2026-09-30T18:19:00.7627622Z hint: call:
2026-09-30T18:19:00.7628808Z hint:
2026-09-30T18:19:00.7630078Z hint: 	git config --global init.defaultBranch <name>
2026-09-30T18:19:00.7631336Z hint:
2026-09-30T18:19:00.7632495Z hint: Names commonly chosen instead of 'master' are 'main', 'trunk' and
2026-09-30T18:19:00.7634200Z hint: 'development'. The just-created branch can be renamed via this command:
2026-09-30T18:19:00.7635553Z hint:
2026-09-30T18:19:00.7636363Z hint: 	git branch -m <name>
2026-09-30T18:19:00.7637381Z hint:
2026-09-30T18:19:00.7638232Z hint: Disable this message with "git config set advice.defaultBranchName false"
2026-09-30T18:19:00.7639483Z Initialized empty Git repository in /home/runner/work/WetLabEngine/WetLabEngine/.git/
2026-09-30T18:19:00.7643172Z [command]/usr/bin/git remote add origin https://github.com/proteinfoldingengine/WetLabEngine
2026-09-30T18:19:00.7679527Z ##[endgroup]
2026-09-30T18:19:00.7680946Z ##[group]Disabling automatic garbage collection
2026-09-30T18:19:00.7684495Z [command]/usr/bin/git config --local gc.auto 0
2026-09-30T18:19:00.7717744Z ##[endgroup]
2026-09-30T18:19:00.7718889Z ##[group]Setting up auth
2026-09-30T18:19:00.7724939Z [command]/usr/bin/git config --local --name-only --get-regexp core\.sshCommand
2026-09-30T18:19:00.7759907Z [command]/usr/bin/git submodule foreach --recursive sh -c "git config --local --name-only --get-regexp 'core\.sshCommand' && git config --local --unset-all 'core.sshCommand' || :"
2026-09-30T18:19:00.8104153Z [command]/usr/bin/git config --local --name-only --get-regexp http\.https\:\/\/github\.com\/\.extraheader
2026-09-30T18:19:00.8145162Z [command]/usr/bin/git submodule foreach --recursive sh -c "git config --local --name-only --get-regexp 'http\.https\:\/\/github\.com\/\.extraheader' && git config --local --unset-all 'http.https://github.com/.extraheader' || :"
2026-09-30T18:19:00.8422380Z [command]/usr/bin/git config --local --name-only --get-regexp ^includeIf\.gitdir:
2026-09-30T18:19:00.8461135Z [command]/usr/bin/git submodule foreach --recursive git config --local --show-origin --name-only --get-regexp remote.origin.url
2026-09-30T18:19:00.8726111Z [command]/usr/bin/git config --local http.https://github.com/.extraheader AUTHORIZATION: basic ***
2026-09-30T18:19:00.8779465Z ##[endgroup]
2026-09-30T18:19:00.8781419Z ##[group]Fetching the repository
2026-09-30T18:19:00.8791351Z [command]/usr/bin/git -c protocol.version=2 fetch --no-tags --prune --no-recurse-submodules --depth=64 origin +e4de671b3e483cc82a2e240dbd6a8d4d83e6518f:refs/remotes/origin/research/v16.34-fiber-component-invariant
2026-09-30T18:19:33.3174777Z From https://github.com/proteinfoldingengine/WetLabEngine
2026-09-30T18:19:33.3176142Z  * [new ref]         e4de671b3e483cc82a2e240dbd6a8d4d83e6518f -> origin/research/v16.34-fiber-component-invariant
2026-09-30T18:19:33.3181418Z ##[endgroup]
2026-09-30T18:19:33.3182286Z ##[group]Determining the checkout info
2026-09-30T18:19:33.3183172Z ##[endgroup]
2026-09-30T18:19:33.3189408Z [command]/usr/bin/git sparse-checkout disable
2026-09-30T18:19:33.3239665Z [command]/usr/bin/git config --local --unset-all extensions.worktreeConfig
2026-09-30T18:19:33.3273447Z ##[group]Checking out the ref
2026-09-30T18:19:33.3277993Z [command]/usr/bin/git checkout --progress --force -B research/v16.34-fiber-component-invariant refs/remotes/origin/research/v16.34-fiber-component-invariant
2026-09-30T18:19:34.3397837Z Updating files:  53% (3005/5565)
2026-09-30T18:19:34.5242255Z Updating files:  54% (3006/5565)
2026-09-30T18:19:34.5286885Z Updating files:  55% (3061/5565)
2026-09-30T18:19:34.5338279Z Updating files:  56% (3117/5565)
2026-09-30T18:19:34.5367871Z Updating files:  57% (3173/5565)
2026-09-30T18:19:34.5405476Z Updating files:  58% (3228/5565)
2026-09-30T18:19:34.5776891Z Updating files:  59% (3284/5565)
2026-09-30T18:19:34.6202036Z Updating files:  60% (3339/5565)
2026-09-30T18:19:34.6224879Z Updating files:  61% (3395/5565)
2026-09-30T18:19:34.6290477Z Updating files:  62% (3451/5565)
2026-09-30T18:19:34.6405880Z Updating files:  63% (3506/5565)
2026-09-30T18:19:34.6546000Z Updating files:  64% (3562/5565)
2026-09-30T18:19:34.6730487Z Updating files:  65% (3618/5565)
2026-09-30T18:19:34.6784194Z Updating files:  66% (3673/5565)
2026-09-30T18:19:34.7241483Z Updating files:  67% (3729/5565)
2026-09-30T18:19:34.7963019Z Updating files:  68% (3785/5565)
2026-09-30T18:19:35.0616580Z Updating files:  69% (3840/5565)
2026-09-30T18:19:35.0646698Z Updating files:  70% (3896/5565)
2026-09-30T18:19:35.1937641Z Updating files:  71% (3952/5565)
2026-09-30T18:19:35.3201804Z Updating files:  72% (4007/5565)
2026-09-30T18:19:35.3529581Z Updating files:  73% (4063/5565)
2026-09-30T18:19:35.4240440Z Updating files:  73% (4085/5565)
2026-09-30T18:19:35.4738687Z Updating files:  74% (4119/5565)
2026-09-30T18:19:35.4946546Z Updating files:  75% (4174/5565)
2026-09-30T18:19:35.4998498Z Updating files:  76% (4230/5565)
2026-09-30T18:19:35.5515334Z Updating files:  77% (4286/5565)
2026-09-30T18:19:35.5556389Z Updating files:  78% (4341/5565)
2026-09-30T18:19:35.5592060Z Updating files:  79% (4397/5565)
2026-09-30T18:19:35.5625084Z Updating files:  80% (4452/5565)
2026-09-30T18:19:35.5659367Z Updating files:  81% (4508/5565)
2026-09-30T18:19:35.5692204Z Updating files:  82% (4564/5565)
2026-09-30T18:19:35.5732500Z Updating files:  83% (4619/5565)
2026-09-30T18:19:35.5759331Z Updating files:  84% (4675/5565)
2026-09-30T18:19:35.5781771Z Updating files:  85% (4731/5565)
2026-09-30T18:19:35.5953554Z Updating files:  86% (4786/5565)
2026-09-30T18:19:35.9906244Z Updating files:  87% (4842/5565)
2026-09-30T18:19:35.9997369Z Updating files:  88% (4898/5565)
2026-09-30T18:19:36.0284784Z Updating files:  89% (4953/5565)
2026-09-30T18:19:36.0566208Z Updating files:  90% (5009/5565)
2026-09-30T18:19:36.0718242Z Updating files:  91% (5065/5565)
2026-09-30T18:19:36.1031991Z Updating files:  92% (5120/5565)
2026-09-30T18:19:36.1524270Z Updating files:  93% (5176/5565)
2026-09-30T18:19:36.1580628Z Updating files:  94% (5232/5565)
2026-09-30T18:19:36.1626995Z Updating files:  95% (5287/5565)
2026-09-30T18:19:36.1730688Z Updating files:  96% (5343/5565)
2026-09-30T18:19:36.1783542Z Updating files:  97% (5399/5565)
2026-09-30T18:19:36.1931308Z Updating files:  98% (5454/5565)
2026-09-30T18:19:36.1978117Z Updating files:  99% (5510/5565)
2026-09-30T18:19:36.1978876Z Updating files: 100% (5565/5565)
2026-09-30T18:19:36.1979333Z Updating files: 100% (5565/5565), done.
2026-09-30T18:19:36.2057883Z Switched to a new branch 'research/v16.34-fiber-component-invariant'
2026-09-30T18:19:36.2063792Z branch 'research/v16.34-fiber-component-invariant' set up to track 'origin/research/v16.34-fiber-component-invariant'.
2026-09-30T18:19:36.2195383Z ##[endgroup]
2026-09-30T18:19:36.2251177Z [command]/usr/bin/git log -1 --format=%H
2026-09-30T18:19:36.2281324Z e4de671b3e483cc82a2e240dbd6a8d4d83e6518f
2026-09-30T18:19:36.2615515Z ##[group]Run actions/setup-python@a26af69be951a213d495a4c3e4e4022e16d87065
2026-09-30T18:19:36.2615913Z with:
2026-09-30T18:19:36.2616125Z   python-version: 3.11
2026-09-30T18:19:36.2616371Z   check-latest: false
2026-09-30T18:19:36.2618798Z   token: ***
2026-09-30T18:19:36.2619024Z   update-environment: true
2026-09-30T18:19:36.2619285Z   allow-prereleases: false
2026-09-30T18:19:36.2619518Z   freethreaded: false
2026-09-30T18:19:36.2619925Z ##[endgroup]
2026-09-30T18:19:36.3918829Z ##[group]Installed versions
2026-09-30T18:19:36.3988903Z (node:2299) [DEP0040] DeprecationWarning: The `punycode` module is deprecated. Please use a userland alternative instead.
2026-09-30T18:19:36.3989600Z (Use `node --trace-deprecation ...` to show where the warning was created)
2026-09-30T18:19:36.3990732Z Successfully set up CPython (3.11.16)
2026-09-30T18:19:36.3991751Z ##[endgroup]
2026-09-30T18:19:36.4208408Z ##[group]Run python -m pip install sympy==1.13.3 mpmath==1.3.0
2026-09-30T18:19:36.4208936Z [36;1mpython -m pip install sympy==1.13.3 mpmath==1.3.0[0m
2026-09-30T18:19:36.4632442Z shell: /usr/bin/bash -e {0}
2026-09-30T18:19:36.4632753Z env:
2026-09-30T18:19:36.4633052Z   pythonLocation: /opt/hostedtoolcache/Python/3.11.16/x64
2026-09-30T18:19:36.4633552Z   PKG_CONFIG_PATH: /opt/hostedtoolcache/Python/3.11.16/x64/lib/pkgconfig
2026-09-30T18:19:36.4633989Z   Python_ROOT_DIR: /opt/hostedtoolcache/Python/3.11.16/x64
2026-09-30T18:19:36.4634377Z   Python2_ROOT_DIR: /opt/hostedtoolcache/Python/3.11.16/x64
2026-09-30T18:19:36.4634759Z   Python3_ROOT_DIR: /opt/hostedtoolcache/Python/3.11.16/x64
2026-09-30T18:19:36.4635136Z   LD_LIBRARY_PATH: /opt/hostedtoolcache/Python/3.11.16/x64/lib
2026-09-30T18:19:36.4635466Z ##[endgroup]
2026-09-30T18:19:39.4953283Z Collecting sympy==1.13.3
2026-09-30T18:19:39.5456793Z   Downloading sympy-1.13.3-py3-none-any.whl.metadata (12 kB)
2026-09-30T18:19:39.5628105Z Collecting mpmath==1.3.0
2026-09-30T18:19:39.5660738Z   Downloading mpmath-1.3.0-py3-none-any.whl.metadata (8.6 kB)
2026-09-30T18:19:39.5739277Z Downloading sympy-1.13.3-py3-none-any.whl (6.2 MB)
2026-09-30T18:19:39.6252799Z    ━━━━━━━━━━━━━━━━━━━━━━━━━━━━━━━━━━━━━━━━ 6.2/6.2 MB 194.0 MB/s  0:00:00
2026-09-30T18:19:39.6285290Z Downloading mpmath-1.3.0-py3-none-any.whl (536 kB)
2026-09-30T18:19:39.6336486Z    ━━━━━━━━━━━━━━━━━━━━━━━━━━━━━━━━━━━━━━━━ 536.2/536.2 kB 88.8 MB/s  0:00:00
2026-09-30T18:19:39.7958370Z Installing collected packages: mpmath, sympy
2026-09-30T18:19:45.2340955Z 
2026-09-30T18:19:45.2352264Z Successfully installed mpmath-1.3.0 sympy-1.13.3
2026-09-30T18:19:45.2878293Z ##[group]Run set -euo pipefail
2026-09-30T18:19:45.2878652Z [36;1mset -euo pipefail[0m
2026-09-30T18:19:45.2878942Z [36;1mtest "$(git rev-parse HEAD)" = "$GITHUB_SHA"[0m
2026-09-30T18:19:45.2879349Z [36;1mD=ResearchHistory/UQCF-GEM/demos/v16.38-six-vertex-barriers[0m
2026-09-30T18:19:45.2879941Z [36;1mmkdir -p out/merge/logs[0m
2026-09-30T18:19:45.2880336Z [36;1mpython "$D/publication.py" verify 2>&1 | tee out/merge/logs/manifest.log[0m
2026-09-30T18:19:45.2880834Z [36;1mpython "$D/test_extension.py" 2>&1 | tee out/merge/logs/tests.log[0m
2026-09-30T18:19:45.2881367Z [36;1mpython "$D/run_campaign.py" out/merge/scientific 2>&1 | tee out/merge/logs/science.log[0m
2026-09-30T18:19:45.2881980Z [36;1mpython "$D/publication.py" equal "$D/evidence/science/scientific" out/merge/scientific[0m
2026-09-30T18:19:45.2882510Z [36;1mpython "$D/run_inherited.py" 2>&1 | tee out/merge/logs/inherited.log[0m
2026-09-30T18:19:45.2883006Z [36;1mPHASE=post_merge python "$D/evidence.py" package out/merge[0m
2026-09-30T18:19:45.2954863Z shell: /usr/bin/bash -e {0}
2026-09-30T18:19:45.2955123Z env:
2026-09-30T18:19:45.2955402Z   pythonLocation: /opt/hostedtoolcache/Python/3.11.16/x64
2026-09-30T18:19:45.2955833Z   PKG_CONFIG_PATH: /opt/hostedtoolcache/Python/3.11.16/x64/lib/pkgconfig
2026-09-30T18:19:45.2956268Z   Python_ROOT_DIR: /opt/hostedtoolcache/Python/3.11.16/x64
2026-09-30T18:19:45.2956651Z   Python2_ROOT_DIR: /opt/hostedtoolcache/Python/3.11.16/x64
2026-09-30T18:19:45.2957024Z   Python3_ROOT_DIR: /opt/hostedtoolcache/Python/3.11.16/x64
2026-09-30T18:19:45.2957394Z   LD_LIBRARY_PATH: /opt/hostedtoolcache/Python/3.11.16/x64/lib
2026-09-30T18:19:45.2957717Z ##[endgroup]
2026-09-30T18:19:45.6327779Z {"publication_manifest": "VERIFIED", "members": 45}
2026-09-30T18:19:45.8102822Z test_changed_edges_rejected (__main__.Extension.test_changed_edges_rejected) ... ok
2026-09-30T18:19:45.8103821Z test_duplicate_graph_rejected (__main__.Extension.test_duplicate_graph_rejected) ... ok
2026-09-30T18:19:45.8105128Z test_identical_parent_accepted (__main__.Extension.test_identical_parent_accepted) ... ok
2026-09-30T18:19:45.8106789Z test_missing_graph_rejected (__main__.Extension.test_missing_graph_rejected) ... ok
2026-09-30T18:19:45.8108596Z test_reordered_graphs_accepted (__main__.Extension.test_reordered_graphs_accepted) ... ok
2026-09-30T18:19:45.8110629Z test_same_count_substitution_rejected (__main__.Extension.test_same_count_substitution_rejected) ... ok
2026-09-30T18:19:45.8111548Z test_six_vertex_domain (__main__.Extension.test_six_vertex_domain) ... ok
2026-09-30T18:19:45.8112567Z test_wrong_campaign_domain_rejected (__main__.Extension.test_wrong_campaign_domain_rejected) ... ok
2026-09-30T18:19:45.8113145Z 
2026-09-30T18:19:45.8113368Z ----------------------------------------------------------------------
2026-09-30T18:19:45.8113903Z Ran 8 tests in 0.002s
2026-09-30T18:19:45.8114089Z 
2026-09-30T18:19:45.8114175Z OK
2026-09-30T18:19:47.9311475Z PRODUCTION_COMPLETE
2026-09-30T18:21:45.7678364Z {"bound": 6, "campaign": "16.38", "certificate_schema": "inherited-v16.37", "outcome": "BOUNDED_UNIT_ONLY", "raw_bytes": 4730672, "raw_sha256": "6739fe31fe9e19de6a7e1ac52f7fdbc4b882db7cf2f6b5edd177305d18f7803e", "summary": {"component_pairs": 244, "endpoint_pairs": 1497, "graphs": 111, "nonunit_pairs": 0, "objective_distinctions": 0, "states": 52907}, "universal_unit_law": "UNRESOLVED"}
2026-09-30T18:21:45.8438012Z SCIENTIFIC_BYTES_IDENTICAL
2026-09-30T18:21:48.9929505Z {"outcome":"BOUNDED_UNIT_ONLY","raw_bytes":446574,"raw_sha256":"932b8a88a2fa1a15e5428f99564ae161cad9712468c929cb210e710820a715f0","summary":{"component_pairs":69,"endpoint_pairs":77,"graphs":51,"nonunit_pairs":0,"objective_distinctions":0,"states":6325},"universal_unit_law":"UNRESOLVED"}
2026-09-30T18:21:48.9930816Z 
2026-09-30T18:21:48.9998989Z PARENT_SCIENTIFIC_BYTES_IDENTICAL
2026-09-30T18:21:49.0590531Z test_changed_historical_value_rejected (__main__.Gates.test_changed_historical_value_rejected) ... ok
2026-09-30T18:21:49.0616881Z test_constructive_small_universe (__main__.Gates.test_constructive_small_universe) ... ok
2026-09-30T18:21:49.0628633Z test_duplicate_graph (__main__.Gates.test_duplicate_graph) ... ok
2026-09-30T18:21:49.0644089Z test_duplicate_pair (__main__.Gates.test_duplicate_pair) ... ok
2026-09-30T18:21:49.0677779Z test_false_endpoint_count (__main__.Gates.test_false_endpoint_count) ... ok
2026-09-30T18:21:49.0694541Z test_false_lower_threshold_cut (__main__.Gates.test_false_lower_threshold_cut) ... ok
2026-09-30T18:21:49.0702608Z test_float_certificate_rejected (__main__.Gates.test_float_certificate_rejected) ... ok
2026-09-30T18:21:49.0719104Z test_illegal_path (__main__.Gates.test_illegal_path) ... ok
2026-09-30T18:21:49.0720515Z test_lex_label_loss_control (__main__.Gates.test_lex_label_loss_control) ... ok
2026-09-30T18:21:49.0731995Z test_missing_graph (__main__.Gates.test_missing_graph) ... ok
2026-09-30T18:21:49.0746420Z test_missing_pair (__main__.Gates.test_missing_pair) ... ok
2026-09-30T18:21:49.0756041Z test_missing_required_field (__main__.Gates.test_missing_required_field) ... ok
2026-09-30T18:21:49.0791778Z test_missing_state (__main__.Gates.test_missing_state) ... ok
2026-09-30T18:21:49.2242165Z test_pair_order_accepted (__main__.Gates.test_pair_order_accepted) ... ok
2026-09-30T18:21:49.2254082Z test_same_count_substitution (__main__.Gates.test_same_count_substitution) ... ok
2026-09-30T18:21:49.2255061Z test_scalar_versus_lex_objective (__main__.Gates.test_scalar_versus_lex_objective) ... ok
2026-09-30T18:21:49.2770839Z test_shape_enumerators (__main__.Gates.test_shape_enumerators) ... ok
2026-09-30T18:21:49.2802866Z test_valid_graph_order (__main__.Gates.test_valid_graph_order) ... ok
2026-09-30T18:21:49.2818321Z test_wrong_barrier (__main__.Gates.test_wrong_barrier) ... ok
2026-09-30T18:21:49.2831584Z test_wrong_domain (__main__.Gates.test_wrong_domain) ... ok
2026-09-30T18:21:49.2849165Z test_wrong_q (__main__.Gates.test_wrong_q) ... ok
2026-09-30T18:21:49.2872326Z test_wrong_representative (__main__.Gates.test_wrong_representative) ... ok
2026-09-30T18:21:49.2904804Z test_wrong_verdict (__main__.Gates.test_wrong_verdict) ... ok
2026-09-30T18:21:49.3138246Z test_bound_provenance_accepts (__main__.Provenance.test_bound_provenance_accepts) ... ok
2026-09-30T18:21:49.3139981Z test_changed_and_omitted_source_rejected (__main__.Provenance.test_changed_and_omitted_source_rejected) ... ok
2026-09-30T18:21:49.3141045Z test_false_provenance_rejected (__main__.Provenance.test_false_provenance_rejected) ... ok
2026-09-30T18:21:49.3141622Z 
2026-09-30T18:21:49.3141839Z ----------------------------------------------------------------------
2026-09-30T18:21:49.3142340Z Ran 26 tests in 0.269s
2026-09-30T18:21:49.3142534Z 
2026-09-30T18:21:49.3142653Z OK
2026-09-30T18:22:10.9972098Z test_complete_small (__main__.T.test_complete_small) ... ok
2026-09-30T18:22:23.8951793Z test_extra_duplicate_pair_rejected (__main__.T.test_extra_duplicate_pair_rejected) ... ok
2026-09-30T18:22:36.8876547Z test_false_barrier_rejected (__main__.T.test_false_barrier_rejected) ... ok
2026-09-30T18:22:58.9689042Z test_false_extension_count_rejected (__main__.T.test_false_extension_count_rejected) ... ok
2026-09-30T18:23:12.0094302Z test_false_gate_d_rejected (__main__.T.test_false_gate_d_rejected) ... ok
2026-09-30T18:23:24.9358837Z test_false_group_count_rejected (__main__.T.test_false_group_count_rejected) ... ok
2026-09-30T18:23:37.7501086Z test_false_signature_rejected (__main__.T.test_false_signature_rejected) ... ok
2026-09-30T18:23:59.7069038Z test_false_ultrametric_count_rejected (__main__.T.test_false_ultrametric_count_rejected) ... ok
2026-09-30T18:24:21.3724786Z test_hidden_exclusion_rejected (__main__.T.test_hidden_exclusion_rejected) ... ok
2026-09-30T18:24:34.2293249Z test_missing_gate_rejected (__main__.T.test_missing_gate_rejected) ... ok
2026-09-30T18:24:47.0891993Z test_omitted_valid_pair_rejected (__main__.T.test_omitted_valid_pair_rejected) ... ok
2026-09-30T18:25:03.4006015Z test_substituted_pair_rejected (__main__.T.test_substituted_pair_rejected) ... ok
2026-09-30T18:25:03.4006442Z 
2026-09-30T18:25:03.4006612Z ----------------------------------------------------------------------
2026-09-30T18:25:03.4006969Z Ran 12 tests in 194.038s
2026-09-30T18:25:03.4007124Z 
2026-09-30T18:25:03.4007226Z OK
2026-09-30T18:25:03.4799492Z test_bad_alternative_minimax_rejected (__main__.T.test_bad_alternative_minimax_rejected) ... ok
2026-09-30T18:25:03.4947292Z test_bad_path_certificate_rejected (__main__.T.test_bad_path_certificate_rejected) ... ok
2026-09-30T18:25:03.5164519Z test_complete_small (__main__.T.test_complete_small) ... ok
2026-09-30T18:25:03.5369240Z test_corrupt_component_range_rejected (__main__.T.test_corrupt_component_range_rejected) ... ok
2026-09-30T18:25:03.5520538Z test_corrupt_localization_rejected (__main__.T.test_corrupt_localization_rejected) ... ok
2026-09-30T18:25:03.5664880Z test_false_bulk_count_rejected (__main__.T.test_false_bulk_count_rejected) ... ok
2026-09-30T18:25:03.5879237Z test_false_compulsory_coordinate_rejected (__main__.T.test_false_compulsory_coordinate_rejected) ... ok
2026-09-30T18:25:03.6089523Z test_false_gate_c_rejected (__main__.T.test_false_gate_c_rejected) ... ok
2026-09-30T18:25:03.6290626Z test_false_gate_d_rejected (__main__.T.test_false_gate_d_rejected) ... ok
2026-09-30T18:25:03.6508979Z test_false_gate_e_classification_rejected (__main__.T.test_false_gate_e_classification_rejected) ... ok
2026-09-30T18:25:03.6724657Z test_false_gate_e_rejected (__main__.T.test_false_gate_e_rejected) ... ok
2026-09-30T18:25:03.6944017Z test_false_possible_coordinate_rejected (__main__.T.test_false_possible_coordinate_rejected) ... ok
2026-09-30T18:25:03.7090283Z test_false_zero_rejected (__main__.T.test_false_zero_rejected) ... ok
2026-09-30T18:25:03.7178803Z test_missing_gate_adjudication_rejected (__main__.T.test_missing_gate_adjudication_rejected) ... ok
2026-09-30T18:25:03.7325956Z test_omitted_positive_pair_rejected (__main__.T.test_omitted_positive_pair_rejected) ... ok
2026-09-30T18:25:03.7545915Z test_positive_witness (__main__.T.test_positive_witness) ... ok
2026-09-30T18:25:03.7546372Z 
2026-09-30T18:25:03.7546611Z ----------------------------------------------------------------------
2026-09-30T18:25:03.7547135Z Ran 16 tests in 0.309s
2026-09-30T18:25:03.7547858Z 
2026-09-30T18:25:03.7547982Z OK
2026-09-30T18:25:03.8174484Z test_complete_small (__main__.T.test_complete_small) ... ok
2026-09-30T18:25:03.8290662Z test_connectivity_not_trusted (__main__.T.test_connectivity_not_trusted) ... ok
2026-09-30T18:25:03.8291894Z test_minimum_cover_exact_control (__main__.T.test_minimum_cover_exact_control) ... ok
2026-09-30T18:25:03.8292995Z test_omitted_minimum_cover_rejected (__main__.T.test_omitted_minimum_cover_rejected) ... ok
2026-09-30T18:25:03.8293562Z 
2026-09-30T18:25:03.8293788Z ----------------------------------------------------------------------
2026-09-30T18:25:03.8294302Z Ran 4 tests in 0.030s
2026-09-30T18:25:03.8294481Z 
2026-09-30T18:25:03.8294569Z OK
2026-09-30T18:25:03.8805597Z test_changed_tau_move_rejected_as_invisible (__main__.T.test_changed_tau_move_rejected_as_invisible) ... ok
2026-09-30T18:25:03.8961609Z test_complete_small (__main__.T.test_complete_small) ... ok
2026-09-30T18:25:03.8971160Z test_fake_unique_minimum_rejected (__main__.T.test_fake_unique_minimum_rejected) ... ok
2026-09-30T18:25:03.8972444Z test_invisible_and_visible_controls (__main__.T.test_invisible_and_visible_controls) ... ok
2026-09-30T18:25:03.9076570Z test_verifier_rejects_false_bulk_counts (__main__.T.test_verifier_rejects_false_bulk_counts) ... ok
2026-09-30T18:25:03.9180747Z test_verifier_rejects_false_connectivity (__main__.T.test_verifier_rejects_false_connectivity) ... ok
2026-09-30T18:25:03.9283630Z test_verifier_rejects_missing_class (__main__.T.test_verifier_rejects_missing_class) ... ok
2026-09-30T18:25:03.9387659Z test_verifier_rejects_omitted_member (__main__.T.test_verifier_rejects_omitted_member) ... ok
2026-09-30T18:25:03.9388191Z 
2026-09-30T18:25:03.9388911Z ----------------------------------------------------------------------
2026-09-30T18:25:03.9391481Z Ran 8 tests in 0.066s
2026-09-30T18:25:03.9392076Z 
2026-09-30T18:25:03.9392252Z OK
2026-09-30T18:25:03.9956244Z test_actual_collision_if_claimed (__main__.Tests.test_actual_collision_if_claimed) ... ok
2026-09-30T18:25:03.9958752Z test_changed_interval_rejected (__main__.Tests.test_changed_interval_rejected) ... ok
2026-09-30T18:25:03.9959649Z test_coarse_checker_collision (__main__.Tests.test_coarse_checker_collision) ... ok
2026-09-30T18:25:03.9962566Z test_fabricated_collision_rejected (__main__.Tests.test_fabricated_collision_rejected) ... ok
2026-09-30T18:25:03.9964576Z test_signature_must_not_contain_state_mask (__main__.Tests.test_signature_must_not_contain_state_mask) ... ok
2026-09-30T18:25:03.9965279Z 
2026-09-30T18:25:03.9965506Z ----------------------------------------------------------------------
2026-09-30T18:25:03.9966007Z Ran 5 tests in 0.013s
2026-09-30T18:25:03.9966206Z 
2026-09-30T18:25:03.9966321Z OK
2026-09-30T18:25:04.0583456Z test_actual_relabeling_and_view_storage (__main__.Tests.test_actual_relabeling_and_view_storage) ... ok
2026-09-30T18:25:04.0587289Z test_boolean_profile (__main__.Tests.test_boolean_profile) ... ok
2026-09-30T18:25:04.0774464Z test_complete_small_universe (__main__.Tests.test_complete_small_universe) ... ok
2026-09-30T18:25:04.0777353Z test_cross_parent_edge (__main__.Tests.test_cross_parent_edge) ... ok
2026-09-30T18:25:04.0818096Z test_duplicate_endpoint (__main__.Tests.test_duplicate_endpoint) ... ok
2026-09-30T18:25:04.0821063Z test_fabricated_cartesian_count (__main__.Tests.test_fabricated_cartesian_count) ... ok
2026-09-30T18:25:04.0823576Z test_false_profile (__main__.Tests.test_false_profile) ... ok
2026-09-30T18:25:04.0875583Z test_false_relabeling (__main__.Tests.test_false_relabeling) ... ok
2026-09-30T18:25:04.0877547Z test_foreign_origin (__main__.Tests.test_foreign_origin) ... ok
2026-09-30T18:25:04.0878882Z test_identity (__main__.Tests.test_identity) ... ok
2026-09-30T18:25:04.0881410Z test_invalid_endpoint_inputs (__main__.Tests.test_invalid_endpoint_inputs) ... ok
2026-09-30T18:25:04.0887766Z test_missing_actual_edge (__main__.Tests.test_missing_actual_edge) ... ok
2026-09-30T18:25:04.0888733Z test_missing_document_sections (__main__.Tests.test_missing_document_sections) ... ok
2026-09-30T18:25:04.0928952Z test_missing_endpoint (__main__.Tests.test_missing_endpoint) ... ok
2026-09-30T18:25:04.0932167Z test_missing_local_table (__main__.Tests.test_missing_local_table) ... ok
2026-09-30T18:25:04.0971078Z test_missing_shape (__main__.Tests.test_missing_shape) ... ok
2026-09-30T18:25:04.0974044Z test_missing_state (__main__.Tests.test_missing_state) ... ok
2026-09-30T18:25:04.0978398Z test_noncartesian_nonconstant_chain (__main__.Tests.test_noncartesian_nonconstant_chain) ... ok
2026-09-30T18:25:04.0984805Z test_retained_third_order (__main__.Tests.test_retained_third_order) ... ok
2026-09-30T18:25:04.0986284Z test_synthetic_cubic_all_background_not_baseline (__main__.Tests.test_synthetic_cubic_all_background_not_baseline) ... ok
2026-09-30T18:25:04.0987438Z test_synthetic_separate_components (__main__.Tests.test_synthetic_separate_components) ... ok
2026-09-30T18:25:04.0994147Z test_valid_reversed_records (__main__.Tests.test_valid_reversed_records) ... ok
2026-09-30T18:25:04.1106978Z test_verifier_no_producer_import (__main__.Tests.test_verifier_no_producer_import) ... ok
2026-09-30T18:25:04.1111382Z test_wrong_component_values (__main__.Tests.test_wrong_component_values) ... ok
2026-09-30T18:25:04.1112332Z test_wrong_cube_shape (__main__.Tests.test_wrong_cube_shape) ... ok
2026-09-30T18:25:04.1115468Z test_wrong_mobius (__main__.Tests.test_wrong_mobius) ... ok
2026-09-30T18:25:04.1118112Z test_wrong_parent_prelude (__main__.Tests.test_wrong_parent_prelude) ... ok
2026-09-30T18:25:04.1120667Z test_wrong_predecessor (__main__.Tests.test_wrong_predecessor) ... ok
2026-09-30T18:25:04.1121219Z 
2026-09-30T18:25:04.1121618Z ----------------------------------------------------------------------
2026-09-30T18:25:04.1122195Z Ran 28 tests in 0.070s
2026-09-30T18:25:04.1122394Z 
2026-09-30T18:25:04.1122589Z OK
2026-09-30T18:25:04.1626095Z test_fabricated_summary_is_not_complete (__main__.Contract.test_fabricated_summary_is_not_complete) ... ok
2026-09-30T18:25:04.1630613Z test_no_sections_is_not_complete (__main__.Contract.test_no_sections_is_not_complete) ... ok
2026-09-30T18:25:04.1635174Z test_untyped_empty_edges_are_not_a_certificate (__main__.Contract.test_untyped_empty_edges_are_not_a_certificate) ... ok
2026-09-30T18:25:04.1635904Z 
2026-09-30T18:25:04.1636132Z ----------------------------------------------------------------------
2026-09-30T18:25:04.1636653Z Ran 3 tests in 0.004s
2026-09-30T18:25:04.1636858Z 
2026-09-30T18:25:04.1636979Z OK
2026-09-30T18:25:04.2163431Z test_complete_small (__main__.Tests.test_complete_small) ... ok
2026-09-30T18:25:04.2166981Z test_cross_parent_edge_rejected (__main__.Tests.test_cross_parent_edge_rejected) ... ok
2026-09-30T18:25:04.2172652Z test_masked_has_local_edge_with_zero_global (__main__.Tests.test_masked_has_local_edge_with_zero_global) ... ok
2026-09-30T18:25:04.2177415Z test_max_only_cross_parent_has_no_local_edge (__main__.Tests.test_max_only_cross_parent_has_no_local_edge) ... ok
2026-09-30T18:25:04.2178473Z test_pure_three_way_checker_detected (__main__.Tests.test_pure_three_way_checker_detected) ... ok
2026-09-30T18:25:04.2190279Z 
2026-09-30T18:25:04.2190527Z ----------------------------------------------------------------------
2026-09-30T18:25:04.2191049Z Ran 5 tests in 0.011s
2026-09-30T18:25:04.2191254Z 
2026-09-30T18:25:04.2191374Z OK
2026-09-30T18:25:04.2766130Z test_actual_relabeling (__main__.Tests.test_actual_relabeling) ... ok
2026-09-30T18:25:04.2768963Z test_boolean_event (__main__.Tests.test_boolean_event) ... ok
2026-09-30T18:25:04.2773102Z test_boolean_height (__main__.Tests.test_boolean_height) ... ok
2026-09-30T18:25:04.2833523Z test_complete_small_universe (__main__.Tests.test_complete_small_universe) ... ok
2026-09-30T18:25:04.2861527Z test_extra_duplicate_case (__main__.Tests.test_extra_duplicate_case) ... ok
2026-09-30T18:25:04.2902554Z test_false_relabeling (__main__.Tests.test_false_relabeling) ... ok
2026-09-30T18:25:04.2904642Z test_foreign_origin (__main__.Tests.test_foreign_origin) ... ok
2026-09-30T18:25:04.2906818Z test_invalid_inputs (__main__.Tests.test_invalid_inputs) ... ok
2026-09-30T18:25:04.2910076Z test_local_masked (__main__.Tests.test_local_masked) ... ok
2026-09-30T18:25:04.2934080Z test_missing_case (__main__.Tests.test_missing_case) ... ok
2026-09-30T18:25:04.2935969Z test_missing_profile (__main__.Tests.test_missing_profile) ... ok
2026-09-30T18:25:04.2948816Z test_missing_shape (__main__.Tests.test_missing_shape) ... ok
2026-09-30T18:25:04.2951636Z test_missing_state (__main__.Tests.test_missing_state) ... ok
2026-09-30T18:25:04.2955681Z test_negative_max_only (__main__.Tests.test_negative_max_only) ... ok
2026-09-30T18:25:04.2960031Z test_positive_max_only (__main__.Tests.test_positive_max_only) ... ok
2026-09-30T18:25:04.2963580Z test_reversed_events (__main__.Tests.test_reversed_events) ... ok
2026-09-30T18:25:04.2969976Z test_reversed_storage (__main__.Tests.test_reversed_storage) ... ok
2026-09-30T18:25:04.2973175Z test_transmitted_negative (__main__.Tests.test_transmitted_negative) ... ok
2026-09-30T18:25:04.2976242Z test_transmitted_positive (__main__.Tests.test_transmitted_positive) ... ok
2026-09-30T18:25:04.3062550Z test_verifier_no_producer_import (__main__.Tests.test_verifier_no_producer_import) ... ok
2026-09-30T18:25:04.3066510Z test_wrong_background (__main__.Tests.test_wrong_background) ... ok
2026-09-30T18:25:04.3070213Z test_wrong_class (__main__.Tests.test_wrong_class) ... ok
2026-09-30T18:25:04.3073743Z test_wrong_height (__main__.Tests.test_wrong_height) ... ok
2026-09-30T18:25:04.3077253Z test_wrong_local_interaction (__main__.Tests.test_wrong_local_interaction) ... ok
2026-09-30T18:25:04.3080521Z test_wrong_parent_pair (__main__.Tests.test_wrong_parent_pair) ... ok
2026-09-30T18:25:04.3084614Z test_wrong_prediction (__main__.Tests.test_wrong_prediction) ... ok
2026-09-30T18:25:04.3087645Z test_wrong_profile (__main__.Tests.test_wrong_profile) ... ok
2026-09-30T18:25:04.3091243Z test_wrong_scalar_sign (__main__.Tests.test_wrong_scalar_sign) ... ok
2026-09-30T18:25:04.3093858Z test_wrong_state (__main__.Tests.test_wrong_state) ... ok
2026-09-30T18:25:04.3096961Z test_zero_control (__main__.Tests.test_zero_control) ... ok
2026-09-30T18:25:04.3097357Z 
2026-09-30T18:25:04.3097604Z ----------------------------------------------------------------------
2026-09-30T18:25:04.3098157Z Ran 30 tests in 0.046s
2026-09-30T18:25:04.3098381Z 
2026-09-30T18:25:04.3098514Z OK
2026-09-30T18:25:04.3699064Z test_actual_lineage_and_storage_relabeling (__main__.Tests.test_actual_lineage_and_storage_relabeling) ... ok
2026-09-30T18:25:04.3703368Z test_boolean_h (__main__.Tests.test_boolean_h) ... ok
2026-09-30T18:25:04.3707474Z test_chain_interval_is_not_a_no_go (__main__.Tests.test_chain_interval_is_not_a_no_go) ... ok
2026-09-30T18:25:04.3709312Z test_changed_union_rejected_by_verifier (__main__.Tests.test_changed_union_rejected_by_verifier) ... ok
2026-09-30T18:25:09.0354465Z test_complete_small_universe (__main__.Tests.test_complete_small_universe) ... ok
2026-09-30T18:25:09.0357091Z test_false_h (__main__.Tests.test_false_h) ... ok
2026-09-30T18:25:09.0360407Z test_false_independence (__main__.Tests.test_false_independence) ... ok
2026-09-30T18:25:09.0371288Z test_false_metamorphic_copy (__main__.Tests.test_false_metamorphic_copy) ... ok
2026-09-30T18:25:09.0374252Z test_false_mixed_difference (__main__.Tests.test_false_mixed_difference) ... ok
2026-09-30T18:25:09.0377311Z test_false_witness_heights (__main__.Tests.test_false_witness_heights) ... ok
2026-09-30T18:25:09.0381232Z test_fitted_weights_not_accepted (__main__.Tests.test_fitted_weights_not_accepted) ... ok
2026-09-30T18:25:09.0382682Z test_foreign_origin (__main__.Tests.test_foreign_origin) ... ok
2026-09-30T18:25:09.0384452Z test_identity_control (__main__.Tests.test_identity_control) ... ok
2026-09-30T18:25:09.0386781Z test_illegal_inputs_rejected (__main__.Tests.test_illegal_inputs_rejected) ... ok
2026-09-30T18:25:09.0389687Z test_missing_diamond (__main__.Tests.test_missing_diamond) ... ok
2026-09-30T18:25:09.0409505Z test_missing_endpoint (__main__.Tests.test_missing_endpoint) ... ok
2026-09-30T18:25:09.0411482Z test_missing_predecessor_field (__main__.Tests.test_missing_predecessor_field) ... ok
2026-09-30T18:25:09.0421494Z test_missing_shape (__main__.Tests.test_missing_shape) ... ok
2026-09-30T18:25:09.0424317Z test_missing_state (__main__.Tests.test_missing_state) ... ok
2026-09-30T18:25:09.0427268Z test_missing_witness (__main__.Tests.test_missing_witness) ... ok
2026-09-30T18:25:09.0430102Z test_one_event_positive_weight (__main__.Tests.test_one_event_positive_weight) ... ok
2026-09-30T18:25:09.0433349Z test_parent_counterexample (__main__.Tests.test_parent_counterexample) ... ok
2026-09-30T18:25:09.0436486Z test_positive_mixed_difference_control (__main__.Tests.test_positive_mixed_difference_control) ... ok
2026-09-30T18:25:09.0439337Z test_reordered_records_valid (__main__.Tests.test_reordered_records_valid) ... ok
2026-09-30T18:25:09.0441912Z test_same_total_wrong_coefficients_rejected (__main__.Tests.test_same_total_wrong_coefficients_rejected) ... ok
2026-09-30T18:25:09.0542357Z test_verifier_does_not_import_producer (__main__.Tests.test_verifier_does_not_import_producer) ... ok
2026-09-30T18:25:09.0545478Z test_wrong_event_identity (__main__.Tests.test_wrong_event_identity) ... ok
2026-09-30T18:25:09.0547871Z test_wrong_witness_path (__main__.Tests.test_wrong_witness_path) ... ok
2026-09-30T18:25:09.0548360Z 
2026-09-30T18:25:09.0548637Z ----------------------------------------------------------------------
2026-09-30T18:25:09.0549252Z Ran 28 tests in 4.698s
2026-09-30T18:25:09.0549472Z 
2026-09-30T18:25:09.0549600Z OK
2026-09-30T18:25:13.1357292Z test_changed_union_not_comparable (__main__.Tests.test_changed_union_not_comparable) ... ok
2026-09-30T18:25:13.4026348Z test_complete_small_universe (__main__.Tests.test_complete_small_universe) ... ok
2026-09-30T18:25:13.4029236Z test_direct_equals_staged_pushforward_exactly (__main__.Tests.test_direct_equals_staged_pushforward_exactly) ... ok
2026-09-30T18:25:13.4036956Z test_identity_refinement (__main__.Tests.test_identity_refinement) ... ok
2026-09-30T18:25:13.4038050Z test_illegal_nonprefix_refinement_rejected (__main__.Tests.test_illegal_nonprefix_refinement_rejected) ... ok
2026-09-30T18:25:13.4052796Z test_monotonic_refinement_and_strict_example (__main__.Tests.test_monotonic_refinement_and_strict_example) ... ok
2026-09-30T18:25:13.4053964Z test_not_componentwise_subview_rejected (__main__.Tests.test_not_componentwise_subview_rejected) ... ok
2026-09-30T18:25:13.4060845Z test_two_factorizations_same_final (__main__.Tests.test_two_factorizations_same_final) ... ok
2026-09-30T18:25:13.4071087Z test_verifier_rejects_corrupt_composition (__main__.Tests.test_verifier_rejects_corrupt_composition) ... ok
2026-09-30T18:25:13.4091694Z test_verifier_rejects_false_lower_after (__main__.Tests.test_verifier_rejects_false_lower_after) ... ok
2026-09-30T18:25:13.4092767Z test_verifier_rejects_nonprefix_intermediate (__main__.Tests.test_verifier_rejects_nonprefix_intermediate) ... ok
2026-09-30T18:25:13.4093455Z 
2026-09-30T18:25:13.4093686Z ----------------------------------------------------------------------
2026-09-30T18:25:13.4094161Z Ran 11 tests in 0.285s
2026-09-30T18:25:13.4094366Z 
2026-09-30T18:25:13.4094481Z OK
2026-09-30T18:25:13.7202200Z test_binary_views_sufficiency (__main__.Tests.test_binary_views_sufficiency) ... ok
2026-09-30T18:25:13.7274174Z test_branch_count_not_exact_cover_number (__main__.Tests.test_branch_count_not_exact_cover_number) ... ok
2026-09-30T18:25:13.7455604Z test_changed_lineage_and_storage (__main__.Tests.test_changed_lineage_and_storage) ... ok
2026-09-30T18:25:13.7806455Z test_complete_small_universe (__main__.Tests.test_complete_small_universe) ... ok
2026-09-30T18:25:13.7854205Z test_corrupt_dual (__main__.Tests.test_corrupt_dual) ... ok
2026-09-30T18:25:13.7889453Z test_corrupt_global_witness (__main__.Tests.test_corrupt_global_witness) ... ok
2026-09-30T18:25:13.7925310Z test_corrupt_local_marginal (__main__.Tests.test_corrupt_local_marginal) ... ok
2026-09-30T18:25:13.7926640Z test_exact_rational_pushforward (__main__.Tests.test_exact_rational_pushforward) ... ok
2026-09-30T18:25:13.7946664Z test_false_child_cover (__main__.Tests.test_false_child_cover) ... ok
2026-09-30T18:25:13.7965538Z test_false_high_threshold (__main__.Tests.test_false_high_threshold) ... ok
2026-09-30T18:25:13.7984368Z test_false_low_threshold (__main__.Tests.test_false_low_threshold) ... ok
2026-09-30T18:25:13.8108207Z test_false_metamorphic_claim (__main__.Tests.test_false_metamorphic_claim) ... ok
2026-09-30T18:25:13.8133156Z test_false_sample_verdict (__main__.Tests.test_false_sample_verdict) ... ok
2026-09-30T18:25:13.8151312Z test_foreign_origin (__main__.Tests.test_foreign_origin) ... ok
2026-09-30T18:25:13.8311469Z test_four_way_sharpness (__main__.Tests.test_four_way_sharpness) ... ok
2026-09-30T18:25:13.8331538Z test_full_view_and_redundancy (__main__.Tests.test_full_view_and_redundancy) ... ok
2026-09-30T18:25:13.8332595Z test_inexact_scalar_rejected (__main__.Tests.test_inexact_scalar_rejected) ... ok
2026-09-30T18:25:13.8334823Z test_invalid_parent_types_cycles (__main__.Tests.test_invalid_parent_types_cycles) ... ok
2026-09-30T18:25:13.8336974Z test_invalid_view_and_union (__main__.Tests.test_invalid_view_and_union) ... ok
2026-09-30T18:25:13.8341268Z test_linear_but_nonnatural_control (__main__.Tests.test_linear_but_nonnatural_control) ... ok
2026-09-30T18:25:13.8360523Z test_metadata_boolean_not_integer (__main__.Tests.test_metadata_boolean_not_integer) ... ok
2026-09-30T18:25:13.8686813Z test_missing_cover_rejected (__main__.Tests.test_missing_cover_rejected) ... ok
2026-09-30T18:25:13.8705623Z test_missing_required_field (__main__.Tests.test_missing_required_field) ... ok
2026-09-30T18:25:13.8740149Z test_missing_sample (__main__.Tests.test_missing_sample) ... ok
2026-09-30T18:25:13.8758120Z test_order_is_worst_case_not_every_input (__main__.Tests.test_order_is_worst_case_not_every_input) ... ok
2026-09-30T18:25:13.8773927Z test_root_and_path (__main__.Tests.test_root_and_path) ... ok
2026-09-30T18:25:13.8838721Z test_two_and_three_view_parent_witnesses (__main__.Tests.test_two_and_three_view_parent_witnesses) ... ok
2026-09-30T18:25:13.8875254Z test_valid_dual_and_rescaling (__main__.Tests.test_valid_dual_and_rescaling) ... ok
2026-09-30T18:25:13.8875631Z 
2026-09-30T18:25:13.8875793Z ----------------------------------------------------------------------
2026-09-30T18:25:13.8877952Z Ran 28 tests in 0.429s
2026-09-30T18:25:13.8878178Z 
2026-09-30T18:25:13.8878325Z OK
2026-09-30T18:25:14.1737591Z test_all_parent_targets_checked_before_traversal (__main__.Validation.test_all_parent_targets_checked_before_traversal) ... ok
2026-09-30T18:25:14.1738629Z test_reordered_valid_lineage_remains_accepted (__main__.Validation.test_reordered_valid_lineage_remains_accepted) ... ok
2026-09-30T18:25:14.1739099Z 
2026-09-30T18:25:14.1760839Z ----------------------------------------------------------------------
2026-09-30T18:25:14.1761389Z Ran 2 tests in 0.000s
2026-09-30T18:25:14.1761630Z 
2026-09-30T18:25:14.1761749Z OK
2026-09-30T18:25:14.4734316Z test_actual_signed_and_positive_pair_witness (__main__.Tests.test_actual_signed_and_positive_pair_witness) ... ok
2026-09-30T18:25:14.8597322Z test_changed_lineage_storage (__main__.Tests.test_changed_lineage_storage) ... ok
2026-09-30T18:25:14.9450549Z test_complete_small_certificate (__main__.Tests.test_complete_small_certificate) ... ok
2026-09-30T18:25:14.9689658Z test_corrupt_negative_witness_rejected (__main__.Tests.test_corrupt_negative_witness_rejected) ... ok
2026-09-30T18:25:14.9691869Z test_exact_scalars_and_lengths (__main__.Tests.test_exact_scalars_and_lengths) ... ok
2026-09-30T18:25:14.9928866Z test_false_positive_feasibility_rejected (__main__.Tests.test_false_positive_feasibility_rejected) ... ok
2026-09-30T18:25:14.9930278Z test_feasible_nonnegative_control (__main__.Tests.test_feasible_nonnegative_control) ... ok
2026-09-30T18:25:14.9940279Z test_foreign_origin_rejected (__main__.Tests.test_foreign_origin_rejected) ... ok
2026-09-30T18:25:14.9944331Z test_identity_root_and_repeated_views (__main__.Tests.test_identity_root_and_repeated_views) ... ok
2026-09-30T18:25:14.9946320Z test_incompatible_overlap_rejected (__main__.Tests.test_incompatible_overlap_rejected) ... ok
2026-09-30T18:25:14.9948923Z test_invalid_parent_and_retained_inputs (__main__.Tests.test_invalid_parent_and_retained_inputs) ... ok
2026-09-30T18:25:14.9953873Z test_linear_but_nonnatural_section_rejected (__main__.Tests.test_linear_but_nonnatural_section_rejected) ... ok
2026-09-30T18:25:15.1196479Z test_missing_coverage_rejected (__main__.Tests.test_missing_coverage_rejected) ... ok
2026-09-30T18:25:15.1215622Z test_missing_field_and_inexact_matrix_rejected (__main__.Tests.test_missing_field_and_inexact_matrix_rejected) ... ok
2026-09-30T18:25:15.1216796Z test_nonnegative_false_input_rejected (__main__.Tests.test_nonnegative_false_input_rejected) ... ok
2026-09-30T18:25:15.1867084Z test_off_domain_gluer_change_is_harmless (__main__.Tests.test_off_domain_gluer_change_is_harmless) ... ok
2026-09-30T18:25:15.1873987Z test_pairwise_positive_is_not_global (__main__.Tests.test_pairwise_positive_is_not_global) ... ok
2026-09-30T18:25:15.1875268Z test_response_representative_independence (__main__.Tests.test_response_representative_independence) ... ok
2026-09-30T18:25:15.1877347Z test_source_shift_is_not_potential_gauge (__main__.Tests.test_source_shift_is_not_potential_gauge) ... ok
2026-09-30T18:25:15.1890603Z test_wrong_gluer_on_compatible_data_rejected (__main__.Tests.test_wrong_gluer_on_compatible_data_rejected) ... ok
2026-09-30T18:25:15.1901358Z test_wrong_joint_readout_rejected (__main__.Tests.test_wrong_joint_readout_rejected) ... ok
2026-09-30T18:25:15.2466211Z test_wrong_overlap_rejected (__main__.Tests.test_wrong_overlap_rejected) ... ok
2026-09-30T18:25:15.2466583Z 
2026-09-30T18:25:15.2466747Z ----------------------------------------------------------------------
2026-09-30T18:25:15.2467099Z Ran 22 tests in 0.995s
2026-09-30T18:25:15.2467251Z 
2026-09-30T18:25:15.2467637Z OK
2026-09-30T18:25:15.5588012Z test_omitted_storage_reversal_rejected (__main__.SchemaTests.test_omitted_storage_reversal_rejected) ... ok
2026-09-30T18:25:15.5701655Z test_original_cannot_masquerade_as_relabelled (__main__.SchemaTests.test_original_cannot_masquerade_as_relabelled) ... ok
2026-09-30T18:25:15.6857288Z test_real_metamorphic_case_accepted (__main__.SchemaTests.test_real_metamorphic_case_accepted) ... ok
2026-09-30T18:25:15.6857752Z 
2026-09-30T18:25:15.6857914Z ----------------------------------------------------------------------
2026-09-30T18:25:15.6858274Z Ran 3 tests in 0.147s
2026-09-30T18:25:15.6858417Z 
2026-09-30T18:25:15.6858507Z OK
2026-09-30T18:25:16.0484602Z test_actual_old_kernel_witness (__main__.Tests.test_actual_old_kernel_witness) ... ok
2026-09-30T18:25:16.0549945Z test_bare_filtration_scaling_and_shear (__main__.Tests.test_bare_filtration_scaling_and_shear) ... ok
2026-09-30T18:25:16.0553690Z test_constructive_and_negative_linear_descent (__main__.Tests.test_constructive_and_negative_linear_descent) ... ok
2026-09-30T18:25:16.0770237Z test_corrupted_witness_rejected (__main__.Tests.test_corrupted_witness_rejected) ... ok
2026-09-30T18:25:16.1076202Z test_direct_fiber_sum_and_section (__main__.Tests.test_direct_fiber_sum_and_section) ... ok
2026-09-30T18:25:16.1077361Z test_exact_input_no_float_or_truncation (__main__.Tests.test_exact_input_no_float_or_truncation) ... ok
2026-09-30T18:25:16.1222988Z test_false_descent_rejected (__main__.Tests.test_false_descent_rejected) ... ok
2026-09-30T18:25:16.1288200Z test_foreign_domain_identity_rejected (__main__.Tests.test_foreign_domain_identity_rejected) ... ok
2026-09-30T18:25:16.1312494Z test_identity_and_root_zero_dimensional_cases (__main__.Tests.test_identity_and_root_zero_dimensional_cases) ... ok
2026-09-30T18:25:16.1313690Z test_illegal_target_and_origin_rejected (__main__.Tests.test_illegal_target_and_origin_rejected) ... ok
2026-09-30T18:25:16.1314775Z test_incompatible_composition_rejected (__main__.Tests.test_incompatible_composition_rejected) ... ok
2026-09-30T18:25:16.1316861Z test_invalid_carriers_are_not_repaired (__main__.Tests.test_invalid_carriers_are_not_repaired) ... ok
2026-09-30T18:25:16.1321991Z test_linear_right_inverse_can_fail_retained_naturality (__main__.Tests.test_linear_right_inverse_can_fail_retained_naturality) ... ok
2026-09-30T18:25:16.1496265Z test_missing_check_and_coverage_rejected (__main__.Tests.test_missing_check_and_coverage_rejected) ... ok
2026-09-30T18:25:16.1550164Z test_mutated_green_rejected (__main__.Tests.test_mutated_green_rejected) ... ok
2026-09-30T18:25:16.1615231Z test_mutated_pushforward_rejected (__main__.Tests.test_mutated_pushforward_rejected) ... ok
2026-09-30T18:25:16.1680896Z test_mutated_section_rejected (__main__.Tests.test_mutated_section_rejected) ... ok
2026-09-30T18:25:16.1682648Z test_nonlinear_boundary_is_not_linear_test (__main__.Tests.test_nonlinear_boundary_is_not_linear_test) ... ok
2026-09-30T18:25:16.1825907Z test_nonpermutation_coordinate_change (__main__.Tests.test_nonpermutation_coordinate_change) ... ok
2026-09-30T18:25:16.2895612Z test_relabel_and_storage_naturality (__main__.Tests.test_relabel_and_storage_naturality) ... ok
2026-09-30T18:25:16.3247659Z test_response_quotient_and_supplied_complement (__main__.Tests.test_response_quotient_and_supplied_complement) ... ok
2026-09-30T18:25:16.3284499Z test_shape_enumerators_agree_without_shared_implementation (__main__.Tests.test_shape_enumerators_agree_without_shared_implementation) ... ok
2026-09-30T18:25:16.3285516Z 
2026-09-30T18:25:16.3286095Z ----------------------------------------------------------------------
2026-09-30T18:25:16.3286694Z Ran 22 tests in 0.560s
2026-09-30T18:25:16.3286866Z 
2026-09-30T18:25:16.3289261Z OK
2026-09-30T18:25:18.7587900Z {"manifest": "VERIFIED", "members": 10}
2026-09-30T18:25:18.7746240Z ##[group]Run actions/upload-artifact@ea165f8d65b6e75b540449e92b4886f43607fa02
2026-09-30T18:25:18.7746639Z with:
2026-09-30T18:25:18.7746932Z   name: v1638-post-merge-e4de671b3e483cc82a2e240dbd6a8d4d83e6518f
2026-09-30T18:25:18.7747298Z   path: out/merge
2026-09-30T18:25:18.7747514Z   if-no-files-found: error
2026-09-30T18:25:18.7747756Z   compression-level: 6
2026-09-30T18:25:18.7747971Z   overwrite: false
2026-09-30T18:25:18.7748183Z   include-hidden-files: false
2026-09-30T18:25:18.7748414Z env:
2026-09-30T18:25:18.7748669Z   pythonLocation: /opt/hostedtoolcache/Python/3.11.16/x64
2026-09-30T18:25:18.7749091Z   PKG_CONFIG_PATH: /opt/hostedtoolcache/Python/3.11.16/x64/lib/pkgconfig
2026-09-30T18:25:18.7749497Z   Python_ROOT_DIR: /opt/hostedtoolcache/Python/3.11.16/x64
2026-09-30T18:25:18.7750149Z   Python2_ROOT_DIR: /opt/hostedtoolcache/Python/3.11.16/x64
2026-09-30T18:25:18.7750519Z   Python3_ROOT_DIR: /opt/hostedtoolcache/Python/3.11.16/x64
2026-09-30T18:25:18.7750921Z   LD_LIBRARY_PATH: /opt/hostedtoolcache/Python/3.11.16/x64/lib
2026-09-30T18:25:18.7751239Z ##[endgroup]
2026-09-30T18:25:18.9372519Z (node:2471) [DEP0040] DeprecationWarning: The `punycode` module is deprecated. Please use a userland alternative instead.
2026-09-30T18:25:18.9373414Z (Use `node --trace-deprecation ...` to show where the warning was created)
2026-09-30T18:25:18.9446289Z With the provided path, there will be 11 files uploaded
2026-09-30T18:25:18.9451927Z Artifact name is valid!
2026-09-30T18:25:18.9452607Z Root directory input is valid!
2026-09-30T18:25:19.3697328Z Beginning upload of artifact content to blob storage
2026-09-30T18:25:19.5487922Z (node:2471) [DEP0169] DeprecationWarning: `url.parse()` behavior is not standardized and prone to errors that have security implications. Use the WHATWG URL API instead. CVEs are not issued for `url.parse()` vulnerabilities.
2026-09-30T18:25:20.4179330Z Uploaded bytes 3931240
2026-09-30T18:25:20.5007886Z Finished uploading artifact content to blob storage!
2026-09-30T18:25:20.5008722Z SHA256 digest of uploaded artifact zip is 414ab992d67e810fb5b507c00bd71f5d161b7530cba73f48ef7bcc999968b273
2026-09-30T18:25:20.5010575Z Finalizing artifact upload
2026-09-30T18:25:20.9780041Z Artifact v1638-post-merge-e4de671b3e483cc82a2e240dbd6a8d4d83e6518f.zip successfully finalized. Artifact ID 11117857247
2026-09-30T18:25:20.9781809Z Artifact v1638-post-merge-e4de671b3e483cc82a2e240dbd6a8d4d83e6518f has been successfully uploaded! Final size is 3931240 bytes. Artifact ID is 11117857247
2026-09-30T18:25:20.9788748Z Artifact download URL: https://github.com/proteinfoldingengine/WetLabEngine/actions/runs/36757689353/artifacts/11117857247
2026-09-30T18:25:20.9970861Z Post job cleanup.
2026-09-30T18:25:21.1165064Z (node:2483) [DEP0040] DeprecationWarning: The `punycode` module is deprecated. Please use a userland alternative instead.
2026-09-30T18:25:21.1165803Z (Use `node --trace-deprecation ...` to show where the warning was created)
2026-09-30T18:25:21.1360115Z Post job cleanup.
2026-09-30T18:25:21.2240578Z [command]/usr/bin/git version
2026-09-30T18:25:21.2270206Z git version 2.55.0
2026-09-30T18:25:21.2303100Z Temporarily overriding HOME='/home/runner/work/_temp/aac0e23b-0aba-4c8e-a37c-77d9ba7f671b' before making global git config changes
2026-09-30T18:25:21.2304431Z Adding repository directory to the temporary git global config as a safe directory
2026-09-30T18:25:21.2308746Z [command]/usr/bin/git config --global --add safe.directory /home/runner/work/WetLabEngine/WetLabEngine
2026-09-30T18:25:21.2350287Z [command]/usr/bin/git config --local --name-only --get-regexp core\.sshCommand
2026-09-30T18:25:21.2387608Z [command]/usr/bin/git submodule foreach --recursive sh -c "git config --local --name-only --get-regexp 'core\.sshCommand' && git config --local --unset-all 'core.sshCommand' || :"
2026-09-30T18:25:21.2662805Z [command]/usr/bin/git config --local --name-only --get-regexp http\.https\:\/\/github\.com\/\.extraheader
2026-09-30T18:25:21.2694075Z http.https://github.com/.extraheader
2026-09-30T18:25:21.2705509Z [command]/usr/bin/git config --local --unset-all http.https://github.com/.extraheader
2026-09-30T18:25:21.2746436Z [command]/usr/bin/git submodule foreach --recursive sh -c "git config --local --name-only --get-regexp 'http\.https\:\/\/github\.com\/\.extraheader' && git config --local --unset-all 'http.https://github.com/.extraheader' || :"
2026-09-30T18:25:21.3080775Z [command]/usr/bin/git config --local --name-only --get-regexp ^includeIf\.gitdir:
2026-09-30T18:25:21.3116172Z [command]/usr/bin/git submodule foreach --recursive git config --local --show-origin --name-only --get-regexp remote.origin.url
2026-09-30T18:25:21.3599262Z Cleaning up orphan processes
2026-09-30T18:25:21.3953944Z ##[warning]Node.js 20 is deprecated. The following actions target Node.js 20 but are being forced to run on Node.js 24: actions/checkout@11d5960a326750d5838078e36cf38b85af677262, actions/setup-python@a26af69be951a213d495a4c3e4e4022e16d87065, actions/upload-artifact@ea165f8d65b6e75b540449e92b4886f43607fa02. For more information see: https://github.blog/changelog/2025-09-19-deprecation-of-node-20-on-github-actions-runners/
