2026-09-29T12:39:20.8126316Z Current runner version: '2.337.0'
2026-09-29T12:39:20.8152893Z ##[group]Runner Image Provisioner
2026-09-29T12:39:20.8153804Z Hosted Compute Agent
2026-09-29T12:39:20.8154530Z Version: 20260828.587
2026-09-29T12:39:20.8155178Z Commit: abac92662cab4cc7352de4f9f9d2e2419aad9c29
2026-09-29T12:39:20.8155892Z Build Date: 2026-08-28T16:44:25Z
2026-09-29T12:39:20.8156741Z Worker ID: {6b32f57c-f3d1-470c-8d51-f79fae34ee1b}
2026-09-29T12:39:20.8157460Z Azure Region: westus2
2026-09-29T12:39:20.8158094Z ##[endgroup]
2026-09-29T12:39:20.8160026Z ##[group]Operating System
2026-09-29T12:39:20.8160748Z Ubuntu
2026-09-29T12:39:20.8161467Z 24.04.5
2026-09-29T12:39:20.8161981Z LTS
2026-09-29T12:39:20.8162548Z ##[endgroup]
2026-09-29T12:39:20.8163123Z ##[group]Runner Image
2026-09-29T12:39:20.8163747Z Image: ubuntu-24.04
2026-09-29T12:39:20.8164435Z Version: 20260920.314.1
2026-09-29T12:39:20.8165683Z Included Software: https://github.com/actions/runner-images/blob/ubuntu24/20260920.314/images/ubuntu/Ubuntu2404-Readme.md
2026-09-29T12:39:20.8167851Z Image Release: https://github.com/actions/runner-images/releases/tag/ubuntu24%2F20260920.314
2026-09-29T12:39:20.8168811Z ##[endgroup]
2026-09-29T12:39:20.8170347Z ##[group]GITHUB_TOKEN Permissions
2026-09-29T12:39:20.8172529Z Contents: read
2026-09-29T12:39:20.8173317Z Metadata: read
2026-09-29T12:39:20.8173920Z ##[endgroup]
2026-09-29T12:39:20.8176276Z Secret source: Actions
2026-09-29T12:39:20.8177322Z Cache mode: write
2026-09-29T12:39:20.8178115Z Prepare workflow directory
2026-09-29T12:39:20.8593451Z Prepare all required actions
2026-09-29T12:39:20.8642496Z Getting action download info
2026-09-29T12:39:21.2252966Z Download action repository 'actions/checkout@11d5960a326750d5838078e36cf38b85af677262' (SHA:11d5960a326750d5838078e36cf38b85af677262)
2026-09-29T12:39:21.3428513Z Download action repository 'actions/setup-python@a26af69be951a213d495a4c3e4e4022e16d87065' (SHA:a26af69be951a213d495a4c3e4e4022e16d87065)
2026-09-29T12:39:21.4226398Z Download action repository 'actions/upload-artifact@ea165f8d65b6e75b540449e92b4886f43607fa02' (SHA:ea165f8d65b6e75b540449e92b4886f43607fa02)
2026-09-29T12:39:21.6744736Z Complete job name: verify
2026-09-29T12:39:21.7519346Z ##[group]Run actions/checkout@11d5960a326750d5838078e36cf38b85af677262
2026-09-29T12:39:21.7520592Z with:
2026-09-29T12:39:21.7521115Z   repository: proteinfoldingengine/WetLabEngine
2026-09-29T12:39:21.7525290Z   token: ***
2026-09-29T12:39:21.7525736Z   ssh-strict: true
2026-09-29T12:39:21.7526170Z   ssh-user: git
2026-09-29T12:39:21.7526617Z   persist-credentials: true
2026-09-29T12:39:21.7527113Z   clean: true
2026-09-29T12:39:21.7527562Z   sparse-checkout-cone-mode: true
2026-09-29T12:39:21.7528084Z   fetch-depth: 1
2026-09-29T12:39:21.7528509Z   fetch-tags: false
2026-09-29T12:39:21.7528956Z   show-progress: true
2026-09-29T12:39:21.7529684Z   lfs: false
2026-09-29T12:39:21.7530100Z   submodules: false
2026-09-29T12:39:21.7530547Z   set-safe-directory: true
2026-09-29T12:39:21.7531064Z   allow-unsafe-pr-checkout: false
2026-09-29T12:39:21.7531903Z env:
2026-09-29T12:39:21.7532433Z   P: ResearchHistory/UQCF-GEM/demos/v16.23-overlap-descent
2026-09-29T12:39:21.7533122Z   OPENBLAS_NUM_THREADS: 1
2026-09-29T12:39:21.7533588Z ##[endgroup]
2026-09-29T12:39:21.8556636Z Syncing repository: proteinfoldingengine/WetLabEngine
2026-09-29T12:39:21.8559721Z ##[group]Getting Git version info
2026-09-29T12:39:21.8560960Z Working directory is '/home/runner/work/WetLabEngine/WetLabEngine'
2026-09-29T12:39:21.8562653Z [command]/usr/bin/git version
2026-09-29T12:39:21.8653343Z git version 2.55.0
2026-09-29T12:39:21.8676485Z ##[endgroup]
2026-09-29T12:39:21.8693692Z Temporarily overriding HOME='/home/runner/work/_temp/6a0e29ee-de4a-4372-b761-04e2556efc19' before making global git config changes
2026-09-29T12:39:21.8696575Z Adding repository directory to the temporary git global config as a safe directory
2026-09-29T12:39:21.8701663Z [command]/usr/bin/git config --global --add safe.directory /home/runner/work/WetLabEngine/WetLabEngine
2026-09-29T12:39:21.8765961Z Deleting the contents of '/home/runner/work/WetLabEngine/WetLabEngine'
2026-09-29T12:39:21.8772920Z ##[group]Initializing the repository
2026-09-29T12:39:21.8778439Z [command]/usr/bin/git init /home/runner/work/WetLabEngine/WetLabEngine
2026-09-29T12:39:21.8928089Z hint: Using 'master' as the name for the initial branch. This default branch name
2026-09-29T12:39:21.8931180Z hint: will change to "main" in Git 3.0. To configure the initial branch name
2026-09-29T12:39:21.8933506Z hint: to use in all of your new repositories, which will suppress this warning,
2026-09-29T12:39:21.8935207Z hint: call:
2026-09-29T12:39:21.8936391Z hint:
2026-09-29T12:39:21.8937592Z hint: 	git config --global init.defaultBranch <name>
2026-09-29T12:39:21.8938927Z hint:
2026-09-29T12:39:21.8940406Z hint: Names commonly chosen instead of 'master' are 'main', 'trunk' and
2026-09-29T12:39:21.8942330Z hint: 'development'. The just-created branch can be renamed via this command:
2026-09-29T12:39:21.8944216Z hint:
2026-09-29T12:39:21.8945587Z hint: 	git branch -m <name>
2026-09-29T12:39:21.8946753Z hint:
2026-09-29T12:39:21.8948273Z hint: Disable this message with "git config set advice.defaultBranchName false"
2026-09-29T12:39:21.8950731Z Initialized empty Git repository in /home/runner/work/WetLabEngine/WetLabEngine/.git/
2026-09-29T12:39:21.8954288Z [command]/usr/bin/git remote add origin https://github.com/proteinfoldingengine/WetLabEngine
2026-09-29T12:39:21.9016683Z ##[endgroup]
2026-09-29T12:39:21.9018278Z ##[group]Disabling automatic garbage collection
2026-09-29T12:39:21.9021889Z [command]/usr/bin/git config --local gc.auto 0
2026-09-29T12:39:21.9068486Z ##[endgroup]
2026-09-29T12:39:21.9070150Z ##[group]Setting up auth
2026-09-29T12:39:21.9071507Z [command]/usr/bin/git config --local --name-only --get-regexp core\.sshCommand
2026-09-29T12:39:21.9110801Z [command]/usr/bin/git submodule foreach --recursive sh -c "git config --local --name-only --get-regexp 'core\.sshCommand' && git config --local --unset-all 'core.sshCommand' || :"
2026-09-29T12:39:21.9570268Z [command]/usr/bin/git config --local --name-only --get-regexp http\.https\:\/\/github\.com\/\.extraheader
2026-09-29T12:39:21.9621001Z [command]/usr/bin/git submodule foreach --recursive sh -c "git config --local --name-only --get-regexp 'http\.https\:\/\/github\.com\/\.extraheader' && git config --local --unset-all 'http.https://github.com/.extraheader' || :"
2026-09-29T12:39:21.9858160Z [command]/usr/bin/git config --local --name-only --get-regexp ^includeIf\.gitdir:
2026-09-29T12:39:21.9895711Z [command]/usr/bin/git submodule foreach --recursive git config --local --show-origin --name-only --get-regexp remote.origin.url
2026-09-29T12:39:22.0124928Z [command]/usr/bin/git config --local http.https://github.com/.extraheader AUTHORIZATION: basic ***
2026-09-29T12:39:22.0167409Z ##[endgroup]
2026-09-29T12:39:22.0168902Z ##[group]Fetching the repository
2026-09-29T12:39:22.0179683Z [command]/usr/bin/git -c protocol.version=2 fetch --no-tags --prune --no-recurse-submodules --depth=1 origin +54a3a1c57be3d749e86c88969b1556452235d513:refs/remotes/origin/research/v16.23-overlap-descent
2026-09-29T12:39:33.3518567Z From https://github.com/proteinfoldingengine/WetLabEngine
2026-09-29T12:39:33.3521469Z  * [new ref]         54a3a1c57be3d749e86c88969b1556452235d513 -> origin/research/v16.23-overlap-descent
2026-09-29T12:39:33.3526763Z ##[endgroup]
2026-09-29T12:39:33.3528077Z ##[group]Determining the checkout info
2026-09-29T12:39:33.3529748Z ##[endgroup]
2026-09-29T12:39:33.3531361Z [command]/usr/bin/git sparse-checkout disable
2026-09-29T12:39:33.3590487Z [command]/usr/bin/git config --local --unset-all extensions.worktreeConfig
2026-09-29T12:39:33.3623668Z ##[group]Checking out the ref
2026-09-29T12:39:33.3662801Z [command]/usr/bin/git checkout --progress --force -B research/v16.23-overlap-descent refs/remotes/origin/research/v16.23-overlap-descent
2026-09-29T12:39:34.3862554Z Updating files:  47% (2268/4796)
2026-09-29T12:39:34.3900844Z Updating files:  48% (2303/4796)
2026-09-29T12:39:34.3945243Z Updating files:  49% (2351/4796)
2026-09-29T12:39:34.3971816Z Updating files:  50% (2398/4796)
2026-09-29T12:39:34.3997113Z Updating files:  51% (2446/4796)
2026-09-29T12:39:34.4041307Z Updating files:  52% (2494/4796)
2026-09-29T12:39:34.4738559Z Updating files:  53% (2542/4796)
2026-09-29T12:39:34.4759720Z Updating files:  54% (2590/4796)
2026-09-29T12:39:34.4778996Z Updating files:  55% (2638/4796)
2026-09-29T12:39:34.4819054Z Updating files:  56% (2686/4796)
2026-09-29T12:39:34.4937181Z Updating files:  57% (2734/4796)
2026-09-29T12:39:34.5036824Z Updating files:  58% (2782/4796)
2026-09-29T12:39:34.5170196Z Updating files:  59% (2830/4796)
2026-09-29T12:39:34.5273470Z Updating files:  60% (2878/4796)
2026-09-29T12:39:34.5302038Z Updating files:  61% (2926/4796)
2026-09-29T12:39:34.5685788Z Updating files:  62% (2974/4796)
2026-09-29T12:39:34.6267244Z Updating files:  63% (3022/4796)
2026-09-29T12:39:34.7367730Z Updating files:  64% (3070/4796)
2026-09-29T12:39:34.8787126Z Updating files:  65% (3118/4796)
2026-09-29T12:39:34.9270973Z Updating files:  66% (3166/4796)
2026-09-29T12:39:35.0562691Z Updating files:  67% (3214/4796)
2026-09-29T12:39:35.1109792Z Updating files:  68% (3262/4796)
2026-09-29T12:39:35.2038263Z Updating files:  69% (3310/4796)
2026-09-29T12:39:35.2497921Z Updating files:  70% (3358/4796)
2026-09-29T12:39:35.2645720Z Updating files:  71% (3406/4796)
2026-09-29T12:39:35.2721381Z Updating files:  72% (3454/4796)
2026-09-29T12:39:35.2769676Z Updating files:  73% (3502/4796)
2026-09-29T12:39:35.3234870Z Updating files:  74% (3550/4796)
2026-09-29T12:39:35.3258573Z Updating files:  75% (3597/4796)
2026-09-29T12:39:35.3288724Z Updating files:  76% (3645/4796)
2026-09-29T12:39:35.3318763Z Updating files:  77% (3693/4796)
2026-09-29T12:39:35.3363016Z Updating files:  78% (3741/4796)
2026-09-29T12:39:35.3401640Z Updating files:  79% (3789/4796)
2026-09-29T12:39:35.3433970Z Updating files:  80% (3837/4796)
2026-09-29T12:39:35.3465670Z Updating files:  81% (3885/4796)
2026-09-29T12:39:35.3488936Z Updating files:  82% (3933/4796)
2026-09-29T12:39:35.3530763Z Updating files:  83% (3981/4796)
2026-09-29T12:39:35.3662434Z Updating files:  84% (4029/4796)
2026-09-29T12:39:35.4301468Z Updating files:  85% (4077/4796)
2026-09-29T12:39:35.7271351Z Updating files:  85% (4106/4796)
2026-09-29T12:39:35.7351261Z Updating files:  86% (4125/4796)
2026-09-29T12:39:35.7511620Z Updating files:  87% (4173/4796)
2026-09-29T12:39:35.7719408Z Updating files:  88% (4221/4796)
2026-09-29T12:39:35.7924041Z Updating files:  89% (4269/4796)
2026-09-29T12:39:35.8065010Z Updating files:  90% (4317/4796)
2026-09-29T12:39:35.8459711Z Updating files:  91% (4365/4796)
2026-09-29T12:39:35.8752427Z Updating files:  92% (4413/4796)
2026-09-29T12:39:35.8808991Z Updating files:  93% (4461/4796)
2026-09-29T12:39:35.8848186Z Updating files:  94% (4509/4796)
2026-09-29T12:39:35.8934262Z Updating files:  95% (4557/4796)
2026-09-29T12:39:35.8985820Z Updating files:  96% (4605/4796)
2026-09-29T12:39:35.9027127Z Updating files:  97% (4653/4796)
2026-09-29T12:39:35.9160957Z Updating files:  98% (4701/4796)
2026-09-29T12:39:35.9201710Z Updating files:  99% (4749/4796)
2026-09-29T12:39:35.9202336Z Updating files: 100% (4796/4796)
2026-09-29T12:39:35.9202713Z Updating files: 100% (4796/4796), done.
2026-09-29T12:39:35.9271610Z Switched to a new branch 'research/v16.23-overlap-descent'
2026-09-29T12:39:35.9277896Z branch 'research/v16.23-overlap-descent' set up to track 'origin/research/v16.23-overlap-descent'.
2026-09-29T12:39:35.9377321Z ##[endgroup]
2026-09-29T12:39:35.9433293Z [command]/usr/bin/git log -1 --format=%H
2026-09-29T12:39:35.9460803Z 54a3a1c57be3d749e86c88969b1556452235d513
2026-09-29T12:39:35.9785692Z ##[group]Run actions/setup-python@a26af69be951a213d495a4c3e4e4022e16d87065
2026-09-29T12:39:35.9786127Z with:
2026-09-29T12:39:35.9786333Z   python-version: 3.11
2026-09-29T12:39:35.9786573Z   check-latest: false
2026-09-29T12:39:35.9789405Z   token: ***
2026-09-29T12:39:35.9789636Z   update-environment: true
2026-09-29T12:39:35.9790136Z   allow-prereleases: false
2026-09-29T12:39:35.9790370Z   freethreaded: false
2026-09-29T12:39:35.9790577Z env:
2026-09-29T12:39:35.9790827Z   P: ResearchHistory/UQCF-GEM/demos/v16.23-overlap-descent
2026-09-29T12:39:35.9791163Z   OPENBLAS_NUM_THREADS: 1
2026-09-29T12:39:35.9791388Z ##[endgroup]
2026-09-29T12:39:36.1083332Z ##[group]Installed versions
2026-09-29T12:39:36.1190821Z (node:2219) [DEP0040] DeprecationWarning: The `punycode` module is deprecated. Please use a userland alternative instead.
2026-09-29T12:39:36.1191677Z (Use `node --trace-deprecation ...` to show where the warning was created)
2026-09-29T12:39:36.1192592Z Successfully set up CPython (3.11.16)
2026-09-29T12:39:36.1193200Z ##[endgroup]
2026-09-29T12:39:36.1331383Z ##[group]Run python -m pip install sympy==1.13.3 mpmath==1.3.0
2026-09-29T12:39:36.1331918Z [36;1mpython -m pip install sympy==1.13.3 mpmath==1.3.0[0m
2026-09-29T12:39:36.1664374Z shell: /usr/bin/bash -e {0}
2026-09-29T12:39:36.1664659Z env:
2026-09-29T12:39:36.1664967Z   P: ResearchHistory/UQCF-GEM/demos/v16.23-overlap-descent
2026-09-29T12:39:36.1665332Z   OPENBLAS_NUM_THREADS: 1
2026-09-29T12:39:36.1665654Z   pythonLocation: /opt/hostedtoolcache/Python/3.11.16/x64
2026-09-29T12:39:36.1666132Z   PKG_CONFIG_PATH: /opt/hostedtoolcache/Python/3.11.16/x64/lib/pkgconfig
2026-09-29T12:39:36.1666599Z   Python_ROOT_DIR: /opt/hostedtoolcache/Python/3.11.16/x64
2026-09-29T12:39:36.1667014Z   Python2_ROOT_DIR: /opt/hostedtoolcache/Python/3.11.16/x64
2026-09-29T12:39:36.1667421Z   Python3_ROOT_DIR: /opt/hostedtoolcache/Python/3.11.16/x64
2026-09-29T12:39:36.1667832Z   LD_LIBRARY_PATH: /opt/hostedtoolcache/Python/3.11.16/x64/lib
2026-09-29T12:39:36.1668177Z ##[endgroup]
2026-09-29T12:39:38.7154218Z Collecting sympy==1.13.3
2026-09-29T12:39:38.7733537Z   Downloading sympy-1.13.3-py3-none-any.whl.metadata (12 kB)
2026-09-29T12:39:38.7947208Z Collecting mpmath==1.3.0
2026-09-29T12:39:38.8016476Z   Downloading mpmath-1.3.0-py3-none-any.whl.metadata (8.6 kB)
2026-09-29T12:39:38.8159241Z Downloading sympy-1.13.3-py3-none-any.whl (6.2 MB)
2026-09-29T12:39:39.0071924Z    ━━━━━━━━━━━━━━━━━━━━━━━━━━━━━━━━━━━━━━━━ 6.2/6.2 MB 35.9 MB/s  0:00:00
2026-09-29T12:39:39.0142885Z Downloading mpmath-1.3.0-py3-none-any.whl (536 kB)
2026-09-29T12:39:39.0247708Z    ━━━━━━━━━━━━━━━━━━━━━━━━━━━━━━━━━━━━━━━━ 536.2/536.2 kB 38.4 MB/s  0:00:00
2026-09-29T12:39:39.1947742Z Installing collected packages: mpmath, sympy
2026-09-29T12:39:44.8115940Z 
2026-09-29T12:39:44.8124640Z Successfully installed mpmath-1.3.0 sympy-1.13.3
2026-09-29T12:39:44.8582069Z ##[group]Run python - <<'PY'
2026-09-29T12:39:44.8582409Z [36;1mpython - <<'PY'[0m
2026-09-29T12:39:44.8582729Z [36;1mimport os,json,pathlib,subprocess,sys,platform[0m
2026-09-29T12:39:44.8583235Z [36;1mp=pathlib.Path(os.environ['P']).resolve();e=p/'evidence';e.mkdir(exist_ok=True)[0m
2026-09-29T12:39:44.8583710Z [36;1mroot=pathlib.Path.cwd();records=[][0m
2026-09-29T12:39:44.8585477Z [36;1mcommands=[('tests',p,['python','test_gate.py']),('schema',p,['python','test_schema.py']),('v1622',p.parent/'v16.22-response-selection-closure',['python','-m','unittest','discover','-v']),('v1621',root/'ResearchHistory/UQCF-GEM/foundational-closure-verification',['python','tests/test_fcv.py']),('parent',p.parent/'v15.56-response-selector-obstruction',['python','-m','unittest','-v','test_pruning_consistency_audit']),('producer',p,['python','engine.py']),('verifier',p,['python','verify.py'])][0m
2026-09-29T12:39:44.8587239Z [36;1mfor name,cwd,cmd in commands:[0m
2026-09-29T12:39:44.8587764Z [36;1m    with (e/(name+'.log')).open('w') as log:r=subprocess.run(cmd,cwd=cwd,stdout=log,stderr=subprocess.STDOUT)[0m
2026-09-29T12:39:44.8588496Z [36;1m    records.append({'name':name,'command':cmd,'exit_code':r.returncode});print(name,r.returncode,flush=True)[0m
2026-09-29T12:39:44.8589440Z [36;1m    (e/'COMMANDS.json').write_text(json.dumps(records,indent=2)+'\n')[0m
2026-09-29T12:39:44.8590118Z [36;1m    if r.returncode: print((e/(name+'.log')).read_text()[-16000:]);sys.exit(r.returncode)[0m
2026-09-29T12:39:44.8590735Z [36;1mPY[0m
2026-09-29T12:39:44.8655054Z shell: /usr/bin/bash -e {0}
2026-09-29T12:39:44.8655314Z env:
2026-09-29T12:39:44.8655591Z   P: ResearchHistory/UQCF-GEM/demos/v16.23-overlap-descent
2026-09-29T12:39:44.8655938Z   OPENBLAS_NUM_THREADS: 1
2026-09-29T12:39:44.8656250Z   pythonLocation: /opt/hostedtoolcache/Python/3.11.16/x64
2026-09-29T12:39:44.8656690Z   PKG_CONFIG_PATH: /opt/hostedtoolcache/Python/3.11.16/x64/lib/pkgconfig
2026-09-29T12:39:44.8657138Z   Python_ROOT_DIR: /opt/hostedtoolcache/Python/3.11.16/x64
2026-09-29T12:39:44.8657525Z   Python2_ROOT_DIR: /opt/hostedtoolcache/Python/3.11.16/x64
2026-09-29T12:39:44.8657921Z   Python3_ROOT_DIR: /opt/hostedtoolcache/Python/3.11.16/x64
2026-09-29T12:39:44.8658313Z   LD_LIBRARY_PATH: /opt/hostedtoolcache/Python/3.11.16/x64/lib
2026-09-29T12:39:44.8658638Z ##[endgroup]
2026-09-29T12:39:46.2252281Z tests 0
2026-09-29T12:39:46.8058654Z schema 1
2026-09-29T12:39:46.8061746Z test_omitted_storage_reversal_rejected (__main__.SchemaTests.test_omitted_storage_reversal_rejected) ... FAIL
2026-09-29T12:39:46.8063355Z test_original_cannot_masquerade_as_relabelled (__main__.SchemaTests.test_original_cannot_masquerade_as_relabelled) ... FAIL
2026-09-29T12:39:46.8064722Z test_real_metamorphic_case_accepted (__main__.SchemaTests.test_real_metamorphic_case_accepted) ... ok
2026-09-29T12:39:46.8065426Z 
2026-09-29T12:39:46.8065640Z ======================================================================
2026-09-29T12:39:46.8066576Z FAIL: test_omitted_storage_reversal_rejected (__main__.SchemaTests.test_omitted_storage_reversal_rejected)
2026-09-29T12:39:46.8067480Z ----------------------------------------------------------------------
2026-09-29T12:39:46.8068073Z Traceback (most recent call last):
2026-09-29T12:39:46.8077220Z   File "/home/runner/work/WetLabEngine/WetLabEngine/ResearchHistory/UQCF-GEM/demos/v16.23-overlap-descent/test_schema.py", line 16, in test_omitted_storage_reversal_rejected
2026-09-29T12:39:46.8078815Z     with self.assertRaisesRegex(ValueError,'declared storage'):
2026-09-29T12:39:46.8079761Z AssertionError: ValueError not raised
2026-09-29T12:39:46.8080087Z 
2026-09-29T12:39:46.8080287Z ======================================================================
2026-09-29T12:39:46.8081312Z FAIL: test_original_cannot_masquerade_as_relabelled (__main__.SchemaTests.test_original_cannot_masquerade_as_relabelled)
2026-09-29T12:39:46.8082407Z ----------------------------------------------------------------------
2026-09-29T12:39:46.8083383Z Traceback (most recent call last):
2026-09-29T12:39:46.8084906Z   File "/home/runner/work/WetLabEngine/WetLabEngine/ResearchHistory/UQCF-GEM/demos/v16.23-overlap-descent/test_schema.py", line 10, in test_original_cannot_masquerade_as_relabelled
2026-09-29T12:39:46.8086497Z     with self.assertRaisesRegex(ValueError,'declared relabel'):
2026-09-29T12:39:46.8087144Z AssertionError: ValueError not raised
2026-09-29T12:39:46.8087477Z 
2026-09-29T12:39:46.8087725Z ----------------------------------------------------------------------
2026-09-29T12:39:46.8088318Z Ran 3 tests in 0.289s
2026-09-29T12:39:46.8088557Z 
2026-09-29T12:39:46.8088703Z FAILED (failures=2)
2026-09-29T12:39:46.8088932Z 
2026-09-29T12:39:46.8125700Z ##[error]Process completed with exit code 1.
2026-09-29T12:39:46.8176244Z ##[group]Run set -euo pipefail
2026-09-29T12:39:46.8176576Z [36;1mset -euo pipefail[0m
2026-09-29T12:39:46.8176826Z [36;1mmkdir -p "$P/evidence"[0m
2026-09-29T12:39:46.8177353Z [36;1mgit archive --format=zip HEAD "$P" .github/workflows/uqcf-v1623-overlap-descent.yml > "$P/evidence/source.zip"[0m
2026-09-29T12:39:46.8177985Z [36;1mpython -m pip freeze > "$P/evidence/dependencies.txt"[0m
2026-09-29T12:39:46.8178331Z [36;1mpython - <<'PY'[0m
2026-09-29T12:39:46.8178610Z [36;1mimport hashlib,json,os,pathlib,platform[0m
2026-09-29T12:39:46.8178970Z [36;1mp=pathlib.Path(os.environ['P']);e=p/'evidence'[0m
2026-09-29T12:39:46.8180496Z [36;1m(e/'EXECUTION.json').write_text(json.dumps({'execution_sha':os.environ['GITHUB_SHA'],'run_id':os.environ['GITHUB_RUN_ID'],'attempt':os.environ['GITHUB_RUN_ATTEMPT'],'job_name':os.environ['GITHUB_JOB'],'python':platform.python_version(),'review':'self-reviewed; no separate reviewer'},indent=2)+'\n')[0m
2026-09-29T12:39:46.8182199Z [36;1m(e/'SHA256SUMS').write_text(''.join(hashlib.sha256(f.read_bytes()).hexdigest()+'  '+f.name+'\n' for f in sorted(e.iterdir()) if f.is_file() and f.name!='SHA256SUMS'))[0m
2026-09-29T12:39:46.8182858Z [36;1mPY[0m
2026-09-29T12:39:46.8244795Z shell: /usr/bin/bash -e {0}
2026-09-29T12:39:46.8245047Z env:
2026-09-29T12:39:46.8245315Z   P: ResearchHistory/UQCF-GEM/demos/v16.23-overlap-descent
2026-09-29T12:39:46.8245666Z   OPENBLAS_NUM_THREADS: 1
2026-09-29T12:39:46.8245965Z   pythonLocation: /opt/hostedtoolcache/Python/3.11.16/x64
2026-09-29T12:39:46.8246403Z   PKG_CONFIG_PATH: /opt/hostedtoolcache/Python/3.11.16/x64/lib/pkgconfig
2026-09-29T12:39:46.8246825Z   Python_ROOT_DIR: /opt/hostedtoolcache/Python/3.11.16/x64
2026-09-29T12:39:46.8247208Z   Python2_ROOT_DIR: /opt/hostedtoolcache/Python/3.11.16/x64
2026-09-29T12:39:46.8247588Z   Python3_ROOT_DIR: /opt/hostedtoolcache/Python/3.11.16/x64
2026-09-29T12:39:46.8247986Z   LD_LIBRARY_PATH: /opt/hostedtoolcache/Python/3.11.16/x64/lib
2026-09-29T12:39:46.8248320Z ##[endgroup]
2026-09-29T12:39:47.0777145Z ##[group]Run actions/upload-artifact@ea165f8d65b6e75b540449e92b4886f43607fa02
2026-09-29T12:39:47.0777567Z with:
2026-09-29T12:39:47.0777818Z   name: v1623-54a3a1c57be3d749e86c88969b1556452235d513
2026-09-29T12:39:47.0778235Z   path: ResearchHistory/UQCF-GEM/demos/v16.23-overlap-descent/evidence
2026-09-29T12:39:47.0778626Z   if-no-files-found: error
2026-09-29T12:39:47.0778866Z   compression-level: 6
2026-09-29T12:39:47.0779343Z   overwrite: false
2026-09-29T12:39:47.0779576Z   include-hidden-files: false
2026-09-29T12:39:47.0779816Z env:
2026-09-29T12:39:47.0780074Z   P: ResearchHistory/UQCF-GEM/demos/v16.23-overlap-descent
2026-09-29T12:39:47.0780411Z   OPENBLAS_NUM_THREADS: 1
2026-09-29T12:39:47.0780716Z   pythonLocation: /opt/hostedtoolcache/Python/3.11.16/x64
2026-09-29T12:39:47.0781147Z   PKG_CONFIG_PATH: /opt/hostedtoolcache/Python/3.11.16/x64/lib/pkgconfig
2026-09-29T12:39:47.0781566Z   Python_ROOT_DIR: /opt/hostedtoolcache/Python/3.11.16/x64
2026-09-29T12:39:47.0781968Z   Python2_ROOT_DIR: /opt/hostedtoolcache/Python/3.11.16/x64
2026-09-29T12:39:47.0782352Z   Python3_ROOT_DIR: /opt/hostedtoolcache/Python/3.11.16/x64
2026-09-29T12:39:47.0782736Z   LD_LIBRARY_PATH: /opt/hostedtoolcache/Python/3.11.16/x64/lib
2026-09-29T12:39:47.0783058Z ##[endgroup]
2026-09-29T12:39:47.2457404Z (node:2264) [DEP0040] DeprecationWarning: The `punycode` module is deprecated. Please use a userland alternative instead.
2026-09-29T12:39:47.2458369Z (Use `node --trace-deprecation ...` to show where the warning was created)
2026-09-29T12:39:47.2525550Z With the provided path, there will be 8 files uploaded
2026-09-29T12:39:47.2533253Z Artifact name is valid!
2026-09-29T12:39:47.2534084Z Root directory input is valid!
2026-09-29T12:39:47.6381404Z Beginning upload of artifact content to blob storage
2026-09-29T12:39:47.6691091Z (node:2264) [DEP0169] DeprecationWarning: `url.parse()` behavior is not standardized and prone to errors that have security implications. Use the WHATWG URL API instead. CVEs are not issued for `url.parse()` vulnerabilities.
2026-09-29T12:39:48.0196904Z Uploaded bytes 27336
2026-09-29T12:39:48.1020365Z Finished uploading artifact content to blob storage!
2026-09-29T12:39:48.1021720Z SHA256 digest of uploaded artifact zip is a1aa0a0b39accacb9ca4ae3665deecc97c2b94c13495814ef4bbb216858bdcc3
2026-09-29T12:39:48.1023085Z Finalizing artifact upload
2026-09-29T12:39:48.4012788Z Artifact v1623-54a3a1c57be3d749e86c88969b1556452235d513.zip successfully finalized. Artifact ID 11033676117
2026-09-29T12:39:48.4013818Z Artifact v1623-54a3a1c57be3d749e86c88969b1556452235d513 has been successfully uploaded! Final size is 27336 bytes. Artifact ID is 11033676117
2026-09-29T12:39:48.4019562Z Artifact download URL: https://github.com/proteinfoldingengine/WetLabEngine/actions/runs/36569553274/artifacts/11033676117
2026-09-29T12:39:48.4228048Z Post job cleanup.
2026-09-29T12:39:48.5110488Z [command]/usr/bin/git version
2026-09-29T12:39:48.5155589Z git version 2.55.0
2026-09-29T12:39:48.5201333Z Temporarily overriding HOME='/home/runner/work/_temp/fb164ccc-d3d9-4a1d-8a5c-003410a9438c' before making global git config changes
2026-09-29T12:39:48.5202715Z Adding repository directory to the temporary git global config as a safe directory
2026-09-29T12:39:48.5207184Z [command]/usr/bin/git config --global --add safe.directory /home/runner/work/WetLabEngine/WetLabEngine
2026-09-29T12:39:48.5248625Z [command]/usr/bin/git config --local --name-only --get-regexp core\.sshCommand
2026-09-29T12:39:48.5287405Z [command]/usr/bin/git submodule foreach --recursive sh -c "git config --local --name-only --get-regexp 'core\.sshCommand' && git config --local --unset-all 'core.sshCommand' || :"
2026-09-29T12:39:48.5554446Z [command]/usr/bin/git config --local --name-only --get-regexp http\.https\:\/\/github\.com\/\.extraheader
2026-09-29T12:39:48.5585062Z http.https://github.com/.extraheader
2026-09-29T12:39:48.5597110Z [command]/usr/bin/git config --local --unset-all http.https://github.com/.extraheader
2026-09-29T12:39:48.5660850Z [command]/usr/bin/git submodule foreach --recursive sh -c "git config --local --name-only --get-regexp 'http\.https\:\/\/github\.com\/\.extraheader' && git config --local --unset-all 'http.https://github.com/.extraheader' || :"
2026-09-29T12:39:48.5945125Z [command]/usr/bin/git config --local --name-only --get-regexp ^includeIf\.gitdir:
2026-09-29T12:39:48.5990784Z [command]/usr/bin/git submodule foreach --recursive git config --local --show-origin --name-only --get-regexp remote.origin.url
2026-09-29T12:39:48.6463903Z Cleaning up orphan processes
2026-09-29T12:39:48.6752274Z ##[warning]Node.js 20 is deprecated. The following actions target Node.js 20 but are being forced to run on Node.js 24: actions/checkout@11d5960a326750d5838078e36cf38b85af677262, actions/setup-python@a26af69be951a213d495a4c3e4e4022e16d87065, actions/upload-artifact@ea165f8d65b6e75b540449e92b4886f43607fa02. For more information see: https://github.blog/changelog/2025-09-19-deprecation-of-node-20-on-github-actions-runners/
