2026-09-29T00:40:35.2233801Z Current runner version: '2.337.0'
2026-09-29T00:40:35.2269143Z ##[group]Runner Image Provisioner
2026-09-29T00:40:35.2271314Z Hosted Compute Agent
2026-09-29T00:40:35.2272623Z Version: 20260828.587
2026-09-29T00:40:35.2273861Z Commit: abac92662cab4cc7352de4f9f9d2e2419aad9c29
2026-09-29T00:40:35.2275212Z Build Date: 2026-08-28T16:44:25Z
2026-09-29T00:40:35.2276467Z Worker ID: {3c696758-f153-4dea-9c2b-1bded5daee93}
2026-09-29T00:40:35.2277798Z Azure Region: centralus
2026-09-29T00:40:35.2279130Z ##[endgroup]
2026-09-29T00:40:35.2282029Z ##[group]Operating System
2026-09-29T00:40:35.2283209Z Ubuntu
2026-09-29T00:40:35.2284134Z 24.04.5
2026-09-29T00:40:35.2284962Z LTS
2026-09-29T00:40:35.2285923Z ##[endgroup]
2026-09-29T00:40:35.2286929Z ##[group]Runner Image
2026-09-29T00:40:35.2287969Z Image: ubuntu-24.04
2026-09-29T00:40:35.2289395Z Version: 20260920.314.1
2026-09-29T00:40:35.2291981Z Included Software: https://github.com/actions/runner-images/blob/ubuntu24/20260920.314/images/ubuntu/Ubuntu2404-Readme.md
2026-09-29T00:40:35.2294937Z Image Release: https://github.com/actions/runner-images/releases/tag/ubuntu24%2F20260920.314
2026-09-29T00:40:35.2297411Z ##[endgroup]
2026-09-29T00:40:35.2299483Z ##[group]GITHUB_TOKEN Permissions
2026-09-29T00:40:35.2302918Z Contents: read
2026-09-29T00:40:35.2304040Z Metadata: read
2026-09-29T00:40:35.2305104Z ##[endgroup]
2026-09-29T00:40:35.2307889Z Secret source: Actions
2026-09-29T00:40:35.2309477Z Cache mode: write
2026-09-29T00:40:35.2311206Z Prepare workflow directory
2026-09-29T00:40:35.2689176Z Prepare all required actions
2026-09-29T00:40:35.2762595Z Getting action download info
2026-09-29T00:40:35.5437853Z Download action repository 'actions/checkout@11d5960a326750d5838078e36cf38b85af677262' (SHA:11d5960a326750d5838078e36cf38b85af677262)
2026-09-29T00:40:35.6353617Z Download action repository 'actions/setup-python@a26af69be951a213d495a4c3e4e4022e16d87065' (SHA:a26af69be951a213d495a4c3e4e4022e16d87065)
2026-09-29T00:40:35.7610961Z Download action repository 'actions/upload-artifact@v4' (SHA:ea165f8d65b6e75b540449e92b4886f43607fa02)
2026-09-29T00:40:35.9721210Z Complete job name: audit
2026-09-29T00:40:36.0562464Z ##[group]Run actions/checkout@11d5960a326750d5838078e36cf38b85af677262
2026-09-29T00:40:36.0563547Z with:
2026-09-29T00:40:36.0564053Z   repository: proteinfoldingengine/WetLabEngine
2026-09-29T00:40:36.0567755Z   token: ***
2026-09-29T00:40:36.0568193Z   ssh-strict: true
2026-09-29T00:40:36.0568635Z   ssh-user: git
2026-09-29T00:40:36.0569084Z   persist-credentials: true
2026-09-29T00:40:36.0569581Z   clean: true
2026-09-29T00:40:36.0570033Z   sparse-checkout-cone-mode: true
2026-09-29T00:40:36.0570769Z   fetch-depth: 1
2026-09-29T00:40:36.0571202Z   fetch-tags: false
2026-09-29T00:40:36.0571648Z   show-progress: true
2026-09-29T00:40:36.0572108Z   lfs: false
2026-09-29T00:40:36.0572533Z   submodules: false
2026-09-29T00:40:36.0572982Z   set-safe-directory: true
2026-09-29T00:40:36.0573489Z   allow-unsafe-pr-checkout: false
2026-09-29T00:40:36.0574261Z ##[endgroup]
2026-09-29T00:40:36.1667771Z Syncing repository: proteinfoldingengine/WetLabEngine
2026-09-29T00:40:36.1669897Z ##[group]Getting Git version info
2026-09-29T00:40:36.1671332Z Working directory is '/home/runner/work/WetLabEngine/WetLabEngine'
2026-09-29T00:40:36.1672420Z [command]/usr/bin/git version
2026-09-29T00:40:36.1738190Z git version 2.55.0
2026-09-29T00:40:36.1777930Z ##[endgroup]
2026-09-29T00:40:36.1785789Z Temporarily overriding HOME='/home/runner/work/_temp/70637bd8-0407-4bff-a51e-a69a322c0cc2' before making global git config changes
2026-09-29T00:40:36.1788037Z Adding repository directory to the temporary git global config as a safe directory
2026-09-29T00:40:36.1792803Z [command]/usr/bin/git config --global --add safe.directory /home/runner/work/WetLabEngine/WetLabEngine
2026-09-29T00:40:36.1847452Z Deleting the contents of '/home/runner/work/WetLabEngine/WetLabEngine'
2026-09-29T00:40:36.1855822Z ##[group]Initializing the repository
2026-09-29T00:40:36.1878397Z [command]/usr/bin/git init /home/runner/work/WetLabEngine/WetLabEngine
2026-09-29T00:40:36.1962999Z hint: Using 'master' as the name for the initial branch. This default branch name
2026-09-29T00:40:36.1965050Z hint: will change to "main" in Git 3.0. To configure the initial branch name
2026-09-29T00:40:36.1967050Z hint: to use in all of your new repositories, which will suppress this warning,
2026-09-29T00:40:36.1968738Z hint: call:
2026-09-29T00:40:36.1970015Z hint:
2026-09-29T00:40:36.1971580Z hint: 	git config --global init.defaultBranch <name>
2026-09-29T00:40:36.1973062Z hint:
2026-09-29T00:40:36.1974453Z hint: Names commonly chosen instead of 'master' are 'main', 'trunk' and
2026-09-29T00:40:36.1976460Z hint: 'development'. The just-created branch can be renamed via this command:
2026-09-29T00:40:36.1977980Z hint:
2026-09-29T00:40:36.1979087Z hint: 	git branch -m <name>
2026-09-29T00:40:36.1980823Z hint:
2026-09-29T00:40:36.1982363Z hint: Disable this message with "git config set advice.defaultBranchName false"
2026-09-29T00:40:36.1984736Z Initialized empty Git repository in /home/runner/work/WetLabEngine/WetLabEngine/.git/
2026-09-29T00:40:36.1988463Z [command]/usr/bin/git remote add origin https://github.com/proteinfoldingengine/WetLabEngine
2026-09-29T00:40:36.2037387Z ##[endgroup]
2026-09-29T00:40:36.2039052Z ##[group]Disabling automatic garbage collection
2026-09-29T00:40:36.2041698Z [command]/usr/bin/git config --local gc.auto 0
2026-09-29T00:40:36.2075572Z ##[endgroup]
2026-09-29T00:40:36.2076703Z ##[group]Setting up auth
2026-09-29T00:40:36.2082657Z [command]/usr/bin/git config --local --name-only --get-regexp core\.sshCommand
2026-09-29T00:40:36.2116412Z [command]/usr/bin/git submodule foreach --recursive sh -c "git config --local --name-only --get-regexp 'core\.sshCommand' && git config --local --unset-all 'core.sshCommand' || :"
2026-09-29T00:40:36.2505783Z [command]/usr/bin/git config --local --name-only --get-regexp http\.https\:\/\/github\.com\/\.extraheader
2026-09-29T00:40:36.2565074Z [command]/usr/bin/git submodule foreach --recursive sh -c "git config --local --name-only --get-regexp 'http\.https\:\/\/github\.com\/\.extraheader' && git config --local --unset-all 'http.https://github.com/.extraheader' || :"
2026-09-29T00:40:36.2835320Z [command]/usr/bin/git config --local --name-only --get-regexp ^includeIf\.gitdir:
2026-09-29T00:40:36.2875272Z [command]/usr/bin/git submodule foreach --recursive git config --local --show-origin --name-only --get-regexp remote.origin.url
2026-09-29T00:40:36.3124282Z [command]/usr/bin/git config --local http.https://github.com/.extraheader AUTHORIZATION: basic ***
2026-09-29T00:40:36.3167325Z ##[endgroup]
2026-09-29T00:40:36.3168140Z ##[group]Fetching the repository
2026-09-29T00:40:36.3177916Z [command]/usr/bin/git -c protocol.version=2 fetch --no-tags --prune --no-recurse-submodules --depth=1 origin +9934cb1f05795694febf1f35b07580dc5c864e31:refs/remotes/origin/research/v16.15-network-interpretation
2026-09-29T00:40:47.7741852Z From https://github.com/proteinfoldingengine/WetLabEngine
2026-09-29T00:40:47.7742850Z  * [new ref]         9934cb1f05795694febf1f35b07580dc5c864e31 -> origin/research/v16.15-network-interpretation
2026-09-29T00:40:47.7746579Z ##[endgroup]
2026-09-29T00:40:47.7747581Z ##[group]Determining the checkout info
2026-09-29T00:40:47.7750323Z ##[endgroup]
2026-09-29T00:40:47.7757502Z [command]/usr/bin/git sparse-checkout disable
2026-09-29T00:40:47.7811104Z [command]/usr/bin/git config --local --unset-all extensions.worktreeConfig
2026-09-29T00:40:47.7843963Z ##[group]Checking out the ref
2026-09-29T00:40:47.7848712Z [command]/usr/bin/git checkout --progress --force -B research/v16.15-network-interpretation refs/remotes/origin/research/v16.15-network-interpretation
2026-09-29T00:40:48.8056103Z Updating files:  46% (2184/4712)
2026-09-29T00:40:48.8094760Z Updating files:  47% (2215/4712)
2026-09-29T00:40:48.8141899Z Updating files:  48% (2262/4712)
2026-09-29T00:40:48.8168736Z Updating files:  49% (2309/4712)
2026-09-29T00:40:48.8194163Z Updating files:  50% (2356/4712)
2026-09-29T00:40:48.8237206Z Updating files:  51% (2404/4712)
2026-09-29T00:40:48.8782372Z Updating files:  52% (2451/4712)
2026-09-29T00:40:48.8973332Z Updating files:  53% (2498/4712)
2026-09-29T00:40:48.8994547Z Updating files:  54% (2545/4712)
2026-09-29T00:40:48.9015468Z Updating files:  55% (2592/4712)
2026-09-29T00:40:48.9156878Z Updating files:  56% (2639/4712)
2026-09-29T00:40:48.9203106Z Updating files:  57% (2686/4712)
2026-09-29T00:40:48.9353368Z Updating files:  58% (2733/4712)
2026-09-29T00:40:48.9485224Z Updating files:  59% (2781/4712)
2026-09-29T00:40:48.9531157Z Updating files:  60% (2828/4712)
2026-09-29T00:40:48.9555379Z Updating files:  61% (2875/4712)
2026-09-29T00:40:48.9961731Z Updating files:  62% (2922/4712)
2026-09-29T00:40:49.1238643Z Updating files:  63% (2969/4712)
2026-09-29T00:40:49.3021630Z Updating files:  64% (3016/4712)
2026-09-29T00:40:49.3043507Z Updating files:  65% (3063/4712)
2026-09-29T00:40:49.4282810Z Updating files:  66% (3110/4712)
2026-09-29T00:40:49.5350735Z Updating files:  67% (3158/4712)
2026-09-29T00:40:49.5973629Z Updating files:  68% (3205/4712)
2026-09-29T00:40:49.6354854Z Updating files:  69% (3252/4712)
2026-09-29T00:40:49.6863607Z Updating files:  70% (3299/4712)
2026-09-29T00:40:49.6948063Z Updating files:  71% (3346/4712)
2026-09-29T00:40:49.7006706Z Updating files:  72% (3393/4712)
2026-09-29T00:40:49.7453486Z Updating files:  73% (3440/4712)
2026-09-29T00:40:49.7492756Z Updating files:  74% (3487/4712)
2026-09-29T00:40:49.7520417Z Updating files:  75% (3534/4712)
2026-09-29T00:40:49.7552434Z Updating files:  76% (3582/4712)
2026-09-29T00:40:49.7579168Z Updating files:  77% (3629/4712)
2026-09-29T00:40:49.7607740Z Updating files:  78% (3676/4712)
2026-09-29T00:40:49.7637879Z Updating files:  79% (3723/4712)
2026-09-29T00:40:49.7668067Z Updating files:  80% (3770/4712)
2026-09-29T00:40:49.7696686Z Updating files:  81% (3817/4712)
2026-09-29T00:40:49.7719178Z Updating files:  82% (3864/4712)
2026-09-29T00:40:49.7800599Z Updating files:  83% (3911/4712)
2026-09-29T00:40:49.7896779Z Updating files:  84% (3959/4712)
2026-09-29T00:40:49.8534836Z Updating files:  85% (4006/4712)
2026-09-29T00:40:50.1557213Z Updating files:  85% (4022/4712)
2026-09-29T00:40:50.1619969Z Updating files:  86% (4053/4712)
2026-09-29T00:40:50.1766846Z Updating files:  87% (4100/4712)
2026-09-29T00:40:50.1998172Z Updating files:  88% (4147/4712)
2026-09-29T00:40:50.2211556Z Updating files:  89% (4194/4712)
2026-09-29T00:40:50.2444989Z Updating files:  90% (4241/4712)
2026-09-29T00:40:50.2872740Z Updating files:  91% (4288/4712)
2026-09-29T00:40:50.3034238Z Updating files:  92% (4336/4712)
2026-09-29T00:40:50.3106110Z Updating files:  93% (4383/4712)
2026-09-29T00:40:50.3154259Z Updating files:  94% (4430/4712)
2026-09-29T00:40:50.3240390Z Updating files:  95% (4477/4712)
2026-09-29T00:40:50.3283670Z Updating files:  96% (4524/4712)
2026-09-29T00:40:50.3325000Z Updating files:  97% (4571/4712)
2026-09-29T00:40:50.3458166Z Updating files:  98% (4618/4712)
2026-09-29T00:40:50.3501370Z Updating files:  99% (4665/4712)
2026-09-29T00:40:50.3501792Z Updating files: 100% (4712/4712)
2026-09-29T00:40:50.3502185Z Updating files: 100% (4712/4712), done.
2026-09-29T00:40:50.3582705Z Switched to a new branch 'research/v16.15-network-interpretation'
2026-09-29T00:40:50.3588813Z branch 'research/v16.15-network-interpretation' set up to track 'origin/research/v16.15-network-interpretation'.
2026-09-29T00:40:50.3677331Z ##[endgroup]
2026-09-29T00:40:50.3725795Z [command]/usr/bin/git log -1 --format=%H
2026-09-29T00:40:50.3754242Z 9934cb1f05795694febf1f35b07580dc5c864e31
2026-09-29T00:40:50.4096180Z ##[group]Run actions/setup-python@a26af69be951a213d495a4c3e4e4022e16d87065
2026-09-29T00:40:50.4096671Z with:
2026-09-29T00:40:50.4096877Z   python-version: 3.11
2026-09-29T00:40:50.4097130Z   check-latest: false
2026-09-29T00:40:50.4099478Z   token: ***
2026-09-29T00:40:50.4099692Z   update-environment: true
2026-09-29T00:40:50.4099947Z   allow-prereleases: false
2026-09-29T00:40:50.4100181Z   freethreaded: false
2026-09-29T00:40:50.4100985Z ##[endgroup]
2026-09-29T00:40:50.5404273Z ##[group]Installed versions
2026-09-29T00:40:50.5494049Z (node:2347) [DEP0040] DeprecationWarning: The `punycode` module is deprecated. Please use a userland alternative instead.
2026-09-29T00:40:50.5495485Z (Use `node --trace-deprecation ...` to show where the warning was created)
2026-09-29T00:40:50.5496250Z Successfully set up CPython (3.11.16)
2026-09-29T00:40:50.5497065Z ##[endgroup]
2026-09-29T00:40:50.5709257Z ##[group]Run python -m pip install numpy==2.3.5 sympy==1.13.3 mpmath==1.3.0
2026-09-29T00:40:50.5709878Z [36;1mpython -m pip install numpy==2.3.5 sympy==1.13.3 mpmath==1.3.0[0m
2026-09-29T00:40:50.6016677Z shell: /usr/bin/bash -e {0}
2026-09-29T00:40:50.6017035Z env:
2026-09-29T00:40:50.6017389Z   pythonLocation: /opt/hostedtoolcache/Python/3.11.16/x64
2026-09-29T00:40:50.6017976Z   PKG_CONFIG_PATH: /opt/hostedtoolcache/Python/3.11.16/x64/lib/pkgconfig
2026-09-29T00:40:50.6018542Z   Python_ROOT_DIR: /opt/hostedtoolcache/Python/3.11.16/x64
2026-09-29T00:40:50.6019065Z   Python2_ROOT_DIR: /opt/hostedtoolcache/Python/3.11.16/x64
2026-09-29T00:40:50.6019566Z   Python3_ROOT_DIR: /opt/hostedtoolcache/Python/3.11.16/x64
2026-09-29T00:40:50.6020067Z   LD_LIBRARY_PATH: /opt/hostedtoolcache/Python/3.11.16/x64/lib
2026-09-29T00:40:50.6020702Z ##[endgroup]
2026-09-29T00:40:54.1601748Z Collecting numpy==2.3.5
2026-09-29T00:40:54.2311509Z   Downloading numpy-2.3.5-cp311-cp311-manylinux_2_27_x86_64.manylinux_2_28_x86_64.whl.metadata (62 kB)
2026-09-29T00:40:54.2821145Z Collecting sympy==1.13.3
2026-09-29T00:40:54.2932253Z   Downloading sympy-1.13.3-py3-none-any.whl.metadata (12 kB)
2026-09-29T00:40:54.3169360Z Collecting mpmath==1.3.0
2026-09-29T00:40:54.3280419Z   Downloading mpmath-1.3.0-py3-none-any.whl.metadata (8.6 kB)
2026-09-29T00:40:54.3448814Z Downloading numpy-2.3.5-cp311-cp311-manylinux_2_27_x86_64.manylinux_2_28_x86_64.whl (16.9 MB)
2026-09-29T00:40:54.8476129Z    ━━━━━━━━━━━━━━━━━━━━━━━━━━━━━━━━━━━━━━━━ 16.9/16.9 MB 35.4 MB/s  0:00:00
2026-09-29T00:40:54.8589687Z Downloading sympy-1.13.3-py3-none-any.whl (6.2 MB)
2026-09-29T00:40:54.9221482Z    ━━━━━━━━━━━━━━━━━━━━━━━━━━━━━━━━━━━━━━━━ 6.2/6.2 MB 98.7 MB/s  0:00:00
2026-09-29T00:40:54.9333004Z Downloading mpmath-1.3.0-py3-none-any.whl (536 kB)
2026-09-29T00:40:54.9392760Z    ━━━━━━━━━━━━━━━━━━━━━━━━━━━━━━━━━━━━━━━━ 536.2/536.2 kB 75.5 MB/s  0:00:00
2026-09-29T00:40:55.2193075Z Installing collected packages: mpmath, sympy, numpy
2026-09-29T00:41:02.3742519Z 
2026-09-29T00:41:02.3751384Z Successfully installed mpmath-1.3.0 numpy-2.3.5 sympy-1.13.3
2026-09-29T00:41:02.4303492Z ##[group]Run set -o pipefail
2026-09-29T00:41:02.4303862Z [36;1mset -o pipefail[0m
2026-09-29T00:41:02.4304149Z [36;1mgit rev-parse HEAD > execution_head.txt[0m
2026-09-29T00:41:02.4304706Z [36;1mcd ResearchHistory/UQCF-GEM/demos/v15.56-response-selector-obstruction/network-interpretation[0m
2026-09-29T00:41:02.4305275Z [36;1mpython -m unittest -v 2>&1 | tee test.log[0m
2026-09-29T00:41:02.4305755Z [36;1m(cd ../closed-network-response && python -m unittest -v) 2>&1 | tee parent-test.log[0m
2026-09-29T00:41:02.4306239Z [36;1mpython gate.py 2>&1 | tee audit.log[0m
2026-09-29T00:41:02.4373090Z shell: /usr/bin/bash -e {0}
2026-09-29T00:41:02.4373359Z env:
2026-09-29T00:41:02.4373633Z   pythonLocation: /opt/hostedtoolcache/Python/3.11.16/x64
2026-09-29T00:41:02.4374092Z   PKG_CONFIG_PATH: /opt/hostedtoolcache/Python/3.11.16/x64/lib/pkgconfig
2026-09-29T00:41:02.4374521Z   Python_ROOT_DIR: /opt/hostedtoolcache/Python/3.11.16/x64
2026-09-29T00:41:02.4374931Z   Python2_ROOT_DIR: /opt/hostedtoolcache/Python/3.11.16/x64
2026-09-29T00:41:02.4375306Z   Python3_ROOT_DIR: /opt/hostedtoolcache/Python/3.11.16/x64
2026-09-29T00:41:02.4375691Z   LD_LIBRARY_PATH: /opt/hostedtoolcache/Python/3.11.16/x64/lib
2026-09-29T00:41:02.4376063Z   OPENBLAS_NUM_THREADS: 1
2026-09-29T00:41:02.4376292Z ##[endgroup]
2026-09-29T00:41:03.2413985Z test_exact_projected_bounds (test_gate.Tests.test_exact_projected_bounds) ... ok
2026-09-29T00:41:03.3060624Z test_identity_order_and_zero_direction (test_gate.Tests.test_identity_order_and_zero_direction) ... ok
2026-09-29T00:41:03.7054326Z test_independent_gradient (test_gate.Tests.test_independent_gradient) ... ok
2026-09-29T00:41:03.8426007Z test_local_scalar_derivatives (test_gate.Tests.test_local_scalar_derivatives) ... ok
2026-09-29T00:41:03.9093754Z test_normal_gram_blindness_and_orientation (test_gate.Tests.test_normal_gram_blindness_and_orientation) ... ok
2026-09-29T00:41:03.9753932Z test_structural_and_directional_blindness (test_gate.Tests.test_structural_and_directional_blindness) ... ok
2026-09-29T00:41:03.9754715Z 
2026-09-29T00:41:03.9754973Z ----------------------------------------------------------------------
2026-09-29T00:41:03.9755557Z Ran 6 tests in 1.022s
2026-09-29T00:41:03.9755772Z 
2026-09-29T00:41:03.9755890Z OK
2026-09-29T00:41:04.4518481Z test_all_cycles_and_reversal (test_gate.Tests.test_all_cycles_and_reversal) ... ok
2026-09-29T00:41:04.5225345Z test_exact_cancellation (test_gate.Tests.test_exact_cancellation) ... ok
2026-09-29T00:41:04.5976869Z test_moving_frame_invariance (test_gate.Tests.test_moving_frame_invariance) ... ok
2026-09-29T00:41:04.6700168Z test_normal_reference_and_zero_coherence (test_gate.Tests.test_normal_reference_and_zero_coherence) ... ok
2026-09-29T00:41:05.0120006Z test_product_rule_and_gradient (test_gate.Tests.test_product_rule_and_gradient) ... ok
2026-09-29T00:41:05.0831387Z test_projected_reference_bound (test_gate.Tests.test_projected_reference_bound) ... ok
2026-09-29T00:41:05.0832182Z 
2026-09-29T00:41:05.0832486Z ----------------------------------------------------------------------
2026-09-29T00:41:05.0833100Z Ran 6 tests in 0.760s
2026-09-29T00:41:05.0833361Z 
2026-09-29T00:41:05.0833506Z OK
2026-09-29T00:41:13.4777768Z {"all_valid": true, "verdict": "NETWORK_NORMAL_COUPLING_CLASSIFIED"}
2026-09-29T00:41:13.5664415Z ##[group]Run actions/upload-artifact@v4
2026-09-29T00:41:13.5664732Z with:
2026-09-29T00:41:13.5665051Z   name: network-interpretation-9934cb1f05795694febf1f35b07580dc5c864e31
2026-09-29T00:41:13.5666533Z   path: execution_head.txt
ResearchHistory/UQCF-GEM/demos/v15.56-response-selector-obstruction/network-interpretation/*.log
ResearchHistory/UQCF-GEM/demos/v15.56-response-selector-obstruction/network-interpretation/result.json
ResearchHistory/UQCF-GEM/demos/v15.56-response-selector-obstruction/network-interpretation/SHA256SUMS

2026-09-29T00:41:13.5667877Z   if-no-files-found: warn
2026-09-29T00:41:13.5668111Z   compression-level: 6
2026-09-29T00:41:13.5668326Z   overwrite: false
2026-09-29T00:41:13.5668538Z   include-hidden-files: false
2026-09-29T00:41:13.5668770Z env:
2026-09-29T00:41:13.5669025Z   pythonLocation: /opt/hostedtoolcache/Python/3.11.16/x64
2026-09-29T00:41:13.5669452Z   PKG_CONFIG_PATH: /opt/hostedtoolcache/Python/3.11.16/x64/lib/pkgconfig
2026-09-29T00:41:13.5669923Z   Python_ROOT_DIR: /opt/hostedtoolcache/Python/3.11.16/x64
2026-09-29T00:41:13.5670531Z   Python2_ROOT_DIR: /opt/hostedtoolcache/Python/3.11.16/x64
2026-09-29T00:41:13.5670937Z   Python3_ROOT_DIR: /opt/hostedtoolcache/Python/3.11.16/x64
2026-09-29T00:41:13.5671325Z   LD_LIBRARY_PATH: /opt/hostedtoolcache/Python/3.11.16/x64/lib
2026-09-29T00:41:13.5671646Z ##[endgroup]
2026-09-29T00:41:13.7295383Z (node:2394) [DEP0040] DeprecationWarning: The `punycode` module is deprecated. Please use a userland alternative instead.
2026-09-29T00:41:13.7296680Z (Use `node --trace-deprecation ...` to show where the warning was created)
2026-09-29T00:41:13.7403483Z Multiple search paths detected. Calculating the least common ancestor of all paths
2026-09-29T00:41:13.7404559Z The least common ancestor is /home/runner/work/WetLabEngine/WetLabEngine. This will be the root directory of the artifact
2026-09-29T00:41:13.7405198Z With the provided path, there will be 9 files uploaded
2026-09-29T00:41:13.7421265Z Artifact name is valid!
2026-09-29T00:41:13.7422195Z Root directory input is valid!
2026-09-29T00:41:14.0170441Z Beginning upload of artifact content to blob storage
2026-09-29T00:41:14.1257918Z (node:2394) [DEP0169] DeprecationWarning: `url.parse()` behavior is not standardized and prone to errors that have security implications. Use the WHATWG URL API instead. CVEs are not issued for `url.parse()` vulnerabilities.
2026-09-29T00:41:14.5220349Z Uploaded bytes 1058147
2026-09-29T00:41:14.5687463Z Finished uploading artifact content to blob storage!
2026-09-29T00:41:14.5688551Z SHA256 digest of uploaded artifact zip is 39256371aa5a0e1e17200e66b51cf1b1a18c7b0837d017776fcac7ee0297f74b
2026-09-29T00:41:14.5690532Z Finalizing artifact upload
2026-09-29T00:41:14.7865668Z Artifact network-interpretation-9934cb1f05795694febf1f35b07580dc5c864e31.zip successfully finalized. Artifact ID 11006352186
2026-09-29T00:41:14.7868302Z Artifact network-interpretation-9934cb1f05795694febf1f35b07580dc5c864e31 has been successfully uploaded! Final size is 1058147 bytes. Artifact ID is 11006352186
2026-09-29T00:41:14.7873493Z Artifact download URL: https://github.com/proteinfoldingengine/WetLabEngine/actions/runs/36504243196/artifacts/11006352186
2026-09-29T00:41:14.8054659Z Post job cleanup.
2026-09-29T00:41:14.9244637Z (node:2407) [DEP0040] DeprecationWarning: The `punycode` module is deprecated. Please use a userland alternative instead.
2026-09-29T00:41:14.9245578Z (Use `node --trace-deprecation ...` to show where the warning was created)
2026-09-29T00:41:14.9436915Z Post job cleanup.
2026-09-29T00:41:15.0365949Z [command]/usr/bin/git version
2026-09-29T00:41:15.0416259Z git version 2.55.0
2026-09-29T00:41:15.0463680Z Temporarily overriding HOME='/home/runner/work/_temp/fcd607ef-f62e-40e6-b778-e6fd27c84007' before making global git config changes
2026-09-29T00:41:15.0465385Z Adding repository directory to the temporary git global config as a safe directory
2026-09-29T00:41:15.0470635Z [command]/usr/bin/git config --global --add safe.directory /home/runner/work/WetLabEngine/WetLabEngine
2026-09-29T00:41:15.0581830Z [command]/usr/bin/git config --local --name-only --get-regexp core\.sshCommand
2026-09-29T00:41:15.0584401Z [command]/usr/bin/git submodule foreach --recursive sh -c "git config --local --name-only --get-regexp 'core\.sshCommand' && git config --local --unset-all 'core.sshCommand' || :"
2026-09-29T00:41:15.0903538Z [command]/usr/bin/git config --local --name-only --get-regexp http\.https\:\/\/github\.com\/\.extraheader
2026-09-29T00:41:15.0953133Z http.https://github.com/.extraheader
2026-09-29T00:41:15.0963965Z [command]/usr/bin/git config --local --unset-all http.https://github.com/.extraheader
2026-09-29T00:41:15.1016922Z [command]/usr/bin/git submodule foreach --recursive sh -c "git config --local --name-only --get-regexp 'http\.https\:\/\/github\.com\/\.extraheader' && git config --local --unset-all 'http.https://github.com/.extraheader' || :"
2026-09-29T00:41:15.1346217Z [command]/usr/bin/git config --local --name-only --get-regexp ^includeIf\.gitdir:
2026-09-29T00:41:15.1397366Z [command]/usr/bin/git submodule foreach --recursive git config --local --show-origin --name-only --get-regexp remote.origin.url
2026-09-29T00:41:15.1875168Z Cleaning up orphan processes
2026-09-29T00:41:15.2189116Z ##[warning]Node.js 20 is deprecated. The following actions target Node.js 20 but are being forced to run on Node.js 24: actions/checkout@11d5960a326750d5838078e36cf38b85af677262, actions/setup-python@a26af69be951a213d495a4c3e4e4022e16d87065, actions/upload-artifact@v4. For more information see: https://github.blog/changelog/2025-09-19-deprecation-of-node-20-on-github-actions-runners/
