test_actual_lineage_and_storage_relabeling (__main__.Tests.test_actual_lineage_and_storage_relabeling) ... ok
test_boolean_h (__main__.Tests.test_boolean_h) ... ok
test_chain_interval_is_not_a_no_go (__main__.Tests.test_chain_interval_is_not_a_no_go) ... ok
test_changed_union_rejected_by_verifier (__main__.Tests.test_changed_union_rejected_by_verifier) ... ok
test_complete_small_universe (__main__.Tests.test_complete_small_universe) ... ok
test_false_h (__main__.Tests.test_false_h) ... ok
test_false_independence (__main__.Tests.test_false_independence) ... ok
test_false_metamorphic_copy (__main__.Tests.test_false_metamorphic_copy) ... ok
test_false_mixed_difference (__main__.Tests.test_false_mixed_difference) ... ok
test_false_witness_heights (__main__.Tests.test_false_witness_heights) ... ok
test_fitted_weights_not_accepted (__main__.Tests.test_fitted_weights_not_accepted) ... ok
test_foreign_origin (__main__.Tests.test_foreign_origin) ... ok
test_identity_control (__main__.Tests.test_identity_control) ... ok
test_illegal_inputs_rejected (__main__.Tests.test_illegal_inputs_rejected) ... ok
test_missing_diamond (__main__.Tests.test_missing_diamond) ... ok
test_missing_endpoint (__main__.Tests.test_missing_endpoint) ... ok
test_missing_predecessor_field (__main__.Tests.test_missing_predecessor_field) ... ok
test_missing_shape (__main__.Tests.test_missing_shape) ... ok
test_missing_state (__main__.Tests.test_missing_state) ... ok
test_missing_witness (__main__.Tests.test_missing_witness) ... ok
test_one_event_positive_weight (__main__.Tests.test_one_event_positive_weight) ... ok
test_parent_counterexample (__main__.Tests.test_parent_counterexample) ... ok
test_positive_mixed_difference_control (__main__.Tests.test_positive_mixed_difference_control) ... ok
test_reordered_records_valid (__main__.Tests.test_reordered_records_valid) ... ok
test_same_total_wrong_coefficients_rejected (__main__.Tests.test_same_total_wrong_coefficients_rejected) ... ok
test_verifier_does_not_import_producer (__main__.Tests.test_verifier_does_not_import_producer) ... ok
test_wrong_event_identity (__main__.Tests.test_wrong_event_identity) ... ok
test_wrong_witness_path (__main__.Tests.test_wrong_witness_path) ... ok

----------------------------------------------------------------------
Ran 28 tests in 4.677s

OK
