test_ancestor_cannot_precede_descendant (__main__.Complete.test_ancestor_cannot_precede_descendant) ... ok
test_boolean_delta (__main__.Complete.test_boolean_delta) ... ok
test_changed_union (__main__.Complete.test_changed_union) ... ok
test_duplicate_path (__main__.Complete.test_duplicate_path) ... ok
test_false_delta (__main__.Complete.test_false_delta) ... ok
test_false_metamorphic_copy (__main__.Complete.test_false_metamorphic_copy) ... ok
test_false_profile (__main__.Complete.test_false_profile) ... ok
test_false_trigger (__main__.Complete.test_false_trigger) ... ok
test_false_verdict (__main__.Complete.test_false_verdict) ... ok
test_foreign_origin (__main__.Complete.test_foreign_origin) ... ok
test_identity_and_unique_path_controls (__main__.Complete.test_identity_and_unique_path_controls) ... ok
test_independent_module_has_no_producer_import (__main__.Complete.test_independent_module_has_no_producer_import) ... ok
test_invalid_parents (__main__.Complete.test_invalid_parents) ... ok
test_missing_endpoint (__main__.Complete.test_missing_endpoint) ... ok
test_missing_event (__main__.Complete.test_missing_event) ... ok
test_missing_path (__main__.Complete.test_missing_path) ... ok
test_missing_shape (__main__.Complete.test_missing_shape) ... ok
test_nonpermutation_event_identity (__main__.Complete.test_nonpermutation_event_identity) ... ok
test_nonprefix_endpoint (__main__.Complete.test_nonprefix_endpoint) ... ok
test_relabeling_and_storage (__main__.Complete.test_relabeling_and_storage) ... ok
test_reordered_path_records_accepted (__main__.Complete.test_reordered_path_records_accepted) ... ok
test_small_complete_universe (__main__.Complete.test_small_complete_universe) ... ok
test_valid_dependent_case (__main__.Complete.test_valid_dependent_case) ... ok

----------------------------------------------------------------------
Ran 23 tests in 0.040s

OK
