2026-09-28T16:28:53.4403021Z Current runner version: '2.337.0'
2026-09-28T16:28:53.4439485Z ##[group]Runner Image Provisioner
2026-09-28T16:28:53.4440844Z Hosted Compute Agent
2026-09-28T16:28:53.4441867Z Version: 20260828.587
2026-09-28T16:28:53.4443620Z Commit: abac92662cab4cc7352de4f9f9d2e2419aad9c29
2026-09-28T16:28:53.4444884Z Build Date: 2026-08-28T16:44:25Z
2026-09-28T16:28:53.4446176Z Worker ID: {53e8e79e-6745-4af5-b317-de8924d256d5}
2026-09-28T16:28:53.4447517Z Azure Region: eastus
2026-09-28T16:28:53.4448523Z ##[endgroup]
2026-09-28T16:28:53.4451459Z ##[group]Operating System
2026-09-28T16:28:53.4452666Z Ubuntu
2026-09-28T16:28:53.4453676Z 24.04.5
2026-09-28T16:28:53.4454538Z LTS
2026-09-28T16:28:53.4455512Z ##[endgroup]
2026-09-28T16:28:53.4456476Z ##[group]Runner Image
2026-09-28T16:28:53.4457472Z Image: ubuntu-24.04
2026-09-28T16:28:53.4458580Z Version: 20260920.314.1
2026-09-28T16:28:53.4461158Z Included Software: https://github.com/actions/runner-images/blob/ubuntu24/20260920.314/images/ubuntu/Ubuntu2404-Readme.md
2026-09-28T16:28:53.4463900Z Image Release: https://github.com/actions/runner-images/releases/tag/ubuntu24%2F20260920.314
2026-09-28T16:28:53.4465732Z ##[endgroup]
2026-09-28T16:28:53.4467572Z ##[group]GITHUB_TOKEN Permissions
2026-09-28T16:28:53.4471070Z Contents: read
2026-09-28T16:28:53.4472109Z Metadata: read
2026-09-28T16:28:53.4473198Z ##[endgroup]
2026-09-28T16:28:53.4476301Z Secret source: Actions
2026-09-28T16:28:53.4478137Z Cache mode: write
2026-09-28T16:28:53.4479718Z Prepare workflow directory
2026-09-28T16:28:53.4970988Z Prepare all required actions
2026-09-28T16:28:53.5043715Z Getting action download info
2026-09-28T16:28:53.6907630Z Download action repository 'actions/checkout@11d5960a326750d5838078e36cf38b85af677262' (SHA:11d5960a326750d5838078e36cf38b85af677262)
2026-09-28T16:28:53.7756094Z Download action repository 'actions/setup-python@a26af69be951a213d495a4c3e4e4022e16d87065' (SHA:a26af69be951a213d495a4c3e4e4022e16d87065)
2026-09-28T16:28:53.8522834Z Download action repository 'actions/upload-artifact@v4' (SHA:ea165f8d65b6e75b540449e92b4886f43607fa02)
2026-09-28T16:28:54.0637991Z Complete job name: measure (46)
2026-09-28T16:28:54.1389460Z ##[group]Run actions/checkout@11d5960a326750d5838078e36cf38b85af677262
2026-09-28T16:28:54.1390694Z with:
2026-09-28T16:28:54.1391185Z   repository: proteinfoldingengine/WetLabEngine
2026-09-28T16:28:54.1395206Z   token: ***
2026-09-28T16:28:54.1395638Z   ssh-strict: true
2026-09-28T16:28:54.1396068Z   ssh-user: git
2026-09-28T16:28:54.1396517Z   persist-credentials: true
2026-09-28T16:28:54.1397007Z   clean: true
2026-09-28T16:28:54.1397450Z   sparse-checkout-cone-mode: true
2026-09-28T16:28:54.1397961Z   fetch-depth: 1
2026-09-28T16:28:54.1398383Z   fetch-tags: false
2026-09-28T16:28:54.1399024Z   show-progress: true
2026-09-28T16:28:54.1399486Z   lfs: false
2026-09-28T16:28:54.1399891Z   submodules: false
2026-09-28T16:28:54.1400349Z   set-safe-directory: true
2026-09-28T16:28:54.1400855Z   allow-unsafe-pr-checkout: false
2026-09-28T16:28:54.1401635Z ##[endgroup]
2026-09-28T16:28:54.2393324Z Syncing repository: proteinfoldingengine/WetLabEngine
2026-09-28T16:28:54.2396112Z ##[group]Getting Git version info
2026-09-28T16:28:54.2397346Z Working directory is '/home/runner/work/WetLabEngine/WetLabEngine'
2026-09-28T16:28:54.2399300Z [command]/usr/bin/git version
2026-09-28T16:28:54.2442540Z git version 2.55.0
2026-09-28T16:28:54.2464008Z ##[endgroup]
2026-09-28T16:28:54.2479813Z Temporarily overriding HOME='/home/runner/work/_temp/4e193aa1-ef3a-4e4c-9181-0c616d5f6ec4' before making global git config changes
2026-09-28T16:28:54.2482113Z Adding repository directory to the temporary git global config as a safe directory
2026-09-28T16:28:54.2484215Z [command]/usr/bin/git config --global --add safe.directory /home/runner/work/WetLabEngine/WetLabEngine
2026-09-28T16:28:54.2539384Z Deleting the contents of '/home/runner/work/WetLabEngine/WetLabEngine'
2026-09-28T16:28:54.2544223Z ##[group]Initializing the repository
2026-09-28T16:28:54.2548686Z [command]/usr/bin/git init /home/runner/work/WetLabEngine/WetLabEngine
2026-09-28T16:28:54.2661429Z hint: Using 'master' as the name for the initial branch. This default branch name
2026-09-28T16:28:54.2663298Z hint: will change to "main" in Git 3.0. To configure the initial branch name
2026-09-28T16:28:54.2665063Z hint: to use in all of your new repositories, which will suppress this warning,
2026-09-28T16:28:54.2666444Z hint: call:
2026-09-28T16:28:54.2667294Z hint:
2026-09-28T16:28:54.2668317Z hint: 	git config --global init.defaultBranch <name>
2026-09-28T16:28:54.2669806Z hint:
2026-09-28T16:28:54.2670928Z hint: Names commonly chosen instead of 'master' are 'main', 'trunk' and
2026-09-28T16:28:54.2672718Z hint: 'development'. The just-created branch can be renamed via this command:
2026-09-28T16:28:54.2674110Z hint:
2026-09-28T16:28:54.2675730Z hint: 	git branch -m <name>
2026-09-28T16:28:54.2676711Z hint:
2026-09-28T16:28:54.2678021Z hint: Disable this message with "git config set advice.defaultBranchName false"
2026-09-28T16:28:54.2680340Z Initialized empty Git repository in /home/runner/work/WetLabEngine/WetLabEngine/.git/
2026-09-28T16:28:54.2684097Z [command]/usr/bin/git remote add origin https://github.com/proteinfoldingengine/WetLabEngine
2026-09-28T16:28:54.2725212Z ##[endgroup]
2026-09-28T16:28:54.2726639Z ##[group]Disabling automatic garbage collection
2026-09-28T16:28:54.2727911Z [command]/usr/bin/git config --local gc.auto 0
2026-09-28T16:28:54.2761029Z ##[endgroup]
2026-09-28T16:28:54.2762380Z ##[group]Setting up auth
2026-09-28T16:28:54.2768251Z [command]/usr/bin/git config --local --name-only --get-regexp core\.sshCommand
2026-09-28T16:28:54.2803007Z [command]/usr/bin/git submodule foreach --recursive sh -c "git config --local --name-only --get-regexp 'core\.sshCommand' && git config --local --unset-all 'core.sshCommand' || :"
2026-09-28T16:28:54.3174420Z [command]/usr/bin/git config --local --name-only --get-regexp http\.https\:\/\/github\.com\/\.extraheader
2026-09-28T16:28:54.3214674Z [command]/usr/bin/git submodule foreach --recursive sh -c "git config --local --name-only --get-regexp 'http\.https\:\/\/github\.com\/\.extraheader' && git config --local --unset-all 'http.https://github.com/.extraheader' || :"
2026-09-28T16:28:54.3451108Z [command]/usr/bin/git config --local --name-only --get-regexp ^includeIf\.gitdir:
2026-09-28T16:28:54.3489119Z [command]/usr/bin/git submodule foreach --recursive git config --local --show-origin --name-only --get-regexp remote.origin.url
2026-09-28T16:28:54.3710375Z [command]/usr/bin/git config --local http.https://github.com/.extraheader AUTHORIZATION: basic ***
2026-09-28T16:28:54.3749962Z ##[endgroup]
2026-09-28T16:28:54.3750953Z ##[group]Fetching the repository
2026-09-28T16:28:54.3760308Z [command]/usr/bin/git -c protocol.version=2 fetch --no-tags --prune --no-recurse-submodules --depth=1 origin +850dc3538f04ce9efcb3e974fa04992bcb1cb150:refs/remotes/origin/research/v16.03-finite-source-continuation
2026-09-28T16:29:03.7063609Z From https://github.com/proteinfoldingengine/WetLabEngine
2026-09-28T16:29:03.7066396Z  * [new ref]         850dc3538f04ce9efcb3e974fa04992bcb1cb150 -> origin/research/v16.03-finite-source-continuation
2026-09-28T16:29:03.7072090Z ##[endgroup]
2026-09-28T16:29:03.7074349Z ##[group]Determining the checkout info
2026-09-28T16:29:03.7076596Z ##[endgroup]
2026-09-28T16:29:03.7081566Z [command]/usr/bin/git sparse-checkout disable
2026-09-28T16:29:03.7136683Z [command]/usr/bin/git config --local --unset-all extensions.worktreeConfig
2026-09-28T16:29:03.7171934Z ##[group]Checking out the ref
2026-09-28T16:29:03.7176152Z [command]/usr/bin/git checkout --progress --force -B research/v16.03-finite-source-continuation refs/remotes/origin/research/v16.03-finite-source-continuation
2026-09-28T16:29:04.7391184Z Updating files:  59% (2583/4311)
2026-09-28T16:29:04.8427291Z Updating files:  60% (2587/4311)
2026-09-28T16:29:04.9846630Z Updating files:  61% (2630/4311)
2026-09-28T16:29:04.9863606Z Updating files:  62% (2673/4311)
2026-09-28T16:29:05.1129336Z Updating files:  63% (2716/4311)
2026-09-28T16:29:05.2156587Z Updating files:  64% (2760/4311)
2026-09-28T16:29:05.2761732Z Updating files:  65% (2803/4311)
2026-09-28T16:29:05.3143206Z Updating files:  66% (2846/4311)
2026-09-28T16:29:05.3616475Z Updating files:  67% (2889/4311)
2026-09-28T16:29:05.3727381Z Updating files:  68% (2932/4311)
2026-09-28T16:29:05.3765065Z Updating files:  69% (2975/4311)
2026-09-28T16:29:05.3812184Z Updating files:  70% (3018/4311)
2026-09-28T16:29:05.4274488Z Updating files:  71% (3061/4311)
2026-09-28T16:29:05.4297740Z Updating files:  72% (3104/4311)
2026-09-28T16:29:05.4326759Z Updating files:  73% (3148/4311)
2026-09-28T16:29:05.4353434Z Updating files:  74% (3191/4311)
2026-09-28T16:29:05.4378401Z Updating files:  75% (3234/4311)
2026-09-28T16:29:05.4405908Z Updating files:  76% (3277/4311)
2026-09-28T16:29:05.4432653Z Updating files:  77% (3320/4311)
2026-09-28T16:29:05.4458131Z Updating files:  78% (3363/4311)
2026-09-28T16:29:05.4487312Z Updating files:  79% (3406/4311)
2026-09-28T16:29:05.4510156Z Updating files:  80% (3449/4311)
2026-09-28T16:29:05.4541935Z Updating files:  81% (3492/4311)
2026-09-28T16:29:05.4679335Z Updating files:  82% (3536/4311)
2026-09-28T16:29:05.5935674Z Updating files:  83% (3579/4311)
2026-09-28T16:29:05.7443829Z Updating files:  84% (3622/4311)
2026-09-28T16:29:05.8346293Z Updating files:  84% (3631/4311)
2026-09-28T16:29:05.8398094Z Updating files:  85% (3665/4311)
2026-09-28T16:29:05.8649822Z Updating files:  86% (3708/4311)
2026-09-28T16:29:05.8772965Z Updating files:  87% (3751/4311)
2026-09-28T16:29:05.8949904Z Updating files:  88% (3794/4311)
2026-09-28T16:29:05.9099172Z Updating files:  89% (3837/4311)
2026-09-28T16:29:05.9355571Z Updating files:  90% (3880/4311)
2026-09-28T16:29:05.9788709Z Updating files:  91% (3924/4311)
2026-09-28T16:29:05.9850409Z Updating files:  92% (3967/4311)
2026-09-28T16:29:05.9868739Z Updating files:  93% (4010/4311)
2026-09-28T16:29:05.9908726Z Updating files:  94% (4053/4311)
2026-09-28T16:29:05.9994599Z Updating files:  95% (4096/4311)
2026-09-28T16:29:06.0038066Z Updating files:  96% (4139/4311)
2026-09-28T16:29:06.0072510Z Updating files:  97% (4182/4311)
2026-09-28T16:29:06.0202705Z Updating files:  98% (4225/4311)
2026-09-28T16:29:06.0239579Z Updating files:  99% (4268/4311)
2026-09-28T16:29:06.0240257Z Updating files: 100% (4311/4311)
2026-09-28T16:29:06.0240851Z Updating files: 100% (4311/4311), done.
2026-09-28T16:29:06.0302432Z Switched to a new branch 'research/v16.03-finite-source-continuation'
2026-09-28T16:29:06.0308563Z branch 'research/v16.03-finite-source-continuation' set up to track 'origin/research/v16.03-finite-source-continuation'.
2026-09-28T16:29:06.0396826Z ##[endgroup]
2026-09-28T16:29:06.0445418Z [command]/usr/bin/git log -1 --format=%H
2026-09-28T16:29:06.0476980Z 850dc3538f04ce9efcb3e974fa04992bcb1cb150
2026-09-28T16:29:06.0807572Z ##[group]Run actions/setup-python@a26af69be951a213d495a4c3e4e4022e16d87065
2026-09-28T16:29:06.0808015Z with:
2026-09-28T16:29:06.0808226Z   python-version: 3.11
2026-09-28T16:29:06.0808508Z   check-latest: false
2026-09-28T16:29:06.0811352Z   token: ***
2026-09-28T16:29:06.0811612Z   update-environment: true
2026-09-28T16:29:06.0811881Z   allow-prereleases: false
2026-09-28T16:29:06.0812124Z   freethreaded: false
2026-09-28T16:29:06.0812340Z ##[endgroup]
2026-09-28T16:29:06.2169939Z ##[group]Installed versions
2026-09-28T16:29:06.2263033Z (node:2249) [DEP0040] DeprecationWarning: The `punycode` module is deprecated. Please use a userland alternative instead.
2026-09-28T16:29:06.2263975Z (Use `node --trace-deprecation ...` to show where the warning was created)
2026-09-28T16:29:06.2264664Z Successfully set up CPython (3.11.16)
2026-09-28T16:29:06.2265469Z ##[endgroup]
2026-09-28T16:29:06.2457572Z ##[group]Run python -m pip install numpy==2.3.5 sympy==1.13.3 mpmath==1.3.0
2026-09-28T16:29:06.2458221Z [36;1mpython -m pip install numpy==2.3.5 sympy==1.13.3 mpmath==1.3.0[0m
2026-09-28T16:29:06.2762127Z shell: /usr/bin/bash -e {0}
2026-09-28T16:29:06.2762447Z env:
2026-09-28T16:29:06.2762999Z   pythonLocation: /opt/hostedtoolcache/Python/3.11.16/x64
2026-09-28T16:29:06.2763513Z   PKG_CONFIG_PATH: /opt/hostedtoolcache/Python/3.11.16/x64/lib/pkgconfig
2026-09-28T16:29:06.2763990Z   Python_ROOT_DIR: /opt/hostedtoolcache/Python/3.11.16/x64
2026-09-28T16:29:06.2764410Z   Python2_ROOT_DIR: /opt/hostedtoolcache/Python/3.11.16/x64
2026-09-28T16:29:06.2764815Z   Python3_ROOT_DIR: /opt/hostedtoolcache/Python/3.11.16/x64
2026-09-28T16:29:06.2765226Z   LD_LIBRARY_PATH: /opt/hostedtoolcache/Python/3.11.16/x64/lib
2026-09-28T16:29:06.2765567Z ##[endgroup]
2026-09-28T16:29:07.2472680Z Collecting numpy==2.3.5
2026-09-28T16:29:07.3032926Z   Downloading numpy-2.3.5-cp311-cp311-manylinux_2_27_x86_64.manylinux_2_28_x86_64.whl.metadata (62 kB)
2026-09-28T16:29:07.3432858Z Collecting sympy==1.13.3
2026-09-28T16:29:07.3472711Z   Downloading sympy-1.13.3-py3-none-any.whl.metadata (12 kB)
2026-09-28T16:29:07.3602237Z Collecting mpmath==1.3.0
2026-09-28T16:29:07.3641664Z   Downloading mpmath-1.3.0-py3-none-any.whl.metadata (8.6 kB)
2026-09-28T16:29:07.3733274Z Downloading numpy-2.3.5-cp311-cp311-manylinux_2_27_x86_64.manylinux_2_28_x86_64.whl (16.9 MB)
2026-09-28T16:29:07.5315669Z    ━━━━━━━━━━━━━━━━━━━━━━━━━━━━━━━━━━━━━━━━ 16.9/16.9 MB 110.3 MB/s  0:00:00
2026-09-28T16:29:07.5383092Z Downloading sympy-1.13.3-py3-none-any.whl (6.2 MB)
2026-09-28T16:29:07.5797575Z    ━━━━━━━━━━━━━━━━━━━━━━━━━━━━━━━━━━━━━━━━ 6.2/6.2 MB 151.1 MB/s  0:00:00
2026-09-28T16:29:07.5838357Z Downloading mpmath-1.3.0-py3-none-any.whl (536 kB)
2026-09-28T16:29:07.5885956Z    ━━━━━━━━━━━━━━━━━━━━━━━━━━━━━━━━━━━━━━━━ 536.2/536.2 kB 100.2 MB/s  0:00:00
2026-09-28T16:29:07.6888346Z Installing collected packages: mpmath, sympy, numpy
2026-09-28T16:29:14.6418990Z 
2026-09-28T16:29:14.6428080Z Successfully installed mpmath-1.3.0 numpy-2.3.5 sympy-1.13.3
2026-09-28T16:29:14.6978649Z ##[group]Run set -o pipefail
2026-09-28T16:29:14.6979294Z [36;1mset -o pipefail[0m
2026-09-28T16:29:14.6979595Z [36;1mgit rev-parse HEAD > execution_head.txt[0m
2026-09-28T16:29:14.6980210Z [36;1mcd ResearchHistory/UQCF-GEM/demos/v15.56-response-selector-obstruction/finite-source-continuation[0m
2026-09-28T16:29:14.6980852Z [36;1mpython gate.py --candidate 46 2>&1 | tee measurement-46.log[0m
2026-09-28T16:29:14.7046231Z shell: /usr/bin/bash -e {0}
2026-09-28T16:29:14.7046495Z env:
2026-09-28T16:29:14.7046778Z   pythonLocation: /opt/hostedtoolcache/Python/3.11.16/x64
2026-09-28T16:29:14.7047248Z   PKG_CONFIG_PATH: /opt/hostedtoolcache/Python/3.11.16/x64/lib/pkgconfig
2026-09-28T16:29:14.7047691Z   Python_ROOT_DIR: /opt/hostedtoolcache/Python/3.11.16/x64
2026-09-28T16:29:14.7048092Z   Python2_ROOT_DIR: /opt/hostedtoolcache/Python/3.11.16/x64
2026-09-28T16:29:14.7048488Z   Python3_ROOT_DIR: /opt/hostedtoolcache/Python/3.11.16/x64
2026-09-28T16:29:14.7049197Z   LD_LIBRARY_PATH: /opt/hostedtoolcache/Python/3.11.16/x64/lib
2026-09-28T16:29:14.7049560Z   OPENBLAS_NUM_THREADS: 1
2026-09-28T16:29:14.7049809Z   PYTHONUNBUFFERED: 1
2026-09-28T16:29:14.7050036Z ##[endgroup]
2026-09-28T16:29:43.6036748Z candidate=46 precision=50 a=1.0 pair=overlap arm=plane complete
2026-09-28T16:29:59.8452199Z candidate=46 precision=50 a=1.0 pair=overlap arm=isotropic complete
2026-09-28T16:30:26.8887173Z candidate=46 precision=50 a=1.0 pair=disjoint arm=plane complete
2026-09-28T16:30:47.9268770Z candidate=46 precision=50 a=1.0 pair=disjoint arm=isotropic complete
2026-09-28T16:31:10.0938604Z candidate=46 precision=50 a=0.3333333333333333 pair=overlap arm=plane complete
2026-09-28T16:31:26.2715002Z candidate=46 precision=50 a=0.3333333333333333 pair=overlap arm=isotropic complete
2026-09-28T16:31:53.6192557Z candidate=46 precision=50 a=0.3333333333333333 pair=disjoint arm=plane complete
2026-09-28T16:32:15.0100167Z candidate=46 precision=50 a=0.3333333333333333 pair=disjoint arm=isotropic complete
2026-09-28T16:32:37.2973890Z candidate=46 precision=50 a=0.16666666666666666 pair=overlap arm=plane complete
2026-09-28T16:32:53.2861152Z candidate=46 precision=50 a=0.16666666666666666 pair=overlap arm=isotropic complete
2026-09-28T16:33:20.5649005Z candidate=46 precision=50 a=0.16666666666666666 pair=disjoint arm=plane complete
2026-09-28T16:33:41.9181664Z candidate=46 precision=50 a=0.16666666666666666 pair=disjoint arm=isotropic complete
2026-09-28T16:34:13.3444773Z candidate=46 precision=80 a=1.0 pair=overlap arm=plane complete
2026-09-28T16:34:30.6732068Z candidate=46 precision=80 a=1.0 pair=overlap arm=isotropic complete
2026-09-28T16:35:00.6069504Z candidate=46 precision=80 a=1.0 pair=disjoint arm=plane complete
2026-09-28T16:35:23.1944005Z candidate=46 precision=80 a=1.0 pair=disjoint arm=isotropic complete
2026-09-28T16:35:47.7246648Z candidate=46 precision=80 a=0.3333333333333333 pair=overlap arm=plane complete
2026-09-28T16:36:05.1776286Z candidate=46 precision=80 a=0.3333333333333333 pair=overlap arm=isotropic complete
2026-09-28T16:36:35.6429761Z candidate=46 precision=80 a=0.3333333333333333 pair=disjoint arm=plane complete
2026-09-28T16:36:59.3153597Z candidate=46 precision=80 a=0.3333333333333333 pair=disjoint arm=isotropic complete
2026-09-28T16:37:23.9771556Z candidate=46 precision=80 a=0.16666666666666666 pair=overlap arm=plane complete
2026-09-28T16:37:41.3719300Z candidate=46 precision=80 a=0.16666666666666666 pair=overlap arm=isotropic complete
2026-09-28T16:38:12.1954691Z candidate=46 precision=80 a=0.16666666666666666 pair=disjoint arm=plane complete
2026-09-28T16:38:35.8666420Z candidate=46 precision=80 a=0.16666666666666666 pair=disjoint arm=isotropic complete
2026-09-28T16:38:37.8722305Z {"version": "16.03", "candidate_index": 46, "all_valid": true, "verdict": "DISJOINT_CUBIC_RESPONSE_DETECTED", "continuation_verdict": "FINITE_GRID_OVERLAP_RESPONSE_CONFIRMED"}
2026-09-28T16:38:37.9790958Z ##[group]Run actions/upload-artifact@v4
2026-09-28T16:38:37.9791273Z with:
2026-09-28T16:38:37.9791545Z   name: finite-46-850dc3538f04ce9efcb3e974fa04992bcb1cb150
2026-09-28T16:38:37.9793109Z   path: execution_head.txt
ResearchHistory/UQCF-GEM/demos/v15.56-response-selector-obstruction/finite-source-continuation/result-*.json.gz
ResearchHistory/UQCF-GEM/demos/v15.56-response-selector-obstruction/finite-source-continuation/measurement-*.log
ResearchHistory/UQCF-GEM/demos/v15.56-response-selector-obstruction/finite-source-continuation/SHA256SUMS-*

2026-09-28T16:38:37.9794634Z   if-no-files-found: warn
2026-09-28T16:38:37.9794878Z   compression-level: 6
2026-09-28T16:38:37.9795102Z   overwrite: false
2026-09-28T16:38:37.9795322Z   include-hidden-files: false
2026-09-28T16:38:37.9795555Z env:
2026-09-28T16:38:37.9795806Z   pythonLocation: /opt/hostedtoolcache/Python/3.11.16/x64
2026-09-28T16:38:37.9796243Z   PKG_CONFIG_PATH: /opt/hostedtoolcache/Python/3.11.16/x64/lib/pkgconfig
2026-09-28T16:38:37.9796706Z   Python_ROOT_DIR: /opt/hostedtoolcache/Python/3.11.16/x64
2026-09-28T16:38:37.9797094Z   Python2_ROOT_DIR: /opt/hostedtoolcache/Python/3.11.16/x64
2026-09-28T16:38:37.9797484Z   Python3_ROOT_DIR: /opt/hostedtoolcache/Python/3.11.16/x64
2026-09-28T16:38:37.9797874Z   LD_LIBRARY_PATH: /opt/hostedtoolcache/Python/3.11.16/x64/lib
2026-09-28T16:38:37.9798214Z ##[endgroup]
2026-09-28T16:38:38.1444054Z (node:2457) [DEP0040] DeprecationWarning: The `punycode` module is deprecated. Please use a userland alternative instead.
2026-09-28T16:38:38.1445367Z (Use `node --trace-deprecation ...` to show where the warning was created)
2026-09-28T16:38:38.1546566Z Multiple search paths detected. Calculating the least common ancestor of all paths
2026-09-28T16:38:38.1549263Z The least common ancestor is /home/runner/work/WetLabEngine/WetLabEngine. This will be the root directory of the artifact
2026-09-28T16:38:38.1551206Z With the provided path, there will be 4 files uploaded
2026-09-28T16:38:38.1555869Z Artifact name is valid!
2026-09-28T16:38:38.1556881Z Root directory input is valid!
2026-09-28T16:38:38.3688299Z Beginning upload of artifact content to blob storage
2026-09-28T16:38:38.6524848Z (node:2457) [DEP0169] DeprecationWarning: `url.parse()` behavior is not standardized and prone to errors that have security implications. Use the WHATWG URL API instead. CVEs are not issued for `url.parse()` vulnerabilities.
2026-09-28T16:38:38.8608432Z Uploaded bytes 7924354
2026-09-28T16:38:38.8798842Z Finished uploading artifact content to blob storage!
2026-09-28T16:38:38.8800428Z SHA256 digest of uploaded artifact zip is a4f809577e9814157a4ac7222ab88070ab02b83f81f89c8e5009d8ea49663c7a
2026-09-28T16:38:38.8802784Z Finalizing artifact upload
2026-09-28T16:38:39.0645981Z Artifact finite-46-850dc3538f04ce9efcb3e974fa04992bcb1cb150.zip successfully finalized. Artifact ID 10983224074
2026-09-28T16:38:39.0647333Z Artifact finite-46-850dc3538f04ce9efcb3e974fa04992bcb1cb150 has been successfully uploaded! Final size is 7924354 bytes. Artifact ID is 10983224074
2026-09-28T16:38:39.0652399Z Artifact download URL: https://github.com/proteinfoldingengine/WetLabEngine/actions/runs/36450083481/artifacts/10983224074
2026-09-28T16:38:39.0833902Z Post job cleanup.
2026-09-28T16:38:39.2019817Z (node:2471) [DEP0040] DeprecationWarning: The `punycode` module is deprecated. Please use a userland alternative instead.
2026-09-28T16:38:39.2020630Z (Use `node --trace-deprecation ...` to show where the warning was created)
2026-09-28T16:38:39.2219969Z Post job cleanup.
2026-09-28T16:38:39.3146178Z [command]/usr/bin/git version
2026-09-28T16:38:39.3199353Z git version 2.55.0
2026-09-28T16:38:39.3231248Z Temporarily overriding HOME='/home/runner/work/_temp/aa340403-8cc2-4f9e-a325-a38f8697f221' before making global git config changes
2026-09-28T16:38:39.3233098Z Adding repository directory to the temporary git global config as a safe directory
2026-09-28T16:38:39.3234524Z [command]/usr/bin/git config --global --add safe.directory /home/runner/work/WetLabEngine/WetLabEngine
2026-09-28T16:38:39.3304089Z [command]/usr/bin/git config --local --name-only --get-regexp core\.sshCommand
2026-09-28T16:38:39.3346599Z [command]/usr/bin/git submodule foreach --recursive sh -c "git config --local --name-only --get-regexp 'core\.sshCommand' && git config --local --unset-all 'core.sshCommand' || :"
2026-09-28T16:38:39.3611307Z [command]/usr/bin/git config --local --name-only --get-regexp http\.https\:\/\/github\.com\/\.extraheader
2026-09-28T16:38:39.3644019Z http.https://github.com/.extraheader
2026-09-28T16:38:39.3660688Z [command]/usr/bin/git config --local --unset-all http.https://github.com/.extraheader
2026-09-28T16:38:39.3699754Z [command]/usr/bin/git submodule foreach --recursive sh -c "git config --local --name-only --get-regexp 'http\.https\:\/\/github\.com\/\.extraheader' && git config --local --unset-all 'http.https://github.com/.extraheader' || :"
2026-09-28T16:38:39.4011151Z [command]/usr/bin/git config --local --name-only --get-regexp ^includeIf\.gitdir:
2026-09-28T16:38:39.4049087Z [command]/usr/bin/git submodule foreach --recursive git config --local --show-origin --name-only --get-regexp remote.origin.url
2026-09-28T16:38:39.4526639Z Cleaning up orphan processes
2026-09-28T16:38:39.4873800Z ##[warning]Node.js 20 is deprecated. The following actions target Node.js 20 but are being forced to run on Node.js 24: actions/checkout@11d5960a326750d5838078e36cf38b85af677262, actions/setup-python@a26af69be951a213d495a4c3e4e4022e16d87065, actions/upload-artifact@v4. For more information see: https://github.blog/changelog/2025-09-19-deprecation-of-node-20-on-github-actions-runners/

