2026-09-28T16:26:06.8954580Z Current runner version: '2.337.0'
2026-09-28T16:26:06.8980897Z ##[group]Runner Image Provisioner
2026-09-28T16:26:06.8981789Z Hosted Compute Agent
2026-09-28T16:26:06.8982458Z Version: 20260828.587
2026-09-28T16:26:06.8983096Z Commit: abac92662cab4cc7352de4f9f9d2e2419aad9c29
2026-09-28T16:26:06.8983843Z Build Date: 2026-08-28T16:44:25Z
2026-09-28T16:26:06.8984590Z Worker ID: {47ff660e-84e2-4960-a200-7bd54ab6fb12}
2026-09-28T16:26:06.8985572Z Azure Region: eastus
2026-09-28T16:26:06.8986292Z ##[endgroup]
2026-09-28T16:26:06.8987864Z ##[group]Operating System
2026-09-28T16:26:06.8988530Z Ubuntu
2026-09-28T16:26:06.8989170Z 24.04.5
2026-09-28T16:26:06.8989697Z LTS
2026-09-28T16:26:06.8990248Z ##[endgroup]
2026-09-28T16:26:06.8990826Z ##[group]Runner Image
2026-09-28T16:26:06.8991461Z Image: ubuntu-24.04
2026-09-28T16:26:06.8992071Z Version: 20260920.314.1
2026-09-28T16:26:06.8993372Z Included Software: https://github.com/actions/runner-images/blob/ubuntu24/20260920.314/images/ubuntu/Ubuntu2404-Readme.md
2026-09-28T16:26:06.8995623Z Image Release: https://github.com/actions/runner-images/releases/tag/ubuntu24%2F20260920.314
2026-09-28T16:26:06.8996623Z ##[endgroup]
2026-09-28T16:26:06.8997806Z ##[group]GITHUB_TOKEN Permissions
2026-09-28T16:26:06.9000075Z Contents: read
2026-09-28T16:26:06.9000813Z Metadata: read
2026-09-28T16:26:06.9001358Z ##[endgroup]
2026-09-28T16:26:06.9003942Z Secret source: Actions
2026-09-28T16:26:06.9004883Z Cache mode: write
2026-09-28T16:26:06.9006204Z Prepare workflow directory
2026-09-28T16:26:06.9338838Z Prepare all required actions
2026-09-28T16:26:06.9387705Z Getting action download info
2026-09-28T16:26:07.1919056Z Download action repository 'actions/checkout@11d5960a326750d5838078e36cf38b85af677262' (SHA:11d5960a326750d5838078e36cf38b85af677262)
2026-09-28T16:26:07.2819716Z Download action repository 'actions/setup-python@a26af69be951a213d495a4c3e4e4022e16d87065' (SHA:a26af69be951a213d495a4c3e4e4022e16d87065)
2026-09-28T16:26:07.3552754Z Download action repository 'actions/upload-artifact@v4' (SHA:ea165f8d65b6e75b540449e92b4886f43607fa02)
2026-09-28T16:26:07.5698111Z Complete job name: measure (39)
2026-09-28T16:26:07.6472703Z ##[group]Run actions/checkout@11d5960a326750d5838078e36cf38b85af677262
2026-09-28T16:26:07.6473789Z with:
2026-09-28T16:26:07.6474310Z   repository: proteinfoldingengine/WetLabEngine
2026-09-28T16:26:07.6478644Z   token: ***
2026-09-28T16:26:07.6479085Z   ssh-strict: true
2026-09-28T16:26:07.6479527Z   ssh-user: git
2026-09-28T16:26:07.6479981Z   persist-credentials: true
2026-09-28T16:26:07.6480472Z   clean: true
2026-09-28T16:26:07.6480921Z   sparse-checkout-cone-mode: true
2026-09-28T16:26:07.6481443Z   fetch-depth: 1
2026-09-28T16:26:07.6481877Z   fetch-tags: false
2026-09-28T16:26:07.6482321Z   show-progress: true
2026-09-28T16:26:07.6482815Z   lfs: false
2026-09-28T16:26:07.6483226Z   submodules: false
2026-09-28T16:26:07.6483674Z   set-safe-directory: true
2026-09-28T16:26:07.6484179Z   allow-unsafe-pr-checkout: false
2026-09-28T16:26:07.6484964Z ##[endgroup]
2026-09-28T16:26:07.7509172Z Syncing repository: proteinfoldingengine/WetLabEngine
2026-09-28T16:26:07.7512033Z ##[group]Getting Git version info
2026-09-28T16:26:07.7513281Z Working directory is '/home/runner/work/WetLabEngine/WetLabEngine'
2026-09-28T16:26:07.7515079Z [command]/usr/bin/git version
2026-09-28T16:26:07.7572015Z git version 2.55.0
2026-09-28T16:26:07.7593660Z ##[endgroup]
2026-09-28T16:26:07.7609656Z Temporarily overriding HOME='/home/runner/work/_temp/6502162f-a88c-4803-8dc6-fafb7a1e15b5' before making global git config changes
2026-09-28T16:26:07.7612213Z Adding repository directory to the temporary git global config as a safe directory
2026-09-28T16:26:07.7614590Z [command]/usr/bin/git config --global --add safe.directory /home/runner/work/WetLabEngine/WetLabEngine
2026-09-28T16:26:07.7683606Z Deleting the contents of '/home/runner/work/WetLabEngine/WetLabEngine'
2026-09-28T16:26:07.7689180Z ##[group]Initializing the repository
2026-09-28T16:26:07.7694450Z [command]/usr/bin/git init /home/runner/work/WetLabEngine/WetLabEngine
2026-09-28T16:26:07.7831868Z hint: Using 'master' as the name for the initial branch. This default branch name
2026-09-28T16:26:07.7834490Z hint: will change to "main" in Git 3.0. To configure the initial branch name
2026-09-28T16:26:07.7836969Z hint: to use in all of your new repositories, which will suppress this warning,
2026-09-28T16:26:07.7838843Z hint: call:
2026-09-28T16:26:07.7840170Z hint:
2026-09-28T16:26:07.7841051Z hint: 	git config --global init.defaultBranch <name>
2026-09-28T16:26:07.7841964Z hint:
2026-09-28T16:26:07.7842831Z hint: Names commonly chosen instead of 'master' are 'main', 'trunk' and
2026-09-28T16:26:07.7844150Z hint: 'development'. The just-created branch can be renamed via this command:
2026-09-28T16:26:07.7847251Z hint:
2026-09-28T16:26:07.7847980Z hint: 	git branch -m <name>
2026-09-28T16:26:07.7848634Z hint:
2026-09-28T16:26:07.7849418Z hint: Disable this message with "git config set advice.defaultBranchName false"
2026-09-28T16:26:07.7850810Z Initialized empty Git repository in /home/runner/work/WetLabEngine/WetLabEngine/.git/
2026-09-28T16:26:07.7853113Z [command]/usr/bin/git remote add origin https://github.com/proteinfoldingengine/WetLabEngine
2026-09-28T16:26:07.7899407Z ##[endgroup]
2026-09-28T16:26:07.7900215Z ##[group]Disabling automatic garbage collection
2026-09-28T16:26:07.7904309Z [command]/usr/bin/git config --local gc.auto 0
2026-09-28T16:26:07.7937659Z ##[endgroup]
2026-09-28T16:26:07.7938442Z ##[group]Setting up auth
2026-09-28T16:26:07.7946142Z [command]/usr/bin/git config --local --name-only --get-regexp core\.sshCommand
2026-09-28T16:26:07.7980261Z [command]/usr/bin/git submodule foreach --recursive sh -c "git config --local --name-only --get-regexp 'core\.sshCommand' && git config --local --unset-all 'core.sshCommand' || :"
2026-09-28T16:26:07.8361287Z [command]/usr/bin/git config --local --name-only --get-regexp http\.https\:\/\/github\.com\/\.extraheader
2026-09-28T16:26:07.8402017Z [command]/usr/bin/git submodule foreach --recursive sh -c "git config --local --name-only --get-regexp 'http\.https\:\/\/github\.com\/\.extraheader' && git config --local --unset-all 'http.https://github.com/.extraheader' || :"
2026-09-28T16:26:07.8652549Z [command]/usr/bin/git config --local --name-only --get-regexp ^includeIf\.gitdir:
2026-09-28T16:26:07.8698483Z [command]/usr/bin/git submodule foreach --recursive git config --local --show-origin --name-only --get-regexp remote.origin.url
2026-09-28T16:26:07.8947109Z [command]/usr/bin/git config --local http.https://github.com/.extraheader AUTHORIZATION: basic ***
2026-09-28T16:26:07.8996757Z ##[endgroup]
2026-09-28T16:26:07.8998372Z ##[group]Fetching the repository
2026-09-28T16:26:07.9012488Z [command]/usr/bin/git -c protocol.version=2 fetch --no-tags --prune --no-recurse-submodules --depth=1 origin +850dc3538f04ce9efcb3e974fa04992bcb1cb150:refs/remotes/origin/research/v16.03-finite-source-continuation
2026-09-28T16:26:16.8842268Z From https://github.com/proteinfoldingengine/WetLabEngine
2026-09-28T16:26:16.8844066Z  * [new ref]         850dc3538f04ce9efcb3e974fa04992bcb1cb150 -> origin/research/v16.03-finite-source-continuation
2026-09-28T16:26:16.8858229Z ##[endgroup]
2026-09-28T16:26:16.8859482Z ##[group]Determining the checkout info
2026-09-28T16:26:16.8860683Z ##[endgroup]
2026-09-28T16:26:16.8861721Z [command]/usr/bin/git sparse-checkout disable
2026-09-28T16:26:16.8921181Z [command]/usr/bin/git config --local --unset-all extensions.worktreeConfig
2026-09-28T16:26:16.8959156Z ##[group]Checking out the ref
2026-09-28T16:26:16.8964857Z [command]/usr/bin/git checkout --progress --force -B research/v16.03-finite-source-continuation refs/remotes/origin/research/v16.03-finite-source-continuation
2026-09-28T16:26:17.9346917Z Updating files:  59% (2582/4311)
2026-09-28T16:26:18.0391985Z Updating files:  60% (2587/4311)
2026-09-28T16:26:18.1838828Z Updating files:  61% (2630/4311)
2026-09-28T16:26:18.1854367Z Updating files:  62% (2673/4311)
2026-09-28T16:26:18.3133350Z Updating files:  63% (2716/4311)
2026-09-28T16:26:18.4174417Z Updating files:  64% (2760/4311)
2026-09-28T16:26:18.4805625Z Updating files:  65% (2803/4311)
2026-09-28T16:26:18.5187627Z Updating files:  66% (2846/4311)
2026-09-28T16:26:18.5665156Z Updating files:  67% (2889/4311)
2026-09-28T16:26:18.5779066Z Updating files:  68% (2932/4311)
2026-09-28T16:26:18.5817555Z Updating files:  69% (2975/4311)
2026-09-28T16:26:18.5865563Z Updating files:  70% (3018/4311)
2026-09-28T16:26:18.6351994Z Updating files:  71% (3061/4311)
2026-09-28T16:26:18.6373890Z Updating files:  72% (3104/4311)
2026-09-28T16:26:18.6402181Z Updating files:  73% (3148/4311)
2026-09-28T16:26:18.6427150Z Updating files:  74% (3191/4311)
2026-09-28T16:26:18.6451743Z Updating files:  75% (3234/4311)
2026-09-28T16:26:18.6478028Z Updating files:  76% (3277/4311)
2026-09-28T16:26:18.6504756Z Updating files:  77% (3320/4311)
2026-09-28T16:26:18.6530321Z Updating files:  78% (3363/4311)
2026-09-28T16:26:18.6558973Z Updating files:  79% (3406/4311)
2026-09-28T16:26:18.6580690Z Updating files:  80% (3449/4311)
2026-09-28T16:26:18.6611810Z Updating files:  81% (3492/4311)
2026-09-28T16:26:18.6749794Z Updating files:  82% (3536/4311)
2026-09-28T16:26:18.8009075Z Updating files:  83% (3579/4311)
2026-09-28T16:26:18.9561709Z Updating files:  84% (3622/4311)
2026-09-28T16:26:19.0473182Z Updating files:  84% (3631/4311)
2026-09-28T16:26:19.0524285Z Updating files:  85% (3665/4311)
2026-09-28T16:26:19.0777509Z Updating files:  86% (3708/4311)
2026-09-28T16:26:19.0901684Z Updating files:  87% (3751/4311)
2026-09-28T16:26:19.1081598Z Updating files:  88% (3794/4311)
2026-09-28T16:26:19.1219118Z Updating files:  89% (3837/4311)
2026-09-28T16:26:19.1503981Z Updating files:  90% (3880/4311)
2026-09-28T16:26:19.1938369Z Updating files:  91% (3924/4311)
2026-09-28T16:26:19.1998345Z Updating files:  92% (3967/4311)
2026-09-28T16:26:19.2016342Z Updating files:  93% (4010/4311)
2026-09-28T16:26:19.2056898Z Updating files:  94% (4053/4311)
2026-09-28T16:26:19.2144132Z Updating files:  95% (4096/4311)
2026-09-28T16:26:19.2192333Z Updating files:  96% (4139/4311)
2026-09-28T16:26:19.2226997Z Updating files:  97% (4182/4311)
2026-09-28T16:26:19.2361182Z Updating files:  98% (4225/4311)
2026-09-28T16:26:19.2399067Z Updating files:  99% (4268/4311)
2026-09-28T16:26:19.2399672Z Updating files: 100% (4311/4311)
2026-09-28T16:26:19.2400131Z Updating files: 100% (4311/4311), done.
2026-09-28T16:26:19.2464486Z Switched to a new branch 'research/v16.03-finite-source-continuation'
2026-09-28T16:26:19.2471039Z branch 'research/v16.03-finite-source-continuation' set up to track 'origin/research/v16.03-finite-source-continuation'.
2026-09-28T16:26:19.2550587Z ##[endgroup]
2026-09-28T16:26:19.2598045Z [command]/usr/bin/git log -1 --format=%H
2026-09-28T16:26:19.2629290Z 850dc3538f04ce9efcb3e974fa04992bcb1cb150
2026-09-28T16:26:19.2968147Z ##[group]Run actions/setup-python@a26af69be951a213d495a4c3e4e4022e16d87065
2026-09-28T16:26:19.2968587Z with:
2026-09-28T16:26:19.2968801Z   python-version: 3.11
2026-09-28T16:26:19.2969079Z   check-latest: false
2026-09-28T16:26:19.2971938Z   token: ***
2026-09-28T16:26:19.2972206Z   update-environment: true
2026-09-28T16:26:19.2972458Z   allow-prereleases: false
2026-09-28T16:26:19.2972693Z   freethreaded: false
2026-09-28T16:26:19.2972904Z ##[endgroup]
2026-09-28T16:26:19.4326413Z ##[group]Installed versions
2026-09-28T16:26:19.4434494Z (node:2163) [DEP0040] DeprecationWarning: The `punycode` module is deprecated. Please use a userland alternative instead.
2026-09-28T16:26:19.4436099Z (Use `node --trace-deprecation ...` to show where the warning was created)
2026-09-28T16:26:19.4436891Z Successfully set up CPython (3.11.16)
2026-09-28T16:26:19.4437761Z ##[endgroup]
2026-09-28T16:26:19.4628423Z ##[group]Run python -m pip install numpy==2.3.5 sympy==1.13.3 mpmath==1.3.0
2026-09-28T16:26:19.4629049Z [36;1mpython -m pip install numpy==2.3.5 sympy==1.13.3 mpmath==1.3.0[0m
2026-09-28T16:26:19.4971690Z shell: /usr/bin/bash -e {0}
2026-09-28T16:26:19.4972042Z env:
2026-09-28T16:26:19.4972628Z   pythonLocation: /opt/hostedtoolcache/Python/3.11.16/x64
2026-09-28T16:26:19.4973221Z   PKG_CONFIG_PATH: /opt/hostedtoolcache/Python/3.11.16/x64/lib/pkgconfig
2026-09-28T16:26:19.4973801Z   Python_ROOT_DIR: /opt/hostedtoolcache/Python/3.11.16/x64
2026-09-28T16:26:19.4974302Z   Python2_ROOT_DIR: /opt/hostedtoolcache/Python/3.11.16/x64
2026-09-28T16:26:19.4974811Z   Python3_ROOT_DIR: /opt/hostedtoolcache/Python/3.11.16/x64
2026-09-28T16:26:19.4975523Z   LD_LIBRARY_PATH: /opt/hostedtoolcache/Python/3.11.16/x64/lib
2026-09-28T16:26:19.4975955Z ##[endgroup]
2026-09-28T16:26:20.5347237Z Collecting numpy==2.3.5
2026-09-28T16:26:20.5864262Z   Downloading numpy-2.3.5-cp311-cp311-manylinux_2_27_x86_64.manylinux_2_28_x86_64.whl.metadata (62 kB)
2026-09-28T16:26:20.6444313Z Collecting sympy==1.13.3
2026-09-28T16:26:20.6484053Z   Downloading sympy-1.13.3-py3-none-any.whl.metadata (12 kB)
2026-09-28T16:26:20.6920831Z Collecting mpmath==1.3.0
2026-09-28T16:26:20.6959198Z   Downloading mpmath-1.3.0-py3-none-any.whl.metadata (8.6 kB)
2026-09-28T16:26:20.7339115Z Downloading numpy-2.3.5-cp311-cp311-manylinux_2_27_x86_64.manylinux_2_28_x86_64.whl (16.9 MB)
2026-09-28T16:26:21.6183835Z    ━━━━━━━━━━━━━━━━━━━━━━━━━━━━━━━━━━━━━━━━ 16.9/16.9 MB 19.0 MB/s  0:00:00
2026-09-28T16:26:21.6363755Z Downloading sympy-1.13.3-py3-none-any.whl (6.2 MB)
2026-09-28T16:26:21.7810644Z    ━━━━━━━━━━━━━━━━━━━━━━━━━━━━━━━━━━━━━━━━ 6.2/6.2 MB 41.8 MB/s  0:00:00
2026-09-28T16:26:21.7857620Z Downloading mpmath-1.3.0-py3-none-any.whl (536 kB)
2026-09-28T16:26:21.7904577Z    ━━━━━━━━━━━━━━━━━━━━━━━━━━━━━━━━━━━━━━━━ 536.2/536.2 kB 104.1 MB/s  0:00:00
2026-09-28T16:26:21.8963616Z Installing collected packages: mpmath, sympy, numpy
2026-09-28T16:26:29.4531690Z 
2026-09-28T16:26:29.4540346Z Successfully installed mpmath-1.3.0 numpy-2.3.5 sympy-1.13.3
2026-09-28T16:26:29.5114461Z ##[group]Run set -o pipefail
2026-09-28T16:26:29.5114798Z [36;1mset -o pipefail[0m
2026-09-28T16:26:29.5115084Z [36;1mgit rev-parse HEAD > execution_head.txt[0m
2026-09-28T16:26:29.5116144Z [36;1mcd ResearchHistory/UQCF-GEM/demos/v15.56-response-selector-obstruction/finite-source-continuation[0m
2026-09-28T16:26:29.5116775Z [36;1mpython gate.py --candidate 39 2>&1 | tee measurement-39.log[0m
2026-09-28T16:26:29.5181934Z shell: /usr/bin/bash -e {0}
2026-09-28T16:26:29.5182184Z env:
2026-09-28T16:26:29.5182457Z   pythonLocation: /opt/hostedtoolcache/Python/3.11.16/x64
2026-09-28T16:26:29.5182911Z   PKG_CONFIG_PATH: /opt/hostedtoolcache/Python/3.11.16/x64/lib/pkgconfig
2026-09-28T16:26:29.5183353Z   Python_ROOT_DIR: /opt/hostedtoolcache/Python/3.11.16/x64
2026-09-28T16:26:29.5183736Z   Python2_ROOT_DIR: /opt/hostedtoolcache/Python/3.11.16/x64
2026-09-28T16:26:29.5184125Z   Python3_ROOT_DIR: /opt/hostedtoolcache/Python/3.11.16/x64
2026-09-28T16:26:29.5184556Z   LD_LIBRARY_PATH: /opt/hostedtoolcache/Python/3.11.16/x64/lib
2026-09-28T16:26:29.5184894Z   OPENBLAS_NUM_THREADS: 1
2026-09-28T16:26:29.5185140Z   PYTHONUNBUFFERED: 1
2026-09-28T16:26:29.5185503Z ##[endgroup]
2026-09-28T16:26:58.2325219Z candidate=39 precision=50 a=1.0 pair=overlap arm=plane complete
2026-09-28T16:27:14.4693949Z candidate=39 precision=50 a=1.0 pair=overlap arm=isotropic complete
2026-09-28T16:27:41.4817809Z candidate=39 precision=50 a=1.0 pair=disjoint arm=plane complete
2026-09-28T16:28:02.6966637Z candidate=39 precision=50 a=1.0 pair=disjoint arm=isotropic complete
2026-09-28T16:28:25.0060030Z candidate=39 precision=50 a=0.3333333333333333 pair=overlap arm=plane complete
2026-09-28T16:28:41.3691646Z candidate=39 precision=50 a=0.3333333333333333 pair=overlap arm=isotropic complete
2026-09-28T16:29:08.8872791Z candidate=39 precision=50 a=0.3333333333333333 pair=disjoint arm=plane complete
2026-09-28T16:29:30.4532509Z candidate=39 precision=50 a=0.3333333333333333 pair=disjoint arm=isotropic complete
2026-09-28T16:29:52.7292485Z candidate=39 precision=50 a=0.16666666666666666 pair=overlap arm=plane complete
2026-09-28T16:30:08.9650292Z candidate=39 precision=50 a=0.16666666666666666 pair=overlap arm=isotropic complete
2026-09-28T16:30:36.3447186Z candidate=39 precision=50 a=0.16666666666666666 pair=disjoint arm=plane complete
2026-09-28T16:30:57.9152521Z candidate=39 precision=50 a=0.16666666666666666 pair=disjoint arm=isotropic complete
2026-09-28T16:31:29.7381956Z candidate=39 precision=80 a=1.0 pair=overlap arm=plane complete
2026-09-28T16:31:47.4312884Z candidate=39 precision=80 a=1.0 pair=overlap arm=isotropic complete
2026-09-28T16:32:17.7932180Z candidate=39 precision=80 a=1.0 pair=disjoint arm=plane complete
2026-09-28T16:32:40.9359759Z candidate=39 precision=80 a=1.0 pair=disjoint arm=isotropic complete
2026-09-28T16:33:05.8747131Z candidate=39 precision=80 a=0.3333333333333333 pair=overlap arm=plane complete
2026-09-28T16:33:23.7511718Z candidate=39 precision=80 a=0.3333333333333333 pair=overlap arm=isotropic complete
2026-09-28T16:33:54.5714055Z candidate=39 precision=80 a=0.3333333333333333 pair=disjoint arm=plane complete
2026-09-28T16:34:18.6874143Z candidate=39 precision=80 a=0.3333333333333333 pair=disjoint arm=isotropic complete
2026-09-28T16:34:43.8146506Z candidate=39 precision=80 a=0.16666666666666666 pair=overlap arm=plane complete
2026-09-28T16:35:01.6430149Z candidate=39 precision=80 a=0.16666666666666666 pair=overlap arm=isotropic complete
2026-09-28T16:35:32.9641477Z candidate=39 precision=80 a=0.16666666666666666 pair=disjoint arm=plane complete
2026-09-28T16:35:57.0080998Z candidate=39 precision=80 a=0.16666666666666666 pair=disjoint arm=isotropic complete
2026-09-28T16:35:59.0230919Z {"version": "16.03", "candidate_index": 39, "all_valid": true, "verdict": "DISJOINT_CUBIC_RESPONSE_DETECTED", "continuation_verdict": "FINITE_GRID_OVERLAP_RESPONSE_CONFIRMED"}
2026-09-28T16:35:59.1478421Z ##[group]Run actions/upload-artifact@v4
2026-09-28T16:35:59.1478724Z with:
2026-09-28T16:35:59.1478984Z   name: finite-39-850dc3538f04ce9efcb3e974fa04992bcb1cb150
2026-09-28T16:35:59.1480470Z   path: execution_head.txt
ResearchHistory/UQCF-GEM/demos/v15.56-response-selector-obstruction/finite-source-continuation/result-*.json.gz
ResearchHistory/UQCF-GEM/demos/v15.56-response-selector-obstruction/finite-source-continuation/measurement-*.log
ResearchHistory/UQCF-GEM/demos/v15.56-response-selector-obstruction/finite-source-continuation/SHA256SUMS-*

2026-09-28T16:35:59.1481912Z   if-no-files-found: warn
2026-09-28T16:35:59.1482140Z   compression-level: 6
2026-09-28T16:35:59.1482353Z   overwrite: false
2026-09-28T16:35:59.1482562Z   include-hidden-files: false
2026-09-28T16:35:59.1482787Z env:
2026-09-28T16:35:59.1483032Z   pythonLocation: /opt/hostedtoolcache/Python/3.11.16/x64
2026-09-28T16:35:59.1483454Z   PKG_CONFIG_PATH: /opt/hostedtoolcache/Python/3.11.16/x64/lib/pkgconfig
2026-09-28T16:35:59.1483897Z   Python_ROOT_DIR: /opt/hostedtoolcache/Python/3.11.16/x64
2026-09-28T16:35:59.1484267Z   Python2_ROOT_DIR: /opt/hostedtoolcache/Python/3.11.16/x64
2026-09-28T16:35:59.1484647Z   Python3_ROOT_DIR: /opt/hostedtoolcache/Python/3.11.16/x64
2026-09-28T16:35:59.1485020Z   LD_LIBRARY_PATH: /opt/hostedtoolcache/Python/3.11.16/x64/lib
2026-09-28T16:35:59.1485596Z ##[endgroup]
2026-09-28T16:35:59.3172436Z (node:2387) [DEP0040] DeprecationWarning: The `punycode` module is deprecated. Please use a userland alternative instead.
2026-09-28T16:35:59.3174696Z (Use `node --trace-deprecation ...` to show where the warning was created)
2026-09-28T16:35:59.3406574Z Multiple search paths detected. Calculating the least common ancestor of all paths
2026-09-28T16:35:59.3489268Z The least common ancestor is /home/runner/work/WetLabEngine/WetLabEngine. This will be the root directory of the artifact
2026-09-28T16:35:59.3516264Z With the provided path, there will be 4 files uploaded
2026-09-28T16:35:59.3546082Z Artifact name is valid!
2026-09-28T16:35:59.3549425Z Root directory input is valid!
2026-09-28T16:35:59.5210166Z Beginning upload of artifact content to blob storage
2026-09-28T16:35:59.8040759Z (node:2387) [DEP0169] DeprecationWarning: `url.parse()` behavior is not standardized and prone to errors that have security implications. Use the WHATWG URL API instead. CVEs are not issued for `url.parse()` vulnerabilities.
2026-09-28T16:35:59.9643067Z Uploaded bytes 7924113
2026-09-28T16:35:59.9902578Z Finished uploading artifact content to blob storage!
2026-09-28T16:35:59.9904134Z SHA256 digest of uploaded artifact zip is 67867e329b753f4c1a902595722bf0b671ca7728740487eec37cf6dabde8ffa3
2026-09-28T16:35:59.9906716Z Finalizing artifact upload
2026-09-28T16:36:00.2289546Z Artifact finite-39-850dc3538f04ce9efcb3e974fa04992bcb1cb150.zip successfully finalized. Artifact ID 10984007890
2026-09-28T16:36:00.2291004Z Artifact finite-39-850dc3538f04ce9efcb3e974fa04992bcb1cb150 has been successfully uploaded! Final size is 7924113 bytes. Artifact ID is 10984007890
2026-09-28T16:36:00.2296638Z Artifact download URL: https://github.com/proteinfoldingengine/WetLabEngine/actions/runs/36450083481/artifacts/10984007890
2026-09-28T16:36:00.2479079Z Post job cleanup.
2026-09-28T16:36:00.3684469Z (node:2401) [DEP0040] DeprecationWarning: The `punycode` module is deprecated. Please use a userland alternative instead.
2026-09-28T16:36:00.3685745Z (Use `node --trace-deprecation ...` to show where the warning was created)
2026-09-28T16:36:00.3878188Z Post job cleanup.
2026-09-28T16:36:00.4789485Z [command]/usr/bin/git version
2026-09-28T16:36:00.4834926Z git version 2.55.0
2026-09-28T16:36:00.4880164Z Temporarily overriding HOME='/home/runner/work/_temp/06bb4e24-a4bb-4beb-a9bd-d5a88ebdc06c' before making global git config changes
2026-09-28T16:36:00.4881796Z Adding repository directory to the temporary git global config as a safe directory
2026-09-28T16:36:00.4886651Z [command]/usr/bin/git config --global --add safe.directory /home/runner/work/WetLabEngine/WetLabEngine
2026-09-28T16:36:00.4929109Z [command]/usr/bin/git config --local --name-only --get-regexp core\.sshCommand
2026-09-28T16:36:00.4965103Z [command]/usr/bin/git submodule foreach --recursive sh -c "git config --local --name-only --get-regexp 'core\.sshCommand' && git config --local --unset-all 'core.sshCommand' || :"
2026-09-28T16:36:00.5239973Z [command]/usr/bin/git config --local --name-only --get-regexp http\.https\:\/\/github\.com\/\.extraheader
2026-09-28T16:36:00.5268025Z http.https://github.com/.extraheader
2026-09-28T16:36:00.5279461Z [command]/usr/bin/git config --local --unset-all http.https://github.com/.extraheader
2026-09-28T16:36:00.5315949Z [command]/usr/bin/git submodule foreach --recursive sh -c "git config --local --name-only --get-regexp 'http\.https\:\/\/github\.com\/\.extraheader' && git config --local --unset-all 'http.https://github.com/.extraheader' || :"
2026-09-28T16:36:00.5640758Z [command]/usr/bin/git config --local --name-only --get-regexp ^includeIf\.gitdir:
2026-09-28T16:36:00.5681150Z [command]/usr/bin/git submodule foreach --recursive git config --local --show-origin --name-only --get-regexp remote.origin.url
2026-09-28T16:36:00.6092239Z Cleaning up orphan processes
2026-09-28T16:36:00.6512368Z ##[warning]Node.js 20 is deprecated. The following actions target Node.js 20 but are being forced to run on Node.js 24: actions/checkout@11d5960a326750d5838078e36cf38b85af677262, actions/setup-python@a26af69be951a213d495a4c3e4e4022e16d87065, actions/upload-artifact@v4. For more information see: https://github.blog/changelog/2025-09-19-deprecation-of-node-20-on-github-actions-runners/

