2026-09-28T16:25:14.9026312Z Current runner version: '2.337.0'
2026-09-28T16:25:14.9050753Z ##[group]Runner Image Provisioner
2026-09-28T16:25:14.9051708Z Hosted Compute Agent
2026-09-28T16:25:14.9052329Z Version: 20260828.587
2026-09-28T16:25:14.9053024Z Commit: abac92662cab4cc7352de4f9f9d2e2419aad9c29
2026-09-28T16:25:14.9053884Z Build Date: 2026-08-28T16:44:25Z
2026-09-28T16:25:14.9054635Z Worker ID: {1f7c09c4-011e-4b08-a4c2-6675876194df}
2026-09-28T16:25:14.9055439Z Azure Region: eastus
2026-09-28T16:25:14.9056082Z ##[endgroup]
2026-09-28T16:25:14.9057891Z ##[group]Operating System
2026-09-28T16:25:14.9059110Z Ubuntu
2026-09-28T16:25:14.9059681Z 24.04.5
2026-09-28T16:25:14.9060281Z LTS
2026-09-28T16:25:14.9060827Z ##[endgroup]
2026-09-28T16:25:14.9061387Z ##[group]Runner Image
2026-09-28T16:25:14.9062101Z Image: ubuntu-24.04
2026-09-28T16:25:14.9062720Z Version: 20260920.314.1
2026-09-28T16:25:14.9064499Z Included Software: https://github.com/actions/runner-images/blob/ubuntu24/20260920.314/images/ubuntu/Ubuntu2404-Readme.md
2026-09-28T16:25:14.9066075Z Image Release: https://github.com/actions/runner-images/releases/tag/ubuntu24%2F20260920.314
2026-09-28T16:25:14.9067209Z ##[endgroup]
2026-09-28T16:25:14.9068315Z ##[group]GITHUB_TOKEN Permissions
2026-09-28T16:25:14.9070899Z Contents: read
2026-09-28T16:25:14.9071506Z Metadata: read
2026-09-28T16:25:14.9072252Z ##[endgroup]
2026-09-28T16:25:14.9074303Z Secret source: Actions
2026-09-28T16:25:14.9075375Z Cache mode: write
2026-09-28T16:25:14.9076085Z Prepare workflow directory
2026-09-28T16:25:14.9405238Z Prepare all required actions
2026-09-28T16:25:14.9453088Z Getting action download info
2026-09-28T16:25:15.1787533Z Download action repository 'actions/checkout@11d5960a326750d5838078e36cf38b85af677262' (SHA:11d5960a326750d5838078e36cf38b85af677262)
2026-09-28T16:25:15.2856008Z Download action repository 'actions/setup-python@a26af69be951a213d495a4c3e4e4022e16d87065' (SHA:a26af69be951a213d495a4c3e4e4022e16d87065)
2026-09-28T16:25:15.3608934Z Download action repository 'actions/upload-artifact@v4' (SHA:ea165f8d65b6e75b540449e92b4886f43607fa02)
2026-09-28T16:25:15.5761213Z Complete job name: measure (37)
2026-09-28T16:25:15.6526065Z ##[group]Run actions/checkout@11d5960a326750d5838078e36cf38b85af677262
2026-09-28T16:25:15.6527161Z with:
2026-09-28T16:25:15.6527677Z   repository: proteinfoldingengine/WetLabEngine
2026-09-28T16:25:15.6531975Z   token: ***
2026-09-28T16:25:15.6532437Z   ssh-strict: true
2026-09-28T16:25:15.6532913Z   ssh-user: git
2026-09-28T16:25:15.6533380Z   persist-credentials: true
2026-09-28T16:25:15.6533893Z   clean: true
2026-09-28T16:25:15.6534362Z   sparse-checkout-cone-mode: true
2026-09-28T16:25:15.6534953Z   fetch-depth: 1
2026-09-28T16:25:15.6535411Z   fetch-tags: false
2026-09-28T16:25:15.6535883Z   show-progress: true
2026-09-28T16:25:15.6536343Z   lfs: false
2026-09-28T16:25:15.6536781Z   submodules: false
2026-09-28T16:25:15.6537252Z   set-safe-directory: true
2026-09-28T16:25:15.6537778Z   allow-unsafe-pr-checkout: false
2026-09-28T16:25:15.6538824Z ##[endgroup]
2026-09-28T16:25:15.7540095Z Syncing repository: proteinfoldingengine/WetLabEngine
2026-09-28T16:25:15.7542769Z ##[group]Getting Git version info
2026-09-28T16:25:15.7544036Z Working directory is '/home/runner/work/WetLabEngine/WetLabEngine'
2026-09-28T16:25:15.7545844Z [command]/usr/bin/git version
2026-09-28T16:25:15.7633268Z git version 2.55.0
2026-09-28T16:25:15.7656613Z ##[endgroup]
2026-09-28T16:25:15.7675443Z Temporarily overriding HOME='/home/runner/work/_temp/e2ee59b2-e113-46e1-b359-019b69b3d9d7' before making global git config changes
2026-09-28T16:25:15.7677717Z Adding repository directory to the temporary git global config as a safe directory
2026-09-28T16:25:15.7680941Z [command]/usr/bin/git config --global --add safe.directory /home/runner/work/WetLabEngine/WetLabEngine
2026-09-28T16:25:15.7734134Z Deleting the contents of '/home/runner/work/WetLabEngine/WetLabEngine'
2026-09-28T16:25:15.7738880Z ##[group]Initializing the repository
2026-09-28T16:25:15.7742768Z [command]/usr/bin/git init /home/runner/work/WetLabEngine/WetLabEngine
2026-09-28T16:25:15.7873125Z hint: Using 'master' as the name for the initial branch. This default branch name
2026-09-28T16:25:15.7874846Z hint: will change to "main" in Git 3.0. To configure the initial branch name
2026-09-28T16:25:15.7876538Z hint: to use in all of your new repositories, which will suppress this warning,
2026-09-28T16:25:15.7877870Z hint: call:
2026-09-28T16:25:15.7879166Z hint:
2026-09-28T16:25:15.7880060Z hint: 	git config --global init.defaultBranch <name>
2026-09-28T16:25:15.7881215Z hint:
2026-09-28T16:25:15.7882282Z hint: Names commonly chosen instead of 'master' are 'main', 'trunk' and
2026-09-28T16:25:15.7883959Z hint: 'development'. The just-created branch can be renamed via this command:
2026-09-28T16:25:15.7885302Z hint:
2026-09-28T16:25:15.7885985Z hint: 	git branch -m <name>
2026-09-28T16:25:15.7886817Z hint:
2026-09-28T16:25:15.7887912Z hint: Disable this message with "git config set advice.defaultBranchName false"
2026-09-28T16:25:15.7890026Z Initialized empty Git repository in /home/runner/work/WetLabEngine/WetLabEngine/.git/
2026-09-28T16:25:15.7901834Z [command]/usr/bin/git remote add origin https://github.com/proteinfoldingengine/WetLabEngine
2026-09-28T16:25:15.7961784Z ##[endgroup]
2026-09-28T16:25:15.7963007Z ##[group]Disabling automatic garbage collection
2026-09-28T16:25:15.7965139Z [command]/usr/bin/git config --local gc.auto 0
2026-09-28T16:25:15.7997000Z ##[endgroup]
2026-09-28T16:25:15.7998289Z ##[group]Setting up auth
2026-09-28T16:25:15.8003609Z [command]/usr/bin/git config --local --name-only --get-regexp core\.sshCommand
2026-09-28T16:25:15.8036122Z [command]/usr/bin/git submodule foreach --recursive sh -c "git config --local --name-only --get-regexp 'core\.sshCommand' && git config --local --unset-all 'core.sshCommand' || :"
2026-09-28T16:25:15.8454426Z [command]/usr/bin/git config --local --name-only --get-regexp http\.https\:\/\/github\.com\/\.extraheader
2026-09-28T16:25:15.8492005Z [command]/usr/bin/git submodule foreach --recursive sh -c "git config --local --name-only --get-regexp 'http\.https\:\/\/github\.com\/\.extraheader' && git config --local --unset-all 'http.https://github.com/.extraheader' || :"
2026-09-28T16:25:15.8729750Z [command]/usr/bin/git config --local --name-only --get-regexp ^includeIf\.gitdir:
2026-09-28T16:25:15.8768050Z [command]/usr/bin/git submodule foreach --recursive git config --local --show-origin --name-only --get-regexp remote.origin.url
2026-09-28T16:25:15.9000037Z [command]/usr/bin/git config --local http.https://github.com/.extraheader AUTHORIZATION: basic ***
2026-09-28T16:25:15.9042819Z ##[endgroup]
2026-09-28T16:25:15.9044354Z ##[group]Fetching the repository
2026-09-28T16:25:15.9055050Z [command]/usr/bin/git -c protocol.version=2 fetch --no-tags --prune --no-recurse-submodules --depth=1 origin +850dc3538f04ce9efcb3e974fa04992bcb1cb150:refs/remotes/origin/research/v16.03-finite-source-continuation
2026-09-28T16:25:27.0223399Z From https://github.com/proteinfoldingengine/WetLabEngine
2026-09-28T16:25:27.0225911Z  * [new ref]         850dc3538f04ce9efcb3e974fa04992bcb1cb150 -> origin/research/v16.03-finite-source-continuation
2026-09-28T16:25:27.0230779Z ##[endgroup]
2026-09-28T16:25:27.0232758Z ##[group]Determining the checkout info
2026-09-28T16:25:27.0234804Z ##[endgroup]
2026-09-28T16:25:27.0236047Z [command]/usr/bin/git sparse-checkout disable
2026-09-28T16:25:27.0290850Z [command]/usr/bin/git config --local --unset-all extensions.worktreeConfig
2026-09-28T16:25:27.0323227Z ##[group]Checking out the ref
2026-09-28T16:25:27.0328934Z [command]/usr/bin/git checkout --progress --force -B research/v16.03-finite-source-continuation refs/remotes/origin/research/v16.03-finite-source-continuation
2026-09-28T16:25:28.0630666Z Updating files:  59% (2582/4311)
2026-09-28T16:25:28.1724528Z Updating files:  60% (2587/4311)
2026-09-28T16:25:28.3173130Z Updating files:  61% (2630/4311)
2026-09-28T16:25:28.3188788Z Updating files:  62% (2673/4311)
2026-09-28T16:25:28.4537693Z Updating files:  63% (2716/4311)
2026-09-28T16:25:28.5631424Z Updating files:  64% (2760/4311)
2026-09-28T16:25:28.6271017Z Updating files:  65% (2803/4311)
2026-09-28T16:25:28.6661722Z Updating files:  66% (2846/4311)
2026-09-28T16:25:28.7141852Z Updating files:  67% (2889/4311)
2026-09-28T16:25:28.7258395Z Updating files:  68% (2932/4311)
2026-09-28T16:25:28.7296202Z Updating files:  69% (2975/4311)
2026-09-28T16:25:28.7343695Z Updating files:  70% (3018/4311)
2026-09-28T16:25:28.7807473Z Updating files:  71% (3061/4311)
2026-09-28T16:25:28.7830293Z Updating files:  72% (3104/4311)
2026-09-28T16:25:28.7859481Z Updating files:  73% (3148/4311)
2026-09-28T16:25:28.7885116Z Updating files:  74% (3191/4311)
2026-09-28T16:25:28.7909378Z Updating files:  75% (3234/4311)
2026-09-28T16:25:28.7936345Z Updating files:  76% (3277/4311)
2026-09-28T16:25:28.7963145Z Updating files:  77% (3320/4311)
2026-09-28T16:25:28.7989919Z Updating files:  78% (3363/4311)
2026-09-28T16:25:28.8018539Z Updating files:  79% (3406/4311)
2026-09-28T16:25:28.8040915Z Updating files:  80% (3449/4311)
2026-09-28T16:25:28.8072565Z Updating files:  81% (3492/4311)
2026-09-28T16:25:28.8208580Z Updating files:  82% (3536/4311)
2026-09-28T16:25:28.9522532Z Updating files:  83% (3579/4311)
2026-09-28T16:25:29.1042876Z Updating files:  84% (3622/4311)
2026-09-28T16:25:29.1976657Z Updating files:  84% (3631/4311)
2026-09-28T16:25:29.2028462Z Updating files:  85% (3665/4311)
2026-09-28T16:25:29.2280814Z Updating files:  86% (3708/4311)
2026-09-28T16:25:29.2403904Z Updating files:  87% (3751/4311)
2026-09-28T16:25:29.2582665Z Updating files:  88% (3794/4311)
2026-09-28T16:25:29.2719893Z Updating files:  89% (3837/4311)
2026-09-28T16:25:29.2968691Z Updating files:  90% (3880/4311)
2026-09-28T16:25:29.3432344Z Updating files:  91% (3924/4311)
2026-09-28T16:25:29.3499718Z Updating files:  92% (3967/4311)
2026-09-28T16:25:29.3520857Z Updating files:  93% (4010/4311)
2026-09-28T16:25:29.3567029Z Updating files:  94% (4053/4311)
2026-09-28T16:25:29.3655629Z Updating files:  95% (4096/4311)
2026-09-28T16:25:29.3703890Z Updating files:  96% (4139/4311)
2026-09-28T16:25:29.3743435Z Updating files:  97% (4182/4311)
2026-09-28T16:25:29.3876912Z Updating files:  98% (4225/4311)
2026-09-28T16:25:29.3915066Z Updating files:  99% (4268/4311)
2026-09-28T16:25:29.3915722Z Updating files: 100% (4311/4311)
2026-09-28T16:25:29.3916294Z Updating files: 100% (4311/4311), done.
2026-09-28T16:25:29.6669164Z Switched to a new branch 'research/v16.03-finite-source-continuation'
2026-09-28T16:25:29.6675025Z branch 'research/v16.03-finite-source-continuation' set up to track 'origin/research/v16.03-finite-source-continuation'.
2026-09-28T16:25:29.6773432Z ##[endgroup]
2026-09-28T16:25:29.6824052Z [command]/usr/bin/git log -1 --format=%H
2026-09-28T16:25:29.6859273Z 850dc3538f04ce9efcb3e974fa04992bcb1cb150
2026-09-28T16:25:29.7194060Z ##[group]Run actions/setup-python@a26af69be951a213d495a4c3e4e4022e16d87065
2026-09-28T16:25:29.7194520Z with:
2026-09-28T16:25:29.7194725Z   python-version: 3.11
2026-09-28T16:25:29.7194984Z   check-latest: false
2026-09-28T16:25:29.7197393Z   token: ***
2026-09-28T16:25:29.7197630Z   update-environment: true
2026-09-28T16:25:29.7197907Z   allow-prereleases: false
2026-09-28T16:25:29.7198141Z   freethreaded: false
2026-09-28T16:25:29.7198364Z ##[endgroup]
2026-09-28T16:25:29.8543830Z ##[group]Installed versions
2026-09-28T16:25:29.8664939Z (node:2257) [DEP0040] DeprecationWarning: The `punycode` module is deprecated. Please use a userland alternative instead.
2026-09-28T16:25:29.8665955Z (Use `node --trace-deprecation ...` to show where the warning was created)
2026-09-28T16:25:29.8666785Z Successfully set up CPython (3.11.16)
2026-09-28T16:25:29.8667420Z ##[endgroup]
2026-09-28T16:25:29.8848854Z ##[group]Run python -m pip install numpy==2.3.5 sympy==1.13.3 mpmath==1.3.0
2026-09-28T16:25:29.8849796Z [36;1mpython -m pip install numpy==2.3.5 sympy==1.13.3 mpmath==1.3.0[0m
2026-09-28T16:25:29.9217015Z shell: /usr/bin/bash -e {0}
2026-09-28T16:25:29.9217462Z env:
2026-09-28T16:25:29.9218129Z   pythonLocation: /opt/hostedtoolcache/Python/3.11.16/x64
2026-09-28T16:25:29.9219094Z   PKG_CONFIG_PATH: /opt/hostedtoolcache/Python/3.11.16/x64/lib/pkgconfig
2026-09-28T16:25:29.9219825Z   Python_ROOT_DIR: /opt/hostedtoolcache/Python/3.11.16/x64
2026-09-28T16:25:29.9220460Z   Python2_ROOT_DIR: /opt/hostedtoolcache/Python/3.11.16/x64
2026-09-28T16:25:29.9221097Z   Python3_ROOT_DIR: /opt/hostedtoolcache/Python/3.11.16/x64
2026-09-28T16:25:29.9221741Z   LD_LIBRARY_PATH: /opt/hostedtoolcache/Python/3.11.16/x64/lib
2026-09-28T16:25:29.9222283Z ##[endgroup]
2026-09-28T16:25:31.0276640Z Collecting numpy==2.3.5
2026-09-28T16:25:31.0858785Z   Downloading numpy-2.3.5-cp311-cp311-manylinux_2_27_x86_64.manylinux_2_28_x86_64.whl.metadata (62 kB)
2026-09-28T16:25:31.1258961Z Collecting sympy==1.13.3
2026-09-28T16:25:31.1315800Z   Downloading sympy-1.13.3-py3-none-any.whl.metadata (12 kB)
2026-09-28T16:25:31.1456160Z Collecting mpmath==1.3.0
2026-09-28T16:25:31.1496647Z   Downloading mpmath-1.3.0-py3-none-any.whl.metadata (8.6 kB)
2026-09-28T16:25:31.1588835Z Downloading numpy-2.3.5-cp311-cp311-manylinux_2_27_x86_64.manylinux_2_28_x86_64.whl (16.9 MB)
2026-09-28T16:25:31.3797858Z    ━━━━━━━━━━━━━━━━━━━━━━━━━━━━━━━━━━━━━━━━ 16.9/16.9 MB 79.0 MB/s  0:00:00
2026-09-28T16:25:31.3894192Z Downloading sympy-1.13.3-py3-none-any.whl (6.2 MB)
2026-09-28T16:25:31.4256384Z    ━━━━━━━━━━━━━━━━━━━━━━━━━━━━━━━━━━━━━━━━ 6.2/6.2 MB 176.8 MB/s  0:00:00
2026-09-28T16:25:31.4302914Z Downloading mpmath-1.3.0-py3-none-any.whl (536 kB)
2026-09-28T16:25:31.4350274Z    ━━━━━━━━━━━━━━━━━━━━━━━━━━━━━━━━━━━━━━━━ 536.2/536.2 kB 106.5 MB/s  0:00:00
2026-09-28T16:25:31.5416827Z Installing collected packages: mpmath, sympy, numpy
2026-09-28T16:25:39.1634117Z 
2026-09-28T16:25:39.1643180Z Successfully installed mpmath-1.3.0 numpy-2.3.5 sympy-1.13.3
2026-09-28T16:25:39.2181601Z ##[group]Run set -o pipefail
2026-09-28T16:25:39.2181955Z [36;1mset -o pipefail[0m
2026-09-28T16:25:39.2182242Z [36;1mgit rev-parse HEAD > execution_head.txt[0m
2026-09-28T16:25:39.2182817Z [36;1mcd ResearchHistory/UQCF-GEM/demos/v15.56-response-selector-obstruction/finite-source-continuation[0m
2026-09-28T16:25:39.2183444Z [36;1mpython gate.py --candidate 37 2>&1 | tee measurement-37.log[0m
2026-09-28T16:25:39.2250111Z shell: /usr/bin/bash -e {0}
2026-09-28T16:25:39.2250392Z env:
2026-09-28T16:25:39.2250684Z   pythonLocation: /opt/hostedtoolcache/Python/3.11.16/x64
2026-09-28T16:25:39.2251181Z   PKG_CONFIG_PATH: /opt/hostedtoolcache/Python/3.11.16/x64/lib/pkgconfig
2026-09-28T16:25:39.2251673Z   Python_ROOT_DIR: /opt/hostedtoolcache/Python/3.11.16/x64
2026-09-28T16:25:39.2252115Z   Python2_ROOT_DIR: /opt/hostedtoolcache/Python/3.11.16/x64
2026-09-28T16:25:39.2252549Z   Python3_ROOT_DIR: /opt/hostedtoolcache/Python/3.11.16/x64
2026-09-28T16:25:39.2253020Z   LD_LIBRARY_PATH: /opt/hostedtoolcache/Python/3.11.16/x64/lib
2026-09-28T16:25:39.2253397Z   OPENBLAS_NUM_THREADS: 1
2026-09-28T16:25:39.2253651Z   PYTHONUNBUFFERED: 1
2026-09-28T16:25:39.2253886Z ##[endgroup]
2026-09-28T16:26:08.3018281Z candidate=37 precision=50 a=1.0 pair=overlap arm=plane complete
2026-09-28T16:26:24.8236038Z candidate=37 precision=50 a=1.0 pair=overlap arm=isotropic complete
2026-09-28T16:26:52.1944985Z candidate=37 precision=50 a=1.0 pair=disjoint arm=plane complete
2026-09-28T16:27:13.7672775Z candidate=37 precision=50 a=1.0 pair=disjoint arm=isotropic complete
2026-09-28T16:27:36.3566289Z candidate=37 precision=50 a=0.3333333333333333 pair=overlap arm=plane complete
2026-09-28T16:27:52.9303383Z candidate=37 precision=50 a=0.3333333333333333 pair=overlap arm=isotropic complete
2026-09-28T16:28:20.5238436Z candidate=37 precision=50 a=0.3333333333333333 pair=disjoint arm=plane complete
2026-09-28T16:28:42.4745826Z candidate=37 precision=50 a=0.3333333333333333 pair=disjoint arm=isotropic complete
2026-09-28T16:29:04.9513955Z candidate=37 precision=50 a=0.16666666666666666 pair=overlap arm=plane complete
2026-09-28T16:29:21.3460096Z candidate=37 precision=50 a=0.16666666666666666 pair=overlap arm=isotropic complete
2026-09-28T16:29:48.8979556Z candidate=37 precision=50 a=0.16666666666666666 pair=disjoint arm=plane complete
2026-09-28T16:30:10.7709538Z candidate=37 precision=50 a=0.16666666666666666 pair=disjoint arm=isotropic complete
2026-09-28T16:30:43.1121250Z candidate=37 precision=80 a=1.0 pair=overlap arm=plane complete
2026-09-28T16:31:00.7535952Z candidate=37 precision=80 a=1.0 pair=overlap arm=isotropic complete
2026-09-28T16:31:30.6465150Z candidate=37 precision=80 a=1.0 pair=disjoint arm=plane complete
2026-09-28T16:31:53.9395839Z candidate=37 precision=80 a=1.0 pair=disjoint arm=isotropic complete
2026-09-28T16:32:18.8250424Z candidate=37 precision=80 a=0.3333333333333333 pair=overlap arm=plane complete
2026-09-28T16:32:36.7292288Z candidate=37 precision=80 a=0.3333333333333333 pair=overlap arm=isotropic complete
2026-09-28T16:33:07.5647926Z candidate=37 precision=80 a=0.3333333333333333 pair=disjoint arm=plane complete
2026-09-28T16:33:31.4962488Z candidate=37 precision=80 a=0.3333333333333333 pair=disjoint arm=isotropic complete
2026-09-28T16:33:56.7398768Z candidate=37 precision=80 a=0.16666666666666666 pair=overlap arm=plane complete
2026-09-28T16:34:14.5328333Z candidate=37 precision=80 a=0.16666666666666666 pair=overlap arm=isotropic complete
2026-09-28T16:34:45.5922513Z candidate=37 precision=80 a=0.16666666666666666 pair=disjoint arm=plane complete
2026-09-28T16:35:09.6622248Z candidate=37 precision=80 a=0.16666666666666666 pair=disjoint arm=isotropic complete
2026-09-28T16:35:11.6847093Z {"version": "16.03", "candidate_index": 37, "all_valid": true, "verdict": "DISJOINT_CUBIC_RESPONSE_DETECTED", "continuation_verdict": "FINITE_GRID_OVERLAP_RESPONSE_CONFIRMED"}
2026-09-28T16:35:11.8023882Z ##[group]Run actions/upload-artifact@v4
2026-09-28T16:35:11.8024197Z with:
2026-09-28T16:35:11.8024460Z   name: finite-37-850dc3538f04ce9efcb3e974fa04992bcb1cb150
2026-09-28T16:35:11.8026026Z   path: execution_head.txt
ResearchHistory/UQCF-GEM/demos/v15.56-response-selector-obstruction/finite-source-continuation/result-*.json.gz
ResearchHistory/UQCF-GEM/demos/v15.56-response-selector-obstruction/finite-source-continuation/measurement-*.log
ResearchHistory/UQCF-GEM/demos/v15.56-response-selector-obstruction/finite-source-continuation/SHA256SUMS-*

2026-09-28T16:35:11.8027577Z   if-no-files-found: warn
2026-09-28T16:35:11.8027822Z   compression-level: 6
2026-09-28T16:35:11.8028047Z   overwrite: false
2026-09-28T16:35:11.8028265Z   include-hidden-files: false
2026-09-28T16:35:11.8028811Z env:
2026-09-28T16:35:11.8029231Z   pythonLocation: /opt/hostedtoolcache/Python/3.11.16/x64
2026-09-28T16:35:11.8029683Z   PKG_CONFIG_PATH: /opt/hostedtoolcache/Python/3.11.16/x64/lib/pkgconfig
2026-09-28T16:35:11.8030158Z   Python_ROOT_DIR: /opt/hostedtoolcache/Python/3.11.16/x64
2026-09-28T16:35:11.8030547Z   Python2_ROOT_DIR: /opt/hostedtoolcache/Python/3.11.16/x64
2026-09-28T16:35:11.8030935Z   Python3_ROOT_DIR: /opt/hostedtoolcache/Python/3.11.16/x64
2026-09-28T16:35:11.8031332Z   LD_LIBRARY_PATH: /opt/hostedtoolcache/Python/3.11.16/x64/lib
2026-09-28T16:35:11.8031663Z ##[endgroup]
2026-09-28T16:35:11.9741494Z (node:2455) [DEP0040] DeprecationWarning: The `punycode` module is deprecated. Please use a userland alternative instead.
2026-09-28T16:35:11.9742979Z (Use `node --trace-deprecation ...` to show where the warning was created)
2026-09-28T16:35:11.9845713Z Multiple search paths detected. Calculating the least common ancestor of all paths
2026-09-28T16:35:11.9849084Z The least common ancestor is /home/runner/work/WetLabEngine/WetLabEngine. This will be the root directory of the artifact
2026-09-28T16:35:11.9850692Z With the provided path, there will be 4 files uploaded
2026-09-28T16:35:11.9852785Z Artifact name is valid!
2026-09-28T16:35:11.9853446Z Root directory input is valid!
2026-09-28T16:35:12.2141313Z Beginning upload of artifact content to blob storage
2026-09-28T16:35:12.5085480Z (node:2455) [DEP0169] DeprecationWarning: `url.parse()` behavior is not standardized and prone to errors that have security implications. Use the WHATWG URL API instead. CVEs are not issued for `url.parse()` vulnerabilities.
2026-09-28T16:35:12.6830374Z Uploaded bytes 7929092
2026-09-28T16:35:12.7038088Z Finished uploading artifact content to blob storage!
2026-09-28T16:35:12.7039852Z SHA256 digest of uploaded artifact zip is 8c9bc3efc11c45573937df902b6ed6cad03fba023073d2b3522a8db4d393725d
2026-09-28T16:35:12.7043104Z Finalizing artifact upload
2026-09-28T16:35:12.9033691Z Artifact finite-37-850dc3538f04ce9efcb3e974fa04992bcb1cb150.zip successfully finalized. Artifact ID 10983798197
2026-09-28T16:35:12.9036805Z Artifact finite-37-850dc3538f04ce9efcb3e974fa04992bcb1cb150 has been successfully uploaded! Final size is 7929092 bytes. Artifact ID is 10983798197
2026-09-28T16:35:12.9042758Z Artifact download URL: https://github.com/proteinfoldingengine/WetLabEngine/actions/runs/36450083481/artifacts/10983798197
2026-09-28T16:35:12.9231931Z Post job cleanup.
2026-09-28T16:35:13.0436120Z (node:2469) [DEP0040] DeprecationWarning: The `punycode` module is deprecated. Please use a userland alternative instead.
2026-09-28T16:35:13.0437330Z (Use `node --trace-deprecation ...` to show where the warning was created)
2026-09-28T16:35:13.0638847Z Post job cleanup.
2026-09-28T16:35:13.1515710Z [command]/usr/bin/git version
2026-09-28T16:35:13.1558695Z git version 2.55.0
2026-09-28T16:35:13.1597967Z Temporarily overriding HOME='/home/runner/work/_temp/62d2312b-5ff6-49db-b55f-7409ae93f158' before making global git config changes
2026-09-28T16:35:13.1599465Z Adding repository directory to the temporary git global config as a safe directory
2026-09-28T16:35:13.1619536Z [command]/usr/bin/git config --global --add safe.directory /home/runner/work/WetLabEngine/WetLabEngine
2026-09-28T16:35:13.1659934Z [command]/usr/bin/git config --local --name-only --get-regexp core\.sshCommand
2026-09-28T16:35:13.1679876Z [command]/usr/bin/git submodule foreach --recursive sh -c "git config --local --name-only --get-regexp 'core\.sshCommand' && git config --local --unset-all 'core.sshCommand' || :"
2026-09-28T16:35:13.1940224Z [command]/usr/bin/git config --local --name-only --get-regexp http\.https\:\/\/github\.com\/\.extraheader
2026-09-28T16:35:13.1972631Z http.https://github.com/.extraheader
2026-09-28T16:35:13.1986193Z [command]/usr/bin/git config --local --unset-all http.https://github.com/.extraheader
2026-09-28T16:35:13.2022693Z [command]/usr/bin/git submodule foreach --recursive sh -c "git config --local --name-only --get-regexp 'http\.https\:\/\/github\.com\/\.extraheader' && git config --local --unset-all 'http.https://github.com/.extraheader' || :"
2026-09-28T16:35:13.2315119Z [command]/usr/bin/git config --local --name-only --get-regexp ^includeIf\.gitdir:
2026-09-28T16:35:13.2358891Z [command]/usr/bin/git submodule foreach --recursive git config --local --show-origin --name-only --get-regexp remote.origin.url
2026-09-28T16:35:13.2829448Z Cleaning up orphan processes
2026-09-28T16:35:13.3182327Z ##[warning]Node.js 20 is deprecated. The following actions target Node.js 20 but are being forced to run on Node.js 24: actions/checkout@11d5960a326750d5838078e36cf38b85af677262, actions/setup-python@a26af69be951a213d495a4c3e4e4022e16d87065, actions/upload-artifact@v4. For more information see: https://github.blog/changelog/2025-09-19-deprecation-of-node-20-on-github-actions-runners/

