candidate=27 precision=50 a=1.0 pair=overlap arm=plane complete
candidate=27 precision=50 a=1.0 pair=overlap arm=isotropic complete
candidate=27 precision=50 a=1.0 pair=disjoint arm=plane complete
candidate=27 precision=50 a=1.0 pair=disjoint arm=isotropic complete
candidate=27 precision=50 a=0.3333333333333333 pair=overlap arm=plane complete
candidate=27 precision=50 a=0.3333333333333333 pair=overlap arm=isotropic complete
candidate=27 precision=50 a=0.3333333333333333 pair=disjoint arm=plane complete
candidate=27 precision=50 a=0.3333333333333333 pair=disjoint arm=isotropic complete
candidate=27 precision=50 a=0.16666666666666666 pair=overlap arm=plane complete
candidate=27 precision=50 a=0.16666666666666666 pair=overlap arm=isotropic complete
candidate=27 precision=50 a=0.16666666666666666 pair=disjoint arm=plane complete
candidate=27 precision=50 a=0.16666666666666666 pair=disjoint arm=isotropic complete
candidate=27 precision=80 a=1.0 pair=overlap arm=plane complete
candidate=27 precision=80 a=1.0 pair=overlap arm=isotropic complete
candidate=27 precision=80 a=1.0 pair=disjoint arm=plane complete
candidate=27 precision=80 a=1.0 pair=disjoint arm=isotropic complete
candidate=27 precision=80 a=0.3333333333333333 pair=overlap arm=plane complete
candidate=27 precision=80 a=0.3333333333333333 pair=overlap arm=isotropic complete
candidate=27 precision=80 a=0.3333333333333333 pair=disjoint arm=plane complete
candidate=27 precision=80 a=0.3333333333333333 pair=disjoint arm=isotropic complete
candidate=27 precision=80 a=0.16666666666666666 pair=overlap arm=plane complete
candidate=27 precision=80 a=0.16666666666666666 pair=overlap arm=isotropic complete
candidate=27 precision=80 a=0.16666666666666666 pair=disjoint arm=plane complete
candidate=27 precision=80 a=0.16666666666666666 pair=disjoint arm=isotropic complete
{"version": "16.03", "candidate_index": 27, "all_valid": true, "verdict": "DISJOINT_CUBIC_RESPONSE_DETECTED", "continuation_verdict": "FINITE_GRID_OVERLAP_RESPONSE_CONFIRMED"}
