test_archive_extracted_binding (__main__.Integrity.test_archive_extracted_binding) ... ok
test_archive_omission (__main__.Integrity.test_archive_omission) ... ok
test_archive_positive (__main__.Integrity.test_archive_positive) ... ok
test_archive_reordering (__main__.Integrity.test_archive_reordering) ... ok
test_archive_substitution (__main__.Integrity.test_archive_substitution) ... ok
test_merge_parent (__main__.Integrity.test_merge_parent) ... ok
test_merge_positive (__main__.Integrity.test_merge_positive) ... ok
test_merge_tree (__main__.Integrity.test_merge_tree) ... ok
test_positive (__main__.Integrity.test_positive) ... ok
test_publication_provenance (__main__.Integrity.test_publication_provenance) ... ok
test_publication_wrong_head (__main__.Integrity.test_publication_wrong_head) ... ok
test_snapshot_duplicate_mapping_json (__main__.Integrity.test_snapshot_duplicate_mapping_json) ... ok
test_snapshot_duplicate_object (__main__.Integrity.test_snapshot_duplicate_object) ... ok
test_snapshot_extra_mapping (__main__.Integrity.test_snapshot_extra_mapping) ... ok
test_snapshot_extra_object (__main__.Integrity.test_snapshot_extra_object) ... ok
test_snapshot_missing_mapping (__main__.Integrity.test_snapshot_missing_mapping) ... ok
test_snapshot_missing_object (__main__.Integrity.test_snapshot_missing_object) ... ok
test_snapshot_positive_dedup (__main__.Integrity.test_snapshot_positive_dedup) ... ok
test_snapshot_renamed_mapping (__main__.Integrity.test_snapshot_renamed_mapping) ... ok
test_snapshot_substitution (__main__.Integrity.test_snapshot_substitution) ... ok
test_snapshot_wrong_format (__main__.Integrity.test_snapshot_wrong_format) ... ok
test_summary_false_universal_claim (__main__.Integrity.test_summary_false_universal_claim) ... ok
test_summary_wrong_outcome (__main__.Integrity.test_summary_wrong_outcome) ... ok
test_wrong_artifact (__main__.Integrity.test_wrong_artifact) ... ok
test_wrong_attempt (__main__.Integrity.test_wrong_attempt) ... ok
test_wrong_branch (__main__.Integrity.test_wrong_branch) ... ok
test_wrong_embedded_sha (__main__.Integrity.test_wrong_embedded_sha) ... ok
test_wrong_head (__main__.Integrity.test_wrong_head) ... ok
test_wrong_parent (__main__.Integrity.test_wrong_parent) ... ok
test_wrong_prereg (__main__.Integrity.test_wrong_prereg) ... ok
test_wrong_workflow (__main__.Integrity.test_wrong_workflow) ... ok
test_zip_digest (__main__.Integrity.test_zip_digest) ... ok
test_zip_traversal (__main__.Integrity.test_zip_traversal) ... ok

----------------------------------------------------------------------
Ran 33 tests in 0.019s

OK
