2026-09-30T19:47:37.6729390Z Current runner version: '2.337.0'
2026-09-30T19:47:37.6750742Z ##[group]Runner Image Provisioner
2026-09-30T19:47:37.6751467Z Hosted Compute Agent
2026-09-30T19:47:37.6752029Z Version: 20260828.587
2026-09-30T19:47:37.6752748Z Commit: abac92662cab4cc7352de4f9f9d2e2419aad9c29
2026-09-30T19:47:37.6753374Z Build Date: 2026-08-28T16:44:25Z
2026-09-30T19:47:37.6753947Z Worker ID: {2dc0f187-cafc-49fb-86db-c0afc17ea356}
2026-09-30T19:47:37.6754572Z Azure Region: westus3
2026-09-30T19:47:37.6755097Z ##[endgroup]
2026-09-30T19:47:37.6756298Z ##[group]Operating System
2026-09-30T19:47:37.6756848Z Ubuntu
2026-09-30T19:47:37.6757296Z 24.04.5
2026-09-30T19:47:37.6757789Z LTS
2026-09-30T19:47:37.6758254Z ##[endgroup]
2026-09-30T19:47:37.6758714Z ##[group]Runner Image
2026-09-30T19:47:37.6759193Z Image: ubuntu-24.04
2026-09-30T19:47:37.6759749Z Version: 20260920.314.1
2026-09-30T19:47:37.6760747Z Included Software: https://github.com/actions/runner-images/blob/ubuntu24/20260920.314/images/ubuntu/Ubuntu2404-Readme.md
2026-09-30T19:47:37.6762051Z Image Release: https://github.com/actions/runner-images/releases/tag/ubuntu24%2F20260920.314
2026-09-30T19:47:37.6762944Z ##[endgroup]
2026-09-30T19:47:37.6763943Z ##[group]GITHUB_TOKEN Permissions
2026-09-30T19:47:37.6765549Z Contents: read
2026-09-30T19:47:37.6766049Z Metadata: read
2026-09-30T19:47:37.6766502Z ##[endgroup]
2026-09-30T19:47:37.6768305Z Secret source: Actions
2026-09-30T19:47:37.6769079Z Cache mode: write
2026-09-30T19:47:37.6769736Z Prepare workflow directory
2026-09-30T19:47:37.7055799Z Prepare all required actions
2026-09-30T19:47:37.7111448Z Getting action download info
2026-09-30T19:47:38.0379200Z Download action repository 'actions/checkout@11d5960a326750d5838078e36cf38b85af677262' (SHA:11d5960a326750d5838078e36cf38b85af677262)
2026-09-30T19:47:38.1149413Z Download action repository 'actions/setup-python@a26af69be951a213d495a4c3e4e4022e16d87065' (SHA:a26af69be951a213d495a4c3e4e4022e16d87065)
2026-09-30T19:47:38.2383454Z Download action repository 'actions/upload-artifact@ea165f8d65b6e75b540449e92b4886f43607fa02' (SHA:ea165f8d65b6e75b540449e92b4886f43607fa02)
2026-09-30T19:47:38.4746445Z Complete job name: post_merge
2026-09-30T19:47:38.5343559Z ##[group]Run actions/checkout@11d5960a326750d5838078e36cf38b85af677262
2026-09-30T19:47:38.5344379Z with:
2026-09-30T19:47:38.5344724Z   fetch-depth: 64
2026-09-30T19:47:38.5345131Z   repository: proteinfoldingengine/WetLabEngine
2026-09-30T19:47:38.5348422Z   token: ***
2026-09-30T19:47:38.5348769Z   ssh-strict: true
2026-09-30T19:47:38.5349117Z   ssh-user: git
2026-09-30T19:47:38.5349473Z   persist-credentials: true
2026-09-30T19:47:38.5349858Z   clean: true
2026-09-30T19:47:38.5350210Z   sparse-checkout-cone-mode: true
2026-09-30T19:47:38.5350615Z   fetch-tags: false
2026-09-30T19:47:38.5350965Z   show-progress: true
2026-09-30T19:47:38.5351310Z   lfs: false
2026-09-30T19:47:38.5351642Z   submodules: false
2026-09-30T19:47:38.5351991Z   set-safe-directory: true
2026-09-30T19:47:38.5352384Z   allow-unsafe-pr-checkout: false
2026-09-30T19:47:38.5353318Z ##[endgroup]
2026-09-30T19:47:38.6179929Z Syncing repository: proteinfoldingengine/WetLabEngine
2026-09-30T19:47:38.6181452Z ##[group]Getting Git version info
2026-09-30T19:47:38.6182046Z Working directory is '/home/runner/work/WetLabEngine/WetLabEngine'
2026-09-30T19:47:38.6183117Z [command]/usr/bin/git version
2026-09-30T19:47:38.6626211Z git version 2.55.0
2026-09-30T19:47:38.6655170Z ##[endgroup]
2026-09-30T19:47:38.6661285Z Temporarily overriding HOME='/home/runner/work/_temp/9c4ff963-2723-4906-9ec7-40fe5539fb66' before making global git config changes
2026-09-30T19:47:38.6662365Z Adding repository directory to the temporary git global config as a safe directory
2026-09-30T19:47:38.6667119Z [command]/usr/bin/git config --global --add safe.directory /home/runner/work/WetLabEngine/WetLabEngine
2026-09-30T19:47:38.6715620Z Deleting the contents of '/home/runner/work/WetLabEngine/WetLabEngine'
2026-09-30T19:47:38.6723361Z ##[group]Initializing the repository
2026-09-30T19:47:38.6730791Z [command]/usr/bin/git init /home/runner/work/WetLabEngine/WetLabEngine
2026-09-30T19:47:38.6826039Z hint: Using 'master' as the name for the initial branch. This default branch name
2026-09-30T19:47:38.6826915Z hint: will change to "main" in Git 3.0. To configure the initial branch name
2026-09-30T19:47:38.6827636Z hint: to use in all of your new repositories, which will suppress this warning,
2026-09-30T19:47:38.6828195Z hint: call:
2026-09-30T19:47:38.6828717Z hint:
2026-09-30T19:47:38.6829145Z hint: 	git config --global init.defaultBranch <name>
2026-09-30T19:47:38.6829639Z hint:
2026-09-30T19:47:38.6830093Z hint: Names commonly chosen instead of 'master' are 'main', 'trunk' and
2026-09-30T19:47:38.6830807Z hint: 'development'. The just-created branch can be renamed via this command:
2026-09-30T19:47:38.6831382Z hint:
2026-09-30T19:47:38.6831711Z hint: 	git branch -m <name>
2026-09-30T19:47:38.6832079Z hint:
2026-09-30T19:47:38.6832721Z hint: Disable this message with "git config set advice.defaultBranchName false"
2026-09-30T19:47:38.6837249Z Initialized empty Git repository in /home/runner/work/WetLabEngine/WetLabEngine/.git/
2026-09-30T19:47:38.6845355Z [command]/usr/bin/git remote add origin https://github.com/proteinfoldingengine/WetLabEngine
2026-09-30T19:47:38.6896960Z ##[endgroup]
2026-09-30T19:47:38.6897580Z ##[group]Disabling automatic garbage collection
2026-09-30T19:47:38.6899865Z [command]/usr/bin/git config --local gc.auto 0
2026-09-30T19:47:38.6928877Z ##[endgroup]
2026-09-30T19:47:38.6929466Z ##[group]Setting up auth
2026-09-30T19:47:38.6934123Z [command]/usr/bin/git config --local --name-only --get-regexp core\.sshCommand
2026-09-30T19:47:38.6962036Z [command]/usr/bin/git submodule foreach --recursive sh -c "git config --local --name-only --get-regexp 'core\.sshCommand' && git config --local --unset-all 'core.sshCommand' || :"
2026-09-30T19:47:38.7368485Z [command]/usr/bin/git config --local --name-only --get-regexp http\.https\:\/\/github\.com\/\.extraheader
2026-09-30T19:47:38.7407201Z [command]/usr/bin/git submodule foreach --recursive sh -c "git config --local --name-only --get-regexp 'http\.https\:\/\/github\.com\/\.extraheader' && git config --local --unset-all 'http.https://github.com/.extraheader' || :"
2026-09-30T19:47:38.7611660Z [command]/usr/bin/git config --local --name-only --get-regexp ^includeIf\.gitdir:
2026-09-30T19:47:38.7648359Z [command]/usr/bin/git submodule foreach --recursive git config --local --show-origin --name-only --get-regexp remote.origin.url
2026-09-30T19:47:38.7845367Z [command]/usr/bin/git config --local http.https://github.com/.extraheader AUTHORIZATION: basic ***
2026-09-30T19:47:38.7879439Z ##[endgroup]
2026-09-30T19:47:38.7880385Z ##[group]Fetching the repository
2026-09-30T19:47:38.7888399Z [command]/usr/bin/git -c protocol.version=2 fetch --no-tags --prune --no-recurse-submodules --depth=64 origin +e789ce42bac28e084a4f0264180b738534d69923:refs/remotes/origin/research/v16.34-fiber-component-invariant
2026-09-30T19:47:54.1498127Z From https://github.com/proteinfoldingengine/WetLabEngine
2026-09-30T19:47:54.1500334Z  * [new ref]         e789ce42bac28e084a4f0264180b738534d69923 -> origin/research/v16.34-fiber-component-invariant
2026-09-30T19:47:54.1507439Z ##[endgroup]
2026-09-30T19:47:54.1508727Z ##[group]Determining the checkout info
2026-09-30T19:47:54.1515856Z ##[endgroup]
2026-09-30T19:47:54.1516653Z [command]/usr/bin/git sparse-checkout disable
2026-09-30T19:47:54.1555947Z [command]/usr/bin/git config --local --unset-all extensions.worktreeConfig
2026-09-30T19:47:54.1583952Z ##[group]Checking out the ref
2026-09-30T19:47:54.1593621Z [command]/usr/bin/git checkout --progress --force -B research/v16.34-fiber-component-invariant refs/remotes/origin/research/v16.34-fiber-component-invariant
2026-09-30T19:47:55.2004155Z Updating files:  60% (3372/5619)
2026-09-30T19:47:55.2023388Z Updating files:  61% (3428/5619)
2026-09-30T19:47:55.2040152Z Updating files:  62% (3484/5619)
2026-09-30T19:47:55.2156549Z Updating files:  63% (3540/5619)
2026-09-30T19:47:55.2246939Z Updating files:  64% (3597/5619)
2026-09-30T19:47:55.2380000Z Updating files:  65% (3653/5619)
2026-09-30T19:47:55.2448643Z Updating files:  66% (3709/5619)
2026-09-30T19:47:55.2472122Z Updating files:  67% (3765/5619)
2026-09-30T19:47:55.2832109Z Updating files:  68% (3821/5619)
2026-09-30T19:47:55.4221674Z Updating files:  69% (3878/5619)
2026-09-30T19:47:55.5421057Z Updating files:  70% (3934/5619)
2026-09-30T19:47:55.6132337Z Updating files:  71% (3990/5619)
2026-09-30T19:47:55.7398285Z Updating files:  72% (4046/5619)
2026-09-30T19:47:55.8038790Z Updating files:  73% (4102/5619)
2026-09-30T19:47:55.8321513Z Updating files:  74% (4159/5619)
2026-09-30T19:47:55.8713037Z Updating files:  75% (4215/5619)
2026-09-30T19:47:55.8777540Z Updating files:  76% (4271/5619)
2026-09-30T19:47:55.9185099Z Updating files:  77% (4327/5619)
2026-09-30T19:47:55.9221559Z Updating files:  78% (4383/5619)
2026-09-30T19:47:55.9249048Z Updating files:  79% (4440/5619)
2026-09-30T19:47:55.9274932Z Updating files:  80% (4496/5619)
2026-09-30T19:47:55.9302162Z Updating files:  81% (4552/5619)
2026-09-30T19:47:55.9329284Z Updating files:  82% (4608/5619)
2026-09-30T19:47:55.9355784Z Updating files:  83% (4664/5619)
2026-09-30T19:47:55.9382547Z Updating files:  84% (4720/5619)
2026-09-30T19:47:55.9400359Z Updating files:  85% (4777/5619)
2026-09-30T19:47:55.9532688Z Updating files:  86% (4833/5619)
2026-09-30T19:47:56.1887083Z Updating files:  87% (4889/5619)
2026-09-30T19:47:56.2604356Z Updating files:  87% (4936/5619)
2026-09-30T19:47:56.2682800Z Updating files:  88% (4945/5619)
2026-09-30T19:47:56.2908537Z Updating files:  89% (5001/5619)
2026-09-30T19:47:56.3111286Z Updating files:  90% (5058/5619)
2026-09-30T19:47:56.3235318Z Updating files:  91% (5114/5619)
2026-09-30T19:47:56.3469546Z Updating files:  92% (5170/5619)
2026-09-30T19:47:56.3891538Z Updating files:  93% (5226/5619)
2026-09-30T19:47:56.3937998Z Updating files:  94% (5282/5619)
2026-09-30T19:47:56.3985506Z Updating files:  95% (5339/5619)
2026-09-30T19:47:56.4074830Z Updating files:  96% (5395/5619)
2026-09-30T19:47:56.4117399Z Updating files:  97% (5451/5619)
2026-09-30T19:47:56.4235616Z Updating files:  98% (5507/5619)
2026-09-30T19:47:56.4272030Z Updating files:  99% (5563/5619)
2026-09-30T19:47:56.4272649Z Updating files: 100% (5619/5619)
2026-09-30T19:47:56.4272981Z Updating files: 100% (5619/5619), done.
2026-09-30T19:47:56.4334415Z Switched to a new branch 'research/v16.34-fiber-component-invariant'
2026-09-30T19:47:56.4340084Z branch 'research/v16.34-fiber-component-invariant' set up to track 'origin/research/v16.34-fiber-component-invariant'.
2026-09-30T19:47:56.4430249Z ##[endgroup]
2026-09-30T19:47:56.4479824Z [command]/usr/bin/git log -1 --format=%H
2026-09-30T19:47:56.4505682Z e789ce42bac28e084a4f0264180b738534d69923
2026-09-30T19:47:56.4774729Z ##[group]Run actions/setup-python@a26af69be951a213d495a4c3e4e4022e16d87065
2026-09-30T19:47:56.4775052Z with:
2026-09-30T19:47:56.4775221Z   python-version: 3.11
2026-09-30T19:47:56.4775422Z   check-latest: false
2026-09-30T19:47:56.4777499Z   token: ***
2026-09-30T19:47:56.4777706Z   update-environment: true
2026-09-30T19:47:56.4777910Z   allow-prereleases: false
2026-09-30T19:47:56.4778098Z   freethreaded: false
2026-09-30T19:47:56.4778278Z ##[endgroup]
2026-09-30T19:47:56.5804898Z ##[group]Installed versions
2026-09-30T19:47:56.5878606Z (node:2045) [DEP0040] DeprecationWarning: The `punycode` module is deprecated. Please use a userland alternative instead.
2026-09-30T19:47:56.5879418Z (Use `node --trace-deprecation ...` to show where the warning was created)
2026-09-30T19:47:56.5879993Z Successfully set up CPython (3.11.16)
2026-09-30T19:47:56.5880453Z ##[endgroup]
2026-09-30T19:47:56.6041703Z ##[group]Run python -m pip install sympy==1.13.3 mpmath==1.3.0
2026-09-30T19:47:56.6042146Z [36;1mpython -m pip install sympy==1.13.3 mpmath==1.3.0[0m
2026-09-30T19:47:56.6293943Z shell: /usr/bin/bash -e {0}
2026-09-30T19:47:56.6294217Z env:
2026-09-30T19:47:56.6294473Z   pythonLocation: /opt/hostedtoolcache/Python/3.11.16/x64
2026-09-30T19:47:56.6295129Z   PKG_CONFIG_PATH: /opt/hostedtoolcache/Python/3.11.16/x64/lib/pkgconfig
2026-09-30T19:47:56.6295477Z   Python_ROOT_DIR: /opt/hostedtoolcache/Python/3.11.16/x64
2026-09-30T19:47:56.6295784Z   Python2_ROOT_DIR: /opt/hostedtoolcache/Python/3.11.16/x64
2026-09-30T19:47:56.6296104Z   Python3_ROOT_DIR: /opt/hostedtoolcache/Python/3.11.16/x64
2026-09-30T19:47:56.6296402Z   LD_LIBRARY_PATH: /opt/hostedtoolcache/Python/3.11.16/x64/lib
2026-09-30T19:47:56.6296659Z ##[endgroup]
2026-09-30T19:48:00.0469983Z Collecting sympy==1.13.3
2026-09-30T19:48:00.1114888Z   Downloading sympy-1.13.3-py3-none-any.whl.metadata (12 kB)
2026-09-30T19:48:00.1323066Z Collecting mpmath==1.3.0
2026-09-30T19:48:00.1421936Z   Downloading mpmath-1.3.0-py3-none-any.whl.metadata (8.6 kB)
2026-09-30T19:48:00.1723113Z Downloading sympy-1.13.3-py3-none-any.whl (6.2 MB)
2026-09-30T19:48:00.3006642Z    ━━━━━━━━━━━━━━━━━━━━━━━━━━━━━━━━━━━━━━━━ 6.2/6.2 MB 58.4 MB/s  0:00:00
2026-09-30T19:48:00.3110812Z Downloading mpmath-1.3.0-py3-none-any.whl (536 kB)
2026-09-30T19:48:00.3148212Z    ━━━━━━━━━━━━━━━━━━━━━━━━━━━━━━━━━━━━━━━━ 536.2/536.2 kB 130.0 MB/s  0:00:00
2026-09-30T19:48:00.5646092Z Installing collected packages: mpmath, sympy
2026-09-30T19:48:04.7824934Z 
2026-09-30T19:48:04.7832023Z Successfully installed mpmath-1.3.0 sympy-1.13.3
2026-09-30T19:48:04.8268972Z ##[group]Run set -euo pipefail
2026-09-30T19:48:04.8269255Z [36;1mset -euo pipefail[0m
2026-09-30T19:48:04.8269491Z [36;1mtest "$(git rev-parse HEAD)" = "$GITHUB_SHA"[0m
2026-09-30T19:48:04.8269804Z [36;1mD=ResearchHistory/UQCF-GEM/demos/v16.39-theorem-validation[0m
2026-09-30T19:48:04.8270097Z [36;1mmkdir -p out/merge/logs[0m
2026-09-30T19:48:04.8270401Z [36;1mpython "$D/publication.py" verify 2>&1 | tee out/merge/logs/manifest.log[0m
2026-09-30T19:48:04.8270778Z [36;1mpython "$D/test_gate.py" 2>&1 | tee out/merge/logs/tests.log[0m
2026-09-30T19:48:04.8271178Z [36;1mpython "$D/run_campaign.py" out/merge/scientific 2>&1 | tee out/merge/logs/science.log[0m
2026-09-30T19:48:04.8271685Z [36;1mpython "$D/publication.py" equal "$D/evidence/science/scientific" out/merge/scientific[0m
2026-09-30T19:48:04.8272102Z [36;1mpython "$D/run_inherited.py" 2>&1 | tee out/merge/logs/inherited.log[0m
2026-09-30T19:48:04.8272733Z [36;1mPHASE=post_merge python "$D/evidence.py" package out/merge[0m
2026-09-30T19:48:04.8331260Z shell: /usr/bin/bash -e {0}
2026-09-30T19:48:04.8331470Z env:
2026-09-30T19:48:04.8331695Z   pythonLocation: /opt/hostedtoolcache/Python/3.11.16/x64
2026-09-30T19:48:04.8332043Z   PKG_CONFIG_PATH: /opt/hostedtoolcache/Python/3.11.16/x64/lib/pkgconfig
2026-09-30T19:48:04.8332389Z   Python_ROOT_DIR: /opt/hostedtoolcache/Python/3.11.16/x64
2026-09-30T19:48:04.8332850Z   Python2_ROOT_DIR: /opt/hostedtoolcache/Python/3.11.16/x64
2026-09-30T19:48:04.8333158Z   Python3_ROOT_DIR: /opt/hostedtoolcache/Python/3.11.16/x64
2026-09-30T19:48:04.8333453Z   LD_LIBRARY_PATH: /opt/hostedtoolcache/Python/3.11.16/x64/lib
2026-09-30T19:48:04.8333714Z ##[endgroup]
2026-09-30T19:48:05.1054204Z {"publication_manifest": "VERIFIED", "members": 54}
2026-09-30T19:48:05.5240457Z test_duplicate_record (__main__.Certificate.test_duplicate_record) ... ok
2026-09-30T19:48:05.5262289Z test_false_failed_coordinate_cut (__main__.Certificate.test_false_failed_coordinate_cut) ... ok
2026-09-30T19:48:05.5267387Z test_false_positive_endpoint_full (__main__.Certificate.test_false_positive_endpoint_full) ... ok
2026-09-30T19:48:05.5271609Z test_false_positive_sc (__main__.Certificate.test_false_positive_sc) ... ok
2026-09-30T19:48:05.5275276Z test_false_sc (__main__.Certificate.test_false_sc) ... ok
2026-09-30T19:48:05.5296765Z test_false_successful_coordinate (__main__.Certificate.test_false_successful_coordinate) ... ok
2026-09-30T19:48:05.5342630Z test_false_summary (__main__.Certificate.test_false_summary) ... ok
2026-09-30T19:48:05.5388229Z test_false_verdict (__main__.Certificate.test_false_verdict) ... ok
2026-09-30T19:48:05.5413118Z test_missing_field (__main__.Certificate.test_missing_field) ... ok
2026-09-30T19:48:05.5414096Z test_missing_record (__main__.Certificate.test_missing_record) ... ok
2026-09-30T19:48:05.5774900Z test_obstruction_records_verified (__main__.Certificate.test_obstruction_records_verified) ... ok
2026-09-30T19:48:05.5777982Z test_same_count_substitution (__main__.Certificate.test_same_count_substitution) ... ok
2026-09-30T19:48:05.5826245Z test_valid_complete_records (__main__.Certificate.test_valid_complete_records) ... ok
2026-09-30T19:48:05.5828513Z test_wrong_schema (__main__.Certificate.test_wrong_schema) ... ok
2026-09-30T19:48:05.5830463Z test_known_child_deficit_path (__main__.Construction.test_known_child_deficit_path) ... ok
2026-09-30T19:48:05.5832896Z test_known_parent_deficit_path (__main__.Construction.test_known_parent_deficit_path) ... ok
2026-09-30T19:48:05.5833687Z test_obstruction_classification (__main__.Construction.test_obstruction_classification) ... ok
2026-09-30T19:48:05.5836989Z test_palette_change_and_shrink (__main__.Construction.test_palette_change_and_shrink) ... ok
2026-09-30T19:48:05.5838073Z test_reject_false_zero_normalization (__main__.Construction.test_reject_false_zero_normalization) ... ok
2026-09-30T19:48:05.5838817Z test_reject_illegal_jump (__main__.Construction.test_reject_illegal_jump) ... ok
2026-09-30T19:48:05.5840007Z test_reject_two_simultaneous_deviations (__main__.Construction.test_reject_two_simultaneous_deviations) ... ok
2026-09-30T19:48:05.5840720Z test_reject_wrong_endpoint (__main__.Construction.test_reject_wrong_endpoint) ... ok
2026-09-30T19:48:05.5842642Z test_subtree_lifting (__main__.Construction.test_subtree_lifting) ... ok
2026-09-30T19:48:05.5844579Z test_two_view_swap (__main__.Construction.test_two_view_swap) ... ok
2026-09-30T19:48:05.6033572Z test_current_stage_provenance_accepts (__main__.Provenance.test_current_stage_provenance_accepts) ... ok
2026-09-30T19:48:05.6082657Z test_repeat_publication_replaces_reproduction (__main__.Provenance.test_repeat_publication_replaces_reproduction) ... ok
2026-09-30T19:48:05.6083785Z test_source_membership_and_hash_rejected (__main__.Provenance.test_source_membership_and_hash_rejected) ... ok
2026-09-30T19:48:05.6086482Z test_stage_and_metadata_substitution_rejected (__main__.Provenance.test_stage_and_metadata_substitution_rejected) ... ok
2026-09-30T19:48:05.6087052Z 
2026-09-30T19:48:05.6087372Z ----------------------------------------------------------------------
2026-09-30T19:48:05.6103213Z Ran 28 tests in 0.318s
2026-09-30T19:48:05.6103417Z 
2026-09-30T19:48:05.6103514Z OK
2026-09-30T19:48:07.2809100Z PRODUCTION_COMPLETE
2026-09-30T19:49:36.1751163Z {"bound": 6, "campaign": "16.38", "certificate_schema": "inherited-v16.37", "outcome": "BOUNDED_UNIT_ONLY", "raw_bytes": 4730672, "raw_sha256": "6739fe31fe9e19de6a7e1ac52f7fdbc4b882db7cf2f6b5edd177305d18f7803e", "summary": {"component_pairs": 244, "endpoint_pairs": 1497, "graphs": 111, "nonunit_pairs": 0, "objective_distinctions": 0, "states": 52907}, "universal_unit_law": "UNRESOLVED"}
2026-09-30T19:49:36.3420550Z PARENT_SCIENTIFIC_BYTES_IDENTICAL
2026-09-30T19:49:38.5628544Z {"campaign": "16.39", "obstruction_outcome": "ALL_OBSTRUCTION_PAIRS_STATIC_SUFFICIENT", "outcome": "THEOREM_CONSTRUCTION_VALIDATED_WITHIN_DOMAIN", "raw_bytes": 4816609, "raw_sha256": "8e0d939a2c82a119463d0101d2da9410e7ab91994e336fdafad4025c119cb952", "summary": {"component_pairs": 244, "endpoint_only_pairs": 0, "endpoint_pairs": 1497, "graphs": 111, "moving_required_pairs": 0, "obstruction_pairs": 78, "sc_pairs": 166, "static_sufficient_pairs": 78}, "universal_unit_law": "UNRESOLVED"}
2026-09-30T19:49:38.6260608Z SCIENTIFIC_BYTES_IDENTICAL
2026-09-30T19:49:41.0346529Z {"outcome":"BOUNDED_UNIT_ONLY","raw_bytes":446574,"raw_sha256":"932b8a88a2fa1a15e5428f99564ae161cad9712468c929cb210e710820a715f0","summary":{"component_pairs":69,"endpoint_pairs":77,"graphs":51,"nonunit_pairs":0,"objective_distinctions":0,"states":6325},"universal_unit_law":"UNRESOLVED"}
2026-09-30T19:49:41.0347842Z 
2026-09-30T19:49:41.0409300Z PARENT_SCIENTIFIC_BYTES_IDENTICAL
2026-09-30T19:49:41.0831358Z test_changed_edges_rejected (__main__.Extension.test_changed_edges_rejected) ... ok
2026-09-30T19:49:41.0833069Z test_duplicate_graph_rejected (__main__.Extension.test_duplicate_graph_rejected) ... ok
2026-09-30T19:49:41.0833890Z test_identical_parent_accepted (__main__.Extension.test_identical_parent_accepted) ... ok
2026-09-30T19:49:41.0835064Z test_missing_graph_rejected (__main__.Extension.test_missing_graph_rejected) ... ok
2026-09-30T19:49:41.0836546Z test_reordered_graphs_accepted (__main__.Extension.test_reordered_graphs_accepted) ... ok
2026-09-30T19:49:41.0838088Z test_same_count_substitution_rejected (__main__.Extension.test_same_count_substitution_rejected) ... ok
2026-09-30T19:49:41.0838814Z test_six_vertex_domain (__main__.Extension.test_six_vertex_domain) ... ok
2026-09-30T19:49:41.0839554Z test_wrong_campaign_domain_rejected (__main__.Extension.test_wrong_campaign_domain_rejected) ... ok
2026-09-30T19:49:41.0840025Z 
2026-09-30T19:49:41.0840305Z ----------------------------------------------------------------------
2026-09-30T19:49:41.0842580Z Ran 8 tests in 0.001s
2026-09-30T19:49:41.0842983Z 
2026-09-30T19:49:41.0843166Z OK
2026-09-30T19:49:41.1307197Z test_changed_historical_value_rejected (__main__.Gates.test_changed_historical_value_rejected) ... ok
2026-09-30T19:49:41.1326941Z test_constructive_small_universe (__main__.Gates.test_constructive_small_universe) ... ok
2026-09-30T19:49:41.1335852Z test_duplicate_graph (__main__.Gates.test_duplicate_graph) ... ok
2026-09-30T19:49:41.1347394Z test_duplicate_pair (__main__.Gates.test_duplicate_pair) ... ok
2026-09-30T19:49:41.1372749Z test_false_endpoint_count (__main__.Gates.test_false_endpoint_count) ... ok
2026-09-30T19:49:41.1385097Z test_false_lower_threshold_cut (__main__.Gates.test_false_lower_threshold_cut) ... ok
2026-09-30T19:49:41.1391183Z test_float_certificate_rejected (__main__.Gates.test_float_certificate_rejected) ... ok
2026-09-30T19:49:41.1403784Z test_illegal_path (__main__.Gates.test_illegal_path) ... ok
2026-09-30T19:49:41.1404976Z test_lex_label_loss_control (__main__.Gates.test_lex_label_loss_control) ... ok
2026-09-30T19:49:41.1413702Z test_missing_graph (__main__.Gates.test_missing_graph) ... ok
2026-09-30T19:49:41.1424864Z test_missing_pair (__main__.Gates.test_missing_pair) ... ok
2026-09-30T19:49:41.1431913Z test_missing_required_field (__main__.Gates.test_missing_required_field) ... ok
2026-09-30T19:49:41.1459528Z test_missing_state (__main__.Gates.test_missing_state) ... ok
2026-09-30T19:49:41.2587287Z test_pair_order_accepted (__main__.Gates.test_pair_order_accepted) ... ok
2026-09-30T19:49:41.2595828Z test_same_count_substitution (__main__.Gates.test_same_count_substitution) ... ok
2026-09-30T19:49:41.2603555Z test_scalar_versus_lex_objective (__main__.Gates.test_scalar_versus_lex_objective) ... ok
2026-09-30T19:49:41.3006905Z test_shape_enumerators (__main__.Gates.test_shape_enumerators) ... ok
2026-09-30T19:49:41.3034067Z test_valid_graph_order (__main__.Gates.test_valid_graph_order) ... ok
2026-09-30T19:49:41.3045967Z test_wrong_barrier (__main__.Gates.test_wrong_barrier) ... ok
2026-09-30T19:49:41.3053343Z test_wrong_domain (__main__.Gates.test_wrong_domain) ... ok
2026-09-30T19:49:41.3061452Z test_wrong_q (__main__.Gates.test_wrong_q) ... ok
2026-09-30T19:49:41.3072964Z test_wrong_representative (__main__.Gates.test_wrong_representative) ... ok
2026-09-30T19:49:41.3097488Z test_wrong_verdict (__main__.Gates.test_wrong_verdict) ... ok
2026-09-30T19:49:41.3282937Z test_bound_provenance_accepts (__main__.Provenance.test_bound_provenance_accepts) ... ok
2026-09-30T19:49:41.3283593Z test_changed_and_omitted_source_rejected (__main__.Provenance.test_changed_and_omitted_source_rejected) ... ok
2026-09-30T19:49:41.3284584Z test_false_provenance_rejected (__main__.Provenance.test_false_provenance_rejected) ... ok
2026-09-30T19:49:41.3285043Z 
2026-09-30T19:49:41.3285196Z ----------------------------------------------------------------------
2026-09-30T19:49:41.3285474Z Ran 26 tests in 0.209s
2026-09-30T19:49:41.3285802Z 
2026-09-30T19:49:41.3285868Z OK
2026-09-30T19:49:58.2959475Z test_complete_small (__main__.T.test_complete_small) ... ok
2026-09-30T19:50:08.3705568Z test_extra_duplicate_pair_rejected (__main__.T.test_extra_duplicate_pair_rejected) ... ok
2026-09-30T19:50:18.5068086Z test_false_barrier_rejected (__main__.T.test_false_barrier_rejected) ... ok
2026-09-30T19:50:35.6002996Z test_false_extension_count_rejected (__main__.T.test_false_extension_count_rejected) ... ok
2026-09-30T19:50:45.7168003Z test_false_gate_d_rejected (__main__.T.test_false_gate_d_rejected) ... ok
2026-09-30T19:50:55.7668037Z test_false_group_count_rejected (__main__.T.test_false_group_count_rejected) ... ok
2026-09-30T19:51:05.7413279Z test_false_signature_rejected (__main__.T.test_false_signature_rejected) ... ok
2026-09-30T19:51:23.2185454Z test_false_ultrametric_count_rejected (__main__.T.test_false_ultrametric_count_rejected) ... ok
2026-09-30T19:51:40.0805761Z test_hidden_exclusion_rejected (__main__.T.test_hidden_exclusion_rejected) ... ok
2026-09-30T19:51:50.2563732Z test_missing_gate_rejected (__main__.T.test_missing_gate_rejected) ... ok
2026-09-30T19:52:00.2932000Z test_omitted_valid_pair_rejected (__main__.T.test_omitted_valid_pair_rejected) ... ok
2026-09-30T19:52:13.1426711Z test_substituted_pair_rejected (__main__.T.test_substituted_pair_rejected) ... ok
2026-09-30T19:52:13.1428064Z 
2026-09-30T19:52:13.1428384Z ----------------------------------------------------------------------
2026-09-30T19:52:13.1428768Z Ran 12 tests in 151.776s
2026-09-30T19:52:13.1428979Z 
2026-09-30T19:52:13.1429072Z OK
2026-09-30T19:52:13.2054751Z test_bad_alternative_minimax_rejected (__main__.T.test_bad_alternative_minimax_rejected) ... ok
2026-09-30T19:52:13.2165799Z test_bad_path_certificate_rejected (__main__.T.test_bad_path_certificate_rejected) ... ok
2026-09-30T19:52:13.2328136Z test_complete_small (__main__.T.test_complete_small) ... ok
2026-09-30T19:52:13.2483317Z test_corrupt_component_range_rejected (__main__.T.test_corrupt_component_range_rejected) ... ok
2026-09-30T19:52:13.2595418Z test_corrupt_localization_rejected (__main__.T.test_corrupt_localization_rejected) ... ok
2026-09-30T19:52:13.2706986Z test_false_bulk_count_rejected (__main__.T.test_false_bulk_count_rejected) ... ok
2026-09-30T19:52:13.2873104Z test_false_compulsory_coordinate_rejected (__main__.T.test_false_compulsory_coordinate_rejected) ... ok
2026-09-30T19:52:13.3030968Z test_false_gate_c_rejected (__main__.T.test_false_gate_c_rejected) ... ok
2026-09-30T19:52:13.3184963Z test_false_gate_d_rejected (__main__.T.test_false_gate_d_rejected) ... ok
2026-09-30T19:52:13.3349610Z test_false_gate_e_classification_rejected (__main__.T.test_false_gate_e_classification_rejected) ... ok
2026-09-30T19:52:13.3514524Z test_false_gate_e_rejected (__main__.T.test_false_gate_e_rejected) ... ok
2026-09-30T19:52:13.3680369Z test_false_possible_coordinate_rejected (__main__.T.test_false_possible_coordinate_rejected) ... ok
2026-09-30T19:52:13.3791335Z test_false_zero_rejected (__main__.T.test_false_zero_rejected) ... ok
2026-09-30T19:52:13.3857241Z test_missing_gate_adjudication_rejected (__main__.T.test_missing_gate_adjudication_rejected) ... ok
2026-09-30T19:52:13.3964589Z test_omitted_positive_pair_rejected (__main__.T.test_omitted_positive_pair_rejected) ... ok
2026-09-30T19:52:13.4130663Z test_positive_witness (__main__.T.test_positive_witness) ... ok
2026-09-30T19:52:13.4131050Z 
2026-09-30T19:52:13.4131414Z ----------------------------------------------------------------------
2026-09-30T19:52:13.4131824Z Ran 16 tests in 0.234s
2026-09-30T19:52:13.4131991Z 
2026-09-30T19:52:13.4132082Z OK
2026-09-30T19:52:13.4630898Z test_complete_small (__main__.T.test_complete_small) ... ok
2026-09-30T19:52:13.4722559Z test_connectivity_not_trusted (__main__.T.test_connectivity_not_trusted) ... ok
2026-09-30T19:52:13.4723616Z test_minimum_cover_exact_control (__main__.T.test_minimum_cover_exact_control) ... ok
2026-09-30T19:52:13.4724486Z test_omitted_minimum_cover_rejected (__main__.T.test_omitted_minimum_cover_rejected) ... ok
2026-09-30T19:52:13.4725217Z 
2026-09-30T19:52:13.4725392Z ----------------------------------------------------------------------
2026-09-30T19:52:13.4725767Z Ran 4 tests in 0.024s
2026-09-30T19:52:13.4725881Z 
2026-09-30T19:52:13.4725953Z OK
2026-09-30T19:52:13.5136124Z test_changed_tau_move_rejected_as_invisible (__main__.T.test_changed_tau_move_rejected_as_invisible) ... ok
2026-09-30T19:52:13.5257769Z test_complete_small (__main__.T.test_complete_small) ... ok
2026-09-30T19:52:13.5265762Z test_fake_unique_minimum_rejected (__main__.T.test_fake_unique_minimum_rejected) ... ok
2026-09-30T19:52:13.5266981Z test_invisible_and_visible_controls (__main__.T.test_invisible_and_visible_controls) ... ok
2026-09-30T19:52:13.5349890Z test_verifier_rejects_false_bulk_counts (__main__.T.test_verifier_rejects_false_bulk_counts) ... ok
2026-09-30T19:52:13.5431365Z test_verifier_rejects_false_connectivity (__main__.T.test_verifier_rejects_false_connectivity) ... ok
2026-09-30T19:52:13.5511911Z test_verifier_rejects_missing_class (__main__.T.test_verifier_rejects_missing_class) ... ok
2026-09-30T19:52:13.5593682Z test_verifier_rejects_omitted_member (__main__.T.test_verifier_rejects_omitted_member) ... ok
2026-09-30T19:52:13.5594157Z 
2026-09-30T19:52:13.5594631Z ----------------------------------------------------------------------
2026-09-30T19:52:13.5595022Z Ran 8 tests in 0.052s
2026-09-30T19:52:13.5595176Z 
2026-09-30T19:52:13.5595261Z OK
2026-09-30T19:52:13.6039173Z test_actual_collision_if_claimed (__main__.Tests.test_actual_collision_if_claimed) ... ok
2026-09-30T19:52:13.6040662Z test_changed_interval_rejected (__main__.Tests.test_changed_interval_rejected) ... ok
2026-09-30T19:52:13.6041417Z test_coarse_checker_collision (__main__.Tests.test_coarse_checker_collision) ... ok
2026-09-30T19:52:13.6043612Z test_fabricated_collision_rejected (__main__.Tests.test_fabricated_collision_rejected) ... ok
2026-09-30T19:52:13.6045413Z test_signature_must_not_contain_state_mask (__main__.Tests.test_signature_must_not_contain_state_mask) ... ok
2026-09-30T19:52:13.6045994Z 
2026-09-30T19:52:13.6046169Z ----------------------------------------------------------------------
2026-09-30T19:52:13.6046577Z Ran 5 tests in 0.010s
2026-09-30T19:52:13.6046734Z 
2026-09-30T19:52:13.6046826Z OK
2026-09-30T19:52:13.6527021Z test_actual_relabeling_and_view_storage (__main__.Tests.test_actual_relabeling_and_view_storage) ... ok
2026-09-30T19:52:13.6530034Z test_boolean_profile (__main__.Tests.test_boolean_profile) ... ok
2026-09-30T19:52:13.6679087Z test_complete_small_universe (__main__.Tests.test_complete_small_universe) ... ok
2026-09-30T19:52:13.6681771Z test_cross_parent_edge (__main__.Tests.test_cross_parent_edge) ... ok
2026-09-30T19:52:13.6714553Z test_duplicate_endpoint (__main__.Tests.test_duplicate_endpoint) ... ok
2026-09-30T19:52:13.6717191Z test_fabricated_cartesian_count (__main__.Tests.test_fabricated_cartesian_count) ... ok
2026-09-30T19:52:13.6719605Z test_false_profile (__main__.Tests.test_false_profile) ... ok
2026-09-30T19:52:13.6761576Z test_false_relabeling (__main__.Tests.test_false_relabeling) ... ok
2026-09-30T19:52:13.6763839Z test_foreign_origin (__main__.Tests.test_foreign_origin) ... ok
2026-09-30T19:52:13.6765487Z test_identity (__main__.Tests.test_identity) ... ok
2026-09-30T19:52:13.6767426Z test_invalid_endpoint_inputs (__main__.Tests.test_invalid_endpoint_inputs) ... ok
2026-09-30T19:52:13.6772914Z test_missing_actual_edge (__main__.Tests.test_missing_actual_edge) ... ok
2026-09-30T19:52:13.6773601Z test_missing_document_sections (__main__.Tests.test_missing_document_sections) ... ok
2026-09-30T19:52:13.6805957Z test_missing_endpoint (__main__.Tests.test_missing_endpoint) ... ok
2026-09-30T19:52:13.6808431Z test_missing_local_table (__main__.Tests.test_missing_local_table) ... ok
2026-09-30T19:52:13.6838740Z test_missing_shape (__main__.Tests.test_missing_shape) ... ok
2026-09-30T19:52:13.6841094Z test_missing_state (__main__.Tests.test_missing_state) ... ok
2026-09-30T19:52:13.6844980Z test_noncartesian_nonconstant_chain (__main__.Tests.test_noncartesian_nonconstant_chain) ... ok
2026-09-30T19:52:13.6850067Z test_retained_third_order (__main__.Tests.test_retained_third_order) ... ok
2026-09-30T19:52:13.6851101Z test_synthetic_cubic_all_background_not_baseline (__main__.Tests.test_synthetic_cubic_all_background_not_baseline) ... ok
2026-09-30T19:52:13.6852036Z test_synthetic_separate_components (__main__.Tests.test_synthetic_separate_components) ... ok
2026-09-30T19:52:13.6857033Z test_valid_reversed_records (__main__.Tests.test_valid_reversed_records) ... ok
2026-09-30T19:52:13.6946793Z test_verifier_no_producer_import (__main__.Tests.test_verifier_no_producer_import) ... ok
2026-09-30T19:52:13.6950111Z test_wrong_component_values (__main__.Tests.test_wrong_component_values) ... ok
2026-09-30T19:52:13.6950911Z test_wrong_cube_shape (__main__.Tests.test_wrong_cube_shape) ... ok
2026-09-30T19:52:13.6953490Z test_wrong_mobius (__main__.Tests.test_wrong_mobius) ... ok
2026-09-30T19:52:13.6955575Z test_wrong_parent_prelude (__main__.Tests.test_wrong_parent_prelude) ... ok
2026-09-30T19:52:13.6957403Z test_wrong_predecessor (__main__.Tests.test_wrong_predecessor) ... ok
2026-09-30T19:52:13.6957817Z 
2026-09-30T19:52:13.6958131Z ----------------------------------------------------------------------
2026-09-30T19:52:13.6958717Z Ran 28 tests in 0.055s
2026-09-30T19:52:13.6958867Z 
2026-09-30T19:52:13.6958972Z OK
2026-09-30T19:52:13.7363307Z test_fabricated_summary_is_not_complete (__main__.Contract.test_fabricated_summary_is_not_complete) ... ok
2026-09-30T19:52:13.7367166Z test_no_sections_is_not_complete (__main__.Contract.test_no_sections_is_not_complete) ... ok
2026-09-30T19:52:13.7371003Z test_untyped_empty_edges_are_not_a_certificate (__main__.Contract.test_untyped_empty_edges_are_not_a_certificate) ... ok
2026-09-30T19:52:13.7371449Z 
2026-09-30T19:52:13.7371765Z ----------------------------------------------------------------------
2026-09-30T19:52:13.7372127Z Ran 3 tests in 0.004s
2026-09-30T19:52:13.7372265Z 
2026-09-30T19:52:13.7372328Z OK
2026-09-30T19:52:13.7792160Z test_complete_small (__main__.Tests.test_complete_small) ... ok
2026-09-30T19:52:13.7795261Z test_cross_parent_edge_rejected (__main__.Tests.test_cross_parent_edge_rejected) ... ok
2026-09-30T19:52:13.7799782Z test_masked_has_local_edge_with_zero_global (__main__.Tests.test_masked_has_local_edge_with_zero_global) ... ok
2026-09-30T19:52:13.7804173Z test_max_only_cross_parent_has_no_local_edge (__main__.Tests.test_max_only_cross_parent_has_no_local_edge) ... ok
2026-09-30T19:52:13.7804795Z test_pure_three_way_checker_detected (__main__.Tests.test_pure_three_way_checker_detected) ... ok
2026-09-30T19:52:13.7813048Z 
2026-09-30T19:52:13.7813244Z ----------------------------------------------------------------------
2026-09-30T19:52:13.7813521Z Ran 5 tests in 0.009s
2026-09-30T19:52:13.7813634Z 
2026-09-30T19:52:13.7813705Z OK
2026-09-30T19:52:13.8276466Z test_actual_relabeling (__main__.Tests.test_actual_relabeling) ... ok
2026-09-30T19:52:13.8278667Z test_boolean_event (__main__.Tests.test_boolean_event) ... ok
2026-09-30T19:52:13.8282885Z test_boolean_height (__main__.Tests.test_boolean_height) ... ok
2026-09-30T19:52:13.8330719Z test_complete_small_universe (__main__.Tests.test_complete_small_universe) ... ok
2026-09-30T19:52:13.8353005Z test_extra_duplicate_case (__main__.Tests.test_extra_duplicate_case) ... ok
2026-09-30T19:52:13.8385943Z test_false_relabeling (__main__.Tests.test_false_relabeling) ... ok
2026-09-30T19:52:13.8387225Z test_foreign_origin (__main__.Tests.test_foreign_origin) ... ok
2026-09-30T19:52:13.8389626Z test_invalid_inputs (__main__.Tests.test_invalid_inputs) ... ok
2026-09-30T19:52:13.8392744Z test_local_masked (__main__.Tests.test_local_masked) ... ok
2026-09-30T19:52:13.8412299Z test_missing_case (__main__.Tests.test_missing_case) ... ok
2026-09-30T19:52:13.8413684Z test_missing_profile (__main__.Tests.test_missing_profile) ... ok
2026-09-30T19:52:13.8423928Z test_missing_shape (__main__.Tests.test_missing_shape) ... ok
2026-09-30T19:52:13.8425645Z test_missing_state (__main__.Tests.test_missing_state) ... ok
2026-09-30T19:52:13.8428776Z test_negative_max_only (__main__.Tests.test_negative_max_only) ... ok
2026-09-30T19:52:13.8431742Z test_positive_max_only (__main__.Tests.test_positive_max_only) ... ok
2026-09-30T19:52:13.8434611Z test_reversed_events (__main__.Tests.test_reversed_events) ... ok
2026-09-30T19:52:13.8438472Z test_reversed_storage (__main__.Tests.test_reversed_storage) ... ok
2026-09-30T19:52:13.8441036Z test_transmitted_negative (__main__.Tests.test_transmitted_negative) ... ok
2026-09-30T19:52:13.8443609Z test_transmitted_positive (__main__.Tests.test_transmitted_positive) ... ok
2026-09-30T19:52:13.8512815Z test_verifier_no_producer_import (__main__.Tests.test_verifier_no_producer_import) ... ok
2026-09-30T19:52:13.8515880Z test_wrong_background (__main__.Tests.test_wrong_background) ... ok
2026-09-30T19:52:13.8518739Z test_wrong_class (__main__.Tests.test_wrong_class) ... ok
2026-09-30T19:52:13.8521432Z test_wrong_height (__main__.Tests.test_wrong_height) ... ok
2026-09-30T19:52:13.8524360Z test_wrong_local_interaction (__main__.Tests.test_wrong_local_interaction) ... ok
2026-09-30T19:52:13.8527028Z test_wrong_parent_pair (__main__.Tests.test_wrong_parent_pair) ... ok
2026-09-30T19:52:13.8529983Z test_wrong_prediction (__main__.Tests.test_wrong_prediction) ... ok
2026-09-30T19:52:13.8532523Z test_wrong_profile (__main__.Tests.test_wrong_profile) ... ok
2026-09-30T19:52:13.8535239Z test_wrong_scalar_sign (__main__.Tests.test_wrong_scalar_sign) ... ok
2026-09-30T19:52:13.8537184Z test_wrong_state (__main__.Tests.test_wrong_state) ... ok
2026-09-30T19:52:13.8539588Z test_zero_control (__main__.Tests.test_zero_control) ... ok
2026-09-30T19:52:13.8539906Z 
2026-09-30T19:52:13.8540117Z ----------------------------------------------------------------------
2026-09-30T19:52:13.8540562Z Ran 30 tests in 0.037s
2026-09-30T19:52:13.8540741Z 
2026-09-30T19:52:13.8540844Z OK
2026-09-30T19:52:13.9017646Z test_actual_lineage_and_storage_relabeling (__main__.Tests.test_actual_lineage_and_storage_relabeling) ... ok
2026-09-30T19:52:13.9020815Z test_boolean_h (__main__.Tests.test_boolean_h) ... ok
2026-09-30T19:52:13.9024044Z test_chain_interval_is_not_a_no_go (__main__.Tests.test_chain_interval_is_not_a_no_go) ... ok
2026-09-30T19:52:13.9025898Z test_changed_union_rejected_by_verifier (__main__.Tests.test_changed_union_rejected_by_verifier) ... ok
2026-09-30T19:52:18.1142029Z test_complete_small_universe (__main__.Tests.test_complete_small_universe) ... ok
2026-09-30T19:52:18.1143800Z test_false_h (__main__.Tests.test_false_h) ... ok
2026-09-30T19:52:18.1146493Z test_false_independence (__main__.Tests.test_false_independence) ... ok
2026-09-30T19:52:18.1155160Z test_false_metamorphic_copy (__main__.Tests.test_false_metamorphic_copy) ... ok
2026-09-30T19:52:18.1157510Z test_false_mixed_difference (__main__.Tests.test_false_mixed_difference) ... ok
2026-09-30T19:52:18.1159969Z test_false_witness_heights (__main__.Tests.test_false_witness_heights) ... ok
2026-09-30T19:52:18.1162604Z test_fitted_weights_not_accepted (__main__.Tests.test_fitted_weights_not_accepted) ... ok
2026-09-30T19:52:18.1163918Z test_foreign_origin (__main__.Tests.test_foreign_origin) ... ok
2026-09-30T19:52:18.1165341Z test_identity_control (__main__.Tests.test_identity_control) ... ok
2026-09-30T19:52:18.1167106Z test_illegal_inputs_rejected (__main__.Tests.test_illegal_inputs_rejected) ... ok
2026-09-30T19:52:18.1169453Z test_missing_diamond (__main__.Tests.test_missing_diamond) ... ok
2026-09-30T19:52:18.1185002Z test_missing_endpoint (__main__.Tests.test_missing_endpoint) ... ok
2026-09-30T19:52:18.1186355Z test_missing_predecessor_field (__main__.Tests.test_missing_predecessor_field) ... ok
2026-09-30T19:52:18.1194095Z test_missing_shape (__main__.Tests.test_missing_shape) ... ok
2026-09-30T19:52:18.1196351Z test_missing_state (__main__.Tests.test_missing_state) ... ok
2026-09-30T19:52:18.1198714Z test_missing_witness (__main__.Tests.test_missing_witness) ... ok
2026-09-30T19:52:18.1200624Z test_one_event_positive_weight (__main__.Tests.test_one_event_positive_weight) ... ok
2026-09-30T19:52:18.1203410Z test_parent_counterexample (__main__.Tests.test_parent_counterexample) ... ok
2026-09-30T19:52:18.1205949Z test_positive_mixed_difference_control (__main__.Tests.test_positive_mixed_difference_control) ... ok
2026-09-30T19:52:18.1208272Z test_reordered_records_valid (__main__.Tests.test_reordered_records_valid) ... ok
2026-09-30T19:52:18.1210162Z test_same_total_wrong_coefficients_rejected (__main__.Tests.test_same_total_wrong_coefficients_rejected) ... ok
2026-09-30T19:52:18.1290292Z test_verifier_does_not_import_producer (__main__.Tests.test_verifier_does_not_import_producer) ... ok
2026-09-30T19:52:18.1292716Z test_wrong_event_identity (__main__.Tests.test_wrong_event_identity) ... ok
2026-09-30T19:52:18.1294894Z test_wrong_witness_path (__main__.Tests.test_wrong_witness_path) ... ok
2026-09-30T19:52:18.1295275Z 
2026-09-30T19:52:18.1295431Z ----------------------------------------------------------------------
2026-09-30T19:52:18.1297652Z Ran 28 tests in 4.238s
2026-09-30T19:52:18.1317340Z 
2026-09-30T19:52:18.1317449Z OK
2026-09-30T19:52:21.9334598Z test_changed_union_not_comparable (__main__.Tests.test_changed_union_not_comparable) ... ok
2026-09-30T19:52:22.1449297Z test_complete_small_universe (__main__.Tests.test_complete_small_universe) ... ok
2026-09-30T19:52:22.1450527Z test_direct_equals_staged_pushforward_exactly (__main__.Tests.test_direct_equals_staged_pushforward_exactly) ... ok
2026-09-30T19:52:22.1456396Z test_identity_refinement (__main__.Tests.test_identity_refinement) ... ok
2026-09-30T19:52:22.1457201Z test_illegal_nonprefix_refinement_rejected (__main__.Tests.test_illegal_nonprefix_refinement_rejected) ... ok
2026-09-30T19:52:22.1467983Z test_monotonic_refinement_and_strict_example (__main__.Tests.test_monotonic_refinement_and_strict_example) ... ok
2026-09-30T19:52:22.1468889Z test_not_componentwise_subview_rejected (__main__.Tests.test_not_componentwise_subview_rejected) ... ok
2026-09-30T19:52:22.1469921Z test_two_factorizations_same_final (__main__.Tests.test_two_factorizations_same_final) ... ok
2026-09-30T19:52:22.1473548Z test_verifier_rejects_corrupt_composition (__main__.Tests.test_verifier_rejects_corrupt_composition) ... ok
2026-09-30T19:52:22.1477875Z test_verifier_rejects_false_lower_after (__main__.Tests.test_verifier_rejects_false_lower_after) ... ok
2026-09-30T19:52:22.1481768Z test_verifier_rejects_nonprefix_intermediate (__main__.Tests.test_verifier_rejects_nonprefix_intermediate) ... ok
2026-09-30T19:52:22.1482278Z 
2026-09-30T19:52:22.1482534Z ----------------------------------------------------------------------
2026-09-30T19:52:22.1482836Z Ran 11 tests in 0.225s
2026-09-30T19:52:22.1482949Z 
2026-09-30T19:52:22.1483021Z OK
2026-09-30T19:52:22.3913714Z test_binary_views_sufficiency (__main__.Tests.test_binary_views_sufficiency) ... ok
2026-09-30T19:52:22.3970810Z test_branch_count_not_exact_cover_number (__main__.Tests.test_branch_count_not_exact_cover_number) ... ok
2026-09-30T19:52:22.4109424Z test_changed_lineage_and_storage (__main__.Tests.test_changed_lineage_and_storage) ... ok
2026-09-30T19:52:22.4380786Z test_complete_small_universe (__main__.Tests.test_complete_small_universe) ... ok
2026-09-30T19:52:22.4416840Z test_corrupt_dual (__main__.Tests.test_corrupt_dual) ... ok
2026-09-30T19:52:22.4443830Z test_corrupt_global_witness (__main__.Tests.test_corrupt_global_witness) ... ok
2026-09-30T19:52:22.4470820Z test_corrupt_local_marginal (__main__.Tests.test_corrupt_local_marginal) ... ok
2026-09-30T19:52:22.4471901Z test_exact_rational_pushforward (__main__.Tests.test_exact_rational_pushforward) ... ok
2026-09-30T19:52:22.4487203Z test_false_child_cover (__main__.Tests.test_false_child_cover) ... ok
2026-09-30T19:52:22.4502325Z test_false_high_threshold (__main__.Tests.test_false_high_threshold) ... ok
2026-09-30T19:52:22.4517420Z test_false_low_threshold (__main__.Tests.test_false_low_threshold) ... ok
2026-09-30T19:52:22.4614003Z test_false_metamorphic_claim (__main__.Tests.test_false_metamorphic_claim) ... ok
2026-09-30T19:52:22.4634301Z test_false_sample_verdict (__main__.Tests.test_false_sample_verdict) ... ok
2026-09-30T19:52:22.4648944Z test_foreign_origin (__main__.Tests.test_foreign_origin) ... ok
2026-09-30T19:52:22.4775090Z test_four_way_sharpness (__main__.Tests.test_four_way_sharpness) ... ok
2026-09-30T19:52:22.4790943Z test_full_view_and_redundancy (__main__.Tests.test_full_view_and_redundancy) ... ok
2026-09-30T19:52:22.4791846Z test_inexact_scalar_rejected (__main__.Tests.test_inexact_scalar_rejected) ... ok
2026-09-30T19:52:22.4793899Z test_invalid_parent_types_cycles (__main__.Tests.test_invalid_parent_types_cycles) ... ok
2026-09-30T19:52:22.4795421Z test_invalid_view_and_union (__main__.Tests.test_invalid_view_and_union) ... ok
2026-09-30T19:52:22.4799143Z test_linear_but_nonnatural_control (__main__.Tests.test_linear_but_nonnatural_control) ... ok
2026-09-30T19:52:22.4814457Z test_metadata_boolean_not_integer (__main__.Tests.test_metadata_boolean_not_integer) ... ok
2026-09-30T19:52:22.5065017Z test_missing_cover_rejected (__main__.Tests.test_missing_cover_rejected) ... ok
2026-09-30T19:52:22.5079856Z test_missing_required_field (__main__.Tests.test_missing_required_field) ... ok
2026-09-30T19:52:22.5106813Z test_missing_sample (__main__.Tests.test_missing_sample) ... ok
2026-09-30T19:52:22.5121570Z test_order_is_worst_case_not_every_input (__main__.Tests.test_order_is_worst_case_not_every_input) ... ok
2026-09-30T19:52:22.5133959Z test_root_and_path (__main__.Tests.test_root_and_path) ... ok
2026-09-30T19:52:22.5184258Z test_two_and_three_view_parent_witnesses (__main__.Tests.test_two_and_three_view_parent_witnesses) ... ok
2026-09-30T19:52:22.5212526Z test_valid_dual_and_rescaling (__main__.Tests.test_valid_dual_and_rescaling) ... ok
2026-09-30T19:52:22.5212960Z 
2026-09-30T19:52:22.5213156Z ----------------------------------------------------------------------
2026-09-30T19:52:22.5213595Z Ran 28 tests in 0.333s
2026-09-30T19:52:22.5213772Z 
2026-09-30T19:52:22.5213869Z OK
2026-09-30T19:52:22.7504163Z test_all_parent_targets_checked_before_traversal (__main__.Validation.test_all_parent_targets_checked_before_traversal) ... ok
2026-09-30T19:52:22.7513824Z test_reordered_valid_lineage_remains_accepted (__main__.Validation.test_reordered_valid_lineage_remains_accepted) ... ok
2026-09-30T19:52:22.7514393Z 
2026-09-30T19:52:22.7514566Z ----------------------------------------------------------------------
2026-09-30T19:52:22.7514951Z Ran 2 tests in 0.000s
2026-09-30T19:52:22.7515110Z 
2026-09-30T19:52:22.7515203Z OK
2026-09-30T19:52:22.9892200Z test_actual_signed_and_positive_pair_witness (__main__.Tests.test_actual_signed_and_positive_pair_witness) ... ok
2026-09-30T19:52:23.2895227Z test_changed_lineage_storage (__main__.Tests.test_changed_lineage_storage) ... ok
2026-09-30T19:52:23.3549940Z test_complete_small_certificate (__main__.Tests.test_complete_small_certificate) ... ok
2026-09-30T19:52:23.3733000Z test_corrupt_negative_witness_rejected (__main__.Tests.test_corrupt_negative_witness_rejected) ... ok
2026-09-30T19:52:23.3735811Z test_exact_scalars_and_lengths (__main__.Tests.test_exact_scalars_and_lengths) ... ok
2026-09-30T19:52:23.3918464Z test_false_positive_feasibility_rejected (__main__.Tests.test_false_positive_feasibility_rejected) ... ok
2026-09-30T19:52:23.3919290Z test_feasible_nonnegative_control (__main__.Tests.test_feasible_nonnegative_control) ... ok
2026-09-30T19:52:23.3926727Z test_foreign_origin_rejected (__main__.Tests.test_foreign_origin_rejected) ... ok
2026-09-30T19:52:23.3929974Z test_identity_root_and_repeated_views (__main__.Tests.test_identity_root_and_repeated_views) ... ok
2026-09-30T19:52:23.3931888Z test_incompatible_overlap_rejected (__main__.Tests.test_incompatible_overlap_rejected) ... ok
2026-09-30T19:52:23.3934141Z test_invalid_parent_and_retained_inputs (__main__.Tests.test_invalid_parent_and_retained_inputs) ... ok
2026-09-30T19:52:23.3938044Z test_linear_but_nonnatural_section_rejected (__main__.Tests.test_linear_but_nonnatural_section_rejected) ... ok
2026-09-30T19:52:23.4868507Z test_missing_coverage_rejected (__main__.Tests.test_missing_coverage_rejected) ... ok
2026-09-30T19:52:23.4882168Z test_missing_field_and_inexact_matrix_rejected (__main__.Tests.test_missing_field_and_inexact_matrix_rejected) ... ok
2026-09-30T19:52:23.4883056Z test_nonnegative_false_input_rejected (__main__.Tests.test_nonnegative_false_input_rejected) ... ok
2026-09-30T19:52:23.5382990Z test_off_domain_gluer_change_is_harmless (__main__.Tests.test_off_domain_gluer_change_is_harmless) ... ok
2026-09-30T19:52:23.5387772Z test_pairwise_positive_is_not_global (__main__.Tests.test_pairwise_positive_is_not_global) ... ok
2026-09-30T19:52:23.5388649Z test_response_representative_independence (__main__.Tests.test_response_representative_independence) ... ok
2026-09-30T19:52:23.5389883Z test_source_shift_is_not_potential_gauge (__main__.Tests.test_source_shift_is_not_potential_gauge) ... ok
2026-09-30T19:52:23.5399516Z test_wrong_gluer_on_compatible_data_rejected (__main__.Tests.test_wrong_gluer_on_compatible_data_rejected) ... ok
2026-09-30T19:52:23.5407601Z test_wrong_joint_readout_rejected (__main__.Tests.test_wrong_joint_readout_rejected) ... ok
2026-09-30T19:52:23.5841978Z test_wrong_overlap_rejected (__main__.Tests.test_wrong_overlap_rejected) ... ok
2026-09-30T19:52:23.5842361Z 
2026-09-30T19:52:23.5842691Z ----------------------------------------------------------------------
2026-09-30T19:52:23.5842982Z Ran 22 tests in 0.769s
2026-09-30T19:52:23.5843095Z 
2026-09-30T19:52:23.5843169Z OK
2026-09-30T19:52:23.8306367Z test_omitted_storage_reversal_rejected (__main__.SchemaTests.test_omitted_storage_reversal_rejected) ... ok
2026-09-30T19:52:23.8393523Z test_original_cannot_masquerade_as_relabelled (__main__.SchemaTests.test_original_cannot_masquerade_as_relabelled) ... ok
2026-09-30T19:52:23.9295843Z test_real_metamorphic_case_accepted (__main__.SchemaTests.test_real_metamorphic_case_accepted) ... ok
2026-09-30T19:52:23.9296431Z 
2026-09-30T19:52:23.9296613Z ----------------------------------------------------------------------
2026-09-30T19:52:23.9297012Z Ran 3 tests in 0.115s
2026-09-30T19:52:23.9297165Z 
2026-09-30T19:52:23.9297257Z OK
2026-09-30T19:52:24.2149090Z test_actual_old_kernel_witness (__main__.Tests.test_actual_old_kernel_witness) ... ok
2026-09-30T19:52:24.2201010Z test_bare_filtration_scaling_and_shear (__main__.Tests.test_bare_filtration_scaling_and_shear) ... ok
2026-09-30T19:52:24.2204459Z test_constructive_and_negative_linear_descent (__main__.Tests.test_constructive_and_negative_linear_descent) ... ok
2026-09-30T19:52:24.2329436Z test_corrupted_witness_rejected (__main__.Tests.test_corrupted_witness_rejected) ... ok
2026-09-30T19:52:24.2569446Z test_direct_fiber_sum_and_section (__main__.Tests.test_direct_fiber_sum_and_section) ... ok
2026-09-30T19:52:24.2570343Z test_exact_input_no_float_or_truncation (__main__.Tests.test_exact_input_no_float_or_truncation) ... ok
2026-09-30T19:52:24.2684242Z test_false_descent_rejected (__main__.Tests.test_false_descent_rejected) ... ok
2026-09-30T19:52:24.2734969Z test_foreign_domain_identity_rejected (__main__.Tests.test_foreign_domain_identity_rejected) ... ok
2026-09-30T19:52:24.2753748Z test_identity_and_root_zero_dimensional_cases (__main__.Tests.test_identity_and_root_zero_dimensional_cases) ... ok
2026-09-30T19:52:24.2754526Z test_illegal_target_and_origin_rejected (__main__.Tests.test_illegal_target_and_origin_rejected) ... ok
2026-09-30T19:52:24.2755688Z test_incompatible_composition_rejected (__main__.Tests.test_incompatible_composition_rejected) ... ok
2026-09-30T19:52:24.2757719Z test_invalid_carriers_are_not_repaired (__main__.Tests.test_invalid_carriers_are_not_repaired) ... ok
2026-09-30T19:52:24.2762071Z test_linear_right_inverse_can_fail_retained_naturality (__main__.Tests.test_linear_right_inverse_can_fail_retained_naturality) ... ok
2026-09-30T19:52:24.2901090Z test_missing_check_and_coverage_rejected (__main__.Tests.test_missing_check_and_coverage_rejected) ... ok
2026-09-30T19:52:24.2944085Z test_mutated_green_rejected (__main__.Tests.test_mutated_green_rejected) ... ok
2026-09-30T19:52:24.2996104Z test_mutated_pushforward_rejected (__main__.Tests.test_mutated_pushforward_rejected) ... ok
2026-09-30T19:52:24.3048052Z test_mutated_section_rejected (__main__.Tests.test_mutated_section_rejected) ... ok
2026-09-30T19:52:24.3049054Z test_nonlinear_boundary_is_not_linear_test (__main__.Tests.test_nonlinear_boundary_is_not_linear_test) ... ok
2026-09-30T19:52:24.3161952Z test_nonpermutation_coordinate_change (__main__.Tests.test_nonpermutation_coordinate_change) ... ok
2026-09-30T19:52:24.3992089Z test_relabel_and_storage_naturality (__main__.Tests.test_relabel_and_storage_naturality) ... ok
2026-09-30T19:52:24.4265062Z test_response_quotient_and_supplied_complement (__main__.Tests.test_response_quotient_and_supplied_complement) ... ok
2026-09-30T19:52:24.4293697Z test_shape_enumerators_agree_without_shared_implementation (__main__.Tests.test_shape_enumerators_agree_without_shared_implementation) ... ok
2026-09-30T19:52:24.4294265Z 
2026-09-30T19:52:24.4294602Z ----------------------------------------------------------------------
2026-09-30T19:52:24.4295032Z Ran 22 tests in 0.434s
2026-09-30T19:52:24.4295205Z 
2026-09-30T19:52:24.4295307Z OK
2026-09-30T19:52:26.3633410Z {"manifest": "VERIFIED", "members": 10}
2026-09-30T19:52:26.3767092Z ##[group]Run actions/upload-artifact@ea165f8d65b6e75b540449e92b4886f43607fa02
2026-09-30T19:52:26.3767413Z with:
2026-09-30T19:52:26.3767640Z   name: v1639-post-merge-e789ce42bac28e084a4f0264180b738534d69923
2026-09-30T19:52:26.3767911Z   path: out/merge
2026-09-30T19:52:26.3768083Z   if-no-files-found: error
2026-09-30T19:52:26.3768273Z   compression-level: 6
2026-09-30T19:52:26.3768445Z   overwrite: false
2026-09-30T19:52:26.3768621Z   include-hidden-files: false
2026-09-30T19:52:26.3768808Z env:
2026-09-30T19:52:26.3769016Z   pythonLocation: /opt/hostedtoolcache/Python/3.11.16/x64
2026-09-30T19:52:26.3769360Z   PKG_CONFIG_PATH: /opt/hostedtoolcache/Python/3.11.16/x64/lib/pkgconfig
2026-09-30T19:52:26.3769681Z   Python_ROOT_DIR: /opt/hostedtoolcache/Python/3.11.16/x64
2026-09-30T19:52:26.3769971Z   Python2_ROOT_DIR: /opt/hostedtoolcache/Python/3.11.16/x64
2026-09-30T19:52:26.3770253Z   Python3_ROOT_DIR: /opt/hostedtoolcache/Python/3.11.16/x64
2026-09-30T19:52:26.3770567Z   LD_LIBRARY_PATH: /opt/hostedtoolcache/Python/3.11.16/x64/lib
2026-09-30T19:52:26.3770816Z ##[endgroup]
2026-09-30T19:52:26.5042634Z (node:2197) [DEP0040] DeprecationWarning: The `punycode` module is deprecated. Please use a userland alternative instead.
2026-09-30T19:52:26.5043544Z (Use `node --trace-deprecation ...` to show where the warning was created)
2026-09-30T19:52:26.5136092Z With the provided path, there will be 11 files uploaded
2026-09-30T19:52:26.5136741Z Artifact name is valid!
2026-09-30T19:52:26.5137035Z Root directory input is valid!
2026-09-30T19:52:26.8428484Z Beginning upload of artifact content to blob storage
2026-09-30T19:52:27.0051033Z (node:2197) [DEP0169] DeprecationWarning: `url.parse()` behavior is not standardized and prone to errors that have security implications. Use the WHATWG URL API instead. CVEs are not issued for `url.parse()` vulnerabilities.
2026-09-30T19:52:27.8030583Z Uploaded bytes 5131232
2026-09-30T19:52:27.8714078Z Finished uploading artifact content to blob storage!
2026-09-30T19:52:27.8714998Z SHA256 digest of uploaded artifact zip is 1b8af3a1b100694b24be56f282cac4ba2aa37006449895fa905f2c752ed7b9dd
2026-09-30T19:52:27.8716540Z Finalizing artifact upload
2026-09-30T19:52:28.1499411Z Artifact v1639-post-merge-e789ce42bac28e084a4f0264180b738534d69923.zip successfully finalized. Artifact ID 11121688337
2026-09-30T19:52:28.1500973Z Artifact v1639-post-merge-e789ce42bac28e084a4f0264180b738534d69923 has been successfully uploaded! Final size is 5131232 bytes. Artifact ID is 11121688337
2026-09-30T19:52:28.1508718Z Artifact download URL: https://github.com/proteinfoldingengine/WetLabEngine/actions/runs/36768113676/artifacts/11121688337
2026-09-30T19:52:28.1657666Z Post job cleanup.
2026-09-30T19:52:28.2572940Z (node:2209) [DEP0040] DeprecationWarning: The `punycode` module is deprecated. Please use a userland alternative instead.
2026-09-30T19:52:28.2573539Z (Use `node --trace-deprecation ...` to show where the warning was created)
2026-09-30T19:52:28.2727144Z Post job cleanup.
2026-09-30T19:52:28.3438937Z [command]/usr/bin/git version
2026-09-30T19:52:28.3475595Z git version 2.55.0
2026-09-30T19:52:28.3503351Z Temporarily overriding HOME='/home/runner/work/_temp/53f7460e-606e-4bc8-b834-861bf4376345' before making global git config changes
2026-09-30T19:52:28.3504429Z Adding repository directory to the temporary git global config as a safe directory
2026-09-30T19:52:28.3507310Z [command]/usr/bin/git config --global --add safe.directory /home/runner/work/WetLabEngine/WetLabEngine
2026-09-30T19:52:28.3539635Z [command]/usr/bin/git config --local --name-only --get-regexp core\.sshCommand
2026-09-30T19:52:28.3568119Z [command]/usr/bin/git submodule foreach --recursive sh -c "git config --local --name-only --get-regexp 'core\.sshCommand' && git config --local --unset-all 'core.sshCommand' || :"
2026-09-30T19:52:28.3793716Z [command]/usr/bin/git config --local --name-only --get-regexp http\.https\:\/\/github\.com\/\.extraheader
2026-09-30T19:52:28.3818374Z http.https://github.com/.extraheader
2026-09-30T19:52:28.3827120Z [command]/usr/bin/git config --local --unset-all http.https://github.com/.extraheader
2026-09-30T19:52:28.3856282Z [command]/usr/bin/git submodule foreach --recursive sh -c "git config --local --name-only --get-regexp 'http\.https\:\/\/github\.com\/\.extraheader' && git config --local --unset-all 'http.https://github.com/.extraheader' || :"
2026-09-30T19:52:28.4088350Z [command]/usr/bin/git config --local --name-only --get-regexp ^includeIf\.gitdir:
2026-09-30T19:52:28.4123344Z [command]/usr/bin/git submodule foreach --recursive git config --local --show-origin --name-only --get-regexp remote.origin.url
2026-09-30T19:52:28.4460256Z Cleaning up orphan processes
2026-09-30T19:52:28.4748402Z ##[warning]Node.js 20 is deprecated. The following actions target Node.js 20 but are being forced to run on Node.js 24: actions/checkout@11d5960a326750d5838078e36cf38b85af677262, actions/setup-python@a26af69be951a213d495a4c3e4e4022e16d87065, actions/upload-artifact@ea165f8d65b6e75b540449e92b4886f43607fa02. For more information see: https://github.blog/changelog/2025-09-19-deprecation-of-node-20-on-github-actions-runners/
