2026-10-09T17:04:16.0937198Z Current runner version: '2.337.0'
2026-10-09T17:04:16.0953117Z ##[group]Runner Image Provisioner
2026-10-09T17:04:16.0953755Z Hosted Compute Agent
2026-10-09T17:04:16.0954099Z Version: 20261002.596
2026-10-09T17:04:16.0954488Z Commit: c3d12f3313a95f25162a1503be624f3b0617f8c0
2026-10-09T17:04:16.0954910Z Build Date: 2026-10-02T22:28:27Z
2026-10-09T17:04:16.0955303Z Worker ID: {42bf0323-0158-469d-8c12-e1eba6c0c3fa}
2026-10-09T17:04:16.0955803Z Region: centralus
2026-10-09T17:04:16.0956130Z Cloud: Azure
2026-10-09T17:04:16.0956472Z ##[endgroup]
2026-10-09T17:04:16.0957271Z ##[group]Operating System
2026-10-09T17:04:16.0957623Z Ubuntu
2026-10-09T17:04:16.0957994Z 24.04.5
2026-10-09T17:04:16.0958321Z LTS
2026-10-09T17:04:16.0958647Z ##[endgroup]
2026-10-09T17:04:16.0958983Z ##[group]Runner Image
2026-10-09T17:04:16.0959338Z Image: ubuntu-24.04
2026-10-09T17:04:16.0959954Z Version: 20261004.327.1
2026-10-09T17:04:16.0960684Z Included Software: https://github.com/actions/runner-images/blob/ubuntu24/20261004.327/images/ubuntu/Ubuntu2404-Readme.md
2026-10-09T17:04:16.0961721Z Image Release: https://github.com/actions/runner-images/releases/tag/ubuntu24%2F20261004.327
2026-10-09T17:04:16.0962283Z ##[endgroup]
2026-10-09T17:04:16.0962956Z ##[group]GITHUB_TOKEN Permissions
2026-10-09T17:04:16.0964211Z Contents: read
2026-10-09T17:04:16.0964596Z Metadata: read
2026-10-09T17:04:16.0964916Z ##[endgroup]
2026-10-09T17:04:16.0966185Z Secret source: Actions
2026-10-09T17:04:16.0966729Z Cache mode: write
2026-10-09T17:04:16.0967153Z Prepare workflow directory
2026-10-09T17:04:16.1172374Z Prepare all required actions
2026-10-09T17:04:16.1202998Z Getting action download info
2026-10-09T17:04:16.3360110Z Download action repository 'actions/checkout@v4' (SHA:11d5960a326750d5838078e36cf38b85af677262)
2026-10-09T17:04:16.4357210Z Download action repository 'actions/download-artifact@v4' (SHA:d3f86a106a0bac45b974a628896c90dbdf5c8093)
2026-10-09T17:04:17.1584398Z Download action repository 'actions/upload-artifact@v4' (SHA:ea165f8d65b6e75b540449e92b4886f43607fa02)
2026-10-09T17:04:17.7650805Z Complete job name: mathematical-review
2026-10-09T17:04:17.8211863Z ##[group]Run actions/checkout@v4
2026-10-09T17:04:17.8212729Z with:
2026-10-09T17:04:17.8213237Z   path: research_snapshot
2026-10-09T17:04:17.8213846Z   persist-credentials: false
2026-10-09T17:04:17.8214804Z   sparse-checkout: ResearchHistory/UQCF-GEM/research/physical-bridge
.github/scripts

2026-10-09T17:04:17.8215879Z   repository: proteinfoldingengine/WetLabEngine
2026-10-09T17:04:17.8220742Z   token: ***
2026-10-09T17:04:17.8221390Z   ssh-strict: true
2026-10-09T17:04:17.8221909Z   ssh-user: git
2026-10-09T17:04:17.8222414Z   clean: true
2026-10-09T17:04:17.8222985Z   sparse-checkout-cone-mode: true
2026-10-09T17:04:17.8223610Z   fetch-depth: 1
2026-10-09T17:04:17.8224137Z   fetch-tags: false
2026-10-09T17:04:17.8224681Z   show-progress: true
2026-10-09T17:04:17.8225214Z   lfs: false
2026-10-09T17:04:17.8225707Z   submodules: false
2026-10-09T17:04:17.8226250Z   set-safe-directory: true
2026-10-09T17:04:17.8226874Z   allow-unsafe-pr-checkout: false
2026-10-09T17:04:17.8227612Z ##[endgroup]
2026-10-09T17:04:17.8901760Z Syncing repository: proteinfoldingengine/WetLabEngine
2026-10-09T17:04:17.8903480Z ##[group]Getting Git version info
2026-10-09T17:04:17.8904451Z Working directory is '/home/runner/work/WetLabEngine/WetLabEngine/research_snapshot'
2026-10-09T17:04:17.8905815Z [command]/usr/bin/git version
2026-10-09T17:04:17.9116422Z git version 2.55.0
2026-10-09T17:04:17.9129552Z ##[endgroup]
2026-10-09T17:04:17.9141885Z Temporarily overriding HOME='/home/runner/work/_temp/e4f51a0f-d1ba-4109-933e-f20dc83adc0f' before making global git config changes
2026-10-09T17:04:17.9145310Z Adding repository directory to the temporary git global config as a safe directory
2026-10-09T17:04:17.9147857Z [command]/usr/bin/git config --global --add safe.directory /home/runner/work/WetLabEngine/WetLabEngine/research_snapshot
2026-10-09T17:04:17.9923413Z ##[group]Initializing the repository
2026-10-09T17:04:17.9927193Z [command]/usr/bin/git init /home/runner/work/WetLabEngine/WetLabEngine/research_snapshot
2026-10-09T17:04:18.0547603Z hint: Using 'master' as the name for the initial branch. This default branch name
2026-10-09T17:04:18.0548982Z hint: will change to "main" in Git 3.0. To configure the initial branch name
2026-10-09T17:04:18.0550065Z hint: to use in all of your new repositories, which will suppress this warning,
2026-10-09T17:04:18.0550926Z hint: call:
2026-10-09T17:04:18.0551566Z hint:
2026-10-09T17:04:18.0552187Z hint: 	git config --global init.defaultBranch <name>
2026-10-09T17:04:18.0552981Z hint:
2026-10-09T17:04:18.0553660Z hint: Names commonly chosen instead of 'master' are 'main', 'trunk' and
2026-10-09T17:04:18.0555152Z hint: 'development'. The just-created branch can be renamed via this command:
2026-10-09T17:04:18.0556022Z hint:
2026-10-09T17:04:18.0556536Z hint: 	git branch -m <name>
2026-10-09T17:04:18.0557093Z hint:
2026-10-09T17:04:18.0557847Z hint: Disable this message with "git config set advice.defaultBranchName false"
2026-10-09T17:04:18.0559454Z Initialized empty Git repository in /home/runner/work/WetLabEngine/WetLabEngine/research_snapshot/.git/
2026-10-09T17:04:18.0563969Z [command]/usr/bin/git remote add origin https://github.com/proteinfoldingengine/WetLabEngine
2026-10-09T17:04:18.1712767Z ##[endgroup]
2026-10-09T17:04:18.1714255Z ##[group]Disabling automatic garbage collection
2026-10-09T17:04:18.1715700Z [command]/usr/bin/git config --local gc.auto 0
2026-10-09T17:04:18.1913293Z ##[endgroup]
2026-10-09T17:04:18.1914811Z ##[group]Setting up auth
2026-10-09T17:04:18.1916373Z [command]/usr/bin/git config --local --name-only --get-regexp core\.sshCommand
2026-10-09T17:04:18.1945006Z [command]/usr/bin/git submodule foreach --recursive sh -c "git config --local --name-only --get-regexp 'core\.sshCommand' && git config --local --unset-all 'core.sshCommand' || :"
2026-10-09T17:04:18.2448963Z [command]/usr/bin/git config --local --name-only --get-regexp http\.https\:\/\/github\.com\/\.extraheader
2026-10-09T17:04:18.2475726Z [command]/usr/bin/git submodule foreach --recursive sh -c "git config --local --name-only --get-regexp 'http\.https\:\/\/github\.com\/\.extraheader' && git config --local --unset-all 'http.https://github.com/.extraheader' || :"
2026-10-09T17:04:18.2642259Z [command]/usr/bin/git config --local --name-only --get-regexp ^includeIf\.gitdir:
2026-10-09T17:04:18.2670419Z [command]/usr/bin/git submodule foreach --recursive git config --local --show-origin --name-only --get-regexp remote.origin.url
2026-10-09T17:04:18.2840725Z [command]/usr/bin/git config --local http.https://github.com/.extraheader AUTHORIZATION: basic ***
2026-10-09T17:04:18.2995402Z ##[endgroup]
2026-10-09T17:04:18.2996708Z ##[group]Fetching the repository
2026-10-09T17:04:18.3003852Z [command]/usr/bin/git -c protocol.version=2 fetch --no-tags --prune --no-recurse-submodules --filter=blob:none --depth=1 origin +9a559996ffc552c0ed623f2cd8b93bbf14de337a:refs/remotes/origin/research/uqcf-overlapping-guard-exchange
2026-10-09T17:04:18.9295828Z From https://github.com/proteinfoldingengine/WetLabEngine
2026-10-09T17:04:18.9296341Z  * [new ref]         9a559996ffc552c0ed623f2cd8b93bbf14de337a -> origin/research/uqcf-overlapping-guard-exchange
2026-10-09T17:04:18.9298465Z ##[endgroup]
2026-10-09T17:04:18.9298791Z ##[group]Determining the checkout info
2026-10-09T17:04:18.9300453Z ##[endgroup]
2026-10-09T17:04:18.9300667Z ##[group]Setting up sparse checkout
2026-10-09T17:04:18.9305242Z [command]/usr/bin/git sparse-checkout set ResearchHistory/UQCF-GEM/research/physical-bridge .github/scripts
2026-10-09T17:04:18.9380301Z ##[endgroup]
2026-10-09T17:04:18.9380716Z ##[group]Checking out the ref
2026-10-09T17:04:18.9384235Z [command]/usr/bin/git checkout --progress --force -B research/uqcf-overlapping-guard-exchange refs/remotes/origin/research/uqcf-overlapping-guard-exchange
2026-10-09T17:04:20.0994105Z Updating files:   0% (1/700)
2026-10-09T17:04:20.0995792Z Updating files:   1% (7/700)
2026-10-09T17:04:20.0999915Z Updating files:   2% (14/700)
2026-10-09T17:04:20.1003662Z Updating files:   3% (21/700)
2026-10-09T17:04:20.1006339Z Updating files:   4% (28/700)
2026-10-09T17:04:20.1009287Z Updating files:   5% (35/700)
2026-10-09T17:04:20.1013160Z Updating files:   6% (42/700)
2026-10-09T17:04:20.1016358Z Updating files:   7% (49/700)
2026-10-09T17:04:20.1020390Z Updating files:   8% (56/700)
2026-10-09T17:04:20.1023388Z Updating files:   9% (63/700)
2026-10-09T17:04:20.1026237Z Updating files:  10% (70/700)
2026-10-09T17:04:20.1028850Z Updating files:  11% (77/700)
2026-10-09T17:04:20.1032204Z Updating files:  12% (84/700)
2026-10-09T17:04:20.1037949Z Updating files:  13% (91/700)
2026-10-09T17:04:20.1042321Z Updating files:  14% (98/700)
2026-10-09T17:04:20.1045183Z Updating files:  15% (105/700)
2026-10-09T17:04:20.1048574Z Updating files:  16% (112/700)
2026-10-09T17:04:20.1052245Z Updating files:  17% (119/700)
2026-10-09T17:04:20.1056829Z Updating files:  18% (126/700)
2026-10-09T17:04:20.1061726Z Updating files:  19% (133/700)
2026-10-09T17:04:20.1065415Z Updating files:  20% (140/700)
2026-10-09T17:04:20.1068628Z Updating files:  21% (147/700)
2026-10-09T17:04:20.1071978Z Updating files:  22% (154/700)
2026-10-09T17:04:20.1075604Z Updating files:  23% (161/700)
2026-10-09T17:04:20.1078804Z Updating files:  24% (168/700)
2026-10-09T17:04:20.1083705Z Updating files:  25% (175/700)
2026-10-09T17:04:20.1087321Z Updating files:  26% (182/700)
2026-10-09T17:04:20.1090458Z Updating files:  27% (189/700)
2026-10-09T17:04:20.1094754Z Updating files:  28% (196/700)
2026-10-09T17:04:20.1099007Z Updating files:  29% (203/700)
2026-10-09T17:04:20.1102457Z Updating files:  30% (210/700)
2026-10-09T17:04:20.1106046Z Updating files:  31% (217/700)
2026-10-09T17:04:20.1110422Z Updating files:  32% (224/700)
2026-10-09T17:04:20.1114678Z Updating files:  33% (231/700)
2026-10-09T17:04:20.1118054Z Updating files:  34% (238/700)
2026-10-09T17:04:20.1121018Z Updating files:  35% (245/700)
2026-10-09T17:04:20.1130234Z Updating files:  36% (252/700)
2026-10-09T17:04:20.1130473Z Updating files:  37% (259/700)
2026-10-09T17:04:20.1131449Z Updating files:  38% (266/700)
2026-10-09T17:04:20.1134538Z Updating files:  39% (273/700)
2026-10-09T17:04:20.1137381Z Updating files:  40% (280/700)
2026-10-09T17:04:20.1140572Z Updating files:  41% (287/700)
2026-10-09T17:04:20.1143949Z Updating files:  42% (294/700)
2026-10-09T17:04:20.1148071Z Updating files:  43% (301/700)
2026-10-09T17:04:20.1151690Z Updating files:  44% (308/700)
2026-10-09T17:04:20.1155398Z Updating files:  45% (315/700)
2026-10-09T17:04:20.1160610Z Updating files:  46% (322/700)
2026-10-09T17:04:20.1163653Z Updating files:  47% (329/700)
2026-10-09T17:04:20.1171350Z Updating files:  48% (336/700)
2026-10-09T17:04:20.1178478Z Updating files:  49% (343/700)
2026-10-09T17:04:20.1178730Z Updating files:  50% (350/700)
2026-10-09T17:04:20.1178926Z Updating files:  51% (357/700)
2026-10-09T17:04:20.1182412Z Updating files:  52% (364/700)
2026-10-09T17:04:20.1186635Z Updating files:  53% (371/700)
2026-10-09T17:04:20.1188981Z Updating files:  54% (378/700)
2026-10-09T17:04:20.1194801Z Updating files:  55% (385/700)
2026-10-09T17:04:20.1202491Z Updating files:  56% (392/700)
2026-10-09T17:04:20.1206664Z Updating files:  57% (399/700)
2026-10-09T17:04:20.1209594Z Updating files:  58% (406/700)
2026-10-09T17:04:20.1213241Z Updating files:  59% (413/700)
2026-10-09T17:04:20.1216054Z Updating files:  60% (420/700)
2026-10-09T17:04:20.1220420Z Updating files:  61% (427/700)
2026-10-09T17:04:20.1225288Z Updating files:  62% (434/700)
2026-10-09T17:04:20.1228662Z Updating files:  63% (441/700)
2026-10-09T17:04:20.1231543Z Updating files:  64% (448/700)
2026-10-09T17:04:20.1234243Z Updating files:  65% (455/700)
2026-10-09T17:04:20.1256177Z Updating files:  66% (462/700)
2026-10-09T17:04:20.1260907Z Updating files:  67% (469/700)
2026-10-09T17:04:20.1271588Z Updating files:  68% (476/700)
2026-10-09T17:04:20.1271919Z Updating files:  69% (483/700)
2026-10-09T17:04:20.1273983Z Updating files:  70% (490/700)
2026-10-09T17:04:20.1276865Z Updating files:  71% (497/700)
2026-10-09T17:04:20.1280233Z Updating files:  72% (504/700)
2026-10-09T17:04:20.1284404Z Updating files:  73% (511/700)
2026-10-09T17:04:20.1290245Z Updating files:  74% (518/700)
2026-10-09T17:04:20.1292837Z Updating files:  75% (525/700)
2026-10-09T17:04:20.1296009Z Updating files:  76% (532/700)
2026-10-09T17:04:20.1299637Z Updating files:  77% (539/700)
2026-10-09T17:04:20.1302379Z Updating files:  78% (546/700)
2026-10-09T17:04:20.1308719Z Updating files:  79% (553/700)
2026-10-09T17:04:20.1312062Z Updating files:  80% (560/700)
2026-10-09T17:04:20.1314218Z Updating files:  81% (567/700)
2026-10-09T17:04:20.1317451Z Updating files:  82% (574/700)
2026-10-09T17:04:20.1320628Z Updating files:  83% (581/700)
2026-10-09T17:04:20.1341375Z Updating files:  84% (588/700)
2026-10-09T17:04:20.1343509Z Updating files:  85% (595/700)
2026-10-09T17:04:20.1345554Z Updating files:  86% (602/700)
2026-10-09T17:04:20.1360238Z Updating files:  87% (609/700)
2026-10-09T17:04:20.1364931Z Updating files:  88% (616/700)
2026-10-09T17:04:20.1367106Z Updating files:  89% (623/700)
2026-10-09T17:04:20.1368901Z Updating files:  90% (630/700)
2026-10-09T17:04:20.1372273Z Updating files:  91% (637/700)
2026-10-09T17:04:20.1374702Z Updating files:  92% (644/700)
2026-10-09T17:04:20.1377615Z Updating files:  93% (651/700)
2026-10-09T17:04:20.1383135Z Updating files:  94% (658/700)
2026-10-09T17:04:20.1384708Z Updating files:  95% (665/700)
2026-10-09T17:04:20.1388408Z Updating files:  96% (672/700)
2026-10-09T17:04:20.1391257Z Updating files:  97% (679/700)
2026-10-09T17:04:20.1394269Z Updating files:  98% (686/700)
2026-10-09T17:04:20.1397615Z Updating files:  99% (693/700)
2026-10-09T17:04:20.1397823Z Updating files: 100% (700/700)
2026-10-09T17:04:20.1398022Z Updating files: 100% (700/700), done.
2026-10-09T17:04:20.1481231Z Switched to a new branch 'research/uqcf-overlapping-guard-exchange'
2026-10-09T17:04:20.1481918Z branch 'research/uqcf-overlapping-guard-exchange' set up to track 'origin/research/uqcf-overlapping-guard-exchange'.
2026-10-09T17:04:20.1490918Z ##[endgroup]
2026-10-09T17:04:20.1530079Z [command]/usr/bin/git log -1 --format=%H
2026-10-09T17:04:20.1552399Z 9a559996ffc552c0ed623f2cd8b93bbf14de337a
2026-10-09T17:04:20.1558850Z ##[group]Removing auth
2026-10-09T17:04:20.1561253Z [command]/usr/bin/git config --local --name-only --get-regexp core\.sshCommand
2026-10-09T17:04:20.1585341Z [command]/usr/bin/git submodule foreach --recursive sh -c "git config --local --name-only --get-regexp 'core\.sshCommand' && git config --local --unset-all 'core.sshCommand' || :"
2026-10-09T17:04:20.1776925Z [command]/usr/bin/git config --local --name-only --get-regexp http\.https\:\/\/github\.com\/\.extraheader
2026-10-09T17:04:20.1873041Z http.https://github.com/.extraheader
2026-10-09T17:04:20.1879109Z [command]/usr/bin/git config --local --unset-all http.https://github.com/.extraheader
2026-10-09T17:04:20.2369427Z [command]/usr/bin/git submodule foreach --recursive sh -c "git config --local --name-only --get-regexp 'http\.https\:\/\/github\.com\/\.extraheader' && git config --local --unset-all 'http.https://github.com/.extraheader' || :"
2026-10-09T17:04:20.2609295Z [command]/usr/bin/git config --local --name-only --get-regexp ^includeIf\.gitdir:
2026-10-09T17:04:20.2610375Z [command]/usr/bin/git submodule foreach --recursive git config --local --show-origin --name-only --get-regexp remote.origin.url
2026-10-09T17:04:20.2760518Z ##[endgroup]
2026-10-09T17:04:20.2980344Z ##[group]Run actions/download-artifact@v4
2026-10-09T17:04:20.2980513Z with:
2026-10-09T17:04:20.2980631Z   name: c3-fixed_family-verification
2026-10-09T17:04:20.2980781Z   path: fixed_family_verification
2026-10-09T17:04:20.2980921Z   merge-multiple: false
2026-10-09T17:04:20.2981067Z   repository: proteinfoldingengine/WetLabEngine
2026-10-09T17:04:20.2981344Z   run-id: 37963607345
2026-10-09T17:04:20.2981461Z ##[endgroup]
2026-10-09T17:04:20.3933686Z Downloading single artifact
2026-10-09T17:04:20.4027884Z (node:2193) [DEP0040] DeprecationWarning: The `punycode` module is deprecated. Please use a userland alternative instead.
2026-10-09T17:04:20.4028585Z (Use `node --trace-deprecation ...` to show where the warning was created)
2026-10-09T17:04:20.5618019Z Preparing to download the following artifacts:
2026-10-09T17:04:20.5618714Z - c3-fixed_family-verification (ID: 11632017852, Size: 63816, Expected Digest: sha256:e1b8925b539467335e73ea4c02728c4a35cfd9173d3a7cc438eba0924bcf7560)
2026-10-09T17:04:20.7442671Z Redirecting to blob download url: https://productionresultssa11.blob.core.windows.net/actions-results/ff5d002e-c5cc-88da-a134-d00a6c00656c/workflow-job-run-e648b828-18b7-5c75-8e73-72c80af96000/artifacts/c2bc21519510fde3b77ea3f9507e7df89c08c28039ee7b60a08307888b0afdd7.zip
2026-10-09T17:04:20.7444140Z Starting download of artifact to: /home/runner/work/WetLabEngine/WetLabEngine/fixed_family_verification
2026-10-09T17:04:20.8773138Z (node:2193) [DEP0005] DeprecationWarning: Buffer() is deprecated due to security and usability issues. Please use the Buffer.alloc(), Buffer.allocUnsafe(), or Buffer.from() methods instead.
2026-10-09T17:04:20.9074803Z SHA256 digest of downloaded artifact is e1b8925b539467335e73ea4c02728c4a35cfd9173d3a7cc438eba0924bcf7560
2026-10-09T17:04:20.9075326Z Artifact download completed successfully.
2026-10-09T17:04:20.9075628Z Total of 1 artifact(s) downloaded
2026-10-09T17:04:20.9079393Z Download artifact has finished successfully
2026-10-09T17:04:20.9852010Z ##[group]Run python3 research_snapshot/.github/scripts/c3_fixed_family_review.py
2026-10-09T17:04:20.9852380Z [36;1mpython3 research_snapshot/.github/scripts/c3_fixed_family_review.py[0m
2026-10-09T17:04:21.0462069Z shell: /usr/bin/bash -e {0}
2026-10-09T17:04:21.0462241Z env:
2026-10-09T17:04:21.0462585Z   GEMINI_API_KEY: ***
2026-10-09T17:04:21.0462709Z ##[endgroup]
2026-10-09T17:04:53.7192459Z Handoff independent verdict: ACCEPTED
2026-10-09T17:04:53.7192724Z Missing assumptions: 0
2026-10-09T17:04:53.7192867Z Counterexamples: 0
2026-10-09T17:04:53.7193174Z Response SHA256: 10cd5fd019adcf9d02f4b464d6d6430a5837284359e7af9a27cd4557776147d2
2026-10-09T17:04:53.7193558Z This is not scientific certification.
2026-10-09T17:04:53.7319084Z ##[group]Run actions/upload-artifact@v4
2026-10-09T17:04:53.7319255Z with:
2026-10-09T17:04:53.7319380Z   name: c3-fixed_family-review
2026-10-09T17:04:53.7319532Z   path: fixed_family_review/
2026-10-09T17:04:53.7319676Z   if-no-files-found: warn
2026-10-09T17:04:53.7319813Z   compression-level: 6
2026-10-09T17:04:53.7319943Z   overwrite: false
2026-10-09T17:04:53.7320068Z   include-hidden-files: false
2026-10-09T17:04:53.7320208Z ##[endgroup]
2026-10-09T17:04:53.8386091Z (node:2218) [DEP0040] DeprecationWarning: The `punycode` module is deprecated. Please use a userland alternative instead.
2026-10-09T17:04:53.8386712Z (Use `node --trace-deprecation ...` to show where the warning was created)
2026-10-09T17:04:53.8463487Z With the provided path, there will be 2 files uploaded
2026-10-09T17:04:53.8464586Z Artifact name is valid!
2026-10-09T17:04:53.8464839Z Root directory input is valid!
2026-10-09T17:04:54.1122411Z Beginning upload of artifact content to blob storage
2026-10-09T17:04:54.1237215Z (node:2218) [DEP0169] DeprecationWarning: `url.parse()` behavior is not standardized and prone to errors that have security implications. Use the WHATWG URL API instead. CVEs are not issued for `url.parse()` vulnerabilities.
2026-10-09T17:04:54.2554409Z Uploaded bytes 2884
2026-10-09T17:04:54.2936144Z Finished uploading artifact content to blob storage!
2026-10-09T17:04:54.2936753Z SHA256 digest of uploaded artifact zip is 0dac83cc2bbc7117b096ff74b930ed549fd55e31f8c2b18adea158e4816d35a5
2026-10-09T17:04:54.2937455Z Finalizing artifact upload
2026-10-09T17:04:54.5070668Z Artifact c3-fixed_family-review.zip successfully finalized. Artifact ID 11631603693
2026-10-09T17:04:54.5071313Z Artifact c3-fixed_family-review has been successfully uploaded! Final size is 2884 bytes. Artifact ID is 11631603693
2026-10-09T17:04:54.5075819Z Artifact download URL: https://github.com/proteinfoldingengine/WetLabEngine/actions/runs/37963607345/artifacts/11631603693
2026-10-09T17:04:54.5215519Z Post job cleanup.
2026-10-09T17:04:54.5734372Z [command]/usr/bin/git version
2026-10-09T17:04:54.5765752Z git version 2.55.0
2026-10-09T17:04:54.5787954Z Temporarily overriding HOME='/home/runner/work/_temp/20e12b1a-3741-48e4-b7ce-011fc5645d46' before making global git config changes
2026-10-09T17:04:54.5788669Z Adding repository directory to the temporary git global config as a safe directory
2026-10-09T17:04:54.5793062Z [command]/usr/bin/git config --global --add safe.directory /home/runner/work/WetLabEngine/WetLabEngine/research_snapshot
2026-10-09T17:04:54.5821906Z [command]/usr/bin/git config --local --name-only --get-regexp core\.sshCommand
2026-10-09T17:04:54.5854470Z [command]/usr/bin/git submodule foreach --recursive sh -c "git config --local --name-only --get-regexp 'core\.sshCommand' && git config --local --unset-all 'core.sshCommand' || :"
2026-10-09T17:04:54.6057785Z [command]/usr/bin/git config --local --name-only --get-regexp http\.https\:\/\/github\.com\/\.extraheader
2026-10-09T17:04:54.6085189Z [command]/usr/bin/git submodule foreach --recursive sh -c "git config --local --name-only --get-regexp 'http\.https\:\/\/github\.com\/\.extraheader' && git config --local --unset-all 'http.https://github.com/.extraheader' || :"
2026-10-09T17:04:54.6283950Z [command]/usr/bin/git config --local --name-only --get-regexp ^includeIf\.gitdir:
2026-10-09T17:04:54.6312017Z [command]/usr/bin/git submodule foreach --recursive git config --local --show-origin --name-only --get-regexp remote.origin.url
2026-10-09T17:04:54.6598377Z Cleaning up orphan processes
2026-10-09T17:04:54.6809648Z ##[warning]Node.js 20 is deprecated. The following actions target Node.js 20 but are being forced to run on Node.js 24: actions/checkout@v4, actions/download-artifact@v4, actions/upload-artifact@v4. For more information see: https://github.blog/changelog/2025-09-19-deprecation-of-node-20-on-github-actions-runners/
