2026-10-09T17:04:58.7623365Z Current runner version: '2.337.0'
2026-10-09T17:04:58.7648395Z ##[group]Runner Image Provisioner
2026-10-09T17:04:58.7649132Z Hosted Compute Agent
2026-10-09T17:04:58.7649591Z Version: 20261002.596
2026-10-09T17:04:58.7650123Z Commit: c3d12f3313a95f25162a1503be624f3b0617f8c0
2026-10-09T17:04:58.7650732Z Build Date: 2026-10-02T22:28:27Z
2026-10-09T17:04:58.7651300Z Worker ID: {571c1b5d-1e63-4a52-92b6-b52b35e985d7}
2026-10-09T17:04:58.7651858Z Region: centralus
2026-10-09T17:04:58.7652282Z Cloud: Azure
2026-10-09T17:04:58.7652811Z ##[endgroup]
2026-10-09T17:04:58.7654212Z ##[group]Operating System
2026-10-09T17:04:58.7655136Z Ubuntu
2026-10-09T17:04:58.7655581Z 24.04.5
2026-10-09T17:04:58.7655976Z LTS
2026-10-09T17:04:58.7656457Z ##[endgroup]
2026-10-09T17:04:58.7656892Z ##[group]Runner Image
2026-10-09T17:04:58.7657390Z Image: ubuntu-24.04
2026-10-09T17:04:58.7657881Z Version: 20261004.327.1
2026-10-09T17:04:58.7658866Z Included Software: https://github.com/actions/runner-images/blob/ubuntu24/20261004.327/images/ubuntu/Ubuntu2404-Readme.md
2026-10-09T17:04:58.7660097Z Image Release: https://github.com/actions/runner-images/releases/tag/ubuntu24%2F20261004.327
2026-10-09T17:04:58.7660901Z ##[endgroup]
2026-10-09T17:04:58.7661764Z ##[group]GITHUB_TOKEN Permissions
2026-10-09T17:04:58.7664146Z Contents: read
2026-10-09T17:04:58.7664666Z Metadata: read
2026-10-09T17:04:58.7665131Z ##[endgroup]
2026-10-09T17:04:58.7667153Z Secret source: Actions
2026-10-09T17:04:58.7667921Z Cache mode: write
2026-10-09T17:04:58.7668554Z Prepare workflow directory
2026-10-09T17:04:58.9191409Z Prepare all required actions
2026-10-09T17:04:58.9229397Z Getting action download info
2026-10-09T17:04:59.1562039Z Download action repository 'actions/checkout@v4' (SHA:11d5960a326750d5838078e36cf38b85af677262)
2026-10-09T17:04:59.4432701Z Download action repository 'actions/download-artifact@v4' (SHA:d3f86a106a0bac45b974a628896c90dbdf5c8093)
2026-10-09T17:05:00.6064823Z Download action repository 'actions/upload-artifact@v4' (SHA:ea165f8d65b6e75b540449e92b4886f43607fa02)
2026-10-09T17:05:01.3224994Z Complete job name: publication-audit
2026-10-09T17:05:01.3871579Z ##[group]Run actions/checkout@v4
2026-10-09T17:05:01.3872732Z with:
2026-10-09T17:05:01.3873387Z   path: research_snapshot
2026-10-09T17:05:01.3874331Z   persist-credentials: false
2026-10-09T17:05:01.3875567Z   sparse-checkout: ResearchHistory/UQCF-GEM/research/physical-bridge
.github/scripts

2026-10-09T17:05:01.3876906Z   repository: proteinfoldingengine/WetLabEngine
2026-10-09T17:05:01.3882755Z   token: ***
2026-10-09T17:05:01.3883399Z   ssh-strict: true
2026-10-09T17:05:01.3884147Z   ssh-user: git
2026-10-09T17:05:01.3884852Z   clean: true
2026-10-09T17:05:01.3885583Z   sparse-checkout-cone-mode: true
2026-10-09T17:05:01.3886374Z   fetch-depth: 1
2026-10-09T17:05:01.3887038Z   fetch-tags: false
2026-10-09T17:05:01.3887723Z   show-progress: true
2026-10-09T17:05:01.3888417Z   lfs: false
2026-10-09T17:05:01.3889116Z   submodules: false
2026-10-09T17:05:01.3889809Z   set-safe-directory: true
2026-10-09T17:05:01.3890621Z   allow-unsafe-pr-checkout: false
2026-10-09T17:05:01.3891700Z ##[endgroup]
2026-10-09T17:05:01.4692321Z Syncing repository: proteinfoldingengine/WetLabEngine
2026-10-09T17:05:01.4695035Z ##[group]Getting Git version info
2026-10-09T17:05:01.4696303Z Working directory is '/home/runner/work/WetLabEngine/WetLabEngine/research_snapshot'
2026-10-09T17:05:01.4698283Z [command]/usr/bin/git version
2026-10-09T17:05:01.4825920Z git version 2.55.0
2026-10-09T17:05:01.4844422Z ##[endgroup]
2026-10-09T17:05:01.4859732Z Temporarily overriding HOME='/home/runner/work/_temp/daed5ce7-b8ad-49a7-b43e-9027c054212a' before making global git config changes
2026-10-09T17:05:01.4861913Z Adding repository directory to the temporary git global config as a safe directory
2026-10-09T17:05:01.4864559Z [command]/usr/bin/git config --global --add safe.directory /home/runner/work/WetLabEngine/WetLabEngine/research_snapshot
2026-10-09T17:05:01.4918023Z ##[group]Initializing the repository
2026-10-09T17:05:01.4922650Z [command]/usr/bin/git init /home/runner/work/WetLabEngine/WetLabEngine/research_snapshot
2026-10-09T17:05:01.5062421Z hint: Using 'master' as the name for the initial branch. This default branch name
2026-10-09T17:05:01.5064548Z hint: will change to "main" in Git 3.0. To configure the initial branch name
2026-10-09T17:05:01.5066438Z hint: to use in all of your new repositories, which will suppress this warning,
2026-10-09T17:05:01.5067624Z hint: call:
2026-10-09T17:05:01.5068272Z hint:
2026-10-09T17:05:01.5069092Z hint: 	git config --global init.defaultBranch <name>
2026-10-09T17:05:01.5070187Z hint:
2026-10-09T17:05:01.5071361Z hint: Names commonly chosen instead of 'master' are 'main', 'trunk' and
2026-10-09T17:05:01.5073068Z hint: 'development'. The just-created branch can be renamed via this command:
2026-10-09T17:05:01.5074364Z hint:
2026-10-09T17:05:01.5075021Z hint: 	git branch -m <name>
2026-10-09T17:05:01.5075795Z hint:
2026-10-09T17:05:01.5076834Z hint: Disable this message with "git config set advice.defaultBranchName false"
2026-10-09T17:05:01.5079238Z Initialized empty Git repository in /home/runner/work/WetLabEngine/WetLabEngine/research_snapshot/.git/
2026-10-09T17:05:01.5082887Z [command]/usr/bin/git remote add origin https://github.com/proteinfoldingengine/WetLabEngine
2026-10-09T17:05:01.5125061Z ##[endgroup]
2026-10-09T17:05:01.5126584Z ##[group]Disabling automatic garbage collection
2026-10-09T17:05:01.5127909Z [command]/usr/bin/git config --local gc.auto 0
2026-10-09T17:05:01.5157866Z ##[endgroup]
2026-10-09T17:05:01.5158994Z ##[group]Setting up auth
2026-10-09T17:05:01.5164107Z [command]/usr/bin/git config --local --name-only --get-regexp core\.sshCommand
2026-10-09T17:05:01.5191544Z [command]/usr/bin/git submodule foreach --recursive sh -c "git config --local --name-only --get-regexp 'core\.sshCommand' && git config --local --unset-all 'core.sshCommand' || :"
2026-10-09T17:05:01.5490787Z [command]/usr/bin/git config --local --name-only --get-regexp http\.https\:\/\/github\.com\/\.extraheader
2026-10-09T17:05:01.5517614Z [command]/usr/bin/git submodule foreach --recursive sh -c "git config --local --name-only --get-regexp 'http\.https\:\/\/github\.com\/\.extraheader' && git config --local --unset-all 'http.https://github.com/.extraheader' || :"
2026-10-09T17:05:01.5666431Z [command]/usr/bin/git config --local --name-only --get-regexp ^includeIf\.gitdir:
2026-10-09T17:05:01.5692643Z [command]/usr/bin/git submodule foreach --recursive git config --local --show-origin --name-only --get-regexp remote.origin.url
2026-10-09T17:05:01.5839985Z [command]/usr/bin/git config --local http.https://github.com/.extraheader AUTHORIZATION: basic ***
2026-10-09T17:05:01.5875091Z ##[endgroup]
2026-10-09T17:05:01.5876506Z ##[group]Fetching the repository
2026-10-09T17:05:01.5884563Z [command]/usr/bin/git -c protocol.version=2 fetch --no-tags --prune --no-recurse-submodules --filter=blob:none --depth=1 origin +9a559996ffc552c0ed623f2cd8b93bbf14de337a:refs/remotes/origin/research/uqcf-overlapping-guard-exchange
2026-10-09T17:05:02.0920191Z From https://github.com/proteinfoldingengine/WetLabEngine
2026-10-09T17:05:02.0921174Z  * [new ref]         9a559996ffc552c0ed623f2cd8b93bbf14de337a -> origin/research/uqcf-overlapping-guard-exchange
2026-10-09T17:05:02.0923675Z ##[endgroup]
2026-10-09T17:05:02.0924638Z ##[group]Determining the checkout info
2026-10-09T17:05:02.0927126Z ##[endgroup]
2026-10-09T17:05:02.0927955Z ##[group]Setting up sparse checkout
2026-10-09T17:05:02.0933564Z [command]/usr/bin/git sparse-checkout set ResearchHistory/UQCF-GEM/research/physical-bridge .github/scripts
2026-10-09T17:05:02.0976869Z ##[endgroup]
2026-10-09T17:05:02.0977765Z ##[group]Checking out the ref
2026-10-09T17:05:02.0978847Z [command]/usr/bin/git checkout --progress --force -B research/uqcf-overlapping-guard-exchange refs/remotes/origin/research/uqcf-overlapping-guard-exchange
2026-10-09T17:05:03.0237938Z Switched to a new branch 'research/uqcf-overlapping-guard-exchange'
2026-10-09T17:05:03.0239309Z branch 'research/uqcf-overlapping-guard-exchange' set up to track 'origin/research/uqcf-overlapping-guard-exchange'.
2026-10-09T17:05:03.0263727Z ##[endgroup]
2026-10-09T17:05:03.0295536Z [command]/usr/bin/git log -1 --format=%H
2026-10-09T17:05:03.0318347Z 9a559996ffc552c0ed623f2cd8b93bbf14de337a
2026-10-09T17:05:03.0325829Z ##[group]Removing auth
2026-10-09T17:05:03.0329066Z [command]/usr/bin/git config --local --name-only --get-regexp core\.sshCommand
2026-10-09T17:05:03.0353693Z [command]/usr/bin/git submodule foreach --recursive sh -c "git config --local --name-only --get-regexp 'core\.sshCommand' && git config --local --unset-all 'core.sshCommand' || :"
2026-10-09T17:05:03.0545713Z [command]/usr/bin/git config --local --name-only --get-regexp http\.https\:\/\/github\.com\/\.extraheader
2026-10-09T17:05:03.0567271Z http.https://github.com/.extraheader
2026-10-09T17:05:03.0574541Z [command]/usr/bin/git config --local --unset-all http.https://github.com/.extraheader
2026-10-09T17:05:03.0601582Z [command]/usr/bin/git submodule foreach --recursive sh -c "git config --local --name-only --get-regexp 'http\.https\:\/\/github\.com\/\.extraheader' && git config --local --unset-all 'http.https://github.com/.extraheader' || :"
2026-10-09T17:05:03.0780162Z [command]/usr/bin/git config --local --name-only --get-regexp ^includeIf\.gitdir:
2026-10-09T17:05:03.0806396Z [command]/usr/bin/git submodule foreach --recursive git config --local --show-origin --name-only --get-regexp remote.origin.url
2026-10-09T17:05:03.0975750Z ##[endgroup]
2026-10-09T17:05:03.1164982Z ##[group]Run actions/download-artifact@v4
2026-10-09T17:05:03.1165335Z with:
2026-10-09T17:05:03.1165596Z   name: c3-fixed_family-verification
2026-10-09T17:05:03.1165911Z   path: fixed_family_verification
2026-10-09T17:05:03.1166206Z   merge-multiple: false
2026-10-09T17:05:03.1166519Z   repository: proteinfoldingengine/WetLabEngine
2026-10-09T17:05:03.1166883Z   run-id: 37963607345
2026-10-09T17:05:03.1167128Z ##[endgroup]
2026-10-09T17:05:03.2380606Z Downloading single artifact
2026-10-09T17:05:03.2499174Z (node:2162) [DEP0040] DeprecationWarning: The `punycode` module is deprecated. Please use a userland alternative instead.
2026-10-09T17:05:03.2499872Z (Use `node --trace-deprecation ...` to show where the warning was created)
2026-10-09T17:05:03.4155795Z Preparing to download the following artifacts:
2026-10-09T17:05:03.4156661Z - c3-fixed_family-verification (ID: 11632017852, Size: 63816, Expected Digest: sha256:e1b8925b539467335e73ea4c02728c4a35cfd9173d3a7cc438eba0924bcf7560)
2026-10-09T17:05:03.6076391Z Redirecting to blob download url: https://productionresultssa11.blob.core.windows.net/actions-results/ff5d002e-c5cc-88da-a134-d00a6c00656c/workflow-job-run-e648b828-18b7-5c75-8e73-72c80af96000/artifacts/c2bc21519510fde3b77ea3f9507e7df89c08c28039ee7b60a08307888b0afdd7.zip
2026-10-09T17:05:03.6077558Z Starting download of artifact to: /home/runner/work/WetLabEngine/WetLabEngine/fixed_family_verification
2026-10-09T17:05:03.7418307Z (node:2162) [DEP0005] DeprecationWarning: Buffer() is deprecated due to security and usability issues. Please use the Buffer.alloc(), Buffer.allocUnsafe(), or Buffer.from() methods instead.
2026-10-09T17:05:03.7913221Z SHA256 digest of downloaded artifact is e1b8925b539467335e73ea4c02728c4a35cfd9173d3a7cc438eba0924bcf7560
2026-10-09T17:05:03.7913748Z Artifact download completed successfully.
2026-10-09T17:05:03.7914331Z Total of 1 artifact(s) downloaded
2026-10-09T17:05:03.7917330Z Download artifact has finished successfully
2026-10-09T17:05:03.8033458Z ##[group]Run actions/download-artifact@v4
2026-10-09T17:05:03.8033842Z with:
2026-10-09T17:05:03.8034297Z   name: c3-fixed_family-review
2026-10-09T17:05:03.8034619Z   path: fixed_family_review
2026-10-09T17:05:03.8034898Z   merge-multiple: false
2026-10-09T17:05:03.8035258Z   repository: proteinfoldingengine/WetLabEngine
2026-10-09T17:05:03.8035557Z   run-id: 37963607345
2026-10-09T17:05:03.8035784Z ##[endgroup]
2026-10-09T17:05:03.9165817Z Downloading single artifact
2026-10-09T17:05:03.9307374Z (node:2175) [DEP0040] DeprecationWarning: The `punycode` module is deprecated. Please use a userland alternative instead.
2026-10-09T17:05:03.9308434Z (Use `node --trace-deprecation ...` to show where the warning was created)
2026-10-09T17:05:04.0769555Z Preparing to download the following artifacts:
2026-10-09T17:05:04.0770253Z - c3-fixed_family-review (ID: 11631603693, Size: 2884, Expected Digest: sha256:0dac83cc2bbc7117b096ff74b930ed549fd55e31f8c2b18adea158e4816d35a5)
2026-10-09T17:05:04.2579061Z Redirecting to blob download url: https://productionresultssa11.blob.core.windows.net/actions-results/ff5d002e-c5cc-88da-a134-d00a6c00656c/workflow-job-run-40e177c5-a76e-526b-940a-c13d96dbacbf/artifacts/fc62f1a54cc98ea3a1771fb1541195c0cf9675083687c839e06cb033e284509f.zip
2026-10-09T17:05:04.2580143Z Starting download of artifact to: /home/runner/work/WetLabEngine/WetLabEngine/fixed_family_review
2026-10-09T17:05:04.4358807Z (node:2175) [DEP0005] DeprecationWarning: Buffer() is deprecated due to security and usability issues. Please use the Buffer.alloc(), Buffer.allocUnsafe(), or Buffer.from() methods instead.
2026-10-09T17:05:04.4413423Z SHA256 digest of downloaded artifact is 0dac83cc2bbc7117b096ff74b930ed549fd55e31f8c2b18adea158e4816d35a5
2026-10-09T17:05:04.4414211Z Artifact download completed successfully.
2026-10-09T17:05:04.4414551Z Total of 1 artifact(s) downloaded
2026-10-09T17:05:04.4417951Z Download artifact has finished successfully
2026-10-09T17:05:04.4515971Z ##[group]Run set -euo pipefail
2026-10-09T17:05:04.4516505Z [36;1mset -euo pipefail[0m
2026-10-09T17:05:04.4516901Z [36;1mROOT=research_snapshot/ResearchHistory/UQCF-GEM/research/physical-bridge[0m
2026-10-09T17:05:04.4517420Z [36;1mpython3 "$ROOT/fixed_family/producer.py" /tmp/publication-certificate.json[0m
2026-10-09T17:05:04.4517907Z [36;1mcmp /tmp/publication-certificate.json fixed_family_verification/certificate.json[0m
2026-10-09T17:05:04.4518453Z [36;1mpython3 "$ROOT/fixed_family/independent.py" /tmp/publication-certificate.json[0m
2026-10-09T17:05:04.4518858Z [36;1mpython3 - <<'PY'[0m
2026-10-09T17:05:04.4519143Z [36;1mimport json,hashlib,pathlib,os[0m
2026-10-09T17:05:04.4519531Z [36;1mm=json.loads(pathlib.Path('fixed_family_review/manifest.json').read_text())[0m
2026-10-09T17:05:04.4520127Z [36;1mif m['research_commit']!=os.environ['GITHUB_SHA'] or m['workflow_commit']!=os.environ['GITHUB_SHA']: raise ValueError('commit provenance')[0m
2026-10-09T17:05:04.4520729Z [36;1mfor n,h in m['input_sha256'].items():[0m
2026-10-09T17:05:04.4521326Z [36;1m    p=(pathlib.Path('fixed_family_verification')/n[9:]) if n.startswith('EVIDENCE/') else (pathlib.Path('research_snapshot/ResearchHistory/UQCF-GEM/research/physical-bridge')/n)[0m
2026-10-09T17:05:04.4522081Z [36;1m    if hashlib.sha256(p.read_bytes()).hexdigest()!=h: raise ValueError('input hash '+n)[0m
2026-10-09T17:05:04.4522624Z [36;1mraw=pathlib.Path('fixed_family_review/review.txt').read_bytes()[0m
2026-10-09T17:05:04.4523086Z [36;1mif hashlib.sha256(raw).hexdigest()!=m['response_sha256']: raise ValueError('response hash')[0m
2026-10-09T17:05:04.4523602Z [36;1mprovenance=pathlib.Path('fixed_family_verification/provenance.txt').read_text()[0m
2026-10-09T17:05:04.4524370Z [36;1mif provenance!=f"scientific_sha={os.environ['GITHUB_SHA']}\nworkflow_sha={os.environ['GITHUB_SHA']}\n": raise ValueError('execution provenance')[0m
2026-10-09T17:05:04.4525317Z [36;1mgate={'status':'PASS','scientific_commit':os.environ['GITHUB_SHA'],'verified_review_inputs':len(m['input_sha256']),'certificate_reproduced_byte_exact':True,'independent_full_reconstruction':True,'response_sha256':m['response_sha256']}[0m
2026-10-09T17:05:04.4526112Z [36;1mpathlib.Path('fixed_family_gate.json').write_text(json.dumps(gate,indent=2)+'\n')[0m
2026-10-09T17:05:04.4526541Z [36;1mprint(json.dumps(gate))[0m
2026-10-09T17:05:04.4526796Z [36;1mPY[0m
2026-10-09T17:05:04.4955089Z shell: /usr/bin/bash --noprofile --norc -e -o pipefail {0}
2026-10-09T17:05:04.4955508Z ##[endgroup]
2026-10-09T17:05:04.7270883Z {"states": 4096, "protected_states": 3088, "fibers": 4032, "categories": {"forced_true": 1008, "forced_false": 944, "mixed": 2080}, "protected_fiber_memberships": 194544, "preparable": 1008}
2026-10-09T17:05:05.0294548Z PASS independent complete native completion-fiber and preparation classification
2026-10-09T17:05:05.0570234Z {"status": "PASS", "scientific_commit": "9a559996ffc552c0ed623f2cd8b93bbf14de337a", "verified_review_inputs": 16, "certificate_reproduced_byte_exact": true, "independent_full_reconstruction": true, "response_sha256": "10cd5fd019adcf9d02f4b464d6d6430a5837284359e7af9a27cd4557776147d2"}
2026-10-09T17:05:05.0660728Z ##[group]Run python3 research_snapshot/.github/scripts/c3_fixed_family_review.py
2026-10-09T17:05:05.0661315Z [36;1mpython3 research_snapshot/.github/scripts/c3_fixed_family_review.py[0m
2026-10-09T17:05:05.0698316Z shell: /usr/bin/bash -e {0}
2026-10-09T17:05:05.0698672Z env:
2026-10-09T17:05:05.0699289Z   GEMINI_API_KEY: ***
2026-10-09T17:05:05.0699569Z   REVIEW_PHASE: publication
2026-10-09T17:05:05.0699898Z ##[endgroup]
2026-10-09T17:05:17.5143149Z Handoff independent verdict: ACCEPTED
2026-10-09T17:05:17.5143680Z Missing assumptions: 0
2026-10-09T17:05:17.5144100Z Counterexamples: 0
2026-10-09T17:05:17.5144538Z Response SHA256: a1adc32dd78c6be9c0dc6aa4dfb94f70314750b8d9ceb411d9b1472ccef0bb16
2026-10-09T17:05:17.5145026Z This is not scientific certification.
2026-10-09T17:05:17.5297211Z ##[group]Run actions/upload-artifact@v4
2026-10-09T17:05:17.5297605Z with:
2026-10-09T17:05:17.5297876Z   name: c3-fixed_family-publication
2026-10-09T17:05:17.5298321Z   path: fixed_family_publication/
fixed_family_gate.json

2026-10-09T17:05:17.5298685Z   if-no-files-found: warn
2026-10-09T17:05:17.5299134Z   compression-level: 6
2026-10-09T17:05:17.5299443Z   overwrite: false
2026-10-09T17:05:17.5299799Z   include-hidden-files: false
2026-10-09T17:05:17.5300147Z ##[endgroup]
2026-10-09T17:05:17.6663602Z (node:2200) [DEP0040] DeprecationWarning: The `punycode` module is deprecated. Please use a userland alternative instead.
2026-10-09T17:05:17.6664527Z (Use `node --trace-deprecation ...` to show where the warning was created)
2026-10-09T17:05:17.6722933Z Multiple search paths detected. Calculating the least common ancestor of all paths
2026-10-09T17:05:17.6724934Z The least common ancestor is /home/runner/work/WetLabEngine/WetLabEngine. This will be the root directory of the artifact
2026-10-09T17:05:17.6725744Z With the provided path, there will be 3 files uploaded
2026-10-09T17:05:17.6726703Z Artifact name is valid!
2026-10-09T17:05:17.6727174Z Root directory input is valid!
2026-10-09T17:05:17.9375771Z Beginning upload of artifact content to blob storage
2026-10-09T17:05:17.9545982Z (node:2200) [DEP0169] DeprecationWarning: `url.parse()` behavior is not standardized and prone to errors that have security implications. Use the WHATWG URL API instead. CVEs are not issued for `url.parse()` vulnerabilities.
2026-10-09T17:05:18.0719730Z Uploaded bytes 3543
2026-10-09T17:05:18.1108048Z Finished uploading artifact content to blob storage!
2026-10-09T17:05:18.1109259Z SHA256 digest of uploaded artifact zip is c5883c9e8b5d55067ebf7751622c1d66abe0d7efb54619763a938ccde439c475
2026-10-09T17:05:18.1110071Z Finalizing artifact upload
2026-10-09T17:05:18.3614856Z Artifact c3-fixed_family-publication.zip successfully finalized. Artifact ID 11632502393
2026-10-09T17:05:18.3615607Z Artifact c3-fixed_family-publication has been successfully uploaded! Final size is 3543 bytes. Artifact ID is 11632502393
2026-10-09T17:05:18.3621663Z Artifact download URL: https://github.com/proteinfoldingengine/WetLabEngine/actions/runs/37963607345/artifacts/11632502393
2026-10-09T17:05:18.3774764Z Post job cleanup.
2026-10-09T17:05:18.4427801Z [command]/usr/bin/git version
2026-10-09T17:05:18.4457315Z git version 2.55.0
2026-10-09T17:05:18.4483737Z Temporarily overriding HOME='/home/runner/work/_temp/db8e2249-64bc-4514-b7e4-8e6240b31680' before making global git config changes
2026-10-09T17:05:18.4484851Z Adding repository directory to the temporary git global config as a safe directory
2026-10-09T17:05:18.4487701Z [command]/usr/bin/git config --global --add safe.directory /home/runner/work/WetLabEngine/WetLabEngine/research_snapshot
2026-10-09T17:05:18.4520518Z [command]/usr/bin/git config --local --name-only --get-regexp core\.sshCommand
2026-10-09T17:05:18.4547318Z [command]/usr/bin/git submodule foreach --recursive sh -c "git config --local --name-only --get-regexp 'core\.sshCommand' && git config --local --unset-all 'core.sshCommand' || :"
2026-10-09T17:05:18.4736567Z [command]/usr/bin/git config --local --name-only --get-regexp http\.https\:\/\/github\.com\/\.extraheader
2026-10-09T17:05:18.4759977Z [command]/usr/bin/git submodule foreach --recursive sh -c "git config --local --name-only --get-regexp 'http\.https\:\/\/github\.com\/\.extraheader' && git config --local --unset-all 'http.https://github.com/.extraheader' || :"
2026-10-09T17:05:18.4950042Z [command]/usr/bin/git config --local --name-only --get-regexp ^includeIf\.gitdir:
2026-10-09T17:05:18.4975310Z [command]/usr/bin/git submodule foreach --recursive git config --local --show-origin --name-only --get-regexp remote.origin.url
2026-10-09T17:05:18.5275887Z Cleaning up orphan processes
2026-10-09T17:05:18.5466797Z ##[warning]Node.js 20 is deprecated. The following actions target Node.js 20 but are being forced to run on Node.js 24: actions/checkout@v4, actions/download-artifact@v4, actions/upload-artifact@v4. For more information see: https://github.blog/changelog/2025-09-19-deprecation-of-node-20-on-github-actions-runners/
