2026-09-30T16:55:59.5445480Z Current runner version: '2.337.0'
2026-09-30T16:55:59.5476677Z ##[group]Runner Image Provisioner
2026-09-30T16:55:59.5477591Z Hosted Compute Agent
2026-09-30T16:55:59.5478203Z Version: 20260828.587
2026-09-30T16:55:59.5478919Z Commit: abac92662cab4cc7352de4f9f9d2e2419aad9c29
2026-09-30T16:55:59.5479663Z Build Date: 2026-08-28T16:44:25Z
2026-09-30T16:55:59.5480461Z Worker ID: {4cda90c1-304a-48eb-be39-653cea854401}
2026-09-30T16:55:59.5481264Z Azure Region: centralus
2026-09-30T16:55:59.5481902Z ##[endgroup]
2026-09-30T16:55:59.5484206Z ##[group]Operating System
2026-09-30T16:55:59.5484913Z Ubuntu
2026-09-30T16:55:59.5485545Z 24.04.5
2026-09-30T16:55:59.5486123Z LTS
2026-09-30T16:55:59.5486715Z ##[endgroup]
2026-09-30T16:55:59.5487407Z ##[group]Runner Image
2026-09-30T16:55:59.5488107Z Image: ubuntu-24.04
2026-09-30T16:55:59.5489191Z Version: 20260920.314.1
2026-09-30T16:55:59.5490596Z Included Software: https://github.com/actions/runner-images/blob/ubuntu24/20260920.314/images/ubuntu/Ubuntu2404-Readme.md
2026-09-30T16:55:59.5492278Z Image Release: https://github.com/actions/runner-images/releases/tag/ubuntu24%2F20260920.314
2026-09-30T16:55:59.5493782Z ##[endgroup]
2026-09-30T16:55:59.5495073Z ##[group]GITHUB_TOKEN Permissions
2026-09-30T16:55:59.5497549Z Actions: read
2026-09-30T16:55:59.5498262Z Contents: write
2026-09-30T16:55:59.5498839Z Metadata: read
2026-09-30T16:55:59.5499380Z ##[endgroup]
2026-09-30T16:55:59.5501940Z Secret source: Actions
2026-09-30T16:55:59.5502952Z Cache mode: write
2026-09-30T16:55:59.5504669Z Prepare workflow directory
2026-09-30T16:55:59.5858717Z Prepare all required actions
2026-09-30T16:55:59.5908521Z Getting action download info
2026-09-30T16:55:59.9032815Z Download action repository 'actions/checkout@11d5960a326750d5838078e36cf38b85af677262' (SHA:11d5960a326750d5838078e36cf38b85af677262)
2026-09-30T16:56:00.0100554Z Download action repository 'actions/setup-python@a26af69be951a213d495a4c3e4e4022e16d87065' (SHA:a26af69be951a213d495a4c3e4e4022e16d87065)
2026-09-30T16:56:00.0919767Z Download action repository 'actions/upload-artifact@ea165f8d65b6e75b540449e92b4886f43607fa02' (SHA:ea165f8d65b6e75b540449e92b4886f43607fa02)
2026-09-30T16:56:00.3140442Z Complete job name: publication
2026-09-30T16:56:00.3948443Z ##[group]Run actions/checkout@11d5960a326750d5838078e36cf38b85af677262
2026-09-30T16:56:00.3949544Z with:
2026-09-30T16:56:00.3949978Z   fetch-depth: 64
2026-09-30T16:56:00.3950510Z   repository: proteinfoldingengine/WetLabEngine
2026-09-30T16:56:00.3954912Z   token: ***
2026-09-30T16:56:00.3955369Z   ssh-strict: true
2026-09-30T16:56:00.3955811Z   ssh-user: git
2026-09-30T16:56:00.3956264Z   persist-credentials: true
2026-09-30T16:56:00.3956767Z   clean: true
2026-09-30T16:56:00.3957214Z   sparse-checkout-cone-mode: true
2026-09-30T16:56:00.3957733Z   fetch-tags: false
2026-09-30T16:56:00.3958176Z   show-progress: true
2026-09-30T16:56:00.3958624Z   lfs: false
2026-09-30T16:56:00.3959046Z   submodules: false
2026-09-30T16:56:00.3959499Z   set-safe-directory: true
2026-09-30T16:56:00.3960034Z   allow-unsafe-pr-checkout: false
2026-09-30T16:56:00.3960841Z ##[endgroup]
2026-09-30T16:56:00.5027521Z Syncing repository: proteinfoldingengine/WetLabEngine
2026-09-30T16:56:00.5031123Z ##[group]Getting Git version info
2026-09-30T16:56:00.5032540Z Working directory is '/home/runner/work/WetLabEngine/WetLabEngine'
2026-09-30T16:56:00.5034770Z [command]/usr/bin/git version
2026-09-30T16:56:00.5127030Z git version 2.55.0
2026-09-30T16:56:00.5165020Z ##[endgroup]
2026-09-30T16:56:00.5186087Z Temporarily overriding HOME='/home/runner/work/_temp/293741e2-0a21-430e-bb0a-8cc3e199411c' before making global git config changes
2026-09-30T16:56:00.5188592Z Adding repository directory to the temporary git global config as a safe directory
2026-09-30T16:56:00.5200048Z [command]/usr/bin/git config --global --add safe.directory /home/runner/work/WetLabEngine/WetLabEngine
2026-09-30T16:56:00.5275837Z Deleting the contents of '/home/runner/work/WetLabEngine/WetLabEngine'
2026-09-30T16:56:00.5280812Z ##[group]Initializing the repository
2026-09-30T16:56:00.5286800Z [command]/usr/bin/git init /home/runner/work/WetLabEngine/WetLabEngine
2026-09-30T16:56:00.5451885Z hint: Using 'master' as the name for the initial branch. This default branch name
2026-09-30T16:56:00.5453828Z hint: will change to "main" in Git 3.0. To configure the initial branch name
2026-09-30T16:56:00.5455330Z hint: to use in all of your new repositories, which will suppress this warning,
2026-09-30T16:56:00.5457074Z hint: call:
2026-09-30T16:56:00.5457725Z hint:
2026-09-30T16:56:00.5458529Z hint: 	git config --global init.defaultBranch <name>
2026-09-30T16:56:00.5459511Z hint:
2026-09-30T16:56:00.5460436Z hint: Names commonly chosen instead of 'master' are 'main', 'trunk' and
2026-09-30T16:56:00.5462121Z hint: 'development'. The just-created branch can be renamed via this command:
2026-09-30T16:56:00.5463550Z hint:
2026-09-30T16:56:00.5464200Z hint: 	git branch -m <name>
2026-09-30T16:56:00.5464948Z hint:
2026-09-30T16:56:00.5465963Z hint: Disable this message with "git config set advice.defaultBranchName false"
2026-09-30T16:56:00.5473402Z Initialized empty Git repository in /home/runner/work/WetLabEngine/WetLabEngine/.git/
2026-09-30T16:56:00.5485660Z [command]/usr/bin/git remote add origin https://github.com/proteinfoldingengine/WetLabEngine
2026-09-30T16:56:00.5545064Z ##[endgroup]
2026-09-30T16:56:00.5546276Z ##[group]Disabling automatic garbage collection
2026-09-30T16:56:00.5549277Z [command]/usr/bin/git config --local gc.auto 0
2026-09-30T16:56:00.5586862Z ##[endgroup]
2026-09-30T16:56:00.5588047Z ##[group]Setting up auth
2026-09-30T16:56:00.5596403Z [command]/usr/bin/git config --local --name-only --get-regexp core\.sshCommand
2026-09-30T16:56:00.5633440Z [command]/usr/bin/git submodule foreach --recursive sh -c "git config --local --name-only --get-regexp 'core\.sshCommand' && git config --local --unset-all 'core.sshCommand' || :"
2026-09-30T16:56:00.6069026Z [command]/usr/bin/git config --local --name-only --get-regexp http\.https\:\/\/github\.com\/\.extraheader
2026-09-30T16:56:00.6117617Z [command]/usr/bin/git submodule foreach --recursive sh -c "git config --local --name-only --get-regexp 'http\.https\:\/\/github\.com\/\.extraheader' && git config --local --unset-all 'http.https://github.com/.extraheader' || :"
2026-09-30T16:56:00.6385712Z [command]/usr/bin/git config --local --name-only --get-regexp ^includeIf\.gitdir:
2026-09-30T16:56:00.6429295Z [command]/usr/bin/git submodule foreach --recursive git config --local --show-origin --name-only --get-regexp remote.origin.url
2026-09-30T16:56:00.6663531Z [command]/usr/bin/git config --local http.https://github.com/.extraheader AUTHORIZATION: basic ***
2026-09-30T16:56:00.6705762Z ##[endgroup]
2026-09-30T16:56:00.6706596Z ##[group]Fetching the repository
2026-09-30T16:56:00.6717481Z [command]/usr/bin/git -c protocol.version=2 fetch --no-tags --prune --no-recurse-submodules --depth=64 origin +257958783fec742f1d6b9e7b9bca25548c3b2e01:refs/remotes/origin/research/v16.37-certified-closure
2026-09-30T16:56:10.8504974Z From https://github.com/proteinfoldingengine/WetLabEngine
2026-09-30T16:56:10.8507868Z  * [new ref]         257958783fec742f1d6b9e7b9bca25548c3b2e01 -> origin/research/v16.37-certified-closure
2026-09-30T16:56:10.8512236Z ##[endgroup]
2026-09-30T16:56:10.8514143Z ##[group]Determining the checkout info
2026-09-30T16:56:10.8515883Z ##[endgroup]
2026-09-30T16:56:10.8518841Z [command]/usr/bin/git sparse-checkout disable
2026-09-30T16:56:10.8583489Z [command]/usr/bin/git config --local --unset-all extensions.worktreeConfig
2026-09-30T16:56:10.8621314Z ##[group]Checking out the ref
2026-09-30T16:56:10.8626312Z [command]/usr/bin/git checkout --progress --force -B research/v16.37-certified-closure refs/remotes/origin/research/v16.37-certified-closure
2026-09-30T16:56:11.9791906Z Updating files:  53% (2956/5486)
2026-09-30T16:56:11.9825687Z Updating files:  54% (2963/5486)
2026-09-30T16:56:11.9878296Z Updating files:  55% (3018/5486)
2026-09-30T16:56:11.9911950Z Updating files:  56% (3073/5486)
2026-09-30T16:56:11.9939549Z Updating files:  57% (3128/5486)
2026-09-30T16:56:12.0244931Z Updating files:  58% (3182/5486)
2026-09-30T16:56:12.0688382Z Updating files:  59% (3237/5486)
2026-09-30T16:56:12.0713709Z Updating files:  60% (3292/5486)
2026-09-30T16:56:12.0735835Z Updating files:  61% (3347/5486)
2026-09-30T16:56:12.0868550Z Updating files:  62% (3402/5486)
2026-09-30T16:56:12.0957927Z Updating files:  63% (3457/5486)
2026-09-30T16:56:12.1112103Z Updating files:  64% (3512/5486)
2026-09-30T16:56:12.1219523Z Updating files:  65% (3566/5486)
2026-09-30T16:56:12.1248993Z Updating files:  66% (3621/5486)
2026-09-30T16:56:12.1655239Z Updating files:  67% (3676/5486)
2026-09-30T16:56:12.3100346Z Updating files:  68% (3731/5486)
2026-09-30T16:56:12.4877185Z Updating files:  69% (3786/5486)
2026-09-30T16:56:12.4897941Z Updating files:  70% (3841/5486)
2026-09-30T16:56:12.6674892Z Updating files:  71% (3896/5486)
2026-09-30T16:56:12.7386209Z Updating files:  72% (3950/5486)
2026-09-30T16:56:12.8366202Z Updating files:  73% (4005/5486)
2026-09-30T16:56:12.8735208Z Updating files:  74% (4060/5486)
2026-09-30T16:56:12.8886238Z Updating files:  74% (4091/5486)
2026-09-30T16:56:12.9004183Z Updating files:  75% (4115/5486)
2026-09-30T16:56:12.9072201Z Updating files:  76% (4170/5486)
2026-09-30T16:56:12.9562701Z Updating files:  77% (4225/5486)
2026-09-30T16:56:12.9595944Z Updating files:  78% (4280/5486)
2026-09-30T16:56:12.9630133Z Updating files:  79% (4334/5486)
2026-09-30T16:56:12.9662777Z Updating files:  80% (4389/5486)
2026-09-30T16:56:12.9695916Z Updating files:  81% (4444/5486)
2026-09-30T16:56:12.9728039Z Updating files:  82% (4499/5486)
2026-09-30T16:56:12.9768021Z Updating files:  83% (4554/5486)
2026-09-30T16:56:12.9798849Z Updating files:  84% (4609/5486)
2026-09-30T16:56:12.9842695Z Updating files:  85% (4664/5486)
2026-09-30T16:56:12.9977642Z Updating files:  86% (4718/5486)
2026-09-30T16:56:13.3654810Z Updating files:  87% (4773/5486)
2026-09-30T16:56:13.3722516Z Updating files:  88% (4828/5486)
2026-09-30T16:56:13.3984027Z Updating files:  89% (4883/5486)
2026-09-30T16:56:13.4240377Z Updating files:  90% (4938/5486)
2026-09-30T16:56:13.4390822Z Updating files:  91% (4993/5486)
2026-09-30T16:56:13.4806394Z Updating files:  92% (5048/5486)
2026-09-30T16:56:13.5113361Z Updating files:  93% (5102/5486)
2026-09-30T16:56:13.5160718Z Updating files:  94% (5157/5486)
2026-09-30T16:56:13.5204942Z Updating files:  95% (5212/5486)
2026-09-30T16:56:13.5304301Z Updating files:  96% (5267/5486)
2026-09-30T16:56:13.5354048Z Updating files:  97% (5322/5486)
2026-09-30T16:56:13.5496449Z Updating files:  98% (5377/5486)
2026-09-30T16:56:13.5542534Z Updating files:  99% (5432/5486)
2026-09-30T16:56:13.5543282Z Updating files: 100% (5486/5486)
2026-09-30T16:56:13.5543801Z Updating files: 100% (5486/5486), done.
2026-09-30T16:56:13.7286846Z Switched to a new branch 'research/v16.37-certified-closure'
2026-09-30T16:56:13.7296087Z branch 'research/v16.37-certified-closure' set up to track 'origin/research/v16.37-certified-closure'.
2026-09-30T16:56:13.7391432Z ##[endgroup]
2026-09-30T16:56:13.7443894Z [command]/usr/bin/git log -1 --format=%H
2026-09-30T16:56:13.7475547Z 257958783fec742f1d6b9e7b9bca25548c3b2e01
2026-09-30T16:56:13.7809648Z ##[group]Run actions/setup-python@a26af69be951a213d495a4c3e4e4022e16d87065
2026-09-30T16:56:13.7810085Z with:
2026-09-30T16:56:13.7810295Z   python-version: 3.11
2026-09-30T16:56:13.7810541Z   check-latest: false
2026-09-30T16:56:13.7813615Z   token: ***
2026-09-30T16:56:13.7813859Z   update-environment: true
2026-09-30T16:56:13.7814120Z   allow-prereleases: false
2026-09-30T16:56:13.7814353Z   freethreaded: false
2026-09-30T16:56:13.7814570Z ##[endgroup]
2026-09-30T16:56:13.9204140Z ##[group]Installed versions
2026-09-30T16:56:13.9326260Z (node:2253) [DEP0040] DeprecationWarning: The `punycode` module is deprecated. Please use a userland alternative instead.
2026-09-30T16:56:13.9327587Z (Use `node --trace-deprecation ...` to show where the warning was created)
2026-09-30T16:56:13.9350215Z Successfully set up CPython (3.11.16)
2026-09-30T16:56:13.9352162Z ##[endgroup]
2026-09-30T16:56:13.9517254Z ##[group]Run python -m pip install sympy==1.13.3 mpmath==1.3.0
2026-09-30T16:56:13.9518072Z [36;1mpython -m pip install sympy==1.13.3 mpmath==1.3.0[0m
2026-09-30T16:56:13.9873343Z shell: /usr/bin/bash -e {0}
2026-09-30T16:56:13.9873674Z env:
2026-09-30T16:56:13.9873993Z   pythonLocation: /opt/hostedtoolcache/Python/3.11.16/x64
2026-09-30T16:56:13.9874560Z   PKG_CONFIG_PATH: /opt/hostedtoolcache/Python/3.11.16/x64/lib/pkgconfig
2026-09-30T16:56:13.9875064Z   Python_ROOT_DIR: /opt/hostedtoolcache/Python/3.11.16/x64
2026-09-30T16:56:13.9875503Z   Python2_ROOT_DIR: /opt/hostedtoolcache/Python/3.11.16/x64
2026-09-30T16:56:13.9875950Z   Python3_ROOT_DIR: /opt/hostedtoolcache/Python/3.11.16/x64
2026-09-30T16:56:13.9876392Z   LD_LIBRARY_PATH: /opt/hostedtoolcache/Python/3.11.16/x64/lib
2026-09-30T16:56:13.9876762Z ##[endgroup]
2026-09-30T16:56:14.9523314Z Collecting sympy==1.13.3
2026-09-30T16:56:15.0295315Z   Downloading sympy-1.13.3-py3-none-any.whl.metadata (12 kB)
2026-09-30T16:56:15.0554249Z Collecting mpmath==1.3.0
2026-09-30T16:56:15.0690249Z   Downloading mpmath-1.3.0-py3-none-any.whl.metadata (8.6 kB)
2026-09-30T16:56:15.0943927Z Downloading sympy-1.13.3-py3-none-any.whl (6.2 MB)
2026-09-30T16:56:15.2309112Z    ━━━━━━━━━━━━━━━━━━━━━━━━━━━━━━━━━━━━━━━━ 6.2/6.2 MB 59.9 MB/s  0:00:00
2026-09-30T16:56:15.2440012Z Downloading mpmath-1.3.0-py3-none-any.whl (536 kB)
2026-09-30T16:56:15.2497378Z    ━━━━━━━━━━━━━━━━━━━━━━━━━━━━━━━━━━━━━━━━ 536.2/536.2 kB 85.5 MB/s  0:00:00
2026-09-30T16:56:15.3287495Z Installing collected packages: mpmath, sympy
2026-09-30T16:56:21.1439382Z 
2026-09-30T16:56:21.1448798Z Successfully installed mpmath-1.3.0 sympy-1.13.3
2026-09-30T16:56:21.2005378Z ##[group]Run python ResearchHistory/UQCF-GEM/demos/v16.37-certified-closure/publication.py download "$GITHUB_RUN_ID" out/download
2026-09-30T16:56:21.2006933Z [36;1mpython ResearchHistory/UQCF-GEM/demos/v16.37-certified-closure/publication.py download "$GITHUB_RUN_ID" out/download[0m
2026-09-30T16:56:21.2076071Z shell: /usr/bin/bash -e {0}
2026-09-30T16:56:21.2076345Z env:
2026-09-30T16:56:21.2076633Z   pythonLocation: /opt/hostedtoolcache/Python/3.11.16/x64
2026-09-30T16:56:21.2077113Z   PKG_CONFIG_PATH: /opt/hostedtoolcache/Python/3.11.16/x64/lib/pkgconfig
2026-09-30T16:56:21.2077603Z   Python_ROOT_DIR: /opt/hostedtoolcache/Python/3.11.16/x64
2026-09-30T16:56:21.2078026Z   Python2_ROOT_DIR: /opt/hostedtoolcache/Python/3.11.16/x64
2026-09-30T16:56:21.2078442Z   Python3_ROOT_DIR: /opt/hostedtoolcache/Python/3.11.16/x64
2026-09-30T16:56:21.2078870Z   LD_LIBRARY_PATH: /opt/hostedtoolcache/Python/3.11.16/x64/lib
2026-09-30T16:56:21.2081998Z   GH_TOKEN: ***
2026-09-30T16:56:21.2082265Z ##[endgroup]
2026-09-30T16:56:27.0181113Z {"artifact_id": 11113327031, "zip_sha256": "096d0f4fac702df9ed7d23430fe6286939d150058a82c079ffe16e5b3265bf76", "digest_verified": true}
2026-09-30T16:56:27.0315557Z ##[group]Run set -euo pipefail
2026-09-30T16:56:27.0315898Z [36;1mset -euo pipefail[0m
2026-09-30T16:56:27.0316265Z [36;1mD=ResearchHistory/UQCF-GEM/demos/v16.37-certified-closure[0m
2026-09-30T16:56:27.0316649Z [36;1mmkdir -p out/reproduction/logs[0m
2026-09-30T16:56:27.0316998Z [36;1mpython "$D/evidence.py" verify out/download/science[0m
2026-09-30T16:56:27.0317439Z [36;1mpython "$D/test_gate.py" 2>&1 | tee out/reproduction/logs/tests.log[0m
2026-09-30T16:56:27.0318044Z [36;1mpython "$D/run_campaign.py" out/reproduction/scientific 2>&1 | tee out/reproduction/logs/science.log[0m
2026-09-30T16:56:27.0318790Z [36;1mwhile IFS= read -r path; do python "$path"; done < "$D/inherited.txt" 2>&1 | tee out/reproduction/logs/inherited.log[0m
2026-09-30T16:56:27.0319508Z [36;1mpython "$D/publication.py" equal out/download/science/scientific out/reproduction/scientific[0m
2026-09-30T16:56:27.0320141Z [36;1mPHASE=publication python "$D/evidence.py" package out/reproduction[0m
2026-09-30T16:56:27.0385142Z shell: /usr/bin/bash -e {0}
2026-09-30T16:56:27.0385417Z env:
2026-09-30T16:56:27.0385907Z   pythonLocation: /opt/hostedtoolcache/Python/3.11.16/x64
2026-09-30T16:56:27.0386360Z   PKG_CONFIG_PATH: /opt/hostedtoolcache/Python/3.11.16/x64/lib/pkgconfig
2026-09-30T16:56:27.0386810Z   Python_ROOT_DIR: /opt/hostedtoolcache/Python/3.11.16/x64
2026-09-30T16:56:27.0387210Z   Python2_ROOT_DIR: /opt/hostedtoolcache/Python/3.11.16/x64
2026-09-30T16:56:27.0387611Z   Python3_ROOT_DIR: /opt/hostedtoolcache/Python/3.11.16/x64
2026-09-30T16:56:27.0388012Z   LD_LIBRARY_PATH: /opt/hostedtoolcache/Python/3.11.16/x64/lib
2026-09-30T16:56:27.0388354Z ##[endgroup]
2026-09-30T16:56:27.0873319Z {"manifest": "VERIFIED", "members": 10}
2026-09-30T16:56:27.1919574Z test_changed_historical_value_rejected (__main__.Gates.test_changed_historical_value_rejected) ... ok
2026-09-30T16:56:27.1945351Z test_constructive_small_universe (__main__.Gates.test_constructive_small_universe) ... ok
2026-09-30T16:56:27.1956849Z test_duplicate_graph (__main__.Gates.test_duplicate_graph) ... ok
2026-09-30T16:56:27.1971801Z test_duplicate_pair (__main__.Gates.test_duplicate_pair) ... ok
2026-09-30T16:56:27.2005308Z test_false_endpoint_count (__main__.Gates.test_false_endpoint_count) ... ok
2026-09-30T16:56:27.2021027Z test_false_lower_threshold_cut (__main__.Gates.test_false_lower_threshold_cut) ... ok
2026-09-30T16:56:27.2028721Z test_float_certificate_rejected (__main__.Gates.test_float_certificate_rejected) ... ok
2026-09-30T16:56:27.2044953Z test_illegal_path (__main__.Gates.test_illegal_path) ... ok
2026-09-30T16:56:27.2046332Z test_lex_label_loss_control (__main__.Gates.test_lex_label_loss_control) ... ok
2026-09-30T16:56:27.2057299Z test_missing_graph (__main__.Gates.test_missing_graph) ... ok
2026-09-30T16:56:27.2071881Z test_missing_pair (__main__.Gates.test_missing_pair) ... ok
2026-09-30T16:56:27.2081457Z test_missing_required_field (__main__.Gates.test_missing_required_field) ... ok
2026-09-30T16:56:27.2120673Z test_missing_state (__main__.Gates.test_missing_state) ... ok
2026-09-30T16:56:27.3726768Z test_pair_order_accepted (__main__.Gates.test_pair_order_accepted) ... ok
2026-09-30T16:56:27.3737310Z test_same_count_substitution (__main__.Gates.test_same_count_substitution) ... ok
2026-09-30T16:56:27.3738440Z test_scalar_versus_lex_objective (__main__.Gates.test_scalar_versus_lex_objective) ... ok
2026-09-30T16:56:27.4277804Z test_shape_enumerators (__main__.Gates.test_shape_enumerators) ... ok
2026-09-30T16:56:27.4313908Z test_valid_graph_order (__main__.Gates.test_valid_graph_order) ... ok
2026-09-30T16:56:27.4330651Z test_wrong_barrier (__main__.Gates.test_wrong_barrier) ... ok
2026-09-30T16:56:27.4341232Z test_wrong_domain (__main__.Gates.test_wrong_domain) ... ok
2026-09-30T16:56:27.4352912Z test_wrong_q (__main__.Gates.test_wrong_q) ... ok
2026-09-30T16:56:27.4369195Z test_wrong_representative (__main__.Gates.test_wrong_representative) ... ok
2026-09-30T16:56:27.4402576Z test_wrong_verdict (__main__.Gates.test_wrong_verdict) ... ok
2026-09-30T16:56:27.4650236Z test_bound_provenance_accepts (__main__.Provenance.test_bound_provenance_accepts) ... ok
2026-09-30T16:56:27.4651669Z test_changed_and_omitted_source_rejected (__main__.Provenance.test_changed_and_omitted_source_rejected) ... ok
2026-09-30T16:56:27.4652888Z test_false_provenance_rejected (__main__.Provenance.test_false_provenance_rejected) ... ok
2026-09-30T16:56:27.4653877Z 
2026-09-30T16:56:27.4654129Z ----------------------------------------------------------------------
2026-09-30T16:56:27.4654726Z Ran 26 tests in 0.289s
2026-09-30T16:56:27.4654954Z 
2026-09-30T16:56:27.4655062Z OK
2026-09-30T16:56:30.6935522Z {"outcome":"BOUNDED_UNIT_ONLY","raw_bytes":446574,"raw_sha256":"932b8a88a2fa1a15e5428f99564ae161cad9712468c929cb210e710820a715f0","summary":{"component_pairs":69,"endpoint_pairs":77,"graphs":51,"nonunit_pairs":0,"objective_distinctions":0,"states":6325},"universal_unit_law":"UNRESOLVED"}
2026-09-30T16:56:30.6937597Z 
2026-09-30T16:56:53.2966353Z test_complete_small (__main__.T.test_complete_small) ... ok
2026-09-30T16:57:06.8566371Z test_extra_duplicate_pair_rejected (__main__.T.test_extra_duplicate_pair_rejected) ... ok
2026-09-30T16:57:20.2476235Z test_false_barrier_rejected (__main__.T.test_false_barrier_rejected) ... ok
2026-09-30T16:57:42.7084523Z test_false_extension_count_rejected (__main__.T.test_false_extension_count_rejected) ... ok
2026-09-30T16:57:56.2038858Z test_false_gate_d_rejected (__main__.T.test_false_gate_d_rejected) ... ok
2026-09-30T16:58:09.4543677Z test_false_group_count_rejected (__main__.T.test_false_group_count_rejected) ... ok
2026-09-30T16:58:22.7641049Z test_false_signature_rejected (__main__.T.test_false_signature_rejected) ... ok
2026-09-30T16:58:45.4237492Z test_false_ultrametric_count_rejected (__main__.T.test_false_ultrametric_count_rejected) ... ok
2026-09-30T16:59:07.8320358Z test_hidden_exclusion_rejected (__main__.T.test_hidden_exclusion_rejected) ... ok
2026-09-30T16:59:21.2190352Z test_missing_gate_rejected (__main__.T.test_missing_gate_rejected) ... ok
2026-09-30T16:59:34.6393750Z test_omitted_valid_pair_rejected (__main__.T.test_omitted_valid_pair_rejected) ... ok
2026-09-30T16:59:51.7539164Z test_substituted_pair_rejected (__main__.T.test_substituted_pair_rejected) ... ok
2026-09-30T16:59:51.7539799Z 
2026-09-30T16:59:51.7540046Z ----------------------------------------------------------------------
2026-09-30T16:59:51.7540857Z Ran 12 tests in 201.016s
2026-09-30T16:59:51.7541300Z 
2026-09-30T16:59:51.7541510Z OK
2026-09-30T16:59:51.8331965Z test_bad_alternative_minimax_rejected (__main__.T.test_bad_alternative_minimax_rejected) ... ok
2026-09-30T16:59:51.8477735Z test_bad_path_certificate_rejected (__main__.T.test_bad_path_certificate_rejected) ... ok
2026-09-30T16:59:51.8692736Z test_complete_small (__main__.T.test_complete_small) ... ok
2026-09-30T16:59:51.8894873Z test_corrupt_component_range_rejected (__main__.T.test_corrupt_component_range_rejected) ... ok
2026-09-30T16:59:51.9042336Z test_corrupt_localization_rejected (__main__.T.test_corrupt_localization_rejected) ... ok
2026-09-30T16:59:51.9187835Z test_false_bulk_count_rejected (__main__.T.test_false_bulk_count_rejected) ... ok
2026-09-30T16:59:51.9403280Z test_false_compulsory_coordinate_rejected (__main__.T.test_false_compulsory_coordinate_rejected) ... ok
2026-09-30T16:59:51.9608055Z test_false_gate_c_rejected (__main__.T.test_false_gate_c_rejected) ... ok
2026-09-30T16:59:51.9809486Z test_false_gate_d_rejected (__main__.T.test_false_gate_d_rejected) ... ok
2026-09-30T16:59:52.0024463Z test_false_gate_e_classification_rejected (__main__.T.test_false_gate_e_classification_rejected) ... ok
2026-09-30T16:59:52.0238756Z test_false_gate_e_rejected (__main__.T.test_false_gate_e_rejected) ... ok
2026-09-30T16:59:52.0454966Z test_false_possible_coordinate_rejected (__main__.T.test_false_possible_coordinate_rejected) ... ok
2026-09-30T16:59:52.0600859Z test_false_zero_rejected (__main__.T.test_false_zero_rejected) ... ok
2026-09-30T16:59:52.0688598Z test_missing_gate_adjudication_rejected (__main__.T.test_missing_gate_adjudication_rejected) ... ok
2026-09-30T16:59:52.0832900Z test_omitted_positive_pair_rejected (__main__.T.test_omitted_positive_pair_rejected) ... ok
2026-09-30T16:59:52.1051517Z test_positive_witness (__main__.T.test_positive_witness) ... ok
2026-09-30T16:59:52.1052286Z 
2026-09-30T16:59:52.1052639Z ----------------------------------------------------------------------
2026-09-30T16:59:52.1053577Z Ran 16 tests in 0.306s
2026-09-30T16:59:52.1053812Z 
2026-09-30T16:59:52.1053942Z OK
2026-09-30T16:59:52.1686575Z test_complete_small (__main__.T.test_complete_small) ... ok
2026-09-30T16:59:52.1808835Z test_connectivity_not_trusted (__main__.T.test_connectivity_not_trusted) ... ok
2026-09-30T16:59:52.1810197Z test_minimum_cover_exact_control (__main__.T.test_minimum_cover_exact_control) ... ok
2026-09-30T16:59:52.1812113Z test_omitted_minimum_cover_rejected (__main__.T.test_omitted_minimum_cover_rejected) ... ok
2026-09-30T16:59:52.1812908Z 
2026-09-30T16:59:52.1813595Z ----------------------------------------------------------------------
2026-09-30T16:59:52.1814598Z Ran 4 tests in 0.032s
2026-09-30T16:59:52.1814835Z 
2026-09-30T16:59:52.1814983Z OK
2026-09-30T16:59:52.2366876Z test_changed_tau_move_rejected_as_invisible (__main__.T.test_changed_tau_move_rejected_as_invisible) ... ok
2026-09-30T16:59:52.2531387Z test_complete_small (__main__.T.test_complete_small) ... ok
2026-09-30T16:59:52.2542098Z test_fake_unique_minimum_rejected (__main__.T.test_fake_unique_minimum_rejected) ... ok
2026-09-30T16:59:52.2543897Z test_invisible_and_visible_controls (__main__.T.test_invisible_and_visible_controls) ... ok
2026-09-30T16:59:52.2654212Z test_verifier_rejects_false_bulk_counts (__main__.T.test_verifier_rejects_false_bulk_counts) ... ok
2026-09-30T16:59:52.2763512Z test_verifier_rejects_false_connectivity (__main__.T.test_verifier_rejects_false_connectivity) ... ok
2026-09-30T16:59:52.2869775Z test_verifier_rejects_missing_class (__main__.T.test_verifier_rejects_missing_class) ... ok
2026-09-30T16:59:52.2978423Z test_verifier_rejects_omitted_member (__main__.T.test_verifier_rejects_omitted_member) ... ok
2026-09-30T16:59:52.2979303Z 
2026-09-30T16:59:52.2979632Z ----------------------------------------------------------------------
2026-09-30T16:59:52.2980360Z Ran 8 tests in 0.070s
2026-09-30T16:59:52.2980649Z 
2026-09-30T16:59:52.2980804Z OK
2026-09-30T16:59:52.3559205Z test_actual_collision_if_claimed (__main__.Tests.test_actual_collision_if_claimed) ... ok
2026-09-30T16:59:52.3561295Z test_changed_interval_rejected (__main__.Tests.test_changed_interval_rejected) ... ok
2026-09-30T16:59:52.3562247Z test_coarse_checker_collision (__main__.Tests.test_coarse_checker_collision) ... ok
2026-09-30T16:59:52.3565483Z test_fabricated_collision_rejected (__main__.Tests.test_fabricated_collision_rejected) ... ok
2026-09-30T16:59:52.3568356Z test_signature_must_not_contain_state_mask (__main__.Tests.test_signature_must_not_contain_state_mask) ... ok
2026-09-30T16:59:52.3573789Z 
2026-09-30T16:59:52.3574213Z ----------------------------------------------------------------------
2026-09-30T16:59:52.3574778Z Ran 5 tests in 0.013s
2026-09-30T16:59:52.3574988Z 
2026-09-30T16:59:52.3575096Z OK
2026-09-30T16:59:52.4206828Z test_actual_relabeling_and_view_storage (__main__.Tests.test_actual_relabeling_and_view_storage) ... ok
2026-09-30T16:59:52.4211481Z test_boolean_profile (__main__.Tests.test_boolean_profile) ... ok
2026-09-30T16:59:52.4427564Z test_complete_small_universe (__main__.Tests.test_complete_small_universe) ... ok
2026-09-30T16:59:52.4431419Z test_cross_parent_edge (__main__.Tests.test_cross_parent_edge) ... ok
2026-09-30T16:59:52.4480684Z test_duplicate_endpoint (__main__.Tests.test_duplicate_endpoint) ... ok
2026-09-30T16:59:52.4484597Z test_fabricated_cartesian_count (__main__.Tests.test_fabricated_cartesian_count) ... ok
2026-09-30T16:59:52.4488153Z test_false_profile (__main__.Tests.test_false_profile) ... ok
2026-09-30T16:59:52.4550331Z test_false_relabeling (__main__.Tests.test_false_relabeling) ... ok
2026-09-30T16:59:52.4552111Z test_foreign_origin (__main__.Tests.test_foreign_origin) ... ok
2026-09-30T16:59:52.4554961Z test_identity (__main__.Tests.test_identity) ... ok
2026-09-30T16:59:52.4558083Z test_invalid_endpoint_inputs (__main__.Tests.test_invalid_endpoint_inputs) ... ok
2026-09-30T16:59:52.4565848Z test_missing_actual_edge (__main__.Tests.test_missing_actual_edge) ... ok
2026-09-30T16:59:52.4566898Z test_missing_document_sections (__main__.Tests.test_missing_document_sections) ... ok
2026-09-30T16:59:52.4615508Z test_missing_endpoint (__main__.Tests.test_missing_endpoint) ... ok
2026-09-30T16:59:52.4618528Z test_missing_local_table (__main__.Tests.test_missing_local_table) ... ok
2026-09-30T16:59:52.4664849Z test_missing_shape (__main__.Tests.test_missing_shape) ... ok
2026-09-30T16:59:52.4667867Z test_missing_state (__main__.Tests.test_missing_state) ... ok
2026-09-30T16:59:52.4672462Z test_noncartesian_nonconstant_chain (__main__.Tests.test_noncartesian_nonconstant_chain) ... ok
2026-09-30T16:59:52.4678890Z test_retained_third_order (__main__.Tests.test_retained_third_order) ... ok
2026-09-30T16:59:52.4680346Z test_synthetic_cubic_all_background_not_baseline (__main__.Tests.test_synthetic_cubic_all_background_not_baseline) ... ok
2026-09-30T16:59:52.4681962Z test_synthetic_separate_components (__main__.Tests.test_synthetic_separate_components) ... ok
2026-09-30T16:59:52.4688934Z test_valid_reversed_records (__main__.Tests.test_valid_reversed_records) ... ok
2026-09-30T16:59:52.4813254Z test_verifier_no_producer_import (__main__.Tests.test_verifier_no_producer_import) ... ok
2026-09-30T16:59:52.4818346Z test_wrong_component_values (__main__.Tests.test_wrong_component_values) ... ok
2026-09-30T16:59:52.4819565Z test_wrong_cube_shape (__main__.Tests.test_wrong_cube_shape) ... ok
2026-09-30T16:59:52.4824090Z test_wrong_mobius (__main__.Tests.test_wrong_mobius) ... ok
2026-09-30T16:59:52.4828191Z test_wrong_parent_prelude (__main__.Tests.test_wrong_parent_prelude) ... ok
2026-09-30T16:59:52.4831704Z test_wrong_predecessor (__main__.Tests.test_wrong_predecessor) ... ok
2026-09-30T16:59:52.4832402Z 
2026-09-30T16:59:52.4832889Z ----------------------------------------------------------------------
2026-09-30T16:59:52.4833786Z Ran 28 tests in 0.078s
2026-09-30T16:59:52.4834026Z 
2026-09-30T16:59:52.4834157Z OK
2026-09-30T16:59:52.5353684Z test_fabricated_summary_is_not_complete (__main__.Contract.test_fabricated_summary_is_not_complete) ... ok
2026-09-30T16:59:52.5358752Z test_no_sections_is_not_complete (__main__.Contract.test_no_sections_is_not_complete) ... ok
2026-09-30T16:59:52.5364133Z test_untyped_empty_edges_are_not_a_certificate (__main__.Contract.test_untyped_empty_edges_are_not_a_certificate) ... ok
2026-09-30T16:59:52.5365009Z 
2026-09-30T16:59:52.5365287Z ----------------------------------------------------------------------
2026-09-30T16:59:52.5365894Z Ran 3 tests in 0.005s
2026-09-30T16:59:52.5366147Z 
2026-09-30T16:59:52.5366284Z OK
2026-09-30T16:59:52.5918121Z test_complete_small (__main__.Tests.test_complete_small) ... ok
2026-09-30T16:59:52.5922822Z test_cross_parent_edge_rejected (__main__.Tests.test_cross_parent_edge_rejected) ... ok
2026-09-30T16:59:52.5929752Z test_masked_has_local_edge_with_zero_global (__main__.Tests.test_masked_has_local_edge_with_zero_global) ... ok
2026-09-30T16:59:52.5936133Z test_max_only_cross_parent_has_no_local_edge (__main__.Tests.test_max_only_cross_parent_has_no_local_edge) ... ok
2026-09-30T16:59:52.5937423Z test_pure_three_way_checker_detected (__main__.Tests.test_pure_three_way_checker_detected) ... ok
2026-09-30T16:59:52.5938054Z 
2026-09-30T16:59:52.5938302Z ----------------------------------------------------------------------
2026-09-30T16:59:52.5938831Z Ran 5 tests in 0.011s
2026-09-30T16:59:52.5939041Z 
2026-09-30T16:59:52.5943943Z OK
2026-09-30T16:59:52.6557829Z test_actual_relabeling (__main__.Tests.test_actual_relabeling) ... ok
2026-09-30T16:59:52.6560838Z test_boolean_event (__main__.Tests.test_boolean_event) ... ok
2026-09-30T16:59:52.6565820Z test_boolean_height (__main__.Tests.test_boolean_height) ... ok
2026-09-30T16:59:52.6632068Z test_complete_small_universe (__main__.Tests.test_complete_small_universe) ... ok
2026-09-30T16:59:52.6663443Z test_extra_duplicate_case (__main__.Tests.test_extra_duplicate_case) ... ok
2026-09-30T16:59:52.6678171Z test_false_relabeling (__main__.Tests.test_false_relabeling) ... ok
2026-09-30T16:59:52.6681048Z test_foreign_origin (__main__.Tests.test_foreign_origin) ... ok
2026-09-30T16:59:52.6684494Z test_invalid_inputs (__main__.Tests.test_invalid_inputs) ... ok
2026-09-30T16:59:52.6689082Z test_local_masked (__main__.Tests.test_local_masked) ... ok
2026-09-30T16:59:52.6719936Z test_missing_case (__main__.Tests.test_missing_case) ... ok
2026-09-30T16:59:52.6721655Z test_missing_profile (__main__.Tests.test_missing_profile) ... ok
2026-09-30T16:59:52.6735778Z test_missing_shape (__main__.Tests.test_missing_shape) ... ok
2026-09-30T16:59:52.6738542Z test_missing_state (__main__.Tests.test_missing_state) ... ok
2026-09-30T16:59:52.6742600Z test_negative_max_only (__main__.Tests.test_negative_max_only) ... ok
2026-09-30T16:59:52.6746926Z test_positive_max_only (__main__.Tests.test_positive_max_only) ... ok
2026-09-30T16:59:52.6750609Z test_reversed_events (__main__.Tests.test_reversed_events) ... ok
2026-09-30T16:59:52.6756145Z test_reversed_storage (__main__.Tests.test_reversed_storage) ... ok
2026-09-30T16:59:52.6759588Z test_transmitted_negative (__main__.Tests.test_transmitted_negative) ... ok
2026-09-30T16:59:52.6762882Z test_transmitted_positive (__main__.Tests.test_transmitted_positive) ... ok
2026-09-30T16:59:52.6857243Z test_verifier_no_producer_import (__main__.Tests.test_verifier_no_producer_import) ... ok
2026-09-30T16:59:52.6861437Z test_wrong_background (__main__.Tests.test_wrong_background) ... ok
2026-09-30T16:59:52.6865692Z test_wrong_class (__main__.Tests.test_wrong_class) ... ok
2026-09-30T16:59:52.6869379Z test_wrong_height (__main__.Tests.test_wrong_height) ... ok
2026-09-30T16:59:52.6873298Z test_wrong_local_interaction (__main__.Tests.test_wrong_local_interaction) ... ok
2026-09-30T16:59:52.6877136Z test_wrong_parent_pair (__main__.Tests.test_wrong_parent_pair) ... ok
2026-09-30T16:59:52.6881116Z test_wrong_prediction (__main__.Tests.test_wrong_prediction) ... ok
2026-09-30T16:59:52.6885074Z test_wrong_profile (__main__.Tests.test_wrong_profile) ... ok
2026-09-30T16:59:52.6888834Z test_wrong_scalar_sign (__main__.Tests.test_wrong_scalar_sign) ... ok
2026-09-30T16:59:52.6891700Z test_wrong_state (__main__.Tests.test_wrong_state) ... ok
2026-09-30T16:59:52.6895382Z test_zero_control (__main__.Tests.test_zero_control) ... ok
2026-09-30T16:59:52.6895845Z 
2026-09-30T16:59:52.6896416Z ----------------------------------------------------------------------
2026-09-30T16:59:52.6896845Z Ran 30 tests in 0.047s
2026-09-30T16:59:52.6897013Z 
2026-09-30T16:59:52.6897104Z OK
2026-09-30T16:59:52.7532862Z test_actual_lineage_and_storage_relabeling (__main__.Tests.test_actual_lineage_and_storage_relabeling) ... ok
2026-09-30T16:59:52.7537711Z test_boolean_h (__main__.Tests.test_boolean_h) ... ok
2026-09-30T16:59:52.7542005Z test_chain_interval_is_not_a_no_go (__main__.Tests.test_chain_interval_is_not_a_no_go) ... ok
2026-09-30T16:59:52.7545089Z test_changed_union_rejected_by_verifier (__main__.Tests.test_changed_union_rejected_by_verifier) ... ok
2026-09-30T16:59:57.1284293Z test_complete_small_universe (__main__.Tests.test_complete_small_universe) ... ok
2026-09-30T16:59:57.1286452Z test_false_h (__main__.Tests.test_false_h) ... ok
2026-09-30T16:59:57.1290634Z test_false_independence (__main__.Tests.test_false_independence) ... ok
2026-09-30T16:59:57.1302495Z test_false_metamorphic_copy (__main__.Tests.test_false_metamorphic_copy) ... ok
2026-09-30T16:59:57.1306081Z test_false_mixed_difference (__main__.Tests.test_false_mixed_difference) ... ok
2026-09-30T16:59:57.1309475Z test_false_witness_heights (__main__.Tests.test_false_witness_heights) ... ok
2026-09-30T16:59:57.1313491Z test_fitted_weights_not_accepted (__main__.Tests.test_fitted_weights_not_accepted) ... ok
2026-09-30T16:59:57.1315540Z test_foreign_origin (__main__.Tests.test_foreign_origin) ... ok
2026-09-30T16:59:57.1337657Z test_identity_control (__main__.Tests.test_identity_control) ... ok
2026-09-30T16:59:57.1338572Z test_illegal_inputs_rejected (__main__.Tests.test_illegal_inputs_rejected) ... ok
2026-09-30T16:59:57.1341232Z test_missing_diamond (__main__.Tests.test_missing_diamond) ... ok
2026-09-30T16:59:57.1348188Z test_missing_endpoint (__main__.Tests.test_missing_endpoint) ... ok
2026-09-30T16:59:57.1350675Z test_missing_predecessor_field (__main__.Tests.test_missing_predecessor_field) ... ok
2026-09-30T16:59:57.1361933Z test_missing_shape (__main__.Tests.test_missing_shape) ... ok
2026-09-30T16:59:57.1365240Z test_missing_state (__main__.Tests.test_missing_state) ... ok
2026-09-30T16:59:57.1368541Z test_missing_witness (__main__.Tests.test_missing_witness) ... ok
2026-09-30T16:59:57.1371494Z test_one_event_positive_weight (__main__.Tests.test_one_event_positive_weight) ... ok
2026-09-30T16:59:57.1375017Z test_parent_counterexample (__main__.Tests.test_parent_counterexample) ... ok
2026-09-30T16:59:57.1378517Z test_positive_mixed_difference_control (__main__.Tests.test_positive_mixed_difference_control) ... ok
2026-09-30T16:59:57.1381625Z test_reordered_records_valid (__main__.Tests.test_reordered_records_valid) ... ok
2026-09-30T16:59:57.1384691Z test_same_total_wrong_coefficients_rejected (__main__.Tests.test_same_total_wrong_coefficients_rejected) ... ok
2026-09-30T16:59:57.1485792Z test_verifier_does_not_import_producer (__main__.Tests.test_verifier_does_not_import_producer) ... ok
2026-09-30T16:59:57.1489194Z test_wrong_event_identity (__main__.Tests.test_wrong_event_identity) ... ok
2026-09-30T16:59:57.1492874Z test_wrong_witness_path (__main__.Tests.test_wrong_witness_path) ... ok
2026-09-30T16:59:57.1493971Z 
2026-09-30T16:59:57.1494229Z ----------------------------------------------------------------------
2026-09-30T16:59:57.1494785Z Ran 28 tests in 4.409s
2026-09-30T16:59:57.1494988Z 
2026-09-30T16:59:57.1495107Z OK
2026-09-30T17:00:00.8302368Z test_changed_union_not_comparable (__main__.Tests.test_changed_union_not_comparable) ... ok
2026-09-30T17:00:01.1102014Z test_complete_small_universe (__main__.Tests.test_complete_small_universe) ... ok
2026-09-30T17:00:01.1104261Z test_direct_equals_staged_pushforward_exactly (__main__.Tests.test_direct_equals_staged_pushforward_exactly) ... ok
2026-09-30T17:00:01.1114684Z test_identity_refinement (__main__.Tests.test_identity_refinement) ... ok
2026-09-30T17:00:01.1115569Z test_illegal_nonprefix_refinement_rejected (__main__.Tests.test_illegal_nonprefix_refinement_rejected) ... ok
2026-09-30T17:00:01.1131822Z test_monotonic_refinement_and_strict_example (__main__.Tests.test_monotonic_refinement_and_strict_example) ... ok
2026-09-30T17:00:01.1132879Z test_not_componentwise_subview_rejected (__main__.Tests.test_not_componentwise_subview_rejected) ... ok
2026-09-30T17:00:01.1135614Z test_two_factorizations_same_final (__main__.Tests.test_two_factorizations_same_final) ... ok
2026-09-30T17:00:01.1141052Z test_verifier_rejects_corrupt_composition (__main__.Tests.test_verifier_rejects_corrupt_composition) ... ok
2026-09-30T17:00:01.1148766Z test_verifier_rejects_false_lower_after (__main__.Tests.test_verifier_rejects_false_lower_after) ... ok
2026-09-30T17:00:01.1154767Z test_verifier_rejects_nonprefix_intermediate (__main__.Tests.test_verifier_rejects_nonprefix_intermediate) ... ok
2026-09-30T17:00:01.1155473Z 
2026-09-30T17:00:01.1155676Z ----------------------------------------------------------------------
2026-09-30T17:00:01.1156119Z Ran 11 tests in 0.299s
2026-09-30T17:00:01.1156300Z 
2026-09-30T17:00:01.1156397Z OK
2026-09-30T17:00:01.4287630Z test_binary_views_sufficiency (__main__.Tests.test_binary_views_sufficiency) ... ok
2026-09-30T17:00:01.4365261Z test_branch_count_not_exact_cover_number (__main__.Tests.test_branch_count_not_exact_cover_number) ... ok
2026-09-30T17:00:01.4555184Z test_changed_lineage_and_storage (__main__.Tests.test_changed_lineage_and_storage) ... ok
2026-09-30T17:00:01.4941678Z test_complete_small_universe (__main__.Tests.test_complete_small_universe) ... ok
2026-09-30T17:00:01.4990939Z test_corrupt_dual (__main__.Tests.test_corrupt_dual) ... ok
2026-09-30T17:00:01.5027674Z test_corrupt_global_witness (__main__.Tests.test_corrupt_global_witness) ... ok
2026-09-30T17:00:01.5064344Z test_corrupt_local_marginal (__main__.Tests.test_corrupt_local_marginal) ... ok
2026-09-30T17:00:01.5065558Z test_exact_rational_pushforward (__main__.Tests.test_exact_rational_pushforward) ... ok
2026-09-30T17:00:01.5086969Z test_false_child_cover (__main__.Tests.test_false_child_cover) ... ok
2026-09-30T17:00:01.5107146Z test_false_high_threshold (__main__.Tests.test_false_high_threshold) ... ok
2026-09-30T17:00:01.5127778Z test_false_low_threshold (__main__.Tests.test_false_low_threshold) ... ok
2026-09-30T17:00:01.5262715Z test_false_metamorphic_claim (__main__.Tests.test_false_metamorphic_claim) ... ok
2026-09-30T17:00:01.5291078Z test_false_sample_verdict (__main__.Tests.test_false_sample_verdict) ... ok
2026-09-30T17:00:01.5311945Z test_foreign_origin (__main__.Tests.test_foreign_origin) ... ok
2026-09-30T17:00:01.5480132Z test_four_way_sharpness (__main__.Tests.test_four_way_sharpness) ... ok
2026-09-30T17:00:01.5500854Z test_full_view_and_redundancy (__main__.Tests.test_full_view_and_redundancy) ... ok
2026-09-30T17:00:01.5503164Z test_inexact_scalar_rejected (__main__.Tests.test_inexact_scalar_rejected) ... ok
2026-09-30T17:00:01.5505873Z test_invalid_parent_types_cycles (__main__.Tests.test_invalid_parent_types_cycles) ... ok
2026-09-30T17:00:01.5508257Z test_invalid_view_and_union (__main__.Tests.test_invalid_view_and_union) ... ok
2026-09-30T17:00:01.5513080Z test_linear_but_nonnatural_control (__main__.Tests.test_linear_but_nonnatural_control) ... ok
2026-09-30T17:00:01.5534726Z test_metadata_boolean_not_integer (__main__.Tests.test_metadata_boolean_not_integer) ... ok
2026-09-30T17:00:01.5894884Z test_missing_cover_rejected (__main__.Tests.test_missing_cover_rejected) ... ok
2026-09-30T17:00:01.5915800Z test_missing_required_field (__main__.Tests.test_missing_required_field) ... ok
2026-09-30T17:00:01.5951122Z test_missing_sample (__main__.Tests.test_missing_sample) ... ok
2026-09-30T17:00:01.5971198Z test_order_is_worst_case_not_every_input (__main__.Tests.test_order_is_worst_case_not_every_input) ... ok
2026-09-30T17:00:01.5988597Z test_root_and_path (__main__.Tests.test_root_and_path) ... ok
2026-09-30T17:00:01.6058058Z test_two_and_three_view_parent_witnesses (__main__.Tests.test_two_and_three_view_parent_witnesses) ... ok
2026-09-30T17:00:01.6099460Z test_valid_dual_and_rescaling (__main__.Tests.test_valid_dual_and_rescaling) ... ok
2026-09-30T17:00:01.6100103Z 
2026-09-30T17:00:01.6100394Z ----------------------------------------------------------------------
2026-09-30T17:00:01.6101005Z Ran 28 tests in 0.442s
2026-09-30T17:00:01.6102454Z 
2026-09-30T17:00:01.6102632Z OK
2026-09-30T17:00:01.9331120Z test_all_parent_targets_checked_before_traversal (__main__.Validation.test_all_parent_targets_checked_before_traversal) ... ok
2026-09-30T17:00:01.9332736Z test_reordered_valid_lineage_remains_accepted (__main__.Validation.test_reordered_valid_lineage_remains_accepted) ... ok
2026-09-30T17:00:01.9333844Z 
2026-09-30T17:00:01.9334083Z ----------------------------------------------------------------------
2026-09-30T17:00:01.9334663Z Ran 2 tests in 0.000s
2026-09-30T17:00:01.9354195Z 
2026-09-30T17:00:01.9354524Z OK
2026-09-30T17:00:02.2758594Z test_actual_signed_and_positive_pair_witness (__main__.Tests.test_actual_signed_and_positive_pair_witness) ... ok
2026-09-30T17:00:02.7200618Z test_changed_lineage_storage (__main__.Tests.test_changed_lineage_storage) ... ok
2026-09-30T17:00:02.8215979Z test_complete_small_certificate (__main__.Tests.test_complete_small_certificate) ... ok
2026-09-30T17:00:02.8508688Z test_corrupt_negative_witness_rejected (__main__.Tests.test_corrupt_negative_witness_rejected) ... ok
2026-09-30T17:00:02.8511132Z test_exact_scalars_and_lengths (__main__.Tests.test_exact_scalars_and_lengths) ... ok
2026-09-30T17:00:02.8800695Z test_false_positive_feasibility_rejected (__main__.Tests.test_false_positive_feasibility_rejected) ... ok
2026-09-30T17:00:02.8802296Z test_feasible_nonnegative_control (__main__.Tests.test_feasible_nonnegative_control) ... ok
2026-09-30T17:00:02.8824608Z test_foreign_origin_rejected (__main__.Tests.test_foreign_origin_rejected) ... ok
2026-09-30T17:00:02.8825489Z test_identity_root_and_repeated_views (__main__.Tests.test_identity_root_and_repeated_views) ... ok
2026-09-30T17:00:02.8826354Z test_incompatible_overlap_rejected (__main__.Tests.test_incompatible_overlap_rejected) ... ok
2026-09-30T17:00:02.8827205Z test_invalid_parent_and_retained_inputs (__main__.Tests.test_invalid_parent_and_retained_inputs) ... ok
2026-09-30T17:00:02.8831475Z test_linear_but_nonnatural_section_rejected (__main__.Tests.test_linear_but_nonnatural_section_rejected) ... ok
2026-09-30T17:00:03.0268072Z test_missing_coverage_rejected (__main__.Tests.test_missing_coverage_rejected) ... ok
2026-09-30T17:00:03.0286463Z test_missing_field_and_inexact_matrix_rejected (__main__.Tests.test_missing_field_and_inexact_matrix_rejected) ... ok
2026-09-30T17:00:03.0287866Z test_nonnegative_false_input_rejected (__main__.Tests.test_nonnegative_false_input_rejected) ... ok
2026-09-30T17:00:03.1058011Z test_off_domain_gluer_change_is_harmless (__main__.Tests.test_off_domain_gluer_change_is_harmless) ... ok
2026-09-30T17:00:03.1066389Z test_pairwise_positive_is_not_global (__main__.Tests.test_pairwise_positive_is_not_global) ... ok
2026-09-30T17:00:03.1068059Z test_response_representative_independence (__main__.Tests.test_response_representative_independence) ... ok
2026-09-30T17:00:03.1070249Z test_source_shift_is_not_potential_gauge (__main__.Tests.test_source_shift_is_not_potential_gauge) ... ok
2026-09-30T17:00:03.1083762Z test_wrong_gluer_on_compatible_data_rejected (__main__.Tests.test_wrong_gluer_on_compatible_data_rejected) ... ok
2026-09-30T17:00:03.1094402Z test_wrong_joint_readout_rejected (__main__.Tests.test_wrong_joint_readout_rejected) ... ok
2026-09-30T17:00:03.1767546Z test_wrong_overlap_rejected (__main__.Tests.test_wrong_overlap_rejected) ... ok
2026-09-30T17:00:03.1768460Z 
2026-09-30T17:00:03.1768849Z ----------------------------------------------------------------------
2026-09-30T17:00:03.1769719Z Ran 22 tests in 1.150s
2026-09-30T17:00:03.1770011Z 
2026-09-30T17:00:03.1770164Z OK
2026-09-30T17:00:03.5200030Z test_omitted_storage_reversal_rejected (__main__.SchemaTests.test_omitted_storage_reversal_rejected) ... ok
2026-09-30T17:00:03.5332047Z test_original_cannot_masquerade_as_relabelled (__main__.SchemaTests.test_original_cannot_masquerade_as_relabelled) ... ok
2026-09-30T17:00:03.6695836Z test_real_metamorphic_case_accepted (__main__.SchemaTests.test_real_metamorphic_case_accepted) ... ok
2026-09-30T17:00:03.6696937Z 
2026-09-30T17:00:03.6697225Z ----------------------------------------------------------------------
2026-09-30T17:00:03.6697802Z Ran 3 tests in 0.173s
2026-09-30T17:00:03.6698038Z 
2026-09-30T17:00:03.6698163Z OK
2026-09-30T17:00:04.0659623Z test_actual_old_kernel_witness (__main__.Tests.test_actual_old_kernel_witness) ... ok
2026-09-30T17:00:04.0732433Z test_bare_filtration_scaling_and_shear (__main__.Tests.test_bare_filtration_scaling_and_shear) ... ok
2026-09-30T17:00:04.0737646Z test_constructive_and_negative_linear_descent (__main__.Tests.test_constructive_and_negative_linear_descent) ... ok
2026-09-30T17:00:04.0932739Z test_corrupted_witness_rejected (__main__.Tests.test_corrupted_witness_rejected) ... ok
2026-09-30T17:00:04.1298501Z test_direct_fiber_sum_and_section (__main__.Tests.test_direct_fiber_sum_and_section) ... ok
2026-09-30T17:00:04.1299877Z test_exact_input_no_float_or_truncation (__main__.Tests.test_exact_input_no_float_or_truncation) ... ok
2026-09-30T17:00:04.1471903Z test_false_descent_rejected (__main__.Tests.test_false_descent_rejected) ... ok
2026-09-30T17:00:04.1540888Z test_foreign_domain_identity_rejected (__main__.Tests.test_foreign_domain_identity_rejected) ... ok
2026-09-30T17:00:04.1569930Z test_identity_and_root_zero_dimensional_cases (__main__.Tests.test_identity_and_root_zero_dimensional_cases) ... ok
2026-09-30T17:00:04.1571083Z test_illegal_target_and_origin_rejected (__main__.Tests.test_illegal_target_and_origin_rejected) ... ok
2026-09-30T17:00:04.1572644Z test_incompatible_composition_rejected (__main__.Tests.test_incompatible_composition_rejected) ... ok
2026-09-30T17:00:04.1575100Z test_invalid_carriers_are_not_repaired (__main__.Tests.test_invalid_carriers_are_not_repaired) ... ok
2026-09-30T17:00:04.1580160Z test_linear_right_inverse_can_fail_retained_naturality (__main__.Tests.test_linear_right_inverse_can_fail_retained_naturality) ... ok
2026-09-30T17:00:04.1774192Z test_missing_check_and_coverage_rejected (__main__.Tests.test_missing_check_and_coverage_rejected) ... ok
2026-09-30T17:00:04.1828352Z test_mutated_green_rejected (__main__.Tests.test_mutated_green_rejected) ... ok
2026-09-30T17:00:04.1897925Z test_mutated_pushforward_rejected (__main__.Tests.test_mutated_pushforward_rejected) ... ok
2026-09-30T17:00:04.1967337Z test_mutated_section_rejected (__main__.Tests.test_mutated_section_rejected) ... ok
2026-09-30T17:00:04.1968868Z test_nonlinear_boundary_is_not_linear_test (__main__.Tests.test_nonlinear_boundary_is_not_linear_test) ... ok
2026-09-30T17:00:04.2130995Z test_nonpermutation_coordinate_change (__main__.Tests.test_nonpermutation_coordinate_change) ... ok
2026-09-30T17:00:04.3417268Z test_relabel_and_storage_naturality (__main__.Tests.test_relabel_and_storage_naturality) ... ok
2026-09-30T17:00:04.3837949Z test_response_quotient_and_supplied_complement (__main__.Tests.test_response_quotient_and_supplied_complement) ... ok
2026-09-30T17:00:04.3874957Z test_shape_enumerators_agree_without_shared_implementation (__main__.Tests.test_shape_enumerators_agree_without_shared_implementation) ... ok
2026-09-30T17:00:04.3875817Z 
2026-09-30T17:00:04.3876324Z ----------------------------------------------------------------------
2026-09-30T17:00:04.3877773Z Ran 22 tests in 0.626s
2026-09-30T17:00:04.3878189Z 
2026-09-30T17:00:04.3878457Z OK
2026-09-30T17:00:04.4874560Z SCIENTIFIC_BYTES_IDENTICAL
2026-09-30T17:00:06.7744844Z {"manifest": "VERIFIED", "members": 9}
2026-09-30T17:00:06.7853411Z ##[group]Run set -euo pipefail
2026-09-30T17:00:06.7853829Z [36;1mset -euo pipefail[0m
2026-09-30T17:00:06.7854179Z [36;1mD=ResearchHistory/UQCF-GEM/demos/v16.37-certified-closure[0m
2026-09-30T17:00:06.7854607Z [36;1mmkdir -p "$D/evidence"[0m
2026-09-30T17:00:06.7854893Z [36;1mcp -a out/download/. "$D/evidence/"[0m
2026-09-30T17:00:06.7855244Z [36;1mcp -a out/reproduction "$D/evidence/reproduction"[0m
2026-09-30T17:00:06.7855596Z [36;1mpython "$D/publication.py" finalize[0m
2026-09-30T17:00:06.7855924Z [36;1mgit config user.name 'github-actions[bot]'[0m
2026-09-30T17:00:06.7856370Z [36;1mgit config user.email '41898282+github-actions[bot]@users.noreply.github.com'[0m
2026-09-30T17:00:06.7856789Z [36;1mgit add "$D"[0m
2026-09-30T17:00:06.7857197Z [36;1mgit commit -m 'publish v16.37 full verified science and fresh reproduction evidence'[0m
2026-09-30T17:00:06.7857738Z [36;1mgit push origin HEAD:research/v16.37-certified-closure[0m
2026-09-30T17:00:06.7858361Z [36;1mtest "$(git rev-parse HEAD)" = "$(git ls-remote origin refs/heads/research/v16.37-certified-closure | cut -f1)"[0m
2026-09-30T17:00:06.7858911Z [36;1mpython "$D/publication.py" verify[0m
2026-09-30T17:00:06.7859214Z [36;1mgit rev-parse HEAD[0m
2026-09-30T17:00:06.7923184Z shell: /usr/bin/bash -e {0}
2026-09-30T17:00:06.7923452Z env:
2026-09-30T17:00:06.7923727Z   pythonLocation: /opt/hostedtoolcache/Python/3.11.16/x64
2026-09-30T17:00:06.7924178Z   PKG_CONFIG_PATH: /opt/hostedtoolcache/Python/3.11.16/x64/lib/pkgconfig
2026-09-30T17:00:06.7924632Z   Python_ROOT_DIR: /opt/hostedtoolcache/Python/3.11.16/x64
2026-09-30T17:00:06.7925030Z   Python2_ROOT_DIR: /opt/hostedtoolcache/Python/3.11.16/x64
2026-09-30T17:00:06.7925446Z   Python3_ROOT_DIR: /opt/hostedtoolcache/Python/3.11.16/x64
2026-09-30T17:00:06.7925862Z   LD_LIBRARY_PATH: /opt/hostedtoolcache/Python/3.11.16/x64/lib
2026-09-30T17:00:06.7926194Z ##[endgroup]
2026-09-30T17:00:07.1350264Z {"publication_manifest": "VERIFIED", "members": 49}
2026-09-30T17:00:07.7599914Z [research/v16.37-certified-closure b32fde4] publish v16.37 full verified science and fresh reproduction evidence
2026-09-30T17:00:07.7601090Z  34 files changed, 6021 insertions(+)
2026-09-30T17:00:07.7602059Z  create mode 100644 ResearchHistory/UQCF-GEM/demos/v16.37-certified-closure/MANIFEST.json
2026-09-30T17:00:07.7603526Z  create mode 100644 ResearchHistory/UQCF-GEM/demos/v16.37-certified-closure/REPORT.md
2026-09-30T17:00:07.7604926Z  create mode 100644 ResearchHistory/UQCF-GEM/demos/v16.37-certified-closure/evidence/ARTIFACT_METADATA.json
2026-09-30T17:00:07.7606236Z  create mode 100644 ResearchHistory/UQCF-GEM/demos/v16.37-certified-closure/evidence/PRIOR_JOB_109990475622.log
2026-09-30T17:00:07.7607279Z  create mode 100644 ResearchHistory/UQCF-GEM/demos/v16.37-certified-closure/evidence/PRIOR_JOB_109994329173.log
2026-09-30T17:00:07.7608604Z  create mode 100644 ResearchHistory/UQCF-GEM/demos/v16.37-certified-closure/evidence/PRIOR_JOB_109995221452.log
2026-09-30T17:00:07.7609610Z  create mode 100644 ResearchHistory/UQCF-GEM/demos/v16.37-certified-closure/evidence/PRIOR_RUN_36745481792.json
2026-09-30T17:00:07.7610606Z  create mode 100644 ResearchHistory/UQCF-GEM/demos/v16.37-certified-closure/evidence/PRIOR_RUN_36746624328.json
2026-09-30T17:00:07.7611594Z  create mode 100644 ResearchHistory/UQCF-GEM/demos/v16.37-certified-closure/evidence/PRIOR_RUN_36746888761.json
2026-09-30T17:00:07.7612549Z  create mode 100644 ResearchHistory/UQCF-GEM/demos/v16.37-certified-closure/evidence/SCIENCE_JOB.json
2026-09-30T17:00:07.7613888Z  create mode 100644 ResearchHistory/UQCF-GEM/demos/v16.37-certified-closure/evidence/SCIENCE_JOB.log
2026-09-30T17:00:07.7614805Z  create mode 100644 ResearchHistory/UQCF-GEM/demos/v16.37-certified-closure/evidence/SCIENCE_RUN.json
2026-09-30T17:00:07.7615780Z  create mode 100644 ResearchHistory/UQCF-GEM/demos/v16.37-certified-closure/evidence/reproduction/MANIFEST.json
2026-09-30T17:00:07.7616944Z  create mode 100644 ResearchHistory/UQCF-GEM/demos/v16.37-certified-closure/evidence/reproduction/METADATA.json
2026-09-30T17:00:07.7617746Z  create mode 100644 ResearchHistory/UQCF-GEM/demos/v16.37-certified-closure/evidence/reproduction/SOURCE.tar.gz
2026-09-30T17:00:07.7618574Z  create mode 100644 ResearchHistory/UQCF-GEM/demos/v16.37-certified-closure/evidence/reproduction/SOURCE_MANIFEST.json
2026-09-30T17:00:07.7619402Z  create mode 100644 ResearchHistory/UQCF-GEM/demos/v16.37-certified-closure/evidence/reproduction/logs/inherited.log
2026-09-30T17:00:07.7620183Z  create mode 100644 ResearchHistory/UQCF-GEM/demos/v16.37-certified-closure/evidence/reproduction/logs/science.log
2026-09-30T17:00:07.7620932Z  create mode 100644 ResearchHistory/UQCF-GEM/demos/v16.37-certified-closure/evidence/reproduction/logs/tests.log
2026-09-30T17:00:07.7621753Z  create mode 100644 ResearchHistory/UQCF-GEM/demos/v16.37-certified-closure/evidence/reproduction/scientific/CERTIFICATE.json.gz
2026-09-30T17:00:07.7622613Z  create mode 100644 ResearchHistory/UQCF-GEM/demos/v16.37-certified-closure/evidence/reproduction/scientific/SUMMARY.json
2026-09-30T17:00:07.7623584Z  create mode 100644 ResearchHistory/UQCF-GEM/demos/v16.37-certified-closure/evidence/reproduction/scientific/VERIFY.json
2026-09-30T17:00:07.7624352Z  create mode 100644 ResearchHistory/UQCF-GEM/demos/v16.37-certified-closure/evidence/science-artifact.zip
2026-09-30T17:00:07.7625072Z  create mode 100644 ResearchHistory/UQCF-GEM/demos/v16.37-certified-closure/evidence/science/MANIFEST.json
2026-09-30T17:00:07.7625774Z  create mode 100644 ResearchHistory/UQCF-GEM/demos/v16.37-certified-closure/evidence/science/METADATA.json
2026-09-30T17:00:07.7626475Z  create mode 100644 ResearchHistory/UQCF-GEM/demos/v16.37-certified-closure/evidence/science/SOURCE.tar.gz
2026-09-30T17:00:07.7627211Z  create mode 100644 ResearchHistory/UQCF-GEM/demos/v16.37-certified-closure/evidence/science/SOURCE_MANIFEST.json
2026-09-30T17:00:07.7628014Z  create mode 100644 ResearchHistory/UQCF-GEM/demos/v16.37-certified-closure/evidence/science/logs/historical-red.log
2026-09-30T17:00:07.7628785Z  create mode 100644 ResearchHistory/UQCF-GEM/demos/v16.37-certified-closure/evidence/science/logs/inherited.log
2026-09-30T17:00:07.7629518Z  create mode 100644 ResearchHistory/UQCF-GEM/demos/v16.37-certified-closure/evidence/science/logs/science.log
2026-09-30T17:00:07.7630237Z  create mode 100644 ResearchHistory/UQCF-GEM/demos/v16.37-certified-closure/evidence/science/logs/tests.log
2026-09-30T17:00:07.7631018Z  create mode 100644 ResearchHistory/UQCF-GEM/demos/v16.37-certified-closure/evidence/science/scientific/CERTIFICATE.json.gz
2026-09-30T17:00:07.7631831Z  create mode 100644 ResearchHistory/UQCF-GEM/demos/v16.37-certified-closure/evidence/science/scientific/SUMMARY.json
2026-09-30T17:00:07.7632605Z  create mode 100644 ResearchHistory/UQCF-GEM/demos/v16.37-certified-closure/evidence/science/scientific/VERIFY.json
2026-09-30T17:00:10.0315042Z To https://github.com/proteinfoldingengine/WetLabEngine
2026-09-30T17:00:10.0315699Z    2579587..b32fde4  HEAD -> research/v16.37-certified-closure
2026-09-30T17:00:10.6971658Z {"publication_manifest": "VERIFIED", "members": 49}
2026-09-30T17:00:10.7090889Z b32fde452fca1877c531616198e8e6b517567a4d
2026-09-30T17:00:10.7180286Z ##[group]Run actions/upload-artifact@ea165f8d65b6e75b540449e92b4886f43607fa02
2026-09-30T17:00:10.7180720Z with:
2026-09-30T17:00:10.7181035Z   name: v1637-publication-257958783fec742f1d6b9e7b9bca25548c3b2e01
2026-09-30T17:00:10.7181860Z   path: out/reproduction
ResearchHistory/UQCF-GEM/demos/v16.37-certified-closure/MANIFEST.json
ResearchHistory/UQCF-GEM/demos/v16.37-certified-closure/REPORT.md

2026-09-30T17:00:10.7182569Z   if-no-files-found: error
2026-09-30T17:00:10.7182808Z   compression-level: 6
2026-09-30T17:00:10.7183299Z   overwrite: false
2026-09-30T17:00:10.7183544Z   include-hidden-files: false
2026-09-30T17:00:10.7183781Z env:
2026-09-30T17:00:10.7184030Z   pythonLocation: /opt/hostedtoolcache/Python/3.11.16/x64
2026-09-30T17:00:10.7184467Z   PKG_CONFIG_PATH: /opt/hostedtoolcache/Python/3.11.16/x64/lib/pkgconfig
2026-09-30T17:00:10.7184922Z   Python_ROOT_DIR: /opt/hostedtoolcache/Python/3.11.16/x64
2026-09-30T17:00:10.7185332Z   Python2_ROOT_DIR: /opt/hostedtoolcache/Python/3.11.16/x64
2026-09-30T17:00:10.7185719Z   Python3_ROOT_DIR: /opt/hostedtoolcache/Python/3.11.16/x64
2026-09-30T17:00:10.7186097Z   LD_LIBRARY_PATH: /opt/hostedtoolcache/Python/3.11.16/x64/lib
2026-09-30T17:00:10.7186417Z ##[endgroup]
2026-09-30T17:00:10.8871874Z (node:2432) [DEP0040] DeprecationWarning: The `punycode` module is deprecated. Please use a userland alternative instead.
2026-09-30T17:00:10.8872796Z (Use `node --trace-deprecation ...` to show where the warning was created)
2026-09-30T17:00:10.8996472Z Multiple search paths detected. Calculating the least common ancestor of all paths
2026-09-30T17:00:10.8998869Z The least common ancestor is /home/runner/work/WetLabEngine/WetLabEngine. This will be the root directory of the artifact
2026-09-30T17:00:10.8999955Z With the provided path, there will be 12 files uploaded
2026-09-30T17:00:10.9000880Z Artifact name is valid!
2026-09-30T17:00:10.9001310Z Root directory input is valid!
2026-09-30T17:00:11.1772193Z Beginning upload of artifact content to blob storage
2026-09-30T17:00:11.3156080Z (node:2432) [DEP0169] DeprecationWarning: `url.parse()` behavior is not standardized and prone to errors that have security implications. Use the WHATWG URL API instead. CVEs are not issued for `url.parse()` vulnerabilities.
2026-09-30T17:00:11.7838634Z Uploaded bytes 2756920
2026-09-30T17:00:11.8328380Z Finished uploading artifact content to blob storage!
2026-09-30T17:00:11.8329336Z SHA256 digest of uploaded artifact zip is 40e8af230b5cce1a75df82ce01f63b47a4f5a6e37b7206462faf8b4648c5ca90
2026-09-30T17:00:11.8331258Z Finalizing artifact upload
2026-09-30T17:00:12.0569007Z Artifact v1637-publication-257958783fec742f1d6b9e7b9bca25548c3b2e01.zip successfully finalized. Artifact ID 11112938156
2026-09-30T17:00:12.0570889Z Artifact v1637-publication-257958783fec742f1d6b9e7b9bca25548c3b2e01 has been successfully uploaded! Final size is 2756920 bytes. Artifact ID is 11112938156
2026-09-30T17:00:12.0576563Z Artifact download URL: https://github.com/proteinfoldingengine/WetLabEngine/actions/runs/36747297164/artifacts/11112938156
2026-09-30T17:00:12.0756531Z Post job cleanup.
2026-09-30T17:00:12.2067811Z (node:2444) [DEP0040] DeprecationWarning: The `punycode` module is deprecated. Please use a userland alternative instead.
2026-09-30T17:00:12.2068717Z (Use `node --trace-deprecation ...` to show where the warning was created)
2026-09-30T17:00:12.2276423Z Post job cleanup.
2026-09-30T17:00:12.3272280Z [command]/usr/bin/git version
2026-09-30T17:00:12.3324286Z git version 2.55.0
2026-09-30T17:00:12.3374062Z Temporarily overriding HOME='/home/runner/work/_temp/415829a1-2424-42af-859e-84890d415fd6' before making global git config changes
2026-09-30T17:00:12.3375903Z Adding repository directory to the temporary git global config as a safe directory
2026-09-30T17:00:12.3383457Z [command]/usr/bin/git config --global --add safe.directory /home/runner/work/WetLabEngine/WetLabEngine
2026-09-30T17:00:12.3434447Z [command]/usr/bin/git config --local --name-only --get-regexp core\.sshCommand
2026-09-30T17:00:12.3482273Z [command]/usr/bin/git submodule foreach --recursive sh -c "git config --local --name-only --get-regexp 'core\.sshCommand' && git config --local --unset-all 'core.sshCommand' || :"
2026-09-30T17:00:12.3767762Z [command]/usr/bin/git config --local --name-only --get-regexp http\.https\:\/\/github\.com\/\.extraheader
2026-09-30T17:00:12.3807039Z http.https://github.com/.extraheader
2026-09-30T17:00:12.3829432Z [command]/usr/bin/git config --local --unset-all http.https://github.com/.extraheader
2026-09-30T17:00:12.3864325Z [command]/usr/bin/git submodule foreach --recursive sh -c "git config --local --name-only --get-regexp 'http\.https\:\/\/github\.com\/\.extraheader' && git config --local --unset-all 'http.https://github.com/.extraheader' || :"
2026-09-30T17:00:12.4164182Z [command]/usr/bin/git config --local --name-only --get-regexp ^includeIf\.gitdir:
2026-09-30T17:00:12.4209001Z [command]/usr/bin/git submodule foreach --recursive git config --local --show-origin --name-only --get-regexp remote.origin.url
2026-09-30T17:00:12.4628627Z Cleaning up orphan processes
2026-09-30T17:00:12.5061360Z ##[warning]Node.js 20 is deprecated. The following actions target Node.js 20 but are being forced to run on Node.js 24: actions/checkout@11d5960a326750d5838078e36cf38b85af677262, actions/setup-python@a26af69be951a213d495a4c3e4e4022e16d87065, actions/upload-artifact@ea165f8d65b6e75b540449e92b4886f43607fa02. For more information see: https://github.blog/changelog/2025-09-19-deprecation-of-node-20-on-github-actions-runners/
